============================================================
[Unified Paper Trading] SP500 + NASDAQ/NYSE 통합 실행 시작
============================================================
2026-09-03 07:56:29,378 [INFO] paper_trading.runner — [Runner] SP500 snapshot 로드: 128개 종목
[Unified PT] SP500 snapshot 로드: 128개 종목
2026-09-03 07:56:29,388 [INFO] paper_trading.runner — [Runner] NASDAQ snapshot 로드: 219개 종목
[Unified PT] NASDAQ snapshot 로드: 219개 종목
[Unified PT] 합산 완료: 339개 종목 (SP500 128 + NASDAQ 219개, 중복 제거 후)
[Unified PT] 골든크로스임박 종목: 38개
2026-09-03 07:56:30,059 [INFO] paper_trading.candidate_selector — [전략점수 분포] ~4.0: 118 | 4.0~5.0: 29 | 5.0~5.5: 24 | 5.5~6.0: 23 | 6.0+: 145
2026-09-03 07:56:30,071 [INFO] paper_trading.candidate_selector — [CandidateSelector] Regime=bull | Filtered=5/339 | Selected: CVI (CCS=0.5201)
2026-09-03 07:56:30,081 [INFO] paper_trading.engine — [PaperTrading] 교체 기준 미달 — 매수 안 함
[Unified PT] 매도=0 매수=0 보유=3종목
[Unified PT] 레짐=bull | 필터={'전략점수<6.0': 194, '바닥반등_52주과열': 3, '판단등급_미달': 128, '과열_차단': 7, '유동성_부족': 0, '어닝_임박': 0, '보유_중복': 1, '모멘텀_ADX부족': 1, '바닥_RSI데드존': 0, '섹터_집중': 0, '_통과': 5, '_전체': 339}
[Unified PT] 스킵 사유: 교체_미달
[Unified PT] Top5 후보:
  CVI    CCS=0.5201 전략=📈 모멘텀 섹터=Energy
  ARRY   CCS=0.4631 전략=📉 바닥반등 섹터=Unknown
  GOOGL  CCS=0.4439 전략=📉 바닥반등 섹터=Communication Services
  GOOG   CCS=0.4336 전략=📉 바닥반등 섹터=Communication Services
2026-09-03 07:56:31,786 [INFO] paper_trading.sheet_sync — [SheetSync] 포지션현황 업데이트: 3개 종목
2026-09-03 07:56:33,515 [INFO] paper_trading.sheet_sync — [SheetSync] 성과요약 업데이트: 43건 거래
[Unified PT] 구글 시트 동기화 완료
[시장분석] 44개 종목 데이터 수집 중...
2026-09-03 07:56:39,861 [WARNING] data.fetch — [fetch_analyst_data] GOOGL: 'dict' object has no attribute 'empty'
2026-09-03 07:56:39,881 [WARNING] data.fetch — [fetch_analyst_data] GOOG: 'dict' object has no attribute 'empty'
2026-09-03 07:56:39,898 [WARNING] data.fetch — [fetch_analyst_data] META: 'dict' object has no attribute 'empty'
2026-09-03 07:56:39,923 [WARNING] data.fetch — [fetch_analyst_data] ARRY: 'dict' object has no attribute 'empty'
2026-09-03 07:56:39,993 [WARNING] data.fetch — [fetch_analyst_data] CVI: 'dict' object has no attribute 'empty'
2026-09-03 07:56:46,126 [WARNING] data.fetch — [fetch_analyst_data] UBER: 'dict' object has no attribute 'empty'
2026-09-03 07:56:46,164 [WARNING] data.fetch — [fetch_analyst_data] SPGI: 'dict' object has no attribute 'empty'
2026-09-03 07:56:46,169 [WARNING] data.fetch — [fetch_analyst_data] DIS: 'dict' object has no attribute 'empty'
2026-09-03 07:56:46,183 [WARNING] data.fetch — [fetch_analyst_data] MELI: 'dict' object has no attribute 'empty'
2026-09-03 07:56:46,260 [WARNING] data.fetch — [fetch_analyst_data] ABT: 'dict' object has no attribute 'empty'
2026-09-03 07:56:52,361 [WARNING] data.fetch — [fetch_analyst_data] ADBE: 'dict' object has no attribute 'empty'
2026-09-03 07:56:52,438 [WARNING] data.fetch — [fetch_analyst_data] FIG: 'dict' object has no attribute 'empty'
2026-09-03 07:56:52,446 [WARNING] data.fetch — [fetch_analyst_data] SYK: 'dict' object has no attribute 'empty'
2026-09-03 07:56:52,449 [WARNING] data.fetch — [fetch_analyst_data] TMUS: 'dict' object has no attribute 'empty'
2026-09-03 07:56:52,496 [WARNING] data.fetch — [fetch_analyst_data] TMC: 'dict' object has no attribute 'empty'
2026-09-03 07:56:58,670 [WARNING] data.fetch — [fetch_analyst_data] FMC: 'dict' object has no attribute 'empty'
2026-09-03 07:56:58,678 [WARNING] data.fetch — [fetch_analyst_data] NTLA: 'dict' object has no attribute 'empty'
2026-09-03 07:56:58,714 [WARNING] data.fetch — [fetch_analyst_data] LIN: 'dict' object has no attribute 'empty'
2026-09-03 07:56:58,725 [WARNING] data.fetch — [fetch_analyst_data] FLUT: 'dict' object has no attribute 'empty'
2026-09-03 07:56:58,727 [WARNING] data.fetch — [fetch_analyst_data] SMR: 'dict' object has no attribute 'empty'
2026-09-03 07:57:04,899 [WARNING] data.fetch — [fetch_analyst_data] TSLA: 'dict' object has no attribute 'empty'
2026-09-03 07:57:04,915 [WARNING] data.fetch — [fetch_analyst_data] MSTR: 'dict' object has no attribute 'empty'
2026-09-03 07:57:04,957 [WARNING] data.fetch — [fetch_analyst_data] BLSH: 'dict' object has no attribute 'empty'
2026-09-03 07:57:04,983 [WARNING] data.fetch — [fetch_analyst_data] QCOM: 'dict' object has no attribute 'empty'
2026-09-03 07:57:04,984 [WARNING] data.fetch — [fetch_analyst_data] PODD: 'dict' object has no attribute 'empty'
2026-09-03 07:57:11,142 [WARNING] data.fetch — [fetch_analyst_data] LIF: 'dict' object has no attribute 'empty'
2026-09-03 07:57:11,196 [WARNING] data.fetch — [fetch_analyst_data] PG: 'dict' object has no attribute 'empty'
2026-09-03 07:57:11,215 [WARNING] data.fetch — [fetch_analyst_data] WIX: 'dict' object has no attribute 'empty'
2026-09-03 07:57:11,287 [WARNING] data.fetch — [fetch_analyst_data] MDT: 'dict' object has no attribute 'empty'
2026-09-03 07:57:11,308 [WARNING] data.fetch — [fetch_analyst_data] AXP: 'dict' object has no attribute 'empty'
2026-09-03 07:57:17,401 [WARNING] data.fetch — [fetch_analyst_data] CRM: 'dict' object has no attribute 'empty'
2026-09-03 07:57:17,457 [WARNING] data.fetch — [fetch_analyst_data] SMCI: 'dict' object has no attribute 'empty'
2026-09-03 07:57:17,476 [WARNING] data.fetch — [fetch_analyst_data] NOW: 'dict' object has no attribute 'empty'
2026-09-03 07:57:17,537 [WARNING] data.fetch — [fetch_analyst_data] HUBS: 'dict' object has no attribute 'empty'
2026-09-03 07:57:17,559 [WARNING] data.fetch — [fetch_analyst_data] INSP: 'dict' object has no attribute 'empty'
2026-09-03 07:57:23,640 [WARNING] data.fetch — [fetch_analyst_data] MNDY: 'dict' object has no attribute 'empty'
2026-09-03 07:57:23,733 [WARNING] data.fetch — [fetch_analyst_data] BMNR: 'dict' object has no attribute 'empty'
2026-09-03 07:57:23,789 [WARNING] data.fetch — [fetch_analyst_data] RZLV: 'dict' object has no attribute 'empty'
2026-09-03 07:57:23,805 [WARNING] data.fetch — [fetch_analyst_data] ASST: 'dict' object has no attribute 'empty'
2026-09-03 07:57:23,859 [WARNING] data.fetch — [fetch_analyst_data] PEP: 'dict' object has no attribute 'empty'
2026-09-03 07:57:29,909 [WARNING] data.fetch — [fetch_analyst_data] T: 'dict' object has no attribute 'empty'
2026-09-03 07:57:29,977 [WARNING] data.fetch — [fetch_analyst_data] DUOL: 'dict' object has no attribute 'empty'
2026-09-03 07:57:30,052 [WARNING] data.fetch — [fetch_analyst_data] MPC: 'dict' object has no attribute 'empty'
2026-09-03 07:57:30,122 [WARNING] data.fetch — [fetch_analyst_data] BAC: 'dict' object has no attribute 'empty'
[시장분석] enrichment 완료
[Email] 페이퍼 트레이딩 알림 발송 완료 (매도 0건, 매수 0건, 재평가 0건, 재평가실패 0건, 후보 4건) → chunghwan14@gmail.com, roykim0311@gmail.com, ssamjungtan@naver.com
============================================================
[Unified Paper Trading] 완료
============================================================
