============================================================
[Unified Paper Trading] SP500 + NASDAQ/NYSE 통합 실행 시작
============================================================
2026-08-22 05:09:26,875 [INFO] paper_trading.runner — [Runner] SP500 snapshot 로드: 129개 종목
[Unified PT] SP500 snapshot 로드: 129개 종목
2026-08-22 05:09:26,882 [INFO] paper_trading.runner — [Runner] NASDAQ snapshot 로드: 226개 종목
[Unified PT] NASDAQ snapshot 로드: 226개 종목
[Unified PT] 합산 완료: 344개 종목 (SP500 129 + NASDAQ 226개, 중복 제거 후)
[Unified PT] 골든크로스임박 종목: 52개
2026-08-22 05:09:28,023 [INFO] paper_trading.candidate_selector — [전략점수 분포] ~4.0: 111 | 4.0~5.0: 27 | 5.0~5.5: 20 | 5.5~6.0: 13 | 6.0+: 173
2026-08-22 05:09:28,032 [INFO] paper_trading.candidate_selector — [CandidateSelector] Regime=bull | Filtered=5/344 | Selected: VPG (CCS=0.5195)
2026-08-22 05:09:28,040 [INFO] paper_trading.engine — [PaperTrading] 교체 기준 미달 — 매수 안 함
[Unified PT] 매도=0 매수=0 보유=3종목
[Unified PT] 레짐=bull | 필터={'전략점수<6.0': 171, '바닥반등_52주과열': 1, '판단등급_미달': 161, '과열_차단': 5, '유동성_부족': 0, '어닝_임박': 0, '보유_중복': 0, '모멘텀_ADX부족': 1, '바닥_RSI데드존': 0, '섹터_집중': 0, '_통과': 5, '_전체': 344}
[Unified PT] 스킵 사유: 교체_미달
[Unified PT] Top5 후보:
  VPG    CCS=0.5195 전략=📉 바닥반등 섹터=Technology
  PG     CCS=0.4915 전략=📉 바닥반등 섹터=Consumer Defensive
  ENVX   CCS=0.4598 전략=📉 바닥반등 섹터=Industrials
  YSS    CCS=0.4337 전략=📉 바닥반등 섹터=Industrials
2026-08-22 05:09:29,398 [INFO] paper_trading.sheet_sync — [SheetSync] 포지션현황 업데이트: 3개 종목
2026-08-22 05:09:30,480 [INFO] paper_trading.sheet_sync — [SheetSync] 성과요약 업데이트: 39건 거래
[Unified PT] 구글 시트 동기화 완료
[시장분석] 58개 종목 데이터 수집 중...
2026-08-22 05:09:37,414 [WARNING] data.fetch — [fetch_analyst_data] VPG: 'dict' object has no attribute 'empty'
2026-08-22 05:09:37,444 [WARNING] data.fetch — [fetch_analyst_data] LRN: 'dict' object has no attribute 'empty'
2026-08-22 05:09:37,459 [WARNING] data.fetch — [fetch_analyst_data] ENVX: 'dict' object has no attribute 'empty'
2026-08-22 05:09:37,493 [WARNING] data.fetch — [fetch_analyst_data] YSS: 'dict' object has no attribute 'empty'
2026-08-22 05:09:37,494 [WARNING] data.fetch — [fetch_analyst_data] PG: 'dict' object has no attribute 'empty'
2026-08-22 05:09:44,015 [WARNING] data.fetch — [fetch_analyst_data] DUOL: 'dict' object has no attribute 'empty'
2026-08-22 05:09:44,030 [WARNING] data.fetch — [fetch_analyst_data] LIF: 'dict' object has no attribute 'empty'
2026-08-22 05:09:44,096 [WARNING] data.fetch — [fetch_analyst_data] WDAY: 'dict' object has no attribute 'empty'
2026-08-22 05:09:44,109 [WARNING] data.fetch — [fetch_analyst_data] DHR: 'dict' object has no attribute 'empty'
2026-08-22 05:09:44,160 [WARNING] data.fetch — [fetch_analyst_data] HD: 'dict' object has no attribute 'empty'
2026-08-22 05:09:50,651 [WARNING] data.fetch — [fetch_analyst_data] MELI: 'dict' object has no attribute 'empty'
2026-08-22 05:09:50,710 [WARNING] data.fetch — [fetch_analyst_data] UBER: 'dict' object has no attribute 'empty'
2026-08-22 05:09:50,724 [WARNING] data.fetch — [fetch_analyst_data] SYK: 'dict' object has no attribute 'empty'
2026-08-22 05:09:50,767 [WARNING] data.fetch — [fetch_analyst_data] SOUN: 'dict' object has no attribute 'empty'
2026-08-22 05:09:50,775 [WARNING] data.fetch — [fetch_analyst_data] ABT: 'dict' object has no attribute 'empty'
2026-08-22 05:09:57,240 [WARNING] data.fetch — [fetch_analyst_data] DXYZ: 'dict' object has no attribute 'empty'
2026-08-22 05:09:57,312 [WARNING] data.fetch — [fetch_analyst_data] ZG: 'dict' object has no attribute 'empty'
2026-08-22 05:09:57,341 [WARNING] data.fetch — [fetch_analyst_data] CSGP: 'dict' object has no attribute 'empty'
2026-08-22 05:09:57,388 [WARNING] data.fetch — [fetch_analyst_data] NFLX: 'dict' object has no attribute 'empty'
2026-08-22 05:09:57,426 [WARNING] data.fetch — [fetch_analyst_data] PEP: 'dict' object has no attribute 'empty'
2026-08-22 05:10:03,835 [WARNING] data.fetch — [fetch_analyst_data] BSX: 'dict' object has no attribute 'empty'
2026-08-22 05:10:03,893 [WARNING] data.fetch — [fetch_analyst_data] HYMC: 'dict' object has no attribute 'empty'
2026-08-22 05:10:03,947 [WARNING] data.fetch — [fetch_analyst_data] TMUS: 'dict' object has no attribute 'empty'
2026-08-22 05:10:03,968 [WARNING] data.fetch — [fetch_analyst_data] RDW: 'dict' object has no attribute 'empty'
2026-08-22 05:10:04,106 [WARNING] data.fetch — [fetch_analyst_data] MCD: 'dict' object has no attribute 'empty'
2026-08-22 05:10:10,494 [WARNING] data.fetch — [fetch_analyst_data] MRVL: 'dict' object has no attribute 'empty'
2026-08-22 05:10:10,499 [WARNING] data.fetch — [fetch_analyst_data] UPST: 'dict' object has no attribute 'empty'
2026-08-22 05:10:10,574 [WARNING] data.fetch — [fetch_analyst_data] RGTI: 'dict' object has no attribute 'empty'
2026-08-22 05:10:10,575 [WARNING] data.fetch — [fetch_analyst_data] ASST: 'dict' object has no attribute 'empty'
2026-08-22 05:10:10,698 [WARNING] data.fetch — [fetch_analyst_data] COIN: 'dict' object has no attribute 'empty'
2026-08-22 05:10:17,107 [WARNING] data.fetch — [fetch_analyst_data] QUBT: 'dict' object has no attribute 'empty'
2026-08-22 05:10:17,176 [WARNING] data.fetch — [fetch_analyst_data] CPNG: 'dict' object has no attribute 'empty'
2026-08-22 05:10:17,254 [WARNING] data.fetch — [fetch_analyst_data] QBTS: 'dict' object has no attribute 'empty'
2026-08-22 05:10:17,262 [WARNING] data.fetch — [fetch_analyst_data] ALOY: 'dict' object has no attribute 'empty'
2026-08-22 05:10:17,344 [WARNING] data.fetch — [fetch_analyst_data] IBM: 'dict' object has no attribute 'empty'
2026-08-22 05:10:23,711 [WARNING] data.fetch — [fetch_analyst_data] BLSH: 'dict' object has no attribute 'empty'
2026-08-22 05:10:23,801 [WARNING] data.fetch — [fetch_analyst_data] PURR: 'dict' object has no attribute 'empty'
2026-08-22 05:10:23,845 [WARNING] data.fetch — [fetch_analyst_data] SYM: 'dict' object has no attribute 'empty'
2026-08-22 05:10:23,884 [WARNING] data.fetch — [fetch_analyst_data] ORCL: 'dict' object has no attribute 'empty'
2026-08-22 05:10:23,947 [WARNING] data.fetch — [fetch_analyst_data] SMR: 'dict' object has no attribute 'empty'
2026-08-22 05:10:30,318 [WARNING] data.fetch — [fetch_analyst_data] USAR: 'dict' object has no attribute 'empty'
2026-08-22 05:10:30,417 [WARNING] data.fetch — [fetch_analyst_data] LI: 'dict' object has no attribute 'empty'
2026-08-22 05:10:30,493 [WARNING] data.fetch — [fetch_analyst_data] AZN: 'dict' object has no attribute 'empty'
2026-08-22 05:10:30,508 [WARNING] data.fetch — [fetch_analyst_data] NTLA: 'dict' object has no attribute 'empty'
2026-08-22 05:10:30,545 [WARNING] data.fetch — [fetch_analyst_data] TSLA: 'dict' object has no attribute 'empty'
2026-08-22 05:10:36,952 [WARNING] data.fetch — [fetch_analyst_data] FMC: 'dict' object has no attribute 'empty'
2026-08-22 05:10:37,006 [WARNING] data.fetch — [fetch_analyst_data] SMCI: 'dict' object has no attribute 'empty'
2026-08-22 05:10:37,127 [WARNING] data.fetch — [fetch_analyst_data] MSFT: 'dict' object has no attribute 'empty'
2026-08-22 05:10:37,201 [WARNING] data.fetch — [fetch_analyst_data] SPGI: 'dict' object has no attribute 'empty'
2026-08-22 05:10:37,208 [WARNING] data.fetch — [fetch_analyst_data] DIS: 'dict' object has no attribute 'empty'
2026-08-22 05:10:43,570 [WARNING] data.fetch — [fetch_analyst_data] BKNG: 'dict' object has no attribute 'empty'
2026-08-22 05:10:43,605 [WARNING] data.fetch — [fetch_analyst_data] TEAM: 'dict' object has no attribute 'empty'
2026-08-22 05:10:43,726 [WARNING] data.fetch — [fetch_analyst_data] BTDR: 'dict' object has no attribute 'empty'
2026-08-22 05:10:43,796 [WARNING] data.fetch — [fetch_analyst_data] CLRO: 'dict' object has no attribute 'empty'
2026-08-22 05:10:43,814 [WARNING] data.fetch — [fetch_analyst_data] DASH: 'dict' object has no attribute 'empty'
2026-08-22 05:10:50,167 [WARNING] data.fetch — [fetch_analyst_data] ARWR: 'dict' object has no attribute 'empty'
2026-08-22 05:10:50,252 [WARNING] data.fetch — [fetch_analyst_data] CVS: 'dict' object has no attribute 'empty'
2026-08-22 05:10:50,354 [WARNING] data.fetch — [fetch_analyst_data] WYFI: 'dict' object has no attribute 'empty'
[시장분석] enrichment 완료
[Email] 페이퍼 트레이딩 알림 발송 완료 (매도 0건, 매수 0건, 재평가 0건, 재평가실패 0건, 후보 4건) → chunghwan14@gmail.com, roykim0311@gmail.com, ssamjungtan@naver.com
============================================================
[Unified Paper Trading] 완료
============================================================
