============================================================
[Unified Paper Trading] SP500 + NASDAQ/NYSE 통합 실행 시작
============================================================
2026-10-05 07:27:05,469 [INFO] paper_trading.runner — [Runner] SP500 snapshot 로드: 128개 종목
[Unified PT] SP500 snapshot 로드: 128개 종목
2026-10-05 07:27:05,477 [INFO] paper_trading.runner — [Runner] NASDAQ snapshot 로드: 230개 종목
[Unified PT] NASDAQ snapshot 로드: 230개 종목
[Unified PT] 합산 완료: 346개 종목 (SP500 128 + NASDAQ 230개, 중복 제거 후)
[Unified PT] 건너뜀: 이미 처리한 일봉 (2026-10-02, 마지막 처리 2026-10-02) — 매매 없이 일일 리포트만 발송
[Unified PT] 거래일(일봉 날짜): 2026-10-02
[Unified PT] 골든크로스임박 종목: 50개
[Unified PT] 매도=0 매수=0 보유=3종목
[시장분석] 51개 종목 데이터 수집 중...
2026-10-05 07:27:08,110 [ERROR] yfinance — SNPS: Failed to retrieve the news and received faulty response instead.
2026-10-05 07:27:08,233 [ERROR] yfinance — SNPS: Failed to retrieve the news and received faulty response instead.
2026-10-05 07:27:08,385 [ERROR] yfinance — FIG: Failed to retrieve the news and received faulty response instead.
2026-10-05 07:27:08,509 [ERROR] yfinance — FIG: Failed to retrieve the news and received faulty response instead.
2026-10-05 07:27:08,660 [ERROR] yfinance — T: Failed to retrieve the news and received faulty response instead.
2026-10-05 07:27:08,823 [ERROR] yfinance — T: Failed to retrieve the news and received faulty response instead.
2026-10-05 07:27:08,992 [ERROR] yfinance — ACN: Failed to retrieve the news and received faulty response instead.
2026-10-05 07:27:09,147 [ERROR] yfinance — ACN: Failed to retrieve the news and received faulty response instead.
2026-10-05 07:27:09,269 [ERROR] yfinance — ADBE: Failed to retrieve the news and received faulty response instead.
2026-10-05 07:27:09,404 [ERROR] yfinance — ADBE: Failed to retrieve the news and received faulty response instead.
2026-10-05 07:27:09,523 [ERROR] yfinance — DIS: Failed to retrieve the news and received faulty response instead.
2026-10-05 07:27:09,678 [ERROR] yfinance — DIS: Failed to retrieve the news and received faulty response instead.
2026-10-05 07:27:09,838 [ERROR] yfinance — MDT: Failed to retrieve the news and received faulty response instead.
2026-10-05 07:27:09,998 [ERROR] yfinance — MDT: Failed to retrieve the news and received faulty response instead.
2026-10-05 07:27:10,121 [ERROR] yfinance — ABT: Failed to retrieve the news and received faulty response instead.
2026-10-05 07:27:10,282 [ERROR] yfinance — ABT: Failed to retrieve the news and received faulty response instead.
2026-10-05 07:27:10,406 [ERROR] yfinance — MNDY: Failed to retrieve the news and received faulty response instead.
2026-10-05 07:27:10,531 [ERROR] yfinance — MNDY: Failed to retrieve the news and received faulty response instead.
2026-10-05 07:27:10,656 [ERROR] yfinance — COIN: Failed to retrieve the news and received faulty response instead.
2026-10-05 07:27:10,826 [ERROR] yfinance — COIN: Failed to retrieve the news and received faulty response instead.
2026-10-05 07:27:10,947 [ERROR] yfinance — MPWR: Failed to retrieve the news and received faulty response instead.
2026-10-05 07:27:11,103 [ERROR] yfinance — MPWR: Failed to retrieve the news and received faulty response instead.
2026-10-05 07:27:11,256 [ERROR] yfinance — TXN: Failed to retrieve the news and received faulty response instead.
2026-10-05 07:27:11,412 [ERROR] yfinance — TXN: Failed to retrieve the news and received faulty response instead.
2026-10-05 07:27:11,598 [ERROR] yfinance — GOOGL: Failed to retrieve the news and received faulty response instead.
2026-10-05 07:27:11,773 [ERROR] yfinance — GOOGL: Failed to retrieve the news and received faulty response instead.
2026-10-05 07:27:11,929 [ERROR] yfinance — LRCX: Failed to retrieve the news and received faulty response instead.
2026-10-05 07:27:12,064 [ERROR] yfinance — LRCX: Failed to retrieve the news and received faulty response instead.
2026-10-05 07:27:12,190 [ERROR] yfinance — GOOG: Failed to retrieve the news and received faulty response instead.
2026-10-05 07:27:12,344 [ERROR] yfinance — GOOG: Failed to retrieve the news and received faulty response instead.
2026-10-05 07:27:12,499 [ERROR] yfinance — AMAT: Failed to retrieve the news and received faulty response instead.
2026-10-05 07:27:12,651 [ERROR] yfinance — AMAT: Failed to retrieve the news and received faulty response instead.
2026-10-05 07:27:12,807 [ERROR] yfinance — KLAC: Failed to retrieve the news and received faulty response instead.
2026-10-05 07:27:12,963 [ERROR] yfinance — KLAC: Failed to retrieve the news and received faulty response instead.
2026-10-05 07:27:13,123 [ERROR] yfinance — ASML: Failed to retrieve the news and received faulty response instead.
2026-10-05 07:27:13,273 [ERROR] yfinance — ASML: Failed to retrieve the news and received faulty response instead.
2026-10-05 07:27:13,433 [ERROR] yfinance — CDNS: Failed to retrieve the news and received faulty response instead.
2026-10-05 07:27:13,599 [ERROR] yfinance — CDNS: Failed to retrieve the news and received faulty response instead.
2026-10-05 07:27:13,755 [ERROR] yfinance — GEV: Failed to retrieve the news and received faulty response instead.
2026-10-05 07:27:13,882 [ERROR] yfinance — GEV: Failed to retrieve the news and received faulty response instead.
2026-10-05 07:27:14,038 [ERROR] yfinance — GLW: Failed to retrieve the news and received faulty response instead.
2026-10-05 07:27:14,194 [ERROR] yfinance — GLW: Failed to retrieve the news and received faulty response instead.
2026-10-05 07:27:14,346 [ERROR] yfinance — COST: Failed to retrieve the news and received faulty response instead.
2026-10-05 07:27:14,503 [ERROR] yfinance — COST: Failed to retrieve the news and received faulty response instead.
2026-10-05 07:27:14,657 [ERROR] yfinance — ADI: Failed to retrieve the news and received faulty response instead.
2026-10-05 07:27:14,813 [ERROR] yfinance — ADI: Failed to retrieve the news and received faulty response instead.
2026-10-05 07:27:14,967 [ERROR] yfinance — CAT: Failed to retrieve the news and received faulty response instead.
2026-10-05 07:27:25,126 [ERROR] yfinance — CAT: Failed to retrieve the news and received faulty response instead.
2026-10-05 07:27:25,283 [ERROR] yfinance — CAT: Failed to retrieve the news and received faulty response instead.
2026-10-05 07:27:25,436 [ERROR] yfinance — LIN: Failed to retrieve the news and received faulty response instead.
2026-10-05 07:27:25,560 [ERROR] yfinance — LIN: Failed to retrieve the news and received faulty response instead.
2026-10-05 07:27:25,721 [ERROR] yfinance — NXPI: Failed to retrieve the news and received faulty response instead.
2026-10-05 07:27:25,874 [ERROR] yfinance — NXPI: Failed to retrieve the news and received faulty response instead.
2026-10-05 07:27:26,066 [ERROR] yfinance — NTLA: Failed to retrieve the news and received faulty response instead.
2026-10-05 07:27:26,229 [ERROR] yfinance — NTLA: Failed to retrieve the news and received faulty response instead.
2026-10-05 07:27:26,377 [ERROR] yfinance — AVGO: Failed to retrieve the news and received faulty response instead.
2026-10-05 07:27:26,528 [ERROR] yfinance — AVGO: Failed to retrieve the news and received faulty response instead.
2026-10-05 07:27:26,688 [ERROR] yfinance — FLY: Failed to retrieve the news and received faulty response instead.
2026-10-05 07:27:26,849 [ERROR] yfinance — FLY: Failed to retrieve the news and received faulty response instead.
2026-10-05 07:27:26,971 [ERROR] yfinance — RKLB: Failed to retrieve the news and received faulty response instead.
2026-10-05 07:27:27,067 [ERROR] yfinance — RKLB: Failed to retrieve the news and received faulty response instead.
2026-10-05 07:27:27,164 [ERROR] yfinance — WOLF: Failed to retrieve the news and received faulty response instead.
2026-10-05 07:27:27,288 [ERROR] yfinance — WOLF: Failed to retrieve the news and received faulty response instead.
2026-10-05 07:27:27,414 [ERROR] yfinance — ON: Failed to retrieve the news and received faulty response instead.
2026-10-05 07:27:27,671 [ERROR] yfinance — ON: Failed to retrieve the news and received faulty response instead.
2026-10-05 07:27:27,831 [ERROR] yfinance — POET: Failed to retrieve the news and received faulty response instead.
2026-10-05 07:27:27,986 [ERROR] yfinance — POET: Failed to retrieve the news and received faulty response instead.
2026-10-05 07:27:28,080 [ERROR] yfinance — RCL: Failed to retrieve the news and received faulty response instead.
2026-10-05 07:27:28,241 [ERROR] yfinance — RCL: Failed to retrieve the news and received faulty response instead.
2026-10-05 07:27:28,363 [ERROR] yfinance — TJX: Failed to retrieve the news and received faulty response instead.
2026-10-05 07:27:28,522 [ERROR] yfinance — TJX: Failed to retrieve the news and received faulty response instead.
2026-10-05 07:27:28,676 [ERROR] yfinance — WFC: Failed to retrieve the news and received faulty response instead.
2026-10-05 07:27:28,861 [ERROR] yfinance — WFC: Failed to retrieve the news and received faulty response instead.
2026-10-05 07:27:29,048 [ERROR] yfinance — HIVE: Failed to retrieve the news and received faulty response instead.
2026-10-05 07:27:29,203 [ERROR] yfinance — HIVE: Failed to retrieve the news and received faulty response instead.
2026-10-05 07:27:29,381 [ERROR] yfinance — DOCS: Failed to retrieve the news and received faulty response instead.
2026-10-05 07:27:29,507 [ERROR] yfinance — DOCS: Failed to retrieve the news and received faulty response instead.
2026-10-05 07:27:29,663 [ERROR] yfinance — MSGY: Failed to retrieve the news and received faulty response instead.
2026-10-05 07:27:29,816 [ERROR] yfinance — MSGY: Failed to retrieve the news and received faulty response instead.
2026-10-05 07:27:29,967 [ERROR] yfinance — MELI: Failed to retrieve the news and received faulty response instead.
2026-10-05 07:27:30,089 [ERROR] yfinance — MELI: Failed to retrieve the news and received faulty response instead.
2026-10-05 07:27:30,213 [ERROR] yfinance — OCUL: Failed to retrieve the news and received faulty response instead.
2026-10-05 07:27:30,314 [ERROR] yfinance — OCUL: Failed to retrieve the news and received faulty response instead.
2026-10-05 07:27:30,438 [ERROR] yfinance — SE: Failed to retrieve the news and received faulty response instead.
2026-10-05 07:27:30,563 [ERROR] yfinance — SE: Failed to retrieve the news and received faulty response instead.
2026-10-05 07:27:30,750 [ERROR] yfinance — GENI: Failed to retrieve the news and received faulty response instead.
2026-10-05 07:27:30,909 [ERROR] yfinance — GENI: Failed to retrieve the news and received faulty response instead.
2026-10-05 07:27:31,072 [ERROR] yfinance — ODD: Failed to retrieve the news and received faulty response instead.
2026-10-05 07:27:31,225 [ERROR] yfinance — ODD: Failed to retrieve the news and received faulty response instead.
2026-10-05 07:27:31,375 [ERROR] yfinance — BLSH: Failed to retrieve the news and received faulty response instead.
2026-10-05 07:27:31,533 [ERROR] yfinance — BLSH: Failed to retrieve the news and received faulty response instead.
2026-10-05 07:27:31,689 [ERROR] yfinance — HUBS: Failed to retrieve the news and received faulty response instead.
2026-10-05 07:27:31,843 [ERROR] yfinance — HUBS: Failed to retrieve the news and received faulty response instead.
2026-10-05 07:27:32,004 [ERROR] yfinance — WIX: Failed to retrieve the news and received faulty response instead.
2026-10-05 07:27:32,157 [ERROR] yfinance — WIX: Failed to retrieve the news and received faulty response instead.
2026-10-05 07:27:32,316 [ERROR] yfinance — CEG: Failed to retrieve the news and received faulty response instead.
2026-10-05 07:27:32,500 [ERROR] yfinance — CEG: Failed to retrieve the news and received faulty response instead.
2026-10-05 07:27:32,665 [ERROR] yfinance — BTBT: Failed to retrieve the news and received faulty response instead.
2026-10-05 07:27:32,786 [ERROR] yfinance — BTBT: Failed to retrieve the news and received faulty response instead.
2026-10-05 07:27:32,938 [ERROR] yfinance — SCHW: Failed to retrieve the news and received faulty response instead.
2026-10-05 07:27:33,092 [ERROR] yfinance — SCHW: Failed to retrieve the news and received faulty response instead.
2026-10-05 07:27:33,222 [ERROR] yfinance — INSP: Failed to retrieve the news and received faulty response instead.
2026-10-05 07:27:33,377 [ERROR] yfinance — INSP: Failed to retrieve the news and received faulty response instead.
[시장분석] enrichment 완료
[Email] 페이퍼 트레이딩 알림 발송 완료 (매도 0건, 매수 0건, 재평가 0건, 재평가실패 0건, 후보 0건) → chunghwan14@gmail.com
============================================================
[Unified Paper Trading] 완료
============================================================
