============================================================
[Unified Paper Trading] SP500 + NASDAQ/NYSE 통합 실행 시작
============================================================
2026-07-28 06:54:04,306 [INFO] paper_trading.runner — [Runner] SP500 snapshot 로드: 129개 종목
[Unified PT] SP500 snapshot 로드: 129개 종목
2026-07-28 06:54:04,316 [INFO] paper_trading.runner — [Runner] NASDAQ snapshot 로드: 205개 종목
[Unified PT] NASDAQ snapshot 로드: 205개 종목
[Unified PT] 합산 완료: 327개 종목 (SP500 129 + NASDAQ 205개, 중복 제거 후)
[Unified PT] 골든크로스임박 종목: 52개
2026-07-28 06:54:05,126 [INFO] paper_trading.engine — [PaperTrading] SELL LRCX @ 291.61 (트레일링(-9.4%))
2026-07-28 06:54:05,131 [INFO] paper_trading.candidate_selector — [전략점수 분포] ~4.0: 95 | 4.0~5.0: 50 | 5.0~5.5: 40 | 5.5~6.0: 26 | 6.0+: 116
2026-07-28 06:54:05,149 [INFO] paper_trading.candidate_selector — [CandidateSelector] Regime=bull | Filtered=13/327 | Selected: PARR (CCS=0.5761)
2026-07-28 06:54:05,156 [INFO] paper_trading.engine — [PaperTrading] BUY PARR @ 78.64 (CCS=0.5761, RSI=73, upside P50=+4% P75=+8%)
[Unified PT] 매도=1 매수=1 보유=3종목
[Unified PT] 레짐=bull | 필터={'전략점수<6.0': 211, '바닥반등_52주과열': 0, '판단등급_미달': 92, '과열_차단': 4, '유동성_부족': 0, '어닝_임박': 0, '보유_중복': 2, '모멘텀_ADX부족': 3, '바닥_RSI데드존': 2, '섹터_집중': 0, '_통과': 13, '_전체': 327}
[Unified PT] Top5 후보:
  PARR   CCS=0.5761 전략=📈 모멘텀 섹터=Energy
  DINO   CCS=0.5399 전략=📈 모멘텀 섹터=Energy
  INOD   CCS=0.5330 전략=📉 바닥반등 섹터=Technology
  APP    CCS=0.5211 전략=📉 바닥반등 섹터=Communication Services
  QCOM   CCS=0.4976 전략=📉 바닥반등 섹터=Technology
2026-07-28 06:54:06,206 [INFO] paper_trading.sheet_sync — [SheetSync] 거래로그 append: SELL LRCX
2026-07-28 06:54:07,014 [INFO] paper_trading.sheet_sync — [SheetSync] 거래로그 append: BUY PARR
2026-07-28 06:54:07,973 [INFO] paper_trading.sheet_sync — [SheetSync] 포지션현황 업데이트: 3개 종목
2026-07-28 06:54:08,952 [INFO] paper_trading.sheet_sync — [SheetSync] 성과요약 업데이트: 32건 거래
[Unified PT] 구글 시트 동기화 완료
2026-07-28 06:54:09,277 [INFO] matplotlib.font_manager — Failed to extract font properties from /usr/share/fonts/truetype/noto/NotoColorEmoji.ttf: Non-scalable fonts are not supported
2026-07-28 06:54:09,301 [INFO] matplotlib.font_manager — generated new fontManager
2026-07-28 06:54:10,334 [WARNING] fpdf.output — Font MPDFAA+NanumGothic is missing the following glyphs: '📈' (\U0001f4c8), '📉' (\U0001f4c9)
2026-07-28 06:54:10,344 [INFO] fontTools.subset — maxp pruned
2026-07-28 06:54:10,345 [INFO] fontTools.subset — cmap pruned
2026-07-28 06:54:10,346 [INFO] fontTools.subset — post pruned
2026-07-28 06:54:10,346 [INFO] fontTools.subset — DSIG dropped
2026-07-28 06:54:10,346 [INFO] fontTools.subset — GPOS dropped
2026-07-28 06:54:10,346 [INFO] fontTools.subset — GSUB dropped
2026-07-28 06:54:10,346 [INFO] fontTools.subset — glyf pruned
2026-07-28 06:54:10,348 [INFO] fontTools.subset — Added gid0 to subset
2026-07-28 06:54:10,348 [INFO] fontTools.subset — Added first four glyphs to subset
2026-07-28 06:54:10,348 [INFO] fontTools.subset — Closing glyph list over 'glyf': 133 glyphs before
2026-07-28 06:54:10,348 [INFO] fontTools.subset — Glyph names: ['.notdef', 'A', 'B', 'C', 'D', 'E', 'F', 'G', 'H', 'I', 'L', 'M', 'N', 'O', 'P', 'Q', 'R', 'S', 'T', 'U', 'V', 'W', 'X', 'Y', 'a', 'arrowright', 'b', 'bar', 'c', 'colon', 'comma', 'copyright', 'd', 'dollar', 'e', 'eight', 'emdash', 'equal', 'exclam', 'f', 'five', 'four', 'g', 'h', 'hyphen', 'i', 'k', 'l', 'less', 'm', 'n', 'nine', 'numbersign', 'o', 'one', 'p', 'parenleft', 'parenright', 'percent', 'period', 'periodcentered', 'plus', 'q', 'quotedbl', 'r', 's', 'seven', 'six', 'slash', 'space', 't', 'three', 'triagup', 'two', 'u', 'underscore', 'uniAC04', 'uniAC15', 'uniAC70', 'uniACFC', 'uniAD50', 'uniAD6C', 'uniADFC', 'uniAE30', 'uniB294', 'uniB2E5', 'uniB3C4', 'uniB3CC', 'uniB4F1', 'uniB798', 'uniB7B5', 'uniB7C9', 'uniB808', 'uniB9C1', 'uniB9E4', 'uniBA58', 'uniBAA8', 'uniBC14', 'uniBC18', 'uniBCF4', 'uniBD84', 'uniC11C', 'uniC138', 'uniC158', 'uniC18D', 'uniC190', 'uniC218', 'uniC2DC', 'uniC5D0', 'uniC6A9', 'uniC720', 'uniC775', 'uniC77C', 'uniC7A5', 'uniC801', 'uniC804', 'uniC808', 'uniC8FC', 'uniC9C0', 'uniCCB4', 'uniCD94', 'uniCDA9', 'uniD140', 'uniD2B8', 'uniD30C', 'uniD3EC', 'uniD569', 'uniD5C8', 'v', 'w', 'x', 'y', 'zero']
2026-07-28 06:54:10,348 [INFO] fontTools.subset — Glyph IDs:   [0, 1, 2, 3, 4, 5, 8, 9, 11, 12, 13, 14, 15, 16, 17, 18, 19, 20, 21, 22, 23, 24, 25, 26, 28, 29, 33, 34, 35, 36, 37, 38, 39, 40, 41, 44, 45, 46, 47, 48, 49, 50, 51, 52, 53, 54, 55, 56, 57, 63, 64, 65, 66, 67, 68, 69, 70, 71, 72, 74, 75, 76, 77, 78, 79, 80, 81, 82, 83, 84, 85, 86, 87, 88, 91, 96, 99, 104, 159, 162, 497, 507, 531, 584, 607, 612, 645, 654, 904, 928, 985, 989, 1042, 1153, 1163, 1166, 1177, 1267, 1283, 1310, 1326, 1397, 1401, 1458, 1482, 1635, 1650, 1661, 1673, 1675, 1708, 1751, 1905, 1979, 2013, 2043, 2045, 2067, 2089, 2090, 2091, 2146, 2178, 2308, 2343, 2350, 2518, 2576, 2598, 2649, 2709, 2723, 13296]
2026-07-28 06:54:10,349 [INFO] fontTools.subset — Closed glyph list over 'glyf': 133 glyphs after
2026-07-28 06:54:10,349 [INFO] fontTools.subset — Glyph names: ['.notdef', 'A', 'B', 'C', 'D', 'E', 'F', 'G', 'H', 'I', 'L', 'M', 'N', 'O', 'P', 'Q', 'R', 'S', 'T', 'U', 'V', 'W', 'X', 'Y', 'a', 'arrowright', 'b', 'bar', 'c', 'colon', 'comma', 'copyright', 'd', 'dollar', 'e', 'eight', 'emdash', 'equal', 'exclam', 'f', 'five', 'four', 'g', 'h', 'hyphen', 'i', 'k', 'l', 'less', 'm', 'n', 'nine', 'numbersign', 'o', 'one', 'p', 'parenleft', 'parenright', 'percent', 'period', 'periodcentered', 'plus', 'q', 'quotedbl', 'r', 's', 'seven', 'six', 'slash', 'space', 't', 'three', 'triagup', 'two', 'u', 'underscore', 'uniAC04', 'uniAC15', 'uniAC70', 'uniACFC', 'uniAD50', 'uniAD6C', 'uniADFC', 'uniAE30', 'uniB294', 'uniB2E5', 'uniB3C4', 'uniB3CC', 'uniB4F1', 'uniB798', 'uniB7B5', 'uniB7C9', 'uniB808', 'uniB9C1', 'uniB9E4', 'uniBA58', 'uniBAA8', 'uniBC14', 'uniBC18', 'uniBCF4', 'uniBD84', 'uniC11C', 'uniC138', 'uniC158', 'uniC18D', 'uniC190', 'uniC218', 'uniC2DC', 'uniC5D0', 'uniC6A9', 'uniC720', 'uniC775', 'uniC77C', 'uniC7A5', 'uniC801', 'uniC804', 'uniC808', 'uniC8FC', 'uniC9C0', 'uniCCB4', 'uniCD94', 'uniCDA9', 'uniD140', 'uniD2B8', 'uniD30C', 'uniD3EC', 'uniD569', 'uniD5C8', 'v', 'w', 'x', 'y', 'zero']
2026-07-28 06:54:10,349 [INFO] fontTools.subset — Glyph IDs:   [0, 1, 2, 3, 4, 5, 8, 9, 11, 12, 13, 14, 15, 16, 17, 18, 19, 20, 21, 22, 23, 24, 25, 26, 28, 29, 33, 34, 35, 36, 37, 38, 39, 40, 41, 44, 45, 46, 47, 48, 49, 50, 51, 52, 53, 54, 55, 56, 57, 63, 64, 65, 66, 67, 68, 69, 70, 71, 72, 74, 75, 76, 77, 78, 79, 80, 81, 82, 83, 84, 85, 86, 87, 88, 91, 96, 99, 104, 159, 162, 497, 507, 531, 584, 607, 612, 645, 654, 904, 928, 985, 989, 1042, 1153, 1163, 1166, 1177, 1267, 1283, 1310, 1326, 1397, 1401, 1458, 1482, 1635, 1650, 1661, 1673, 1675, 1708, 1751, 1905, 1979, 2013, 2043, 2045, 2067, 2089, 2090, 2091, 2146, 2178, 2308, 2343, 2350, 2518, 2576, 2598, 2649, 2709, 2723, 13296]
2026-07-28 06:54:10,349 [INFO] fontTools.subset — Retaining 133 glyphs
2026-07-28 06:54:10,350 [INFO] fontTools.subset — head subsetting not needed
2026-07-28 06:54:10,350 [INFO] fontTools.subset — hhea subsetting not needed
2026-07-28 06:54:10,350 [INFO] fontTools.subset — maxp subsetting not needed
2026-07-28 06:54:10,350 [INFO] fontTools.subset — OS/2 subsetting not needed
2026-07-28 06:54:10,350 [INFO] fontTools.subset — hmtx subsetted
2026-07-28 06:54:10,352 [INFO] fontTools.subset — cmap subsetted
2026-07-28 06:54:10,352 [INFO] fontTools.subset — fpgm subsetting not needed
2026-07-28 06:54:10,352 [INFO] fontTools.subset — prep subsetting not needed
2026-07-28 06:54:10,352 [INFO] fontTools.subset — cvt  subsetting not needed
2026-07-28 06:54:10,352 [INFO] fontTools.subset — loca subsetting not needed
2026-07-28 06:54:10,352 [INFO] fontTools.subset — post subsetted
2026-07-28 06:54:10,352 [INFO] fontTools.subset — gasp subsetting not needed
2026-07-28 06:54:10,352 [INFO] fontTools.subset — name subsetting not needed
2026-07-28 06:54:10,355 [INFO] fontTools.subset — glyf subsetted
2026-07-28 06:54:10,355 [INFO] fontTools.subset — head pruned
2026-07-28 06:54:10,355 [INFO] fontTools.subset — OS/2 Unicode ranges pruned: [0, 1, 31, 37, 45, 56]
2026-07-28 06:54:10,355 [INFO] fontTools.subset — OS/2 CodePage ranges pruned: [0]
2026-07-28 06:54:10,357 [INFO] fontTools.subset — glyf pruned
2026-07-28 06:54:10,357 [INFO] fontTools.subset — name pruned
2026-07-28 06:54:10,385 [WARNING] fpdf.output — Font MPDFAA+NanumGothicBold is missing the following glyphs: '📉' (\U0001f4c9), '📈' (\U0001f4c8)
2026-07-28 06:54:10,385 [INFO] fontTools.subset — maxp pruned
2026-07-28 06:54:10,386 [INFO] fontTools.subset — cmap pruned
2026-07-28 06:54:10,386 [INFO] fontTools.subset — post pruned
2026-07-28 06:54:10,386 [INFO] fontTools.subset — DSIG dropped
2026-07-28 06:54:10,386 [INFO] fontTools.subset — GPOS dropped
2026-07-28 06:54:10,386 [INFO] fontTools.subset — GSUB dropped
2026-07-28 06:54:10,386 [INFO] fontTools.subset — glyf pruned
2026-07-28 06:54:10,387 [INFO] fontTools.subset — Added gid0 to subset
2026-07-28 06:54:10,387 [INFO] fontTools.subset — Added first four glyphs to subset
2026-07-28 06:54:10,387 [INFO] fontTools.subset — Closing glyph list over 'glyf': 100 glyphs before
2026-07-28 06:54:10,387 [INFO] fontTools.subset — Glyph names: ['.notdef', 'A', 'B', 'C', 'D', 'E', 'F', 'G', 'H', 'I', 'J', 'K', 'L', 'M', 'N', 'O', 'P', 'Q', 'R', 'S', 'T', 'U', 'V', 'W', 'X', 'Y', 'Z', 'a', 'ampersand', 'b', 'c', 'colon', 'd', 'dollar', 'e', 'eight', 'emdash', 'equal', 'exclam', 'f', 'five', 'four', 'g', 'h', 'hyphen', 'i', 'j', 'k', 'l', 'm', 'n', 'nine', 'numbersign', 'o', 'one', 'p', 'parenleft', 'parenright', 'percent', 'period', 'periodcentered', 'plus', 'q', 'quotedbl', 'quotesingle', 'r', 's', 'seven', 'six', 'slash', 'space', 't', 'three', 'two', 'u', 'uni2605', 'uniB2E5', 'uniB370', 'uniB4DC', 'uniB4F1', 'uniB85C', 'uniBA58', 'uniBAA8', 'uniBC14', 'uniBC15', 'uniBC18', 'uniBC30', 'uniC2A4', 'uniC5F4', 'uniC644', 'uniC784', 'uniC804', 'uniC815', 'uniD06C', 'uniD140', 'v', 'w', 'x', 'y', 'zero']
2026-07-28 06:54:10,388 [INFO] fontTools.subset — Glyph IDs:   [0, 1, 2, 3, 4, 5, 6, 7, 8, 9, 11, 13, 14, 15, 16, 17, 18, 19, 20, 21, 22, 23, 24, 25, 26, 29, 33, 34, 35, 36, 37, 38, 39, 40, 41, 42, 43, 44, 45, 46, 47, 48, 49, 50, 51, 52, 53, 54, 55, 56, 57, 58, 64, 65, 66, 67, 68, 69, 70, 71, 72, 73, 74, 75, 76, 77, 78, 79, 80, 81, 82, 83, 84, 85, 86, 87, 88, 99, 104, 150, 926, 967, 1031, 1040, 1196, 1308, 1324, 1395, 1396, 1399, 1410, 1740, 1915, 1949, 2047, 2088, 2094, 2475, 2516, 13533]
2026-07-28 06:54:10,388 [INFO] fontTools.subset — Closed glyph list over 'glyf': 100 glyphs after
2026-07-28 06:54:10,388 [INFO] fontTools.subset — Glyph names: ['.notdef', 'A', 'B', 'C', 'D', 'E', 'F', 'G', 'H', 'I', 'J', 'K', 'L', 'M', 'N', 'O', 'P', 'Q', 'R', 'S', 'T', 'U', 'V', 'W', 'X', 'Y', 'Z', 'a', 'ampersand', 'b', 'c', 'colon', 'd', 'dollar', 'e', 'eight', 'emdash', 'equal', 'exclam', 'f', 'five', 'four', 'g', 'h', 'hyphen', 'i', 'j', 'k', 'l', 'm', 'n', 'nine', 'numbersign', 'o', 'one', 'p', 'parenleft', 'parenright', 'percent', 'period', 'periodcentered', 'plus', 'q', 'quotedbl', 'quotesingle', 'r', 's', 'seven', 'six', 'slash', 'space', 't', 'three', 'two', 'u', 'uni2605', 'uniB2E5', 'uniB370', 'uniB4DC', 'uniB4F1', 'uniB85C', 'uniBA58', 'uniBAA8', 'uniBC14', 'uniBC15', 'uniBC18', 'uniBC30', 'uniC2A4', 'uniC5F4', 'uniC644', 'uniC784', 'uniC804', 'uniC815', 'uniD06C', 'uniD140', 'v', 'w', 'x', 'y', 'zero']
2026-07-28 06:54:10,388 [INFO] fontTools.subset — Glyph IDs:   [0, 1, 2, 3, 4, 5, 6, 7, 8, 9, 11, 13, 14, 15, 16, 17, 18, 19, 20, 21, 22, 23, 24, 25, 26, 29, 33, 34, 35, 36, 37, 38, 39, 40, 41, 42, 43, 44, 45, 46, 47, 48, 49, 50, 51, 52, 53, 54, 55, 56, 57, 58, 64, 65, 66, 67, 68, 69, 70, 71, 72, 73, 74, 75, 76, 77, 78, 79, 80, 81, 82, 83, 84, 85, 86, 87, 88, 99, 104, 150, 926, 967, 1031, 1040, 1196, 1308, 1324, 1395, 1396, 1399, 1410, 1740, 1915, 1949, 2047, 2088, 2094, 2475, 2516, 13533]
2026-07-28 06:54:10,389 [INFO] fontTools.subset — Retaining 100 glyphs
2026-07-28 06:54:10,389 [INFO] fontTools.subset — head subsetting not needed
2026-07-28 06:54:10,389 [INFO] fontTools.subset — hhea subsetting not needed
2026-07-28 06:54:10,389 [INFO] fontTools.subset — maxp subsetting not needed
2026-07-28 06:54:10,389 [INFO] fontTools.subset — OS/2 subsetting not needed
2026-07-28 06:54:10,390 [INFO] fontTools.subset — hmtx subsetted
2026-07-28 06:54:10,391 [INFO] fontTools.subset — cmap subsetted
2026-07-28 06:54:10,391 [INFO] fontTools.subset — fpgm subsetting not needed
2026-07-28 06:54:10,391 [INFO] fontTools.subset — prep subsetting not needed
2026-07-28 06:54:10,391 [INFO] fontTools.subset — cvt  subsetting not needed
2026-07-28 06:54:10,391 [INFO] fontTools.subset — loca subsetting not needed
2026-07-28 06:54:10,392 [INFO] fontTools.subset — post subsetted
2026-07-28 06:54:10,392 [INFO] fontTools.subset — gasp subsetting not needed
2026-07-28 06:54:10,392 [INFO] fontTools.subset — name subsetting not needed
2026-07-28 06:54:10,394 [INFO] fontTools.subset — glyf subsetted
2026-07-28 06:54:10,394 [INFO] fontTools.subset — head pruned
2026-07-28 06:54:10,394 [INFO] fontTools.subset — OS/2 Unicode ranges pruned: [0, 1, 31, 46, 56]
2026-07-28 06:54:10,395 [INFO] fontTools.subset — OS/2 CodePage ranges pruned: [0]
2026-07-28 06:54:10,396 [INFO] fontTools.subset — glyf pruned
2026-07-28 06:54:10,396 [INFO] fontTools.subset — name pruned
[Unified PT] PDF 리포트 생성 완료 (154,270 bytes)
[시장분석] 59개 종목 데이터 수집 중...
2026-07-28 06:54:16,906 [WARNING] data.fetch — [fetch_analyst_data] INOD: 'dict' object has no attribute 'empty'
2026-07-28 06:54:17,025 [WARNING] data.fetch — [fetch_analyst_data] PARR: 'dict' object has no attribute 'empty'
2026-07-28 06:54:17,089 [WARNING] data.fetch — [fetch_analyst_data] DINO: 'dict' object has no attribute 'empty'
2026-07-28 06:54:17,099 [WARNING] data.fetch — [fetch_analyst_data] APP: 'dict' object has no attribute 'empty'
2026-07-28 06:54:17,149 [WARNING] data.fetch — [fetch_analyst_data] QCOM: 'dict' object has no attribute 'empty'
2026-07-28 06:54:23,309 [WARNING] data.fetch — [fetch_analyst_data] LRCX: 'dict' object has no attribute 'empty'
2026-07-28 06:54:23,389 [WARNING] data.fetch — [fetch_analyst_data] MA: 'dict' object has no attribute 'empty'
2026-07-28 06:54:23,471 [WARNING] data.fetch — [fetch_analyst_data] UTZ: 'dict' object has no attribute 'empty'
2026-07-28 06:54:23,520 [WARNING] data.fetch — [fetch_analyst_data] HD: 'dict' object has no attribute 'empty'
2026-07-28 06:54:23,568 [WARNING] data.fetch — [fetch_analyst_data] SFM: 'dict' object has no attribute 'empty'
2026-07-28 06:54:29,697 [WARNING] data.fetch — [fetch_analyst_data] BKNG: 'dict' object has no attribute 'empty'
2026-07-28 06:54:29,994 [WARNING] data.fetch — [fetch_analyst_data] LCID: 'dict' object has no attribute 'empty'
2026-07-28 06:54:30,042 [WARNING] data.fetch — [fetch_analyst_data] HON: 'dict' object has no attribute 'empty'
2026-07-28 06:54:30,050 [WARNING] data.fetch — [fetch_analyst_data] XOM: 'dict' object has no attribute 'empty'
2026-07-28 06:54:30,359 [WARNING] data.fetch — [fetch_analyst_data] NEE: 'dict' object has no attribute 'empty'
2026-07-28 06:54:36,167 [WARNING] data.fetch — [fetch_analyst_data] CVX: 'dict' object has no attribute 'empty'
2026-07-28 06:54:36,404 [WARNING] data.fetch — [fetch_analyst_data] VZ: 'dict' object has no attribute 'empty'
2026-07-28 06:54:36,445 [WARNING] data.fetch — [fetch_analyst_data] MSFT: 'dict' object has no attribute 'empty'
2026-07-28 06:54:36,477 [WARNING] data.fetch — [fetch_analyst_data] PFE: 'dict' object has no attribute 'empty'
2026-07-28 06:54:36,678 [WARNING] data.fetch — [fetch_analyst_data] PODD: 'dict' object has no attribute 'empty'
2026-07-28 06:54:42,480 [WARNING] data.fetch — [fetch_analyst_data] KD: 'dict' object has no attribute 'empty'
2026-07-28 06:54:42,790 [WARNING] data.fetch — [fetch_analyst_data] ORLY: 'dict' object has no attribute 'empty'
2026-07-28 06:54:42,818 [WARNING] data.fetch — [fetch_analyst_data] ADBE: 'dict' object has no attribute 'empty'
2026-07-28 06:54:42,848 [WARNING] data.fetch — [fetch_analyst_data] SBET: 'dict' object has no attribute 'empty'
2026-07-28 06:54:43,037 [WARNING] data.fetch — [fetch_analyst_data] CEG: 'dict' object has no attribute 'empty'
2026-07-28 06:54:48,840 [WARNING] data.fetch — [fetch_analyst_data] COST: 'dict' object has no attribute 'empty'
2026-07-28 06:54:49,151 [WARNING] data.fetch — [fetch_analyst_data] CRM: 'dict' object has no attribute 'empty'
2026-07-28 06:54:49,197 [WARNING] data.fetch — [fetch_analyst_data] PLTR: 'dict' object has no attribute 'empty'
2026-07-28 06:54:49,234 [WARNING] data.fetch — [fetch_analyst_data] T: 'dict' object has no attribute 'empty'
2026-07-28 06:54:49,383 [WARNING] data.fetch — [fetch_analyst_data] TME: 'dict' object has no attribute 'empty'
2026-07-28 06:54:55,182 [WARNING] data.fetch — [fetch_analyst_data] FISV: 'dict' object has no attribute 'empty'
2026-07-28 06:54:55,464 [WARNING] data.fetch — [fetch_analyst_data] AZO: 'dict' object has no attribute 'empty'
2026-07-28 06:54:55,612 [WARNING] data.fetch — [fetch_analyst_data] COIN: 'dict' object has no attribute 'empty'
2026-07-28 06:54:55,668 [WARNING] data.fetch — [fetch_analyst_data] CME: 'dict' object has no attribute 'empty'
2026-07-28 06:54:55,691 [WARNING] data.fetch — [fetch_analyst_data] PLNT: 'dict' object has no attribute 'empty'
2026-07-28 06:55:01,520 [WARNING] data.fetch — [fetch_analyst_data] CNXC: 'dict' object has no attribute 'empty'
2026-07-28 06:55:01,848 [WARNING] data.fetch — [fetch_analyst_data] LEU: 'dict' object has no attribute 'empty'
2026-07-28 06:55:01,937 [WARNING] data.fetch — [fetch_analyst_data] BILI: 'dict' object has no attribute 'empty'
2026-07-28 06:55:02,111 [WARNING] data.fetch — [fetch_analyst_data] TMDX: 'dict' object has no attribute 'empty'
2026-07-28 06:55:02,134 [WARNING] data.fetch — [fetch_analyst_data] NEM: 'dict' object has no attribute 'empty'
2026-07-28 06:55:07,870 [WARNING] data.fetch — [fetch_analyst_data] BMNR: 'dict' object has no attribute 'empty'
2026-07-28 06:55:08,361 [WARNING] data.fetch — [fetch_analyst_data] PG: 'dict' object has no attribute 'empty'
2026-07-28 06:55:08,380 [WARNING] data.fetch — [fetch_analyst_data] SMCI: 'dict' object has no attribute 'empty'
2026-07-28 06:55:08,433 [WARNING] data.fetch — [fetch_analyst_data] RZLV: 'dict' object has no attribute 'empty'
2026-07-28 06:55:08,470 [WARNING] data.fetch — [fetch_analyst_data] CRWV: 'dict' object has no attribute 'empty'
2026-07-28 06:55:14,186 [WARNING] data.fetch — [fetch_analyst_data] CLRO: 'dict' object has no attribute 'empty'
2026-07-28 06:55:14,735 [WARNING] data.fetch — [fetch_analyst_data] HIMS: 'dict' object has no attribute 'empty'
2026-07-28 06:55:14,803 [WARNING] data.fetch — [fetch_analyst_data] QUBT: 'dict' object has no attribute 'empty'
2026-07-28 06:55:14,906 [WARNING] data.fetch — [fetch_analyst_data] BULL: 'dict' object has no attribute 'empty'
2026-07-28 06:55:14,910 [WARNING] data.fetch — [fetch_analyst_data] IBM: 'dict' object has no attribute 'empty'
2026-07-28 06:55:20,515 [WARNING] data.fetch — [fetch_analyst_data] STUB: 'dict' object has no attribute 'empty'
2026-07-28 06:55:21,231 [WARNING] data.fetch — [fetch_analyst_data] SPGI: 'dict' object has no attribute 'empty'
2026-07-28 06:55:21,299 [WARNING] data.fetch — [fetch_analyst_data] COF: 'dict' object has no attribute 'empty'
2026-07-28 06:55:21,312 [WARNING] data.fetch — [fetch_analyst_data] IREN: 'dict' object has no attribute 'empty'
2026-07-28 06:55:21,340 [WARNING] data.fetch — [fetch_analyst_data] META: 'dict' object has no attribute 'empty'
2026-07-28 06:55:26,825 [WARNING] data.fetch — [fetch_analyst_data] AMZN: 'dict' object has no attribute 'empty'
2026-07-28 06:55:27,583 [WARNING] data.fetch — [fetch_analyst_data] QBTS: 'dict' object has no attribute 'empty'
2026-07-28 06:55:27,638 [WARNING] data.fetch — [fetch_analyst_data] CDNS: 'dict' object has no attribute 'empty'
2026-07-28 06:55:27,664 [WARNING] data.fetch — [fetch_analyst_data] UUUU: 'dict' object has no attribute 'empty'
[시장분석] enrichment 완료
[Email] 페이퍼 트레이딩 알림 발송 완료 (PDF 첨부) (매도 1건, 매수 1건, 재평가 0건, 재평가실패 0건, 후보 5건) → chunghwan14@gmail.com, roykim0311@gmail.com, ssamjungtan@naver.com
============================================================
[Unified Paper Trading] 완료
============================================================
