[OHLCV] 배치 다운로드 1/4 (150개 종목, period=5y)...
[OHLCV] 배치 다운로드 2/4 (150개 종목, period=5y)...
[OHLCV] 배치 다운로드 3/4 (150개 종목, period=5y)...
[OHLCV] 배치 다운로드 4/4 (68개 종목, period=5y)...
[DataValidator] 11건의 데이터 품질 경고 발생
Warning:  GEV: Close NaN 비율 53.5% (기준: 30%)
Warning:  KVUE: Close NaN 비율 35.6% (기준: 30%)
Warning:  PDD: 비정상 가격 변동 56.1% (2022-03-16) — 스플릿/데이터 오류 가능
Warning:  BK: Close NaN 비율 100.0% (기준: 30%)
Warning:  DAY: Close NaN 비율 100.0% (기준: 30%)
Warning:  HOLX: Close NaN 비율 100.0% (기준: 30%)
Warning:  CTRA: Close NaN 비율 100.0% (기준: 30%)
Warning:  HOOD: 비정상 가격 변동 50.4% (2021-08-04) — 스플릿/데이터 오류 가능
Warning:  SOLV: Close NaN 비율 53.5% (기준: 30%)
Warning:  GL: 비정상 가격 변동 53.1% (2024-04-11) — 스플릿/데이터 오류 가능
Warning:  VLTO: Close NaN 비율 44.0% (기준: 30%)
[[SP500 분석]] 강한 섹터: {'Communication Services', 'Financials', 'Real Estate', 'Energy', 'Utilities', 'Health Care'}
[[SP500 분석]] Extreme model 'label_low' walk-forward ROC 0.65, AP 0.39
[[SP500 분석]] Extreme model 'label_high' walk-forward ROC 0.57, AP 0.26
[[SP500 분석]] Google Sheets 업데이트 완료
[Email] 바닥반등 20개 + 모멘텀 54개 = 총 74개 종목 리스트를 chunghwan14@gmail.com, roykim0311@gmail.com, ssamjungtan@naver.com로 발송 완료
[[SP500 분석]] Signals 결과 기반 차트분석 종목 리스트 생성 중...
[Dynamic Portfolio] 생성된 차트분석 종목 리스트(76개): ['NBM.V', 'LRCX', 'CDNS', 'UUUU', 'C', 'SCHW', 'LLY', 'VRTX', 'CAT', 'DLR', 'VLO', 'CVX', 'IWM', 'LIN', 'HWM', 'BLK', 'STX', 'ADI', 'NVDA', 'MA', 'ASML', 'AXP', 'XOM', 'INTC', 'TMO', 'WDC', 'V', 'SPY', 'PM', 'UNP', 'PANW', 'AMGN', 'ABBV', 'GEV', 'AMD', 'ORCL', 'QCOM', 'AMAT', 'DDOG', 'APH', 'DELL', 'ANET', 'MRK', 'WFC', 'NEE', 'CRWD', 'HOOD', 'TXN', 'JNJ', 'PG', 'BRK-B', 'KO', 'SHW', 'WMT', 'DIS', 'CVS', 'MU', 'HPE', 'MRVL', 'KLAC', 'CSCO', 'UNH', 'BAC', 'HD', 'RTX', 'MS', 'JPM', 'NXPI', 'FTNT', 'NFLX', 'AMZN', 'IBM', 'AAPL', 'QQQ', 'GE', 'GS']
[[SP500 차트분석]] [SP500 분석] 결과 기반 [SP500 차트분석] 시트 생성 중 (76개 종목)...
[[SP500 차트분석]] [SP500 분석]에 없는 종목은 별도 분석: ['NBM.V', 'UUUU']
[DataValidator] 1건의 데이터 품질 경고 발생
Warning:  NBM.V: 비정상 가격 변동 56.3% (2024-09-25) — 스플릿/데이터 오류 가능
[[SP500 차트분석]] 강한 섹터: {'Communication Services', 'Financials', 'Real Estate', 'Energy', 'Utilities', 'Health Care'}
[[SP500 차트분석]] Extreme model 'global' skipped: insufficient_tickers
[[SP500 차트분석]] 기존 차트 파일 삭제 중...
[[SP500 차트분석]] 차트 저장 디렉토리 준비 완료: charts/screenshots
[[SP500 차트분석]] TradingView 차트 캡처 시작...
[[SP500 차트분석]] 76개 종목 차트 캡처 중...
[TradingView] UNH 브라우저 세션 시작  (로그인 세션)...
[TradingView] 1H 캡처 완료 (60)
[TradingView] 4H 캡처 완료 (240)
[TradingView] Daily 캡처 완료 (D)
[TradingView] Weekly 캡처 완료 (W)
[TradingView] Monthly 캡처 완료 (M)
[[SP500 차트분석]] UNH 차트 5개 처리 완료
[TradingView] CRWD 브라우저 세션 시작  (로그인 세션)...
[TradingView] 1H 캡처 완료 (60)
[TradingView] 4H 캡처 완료 (240)
[TradingView] Daily 캡처 완료 (D)
[TradingView] Weekly 캡처 완료 (W)
[TradingView] Monthly 캡처 완료 (M)
[[SP500 차트분석]] CRWD 차트 5개 처리 완료
[TradingView] PANW 브라우저 세션 시작  (로그인 세션)...
[TradingView] 1H 캡처 완료 (60)
[TradingView] 4H 캡처 완료 (240)
[TradingView] Daily 캡처 완료 (D)
[TradingView] Weekly 캡처 완료 (W)
[TradingView] Monthly 캡처 완료 (M)
[[SP500 차트분석]] PANW 차트 5개 처리 완료
[TradingView] FTNT 브라우저 세션 시작  (로그인 세션)...
[TradingView] 1H 캡처 완료 (60)
[TradingView] 4H 캡처 완료 (240)
[TradingView] Daily 캡처 완료 (D)
[TradingView] Weekly 캡처 완료 (W)
[TradingView] Monthly 캡처 완료 (M)
[[SP500 차트분석]] FTNT 차트 5개 처리 완료
[TradingView] CVX 브라우저 세션 시작  (로그인 세션)...
[TradingView] 1H 캡처 완료 (60)
[TradingView] 4H 캡처 완료 (240)
[TradingView] Daily 캡처 완료 (D)
[TradingView] Weekly 캡처 완료 (W)
[TradingView] Monthly 캡처 완료 (M)
[[SP500 차트분석]] CVX 차트 5개 처리 완료
[TradingView] VLO 브라우저 세션 시작  (로그인 세션)...
[TradingView] 1H 캡처 완료 (60)
[TradingView] 4H 캡처 완료 (240)
[TradingView] Daily 캡처 완료 (D)
[TradingView] Weekly 캡처 완료 (W)
[TradingView] Monthly 캡처 완료 (M)
[[SP500 차트분석]] VLO 차트 5개 처리 완료
[TradingView] DDOG 브라우저 세션 시작  (로그인 세션)...
[TradingView] 1H 캡처 완료 (60)
[TradingView] 4H 캡처 완료 (240)
[TradingView] Daily 캡처 완료 (D)
[TradingView] Weekly 캡처 완료 (W)
[TradingView] Monthly 캡처 완료 (M)
[[SP500 차트분석]] DDOG 차트 5개 처리 완료
[TradingView] AAPL 브라우저 세션 시작  (로그인 세션)...
[TradingView] 1H 캡처 완료 (60)
[TradingView] 4H 캡처 완료 (240)
[TradingView] Daily 캡처 완료 (D)
[TradingView] Weekly 캡처 완료 (W)
[TradingView] Monthly 캡처 완료 (M)
[[SP500 차트분석]] AAPL 차트 5개 처리 완료
[TradingView] ABBV 브라우저 세션 시작  (로그인 세션)...
[TradingView] 1H 캡처 완료 (60)
[TradingView] 4H 캡처 완료 (240)
[TradingView] Daily 캡처 완료 (D)
[TradingView] Weekly 캡처 완료 (W)
[TradingView] Monthly 캡처 완료 (M)
[[SP500 차트분석]] ABBV 차트 5개 처리 완료
[TradingView] BAC 브라우저 세션 시작  (로그인 세션)...
[TradingView] 1H 캡처 완료 (60)
[TradingView] 4H 캡처 완료 (240)
[TradingView] Daily 캡처 완료 (D)
[TradingView] Weekly 캡처 완료 (W)
[TradingView] Monthly 캡처 완료 (M)
[[SP500 차트분석]] BAC 차트 5개 처리 완료
[TradingView] CVS 브라우저 세션 시작  (로그인 세션)...
[TradingView] 1H 캡처 완료 (60)
[TradingView] 4H 캡처 완료 (240)
[TradingView] Daily 캡처 완료 (D)
[TradingView] Weekly 캡처 완료 (W)
[TradingView] Monthly 캡처 완료 (M)
[[SP500 차트분석]] CVS 차트 5개 처리 완료
[TradingView] RTX 브라우저 세션 시작  (로그인 세션)...
[TradingView] 1H 캡처 완료 (60)
[TradingView] 4H 캡처 완료 (240)
[TradingView] Daily 캡처 완료 (D)
[TradingView] Weekly 캡처 완료 (W)
[TradingView] Monthly 캡처 완료 (M)
[[SP500 차트분석]] RTX 차트 5개 처리 완료
[TradingView] SPY 브라우저 세션 시작  (로그인 세션)...
[TradingView] 1H 캡처 완료 (60)
[TradingView] 4H 캡처 완료 (240)
[TradingView] Daily 캡처 완료 (D)
[TradingView] Weekly 캡처 완료 (W)
[TradingView] Monthly 캡처 완료 (M)
[[SP500 차트분석]] SPY 차트 5개 처리 완료
[TradingView] C 브라우저 세션 시작  (로그인 세션)...
[TradingView] 1H 캡처 완료 (60)
[TradingView] 4H 캡처 완료 (240)
[TradingView] Daily 캡처 완료 (D)
[TradingView] Weekly 캡처 완료 (W)
[TradingView] Monthly 캡처 완료 (M)
[[SP500 차트분석]] C 차트 5개 처리 완료
[TradingView] AXP 브라우저 세션 시작  (로그인 세션)...
[TradingView] 1H 캡처 완료 (60)
[TradingView] 4H 캡처 완료 (240)
[TradingView] Daily 캡처 완료 (D)
[TradingView] Weekly 캡처 완료 (W)
[TradingView] Monthly 캡처 완료 (M)
[[SP500 차트분석]] AXP 차트 5개 처리 완료
[TradingView] TMO 브라우저 세션 시작  (로그인 세션)...
[TradingView] 1H 캡처 완료 (60)
[TradingView] 4H 캡처 완료 (240)
[TradingView] Daily 캡처 완료 (D)
[TradingView] Weekly 캡처 완료 (W)
[TradingView] Monthly 캡처 완료 (M)
[[SP500 차트분석]] TMO 차트 5개 처리 완료
[TradingView] SCHW 브라우저 세션 시작  (로그인 세션)...
[TradingView] 1H 캡처 완료 (60)
[TradingView] 4H 캡처 완료 (240)
[TradingView] Daily 캡처 완료 (D)
[TradingView] Weekly 캡처 완료 (W)
[TradingView] Monthly 캡처 완료 (M)
[[SP500 차트분석]] SCHW 차트 5개 처리 완료
[TradingView] MS 브라우저 세션 시작  (로그인 세션)...
[TradingView] 1H 캡처 완료 (60)
[TradingView] 4H 캡처 완료 (240)
[TradingView] Daily 캡처 완료 (D)
[TradingView] Weekly 캡처 완료 (W)
[TradingView] Monthly 캡처 완료 (M)
[[SP500 차트분석]] MS 차트 5개 처리 완료
[TradingView] IWM 브라우저 세션 시작  (로그인 세션)...
[TradingView] 1H 캡처 완료 (60)
[TradingView] 4H 캡처 완료 (240)
[TradingView] Daily 캡처 완료 (D)
[TradingView] Weekly 캡처 완료 (W)
[TradingView] Monthly 캡처 완료 (M)
[[SP500 차트분석]] IWM 차트 5개 처리 완료
[TradingView] MU 브라우저 세션 시작  (로그인 세션)...
[TradingView] 1H 캡처 완료 (60)
[TradingView] 4H 캡처 완료 (240)
[TradingView] Daily 캡처 완료 (D)
[TradingView] Weekly 캡처 완료 (W)
[TradingView] Monthly 캡처 완료 (M)
[[SP500 차트분석]] MU 차트 5개 처리 완료
[TradingView] HOOD 브라우저 세션 시작  (로그인 세션)...
[TradingView] 1H 캡처 완료 (60)
[TradingView] 4H 캡처 완료 (240)
[TradingView] Daily 캡처 완료 (D)
[TradingView] Weekly 캡처 완료 (W)
[TradingView] Monthly 캡처 완료 (M)
[[SP500 차트분석]] HOOD 차트 5개 처리 완료
[TradingView] ASML 브라우저 세션 시작  (로그인 세션)...
[TradingView] 1H 캡처 완료 (60)
[TradingView] 4H 캡처 완료 (240)
[TradingView] Daily 캡처 완료 (D)
[TradingView] Weekly 캡처 완료 (W)
[TradingView] Monthly 캡처 완료 (M)
[[SP500 차트분석]] ASML 차트 5개 처리 완료
[TradingView] VRTX 브라우저 세션 시작  (로그인 세션)...
[TradingView] 1H 캡처 완료 (60)
[TradingView] 4H 캡처 완료 (240)
[TradingView] Daily 캡처 완료 (D)
[TradingView] Weekly 캡처 완료 (W)
[TradingView] Monthly 캡처 완료 (M)
[[SP500 차트분석]] VRTX 차트 5개 처리 완료
[TradingView] V 브라우저 세션 시작  (로그인 세션)...
[TradingView] 1H 캡처 완료 (60)
[TradingView] 4H 캡처 완료 (240)
[TradingView] Daily 캡처 완료 (D)
[TradingView] Weekly 캡처 완료 (W)
[TradingView] Monthly 캡처 완료 (M)
[[SP500 차트분석]] V 차트 5개 처리 완료
[TradingView] MA 브라우저 세션 시작  (로그인 세션)...
[TradingView] 1H 캡처 완료 (60)
[TradingView] 4H 캡처 완료 (240)
[TradingView] Daily 캡처 완료 (D)
[TradingView] Weekly 캡처 완료 (W)
[TradingView] Monthly 캡처 완료 (M)
[[SP500 차트분석]] MA 차트 5개 처리 완료
[TradingView] MRK 브라우저 세션 시작  (로그인 세션)...
[TradingView] 1H 캡처 완료 (60)
[TradingView] 4H 캡처 완료 (240)
[TradingView] Daily 캡처 완료 (D)
[TradingView] Weekly 캡처 완료 (W)
[TradingView] Monthly 캡처 완료 (M)
[[SP500 차트분석]] MRK 차트 5개 처리 완료
[TradingView] PM 브라우저 세션 시작  (로그인 세션)...
[TradingView] 1H 캡처 완료 (60)
[TradingView] 4H 캡처 완료 (240)
[TradingView] Daily 캡처 완료 (D)
[TradingView] Weekly 캡처 완료 (W)
[TradingView] Monthly 캡처 완료 (M)
[[SP500 차트분석]] PM 차트 5개 처리 완료
[TradingView] XOM 브라우저 세션 시작  (로그인 세션)...
[TradingView] 1H 캡처 완료 (60)
[TradingView] 4H 캡처 완료 (240)
[TradingView] Daily 캡처 완료 (D)
[TradingView] Weekly 캡처 완료 (W)
[TradingView] Monthly 캡처 완료 (M)
[[SP500 차트분석]] XOM 차트 5개 처리 완료
[TradingView] UNP 브라우저 세션 시작  (로그인 세션)...
[TradingView] 1H 캡처 완료 (60)
[TradingView] 4H 캡처 완료 (240)
[TradingView] Daily 캡처 완료 (D)
[TradingView] Weekly 캡처 완료 (W)
[TradingView] Monthly 캡처 완료 (M)
[[SP500 차트분석]] UNP 차트 5개 처리 완료
[TradingView] SHW 브라우저 세션 시작  (로그인 세션)...
[TradingView] 1H 캡처 완료 (60)
[TradingView] 4H 캡처 완료 (240)
[TradingView] Daily 캡처 완료 (D)
[TradingView] Weekly 캡처 완료 (W)
[TradingView] Monthly 캡처 완료 (M)
[[SP500 차트분석]] SHW 차트 5개 처리 완료
[TradingView] HD 브라우저 세션 시작  (로그인 세션)...
[TradingView] 1H 캡처 완료 (60)
[TradingView] 4H 캡처 완료 (240)
[TradingView] Daily 캡처 완료 (D)
[TradingView] Weekly 캡처 완료 (W)
[TradingView] Monthly 캡처 완료 (M)
[[SP500 차트분석]] HD 차트 5개 처리 완료
[TradingView] AMAT 브라우저 세션 시작  (로그인 세션)...
[TradingView] 1H 캡처 완료 (60)
[TradingView] 4H 캡처 완료 (240)
[TradingView] Daily 캡처 완료 (D)
[TradingView] Weekly 캡처 완료 (W)
[TradingView] Monthly 캡처 완료 (M)
[[SP500 차트분석]] AMAT 차트 5개 처리 완료
[TradingView] APH 브라우저 세션 시작  (로그인 세션)...
[TradingView] 1H 캡처 완료 (60)
[TradingView] 4H 캡처 완료 (240)
[TradingView] Daily 캡처 완료 (D)
[TradingView] Weekly 캡처 완료 (W)
[TradingView] Monthly 캡처 완료 (M)
[[SP500 차트분석]] APH 차트 5개 처리 완료
[TradingView] QQQ 브라우저 세션 시작  (로그인 세션)...
[TradingView] 1H 캡처 완료 (60)
[TradingView] 4H 캡처 완료 (240)
[TradingView] Daily 캡처 완료 (D)
[TradingView] Weekly 캡처 완료 (W)
[TradingView] Monthly 캡처 완료 (M)
[[SP500 차트분석]] QQQ 차트 5개 처리 완료
[TradingView] LIN 브라우저 세션 시작  (로그인 세션)...
[TradingView] 1H 캡처 완료 (60)
[TradingView] 4H 캡처 완료 (240)
[TradingView] Daily 캡처 완료 (D)
[TradingView] Weekly 캡처 완료 (W)
[TradingView] Monthly 캡처 완료 (M)
[[SP500 차트분석]] LIN 차트 5개 처리 완료
[TradingView] CAT 브라우저 세션 시작  (로그인 세션)...
[TradingView] 1H 캡처 완료 (60)
[TradingView] 4H 캡처 완료 (240)
[TradingView] Daily 캡처 완료 (D)
[TradingView] Weekly 캡처 완료 (W)
[TradingView] Monthly 캡처 완료 (M)
[[SP500 차트분석]] CAT 차트 5개 처리 완료
[TradingView] IBM 브라우저 세션 시작  (로그인 세션)...
[TradingView] 1H 캡처 완료 (60)
[TradingView] 4H 캡처 완료 (240)
[TradingView] Daily 캡처 완료 (D)
[TradingView] Weekly 캡처 완료 (W)
[TradingView] Monthly 캡처 완료 (M)
[[SP500 차트분석]] IBM 차트 5개 처리 완료
[TradingView] LRCX 브라우저 세션 시작  (로그인 세션)...
[TradingView] 1H 캡처 완료 (60)
[TradingView] 4H 캡처 완료 (240)
[TradingView] Daily 캡처 완료 (D)
[TradingView] Weekly 캡처 완료 (W)
[TradingView] Monthly 캡처 완료 (M)
[[SP500 차트분석]] LRCX 차트 5개 처리 완료
[TradingView] GEV 브라우저 세션 시작  (로그인 세션)...
[TradingView] 1H 캡처 완료 (60)
[TradingView] 4H 캡처 완료 (240)
[TradingView] Daily 캡처 완료 (D)
[TradingView] Weekly 캡처 완료 (W)
[TradingView] Monthly 캡처 완료 (M)
[[SP500 차트분석]] GEV 차트 5개 처리 완료
[TradingView] AMD 브라우저 세션 시작  (로그인 세션)...
[TradingView] 1H 캡처 완료 (60)
[TradingView] 4H 캡처 완료 (240)
[TradingView] Daily 캡처 완료 (D)
[TradingView] Weekly 캡처 완료 (W)
[TradingView] Monthly 캡처 완료 (M)
[[SP500 차트분석]] AMD 차트 5개 처리 완료
[TradingView] KO 브라우저 세션 시작  (로그인 세션)...
[TradingView] 1H 캡처 완료 (60)
[TradingView] 4H 캡처 완료 (240)
[TradingView] Daily 캡처 완료 (D)
[TradingView] Weekly 캡처 완료 (W)
[TradingView] Monthly 캡처 완료 (M)
[[SP500 차트분석]] KO 차트 5개 처리 완료
[TradingView] CSCO 브라우저 세션 시작  (로그인 세션)...
[TradingView] 1H 캡처 완료 (60)
[TradingView] 4H 캡처 완료 (240)
[TradingView] Daily 캡처 완료 (D)
[TradingView] Weekly 캡처 완료 (W)
[TradingView] Monthly 캡처 완료 (M)
[[SP500 차트분석]] CSCO 차트 5개 처리 완료
[TradingView] DELL 브라우저 세션 시작  (로그인 세션)...
[TradingView] 1H 캡처 완료 (60)
[TradingView] 4H 캡처 완료 (240)
[TradingView] Daily 캡처 완료 (D)
[TradingView] Weekly 캡처 완료 (W)
[TradingView] Monthly 캡처 완료 (M)
[[SP500 차트분석]] DELL 차트 5개 처리 완료
[TradingView] LLY 브라우저 세션 시작  (로그인 세션)...
[TradingView] 1H 캡처 완료 (60)
[TradingView] 4H 캡처 완료 (240)
[TradingView] Daily 캡처 완료 (D)
[TradingView] Weekly 캡처 완료 (W)
[TradingView] Monthly 캡처 완료 (M)
[[SP500 차트분석]] LLY 차트 5개 처리 완료
[TradingView] CDNS 브라우저 세션 시작  (로그인 세션)...
[TradingView] 1H 캡처 완료 (60)
[TradingView] 4H 캡처 완료 (240)
[TradingView] Daily 캡처 완료 (D)
[TradingView] Weekly 캡처 완료 (W)
[TradingView] Monthly 캡처 완료 (M)
[[SP500 차트분석]] CDNS 차트 5개 처리 완료
[TradingView] MRVL 브라우저 세션 시작  (로그인 세션)...
[TradingView] 1H 캡처 완료 (60)
[TradingView] 4H 캡처 완료 (240)
[TradingView] Daily 캡처 완료 (D)
[TradingView] Weekly 캡처 완료 (W)
[TradingView] Monthly 캡처 완료 (M)
[[SP500 차트분석]] MRVL 차트 5개 처리 완료
[TradingView] KLAC 브라우저 세션 시작  (로그인 세션)...
[TradingView] 1H 캡처 완료 (60)
[TradingView] 4H 캡처 완료 (240)
[TradingView] Daily 캡처 완료 (D)
[TradingView] Weekly 캡처 완료 (W)
[TradingView] Monthly 캡처 완료 (M)
[[SP500 차트분석]] KLAC 차트 5개 처리 완료
[TradingView] TXN 브라우저 세션 시작  (로그인 세션)...
[TradingView] 1H 캡처 완료 (60)
[TradingView] 4H 캡처 완료 (240)
[TradingView] Daily 캡처 완료 (D)
[TradingView] Weekly 캡처 완료 (W)
[TradingView] Monthly 캡처 완료 (M)
[[SP500 차트분석]] TXN 차트 5개 처리 완료
[TradingView] WDC 브라우저 세션 시작  (로그인 세션)...
[TradingView] 1H 캡처 완료 (60)
[TradingView] 4H 캡처 완료 (240)
[TradingView] Daily 캡처 완료 (D)
[TradingView] Weekly 캡처 완료 (W)
[TradingView] Monthly 캡처 완료 (M)
[[SP500 차트분석]] WDC 차트 5개 처리 완료
[TradingView] STX 브라우저 세션 시작  (로그인 세션)...
[TradingView] 1H 캡처 완료 (60)
[TradingView] 4H 캡처 완료 (240)
[TradingView] Daily 캡처 완료 (D)
[TradingView] Weekly 캡처 완료 (W)
[TradingView] Monthly 캡처 완료 (M)
[[SP500 차트분석]] STX 차트 5개 처리 완료
[TradingView] ANET 브라우저 세션 시작  (로그인 세션)...
[TradingView] 1H 캡처 완료 (60)
[TradingView] 4H 캡처 완료 (240)
[TradingView] Daily 캡처 완료 (D)
[TradingView] Weekly 캡처 완료 (W)
[TradingView] Monthly 캡처 완료 (M)
[[SP500 차트분석]] ANET 차트 5개 처리 완료
[TradingView] HPE 브라우저 세션 시작  (로그인 세션)...
[TradingView] 1H 캡처 완료 (60)
[TradingView] 4H 캡처 완료 (240)
[TradingView] Daily 캡처 완료 (D)
[TradingView] Weekly 캡처 완료 (W)
[TradingView] Monthly 캡처 완료 (M)
[[SP500 차트분석]] HPE 차트 5개 처리 완료
[TradingView] JNJ 브라우저 세션 시작  (로그인 세션)...
[TradingView] 1H 캡처 완료 (60)
[TradingView] 4H 캡처 완료 (240)
[TradingView] Daily 캡처 완료 (D)
[TradingView] Weekly 캡처 완료 (W)
[TradingView] Monthly 캡처 완료 (M)
[[SP500 차트분석]] JNJ 차트 5개 처리 완료
[TradingView] NVDA 브라우저 세션 시작  (로그인 세션)...
[TradingView] 1H 캡처 완료 (60)
[TradingView] 4H 캡처 완료 (240)
[TradingView] Daily 캡처 완료 (D)
[TradingView] Weekly 캡처 완료 (W)
[TradingView] Monthly 캡처 완료 (M)
[[SP500 차트분석]] NVDA 차트 5개 처리 완료
[TradingView] DLR 브라우저 세션 시작  (로그인 세션)...
[TradingView] 1H 캡처 완료 (60)
[TradingView] 4H 캡처 완료 (240)
[TradingView] Daily 캡처 완료 (D)
[TradingView] Weekly 캡처 완료 (W)
[TradingView] Monthly 캡처 완료 (M)
[[SP500 차트분석]] DLR 차트 5개 처리 완료
[TradingView] HWM 브라우저 세션 시작  (로그인 세션)...
[TradingView] 1H 캡처 완료 (60)
[TradingView] 4H 캡처 완료 (240)
[TradingView] Daily 캡처 완료 (D)
[TradingView] Weekly 캡처 완료 (W)
[TradingView] Monthly 캡처 완료 (M)
[[SP500 차트분석]] HWM 차트 5개 처리 완료
[TradingView] JPM 브라우저 세션 시작  (로그인 세션)...
[TradingView] 1H 캡처 완료 (60)
[TradingView] 4H 캡처 완료 (240)
[TradingView] Daily 캡처 완료 (D)
[TradingView] Weekly 캡처 완료 (W)
[TradingView] Monthly 캡처 완료 (M)
[[SP500 차트분석]] JPM 차트 5개 처리 완료
[TradingView] WFC 브라우저 세션 시작  (로그인 세션)...
[TradingView] 1H 캡처 완료 (60)
[TradingView] 4H 캡처 완료 (240)
[TradingView] Daily 캡처 완료 (D)
[TradingView] Weekly 캡처 완료 (W)
[TradingView] Monthly 캡처 완료 (M)
[[SP500 차트분석]] WFC 차트 5개 처리 완료
[TradingView] NEE 브라우저 세션 시작  (로그인 세션)...
[TradingView] 1H 캡처 완료 (60)
[TradingView] 4H 캡처 완료 (240)
[TradingView] Daily 캡처 완료 (D)
[TradingView] Weekly 캡처 완료 (W)
[TradingView] Monthly 캡처 완료 (M)
[[SP500 차트분석]] NEE 차트 5개 처리 완료
[TradingView] QCOM 브라우저 세션 시작  (로그인 세션)...
[TradingView] 1H 캡처 완료 (60)
[TradingView] 4H 캡처 완료 (240)
[TradingView] Daily 캡처 완료 (D)
[TradingView] Weekly 캡처 완료 (W)
[TradingView] Monthly 캡처 완료 (M)
[[SP500 차트분석]] QCOM 차트 5개 처리 완료
[TradingView] BRK-B 브라우저 세션 시작  (로그인 세션)...
[TradingView] 1H 캡처 완료 (60)
[TradingView] 4H 캡처 완료 (240)
[TradingView] Daily 캡처 완료 (D)
[TradingView] Weekly 캡처 완료 (W)
[TradingView] Monthly 캡처 완료 (M)
[[SP500 차트분석]] BRK-B 차트 5개 처리 완료
[TradingView] NXPI 브라우저 세션 시작  (로그인 세션)...
[TradingView] 1H 캡처 완료 (60)
[TradingView] 4H 캡처 완료 (240)
[TradingView] Daily 캡처 완료 (D)
[TradingView] Weekly 캡처 완료 (W)
[TradingView] Monthly 캡처 완료 (M)
[[SP500 차트분석]] NXPI 차트 5개 처리 완료
[TradingView] GE 브라우저 세션 시작  (로그인 세션)...
[TradingView] 1H 캡처 완료 (60)
[TradingView] 4H 캡처 완료 (240)
[TradingView] Daily 캡처 완료 (D)
[TradingView] Weekly 캡처 완료 (W)
[TradingView] Monthly 캡처 완료 (M)
[[SP500 차트분석]] GE 차트 5개 처리 완료
[TradingView] AMZN 브라우저 세션 시작  (로그인 세션)...
[TradingView] 1H 캡처 완료 (60)
[TradingView] 4H 캡처 완료 (240)
[TradingView] Daily 캡처 완료 (D)
[TradingView] Weekly 캡처 완료 (W)
[TradingView] Monthly 캡처 완료 (M)
[[SP500 차트분석]] AMZN 차트 5개 처리 완료
[TradingView] BLK 브라우저 세션 시작  (로그인 세션)...
[TradingView] 1H 캡처 완료 (60)
[TradingView] 4H 캡처 완료 (240)
[TradingView] Daily 캡처 완료 (D)
[TradingView] Weekly 캡처 완료 (W)
[TradingView] Monthly 캡처 완료 (M)
[[SP500 차트분석]] BLK 차트 5개 처리 완료
[TradingView] GS 브라우저 세션 시작  (로그인 세션)...
[TradingView] 1H 캡처 완료 (60)
[TradingView] 4H 캡처 완료 (240)
[TradingView] Daily 캡처 완료 (D)
[TradingView] Weekly 캡처 완료 (W)
[TradingView] Monthly 캡처 완료 (M)
[[SP500 차트분석]] GS 차트 5개 처리 완료
[TradingView] AMGN 브라우저 세션 시작  (로그인 세션)...
[TradingView] 1H 캡처 완료 (60)
[TradingView] 4H 캡처 완료 (240)
[TradingView] Daily 캡처 완료 (D)
[TradingView] Weekly 캡처 완료 (W)
[TradingView] Monthly 캡처 완료 (M)
[[SP500 차트분석]] AMGN 차트 5개 처리 완료
[TradingView] INTC 브라우저 세션 시작  (로그인 세션)...
[TradingView] 1H 캡처 완료 (60)
[TradingView] 4H 캡처 완료 (240)
[TradingView] Daily 캡처 완료 (D)
[TradingView] Weekly 캡처 완료 (W)
[TradingView] Monthly 캡처 완료 (M)
[[SP500 차트분석]] INTC 차트 5개 처리 완료
[TradingView] PG 브라우저 세션 시작  (로그인 세션)...
[TradingView] 1H 캡처 완료 (60)
[TradingView] 4H 캡처 완료 (240)
[TradingView] Daily 캡처 완료 (D)
[TradingView] Weekly 캡처 완료 (W)
[TradingView] Monthly 캡처 완료 (M)
[[SP500 차트분석]] PG 차트 5개 처리 완료
[TradingView] NFLX 브라우저 세션 시작  (로그인 세션)...
[TradingView] 1H 캡처 완료 (60)
[TradingView] 4H 캡처 완료 (240)
[TradingView] Daily 캡처 완료 (D)
[TradingView] Weekly 캡처 완료 (W)
[TradingView] Monthly 캡처 완료 (M)
[[SP500 차트분석]] NFLX 차트 5개 처리 완료
[TradingView] ADI 브라우저 세션 시작  (로그인 세션)...
[TradingView] 1H 캡처 완료 (60)
[TradingView] 4H 캡처 완료 (240)
[TradingView] Daily 캡처 완료 (D)
[TradingView] Weekly 캡처 완료 (W)
[TradingView] Monthly 캡처 완료 (M)
[[SP500 차트분석]] ADI 차트 5개 처리 완료
[TradingView] ORCL 브라우저 세션 시작  (로그인 세션)...
[TradingView] 1H 캡처 완료 (60)
[TradingView] 4H 캡처 완료 (240)
[TradingView] Daily 캡처 완료 (D)
[TradingView] Weekly 캡처 완료 (W)
[TradingView] Monthly 캡처 완료 (M)
[[SP500 차트분석]] ORCL 차트 5개 처리 완료
[TradingView] DIS 브라우저 세션 시작  (로그인 세션)...
[TradingView] 1H 캡처 완료 (60)
[TradingView] 4H 캡처 완료 (240)
[TradingView] Daily 캡처 완료 (D)
[TradingView] Weekly 캡처 완료 (W)
[TradingView] Monthly 캡처 완료 (M)
[[SP500 차트분석]] DIS 차트 5개 처리 완료
[TradingView] WMT 브라우저 세션 시작  (로그인 세션)...
[TradingView] 1H 캡처 완료 (60)
[TradingView] 4H 캡처 완료 (240)
[TradingView] Daily 캡처 완료 (D)
[TradingView] Weekly 캡처 완료 (W)
[TradingView] Monthly 캡처 완료 (M)
[[SP500 차트분석]] WMT 차트 5개 처리 완료
[TradingView] 티커 매핑 적용: NBM.V -> NBM
[TradingView] NBM.V 브라우저 세션 시작  (로그인 세션)...
[TradingView] 1H 캡처 완료 (60)
[TradingView] 4H 캡처 완료 (240)
[TradingView] Daily 캡처 완료 (D)
[TradingView] Weekly 캡처 완료 (W)
[TradingView] Monthly 캡처 완료 (M)
[[SP500 차트분석]] NBM.V 차트 5개 처리 완료
[TradingView] UUUU 브라우저 세션 시작  (로그인 세션)...
[TradingView] 1H 캡처 완료 (60)
[TradingView] 4H 캡처 완료 (240)
[TradingView] Daily 캡처 완료 (D)
[TradingView] Weekly 캡처 완료 (W)
[TradingView] Monthly 캡처 완료 (M)
[[SP500 차트분석]] UUUU 차트 5개 처리 완료
[[SP500 차트분석]] 차트 캡처 완료
[[SP500 차트분석]] GitHub에 차트 이미지 푸시 중...
[main 21493b9] Update chart screenshots 1785130556
 760 files changed, 0 insertions(+), 0 deletions(-)
 delete mode 100644 charts/screenshots/AAPL/AAPL_1H_20260726_044131.png
 create mode 100644 charts/screenshots/AAPL/AAPL_1H_20260727_045028.png
 delete mode 100644 charts/screenshots/AAPL/AAPL_4H_20260726_044131.png
 create mode 100644 charts/screenshots/AAPL/AAPL_4H_20260727_045028.png
 delete mode 100644 charts/screenshots/AAPL/AAPL_Daily_20260726_044131.png
 create mode 100644 charts/screenshots/AAPL/AAPL_Daily_20260727_045028.png
 delete mode 100644 charts/screenshots/AAPL/AAPL_Monthly_20260726_044131.png
 create mode 100644 charts/screenshots/AAPL/AAPL_Monthly_20260727_045028.png
 delete mode 100644 charts/screenshots/AAPL/AAPL_Weekly_20260726_044131.png
 create mode 100644 charts/screenshots/AAPL/AAPL_Weekly_20260727_045028.png
 delete mode 100644 charts/screenshots/ABBV/ABBV_1H_20260726_044211.png
 create mode 100644 charts/screenshots/ABBV/ABBV_1H_20260727_045107.png
 delete mode 100644 charts/screenshots/ABBV/ABBV_4H_20260726_044211.png
 create mode 100644 charts/screenshots/ABBV/ABBV_4H_20260727_045107.png
 delete mode 100644 charts/screenshots/ABBV/ABBV_Daily_20260726_044211.png
 create mode 100644 charts/screenshots/ABBV/ABBV_Daily_20260727_045107.png
 delete mode 100644 charts/screenshots/ABBV/ABBV_Monthly_20260726_044211.png
 create mode 100644 charts/screenshots/ABBV/ABBV_Monthly_20260727_045107.png
 delete mode 100644 charts/screenshots/ABBV/ABBV_Weekly_20260726_044211.png
 create mode 100644 charts/screenshots/ABBV/ABBV_Weekly_20260727_045107.png
 delete mode 100644 charts/screenshots/ADI/ADI_1H_20260726_052311.png
 create mode 100644 charts/screenshots/ADI/ADI_1H_20260727_053151.png
 delete mode 100644 charts/screenshots/ADI/ADI_4H_20260726_052311.png
 create mode 100644 charts/screenshots/ADI/ADI_4H_20260727_053151.png
 delete mode 100644 charts/screenshots/ADI/ADI_Daily_20260726_052311.png
 create mode 100644 charts/screenshots/ADI/ADI_Daily_20260727_053151.png
 delete mode 100644 charts/screenshots/ADI/ADI_Monthly_20260726_052311.png
 create mode 100644 charts/screenshots/ADI/ADI_Monthly_20260727_053151.png
 delete mode 100644 charts/screenshots/ADI/ADI_Weekly_20260726_052311.png
 create mode 100644 charts/screenshots/ADI/ADI_Weekly_20260727_053151.png
 delete mode 100644 charts/screenshots/AMAT/AMAT_1H_20260726_045724.png
 create mode 100644 charts/screenshots/AMAT/AMAT_1H_20260727_050613.png
 delete mode 100644 charts/screenshots/AMAT/AMAT_4H_20260726_045724.png
 create mode 100644 charts/screenshots/AMAT/AMAT_4H_20260727_050613.png
 delete mode 100644 charts/screenshots/AMAT/AMAT_Daily_20260726_045724.png
 create mode 100644 charts/screenshots/AMAT/AMAT_Daily_20260727_050613.png
 delete mode 100644 charts/screenshots/AMAT/AMAT_Monthly_20260726_045724.png
 create mode 100644 charts/screenshots/AMAT/AMAT_Monthly_20260727_050613.png
 delete mode 100644 charts/screenshots/AMAT/AMAT_Weekly_20260726_045724.png
 create mode 100644 charts/screenshots/AMAT/AMAT_Weekly_20260727_050613.png
 delete mode 100644 charts/screenshots/AMD/AMD_1H_20260726_050242.png
 create mode 100644 charts/screenshots/AMD/AMD_1H_20260727_051129.png
 delete mode 100644 charts/screenshots/AMD/AMD_4H_20260726_050242.png
 create mode 100644 charts/screenshots/AMD/AMD_4H_20260727_051129.png
 delete mode 100644 charts/screenshots/AMD/AMD_Daily_20260726_050242.png
 create mode 100644 charts/screenshots/AMD/AMD_Daily_20260727_051129.png
 delete mode 100644 charts/screenshots/AMD/AMD_Monthly_20260726_050242.png
 create mode 100644 charts/screenshots/AMD/AMD_Monthly_20260727_051129.png
 delete mode 100644 charts/screenshots/AMD/AMD_Weekly_20260726_050242.png
 create mode 100644 charts/screenshots/AMD/AMD_Weekly_20260727_051129.png
 delete mode 100644 charts/screenshots/AMGN/AMGN_1H_20260726_052032.png
 create mode 100644 charts/screenshots/AMGN/AMGN_1H_20260727_052913.png
 delete mode 100644 charts/screenshots/AMGN/AMGN_4H_20260726_052032.png
 create mode 100644 charts/screenshots/AMGN/AMGN_4H_20260727_052913.png
 delete mode 100644 charts/screenshots/AMGN/AMGN_Daily_20260726_052032.png
 create mode 100644 charts/screenshots/AMGN/AMGN_Daily_20260727_052913.png
 delete mode 100644 charts/screenshots/AMGN/AMGN_Monthly_20260726_052032.png
 create mode 100644 charts/screenshots/AMGN/AMGN_Monthly_20260727_052913.png
 delete mode 100644 charts/screenshots/AMGN/AMGN_Weekly_20260726_052032.png
 create mode 100644 charts/screenshots/AMGN/AMGN_Weekly_20260727_052913.png
 delete mode 100644 charts/screenshots/AMZN/AMZN_1H_20260726_051834.png
 create mode 100644 charts/screenshots/AMZN/AMZN_1H_20260727_052714.png
 delete mode 100644 charts/screenshots/AMZN/AMZN_4H_20260726_051834.png
 create mode 100644 charts/screenshots/AMZN/AMZN_4H_20260727_052714.png
 delete mode 100644 charts/screenshots/AMZN/AMZN_Daily_20260726_051834.png
 create mode 100644 charts/screenshots/AMZN/AMZN_Daily_20260727_052714.png
 delete mode 100644 charts/screenshots/AMZN/AMZN_Monthly_20260726_051834.png
 create mode 100644 charts/screenshots/AMZN/AMZN_Monthly_20260727_052714.png
 delete mode 100644 charts/screenshots/AMZN/AMZN_Weekly_20260726_051834.png
 create mode 100644 charts/screenshots/AMZN/AMZN_Weekly_20260727_052714.png
 delete mode 100644 charts/screenshots/ANET/ANET_1H_20260726_050959.png
 create mode 100644 charts/screenshots/ANET/ANET_1H_20260727_051841.png
 delete mode 100644 charts/screenshots/ANET/ANET_4H_20260726_050959.png
 create mode 100644 charts/screenshots/ANET/ANET_4H_20260727_051841.png
 delete mode 100644 charts/screenshots/ANET/ANET_Daily_20260726_050959.png
 create mode 100644 charts/screenshots/ANET/ANET_Daily_20260727_051841.png
 delete mode 100644 charts/screenshots/ANET/ANET_Monthly_20260726_050959.png
 create mode 100644 charts/screenshots/ANET/ANET_Monthly_20260727_051841.png
 delete mode 100644 charts/screenshots/ANET/ANET_Weekly_20260726_050959.png
 create mode 100644 charts/screenshots/ANET/ANET_Weekly_20260727_051841.png
 delete mode 100644 charts/screenshots/APH/APH_1H_20260726_045804.png
 create mode 100644 charts/screenshots/APH/APH_1H_20260727_050653.png
 delete mode 100644 charts/screenshots/APH/APH_4H_20260726_045804.png
 create mode 100644 charts/screenshots/APH/APH_4H_20260727_050653.png
 delete mode 100644 charts/screenshots/APH/APH_Daily_20260726_045804.png
 create mode 100644 charts/screenshots/APH/APH_Daily_20260727_050653.png
 delete mode 100644 charts/screenshots/APH/APH_Monthly_20260726_045804.png
 create mode 100644 charts/screenshots/APH/APH_Monthly_20260727_050653.png
 delete mode 100644 charts/screenshots/APH/APH_Weekly_20260726_045804.png
 create mode 100644 charts/screenshots/APH/APH_Weekly_20260727_050653.png
 delete mode 100644 charts/screenshots/ASML/ASML_1H_20260726_045049.png
 create mode 100644 charts/screenshots/ASML/ASML_1H_20260727_045937.png
 delete mode 100644 charts/screenshots/ASML/ASML_4H_20260726_045049.png
 create mode 100644 charts/screenshots/ASML/ASML_4H_20260727_045937.png
 delete mode 100644 charts/screenshots/ASML/ASML_Daily_20260726_045049.png
 create mode 100644 charts/screenshots/ASML/ASML_Daily_20260727_045937.png
 delete mode 100644 charts/screenshots/ASML/ASML_Monthly_20260726_045049.png
 create mode 100644 charts/screenshots/ASML/ASML_Monthly_20260727_045937.png
 delete mode 100644 charts/screenshots/ASML/ASML_Weekly_20260726_045049.png
 create mode 100644 charts/screenshots/ASML/ASML_Weekly_20260727_045937.png
 delete mode 100644 charts/screenshots/AXP/AXP_1H_20260726_044608.png
 create mode 100644 charts/screenshots/AXP/AXP_1H_20260727_045504.png
 delete mode 100644 charts/screenshots/AXP/AXP_4H_20260726_044608.png
 create mode 100644 charts/screenshots/AXP/AXP_4H_20260727_045504.png
 delete mode 100644 charts/screenshots/AXP/AXP_Daily_20260726_044608.png
 create mode 100644 charts/screenshots/AXP/AXP_Daily_20260727_045504.png
 delete mode 100644 charts/screenshots/AXP/AXP_Monthly_20260726_044608.png
 create mode 100644 charts/screenshots/AXP/AXP_Monthly_20260727_045504.png
 delete mode 100644 charts/screenshots/AXP/AXP_Weekly_20260726_044608.png
 create mode 100644 charts/screenshots/AXP/AXP_Weekly_20260727_045504.png
 delete mode 100644 charts/screenshots/BAC/BAC_1H_20260726_044252.png
 create mode 100644 charts/screenshots/BAC/BAC_1H_20260727_045147.png
 delete mode 100644 charts/screenshots/BAC/BAC_4H_20260726_044252.png
 create mode 100644 charts/screenshots/BAC/BAC_4H_20260727_045147.png
 delete mode 100644 charts/screenshots/BAC/BAC_Daily_20260726_044252.png
 create mode 100644 charts/screenshots/BAC/BAC_Daily_20260727_045147.png
 delete mode 100644 charts/screenshots/BAC/BAC_Monthly_20260726_044252.png
 create mode 100644 charts/screenshots/BAC/BAC_Monthly_20260727_045147.png
 delete mode 100644 charts/screenshots/BAC/BAC_Weekly_20260726_044252.png
 create mode 100644 charts/screenshots/BAC/BAC_Weekly_20260727_045147.png
 delete mode 100644 charts/screenshots/BLK/BLK_1H_20260726_051913.png
 create mode 100644 charts/screenshots/BLK/BLK_1H_20260727_052754.png
 delete mode 100644 charts/screenshots/BLK/BLK_4H_20260726_051913.png
 create mode 100644 charts/screenshots/BLK/BLK_4H_20260727_052754.png
 delete mode 100644 charts/screenshots/BLK/BLK_Daily_20260726_051913.png
 create mode 100644 charts/screenshots/BLK/BLK_Daily_20260727_052754.png
 delete mode 100644 charts/screenshots/BLK/BLK_Monthly_20260726_051913.png
 create mode 100644 charts/screenshots/BLK/BLK_Monthly_20260727_052754.png
 delete mode 100644 charts/screenshots/BLK/BLK_Weekly_20260726_051913.png
 create mode 100644 charts/screenshots/BLK/BLK_Weekly_20260727_052754.png
 delete mode 100644 charts/screenshots/BRK-B/BRK-B_1H_20260726_051635.png
 create mode 100644 charts/screenshots/BRK-B/BRK-B_1H_20260727_052515.png
 delete mode 100644 charts/screenshots/BRK-B/BRK-B_4H_20260726_051635.png
 create mode 100644 charts/screenshots/BRK-B/BRK-B_4H_20260727_052515.png
 delete mode 100644 charts/screenshots/BRK-B/BRK-B_Daily_20260726_051635.png
 create mode 100644 charts/screenshots/BRK-B/BRK-B_Daily_20260727_052515.png
 delete mode 100644 charts/screenshots/BRK-B/BRK-B_Monthly_20260726_051635.png
 create mode 100644 charts/screenshots/BRK-B/BRK-B_Monthly_20260727_052515.png
 delete mode 100644 charts/screenshots/BRK-B/BRK-B_Weekly_20260726_051635.png
 create mode 100644 charts/screenshots/BRK-B/BRK-B_Weekly_20260727_052515.png
 delete mode 100644 charts/screenshots/C/C_1H_20260726_044530.png
 create mode 100644 charts/screenshots/C/C_1H_20260727_045424.png
 delete mode 100644 charts/screenshots/C/C_4H_20260726_044530.png
 create mode 100644 charts/screenshots/C/C_4H_20260727_045424.png
 delete mode 100644 charts/screenshots/C/C_Daily_20260726_044530.png
 create mode 100644 charts/screenshots/C/C_Daily_20260727_045424.png
 delete mode 100644 charts/screenshots/C/C_Monthly_20260726_044530.png
 create mode 100644 charts/screenshots/C/C_Monthly_20260727_045424.png
 delete mode 100644 charts/screenshots/C/C_Weekly_20260726_044530.png
 create mode 100644 charts/screenshots/C/C_Weekly_20260727_045424.png
 delete mode 100644 charts/screenshots/CAT/CAT_1H_20260726_050004.png
 create mode 100644 charts/screenshots/CAT/CAT_1H_20260727_050852.png
 delete mode 100644 charts/screenshots/CAT/CAT_4H_20260726_050004.png
 create mode 100644 charts/screenshots/CAT/CAT_4H_20260727_050852.png
 delete mode 100644 charts/screenshots/CAT/CAT_Daily_20260726_050004.png
 create mode 100644 charts/screenshots/CAT/CAT_Daily_20260727_050852.png
 delete mode 100644 charts/screenshots/CAT/CAT_Monthly_20260726_050004.png
 create mode 100644 charts/screenshots/CAT/CAT_Monthly_20260727_050852.png
 delete mode 100644 charts/screenshots/CAT/CAT_Weekly_20260726_050004.png
 create mode 100644 charts/screenshots/CAT/CAT_Weekly_20260727_050852.png
 delete mode 100644 charts/screenshots/CDNS/CDNS_1H_20260726_050600.png
 create mode 100644 charts/screenshots/CDNS/CDNS_1H_20260727_051446.png
 delete mode 100644 charts/screenshots/CDNS/CDNS_4H_20260726_050600.png
 create mode 100644 charts/screenshots/CDNS/CDNS_4H_20260727_051446.png
 delete mode 100644 charts/screenshots/CDNS/CDNS_Daily_20260726_050600.png
 create mode 100644 charts/screenshots/CDNS/CDNS_Daily_20260727_051446.png
 delete mode 100644 charts/screenshots/CDNS/CDNS_Monthly_20260726_050600.png
 create mode 100644 charts/screenshots/CDNS/CDNS_Monthly_20260727_051446.png
 delete mode 100644 charts/screenshots/CDNS/CDNS_Weekly_20260726_050600.png
 create mode 100644 charts/screenshots/CDNS/CDNS_Weekly_20260727_051446.png
 delete mode 100644 charts/screenshots/CRWD/CRWD_1H_20260726_043732.png
 create mode 100644 charts/screenshots/CRWD/CRWD_1H_20260727_044631.png
 delete mode 100644 charts/screenshots/CRWD/CRWD_4H_20260726_043732.png
 create mode 100644 charts/screenshots/CRWD/CRWD_4H_20260727_044631.png
 delete mode 100644 charts/screenshots/CRWD/CRWD_Daily_20260726_043732.png
 create mode 100644 charts/screenshots/CRWD/CRWD_Daily_20260727_044631.png
 delete mode 100644 charts/screenshots/CRWD/CRWD_Monthly_20260726_043732.png
 create mode 100644 charts/screenshots/CRWD/CRWD_Monthly_20260727_044631.png
 delete mode 100644 charts/screenshots/CRWD/CRWD_Weekly_20260726_043732.png
 create mode 100644 charts/screenshots/CRWD/CRWD_Weekly_20260727_044631.png
 delete mode 100644 charts/screenshots/CSCO/CSCO_1H_20260726_050400.png
 create mode 100644 charts/screenshots/CSCO/CSCO_1H_20260727_051248.png
 delete mode 100644 charts/screenshots/CSCO/CSCO_4H_20260726_050400.png
 create mode 100644 charts/screenshots/CSCO/CSCO_4H_20260727_051248.png
 delete mode 100644 charts/screenshots/CSCO/CSCO_Daily_20260726_050400.png
 create mode 100644 charts/screenshots/CSCO/CSCO_Daily_20260727_051248.png
 delete mode 100644 charts/screenshots/CSCO/CSCO_Monthly_20260726_050400.png
 create mode 100644 charts/screenshots/CSCO/CSCO_Monthly_20260727_051248.png
 delete mode 100644 charts/screenshots/CSCO/CSCO_Weekly_20260726_050400.png
 create mode 100644 charts/screenshots/CSCO/CSCO_Weekly_20260727_051248.png
 delete mode 100644 charts/screenshots/CVS/CVS_1H_20260726_044331.png
 create mode 100644 charts/screenshots/CVS/CVS_1H_20260727_045226.png
 delete mode 100644 charts/screenshots/CVS/CVS_4H_20260726_044331.png
 create mode 100644 charts/screenshots/CVS/CVS_4H_20260727_045226.png
 delete mode 100644 charts/screenshots/CVS/CVS_Daily_20260726_044331.png
 create mode 100644 charts/screenshots/CVS/CVS_Daily_20260727_045226.png
 delete mode 100644 charts/screenshots/CVS/CVS_Monthly_20260726_044331.png
 create mode 100644 charts/screenshots/CVS/CVS_Monthly_20260727_045226.png
 delete mode 100644 charts/screenshots/CVS/CVS_Weekly_20260726_044331.png
 create mode 100644 charts/screenshots/CVS/CVS_Weekly_20260727_045226.png
 delete mode 100644 charts/screenshots/CVX/CVX_1H_20260726_043931.png
 create mode 100644 charts/screenshots/CVX/CVX_1H_20260727_044830.png
 delete mode 100644 charts/screenshots/CVX/CVX_4H_20260726_043931.png
 create mode 100644 charts/screenshots/CVX/CVX_4H_20260727_044830.png
 delete mode 100644 charts/screenshots/CVX/CVX_Daily_20260726_043931.png
 create mode 100644 charts/screenshots/CVX/CVX_Daily_20260727_044830.png
 delete mode 100644 charts/screenshots/CVX/CVX_Monthly_20260726_043931.png
 create mode 100644 charts/screenshots/CVX/CVX_Monthly_20260727_044830.png
 delete mode 100644 charts/screenshots/CVX/CVX_Weekly_20260726_043931.png
 create mode 100644 charts/screenshots/CVX/CVX_Weekly_20260727_044830.png
 delete mode 100644 charts/screenshots/DDOG/DDOG_1H_20260726_044051.png
 create mode 100644 charts/screenshots/DDOG/DDOG_1H_20260727_044948.png
 delete mode 100644 charts/screenshots/DDOG/DDOG_4H_20260726_044051.png
 create mode 100644 charts/screenshots/DDOG/DDOG_4H_20260727_044948.png
 delete mode 100644 charts/screenshots/DDOG/DDOG_Daily_20260726_044051.png
 create mode 100644 charts/screenshots/DDOG/DDOG_Daily_20260727_044948.png
 delete mode 100644 charts/screenshots/DDOG/DDOG_Monthly_20260726_044051.png
 create mode 100644 charts/screenshots/DDOG/DDOG_Monthly_20260727_044948.png
 delete mode 100644 charts/screenshots/DDOG/DDOG_Weekly_20260726_044051.png
 create mode 100644 charts/screenshots/DDOG/DDOG_Weekly_20260727_044948.png
 delete mode 100644 charts/screenshots/DELL/DELL_1H_20260726_050440.png
 create mode 100644 charts/screenshots/DELL/DELL_1H_20260727_051327.png
 delete mode 100644 charts/screenshots/DELL/DELL_4H_20260726_050440.png
 create mode 100644 charts/screenshots/DELL/DELL_4H_20260727_051327.png
 delete mode 100644 charts/screenshots/DELL/DELL_Daily_20260726_050440.png
 create mode 100644 charts/screenshots/DELL/DELL_Daily_20260727_051327.png
 delete mode 100644 charts/screenshots/DELL/DELL_Monthly_20260726_050440.png
 create mode 100644 charts/screenshots/DELL/DELL_Monthly_20260727_051327.png
 delete mode 100644 charts/screenshots/DELL/DELL_Weekly_20260726_050440.png
 create mode 100644 charts/screenshots/DELL/DELL_Weekly_20260727_051327.png
 delete mode 100644 charts/screenshots/DIS/DIS_1H_20260726_052430.png
 create mode 100644 charts/screenshots/DIS/DIS_1H_20260727_053310.png
 delete mode 100644 charts/screenshots/DIS/DIS_4H_20260726_052430.png
 create mode 100644 charts/screenshots/DIS/DIS_4H_20260727_053310.png
 delete mode 100644 charts/screenshots/DIS/DIS_Daily_20260726_052430.png
 create mode 100644 charts/screenshots/DIS/DIS_Daily_20260727_053310.png
 delete mode 100644 charts/screenshots/DIS/DIS_Monthly_20260726_052430.png
 create mode 100644 charts/screenshots/DIS/DIS_Monthly_20260727_053310.png
 delete mode 100644 charts/screenshots/DIS/DIS_Weekly_20260726_052430.png
 create mode 100644 charts/screenshots/DIS/DIS_Weekly_20260727_053310.png
 delete mode 100644 charts/screenshots/DLR/DLR_1H_20260726_051238.png
 create mode 100644 charts/screenshots/DLR/DLR_1H_20260727_052119.png
 delete mode 100644 charts/screenshots/DLR/DLR_4H_20260726_051238.png
 create mode 100644 charts/screenshots/DLR/DLR_4H_20260727_052119.png
 delete mode 100644 charts/screenshots/DLR/DLR_Daily_20260726_051238.png
 create mode 100644 charts/screenshots/DLR/DLR_Daily_20260727_052119.png
 delete mode 100644 charts/screenshots/DLR/DLR_Monthly_20260726_051238.png
 create mode 100644 charts/screenshots/DLR/DLR_Monthly_20260727_052119.png
 delete mode 100644 charts/screenshots/DLR/DLR_Weekly_20260726_051238.png
 create mode 100644 charts/screenshots/DLR/DLR_Weekly_20260727_052119.png
 delete mode 100644 charts/screenshots/FTNT/FTNT_1H_20260726_043851.png
 create mode 100644 charts/screenshots/FTNT/FTNT_1H_20260727_044751.png
 delete mode 100644 charts/screenshots/FTNT/FTNT_4H_20260726_043851.png
 create mode 100644 charts/screenshots/FTNT/FTNT_4H_20260727_044751.png
 delete mode 100644 charts/screenshots/FTNT/FTNT_Daily_20260726_043851.png
 create mode 100644 charts/screenshots/FTNT/FTNT_Daily_20260727_044751.png
 delete mode 100644 charts/screenshots/FTNT/FTNT_Monthly_20260726_043851.png
 create mode 100644 charts/screenshots/FTNT/FTNT_Monthly_20260727_044751.png
 delete mode 100644 charts/screenshots/FTNT/FTNT_Weekly_20260726_043851.png
 create mode 100644 charts/screenshots/FTNT/FTNT_Weekly_20260727_044751.png
 delete mode 100644 charts/screenshots/GE/GE_1H_20260726_051754.png
 create mode 100644 charts/screenshots/GE/GE_1H_20260727_052635.png
 delete mode 100644 charts/screenshots/GE/GE_4H_20260726_051754.png
 create mode 100644 charts/screenshots/GE/GE_4H_20260727_052635.png
 delete mode 100644 charts/screenshots/GE/GE_Daily_20260726_051754.png
 create mode 100644 charts/screenshots/GE/GE_Daily_20260727_052635.png
 delete mode 100644 charts/screenshots/GE/GE_Monthly_20260726_051754.png
 create mode 100644 charts/screenshots/GE/GE_Monthly_20260727_052635.png
 delete mode 100644 charts/screenshots/GE/GE_Weekly_20260726_051754.png
 create mode 100644 charts/screenshots/GE/GE_Weekly_20260727_052635.png
 delete mode 100644 charts/screenshots/GEV/GEV_1H_20260726_050202.png
 create mode 100644 charts/screenshots/GEV/GEV_1H_20260727_051049.png
 delete mode 100644 charts/screenshots/GEV/GEV_4H_20260726_050202.png
 create mode 100644 charts/screenshots/GEV/GEV_4H_20260727_051049.png
 delete mode 100644 charts/screenshots/GEV/GEV_Daily_20260726_050202.png
 create mode 100644 charts/screenshots/GEV/GEV_Daily_20260727_051049.png
 delete mode 100644 charts/screenshots/GEV/GEV_Monthly_20260726_050202.png
 create mode 100644 charts/screenshots/GEV/GEV_Monthly_20260727_051049.png
 delete mode 100644 charts/screenshots/GEV/GEV_Weekly_20260726_050202.png
 create mode 100644 charts/screenshots/GEV/GEV_Weekly_20260727_051049.png
 delete mode 100644 charts/screenshots/GS/GS_1H_20260726_051953.png
 create mode 100644 charts/screenshots/GS/GS_1H_20260727_052833.png
 delete mode 100644 charts/screenshots/GS/GS_4H_20260726_051953.png
 create mode 100644 charts/screenshots/GS/GS_4H_20260727_052833.png
 delete mode 100644 charts/screenshots/GS/GS_Daily_20260726_051953.png
 create mode 100644 charts/screenshots/GS/GS_Daily_20260727_052833.png
 delete mode 100644 charts/screenshots/GS/GS_Monthly_20260726_051953.png
 create mode 100644 charts/screenshots/GS/GS_Monthly_20260727_052833.png
 delete mode 100644 charts/screenshots/GS/GS_Weekly_20260726_051953.png
 create mode 100644 charts/screenshots/GS/GS_Weekly_20260727_052833.png
 delete mode 100644 charts/screenshots/HD/HD_1H_20260726_045645.png
 create mode 100644 charts/screenshots/HD/HD_1H_20260727_050534.png
 delete mode 100644 charts/screenshots/HD/HD_4H_20260726_045645.png
 create mode 100644 charts/screenshots/HD/HD_4H_20260727_050534.png
 delete mode 100644 charts/screenshots/HD/HD_Daily_20260726_045645.png
 create mode 100644 charts/screenshots/HD/HD_Daily_20260727_050534.png
 delete mode 100644 charts/screenshots/HD/HD_Monthly_20260726_045645.png
 create mode 100644 charts/screenshots/HD/HD_Monthly_20260727_050534.png
 delete mode 100644 charts/screenshots/HD/HD_Weekly_20260726_045645.png
 create mode 100644 charts/screenshots/HD/HD_Weekly_20260727_050534.png
 delete mode 100644 charts/screenshots/HOOD/HOOD_1H_20260726_045008.png
 create mode 100644 charts/screenshots/HOOD/HOOD_1H_20260727_045858.png
 delete mode 100644 charts/screenshots/HOOD/HOOD_4H_20260726_045008.png
 create mode 100644 charts/screenshots/HOOD/HOOD_4H_20260727_045858.png
 delete mode 100644 charts/screenshots/HOOD/HOOD_Daily_20260726_045008.png
 create mode 100644 charts/screenshots/HOOD/HOOD_Daily_20260727_045858.png
 delete mode 100644 charts/screenshots/HOOD/HOOD_Monthly_20260726_045008.png
 create mode 100644 charts/screenshots/HOOD/HOOD_Monthly_20260727_045858.png
 delete mode 100644 charts/screenshots/HOOD/HOOD_Weekly_20260726_045008.png
 create mode 100644 charts/screenshots/HOOD/HOOD_Weekly_20260727_045858.png
 delete mode 100644 charts/screenshots/HPE/HPE_1H_20260726_051039.png
 create mode 100644 charts/screenshots/HPE/HPE_1H_20260727_051921.png
 delete mode 100644 charts/screenshots/HPE/HPE_4H_20260726_051039.png
 create mode 100644 charts/screenshots/HPE/HPE_4H_20260727_051921.png
 delete mode 100644 charts/screenshots/HPE/HPE_Daily_20260726_051039.png
 create mode 100644 charts/screenshots/HPE/HPE_Daily_20260727_051921.png
 delete mode 100644 charts/screenshots/HPE/HPE_Monthly_20260726_051039.png
 create mode 100644 charts/screenshots/HPE/HPE_Monthly_20260727_051921.png
 delete mode 100644 charts/screenshots/HPE/HPE_Weekly_20260726_051039.png
 create mode 100644 charts/screenshots/HPE/HPE_Weekly_20260727_051921.png
 delete mode 100644 charts/screenshots/HWM/HWM_1H_20260726_051318.png
 create mode 100644 charts/screenshots/HWM/HWM_1H_20260727_052158.png
 delete mode 100644 charts/screenshots/HWM/HWM_4H_20260726_051318.png
 create mode 100644 charts/screenshots/HWM/HWM_4H_20260727_052158.png
 delete mode 100644 charts/screenshots/HWM/HWM_Daily_20260726_051318.png
 create mode 100644 charts/screenshots/HWM/HWM_Daily_20260727_052158.png
 delete mode 100644 charts/screenshots/HWM/HWM_Monthly_20260726_051318.png
 create mode 100644 charts/screenshots/HWM/HWM_Monthly_20260727_052158.png
 delete mode 100644 charts/screenshots/HWM/HWM_Weekly_20260726_051318.png
 create mode 100644 charts/screenshots/HWM/HWM_Weekly_20260727_052158.png
 delete mode 100644 charts/screenshots/IBM/IBM_1H_20260726_050043.png
 create mode 100644 charts/screenshots/IBM/IBM_1H_20260727_050931.png
 delete mode 100644 charts/screenshots/IBM/IBM_4H_20260726_050043.png
 create mode 100644 charts/screenshots/IBM/IBM_4H_20260727_050931.png
 delete mode 100644 charts/screenshots/IBM/IBM_Daily_20260726_050043.png
 create mode 100644 charts/screenshots/IBM/IBM_Daily_20260727_050931.png
 delete mode 100644 charts/screenshots/IBM/IBM_Monthly_20260726_050043.png
 create mode 100644 charts/screenshots/IBM/IBM_Monthly_20260727_050931.png
 delete mode 100644 charts/screenshots/IBM/IBM_Weekly_20260726_050043.png
 create mode 100644 charts/screenshots/IBM/IBM_Weekly_20260727_050931.png
 delete mode 100644 charts/screenshots/INTC/INTC_1H_20260726_052112.png
 create mode 100644 charts/screenshots/INTC/INTC_1H_20260727_052953.png
 delete mode 100644 charts/screenshots/INTC/INTC_4H_20260726_052112.png
 create mode 100644 charts/screenshots/INTC/INTC_4H_20260727_052953.png
 delete mode 100644 charts/screenshots/INTC/INTC_Daily_20260726_052112.png
 create mode 100644 charts/screenshots/INTC/INTC_Daily_20260727_052953.png
 delete mode 100644 charts/screenshots/INTC/INTC_Monthly_20260726_052112.png
 create mode 100644 charts/screenshots/INTC/INTC_Monthly_20260727_052953.png
 delete mode 100644 charts/screenshots/INTC/INTC_Weekly_20260726_052112.png
 create mode 100644 charts/screenshots/INTC/INTC_Weekly_20260727_052953.png
 delete mode 100644 charts/screenshots/IWM/IWM_1H_20260726_044850.png
 create mode 100644 charts/screenshots/IWM/IWM_1H_20260727_045742.png
 delete mode 100644 charts/screenshots/IWM/IWM_4H_20260726_044850.png
 create mode 100644 charts/screenshots/IWM/IWM_4H_20260727_045742.png
 delete mode 100644 charts/screenshots/IWM/IWM_Daily_20260726_044850.png
 create mode 100644 charts/screenshots/IWM/IWM_Daily_20260727_045742.png
 delete mode 100644 charts/screenshots/IWM/IWM_Monthly_20260726_044850.png
 create mode 100644 charts/screenshots/IWM/IWM_Monthly_20260727_045742.png
 delete mode 100644 charts/screenshots/IWM/IWM_Weekly_20260726_044850.png
 create mode 100644 charts/screenshots/IWM/IWM_Weekly_20260727_045742.png
 delete mode 100644 charts/screenshots/JNJ/JNJ_1H_20260726_051119.png
 create mode 100644 charts/screenshots/JNJ/JNJ_1H_20260727_052001.png
 delete mode 100644 charts/screenshots/JNJ/JNJ_4H_20260726_051119.png
 create mode 100644 charts/screenshots/JNJ/JNJ_4H_20260727_052001.png
 delete mode 100644 charts/screenshots/JNJ/JNJ_Daily_20260726_051119.png
 create mode 100644 charts/screenshots/JNJ/JNJ_Daily_20260727_052001.png
 delete mode 100644 charts/screenshots/JNJ/JNJ_Monthly_20260726_051119.png
 create mode 100644 charts/screenshots/JNJ/JNJ_Monthly_20260727_052001.png
 delete mode 100644 charts/screenshots/JNJ/JNJ_Weekly_20260726_051119.png
 create mode 100644 charts/screenshots/JNJ/JNJ_Weekly_20260727_052001.png
 delete mode 100644 charts/screenshots/JPM/JPM_1H_20260726_051358.png
 create mode 100644 charts/screenshots/JPM/JPM_1H_20260727_052238.png
 delete mode 100644 charts/screenshots/JPM/JPM_4H_20260726_051358.png
 create mode 100644 charts/screenshots/JPM/JPM_4H_20260727_052238.png
 delete mode 100644 charts/screenshots/JPM/JPM_Daily_20260726_051358.png
 create mode 100644 charts/screenshots/JPM/JPM_Daily_20260727_052238.png
 delete mode 100644 charts/screenshots/JPM/JPM_Monthly_20260726_051358.png
 create mode 100644 charts/screenshots/JPM/JPM_Monthly_20260727_052238.png
 delete mode 100644 charts/screenshots/JPM/JPM_Weekly_20260726_051358.png
 create mode 100644 charts/screenshots/JPM/JPM_Weekly_20260727_052238.png
 delete mode 100644 charts/screenshots/KLAC/KLAC_1H_20260726_050721.png
 create mode 100644 charts/screenshots/KLAC/KLAC_1H_20260727_051605.png
 delete mode 100644 charts/screenshots/KLAC/KLAC_4H_20260726_050721.png
 create mode 100644 charts/screenshots/KLAC/KLAC_4H_20260727_051605.png
 delete mode 100644 charts/screenshots/KLAC/KLAC_Daily_20260726_050721.png
 create mode 100644 charts/screenshots/KLAC/KLAC_Daily_20260727_051605.png
 delete mode 100644 charts/screenshots/KLAC/KLAC_Monthly_20260726_050721.png
 create mode 100644 charts/screenshots/KLAC/KLAC_Monthly_20260727_051605.png
 delete mode 100644 charts/screenshots/KLAC/KLAC_Weekly_20260726_050721.png
 create mode 100644 charts/screenshots/KLAC/KLAC_Weekly_20260727_051605.png
 delete mode 100644 charts/screenshots/KO/KO_1H_20260726_050321.png
 create mode 100644 charts/screenshots/KO/KO_1H_20260727_051208.png
 delete mode 100644 charts/screenshots/KO/KO_4H_20260726_050321.png
 create mode 100644 charts/screenshots/KO/KO_4H_20260727_051208.png
 delete mode 100644 charts/screenshots/KO/KO_Daily_20260726_050321.png
 create mode 100644 charts/screenshots/KO/KO_Daily_20260727_051208.png
 delete mode 100644 charts/screenshots/KO/KO_Monthly_20260726_050321.png
 create mode 100644 charts/screenshots/KO/KO_Monthly_20260727_051208.png
 delete mode 100644 charts/screenshots/KO/KO_Weekly_20260726_050321.png
 create mode 100644 charts/screenshots/KO/KO_Weekly_20260727_051208.png
 delete mode 100644 charts/screenshots/LIN/LIN_1H_20260726_045924.png
 create mode 100644 charts/screenshots/LIN/LIN_1H_20260727_050812.png
 delete mode 100644 charts/screenshots/LIN/LIN_4H_20260726_045924.png
 create mode 100644 charts/screenshots/LIN/LIN_4H_20260727_050812.png
 delete mode 100644 charts/screenshots/LIN/LIN_Daily_20260726_045924.png
 create mode 100644 charts/screenshots/LIN/LIN_Daily_20260727_050812.png
 delete mode 100644 charts/screenshots/LIN/LIN_Monthly_20260726_045924.png
 create mode 100644 charts/screenshots/LIN/LIN_Monthly_20260727_050812.png
 delete mode 100644 charts/screenshots/LIN/LIN_Weekly_20260726_045924.png
 create mode 100644 charts/screenshots/LIN/LIN_Weekly_20260727_050812.png
 delete mode 100644 charts/screenshots/LLY/LLY_1H_20260726_050520.png
 create mode 100644 charts/screenshots/LLY/LLY_1H_20260727_051406.png
 delete mode 100644 charts/screenshots/LLY/LLY_4H_20260726_050520.png
 create mode 100644 charts/screenshots/LLY/LLY_4H_20260727_051406.png
 delete mode 100644 charts/screenshots/LLY/LLY_Daily_20260726_050520.png
 create mode 100644 charts/screenshots/LLY/LLY_Daily_20260727_051406.png
 delete mode 100644 charts/screenshots/LLY/LLY_Monthly_20260726_050520.png
 create mode 100644 charts/screenshots/LLY/LLY_Monthly_20260727_051406.png
 delete mode 100644 charts/screenshots/LLY/LLY_Weekly_20260726_050520.png
 create mode 100644 charts/screenshots/LLY/LLY_Weekly_20260727_051406.png
 delete mode 100644 charts/screenshots/LRCX/LRCX_1H_20260726_050123.png
 create mode 100644 charts/screenshots/LRCX/LRCX_1H_20260727_051010.png
 delete mode 100644 charts/screenshots/LRCX/LRCX_4H_20260726_050123.png
 create mode 100644 charts/screenshots/LRCX/LRCX_4H_20260727_051010.png
 delete mode 100644 charts/screenshots/LRCX/LRCX_Daily_20260726_050123.png
 create mode 100644 charts/screenshots/LRCX/LRCX_Daily_20260727_051010.png
 delete mode 100644 charts/screenshots/LRCX/LRCX_Monthly_20260726_050123.png
 create mode 100644 charts/screenshots/LRCX/LRCX_Monthly_20260727_051010.png
 delete mode 100644 charts/screenshots/LRCX/LRCX_Weekly_20260726_050123.png
 create mode 100644 charts/screenshots/LRCX/LRCX_Weekly_20260727_051010.png
 delete mode 100644 charts/screenshots/MA/MA_1H_20260726_045247.png
 create mode 100644 charts/screenshots/MA/MA_1H_20260727_050136.png
 delete mode 100644 charts/screenshots/MA/MA_4H_20260726_045247.png
 create mode 100644 charts/screenshots/MA/MA_4H_20260727_050136.png
 delete mode 100644 charts/screenshots/MA/MA_Daily_20260726_045247.png
 create mode 100644 charts/screenshots/MA/MA_Daily_20260727_050136.png
 delete mode 100644 charts/screenshots/MA/MA_Monthly_20260726_045247.png
 create mode 100644 charts/screenshots/MA/MA_Monthly_20260727_050136.png
 delete mode 100644 charts/screenshots/MA/MA_Weekly_20260726_045247.png
 create mode 100644 charts/screenshots/MA/MA_Weekly_20260727_050136.png
 delete mode 100644 charts/screenshots/MRK/MRK_1H_20260726_045327.png
 create mode 100644 charts/screenshots/MRK/MRK_1H_20260727_050216.png
 delete mode 100644 charts/screenshots/MRK/MRK_4H_20260726_045327.png
 create mode 100644 charts/screenshots/MRK/MRK_4H_20260727_050216.png
 delete mode 100644 charts/screenshots/MRK/MRK_Daily_20260726_045327.png
 create mode 100644 charts/screenshots/MRK/MRK_Daily_20260727_050216.png
 delete mode 100644 charts/screenshots/MRK/MRK_Monthly_20260726_045327.png
 create mode 100644 charts/screenshots/MRK/MRK_Monthly_20260727_050216.png
 delete mode 100644 charts/screenshots/MRK/MRK_Weekly_20260726_045327.png
 create mode 100644 charts/screenshots/MRK/MRK_Weekly_20260727_050216.png
 delete mode 100644 charts/screenshots/MRVL/MRVL_1H_20260726_050640.png
 create mode 100644 charts/screenshots/MRVL/MRVL_1H_20260727_051526.png
 delete mode 100644 charts/screenshots/MRVL/MRVL_4H_20260726_050640.png
 create mode 100644 charts/screenshots/MRVL/MRVL_4H_20260727_051526.png
 delete mode 100644 charts/screenshots/MRVL/MRVL_Daily_20260726_050640.png
 create mode 100644 charts/screenshots/MRVL/MRVL_Daily_20260727_051526.png
 delete mode 100644 charts/screenshots/MRVL/MRVL_Monthly_20260726_050640.png
 create mode 100644 charts/screenshots/MRVL/MRVL_Monthly_20260727_051526.png
 delete mode 100644 charts/screenshots/MRVL/MRVL_Weekly_20260726_050640.png
 create mode 100644 charts/screenshots/MRVL/MRVL_Weekly_20260727_051526.png
 delete mode 100644 charts/screenshots/MS/MS_1H_20260726_044809.png
 create mode 100644 charts/screenshots/MS/MS_1H_20260727_045703.png
 delete mode 100644 charts/screenshots/MS/MS_4H_20260726_044809.png
 create mode 100644 charts/screenshots/MS/MS_4H_20260727_045703.png
 delete mode 100644 charts/screenshots/MS/MS_Daily_20260726_044809.png
 create mode 100644 charts/screenshots/MS/MS_Daily_20260727_045703.png
 delete mode 100644 charts/screenshots/MS/MS_Monthly_20260726_044809.png
 create mode 100644 charts/screenshots/MS/MS_Monthly_20260727_045703.png
 delete mode 100644 charts/screenshots/MS/MS_Weekly_20260726_044809.png
 create mode 100644 charts/screenshots/MS/MS_Weekly_20260727_045703.png
 delete mode 100644 charts/screenshots/MU/MU_1H_20260726_044929.png
 create mode 100644 charts/screenshots/MU/MU_1H_20260727_045820.png
 delete mode 100644 charts/screenshots/MU/MU_4H_20260726_044929.png
 create mode 100644 charts/screenshots/MU/MU_4H_20260727_045820.png
 delete mode 100644 charts/screenshots/MU/MU_Daily_20260726_044929.png
 create mode 100644 charts/screenshots/MU/MU_Daily_20260727_045820.png
 delete mode 100644 charts/screenshots/MU/MU_Monthly_20260726_044929.png
 create mode 100644 charts/screenshots/MU/MU_Monthly_20260727_045820.png
 delete mode 100644 charts/screenshots/MU/MU_Weekly_20260726_044929.png
 create mode 100644 charts/screenshots/MU/MU_Weekly_20260727_045820.png
 delete mode 100644 charts/screenshots/NBM.V/NBM.V_1H_20260726_052550.png
 create mode 100644 charts/screenshots/NBM.V/NBM.V_1H_20260727_053429.png
 delete mode 100644 charts/screenshots/NBM.V/NBM.V_4H_20260726_052550.png
 create mode 100644 charts/screenshots/NBM.V/NBM.V_4H_20260727_053429.png
 delete mode 100644 charts/screenshots/NBM.V/NBM.V_Daily_20260726_052550.png
 create mode 100644 charts/screenshots/NBM.V/NBM.V_Daily_20260727_053429.png
 delete mode 100644 charts/screenshots/NBM.V/NBM.V_Monthly_20260726_052550.png
 create mode 100644 charts/screenshots/NBM.V/NBM.V_Monthly_20260727_053429.png
 delete mode 100644 charts/screenshots/NBM.V/NBM.V_Weekly_20260726_052550.png
 create mode 100644 charts/screenshots/NBM.V/NBM.V_Weekly_20260727_053429.png
 delete mode 100644 charts/screenshots/NEE/NEE_1H_20260726_051517.png
 create mode 100644 charts/screenshots/NEE/NEE_1H_20260727_052358.png
 delete mode 100644 charts/screenshots/NEE/NEE_4H_20260726_051517.png
 create mode 100644 charts/screenshots/NEE/NEE_4H_20260727_052358.png
 delete mode 100644 charts/screenshots/NEE/NEE_Daily_20260726_051517.png
 create mode 100644 charts/screenshots/NEE/NEE_Daily_20260727_052358.png
 delete mode 100644 charts/screenshots/NEE/NEE_Monthly_20260726_051517.png
 create mode 100644 charts/screenshots/NEE/NEE_Monthly_20260727_052358.png
 delete mode 100644 charts/screenshots/NEE/NEE_Weekly_20260726_051517.png
 create mode 100644 charts/screenshots/NEE/NEE_Weekly_20260727_052358.png
 delete mode 100644 charts/screenshots/NFLX/NFLX_1H_20260726_052232.png
 create mode 100644 charts/screenshots/NFLX/NFLX_1H_20260727_053112.png
 delete mode 100644 charts/screenshots/NFLX/NFLX_4H_20260726_052232.png
 create mode 100644 charts/screenshots/NFLX/NFLX_4H_20260727_053112.png
 delete mode 100644 charts/screenshots/NFLX/NFLX_Daily_20260726_052232.png
 create mode 100644 charts/screenshots/NFLX/NFLX_Daily_20260727_053112.png
 delete mode 100644 charts/screenshots/NFLX/NFLX_Monthly_20260726_052232.png
 create mode 100644 charts/screenshots/NFLX/NFLX_Monthly_20260727_053112.png
 delete mode 100644 charts/screenshots/NFLX/NFLX_Weekly_20260726_052232.png
 create mode 100644 charts/screenshots/NFLX/NFLX_Weekly_20260727_053112.png
 delete mode 100644 charts/screenshots/NVDA/NVDA_1H_20260726_051159.png
 create mode 100644 charts/screenshots/NVDA/NVDA_1H_20260727_052039.png
 delete mode 100644 charts/screenshots/NVDA/NVDA_4H_20260726_051159.png
 create mode 100644 charts/screenshots/NVDA/NVDA_4H_20260727_052039.png
 delete mode 100644 charts/screenshots/NVDA/NVDA_Daily_20260726_051159.png
 create mode 100644 charts/screenshots/NVDA/NVDA_Daily_20260727_052039.png
 delete mode 100644 charts/screenshots/NVDA/NVDA_Monthly_20260726_051159.png
 create mode 100644 charts/screenshots/NVDA/NVDA_Monthly_20260727_052039.png
 delete mode 100644 charts/screenshots/NVDA/NVDA_Weekly_20260726_051159.png
 create mode 100644 charts/screenshots/NVDA/NVDA_Weekly_20260727_052039.png
 delete mode 100644 charts/screenshots/NXPI/NXPI_1H_20260726_051715.png
 create mode 100644 charts/screenshots/NXPI/NXPI_1H_20260727_052555.png
 delete mode 100644 charts/screenshots/NXPI/NXPI_4H_20260726_051715.png
 create mode 100644 charts/screenshots/NXPI/NXPI_4H_20260727_052555.png
 delete mode 100644 charts/screenshots/NXPI/NXPI_Daily_20260726_051715.png
 create mode 100644 charts/screenshots/NXPI/NXPI_Daily_20260727_052555.png
 delete mode 100644 charts/screenshots/NXPI/NXPI_Monthly_20260726_051715.png
 create mode 100644 charts/screenshots/NXPI/NXPI_Monthly_20260727_052555.png
 delete mode 100644 charts/screenshots/NXPI/NXPI_Weekly_20260726_051715.png
 create mode 100644 charts/screenshots/NXPI/NXPI_Weekly_20260727_052555.png
 delete mode 100644 charts/screenshots/ORCL/ORCL_1H_20260726_052351.png
 create mode 100644 charts/screenshots/ORCL/ORCL_1H_20260727_053230.png
 delete mode 100644 charts/screenshots/ORCL/ORCL_4H_20260726_052351.png
 create mode 100644 charts/screenshots/ORCL/ORCL_4H_20260727_053230.png
 delete mode 100644 charts/screenshots/ORCL/ORCL_Daily_20260726_052351.png
 create mode 100644 charts/screenshots/ORCL/ORCL_Daily_20260727_053230.png
 delete mode 100644 charts/screenshots/ORCL/ORCL_Monthly_20260726_052351.png
 create mode 100644 charts/screenshots/ORCL/ORCL_Monthly_20260727_053230.png
 delete mode 100644 charts/screenshots/ORCL/ORCL_Weekly_20260726_052351.png
 create mode 100644 charts/screenshots/ORCL/ORCL_Weekly_20260727_053230.png
 delete mode 100644 charts/screenshots/PANW/PANW_1H_20260726_043811.png
 create mode 100644 charts/screenshots/PANW/PANW_1H_20260727_044710.png
 delete mode 100644 charts/screenshots/PANW/PANW_4H_20260726_043811.png
 create mode 100644 charts/screenshots/PANW/PANW_4H_20260727_044710.png
 delete mode 100644 charts/screenshots/PANW/PANW_Daily_20260726_043811.png
 create mode 100644 charts/screenshots/PANW/PANW_Daily_20260727_044710.png
 delete mode 100644 charts/screenshots/PANW/PANW_Monthly_20260726_043811.png
 create mode 100644 charts/screenshots/PANW/PANW_Monthly_20260727_044710.png
 delete mode 100644 charts/screenshots/PANW/PANW_Weekly_20260726_043811.png
 create mode 100644 charts/screenshots/PANW/PANW_Weekly_20260727_044710.png
 delete mode 100644 charts/screenshots/PG/PG_1H_20260726_052152.png
 create mode 100644 charts/screenshots/PG/PG_1H_20260727_053033.png
 delete mode 100644 charts/screenshots/PG/PG_4H_20260726_052152.png
 create mode 100644 charts/screenshots/PG/PG_4H_20260727_053033.png
 delete mode 100644 charts/screenshots/PG/PG_Daily_20260726_052152.png
 create mode 100644 charts/screenshots/PG/PG_Daily_20260727_053033.png
 delete mode 100644 charts/screenshots/PG/PG_Monthly_20260726_052152.png
 create mode 100644 charts/screenshots/PG/PG_Monthly_20260727_053033.png
 delete mode 100644 charts/screenshots/PG/PG_Weekly_20260726_052152.png
 create mode 100644 charts/screenshots/PG/PG_Weekly_20260727_053033.png
 delete mode 100644 charts/screenshots/PM/PM_1H_20260726_045405.png
 create mode 100644 charts/screenshots/PM/PM_1H_20260727_050255.png
 delete mode 100644 charts/screenshots/PM/PM_4H_20260726_045405.png
 create mode 100644 charts/screenshots/PM/PM_4H_20260727_050255.png
 delete mode 100644 charts/screenshots/PM/PM_Daily_20260726_045405.png
 create mode 100644 charts/screenshots/PM/PM_Daily_20260727_050255.png
 delete mode 100644 charts/screenshots/PM/PM_Monthly_20260726_045405.png
 create mode 100644 charts/screenshots/PM/PM_Monthly_20260727_050255.png
 delete mode 100644 charts/screenshots/PM/PM_Weekly_20260726_045405.png
 create mode 100644 charts/screenshots/PM/PM_Weekly_20260727_050255.png
 delete mode 100644 charts/screenshots/QCOM/QCOM_1H_20260726_051556.png
 create mode 100644 charts/screenshots/QCOM/QCOM_1H_20260727_052436.png
 delete mode 100644 charts/screenshots/QCOM/QCOM_4H_20260726_051556.png
 create mode 100644 charts/screenshots/QCOM/QCOM_4H_20260727_052436.png
 delete mode 100644 charts/screenshots/QCOM/QCOM_Daily_20260726_051556.png
 create mode 100644 charts/screenshots/QCOM/QCOM_Daily_20260727_052436.png
 delete mode 100644 charts/screenshots/QCOM/QCOM_Monthly_20260726_051556.png
 create mode 100644 charts/screenshots/QCOM/QCOM_Monthly_20260727_052436.png
 delete mode 100644 charts/screenshots/QCOM/QCOM_Weekly_20260726_051556.png
 create mode 100644 charts/screenshots/QCOM/QCOM_Weekly_20260727_052436.png
 delete mode 100644 charts/screenshots/QQQ/QQQ_1H_20260726_045844.png
 create mode 100644 charts/screenshots/QQQ/QQQ_1H_20260727_050732.png
 delete mode 100644 charts/screenshots/QQQ/QQQ_4H_20260726_045844.png
 create mode 100644 charts/screenshots/QQQ/QQQ_4H_20260727_050732.png
 delete mode 100644 charts/screenshots/QQQ/QQQ_Daily_20260726_045844.png
 create mode 100644 charts/screenshots/QQQ/QQQ_Daily_20260727_050732.png
 delete mode 100644 charts/screenshots/QQQ/QQQ_Monthly_20260726_045844.png
 create mode 100644 charts/screenshots/QQQ/QQQ_Monthly_20260727_050732.png
 delete mode 100644 charts/screenshots/QQQ/QQQ_Weekly_20260726_045844.png
 create mode 100644 charts/screenshots/QQQ/QQQ_Weekly_20260727_050732.png
 delete mode 100644 charts/screenshots/RTX/RTX_1H_20260726_044411.png
 create mode 100644 charts/screenshots/RTX/RTX_1H_20260727_045305.png
 delete mode 100644 charts/screenshots/RTX/RTX_4H_20260726_044411.png
 create mode 100644 charts/screenshots/RTX/RTX_4H_20260727_045305.png
 delete mode 100644 charts/screenshots/RTX/RTX_Daily_20260726_044411.png
 create mode 100644 charts/screenshots/RTX/RTX_Daily_20260727_045305.png
 delete mode 100644 charts/screenshots/RTX/RTX_Monthly_20260726_044411.png
 create mode 100644 charts/screenshots/RTX/RTX_Monthly_20260727_045305.png
 delete mode 100644 charts/screenshots/RTX/RTX_Weekly_20260726_044411.png
 create mode 100644 charts/screenshots/RTX/RTX_Weekly_20260727_045305.png
 delete mode 100644 charts/screenshots/SCHW/SCHW_1H_20260726_044729.png
 create mode 100644 charts/screenshots/SCHW/SCHW_1H_20260727_045623.png
 delete mode 100644 charts/screenshots/SCHW/SCHW_4H_20260726_044729.png
 create mode 100644 charts/screenshots/SCHW/SCHW_4H_20260727_045623.png
 delete mode 100644 charts/screenshots/SCHW/SCHW_Daily_20260726_044729.png
 create mode 100644 charts/screenshots/SCHW/SCHW_Daily_20260727_045623.png
 delete mode 100644 charts/screenshots/SCHW/SCHW_Monthly_20260726_044729.png
 create mode 100644 charts/screenshots/SCHW/SCHW_Monthly_20260727_045623.png
 delete mode 100644 charts/screenshots/SCHW/SCHW_Weekly_20260726_044729.png
 create mode 100644 charts/screenshots/SCHW/SCHW_Weekly_20260727_045623.png
 delete mode 100644 charts/screenshots/SHW/SHW_1H_20260726_045605.png
 create mode 100644 charts/screenshots/SHW/SHW_1H_20260727_050454.png
 delete mode 100644 charts/screenshots/SHW/SHW_4H_20260726_045605.png
 create mode 100644 charts/screenshots/SHW/SHW_4H_20260727_050454.png
 delete mode 100644 charts/screenshots/SHW/SHW_Daily_20260726_045605.png
 create mode 100644 charts/screenshots/SHW/SHW_Daily_20260727_050454.png
 delete mode 100644 charts/screenshots/SHW/SHW_Monthly_20260726_045605.png
 create mode 100644 charts/screenshots/SHW/SHW_Monthly_20260727_050454.png
 delete mode 100644 charts/screenshots/SHW/SHW_Weekly_20260726_045605.png
 create mode 100644 charts/screenshots/SHW/SHW_Weekly_20260727_050454.png
 delete mode 100644 charts/screenshots/SPY/SPY_1H_20260726_044450.png
 create mode 100644 charts/screenshots/SPY/SPY_1H_20260727_045345.png
 delete mode 100644 charts/screenshots/SPY/SPY_4H_20260726_044450.png
 create mode 100644 charts/screenshots/SPY/SPY_4H_20260727_045345.png
 delete mode 100644 charts/screenshots/SPY/SPY_Daily_20260726_044450.png
 create mode 100644 charts/screenshots/SPY/SPY_Daily_20260727_045345.png
 delete mode 100644 charts/screenshots/SPY/SPY_Monthly_20260726_044450.png
 create mode 100644 charts/screenshots/SPY/SPY_Monthly_20260727_045345.png
 delete mode 100644 charts/screenshots/SPY/SPY_Weekly_20260726_044450.png
 create mode 100644 charts/screenshots/SPY/SPY_Weekly_20260727_045345.png
 delete mode 100644 charts/screenshots/STX/STX_1H_20260726_050919.png
 create mode 100644 charts/screenshots/STX/STX_1H_20260727_051802.png
 delete mode 100644 charts/screenshots/STX/STX_4H_20260726_050919.png
 create mode 100644 charts/screenshots/STX/STX_4H_20260727_051802.png
 delete mode 100644 charts/screenshots/STX/STX_Daily_20260726_050919.png
 create mode 100644 charts/screenshots/STX/STX_Daily_20260727_051802.png
 delete mode 100644 charts/screenshots/STX/STX_Monthly_20260726_050919.png
 create mode 100644 charts/screenshots/STX/STX_Monthly_20260727_051802.png
 delete mode 100644 charts/screenshots/STX/STX_Weekly_20260726_050919.png
 create mode 100644 charts/screenshots/STX/STX_Weekly_20260727_051802.png
 delete mode 100644 charts/screenshots/TMO/TMO_1H_20260726_044649.png
 create mode 100644 charts/screenshots/TMO/TMO_1H_20260727_045544.png
 delete mode 100644 charts/screenshots/TMO/TMO_4H_20260726_044649.png
 create mode 100644 charts/screenshots/TMO/TMO_4H_20260727_045544.png
 delete mode 100644 charts/screenshots/TMO/TMO_Daily_20260726_044649.png
 create mode 100644 charts/screenshots/TMO/TMO_Daily_20260727_045544.png
 delete mode 100644 charts/screenshots/TMO/TMO_Monthly_20260726_044649.png
 create mode 100644 charts/screenshots/TMO/TMO_Monthly_20260727_045544.png
 delete mode 100644 charts/screenshots/TMO/TMO_Weekly_20260726_044649.png
 create mode 100644 charts/screenshots/TMO/TMO_Weekly_20260727_045544.png
 delete mode 100644 charts/screenshots/TXN/TXN_1H_20260726_050800.png
 create mode 100644 charts/screenshots/TXN/TXN_1H_20260727_051644.png
 delete mode 100644 charts/screenshots/TXN/TXN_4H_20260726_050800.png
 create mode 100644 charts/screenshots/TXN/TXN_4H_20260727_051644.png
 delete mode 100644 charts/screenshots/TXN/TXN_Daily_20260726_050800.png
 create mode 100644 charts/screenshots/TXN/TXN_Daily_20260727_051644.png
 delete mode 100644 charts/screenshots/TXN/TXN_Monthly_20260726_050800.png
 create mode 100644 charts/screenshots/TXN/TXN_Monthly_20260727_051644.png
 delete mode 100644 charts/screenshots/TXN/TXN_Weekly_20260726_050800.png
 create mode 100644 charts/screenshots/TXN/TXN_Weekly_20260727_051644.png
 delete mode 100644 charts/screenshots/UNH/UNH_1H_20260726_043652.png
 create mode 100644 charts/screenshots/UNH/UNH_1H_20260727_044552.png
 delete mode 100644 charts/screenshots/UNH/UNH_4H_20260726_043652.png
 create mode 100644 charts/screenshots/UNH/UNH_4H_20260727_044552.png
 delete mode 100644 charts/screenshots/UNH/UNH_Daily_20260726_043652.png
 create mode 100644 charts/screenshots/UNH/UNH_Daily_20260727_044552.png
 delete mode 100644 charts/screenshots/UNH/UNH_Monthly_20260726_043652.png
 create mode 100644 charts/screenshots/UNH/UNH_Monthly_20260727_044552.png
 delete mode 100644 charts/screenshots/UNH/UNH_Weekly_20260726_043652.png
 create mode 100644 charts/screenshots/UNH/UNH_Weekly_20260727_044552.png
 delete mode 100644 charts/screenshots/UNP/UNP_1H_20260726_045525.png
 create mode 100644 charts/screenshots/UNP/UNP_1H_20260727_050414.png
 delete mode 100644 charts/screenshots/UNP/UNP_4H_20260726_045525.png
 create mode 100644 charts/screenshots/UNP/UNP_4H_20260727_050414.png
 delete mode 100644 charts/screenshots/UNP/UNP_Daily_20260726_045525.png
 create mode 100644 charts/screenshots/UNP/UNP_Daily_20260727_050414.png
 delete mode 100644 charts/screenshots/UNP/UNP_Monthly_20260726_045525.png
 create mode 100644 charts/screenshots/UNP/UNP_Monthly_20260727_050414.png
 delete mode 100644 charts/screenshots/UNP/UNP_Weekly_20260726_045525.png
 create mode 100644 charts/screenshots/UNP/UNP_Weekly_20260727_050414.png
 delete mode 100644 charts/screenshots/UUUU/UUUU_1H_20260726_052630.png
 create mode 100644 charts/screenshots/UUUU/UUUU_1H_20260727_053508.png
 delete mode 100644 charts/screenshots/UUUU/UUUU_4H_20260726_052630.png
 create mode 100644 charts/screenshots/UUUU/UUUU_4H_20260727_053508.png
 delete mode 100644 charts/screenshots/UUUU/UUUU_Daily_20260726_052630.png
 create mode 100644 charts/screenshots/UUUU/UUUU_Daily_20260727_053508.png
 delete mode 100644 charts/screenshots/UUUU/UUUU_Monthly_20260726_052630.png
 create mode 100644 charts/screenshots/UUUU/UUUU_Monthly_20260727_053508.png
 delete mode 100644 charts/screenshots/UUUU/UUUU_Weekly_20260726_052630.png
 create mode 100644 charts/screenshots/UUUU/UUUU_Weekly_20260727_053508.png
 delete mode 100644 charts/screenshots/V/V_1H_20260726_045208.png
 create mode 100644 charts/screenshots/V/V_1H_20260727_050056.png
 delete mode 100644 charts/screenshots/V/V_4H_20260726_045208.png
 create mode 100644 charts/screenshots/V/V_4H_20260727_050056.png
 delete mode 100644 charts/screenshots/V/V_Daily_20260726_045208.png
 create mode 100644 charts/screenshots/V/V_Daily_20260727_050056.png
 delete mode 100644 charts/screenshots/V/V_Monthly_20260726_045208.png
 create mode 100644 charts/screenshots/V/V_Monthly_20260727_050056.png
 delete mode 100644 charts/screenshots/V/V_Weekly_20260726_045208.png
 create mode 100644 charts/screenshots/V/V_Weekly_20260727_050056.png
 delete mode 100644 charts/screenshots/VLO/VLO_1H_20260726_044011.png
 create mode 100644 charts/screenshots/VLO/VLO_1H_20260727_044909.png
 delete mode 100644 charts/screenshots/VLO/VLO_4H_20260726_044011.png
 create mode 100644 charts/screenshots/VLO/VLO_4H_20260727_044909.png
 delete mode 100644 charts/screenshots/VLO/VLO_Daily_20260726_044011.png
 create mode 100644 charts/screenshots/VLO/VLO_Daily_20260727_044909.png
 delete mode 100644 charts/screenshots/VLO/VLO_Monthly_20260726_044011.png
 create mode 100644 charts/screenshots/VLO/VLO_Monthly_20260727_044909.png
 delete mode 100644 charts/screenshots/VLO/VLO_Weekly_20260726_044011.png
 create mode 100644 charts/screenshots/VLO/VLO_Weekly_20260727_044909.png
 delete mode 100644 charts/screenshots/VRTX/VRTX_1H_20260726_045128.png
 create mode 100644 charts/screenshots/VRTX/VRTX_1H_20260727_050016.png
 delete mode 100644 charts/screenshots/VRTX/VRTX_4H_20260726_045128.png
 create mode 100644 charts/screenshots/VRTX/VRTX_4H_20260727_050016.png
 delete mode 100644 charts/screenshots/VRTX/VRTX_Daily_20260726_045128.png
 create mode 100644 charts/screenshots/VRTX/VRTX_Daily_20260727_050016.png
 delete mode 100644 charts/screenshots/VRTX/VRTX_Monthly_20260726_045128.png
 create mode 100644 charts/screenshots/VRTX/VRTX_Monthly_20260727_050016.png
 delete mode 100644 charts/screenshots/VRTX/VRTX_Weekly_20260726_045128.png
 create mode 100644 charts/screenshots/VRTX/VRTX_Weekly_20260727_050016.png
 delete mode 100644 charts/screenshots/WDC/WDC_1H_20260726_050840.png
 create mode 100644 charts/screenshots/WDC/WDC_1H_20260727_051723.png
 delete mode 100644 charts/screenshots/WDC/WDC_4H_20260726_050840.png
 create mode 100644 charts/screenshots/WDC/WDC_4H_20260727_051723.png
 delete mode 100644 charts/screenshots/WDC/WDC_Daily_20260726_050840.png
 create mode 100644 charts/screenshots/WDC/WDC_Daily_20260727_051723.png
 delete mode 100644 charts/screenshots/WDC/WDC_Monthly_20260726_050840.png
 create mode 100644 charts/screenshots/WDC/WDC_Monthly_20260727_051723.png
 delete mode 100644 charts/screenshots/WDC/WDC_Weekly_20260726_050840.png
 create mode 100644 charts/screenshots/WDC/WDC_Weekly_20260727_051723.png
 delete mode 100644 charts/screenshots/WFC/WFC_1H_20260726_051437.png
 create mode 100644 charts/screenshots/WFC/WFC_1H_20260727_052318.png
 delete mode 100644 charts/screenshots/WFC/WFC_4H_20260726_051437.png
 create mode 100644 charts/screenshots/WFC/WFC_4H_20260727_052318.png
 delete mode 100644 charts/screenshots/WFC/WFC_Daily_20260726_051437.png
 create mode 100644 charts/screenshots/WFC/WFC_Daily_20260727_052318.png
 delete mode 100644 charts/screenshots/WFC/WFC_Monthly_20260726_051437.png
 create mode 100644 charts/screenshots/WFC/WFC_Monthly_20260727_052318.png
 delete mode 100644 charts/screenshots/WFC/WFC_Weekly_20260726_051437.png
 create mode 100644 charts/screenshots/WFC/WFC_Weekly_20260727_052318.png
 delete mode 100644 charts/screenshots/WMT/WMT_1H_20260726_052511.png
 create mode 100644 charts/screenshots/WMT/WMT_1H_20260727_053350.png
 delete mode 100644 charts/screenshots/WMT/WMT_4H_20260726_052511.png
 create mode 100644 charts/screenshots/WMT/WMT_4H_20260727_053350.png
 delete mode 100644 charts/screenshots/WMT/WMT_Daily_20260726_052511.png
 create mode 100644 charts/screenshots/WMT/WMT_Daily_20260727_053350.png
 delete mode 100644 charts/screenshots/WMT/WMT_Monthly_20260726_052511.png
 create mode 100644 charts/screenshots/WMT/WMT_Monthly_20260727_053350.png
 delete mode 100644 charts/screenshots/WMT/WMT_Weekly_20260726_052511.png
 create mode 100644 charts/screenshots/WMT/WMT_Weekly_20260727_053350.png
 delete mode 100644 charts/screenshots/XOM/XOM_1H_20260726_045445.png
 create mode 100644 charts/screenshots/XOM/XOM_1H_20260727_050335.png
 delete mode 100644 charts/screenshots/XOM/XOM_4H_20260726_045445.png
 create mode 100644 charts/screenshots/XOM/XOM_4H_20260727_050335.png
 delete mode 100644 charts/screenshots/XOM/XOM_Daily_20260726_045445.png
 create mode 100644 charts/screenshots/XOM/XOM_Daily_20260727_050335.png
 delete mode 100644 charts/screenshots/XOM/XOM_Monthly_20260726_045445.png
 create mode 100644 charts/screenshots/XOM/XOM_Monthly_20260727_050335.png
 delete mode 100644 charts/screenshots/XOM/XOM_Weekly_20260726_045445.png
 create mode 100644 charts/screenshots/XOM/XOM_Weekly_20260727_050335.png
[[SP500 차트분석]] GitHub 푸시 완료
[[SP500 차트분석]] Google Sheets 업데이트 완료
[Paper Trading] SP500 ranked_df 스냅샷 저장 완료 (129개 종목)

[요약] 파이프라인 완료 – 총 4142.8초 (69.05분) 소요
