============================================================
[Unified Paper Trading] SP500 + NASDAQ/NYSE 통합 실행 시작
============================================================
2026-08-07 06:30:54,353 [INFO] paper_trading.runner — [Runner] SP500 snapshot 로드: 129개 종목
[Unified PT] SP500 snapshot 로드: 129개 종목
2026-08-07 06:30:54,362 [INFO] paper_trading.runner — [Runner] NASDAQ snapshot 로드: 207개 종목
[Unified PT] NASDAQ snapshot 로드: 207개 종목
[Unified PT] 합산 완료: 331개 종목 (SP500 129 + NASDAQ 207개, 중복 제거 후)
[Unified PT] 골든크로스임박 종목: 72개
2026-08-07 06:30:55,119 [INFO] paper_trading.engine — [PaperTrading] DEFER HTZ @ 2.02 (목표가(+29.5%) → tight trail 3.5%, defer 1/2)
2026-08-07 06:30:55,122 [INFO] paper_trading.candidate_selector — [전략점수 분포] ~4.0: 119 | 4.0~5.0: 38 | 5.0~5.5: 20 | 5.5~6.0: 21 | 6.0+: 133
2026-08-07 06:30:55,135 [INFO] paper_trading.candidate_selector — [CandidateSelector] Regime=bull | Filtered=2/331 | Selected: WELL (CCS=0.5635)
2026-08-07 06:30:55,145 [INFO] paper_trading.engine — [PaperTrading] 교체 기준 미달 — 매수 안 함
[Unified PT] 매도=0 매수=0 보유=3종목
[Unified PT] 레짐=bull | 필터={'전략점수<6.0': 198, '바닥반등_52주과열': 0, '판단등급_미달': 123, '과열_차단': 4, '유동성_부족': 0, '어닝_임박': 0, '보유_중복': 2, '모멘텀_ADX부족': 2, '바닥_RSI데드존': 0, '섹터_집중': 0, '_통과': 2, '_전체': 331}
[Unified PT] 스킵 사유: 교체_미달
[Unified PT] Top5 후보:
  WELL   CCS=0.5635 전략=📈 모멘텀 섹터=Real Estate
  HIMS   CCS=0.4421 전략=📉 바닥반등 섹터=Healthcare
2026-08-07 06:30:56,275 [INFO] paper_trading.sheet_sync — [SheetSync] 포지션현황 업데이트: 3개 종목
2026-08-07 06:30:57,283 [INFO] paper_trading.sheet_sync — [SheetSync] 성과요약 업데이트: 35건 거래
[Unified PT] 구글 시트 동기화 완료
[시장분석] 77개 종목 데이터 수집 중...
2026-08-07 06:31:03,816 [WARNING] data.fetch — [fetch_analyst_data] HIMS: 'dict' object has no attribute 'empty'
2026-08-07 06:31:03,859 [WARNING] data.fetch — [fetch_analyst_data] HOOD: 'dict' object has no attribute 'empty'
2026-08-07 06:31:03,935 [WARNING] data.fetch — [fetch_analyst_data] HD: 'dict' object has no attribute 'empty'
2026-08-07 06:31:03,952 [WARNING] data.fetch — [fetch_analyst_data] WELL: 'dict' object has no attribute 'empty'
2026-08-07 06:31:03,954 [WARNING] data.fetch — [fetch_analyst_data] MSFT: 'dict' object has no attribute 'empty'
2026-08-07 06:31:10,229 [WARNING] data.fetch — [fetch_analyst_data] BULL: 'dict' object has no attribute 'empty'
2026-08-07 06:31:10,230 [WARNING] data.fetch — [fetch_analyst_data] PG: 'dict' object has no attribute 'empty'
2026-08-07 06:31:10,498 [WARNING] data.fetch — [fetch_analyst_data] SYK: 'dict' object has no attribute 'empty'
2026-08-07 06:31:10,507 [WARNING] data.fetch — [fetch_analyst_data] PYPL: 'dict' object has no attribute 'empty'
2026-08-07 06:31:10,511 [WARNING] data.fetch — [fetch_analyst_data] DHR: 'dict' object has no attribute 'empty'
2026-08-07 06:31:10,874 [ERROR] yfinance — HTTP Error 404: {"quoteSummary":{"result":null,"error":{"code":"Not Found","description":"No fundamentals data found for symbol: QQQ"}}}
2026-08-07 06:31:14,064 [ERROR] yfinance — HTTP Error 404: {"quoteSummary":{"result":null,"error":{"code":"Not Found","description":"No fundamentals data found for symbol: QQQ"}}}
2026-08-07 06:31:16,604 [WARNING] data.fetch — [fetch_analyst_data] UPWK: 'dict' object has no attribute 'empty'
2026-08-07 06:31:16,671 [WARNING] data.fetch — [fetch_analyst_data] T: 'dict' object has no attribute 'empty'
2026-08-07 06:31:16,807 [WARNING] data.fetch — [fetch_analyst_data] COUR: 'dict' object has no attribute 'empty'
2026-08-07 06:31:16,852 [WARNING] data.fetch — [fetch_analyst_data] ACN: 'dict' object has no attribute 'empty'
2026-08-07 06:31:17,238 [ERROR] yfinance — HTTP Error 404: {"quoteSummary":{"result":null,"error":{"code":"Not Found","description":"No fundamentals data found for symbol: QQQ"}}}
2026-08-07 06:31:17,238 [WARNING] data.fetch — [fetch_analyst_data] QQQ: 'dict' object has no attribute 'empty'
2026-08-07 06:31:22,954 [WARNING] data.fetch — [fetch_analyst_data] FISV: 'dict' object has no attribute 'empty'
2026-08-07 06:31:22,988 [WARNING] data.fetch — [fetch_analyst_data] EPAM: 'dict' object has no attribute 'empty'
2026-08-07 06:31:23,182 [WARNING] data.fetch — [fetch_analyst_data] TJX: 'dict' object has no attribute 'empty'
2026-08-07 06:31:23,234 [WARNING] data.fetch — [fetch_analyst_data] PFE: 'dict' object has no attribute 'empty'
2026-08-07 06:31:23,555 [WARNING] data.fetch — [fetch_analyst_data] CNXC: 'dict' object has no attribute 'empty'
2026-08-07 06:31:29,305 [WARNING] data.fetch — [fetch_analyst_data] TME: 'dict' object has no attribute 'empty'
2026-08-07 06:31:29,385 [WARNING] data.fetch — [fetch_analyst_data] DIS: 'dict' object has no attribute 'empty'
2026-08-07 06:31:29,504 [WARNING] data.fetch — [fetch_analyst_data] BMNR: 'dict' object has no attribute 'empty'
2026-08-07 06:31:29,562 [WARNING] data.fetch — [fetch_analyst_data] NVDA: 'dict' object has no attribute 'empty'
2026-08-07 06:31:29,928 [WARNING] data.fetch — [fetch_analyst_data] CMCSA: 'dict' object has no attribute 'empty'
2026-08-07 06:31:35,630 [WARNING] data.fetch — [fetch_analyst_data] AVGO: 'dict' object has no attribute 'empty'
2026-08-07 06:31:35,830 [WARNING] data.fetch — [fetch_analyst_data] BA: 'dict' object has no attribute 'empty'
2026-08-07 06:31:35,849 [WARNING] data.fetch — [fetch_analyst_data] LEU: 'dict' object has no attribute 'empty'
2026-08-07 06:31:35,896 [WARNING] data.fetch — [fetch_analyst_data] COST: 'dict' object has no attribute 'empty'
2026-08-07 06:31:36,277 [WARNING] data.fetch — [fetch_analyst_data] FCX: 'dict' object has no attribute 'empty'
2026-08-07 06:31:41,988 [WARNING] data.fetch — [fetch_analyst_data] AI: 'dict' object has no attribute 'empty'
2026-08-07 06:31:42,225 [WARNING] data.fetch — [fetch_analyst_data] VZ: 'dict' object has no attribute 'empty'
2026-08-07 06:31:42,273 [WARNING] data.fetch — [fetch_analyst_data] WIX: 'dict' object has no attribute 'empty'
2026-08-07 06:31:42,278 [WARNING] data.fetch — [fetch_analyst_data] INTU: 'dict' object has no attribute 'empty'
2026-08-07 06:31:42,587 [WARNING] data.fetch — [fetch_analyst_data] PLTR: 'dict' object has no attribute 'empty'
2026-08-07 06:31:48,326 [WARNING] data.fetch — [fetch_analyst_data] GLOB: 'dict' object has no attribute 'empty'
2026-08-07 06:31:48,668 [WARNING] data.fetch — [fetch_analyst_data] MCD: 'dict' object has no attribute 'empty'
2026-08-07 06:31:48,711 [WARNING] data.fetch — [fetch_analyst_data] MLI: 'dict' object has no attribute 'empty'
2026-08-07 06:31:48,713 [WARNING] data.fetch — [fetch_analyst_data] ETN: 'dict' object has no attribute 'empty'
2026-08-07 06:31:48,978 [WARNING] data.fetch — [fetch_analyst_data] AMZN: 'dict' object has no attribute 'empty'
2026-08-07 06:31:54,639 [WARNING] data.fetch — [fetch_analyst_data] CRM: 'dict' object has no attribute 'empty'
2026-08-07 06:31:54,988 [WARNING] data.fetch — [fetch_analyst_data] IESC: 'dict' object has no attribute 'empty'
2026-08-07 06:31:55,048 [WARNING] data.fetch — [fetch_analyst_data] MPWR: 'dict' object has no attribute 'empty'
2026-08-07 06:31:55,117 [WARNING] data.fetch — [fetch_analyst_data] WMT: 'dict' object has no attribute 'empty'
2026-08-07 06:31:55,553 [WARNING] data.fetch — [fetch_analyst_data] CSIQ: 'dict' object has no attribute 'empty'
2026-08-07 06:32:00,990 [WARNING] data.fetch — [fetch_analyst_data] AMIX: 'dict' object has no attribute 'empty'
2026-08-07 06:32:01,359 [WARNING] data.fetch — [fetch_analyst_data] PLPC: 'dict' object has no attribute 'empty'
2026-08-07 06:32:01,471 [WARNING] data.fetch — [fetch_analyst_data] SMCI: 'dict' object has no attribute 'empty'
2026-08-07 06:32:01,486 [WARNING] data.fetch — [fetch_analyst_data] WHR: 'dict' object has no attribute 'empty'
2026-08-07 06:32:01,956 [WARNING] data.fetch — [fetch_analyst_data] BSX: 'dict' object has no attribute 'empty'
2026-08-07 06:32:07,356 [WARNING] data.fetch — [fetch_analyst_data] HL: 'dict' object has no attribute 'empty'
2026-08-07 06:32:07,705 [WARNING] data.fetch — [fetch_analyst_data] AVAV: 'dict' object has no attribute 'empty'
2026-08-07 06:32:07,833 [WARNING] data.fetch — [fetch_analyst_data] ATKR: 'dict' object has no attribute 'empty'
2026-08-07 06:32:07,851 [WARNING] data.fetch — [fetch_analyst_data] NXTC: 'dict' object has no attribute 'empty'
2026-08-07 06:32:08,393 [WARNING] data.fetch — [fetch_analyst_data] PEGA: 'dict' object has no attribute 'empty'
2026-08-07 06:32:13,697 [WARNING] data.fetch — [fetch_analyst_data] CRK: 'dict' object has no attribute 'empty'
2026-08-07 06:32:14,038 [WARNING] data.fetch — [fetch_analyst_data] WHD: 'dict' object has no attribute 'empty'
2026-08-07 06:32:14,145 [WARNING] data.fetch — [fetch_analyst_data] ACHR: 'dict' object has no attribute 'empty'
2026-08-07 06:32:14,190 [WARNING] data.fetch — [fetch_analyst_data] NFLX: 'dict' object has no attribute 'empty'
2026-08-07 06:32:14,696 [WARNING] data.fetch — [fetch_analyst_data] CSGP: 'dict' object has no attribute 'empty'
2026-08-07 06:32:19,992 [WARNING] data.fetch — [fetch_analyst_data] LRN: 'dict' object has no attribute 'empty'
2026-08-07 06:32:20,364 [WARNING] data.fetch — [fetch_analyst_data] MA: 'dict' object has no attribute 'empty'
2026-08-07 06:32:20,456 [WARNING] data.fetch — [fetch_analyst_data] PGY: 'dict' object has no attribute 'empty'
2026-08-07 06:32:20,505 [WARNING] data.fetch — [fetch_analyst_data] KLAR: 'dict' object has no attribute 'empty'
2026-08-07 06:32:21,031 [WARNING] data.fetch — [fetch_analyst_data] BKNG: 'dict' object has no attribute 'empty'
2026-08-07 06:32:26,298 [WARNING] data.fetch — [fetch_analyst_data] STUB: 'dict' object has no attribute 'empty'
2026-08-07 06:32:26,873 [WARNING] data.fetch — [fetch_analyst_data] BTDR: 'dict' object has no attribute 'empty'
2026-08-07 06:32:26,911 [WARNING] data.fetch — [fetch_analyst_data] DASH: 'dict' object has no attribute 'empty'
2026-08-07 06:32:26,920 [WARNING] data.fetch — [fetch_analyst_data] GPN: 'dict' object has no attribute 'empty'
2026-08-07 06:32:27,375 [WARNING] data.fetch — [fetch_analyst_data] MELI: 'dict' object has no attribute 'empty'
2026-08-07 06:32:32,658 [WARNING] data.fetch — [fetch_analyst_data] ABT: 'dict' object has no attribute 'empty'
2026-08-07 06:32:33,388 [WARNING] data.fetch — [fetch_analyst_data] UTZ: 'dict' object has no attribute 'empty'
2026-08-07 06:32:33,389 [WARNING] data.fetch — [fetch_analyst_data] DUOL: 'dict' object has no attribute 'empty'
2026-08-07 06:32:33,400 [WARNING] data.fetch — [fetch_analyst_data] SPGI: 'dict' object has no attribute 'empty'
2026-08-07 06:32:33,711 [WARNING] data.fetch — [fetch_analyst_data] CDNS: 'dict' object has no attribute 'empty'
2026-08-07 06:32:39,037 [WARNING] data.fetch — [fetch_analyst_data] META: 'dict' object has no attribute 'empty'
2026-08-07 06:32:39,692 [WARNING] data.fetch — [fetch_analyst_data] HTZ: 'dict' object has no attribute 'empty'
[Insider] BULL 조회 실패 (무시): timed out
[Insider] T 조회 실패 (무시): timed out
[시장분석] enrichment 완료
[Email] 페이퍼 트레이딩 알림 발송 완료 (매도 0건, 매수 0건, 재평가 1건, 재평가실패 0건, 후보 2건) → chunghwan14@gmail.com, roykim0311@gmail.com, ssamjungtan@naver.com
============================================================
[Unified Paper Trading] 완료
============================================================
