[OHLCV] 배치 다운로드 1/4 (150개 종목, period=5y)...
[OHLCV] 배치 다운로드 2/4 (150개 종목, period=5y)...
[OHLCV] 배치 다운로드 3/4 (150개 종목, period=5y)...
[OHLCV] 배치 다운로드 4/4 (68개 종목, period=5y)...
[DataValidator] 9건의 데이터 품질 경고 발생
Warning:  DAY: Close NaN 비율 100.0% (기준: 30%)
Warning:  GEV: Close NaN 비율 57.6% (기준: 30%)
Warning:  HOOD: 비정상 가격 변동 50.4% (2021-08-04) — 스플릿/데이터 오류 가능
Warning:  PDD: 비정상 가격 변동 56.1% (2022-03-16) — 스플릿/데이터 오류 가능
Warning:  SOLV: Close NaN 비율 57.6% (기준: 30%)
Warning:  GL: 비정상 가격 변동 53.1% (2024-04-11) — 스플릿/데이터 오류 가능
Warning:  KVUE: Close NaN 비율 39.7% (기준: 30%)
Warning:  GEHC: Close NaN 비율 32.2% (기준: 30%)
Warning:  VLTO: Close NaN 비율 48.1% (기준: 30%)
[[SP500 분석]] 강한 섹터: {'Information Technology'}
[[SP500 분석]] Extreme model 'label_low' walk-forward ROC 0.64, AP 0.33
[[SP500 분석]] Extreme model 'label_high' walk-forward ROC 0.60, AP 0.24
[[SP500 분석]] Google Sheets 업데이트 완료
[Email] 바닥반등 21개 + 모멘텀 58개 = 총 79개 종목 리스트를 chunghwan14@gmail.com, roykim0311@gmail.com, ssamjungtan@naver.com로 발송 완료
[[SP500 분석]] Signals 결과 기반 차트분석 종목 리스트 생성 중...
[Dynamic Portfolio] 생성된 차트분석 종목 리스트(80개): ['NBM.V', 'PWR', 'AMAT', 'TMUS', 'MPWR', 'ON', 'ADI', 'IWM', 'C', 'SBUX', 'ANET', 'NEM', 'MU', 'STX', 'DHR', 'NXPI', 'BA', 'GOOG', 'VZ', 'LMT', 'PANW', 'COIN', 'ORCL', 'ASML', 'MRVL', 'SPY', 'PH', 'AMGN', 'PM', 'UNH', 'UNP', 'WDC', 'CSCO', 'INTC', 'MCHP', 'DELL', 'AAPL', 'RTX', 'EBAY', 'MRK', 'AMZN', 'SNPS', 'OXY', 'NVDA', 'ETN', 'QCOM', 'KO', 'CVX', 'COF', 'MS', 'LRCX', 'FCX', 'AMD', 'WMT', 'APP', 'JNJ', 'TMO', 'CAT', 'AVGO', 'GOOGL', 'SLB', 'ACN', 'CDNS', 'COST', 'NEE', 'KLAC', 'MSFT', 'LIN', 'GLW', 'GS', 'TER', 'ABT', 'TXN', 'VLO', 'DDOG', 'CRWD', 'QQQ', 'COP', 'TSLA', 'GEV']
[[SP500 차트분석]] [SP500 분석] 결과 기반 [SP500 차트분석] 시트 생성 중 (80개 종목)...
[[SP500 차트분석]] [SP500 분석]에 없는 종목은 별도 분석: ['NBM.V']
[DataValidator] 1건의 데이터 품질 경고 발생
Warning:  NBM.V: 비정상 가격 변동 56.3% (2024-09-25) — 스플릿/데이터 오류 가능
[[SP500 차트분석]] 강한 섹터: {'Information Technology'}
[[SP500 차트분석]] Extreme model 'global' skipped: insufficient_tickers
[[SP500 차트분석]] 기존 차트 파일 삭제 중...
[[SP500 차트분석]] 차트 저장 디렉토리 준비 완료: charts/screenshots
[[SP500 차트분석]] TradingView 차트 캡처 시작...
[[SP500 차트분석]] 80개 종목 차트 캡처 중...
[TradingView] MCHP 브라우저 세션 시작...
[TradingView] 1H 캡처 완료 (60)
[TradingView] 4H 캡처 완료 (240)
[TradingView] Daily 캡처 완료 (D)
[TradingView] Weekly 캡처 완료 (W)
[TradingView] Monthly 캡처 완료 (M)
[[SP500 차트분석]] MCHP 차트 5개 처리 완료
[TradingView] DELL 브라우저 세션 시작...
[TradingView] 1H 캡처 완료 (60)
[TradingView] 4H 캡처 완료 (240)
[TradingView] Daily 캡처 완료 (D)
[TradingView] Weekly 캡처 완료 (W)
[TradingView] Monthly 캡처 완료 (M)
[[SP500 차트분석]] DELL 차트 5개 처리 완료
[TradingView] MS 브라우저 세션 시작...
[TradingView] 1H 캡처 완료 (60)
[TradingView] 4H 캡처 완료 (240)
[TradingView] Daily 캡처 완료 (D)
[TradingView] Weekly 캡처 완료 (W)
[TradingView] Monthly 캡처 완료 (M)
[[SP500 차트분석]] MS 차트 5개 처리 완료
[TradingView] ON 브라우저 세션 시작...
[TradingView] 1H 캡처 완료 (60)
[TradingView] 4H 캡처 완료 (240)
[TradingView] Daily 캡처 완료 (D)
[TradingView] Weekly 캡처 완료 (W)
[TradingView] Monthly 캡처 완료 (M)
[[SP500 차트분석]] ON 차트 5개 처리 완료
[TradingView] ADI 브라우저 세션 시작...
[TradingView] 1H 캡처 완료 (60)
[TradingView] 4H 캡처 완료 (240)
[TradingView] Daily 캡처 완료 (D)
[TradingView] Weekly 캡처 완료 (W)
[TradingView] Monthly 캡처 완료 (M)
[[SP500 차트분석]] ADI 차트 5개 처리 완료
[TradingView] SNPS 브라우저 세션 시작...
[TradingView] 1H 캡처 완료 (60)
[TradingView] 4H 캡처 완료 (240)
[TradingView] Daily 캡처 완료 (D)
[TradingView] Weekly 캡처 완료 (W)
[TradingView] Monthly 캡처 완료 (M)
[[SP500 차트분석]] SNPS 차트 5개 처리 완료
[TradingView] CAT 브라우저 세션 시작...
[TradingView] 1H 캡처 완료 (60)
[TradingView] 4H 캡처 완료 (240)
[TradingView] Daily 캡처 완료 (D)
[TradingView] Weekly 캡처 완료 (W)
[TradingView] Monthly 캡처 완료 (M)
[[SP500 차트분석]] CAT 차트 5개 처리 완료
[TradingView] MRVL 브라우저 세션 시작...
[TradingView] 1H 캡처 완료 (60)
[TradingView] 4H 캡처 완료 (240)
[TradingView] Daily 캡처 완료 (D)
[TradingView] Weekly 캡처 완료 (W)
[TradingView] Monthly 캡처 완료 (M)
[[SP500 차트분석]] MRVL 차트 5개 처리 완료
[TradingView] GOOGL 브라우저 세션 시작...
[TradingView] 1H 캡처 완료 (60)
[TradingView] 4H 캡처 완료 (240)
[TradingView] Daily 캡처 완료 (D)
[TradingView] Weekly 캡처 완료 (W)
[TradingView] Monthly 캡처 완료 (M)
[[SP500 차트분석]] GOOGL 차트 5개 처리 완료
[TradingView] PM 브라우저 세션 시작...
[TradingView] 1H 캡처 완료 (60)
[TradingView] 4H 캡처 완료 (240)
[TradingView] Daily 캡처 완료 (D)
[TradingView] Weekly 캡처 완료 (W)
[TradingView] Monthly 캡처 완료 (M)
[[SP500 차트분석]] PM 차트 5개 처리 완료
[TradingView] GOOG 브라우저 세션 시작...
[TradingView] 1H 캡처 완료 (60)
[TradingView] 4H 캡처 완료 (240)
[TradingView] Daily 캡처 완료 (D)
[TradingView] Weekly 캡처 완료 (W)
[TradingView] Monthly 캡처 완료 (M)
[[SP500 차트분석]] GOOG 차트 5개 처리 완료
[TradingView] MPWR 브라우저 세션 시작...
[TradingView] 1H 캡처 완료 (60)
[TradingView] 4H 캡처 완료 (240)
[TradingView] Daily 캡처 완료 (D)
[TradingView] Weekly 캡처 완료 (W)
[TradingView] Monthly 캡처 완료 (M)
[[SP500 차트분석]] MPWR 차트 5개 처리 완료
[TradingView] SBUX 브라우저 세션 시작...
[TradingView] 1H 캡처 완료 (60)
[TradingView] 4H 캡처 완료 (240)
[TradingView] Daily 캡처 완료 (D)
[TradingView] Weekly 캡처 완료 (W)
[TradingView] Monthly 캡처 완료 (M)
[[SP500 차트분석]] SBUX 차트 5개 처리 완료
[TradingView] SLB 브라우저 세션 시작...
[TradingView] 1H 캡처 완료 (60)
[TradingView] 4H 캡처 완료 (240)
[TradingView] Daily 캡처 완료 (D)
[TradingView] Weekly 캡처 완료 (W)
[TradingView] Monthly 캡처 완료 (M)
[[SP500 차트분석]] SLB 차트 5개 처리 완료
[TradingView] AMZN 브라우저 세션 시작...
[TradingView] 1H 캡처 완료 (60)
[TradingView] 4H 캡처 완료 (240)
[TradingView] Daily 캡처 완료 (D)
[TradingView] Weekly 캡처 완료 (W)
[TradingView] Monthly 캡처 완료 (M)
[[SP500 차트분석]] AMZN 차트 5개 처리 완료
[TradingView] AVGO 브라우저 세션 시작...
[TradingView] 1H 캡처 완료 (60)
[TradingView] 4H 캡처 완료 (240)
[TradingView] Daily 캡처 완료 (D)
[TradingView] Weekly 캡처 완료 (W)
[TradingView] Monthly 캡처 완료 (M)
[[SP500 차트분석]] AVGO 차트 5개 처리 완료
[TradingView] PWR 브라우저 세션 시작...
[TradingView] 1H 캡처 완료 (60)
[TradingView] 4H 캡처 완료 (240)
[TradingView] Daily 캡처 완료 (D)
[TradingView] Weekly 캡처 완료 (W)
[TradingView] Monthly 캡처 완료 (M)
[[SP500 차트분석]] PWR 차트 5개 처리 완료
[TradingView] GS 브라우저 세션 시작...
[TradingView] 1H 캡처 완료 (60)
[TradingView] 4H 캡처 완료 (240)
[TradingView] Daily 캡처 완료 (D)
[TradingView] Weekly 캡처 완료 (W)
[TradingView] Monthly 캡처 완료 (M)
[[SP500 차트분석]] GS 차트 5개 처리 완료
[TradingView] IWM 브라우저 세션 시작...
[TradingView] 1H 캡처 완료 (60)
[TradingView] 4H 캡처 완료 (240)
[TradingView] Daily 캡처 완료 (D)
[TradingView] Weekly 캡처 완료 (W)
[TradingView] Monthly 캡처 완료 (M)
[[SP500 차트분석]] IWM 차트 5개 처리 완료
[TradingView] CDNS 브라우저 세션 시작...
[TradingView] 1H 캡처 완료 (60)
[TradingView] 4H 캡처 완료 (240)
[TradingView] Daily 캡처 완료 (D)
[TradingView] Weekly 캡처 완료 (W)
[TradingView] Monthly 캡처 완료 (M)
[[SP500 차트분석]] CDNS 차트 5개 처리 완료
[TradingView] AMAT 브라우저 세션 시작...
[TradingView] 1H 캡처 완료 (60)
[TradingView] 4H 캡처 완료 (240)
[TradingView] Daily 캡처 완료 (D)
[TradingView] Weekly 캡처 완료 (W)
[TradingView] Monthly 캡처 완료 (M)
[[SP500 차트분석]] AMAT 차트 5개 처리 완료
[TradingView] NVDA 브라우저 세션 시작...
[TradingView] 1H 캡처 완료 (60)
[TradingView] 4H 캡처 완료 (240)
[TradingView] Daily 캡처 완료 (D)
[TradingView] Weekly 캡처 완료 (W)
[TradingView] Monthly 캡처 완료 (M)
[[SP500 차트분석]] NVDA 차트 5개 처리 완료
[TradingView] GLW 브라우저 세션 시작...
[TradingView] 1H 캡처 완료 (60)
[TradingView] 4H 캡처 완료 (240)
[TradingView] Daily 캡처 완료 (D)
[TradingView] Weekly 캡처 완료 (W)
[TradingView] Monthly 캡처 완료 (M)
[[SP500 차트분석]] GLW 차트 5개 처리 완료
[TradingView] EBAY 브라우저 세션 시작...
[TradingView] 1H 캡처 완료 (60)
[TradingView] 4H 캡처 완료 (240)
[TradingView] Daily 캡처 완료 (D)
[TradingView] Weekly 캡처 완료 (W)
[TradingView] Monthly 캡처 완료 (M)
[[SP500 차트분석]] EBAY 차트 5개 처리 완료
[TradingView] NXPI 브라우저 세션 시작...
[TradingView] 1H 캡처 완료 (60)
[TradingView] 4H 캡처 완료 (240)
[TradingView] Daily 캡처 완료 (D)
[TradingView] Weekly 캡처 완료 (W)
[TradingView] Monthly 캡처 완료 (M)
[[SP500 차트분석]] NXPI 차트 5개 처리 완료
[TradingView] TXN 브라우저 세션 시작...
[TradingView] 1H 캡처 완료 (60)
[TradingView] 4H 캡처 완료 (240)
[TradingView] Daily 캡처 완료 (D)
[TradingView] Weekly 캡처 완료 (W)
[TradingView] Monthly 캡처 완료 (M)
[[SP500 차트분석]] TXN 차트 5개 처리 완료
[TradingView] WDC 브라우저 세션 시작...
[TradingView] 1H 캡처 완료 (60)
[TradingView] 4H 캡처 완료 (240)
[TradingView] Daily 캡처 완료 (D)
[TradingView] Weekly 캡처 완료 (W)
[TradingView] Monthly 캡처 완료 (M)
[[SP500 차트분석]] WDC 차트 5개 처리 완료
[TradingView] STX 브라우저 세션 시작...
[TradingView] 1H 캡처 완료 (60)
[TradingView] 4H 캡처 완료 (240)
[TradingView] Daily 캡처 완료 (D)
[TradingView] Weekly 캡처 완료 (W)
[TradingView] Monthly 캡처 완료 (M)
[[SP500 차트분석]] STX 차트 5개 처리 완료
[TradingView] CSCO 브라우저 세션 시작...
[TradingView] 1H 캡처 완료 (60)
[TradingView] 4H 캡처 완료 (240)
[TradingView] Daily 캡처 완료 (D)
[TradingView] Weekly 캡처 완료 (W)
[TradingView] Monthly 캡처 완료 (M)
[[SP500 차트분석]] CSCO 차트 5개 처리 완료
[TradingView] UNH 브라우저 세션 시작...
[TradingView] 1H 캡처 완료 (60)
[TradingView] 4H 캡처 완료 (240)
[TradingView] Daily 캡처 완료 (D)
[TradingView] Weekly 캡처 완료 (W)
[TradingView] Monthly 캡처 완료 (M)
[[SP500 차트분석]] UNH 차트 5개 처리 완료
[TradingView] TSLA 브라우저 세션 시작...
[TradingView] 1H 캡처 완료 (60)
[TradingView] 4H 캡처 완료 (240)
[TradingView] Daily 캡처 완료 (D)
[TradingView] Weekly 캡처 완료 (W)
[TradingView] Monthly 캡처 완료 (M)
[[SP500 차트분석]] TSLA 차트 5개 처리 완료
[TradingView] AAPL 브라우저 세션 시작...
[TradingView] 1H 캡처 완료 (60)
[TradingView] 4H 캡처 완료 (240)
[TradingView] Daily 캡처 완료 (D)
[TradingView] Weekly 캡처 완료 (W)
[TradingView] Monthly 캡처 완료 (M)
[[SP500 차트분석]] AAPL 차트 5개 처리 완료
[TradingView] GEV 브라우저 세션 시작...
[TradingView] 1H 캡처 완료 (60)
[TradingView] 4H 캡처 완료 (240)
[TradingView] Daily 캡처 완료 (D)
[TradingView] Weekly 캡처 완료 (W)
[TradingView] Monthly 캡처 완료 (M)
[[SP500 차트분석]] GEV 차트 5개 처리 완료
[TradingView] LRCX 브라우저 세션 시작...
[TradingView] 1H 캡처 완료 (60)
[TradingView] 4H 캡처 완료 (240)
[TradingView] Daily 캡처 완료 (D)
[TradingView] Weekly 캡처 완료 (W)
[TradingView] Monthly 캡처 완료 (M)
[[SP500 차트분석]] LRCX 차트 5개 처리 완료
[TradingView] QQQ 브라우저 세션 시작...
[TradingView] 1H 캡처 완료 (60)
[TradingView] 4H 캡처 완료 (240)
[TradingView] Daily 캡처 완료 (D)
[TradingView] Weekly 캡처 완료 (W)
[TradingView] Monthly 캡처 완료 (M)
[[SP500 차트분석]] QQQ 차트 5개 처리 완료
[TradingView] UNP 브라우저 세션 시작...
[TradingView] 1H 캡처 완료 (60)
[TradingView] 4H 캡처 완료 (240)
[TradingView] Daily 캡처 완료 (D)
[TradingView] Weekly 캡처 완료 (W)
[TradingView] Monthly 캡처 완료 (M)
[[SP500 차트분석]] UNP 차트 5개 처리 완료
[TradingView] SPY 브라우저 세션 시작...
[TradingView] 1H 캡처 완료 (60)
[TradingView] 4H 캡처 완료 (240)
[TradingView] Daily 캡처 완료 (D)
[TradingView] Weekly 캡처 완료 (W)
[TradingView] Monthly 캡처 완료 (M)
[[SP500 차트분석]] SPY 차트 5개 처리 완료
[TradingView] VLO 브라우저 세션 시작...
[TradingView] 1H 캡처 완료 (60)
[TradingView] 4H 캡처 완료 (240)
[TradingView] Daily 캡처 완료 (D)
[TradingView] Weekly 캡처 완료 (W)
[TradingView] Monthly 캡처 완료 (M)
[[SP500 차트분석]] VLO 차트 5개 처리 완료
[TradingView] QCOM 브라우저 세션 시작...
[TradingView] 1H 캡처 완료 (60)
[TradingView] 4H 캡처 완료 (240)
[TradingView] Daily 캡처 완료 (D)
[TradingView] Weekly 캡처 완료 (W)
[TradingView] Monthly 캡처 완료 (M)
[[SP500 차트분석]] QCOM 차트 5개 처리 완료
[TradingView] MU 브라우저 세션 시작...
[TradingView] 1H 캡처 완료 (60)
[TradingView] 4H 캡처 완료 (240)
[TradingView] Daily 캡처 완료 (D)
[TradingView] Weekly 캡처 완료 (W)
[TradingView] Monthly 캡처 완료 (M)
[[SP500 차트분석]] MU 차트 5개 처리 완료
[TradingView] WMT 브라우저 세션 시작...
[TradingView] 1H 캡처 완료 (60)
[TradingView] 4H 캡처 완료 (240)
[TradingView] Daily 캡처 완료 (D)
[TradingView] Weekly 캡처 완료 (W)
[TradingView] Monthly 캡처 완료 (M)
[[SP500 차트분석]] WMT 차트 5개 처리 완료
[TradingView] OXY 브라우저 세션 시작...
[TradingView] 1H 캡처 완료 (60)
[TradingView] 4H 캡처 완료 (240)
[TradingView] Daily 캡처 완료 (D)
[TradingView] Weekly 캡처 완료 (W)
[TradingView] Monthly 캡처 완료 (M)
[[SP500 차트분석]] OXY 차트 5개 처리 완료
[TradingView] ETN 브라우저 세션 시작...
[TradingView] 1H 캡처 완료 (60)
[TradingView] 4H 캡처 완료 (240)
[TradingView] Daily 캡처 완료 (D)
[TradingView] Weekly 캡처 완료 (W)
[TradingView] Monthly 캡처 완료 (M)
[[SP500 차트분석]] ETN 차트 5개 처리 완료
[TradingView] COST 브라우저 세션 시작...
[TradingView] 1H 캡처 완료 (60)
[TradingView] 4H 캡처 완료 (240)
[TradingView] Daily 캡처 완료 (D)
[TradingView] Weekly 캡처 완료 (W)
[TradingView] Monthly 캡처 완료 (M)
[[SP500 차트분석]] COST 차트 5개 처리 완료
[TradingView] DDOG 브라우저 세션 시작...
[TradingView] 1H 캡처 완료 (60)
[TradingView] 4H 캡처 완료 (240)
[TradingView] Daily 캡처 완료 (D)
[TradingView] Weekly 캡처 완료 (W)
[TradingView] Monthly 캡처 완료 (M)
[[SP500 차트분석]] DDOG 차트 5개 처리 완료
[TradingView] CRWD 브라우저 세션 시작...
[TradingView] 1H 캡처 완료 (60)
[TradingView] 4H 캡처 완료 (240)
[TradingView] Daily 캡처 완료 (D)
[TradingView] Weekly 캡처 완료 (W)
[TradingView] Monthly 캡처 완료 (M)
[[SP500 차트분석]] CRWD 차트 5개 처리 완료
[TradingView] AMD 브라우저 세션 시작...
[TradingView] 1H 캡처 완료 (60)
[TradingView] 4H 캡처 완료 (240)
[TradingView] Daily 캡처 완료 (D)
[TradingView] Weekly 캡처 완료 (W)
[TradingView] Monthly 캡처 완료 (M)
[[SP500 차트분석]] AMD 차트 5개 처리 완료
[TradingView] PANW 브라우저 세션 시작...
[TradingView] 1H 캡처 완료 (60)
[TradingView] 4H 캡처 완료 (240)
[TradingView] Daily 캡처 완료 (D)
[TradingView] Weekly 캡처 완료 (W)
[TradingView] Monthly 캡처 완료 (M)
[[SP500 차트분석]] PANW 차트 5개 처리 완료
[TradingView] INTC 브라우저 세션 시작...
[TradingView] 1H 캡처 완료 (60)
[TradingView] 4H 캡처 완료 (240)
[TradingView] Daily 캡처 완료 (D)
[TradingView] Weekly 캡처 완료 (W)
[TradingView] Monthly 캡처 완료 (M)
[[SP500 차트분석]] INTC 차트 5개 처리 완료
[TradingView] ANET 브라우저 세션 시작...
[TradingView] 1H 캡처 완료 (60)
[TradingView] 4H 캡처 완료 (240)
[TradingView] Daily 캡처 완료 (D)
[TradingView] Weekly 캡처 완료 (W)
[TradingView] Monthly 캡처 완료 (M)
[[SP500 차트분석]] ANET 차트 5개 처리 완료
[TradingView] ORCL 브라우저 세션 시작...
[TradingView] 1H 캡처 완료 (60)
[TradingView] 4H 캡처 완료 (240)
[TradingView] Daily 캡처 완료 (D)
[TradingView] Weekly 캡처 완료 (W)
[TradingView] Monthly 캡처 완료 (M)
[[SP500 차트분석]] ORCL 차트 5개 처리 완료
[TradingView] TER 브라우저 세션 시작...
[TradingView] 1H 캡처 완료 (60)
[TradingView] 4H 캡처 완료 (240)
[TradingView] Daily 캡처 완료 (D)
[TradingView] Weekly 캡처 완료 (W)
[TradingView] Monthly 캡처 완료 (M)
[[SP500 차트분석]] TER 차트 5개 처리 완료
[TradingView] NEM 브라우저 세션 시작...
[TradingView] 1H 캡처 완료 (60)
[TradingView] 4H 캡처 완료 (240)
[TradingView] Daily 캡처 완료 (D)
[TradingView] Weekly 캡처 완료 (W)
[TradingView] Monthly 캡처 완료 (M)
[[SP500 차트분석]] NEM 차트 5개 처리 완료
[TradingView] NEE 브라우저 세션 시작...
[TradingView] 1H 캡처 완료 (60)
[TradingView] 4H 캡처 완료 (240)
[TradingView] Daily 캡처 완료 (D)
[TradingView] Weekly 캡처 완료 (W)
[TradingView] Monthly 캡처 완료 (M)
[[SP500 차트분석]] NEE 차트 5개 처리 완료
[TradingView] KLAC 브라우저 세션 시작...
[TradingView] 1H 캡처 완료 (60)
[TradingView] 4H 캡처 완료 (240)
[TradingView] Daily 캡처 완료 (D)
[TradingView] Weekly 캡처 완료 (W)
[TradingView] Monthly 캡처 완료 (M)
[[SP500 차트분석]] KLAC 차트 5개 처리 완료
[TradingView] ASML 브라우저 세션 시작...
[TradingView] 1H 캡처 완료 (60)
[TradingView] 4H 캡처 완료 (240)
[TradingView] Daily 캡처 완료 (D)
[TradingView] Weekly 캡처 완료 (W)
[TradingView] Monthly 캡처 완료 (M)
[[SP500 차트분석]] ASML 차트 5개 처리 완료
[TradingView] CVX 브라우저 세션 시작...
[TradingView] 1H 캡처 완료 (60)
[TradingView] 4H 캡처 완료 (240)
[TradingView] Daily 캡처 완료 (D)
[TradingView] Weekly 캡처 완료 (W)
[TradingView] Monthly 캡처 완료 (M)
[[SP500 차트분석]] CVX 차트 5개 처리 완료
[TradingView] LMT 브라우저 세션 시작...
[TradingView] 1H 캡처 완료 (60)
[TradingView] 4H 캡처 완료 (240)
[TradingView] Daily 캡처 완료 (D)
[TradingView] Weekly 캡처 완료 (W)
[TradingView] Monthly 캡처 완료 (M)
[[SP500 차트분석]] LMT 차트 5개 처리 완료
[TradingView] COP 브라우저 세션 시작...
[TradingView] 1H 캡처 완료 (60)
[TradingView] 4H 캡처 완료 (240)
[TradingView] Daily 캡처 완료 (D)
[TradingView] Weekly 캡처 완료 (W)
[TradingView] Monthly 캡처 완료 (M)
[[SP500 차트분석]] COP 차트 5개 처리 완료
[TradingView] FCX 브라우저 세션 시작...
[TradingView] 1H 캡처 완료 (60)
[TradingView] 4H 캡처 완료 (240)
[TradingView] Daily 캡처 완료 (D)
[TradingView] Weekly 캡처 완료 (W)
[TradingView] Monthly 캡처 완료 (M)
[[SP500 차트분석]] FCX 차트 5개 처리 완료
[TradingView] C 브라우저 세션 시작...
[TradingView] 1H 캡처 완료 (60)
[TradingView] 4H 캡처 완료 (240)
[TradingView] Daily 캡처 완료 (D)
[TradingView] Weekly 캡처 완료 (W)
[TradingView] Monthly 캡처 완료 (M)
[[SP500 차트분석]] C 차트 5개 처리 완료
[TradingView] VZ 브라우저 세션 시작...
[TradingView] 1H 캡처 완료 (60)
[TradingView] 4H 캡처 완료 (240)
[TradingView] Daily 캡처 완료 (D)
[TradingView] Weekly 캡처 완료 (W)
[TradingView] Monthly 캡처 완료 (M)
[[SP500 차트분석]] VZ 차트 5개 처리 완료
[TradingView] TMUS 브라우저 세션 시작...
[TradingView] 1H 캡처 완료 (60)
[TradingView] 4H 캡처 완료 (240)
[TradingView] Daily 캡처 완료 (D)
[TradingView] Weekly 캡처 완료 (W)
[TradingView] Monthly 캡처 완료 (M)
[[SP500 차트분석]] TMUS 차트 5개 처리 완료
[TradingView] RTX 브라우저 세션 시작...
[TradingView] 1H 캡처 완료 (60)
[TradingView] 4H 캡처 완료 (240)
[TradingView] Daily 캡처 완료 (D)
[TradingView] Weekly 캡처 완료 (W)
[TradingView] Monthly 캡처 완료 (M)
[[SP500 차트분석]] RTX 차트 5개 처리 완료
[TradingView] ABT 브라우저 세션 시작...
[TradingView] 1H 캡처 완료 (60)
[TradingView] 4H 캡처 완료 (240)
[TradingView] Daily 캡처 완료 (D)
[TradingView] Weekly 캡처 완료 (W)
[TradingView] Monthly 캡처 완료 (M)
[[SP500 차트분석]] ABT 차트 5개 처리 완료
[TradingView] DHR 브라우저 세션 시작...
[TradingView] 1H 캡처 완료 (60)
[TradingView] 4H 캡처 완료 (240)
[TradingView] Daily 캡처 완료 (D)
[TradingView] Weekly 캡처 완료 (W)
[TradingView] Monthly 캡처 완료 (M)
[[SP500 차트분석]] DHR 차트 5개 처리 완료
[TradingView] MRK 브라우저 세션 시작...
[TradingView] 1H 캡처 완료 (60)
[TradingView] 4H 캡처 완료 (240)
[TradingView] Daily 캡처 완료 (D)
[TradingView] Weekly 캡처 완료 (W)
[TradingView] Monthly 캡처 완료 (M)
[[SP500 차트분석]] MRK 차트 5개 처리 완료
[TradingView] COIN 브라우저 세션 시작...
[TradingView] 1H 캡처 완료 (60)
[TradingView] 4H 캡처 완료 (240)
[TradingView] Daily 캡처 완료 (D)
[TradingView] Weekly 캡처 완료 (W)
[TradingView] Monthly 캡처 완료 (M)
[[SP500 차트분석]] COIN 차트 5개 처리 완료
[TradingView] APP 브라우저 세션 시작...
[TradingView] 1H 캡처 완료 (60)
[TradingView] 4H 캡처 완료 (240)
[TradingView] Daily 캡처 완료 (D)
[TradingView] Weekly 캡처 완료 (W)
[TradingView] Monthly 캡처 완료 (M)
[[SP500 차트분석]] APP 차트 5개 처리 완료
[TradingView] COF 브라우저 세션 시작...
[TradingView] 1H 캡처 완료 (60)
[TradingView] 4H 캡처 완료 (240)
[TradingView] Daily 캡처 완료 (D)
[TradingView] Weekly 캡처 완료 (W)
[TradingView] Monthly 캡처 완료 (M)
[[SP500 차트분석]] COF 차트 5개 처리 완료
[TradingView] MSFT 브라우저 세션 시작...
[TradingView] 1H 캡처 완료 (60)
[TradingView] 4H 캡처 완료 (240)
[TradingView] Daily 캡처 완료 (D)
[TradingView] Weekly 캡처 완료 (W)
[TradingView] Monthly 캡처 완료 (M)
[[SP500 차트분석]] MSFT 차트 5개 처리 완료
[TradingView] KO 브라우저 세션 시작...
[TradingView] 1H 캡처 완료 (60)
[TradingView] 4H 캡처 완료 (240)
[TradingView] Daily 캡처 완료 (D)
[TradingView] Weekly 캡처 완료 (W)
[TradingView] Monthly 캡처 완료 (M)
[[SP500 차트분석]] KO 차트 5개 처리 완료
[TradingView] BA 브라우저 세션 시작...
[TradingView] 1H 캡처 완료 (60)
[TradingView] 4H 캡처 완료 (240)
[TradingView] Daily 캡처 완료 (D)
[TradingView] Weekly 캡처 완료 (W)
[TradingView] Monthly 캡처 완료 (M)
[[SP500 차트분석]] BA 차트 5개 처리 완료
[TradingView] LIN 브라우저 세션 시작...
[TradingView] 1H 캡처 완료 (60)
[TradingView] 4H 캡처 완료 (240)
[TradingView] Daily 캡처 완료 (D)
[TradingView] Weekly 캡처 완료 (W)
[TradingView] Monthly 캡처 완료 (M)
[[SP500 차트분석]] LIN 차트 5개 처리 완료
[TradingView] JNJ 브라우저 세션 시작...
[TradingView] 1H 캡처 완료 (60)
[TradingView] 4H 캡처 완료 (240)
[TradingView] Daily 캡처 완료 (D)
[TradingView] Weekly 캡처 완료 (W)
[TradingView] Monthly 캡처 완료 (M)
[[SP500 차트분석]] JNJ 차트 5개 처리 완료
[TradingView] PH 브라우저 세션 시작...
[TradingView] 1H 캡처 완료 (60)
[TradingView] 4H 캡처 완료 (240)
[TradingView] Daily 캡처 완료 (D)
[TradingView] Weekly 캡처 완료 (W)
[TradingView] Monthly 캡처 완료 (M)
[[SP500 차트분석]] PH 차트 5개 처리 완료
[TradingView] ACN 브라우저 세션 시작...
[TradingView] 1H 캡처 완료 (60)
[TradingView] 4H 캡처 완료 (240)
[TradingView] Daily 캡처 완료 (D)
[TradingView] Weekly 캡처 완료 (W)
[TradingView] Monthly 캡처 완료 (M)
[[SP500 차트분석]] ACN 차트 5개 처리 완료
[TradingView] AMGN 브라우저 세션 시작...
[TradingView] 1H 캡처 완료 (60)
[TradingView] 4H 캡처 완료 (240)
[TradingView] Daily 캡처 완료 (D)
[TradingView] Weekly 캡처 완료 (W)
[TradingView] Monthly 캡처 완료 (M)
[[SP500 차트분석]] AMGN 차트 5개 처리 완료
[TradingView] TMO 브라우저 세션 시작...
[TradingView] 1H 캡처 완료 (60)
[TradingView] 4H 캡처 완료 (240)
[TradingView] Daily 캡처 완료 (D)
[TradingView] Weekly 캡처 완료 (W)
[TradingView] Monthly 캡처 완료 (M)
[[SP500 차트분석]] TMO 차트 5개 처리 완료
[TradingView] 티커 매핑 적용: NBM.V -> NBM
[TradingView] NBM.V 브라우저 세션 시작...
[TradingView] 1H 캡처 완료 (60)
[TradingView] 4H 캡처 완료 (240)
[TradingView] Daily 캡처 완료 (D)
[TradingView] Weekly 캡처 완료 (W)
[TradingView] Monthly 캡처 완료 (M)
[[SP500 차트분석]] NBM.V 차트 5개 처리 완료
[[SP500 차트분석]] 차트 캡처 완료
[[SP500 차트분석]] GitHub에 차트 이미지 푸시 중...
[main f56d352] Update chart screenshots 1778563497
 770 files changed, 0 insertions(+), 0 deletions(-)
 delete mode 100644 charts/screenshots/AAPL/AAPL_1H_20260511_051801.png
 create mode 100644 charts/screenshots/AAPL/AAPL_1H_20260512_045907.png
 delete mode 100644 charts/screenshots/AAPL/AAPL_4H_20260511_051801.png
 create mode 100644 charts/screenshots/AAPL/AAPL_4H_20260512_045907.png
 delete mode 100644 charts/screenshots/AAPL/AAPL_Daily_20260511_051801.png
 create mode 100644 charts/screenshots/AAPL/AAPL_Daily_20260512_045907.png
 delete mode 100644 charts/screenshots/AAPL/AAPL_Monthly_20260511_051801.png
 create mode 100644 charts/screenshots/AAPL/AAPL_Monthly_20260512_045907.png
 delete mode 100644 charts/screenshots/AAPL/AAPL_Weekly_20260511_051801.png
 create mode 100644 charts/screenshots/AAPL/AAPL_Weekly_20260512_045907.png
 delete mode 100644 charts/screenshots/ABT/ABT_1H_20260511_053208.png
 create mode 100644 charts/screenshots/ABT/ABT_1H_20260512_051624.png
 delete mode 100644 charts/screenshots/ABT/ABT_4H_20260511_053208.png
 create mode 100644 charts/screenshots/ABT/ABT_4H_20260512_051624.png
 delete mode 100644 charts/screenshots/ABT/ABT_Daily_20260511_053208.png
 create mode 100644 charts/screenshots/ABT/ABT_Daily_20260512_051624.png
 delete mode 100644 charts/screenshots/ABT/ABT_Monthly_20260511_053208.png
 create mode 100644 charts/screenshots/ABT/ABT_Monthly_20260512_051624.png
 delete mode 100644 charts/screenshots/ABT/ABT_Weekly_20260511_053208.png
 create mode 100644 charts/screenshots/ABT/ABT_Weekly_20260512_051624.png
 create mode 100644 charts/screenshots/ACN/ACN_1H_20260512_052246.png
 create mode 100644 charts/screenshots/ACN/ACN_4H_20260512_052246.png
 create mode 100644 charts/screenshots/ACN/ACN_Daily_20260512_052246.png
 create mode 100644 charts/screenshots/ACN/ACN_Monthly_20260512_052246.png
 create mode 100644 charts/screenshots/ACN/ACN_Weekly_20260512_052246.png
 delete mode 100644 charts/screenshots/ADI/ADI_1H_20260511_050542.png
 create mode 100644 charts/screenshots/ADI/ADI_1H_20260512_044459.png
 delete mode 100644 charts/screenshots/ADI/ADI_4H_20260511_050542.png
 create mode 100644 charts/screenshots/ADI/ADI_4H_20260512_044459.png
 delete mode 100644 charts/screenshots/ADI/ADI_Daily_20260511_050542.png
 create mode 100644 charts/screenshots/ADI/ADI_Daily_20260512_044459.png
 delete mode 100644 charts/screenshots/ADI/ADI_Monthly_20260511_050542.png
 create mode 100644 charts/screenshots/ADI/ADI_Monthly_20260512_044459.png
 delete mode 100644 charts/screenshots/ADI/ADI_Weekly_20260511_050542.png
 create mode 100644 charts/screenshots/ADI/ADI_Weekly_20260512_044459.png
 delete mode 100644 charts/screenshots/AMAT/AMAT_1H_20260511_051109.png
 create mode 100644 charts/screenshots/AMAT/AMAT_1H_20260512_045321.png
 delete mode 100644 charts/screenshots/AMAT/AMAT_4H_20260511_051109.png
 create mode 100644 charts/screenshots/AMAT/AMAT_4H_20260512_045321.png
 delete mode 100644 charts/screenshots/AMAT/AMAT_Daily_20260511_051109.png
 create mode 100644 charts/screenshots/AMAT/AMAT_Daily_20260512_045321.png
 delete mode 100644 charts/screenshots/AMAT/AMAT_Monthly_20260511_051109.png
 create mode 100644 charts/screenshots/AMAT/AMAT_Monthly_20260512_045321.png
 delete mode 100644 charts/screenshots/AMAT/AMAT_Weekly_20260511_051109.png
 create mode 100644 charts/screenshots/AMAT/AMAT_Weekly_20260512_045321.png
 delete mode 100644 charts/screenshots/AMD/AMD_1H_20260511_052156.png
 create mode 100644 charts/screenshots/AMD/AMD_1H_20260512_050658.png
 delete mode 100644 charts/screenshots/AMD/AMD_4H_20260511_052156.png
 create mode 100644 charts/screenshots/AMD/AMD_4H_20260512_050658.png
 delete mode 100644 charts/screenshots/AMD/AMD_Daily_20260511_052156.png
 create mode 100644 charts/screenshots/AMD/AMD_Daily_20260512_050658.png
 delete mode 100644 charts/screenshots/AMD/AMD_Monthly_20260511_052156.png
 create mode 100644 charts/screenshots/AMD/AMD_Monthly_20260512_050658.png
 delete mode 100644 charts/screenshots/AMD/AMD_Weekly_20260511_052156.png
 create mode 100644 charts/screenshots/AMD/AMD_Weekly_20260512_050658.png
 create mode 100644 charts/screenshots/AMGN/AMGN_1H_20260512_052318.png
 create mode 100644 charts/screenshots/AMGN/AMGN_4H_20260512_052318.png
 create mode 100644 charts/screenshots/AMGN/AMGN_Daily_20260512_052318.png
 create mode 100644 charts/screenshots/AMGN/AMGN_Monthly_20260512_052318.png
 create mode 100644 charts/screenshots/AMGN/AMGN_Weekly_20260512_052318.png
 delete mode 100644 charts/screenshots/AMZN/AMZN_1H_20260511_051602.png
 create mode 100644 charts/screenshots/AMZN/AMZN_1H_20260512_045013.png
 delete mode 100644 charts/screenshots/AMZN/AMZN_4H_20260511_051602.png
 create mode 100644 charts/screenshots/AMZN/AMZN_4H_20260512_045013.png
 delete mode 100644 charts/screenshots/AMZN/AMZN_Daily_20260511_051602.png
 create mode 100644 charts/screenshots/AMZN/AMZN_Daily_20260512_045013.png
 delete mode 100644 charts/screenshots/AMZN/AMZN_Monthly_20260511_051602.png
 create mode 100644 charts/screenshots/AMZN/AMZN_Monthly_20260512_045013.png
 delete mode 100644 charts/screenshots/AMZN/AMZN_Weekly_20260511_051602.png
 create mode 100644 charts/screenshots/AMZN/AMZN_Weekly_20260512_045013.png
 delete mode 100644 charts/screenshots/ANET/ANET_1H_20260511_052225.png
 create mode 100644 charts/screenshots/ANET/ANET_1H_20260512_050831.png
 delete mode 100644 charts/screenshots/ANET/ANET_4H_20260511_052225.png
 create mode 100644 charts/screenshots/ANET/ANET_4H_20260512_050831.png
 delete mode 100644 charts/screenshots/ANET/ANET_Daily_20260511_052225.png
 create mode 100644 charts/screenshots/ANET/ANET_Daily_20260512_050831.png
 delete mode 100644 charts/screenshots/ANET/ANET_Monthly_20260511_052225.png
 create mode 100644 charts/screenshots/ANET/ANET_Monthly_20260512_050831.png
 delete mode 100644 charts/screenshots/ANET/ANET_Weekly_20260511_052225.png
 create mode 100644 charts/screenshots/ANET/ANET_Weekly_20260512_050831.png
 delete mode 100644 charts/screenshots/APH/APH_1H_20260511_053139.png
 delete mode 100644 charts/screenshots/APH/APH_4H_20260511_053139.png
 delete mode 100644 charts/screenshots/APH/APH_Daily_20260511_053139.png
 delete mode 100644 charts/screenshots/APH/APH_Monthly_20260511_053139.png
 delete mode 100644 charts/screenshots/APH/APH_Weekly_20260511_053139.png
 create mode 100644 charts/screenshots/APP/APP_1H_20260512_051829.png
 create mode 100644 charts/screenshots/APP/APP_4H_20260512_051829.png
 create mode 100644 charts/screenshots/APP/APP_Daily_20260512_051829.png
 create mode 100644 charts/screenshots/APP/APP_Monthly_20260512_051829.png
 create mode 100644 charts/screenshots/APP/APP_Weekly_20260512_051829.png
 delete mode 100644 charts/screenshots/ASML/ASML_1H_20260511_051238.png
 create mode 100644 charts/screenshots/ASML/ASML_1H_20260512_051139.png
 delete mode 100644 charts/screenshots/ASML/ASML_4H_20260511_051238.png
 create mode 100644 charts/screenshots/ASML/ASML_4H_20260512_051139.png
 delete mode 100644 charts/screenshots/ASML/ASML_Daily_20260511_051238.png
 create mode 100644 charts/screenshots/ASML/ASML_Daily_20260512_051139.png
 delete mode 100644 charts/screenshots/ASML/ASML_Monthly_20260511_051238.png
 create mode 100644 charts/screenshots/ASML/ASML_Monthly_20260512_051139.png
 delete mode 100644 charts/screenshots/ASML/ASML_Weekly_20260511_051238.png
 create mode 100644 charts/screenshots/ASML/ASML_Weekly_20260512_051139.png
 delete mode 100644 charts/screenshots/AVGO/AVGO_1H_20260511_050910.png
 create mode 100644 charts/screenshots/AVGO/AVGO_1H_20260512_045044.png
 delete mode 100644 charts/screenshots/AVGO/AVGO_4H_20260511_050910.png
 create mode 100644 charts/screenshots/AVGO/AVGO_4H_20260512_045044.png
 delete mode 100644 charts/screenshots/AVGO/AVGO_Daily_20260511_050910.png
 create mode 100644 charts/screenshots/AVGO/AVGO_Daily_20260512_045044.png
 delete mode 100644 charts/screenshots/AVGO/AVGO_Monthly_20260511_050910.png
 create mode 100644 charts/screenshots/AVGO/AVGO_Monthly_20260512_045044.png
 delete mode 100644 charts/screenshots/AVGO/AVGO_Weekly_20260511_050910.png
 create mode 100644 charts/screenshots/AVGO/AVGO_Weekly_20260512_045044.png
 delete mode 100644 charts/screenshots/AZO/AZO_1H_20260511_053335.png
 delete mode 100644 charts/screenshots/AZO/AZO_4H_20260511_053335.png
 delete mode 100644 charts/screenshots/AZO/AZO_Daily_20260511_053335.png
 delete mode 100644 charts/screenshots/AZO/AZO_Monthly_20260511_053335.png
 delete mode 100644 charts/screenshots/AZO/AZO_Weekly_20260511_053335.png
 delete mode 100644 charts/screenshots/BA/BA_1H_20260511_052616.png
 create mode 100644 charts/screenshots/BA/BA_1H_20260512_052036.png
 delete mode 100644 charts/screenshots/BA/BA_4H_20260511_052616.png
 create mode 100644 charts/screenshots/BA/BA_4H_20260512_052036.png
 delete mode 100644 charts/screenshots/BA/BA_Daily_20260511_052616.png
 create mode 100644 charts/screenshots/BA/BA_Daily_20260512_052036.png
 delete mode 100644 charts/screenshots/BA/BA_Monthly_20260511_052616.png
 create mode 100644 charts/screenshots/BA/BA_Monthly_20260512_052036.png
 delete mode 100644 charts/screenshots/BA/BA_Weekly_20260511_052616.png
 create mode 100644 charts/screenshots/BA/BA_Weekly_20260512_052036.png
 delete mode 100644 charts/screenshots/C/C_1H_20260511_051830.png
 create mode 100644 charts/screenshots/C/C_1H_20260512_051418.png
 delete mode 100644 charts/screenshots/C/C_4H_20260511_051830.png
 create mode 100644 charts/screenshots/C/C_4H_20260512_051418.png
 delete mode 100644 charts/screenshots/C/C_Daily_20260511_051830.png
 create mode 100644 charts/screenshots/C/C_Daily_20260512_051418.png
 delete mode 100644 charts/screenshots/C/C_Monthly_20260511_051830.png
 create mode 100644 charts/screenshots/C/C_Monthly_20260512_051418.png
 delete mode 100644 charts/screenshots/C/C_Weekly_20260511_051830.png
 create mode 100644 charts/screenshots/C/C_Weekly_20260512_051418.png
 delete mode 100644 charts/screenshots/CAT/CAT_1H_20260511_050416.png
 create mode 100644 charts/screenshots/CAT/CAT_1H_20260512_044602.png
 delete mode 100644 charts/screenshots/CAT/CAT_4H_20260511_050416.png
 create mode 100644 charts/screenshots/CAT/CAT_4H_20260512_044602.png
 delete mode 100644 charts/screenshots/CAT/CAT_Daily_20260511_050416.png
 create mode 100644 charts/screenshots/CAT/CAT_Daily_20260512_044602.png
 delete mode 100644 charts/screenshots/CAT/CAT_Monthly_20260511_050416.png
 create mode 100644 charts/screenshots/CAT/CAT_Monthly_20260512_044602.png
 delete mode 100644 charts/screenshots/CAT/CAT_Weekly_20260511_050416.png
 create mode 100644 charts/screenshots/CAT/CAT_Weekly_20260512_044602.png
 delete mode 100644 charts/screenshots/CDNS/CDNS_1H_20260511_051209.png
 create mode 100644 charts/screenshots/CDNS/CDNS_1H_20260512_045249.png
 delete mode 100644 charts/screenshots/CDNS/CDNS_4H_20260511_051209.png
 create mode 100644 charts/screenshots/CDNS/CDNS_4H_20260512_045249.png
 delete mode 100644 charts/screenshots/CDNS/CDNS_Daily_20260511_051209.png
 create mode 100644 charts/screenshots/CDNS/CDNS_Daily_20260512_045249.png
 delete mode 100644 charts/screenshots/CDNS/CDNS_Monthly_20260511_051209.png
 create mode 100644 charts/screenshots/CDNS/CDNS_Monthly_20260512_045249.png
 delete mode 100644 charts/screenshots/CDNS/CDNS_Weekly_20260511_051209.png
 create mode 100644 charts/screenshots/CDNS/CDNS_Weekly_20260512_045249.png
 create mode 100644 charts/screenshots/COF/COF_1H_20260512_051901.png
 create mode 100644 charts/screenshots/COF/COF_4H_20260512_051901.png
 create mode 100644 charts/screenshots/COF/COF_Daily_20260512_051901.png
 create mode 100644 charts/screenshots/COF/COF_Monthly_20260512_051901.png
 create mode 100644 charts/screenshots/COF/COF_Weekly_20260512_051901.png
 create mode 100644 charts/screenshots/COIN/COIN_1H_20260512_051758.png
 create mode 100644 charts/screenshots/COIN/COIN_4H_20260512_051758.png
 create mode 100644 charts/screenshots/COIN/COIN_Daily_20260512_051758.png
 create mode 100644 charts/screenshots/COIN/COIN_Monthly_20260512_051758.png
 create mode 100644 charts/screenshots/COIN/COIN_Weekly_20260512_051758.png
 create mode 100644 charts/screenshots/COP/COP_1H_20260512_051313.png
 create mode 100644 charts/screenshots/COP/COP_4H_20260512_051313.png
 create mode 100644 charts/screenshots/COP/COP_Daily_20260512_051313.png
 create mode 100644 charts/screenshots/COP/COP_Monthly_20260512_051313.png
 create mode 100644 charts/screenshots/COP/COP_Weekly_20260512_051313.png
 delete mode 100644 charts/screenshots/COST/COST_1H_20260511_053731.png
 create mode 100644 charts/screenshots/COST/COST_1H_20260512_050524.png
 delete mode 100644 charts/screenshots/COST/COST_4H_20260511_053731.png
 create mode 100644 charts/screenshots/COST/COST_4H_20260512_050524.png
 delete mode 100644 charts/screenshots/COST/COST_Daily_20260511_053731.png
 create mode 100644 charts/screenshots/COST/COST_Daily_20260512_050524.png
 delete mode 100644 charts/screenshots/COST/COST_Monthly_20260511_053731.png
 create mode 100644 charts/screenshots/COST/COST_Monthly_20260512_050524.png
 delete mode 100644 charts/screenshots/COST/COST_Weekly_20260511_053731.png
 create mode 100644 charts/screenshots/COST/COST_Weekly_20260512_050524.png
 delete mode 100644 charts/screenshots/CRWD/CRWD_1H_20260511_051338.png
 create mode 100644 charts/screenshots/CRWD/CRWD_1H_20260512_050627.png
 delete mode 100644 charts/screenshots/CRWD/CRWD_4H_20260511_051338.png
 create mode 100644 charts/screenshots/CRWD/CRWD_4H_20260512_050627.png
 delete mode 100644 charts/screenshots/CRWD/CRWD_Daily_20260511_051338.png
 create mode 100644 charts/screenshots/CRWD/CRWD_Daily_20260512_050627.png
 delete mode 100644 charts/screenshots/CRWD/CRWD_Monthly_20260511_051338.png
 create mode 100644 charts/screenshots/CRWD/CRWD_Monthly_20260512_050627.png
 delete mode 100644 charts/screenshots/CRWD/CRWD_Weekly_20260511_051338.png
 create mode 100644 charts/screenshots/CRWD/CRWD_Weekly_20260512_050627.png
 delete mode 100644 charts/screenshots/CSCO/CSCO_1H_20260511_050842.png
 create mode 100644 charts/screenshots/CSCO/CSCO_1H_20260512_045732.png
 delete mode 100644 charts/screenshots/CSCO/CSCO_4H_20260511_050842.png
 create mode 100644 charts/screenshots/CSCO/CSCO_4H_20260512_045732.png
 delete mode 100644 charts/screenshots/CSCO/CSCO_Daily_20260511_050842.png
 create mode 100644 charts/screenshots/CSCO/CSCO_Daily_20260512_045732.png
 delete mode 100644 charts/screenshots/CSCO/CSCO_Monthly_20260511_050842.png
 create mode 100644 charts/screenshots/CSCO/CSCO_Monthly_20260512_045732.png
 delete mode 100644 charts/screenshots/CSCO/CSCO_Weekly_20260511_050842.png
 create mode 100644 charts/screenshots/CSCO/CSCO_Weekly_20260512_045732.png
 delete mode 100644 charts/screenshots/CVX/CVX_1H_20260511_053404.png
 create mode 100644 charts/screenshots/CVX/CVX_1H_20260512_051210.png
 delete mode 100644 charts/screenshots/CVX/CVX_4H_20260511_053404.png
 create mode 100644 charts/screenshots/CVX/CVX_4H_20260512_051210.png
 delete mode 100644 charts/screenshots/CVX/CVX_Daily_20260511_053404.png
 create mode 100644 charts/screenshots/CVX/CVX_Daily_20260512_051210.png
 delete mode 100644 charts/screenshots/CVX/CVX_Monthly_20260511_053404.png
 create mode 100644 charts/screenshots/CVX/CVX_Monthly_20260512_051210.png
 delete mode 100644 charts/screenshots/CVX/CVX_Weekly_20260511_053404.png
 create mode 100644 charts/screenshots/CVX/CVX_Weekly_20260512_051210.png
 delete mode 100644 charts/screenshots/DDOG/DDOG_1H_20260511_052100.png
 create mode 100644 charts/screenshots/DDOG/DDOG_1H_20260512_050555.png
 delete mode 100644 charts/screenshots/DDOG/DDOG_4H_20260511_052100.png
 create mode 100644 charts/screenshots/DDOG/DDOG_4H_20260512_050555.png
 delete mode 100644 charts/screenshots/DDOG/DDOG_Daily_20260511_052100.png
 create mode 100644 charts/screenshots/DDOG/DDOG_Daily_20260512_050555.png
 delete mode 100644 charts/screenshots/DDOG/DDOG_Monthly_20260511_052100.png
 create mode 100644 charts/screenshots/DDOG/DDOG_Monthly_20260512_050555.png
 delete mode 100644 charts/screenshots/DDOG/DDOG_Weekly_20260511_052100.png
 create mode 100644 charts/screenshots/DDOG/DDOG_Weekly_20260512_050555.png
 delete mode 100644 charts/screenshots/DELL/DELL_1H_20260511_052322.png
 create mode 100644 charts/screenshots/DELL/DELL_1H_20260512_044325.png
 delete mode 100644 charts/screenshots/DELL/DELL_4H_20260511_052322.png
 create mode 100644 charts/screenshots/DELL/DELL_4H_20260512_044325.png
 delete mode 100644 charts/screenshots/DELL/DELL_Daily_20260511_052322.png
 create mode 100644 charts/screenshots/DELL/DELL_Daily_20260512_044325.png
 delete mode 100644 charts/screenshots/DELL/DELL_Monthly_20260511_052322.png
 create mode 100644 charts/screenshots/DELL/DELL_Monthly_20260512_044325.png
 delete mode 100644 charts/screenshots/DELL/DELL_Weekly_20260511_052322.png
 create mode 100644 charts/screenshots/DELL/DELL_Weekly_20260512_044325.png
 delete mode 100644 charts/screenshots/DHR/DHR_1H_20260511_053307.png
 create mode 100644 charts/screenshots/DHR/DHR_1H_20260512_051655.png
 delete mode 100644 charts/screenshots/DHR/DHR_4H_20260511_053307.png
 create mode 100644 charts/screenshots/DHR/DHR_4H_20260512_051655.png
 delete mode 100644 charts/screenshots/DHR/DHR_Daily_20260511_053307.png
 create mode 100644 charts/screenshots/DHR/DHR_Daily_20260512_051655.png
 delete mode 100644 charts/screenshots/DHR/DHR_Monthly_20260511_053307.png
 create mode 100644 charts/screenshots/DHR/DHR_Monthly_20260512_051655.png
 delete mode 100644 charts/screenshots/DHR/DHR_Weekly_20260511_053307.png
 create mode 100644 charts/screenshots/DHR/DHR_Weekly_20260512_051655.png
 delete mode 100644 charts/screenshots/EBAY/EBAY_1H_20260511_051308.png
 create mode 100644 charts/screenshots/EBAY/EBAY_1H_20260512_045455.png
 delete mode 100644 charts/screenshots/EBAY/EBAY_4H_20260511_051308.png
 create mode 100644 charts/screenshots/EBAY/EBAY_4H_20260512_045455.png
 delete mode 100644 charts/screenshots/EBAY/EBAY_Daily_20260511_051308.png
 create mode 100644 charts/screenshots/EBAY/EBAY_Daily_20260512_045455.png
 delete mode 100644 charts/screenshots/EBAY/EBAY_Monthly_20260511_051308.png
 create mode 100644 charts/screenshots/EBAY/EBAY_Monthly_20260512_045455.png
 delete mode 100644 charts/screenshots/EBAY/EBAY_Weekly_20260511_051308.png
 create mode 100644 charts/screenshots/EBAY/EBAY_Weekly_20260512_045455.png
 delete mode 100644 charts/screenshots/ETN/ETN_1H_20260511_052448.png
 create mode 100644 charts/screenshots/ETN/ETN_1H_20260512_050453.png
 delete mode 100644 charts/screenshots/ETN/ETN_4H_20260511_052448.png
 create mode 100644 charts/screenshots/ETN/ETN_4H_20260512_050453.png
 delete mode 100644 charts/screenshots/ETN/ETN_Daily_20260511_052448.png
 create mode 100644 charts/screenshots/ETN/ETN_Daily_20260512_050453.png
 delete mode 100644 charts/screenshots/ETN/ETN_Monthly_20260511_052448.png
 create mode 100644 charts/screenshots/ETN/ETN_Monthly_20260512_050453.png
 delete mode 100644 charts/screenshots/ETN/ETN_Weekly_20260511_052448.png
 create mode 100644 charts/screenshots/ETN/ETN_Weekly_20260512_050453.png
 delete mode 100644 charts/screenshots/FCX/FCX_1H_20260511_052744.png
 create mode 100644 charts/screenshots/FCX/FCX_1H_20260512_051345.png
 delete mode 100644 charts/screenshots/FCX/FCX_4H_20260511_052744.png
 create mode 100644 charts/screenshots/FCX/FCX_4H_20260512_051345.png
 delete mode 100644 charts/screenshots/FCX/FCX_Daily_20260511_052744.png
 create mode 100644 charts/screenshots/FCX/FCX_Daily_20260512_051345.png
 delete mode 100644 charts/screenshots/FCX/FCX_Monthly_20260511_052744.png
 create mode 100644 charts/screenshots/FCX/FCX_Monthly_20260512_051345.png
 delete mode 100644 charts/screenshots/FCX/FCX_Weekly_20260511_052744.png
 create mode 100644 charts/screenshots/FCX/FCX_Weekly_20260512_051345.png
 delete mode 100644 charts/screenshots/GEV/GEV_1H_20260511_053040.png
 create mode 100644 charts/screenshots/GEV/GEV_1H_20260512_045939.png
 delete mode 100644 charts/screenshots/GEV/GEV_4H_20260511_053040.png
 create mode 100644 charts/screenshots/GEV/GEV_4H_20260512_045939.png
 delete mode 100644 charts/screenshots/GEV/GEV_Daily_20260511_053040.png
 create mode 100644 charts/screenshots/GEV/GEV_Daily_20260512_045939.png
 delete mode 100644 charts/screenshots/GEV/GEV_Monthly_20260511_053040.png
 create mode 100644 charts/screenshots/GEV/GEV_Monthly_20260512_045939.png
 delete mode 100644 charts/screenshots/GEV/GEV_Weekly_20260511_053040.png
 create mode 100644 charts/screenshots/GEV/GEV_Weekly_20260512_045939.png
 delete mode 100644 charts/screenshots/GLW/GLW_1H_20260511_051009.png
 create mode 100644 charts/screenshots/GLW/GLW_1H_20260512_045424.png
 delete mode 100644 charts/screenshots/GLW/GLW_4H_20260511_051009.png
 create mode 100644 charts/screenshots/GLW/GLW_4H_20260512_045424.png
 delete mode 100644 charts/screenshots/GLW/GLW_Daily_20260511_051009.png
 create mode 100644 charts/screenshots/GLW/GLW_Daily_20260512_045424.png
 delete mode 100644 charts/screenshots/GLW/GLW_Monthly_20260511_051009.png
 create mode 100644 charts/screenshots/GLW/GLW_Monthly_20260512_045424.png
 delete mode 100644 charts/screenshots/GLW/GLW_Weekly_20260511_051009.png
 create mode 100644 charts/screenshots/GLW/GLW_Weekly_20260512_045424.png
 delete mode 100644 charts/screenshots/GOOG/GOOG_1H_20260511_051436.png
 create mode 100644 charts/screenshots/GOOG/GOOG_1H_20260512_044808.png
 delete mode 100644 charts/screenshots/GOOG/GOOG_4H_20260511_051436.png
 create mode 100644 charts/screenshots/GOOG/GOOG_4H_20260512_044808.png
 delete mode 100644 charts/screenshots/GOOG/GOOG_Daily_20260511_051436.png
 create mode 100644 charts/screenshots/GOOG/GOOG_Daily_20260512_044808.png
 delete mode 100644 charts/screenshots/GOOG/GOOG_Monthly_20260511_051436.png
 create mode 100644 charts/screenshots/GOOG/GOOG_Monthly_20260512_044808.png
 delete mode 100644 charts/screenshots/GOOG/GOOG_Weekly_20260511_051436.png
 create mode 100644 charts/screenshots/GOOG/GOOG_Weekly_20260512_044808.png
 delete mode 100644 charts/screenshots/GOOGL/GOOGL_1H_20260511_051407.png
 create mode 100644 charts/screenshots/GOOGL/GOOGL_1H_20260512_044705.png
 delete mode 100644 charts/screenshots/GOOGL/GOOGL_4H_20260511_051407.png
 create mode 100644 charts/screenshots/GOOGL/GOOGL_4H_20260512_044705.png
 delete mode 100644 charts/screenshots/GOOGL/GOOGL_Daily_20260511_051407.png
 create mode 100644 charts/screenshots/GOOGL/GOOGL_Daily_20260512_044705.png
 delete mode 100644 charts/screenshots/GOOGL/GOOGL_Monthly_20260511_051407.png
 create mode 100644 charts/screenshots/GOOGL/GOOGL_Monthly_20260512_044705.png
 delete mode 100644 charts/screenshots/GOOGL/GOOGL_Weekly_20260511_051407.png
 create mode 100644 charts/screenshots/GOOGL/GOOGL_Weekly_20260512_044705.png
 delete mode 100644 charts/screenshots/GS/GS_1H_20260511_052645.png
 create mode 100644 charts/screenshots/GS/GS_1H_20260512_045147.png
 delete mode 100644 charts/screenshots/GS/GS_4H_20260511_052645.png
 create mode 100644 charts/screenshots/GS/GS_4H_20260512_045147.png
 delete mode 100644 charts/screenshots/GS/GS_Daily_20260511_052645.png
 create mode 100644 charts/screenshots/GS/GS_Daily_20260512_045147.png
 delete mode 100644 charts/screenshots/GS/GS_Monthly_20260511_052645.png
 create mode 100644 charts/screenshots/GS/GS_Monthly_20260512_045147.png
 delete mode 100644 charts/screenshots/GS/GS_Weekly_20260511_052645.png
 create mode 100644 charts/screenshots/GS/GS_Weekly_20260512_045147.png
 delete mode 100644 charts/screenshots/HD/HD_1H_20260511_053503.png
 delete mode 100644 charts/screenshots/HD/HD_4H_20260511_053503.png
 delete mode 100644 charts/screenshots/HD/HD_Daily_20260511_053503.png
 delete mode 100644 charts/screenshots/HD/HD_Monthly_20260511_053503.png
 delete mode 100644 charts/screenshots/HD/HD_Weekly_20260511_053503.png
 delete mode 100644 charts/screenshots/INTC/INTC_1H_20260511_052253.png
 create mode 100644 charts/screenshots/INTC/INTC_1H_20260512_050800.png
 delete mode 100644 charts/screenshots/INTC/INTC_4H_20260511_052253.png
 create mode 100644 charts/screenshots/INTC/INTC_4H_20260512_050800.png
 delete mode 100644 charts/screenshots/INTC/INTC_Daily_20260511_052253.png
 create mode 100644 charts/screenshots/INTC/INTC_Daily_20260512_050800.png
 delete mode 100644 charts/screenshots/INTC/INTC_Monthly_20260511_052253.png
 create mode 100644 charts/screenshots/INTC/INTC_Monthly_20260512_050800.png
 delete mode 100644 charts/screenshots/INTC/INTC_Weekly_20260511_052253.png
 create mode 100644 charts/screenshots/INTC/INTC_Weekly_20260512_050800.png
 delete mode 100644 charts/screenshots/IWM/IWM_1H_20260511_050940.png
 create mode 100644 charts/screenshots/IWM/IWM_1H_20260512_045218.png
 delete mode 100644 charts/screenshots/IWM/IWM_4H_20260511_050940.png
 create mode 100644 charts/screenshots/IWM/IWM_4H_20260512_045218.png
 delete mode 100644 charts/screenshots/IWM/IWM_Daily_20260511_050940.png
 create mode 100644 charts/screenshots/IWM/IWM_Daily_20260512_045218.png
 delete mode 100644 charts/screenshots/IWM/IWM_Monthly_20260511_050940.png
 create mode 100644 charts/screenshots/IWM/IWM_Monthly_20260512_045218.png
 delete mode 100644 charts/screenshots/IWM/IWM_Weekly_20260511_050940.png
 create mode 100644 charts/screenshots/IWM/IWM_Weekly_20260512_045218.png
 delete mode 100644 charts/screenshots/JNJ/JNJ_1H_20260511_053632.png
 create mode 100644 charts/screenshots/JNJ/JNJ_1H_20260512_052141.png
 delete mode 100644 charts/screenshots/JNJ/JNJ_4H_20260511_053632.png
 create mode 100644 charts/screenshots/JNJ/JNJ_4H_20260512_052141.png
 delete mode 100644 charts/screenshots/JNJ/JNJ_Daily_20260511_053632.png
 create mode 100644 charts/screenshots/JNJ/JNJ_Daily_20260512_052141.png
 delete mode 100644 charts/screenshots/JNJ/JNJ_Monthly_20260511_053632.png
 create mode 100644 charts/screenshots/JNJ/JNJ_Monthly_20260512_052141.png
 delete mode 100644 charts/screenshots/JNJ/JNJ_Weekly_20260511_053632.png
 create mode 100644 charts/screenshots/JNJ/JNJ_Weekly_20260512_052141.png
 delete mode 100644 charts/screenshots/KLAC/KLAC_1H_20260511_052714.png
 create mode 100644 charts/screenshots/KLAC/KLAC_1H_20260512_051108.png
 delete mode 100644 charts/screenshots/KLAC/KLAC_4H_20260511_052714.png
 create mode 100644 charts/screenshots/KLAC/KLAC_4H_20260512_051108.png
 delete mode 100644 charts/screenshots/KLAC/KLAC_Daily_20260511_052714.png
 create mode 100644 charts/screenshots/KLAC/KLAC_Daily_20260512_051108.png
 delete mode 100644 charts/screenshots/KLAC/KLAC_Monthly_20260511_052714.png
 create mode 100644 charts/screenshots/KLAC/KLAC_Monthly_20260512_051108.png
 delete mode 100644 charts/screenshots/KLAC/KLAC_Weekly_20260511_052714.png
 create mode 100644 charts/screenshots/KLAC/KLAC_Weekly_20260512_051108.png
 delete mode 100644 charts/screenshots/KO/KO_1H_20260511_052419.png
 create mode 100644 charts/screenshots/KO/KO_1H_20260512_052005.png
 delete mode 100644 charts/screenshots/KO/KO_4H_20260511_052419.png
 create mode 100644 charts/screenshots/KO/KO_4H_20260512_052005.png
 delete mode 100644 charts/screenshots/KO/KO_Daily_20260511_052419.png
 create mode 100644 charts/screenshots/KO/KO_Daily_20260512_052005.png
 delete mode 100644 charts/screenshots/KO/KO_Monthly_20260511_052419.png
 create mode 100644 charts/screenshots/KO/KO_Monthly_20260512_052005.png
 delete mode 100644 charts/screenshots/KO/KO_Weekly_20260511_052419.png
 create mode 100644 charts/screenshots/KO/KO_Weekly_20260512_052005.png
 delete mode 100644 charts/screenshots/LIN/LIN_1H_20260511_053702.png
 create mode 100644 charts/screenshots/LIN/LIN_1H_20260512_052108.png
 delete mode 100644 charts/screenshots/LIN/LIN_4H_20260511_053702.png
 create mode 100644 charts/screenshots/LIN/LIN_4H_20260512_052108.png
 delete mode 100644 charts/screenshots/LIN/LIN_Daily_20260511_053702.png
 create mode 100644 charts/screenshots/LIN/LIN_Daily_20260512_052108.png
 delete mode 100644 charts/screenshots/LIN/LIN_Monthly_20260511_053702.png
 create mode 100644 charts/screenshots/LIN/LIN_Monthly_20260512_052108.png
 delete mode 100644 charts/screenshots/LIN/LIN_Weekly_20260511_053702.png
 create mode 100644 charts/screenshots/LIN/LIN_Weekly_20260512_052108.png
 create mode 100644 charts/screenshots/LMT/LMT_1H_20260512_051242.png
 create mode 100644 charts/screenshots/LMT/LMT_4H_20260512_051242.png
 create mode 100644 charts/screenshots/LMT/LMT_Daily_20260512_051242.png
 create mode 100644 charts/screenshots/LMT/LMT_Monthly_20260512_051242.png
 create mode 100644 charts/screenshots/LMT/LMT_Weekly_20260512_051242.png
 delete mode 100644 charts/screenshots/LRCX/LRCX_1H_20260511_051732.png
 create mode 100644 charts/screenshots/LRCX/LRCX_1H_20260512_050010.png
 delete mode 100644 charts/screenshots/LRCX/LRCX_4H_20260511_051732.png
 create mode 100644 charts/screenshots/LRCX/LRCX_4H_20260512_050010.png
 delete mode 100644 charts/screenshots/LRCX/LRCX_Daily_20260511_051732.png
 create mode 100644 charts/screenshots/LRCX/LRCX_Daily_20260512_050010.png
 delete mode 100644 charts/screenshots/LRCX/LRCX_Monthly_20260511_051732.png
 create mode 100644 charts/screenshots/LRCX/LRCX_Monthly_20260512_050010.png
 delete mode 100644 charts/screenshots/LRCX/LRCX_Weekly_20260511_051732.png
 create mode 100644 charts/screenshots/LRCX/LRCX_Weekly_20260512_050010.png
 delete mode 100644 charts/screenshots/MCD/MCD_1H_20260511_053238.png
 delete mode 100644 charts/screenshots/MCD/MCD_4H_20260511_053238.png
 delete mode 100644 charts/screenshots/MCD/MCD_Daily_20260511_053238.png
 delete mode 100644 charts/screenshots/MCD/MCD_Monthly_20260511_053238.png
 delete mode 100644 charts/screenshots/MCD/MCD_Weekly_20260511_053238.png
 delete mode 100644 charts/screenshots/MCHP/MCHP_1H_20260511_050317.png
 create mode 100644 charts/screenshots/MCHP/MCHP_1H_20260512_044253.png
 delete mode 100644 charts/screenshots/MCHP/MCHP_4H_20260511_050317.png
 create mode 100644 charts/screenshots/MCHP/MCHP_4H_20260512_044253.png
 delete mode 100644 charts/screenshots/MCHP/MCHP_Daily_20260511_050317.png
 create mode 100644 charts/screenshots/MCHP/MCHP_Daily_20260512_044253.png
 delete mode 100644 charts/screenshots/MCHP/MCHP_Monthly_20260511_050317.png
 create mode 100644 charts/screenshots/MCHP/MCHP_Monthly_20260512_044253.png
 delete mode 100644 charts/screenshots/MCHP/MCHP_Weekly_20260511_050317.png
 create mode 100644 charts/screenshots/MCHP/MCHP_Weekly_20260512_044253.png
 delete mode 100644 charts/screenshots/MELI/MELI_1H_20260511_053110.png
 delete mode 100644 charts/screenshots/MELI/MELI_4H_20260511_053110.png
 delete mode 100644 charts/screenshots/MELI/MELI_Daily_20260511_053110.png
 delete mode 100644 charts/screenshots/MELI/MELI_Monthly_20260511_053110.png
 delete mode 100644 charts/screenshots/MELI/MELI_Weekly_20260511_053110.png
 delete mode 100644 charts/screenshots/MPWR/MPWR_1H_20260511_050713.png
 create mode 100644 charts/screenshots/MPWR/MPWR_1H_20260512_044839.png
 delete mode 100644 charts/screenshots/MPWR/MPWR_4H_20260511_050713.png
 create mode 100644 charts/screenshots/MPWR/MPWR_4H_20260512_044839.png
 delete mode 100644 charts/screenshots/MPWR/MPWR_Daily_20260511_050713.png
 create mode 100644 charts/screenshots/MPWR/MPWR_Daily_20260512_044839.png
 delete mode 100644 charts/screenshots/MPWR/MPWR_Monthly_20260511_050713.png
 create mode 100644 charts/screenshots/MPWR/MPWR_Monthly_20260512_044839.png
 delete mode 100644 charts/screenshots/MPWR/MPWR_Weekly_20260511_050713.png
 create mode 100644 charts/screenshots/MPWR/MPWR_Weekly_20260512_044839.png
 delete mode 100644 charts/screenshots/MRK/MRK_1H_20260511_053434.png
 create mode 100644 charts/screenshots/MRK/MRK_1H_20260512_051727.png
 delete mode 100644 charts/screenshots/MRK/MRK_4H_20260511_053434.png
 create mode 100644 charts/screenshots/MRK/MRK_4H_20260512_051727.png
 delete mode 100644 charts/screenshots/MRK/MRK_Daily_20260511_053434.png
 create mode 100644 charts/screenshots/MRK/MRK_Daily_20260512_051727.png
 delete mode 100644 charts/screenshots/MRK/MRK_Monthly_20260511_053434.png
 create mode 100644 charts/screenshots/MRK/MRK_Monthly_20260512_051727.png
 delete mode 100644 charts/screenshots/MRK/MRK_Weekly_20260511_053434.png
 create mode 100644 charts/screenshots/MRK/MRK_Weekly_20260512_051727.png
 delete mode 100644 charts/screenshots/MRVL/MRVL_1H_20260511_050642.png
 create mode 100644 charts/screenshots/MRVL/MRVL_1H_20260512_044633.png
 delete mode 100644 charts/screenshots/MRVL/MRVL_4H_20260511_050642.png
 create mode 100644 charts/screenshots/MRVL/MRVL_4H_20260512_044633.png
 delete mode 100644 charts/screenshots/MRVL/MRVL_Daily_20260511_050642.png
 create mode 100644 charts/screenshots/MRVL/MRVL_Daily_20260512_044633.png
 delete mode 100644 charts/screenshots/MRVL/MRVL_Monthly_20260511_050642.png
 create mode 100644 charts/screenshots/MRVL/MRVL_Monthly_20260512_044633.png
 delete mode 100644 charts/screenshots/MRVL/MRVL_Weekly_20260511_050642.png
 create mode 100644 charts/screenshots/MRVL/MRVL_Weekly_20260512_044633.png
 delete mode 100644 charts/screenshots/MS/MS_1H_20260511_050347.png
 create mode 100644 charts/screenshots/MS/MS_1H_20260512_044356.png
 delete mode 100644 charts/screenshots/MS/MS_4H_20260511_050347.png
 create mode 100644 charts/screenshots/MS/MS_4H_20260512_044356.png
 delete mode 100644 charts/screenshots/MS/MS_Daily_20260511_050347.png
 create mode 100644 charts/screenshots/MS/MS_Daily_20260512_044356.png
 delete mode 100644 charts/screenshots/MS/MS_Monthly_20260511_050347.png
 create mode 100644 charts/screenshots/MS/MS_Monthly_20260512_044356.png
 delete mode 100644 charts/screenshots/MS/MS_Weekly_20260511_050347.png
 create mode 100644 charts/screenshots/MS/MS_Weekly_20260512_044356.png
 create mode 100644 charts/screenshots/MSFT/MSFT_1H_20260512_051933.png
 create mode 100644 charts/screenshots/MSFT/MSFT_4H_20260512_051933.png
 create mode 100644 charts/screenshots/MSFT/MSFT_Daily_20260512_051933.png
 create mode 100644 charts/screenshots/MSFT/MSFT_Monthly_20260512_051933.png
 create mode 100644 charts/screenshots/MSFT/MSFT_Weekly_20260512_051933.png
 delete mode 100644 charts/screenshots/MU/MU_1H_20260511_052128.png
 create mode 100644 charts/screenshots/MU/MU_1H_20260512_050319.png
 delete mode 100644 charts/screenshots/MU/MU_4H_20260511_052128.png
 create mode 100644 charts/screenshots/MU/MU_4H_20260512_050319.png
 delete mode 100644 charts/screenshots/MU/MU_Daily_20260511_052128.png
 create mode 100644 charts/screenshots/MU/MU_Daily_20260512_050319.png
 delete mode 100644 charts/screenshots/MU/MU_Monthly_20260511_052128.png
 create mode 100644 charts/screenshots/MU/MU_Monthly_20260512_050319.png
 delete mode 100644 charts/screenshots/MU/MU_Weekly_20260511_052128.png
 create mode 100644 charts/screenshots/MU/MU_Weekly_20260512_050319.png
 delete mode 100644 charts/screenshots/NBM.V/NBM.V_1H_20260511_053831.png
 create mode 100644 charts/screenshots/NBM.V/NBM.V_1H_20260512_052423.png
 delete mode 100644 charts/screenshots/NBM.V/NBM.V_4H_20260511_053831.png
 create mode 100644 charts/screenshots/NBM.V/NBM.V_4H_20260512_052423.png
 delete mode 100644 charts/screenshots/NBM.V/NBM.V_Daily_20260511_053831.png
 create mode 100644 charts/screenshots/NBM.V/NBM.V_Daily_20260512_052423.png
 delete mode 100644 charts/screenshots/NBM.V/NBM.V_Monthly_20260511_053831.png
 create mode 100644 charts/screenshots/NBM.V/NBM.V_Monthly_20260512_052423.png
 delete mode 100644 charts/screenshots/NBM.V/NBM.V_Weekly_20260511_053831.png
 create mode 100644 charts/screenshots/NBM.V/NBM.V_Weekly_20260512_052423.png
 delete mode 100644 charts/screenshots/NEE/NEE_1H_20260511_052517.png
 create mode 100644 charts/screenshots/NEE/NEE_1H_20260512_051037.png
 delete mode 100644 charts/screenshots/NEE/NEE_4H_20260511_052517.png
 create mode 100644 charts/screenshots/NEE/NEE_4H_20260512_051037.png
 delete mode 100644 charts/screenshots/NEE/NEE_Daily_20260511_052517.png
 create mode 100644 charts/screenshots/NEE/NEE_Daily_20260512_051037.png
 delete mode 100644 charts/screenshots/NEE/NEE_Monthly_20260511_052517.png
 create mode 100644 charts/screenshots/NEE/NEE_Monthly_20260512_051037.png
 delete mode 100644 charts/screenshots/NEE/NEE_Weekly_20260511_052517.png
 create mode 100644 charts/screenshots/NEE/NEE_Weekly_20260512_051037.png
 delete mode 100644 charts/screenshots/NEM/NEM_1H_20260511_052814.png
 create mode 100644 charts/screenshots/NEM/NEM_1H_20260512_051005.png
 delete mode 100644 charts/screenshots/NEM/NEM_4H_20260511_052814.png
 create mode 100644 charts/screenshots/NEM/NEM_4H_20260512_051005.png
 delete mode 100644 charts/screenshots/NEM/NEM_Daily_20260511_052814.png
 create mode 100644 charts/screenshots/NEM/NEM_Daily_20260512_051005.png
 delete mode 100644 charts/screenshots/NEM/NEM_Monthly_20260511_052814.png
 create mode 100644 charts/screenshots/NEM/NEM_Monthly_20260512_051005.png
 delete mode 100644 charts/screenshots/NEM/NEM_Weekly_20260511_052814.png
 create mode 100644 charts/screenshots/NEM/NEM_Weekly_20260512_051005.png
 delete mode 100644 charts/screenshots/NKE/NKE_1H_20260511_053533.png
 delete mode 100644 charts/screenshots/NKE/NKE_4H_20260511_053533.png
 delete mode 100644 charts/screenshots/NKE/NKE_Daily_20260511_053533.png
 delete mode 100644 charts/screenshots/NKE/NKE_Monthly_20260511_053533.png
 delete mode 100644 charts/screenshots/NKE/NKE_Weekly_20260511_053533.png
 delete mode 100644 charts/screenshots/NVDA/NVDA_1H_20260511_051139.png
 create mode 100644 charts/screenshots/NVDA/NVDA_1H_20260512_045352.png
 delete mode 100644 charts/screenshots/NVDA/NVDA_4H_20260511_051139.png
 create mode 100644 charts/screenshots/NVDA/NVDA_4H_20260512_045352.png
 delete mode 100644 charts/screenshots/NVDA/NVDA_Daily_20260511_051139.png
 create mode 100644 charts/screenshots/NVDA/NVDA_Daily_20260512_045352.png
 delete mode 100644 charts/screenshots/NVDA/NVDA_Monthly_20260511_051139.png
 create mode 100644 charts/screenshots/NVDA/NVDA_Monthly_20260512_045352.png
 delete mode 100644 charts/screenshots/NVDA/NVDA_Weekly_20260511_051139.png
 create mode 100644 charts/screenshots/NVDA/NVDA_Weekly_20260512_045352.png
 delete mode 100644 charts/screenshots/NXPI/NXPI_1H_20260511_050247.png
 create mode 100644 charts/screenshots/NXPI/NXPI_1H_20260512_045527.png
 delete mode 100644 charts/screenshots/NXPI/NXPI_4H_20260511_050247.png
 create mode 100644 charts/screenshots/NXPI/NXPI_4H_20260512_045527.png
 delete mode 100644 charts/screenshots/NXPI/NXPI_Daily_20260511_050247.png
 create mode 100644 charts/screenshots/NXPI/NXPI_Daily_20260512_045527.png
 delete mode 100644 charts/screenshots/NXPI/NXPI_Monthly_20260511_050247.png
 create mode 100644 charts/screenshots/NXPI/NXPI_Monthly_20260512_045527.png
 delete mode 100644 charts/screenshots/NXPI/NXPI_Weekly_20260511_050247.png
 create mode 100644 charts/screenshots/NXPI/NXPI_Weekly_20260512_045527.png
 delete mode 100644 charts/screenshots/ON/ON_1H_20260511_050612.png
 create mode 100644 charts/screenshots/ON/ON_1H_20260512_044428.png
 delete mode 100644 charts/screenshots/ON/ON_4H_20260511_050612.png
 create mode 100644 charts/screenshots/ON/ON_4H_20260512_044428.png
 delete mode 100644 charts/screenshots/ON/ON_Daily_20260511_050612.png
 create mode 100644 charts/screenshots/ON/ON_Daily_20260512_044428.png
 delete mode 100644 charts/screenshots/ON/ON_Monthly_20260511_050612.png
 create mode 100644 charts/screenshots/ON/ON_Monthly_20260512_044428.png
 delete mode 100644 charts/screenshots/ON/ON_Weekly_20260511_050612.png
 create mode 100644 charts/screenshots/ON/ON_Weekly_20260512_044428.png
 create mode 100644 charts/screenshots/ORCL/ORCL_1H_20260512_050902.png
 create mode 100644 charts/screenshots/ORCL/ORCL_4H_20260512_050902.png
 create mode 100644 charts/screenshots/ORCL/ORCL_Daily_20260512_050902.png
 create mode 100644 charts/screenshots/ORCL/ORCL_Monthly_20260512_050902.png
 create mode 100644 charts/screenshots/ORCL/ORCL_Weekly_20260512_050902.png
 create mode 100644 charts/screenshots/OXY/OXY_1H_20260512_050421.png
 create mode 100644 charts/screenshots/OXY/OXY_4H_20260512_050421.png
 create mode 100644 charts/screenshots/OXY/OXY_Daily_20260512_050421.png
 create mode 100644 charts/screenshots/OXY/OXY_Monthly_20260512_050421.png
 create mode 100644 charts/screenshots/OXY/OXY_Weekly_20260512_050421.png
 delete mode 100644 charts/screenshots/PANW/PANW_1H_20260511_052941.png
 create mode 100644 charts/screenshots/PANW/PANW_1H_20260512_050729.png
 delete mode 100644 charts/screenshots/PANW/PANW_4H_20260511_052941.png
 create mode 100644 charts/screenshots/PANW/PANW_4H_20260512_050729.png
 delete mode 100644 charts/screenshots/PANW/PANW_Daily_20260511_052941.png
 create mode 100644 charts/screenshots/PANW/PANW_Daily_20260512_050729.png
 delete mode 100644 charts/screenshots/PANW/PANW_Monthly_20260511_052941.png
 create mode 100644 charts/screenshots/PANW/PANW_Monthly_20260512_050729.png
 delete mode 100644 charts/screenshots/PANW/PANW_Weekly_20260511_052941.png
 create mode 100644 charts/screenshots/PANW/PANW_Weekly_20260512_050729.png
 create mode 100644 charts/screenshots/PH/PH_1H_20260512_052213.png
 create mode 100644 charts/screenshots/PH/PH_4H_20260512_052213.png
 create mode 100644 charts/screenshots/PH/PH_Daily_20260512_052213.png
 create mode 100644 charts/screenshots/PH/PH_Monthly_20260512_052213.png
 create mode 100644 charts/screenshots/PH/PH_Weekly_20260512_052213.png
 delete mode 100644 charts/screenshots/PM/PM_1H_20260511_052843.png
 create mode 100644 charts/screenshots/PM/PM_1H_20260512_044736.png
 delete mode 100644 charts/screenshots/PM/PM_4H_20260511_052843.png
 create mode 100644 charts/screenshots/PM/PM_4H_20260512_044736.png
 delete mode 100644 charts/screenshots/PM/PM_Daily_20260511_052843.png
 create mode 100644 charts/screenshots/PM/PM_Daily_20260512_044736.png
 delete mode 100644 charts/screenshots/PM/PM_Monthly_20260511_052843.png
 create mode 100644 charts/screenshots/PM/PM_Monthly_20260512_044736.png
 delete mode 100644 charts/screenshots/PM/PM_Weekly_20260511_052843.png
 create mode 100644 charts/screenshots/PM/PM_Weekly_20260512_044736.png
 delete mode 100644 charts/screenshots/PWR/PWR_1H_20260511_050445.png
 create mode 100644 charts/screenshots/PWR/PWR_1H_20260512_045115.png
 delete mode 100644 charts/screenshots/PWR/PWR_4H_20260511_050445.png
 create mode 100644 charts/screenshots/PWR/PWR_4H_20260512_045115.png
 delete mode 100644 charts/screenshots/PWR/PWR_Daily_20260511_050445.png
 create mode 100644 charts/screenshots/PWR/PWR_Daily_20260512_045115.png
 delete mode 100644 charts/screenshots/PWR/PWR_Monthly_20260511_050445.png
 create mode 100644 charts/screenshots/PWR/PWR_Monthly_20260512_045115.png
 delete mode 100644 charts/screenshots/PWR/PWR_Weekly_20260511_050445.png
 create mode 100644 charts/screenshots/PWR/PWR_Weekly_20260512_045115.png
 delete mode 100644 charts/screenshots/QCOM/QCOM_1H_20260511_052030.png
 create mode 100644 charts/screenshots/QCOM/QCOM_1H_20260512_050248.png
 delete mode 100644 charts/screenshots/QCOM/QCOM_4H_20260511_052030.png
 create mode 100644 charts/screenshots/QCOM/QCOM_4H_20260512_050248.png
 delete mode 100644 charts/screenshots/QCOM/QCOM_Daily_20260511_052030.png
 create mode 100644 charts/screenshots/QCOM/QCOM_Daily_20260512_050248.png
 delete mode 100644 charts/screenshots/QCOM/QCOM_Monthly_20260511_052030.png
 create mode 100644 charts/screenshots/QCOM/QCOM_Monthly_20260512_050248.png
 delete mode 100644 charts/screenshots/QCOM/QCOM_Weekly_20260511_052030.png
 create mode 100644 charts/screenshots/QCOM/QCOM_Weekly_20260512_050248.png
 delete mode 100644 charts/screenshots/QQQ/QQQ_1H_20260511_051931.png
 create mode 100644 charts/screenshots/QQQ/QQQ_1H_20260512_050041.png
 delete mode 100644 charts/screenshots/QQQ/QQQ_4H_20260511_051931.png
 create mode 100644 charts/screenshots/QQQ/QQQ_4H_20260512_050041.png
 delete mode 100644 charts/screenshots/QQQ/QQQ_Daily_20260511_051931.png
 create mode 100644 charts/screenshots/QQQ/QQQ_Daily_20260512_050041.png
 delete mode 100644 charts/screenshots/QQQ/QQQ_Monthly_20260511_051931.png
 create mode 100644 charts/screenshots/QQQ/QQQ_Monthly_20260512_050041.png
 delete mode 100644 charts/screenshots/QQQ/QQQ_Weekly_20260511_051931.png
 create mode 100644 charts/screenshots/QQQ/QQQ_Weekly_20260512_050041.png
 delete mode 100644 charts/screenshots/RTX/RTX_1H_20260511_053602.png
 create mode 100644 charts/screenshots/RTX/RTX_1H_20260512_051552.png
 delete mode 100644 charts/screenshots/RTX/RTX_4H_20260511_053602.png
 create mode 100644 charts/screenshots/RTX/RTX_4H_20260512_051552.png
 delete mode 100644 charts/screenshots/RTX/RTX_Daily_20260511_053602.png
 create mode 100644 charts/screenshots/RTX/RTX_Daily_20260512_051552.png
 delete mode 100644 charts/screenshots/RTX/RTX_Monthly_20260511_053602.png
 create mode 100644 charts/screenshots/RTX/RTX_Monthly_20260512_051552.png
 delete mode 100644 charts/screenshots/RTX/RTX_Weekly_20260511_053602.png
 create mode 100644 charts/screenshots/RTX/RTX_Weekly_20260512_051552.png
 delete mode 100644 charts/screenshots/SBUX/SBUX_1H_20260511_051039.png
 create mode 100644 charts/screenshots/SBUX/SBUX_1H_20260512_044910.png
 delete mode 100644 charts/screenshots/SBUX/SBUX_4H_20260511_051039.png
 create mode 100644 charts/screenshots/SBUX/SBUX_4H_20260512_044910.png
 delete mode 100644 charts/screenshots/SBUX/SBUX_Daily_20260511_051039.png
 create mode 100644 charts/screenshots/SBUX/SBUX_Daily_20260512_044910.png
 delete mode 100644 charts/screenshots/SBUX/SBUX_Monthly_20260511_051039.png
 create mode 100644 charts/screenshots/SBUX/SBUX_Monthly_20260512_044910.png
 delete mode 100644 charts/screenshots/SBUX/SBUX_Weekly_20260511_051039.png
 create mode 100644 charts/screenshots/SBUX/SBUX_Weekly_20260512_044910.png
 delete mode 100644 charts/screenshots/SLB/SLB_1H_20260511_050514.png
 create mode 100644 charts/screenshots/SLB/SLB_1H_20260512_044942.png
 delete mode 100644 charts/screenshots/SLB/SLB_4H_20260511_050514.png
 create mode 100644 charts/screenshots/SLB/SLB_4H_20260512_044942.png
 delete mode 100644 charts/screenshots/SLB/SLB_Daily_20260511_050514.png
 create mode 100644 charts/screenshots/SLB/SLB_Daily_20260512_044942.png
 delete mode 100644 charts/screenshots/SLB/SLB_Monthly_20260511_050514.png
 create mode 100644 charts/screenshots/SLB/SLB_Monthly_20260512_044942.png
 delete mode 100644 charts/screenshots/SLB/SLB_Weekly_20260511_050514.png
 create mode 100644 charts/screenshots/SLB/SLB_Weekly_20260512_044942.png
 delete mode 100644 charts/screenshots/SNPS/SNPS_1H_20260511_050812.png
 create mode 100644 charts/screenshots/SNPS/SNPS_1H_20260512_044531.png
 delete mode 100644 charts/screenshots/SNPS/SNPS_4H_20260511_050812.png
 create mode 100644 charts/screenshots/SNPS/SNPS_4H_20260512_044531.png
 delete mode 100644 charts/screenshots/SNPS/SNPS_Daily_20260511_050812.png
 create mode 100644 charts/screenshots/SNPS/SNPS_Daily_20260512_044531.png
 delete mode 100644 charts/screenshots/SNPS/SNPS_Monthly_20260511_050812.png
 create mode 100644 charts/screenshots/SNPS/SNPS_Monthly_20260512_044531.png
 delete mode 100644 charts/screenshots/SNPS/SNPS_Weekly_20260511_050812.png
 create mode 100644 charts/screenshots/SNPS/SNPS_Weekly_20260512_044531.png
 delete mode 100644 charts/screenshots/SPY/SPY_1H_20260511_051900.png
 create mode 100644 charts/screenshots/SPY/SPY_1H_20260512_050144.png
 delete mode 100644 charts/screenshots/SPY/SPY_4H_20260511_051900.png
 create mode 100644 charts/screenshots/SPY/SPY_4H_20260512_050144.png
 delete mode 100644 charts/screenshots/SPY/SPY_Daily_20260511_051900.png
 create mode 100644 charts/screenshots/SPY/SPY_Daily_20260512_050144.png
 delete mode 100644 charts/screenshots/SPY/SPY_Monthly_20260511_051900.png
 create mode 100644 charts/screenshots/SPY/SPY_Monthly_20260512_050144.png
 delete mode 100644 charts/screenshots/SPY/SPY_Weekly_20260511_051900.png
 create mode 100644 charts/screenshots/SPY/SPY_Weekly_20260512_050144.png
 delete mode 100644 charts/screenshots/STX/STX_1H_20260511_051533.png
 create mode 100644 charts/screenshots/STX/STX_1H_20260512_045701.png
 delete mode 100644 charts/screenshots/STX/STX_4H_20260511_051533.png
 create mode 100644 charts/screenshots/STX/STX_4H_20260512_045701.png
 delete mode 100644 charts/screenshots/STX/STX_Daily_20260511_051533.png
 create mode 100644 charts/screenshots/STX/STX_Daily_20260512_045701.png
 delete mode 100644 charts/screenshots/STX/STX_Monthly_20260511_051533.png
 create mode 100644 charts/screenshots/STX/STX_Monthly_20260512_045701.png
 delete mode 100644 charts/screenshots/STX/STX_Weekly_20260511_051533.png
 create mode 100644 charts/screenshots/STX/STX_Weekly_20260512_045701.png
 delete mode 100644 charts/screenshots/T/T_1H_20260511_052913.png
 delete mode 100644 charts/screenshots/T/T_4H_20260511_052913.png
 delete mode 100644 charts/screenshots/T/T_Daily_20260511_052913.png
 delete mode 100644 charts/screenshots/T/T_Monthly_20260511_052913.png
 delete mode 100644 charts/screenshots/T/T_Weekly_20260511_052913.png
 delete mode 100644 charts/screenshots/TER/TER_1H_20260511_053011.png
 create mode 100644 charts/screenshots/TER/TER_1H_20260512_050934.png
 delete mode 100644 charts/screenshots/TER/TER_4H_20260511_053011.png
 create mode 100644 charts/screenshots/TER/TER_4H_20260512_050934.png
 delete mode 100644 charts/screenshots/TER/TER_Daily_20260511_053011.png
 create mode 100644 charts/screenshots/TER/TER_Daily_20260512_050934.png
 delete mode 100644 charts/screenshots/TER/TER_Monthly_20260511_053011.png
 create mode 100644 charts/screenshots/TER/TER_Monthly_20260512_050934.png
 delete mode 100644 charts/screenshots/TER/TER_Weekly_20260511_053011.png
 create mode 100644 charts/screenshots/TER/TER_Weekly_20260512_050934.png
 create mode 100644 charts/screenshots/TMO/TMO_1H_20260512_052350.png
 create mode 100644 charts/screenshots/TMO/TMO_4H_20260512_052350.png
 create mode 100644 charts/screenshots/TMO/TMO_Daily_20260512_052350.png
 create mode 100644 charts/screenshots/TMO/TMO_Monthly_20260512_052350.png
 create mode 100644 charts/screenshots/TMO/TMO_Weekly_20260512_052350.png
 create mode 100644 charts/screenshots/TMUS/TMUS_1H_20260512_051520.png
 create mode 100644 charts/screenshots/TMUS/TMUS_4H_20260512_051520.png
 create mode 100644 charts/screenshots/TMUS/TMUS_Daily_20260512_051520.png
 create mode 100644 charts/screenshots/TMUS/TMUS_Monthly_20260512_051520.png
 create mode 100644 charts/screenshots/TMUS/TMUS_Weekly_20260512_051520.png
 create mode 100644 charts/screenshots/TSLA/TSLA_1H_20260512_045835.png
 create mode 100644 charts/screenshots/TSLA/TSLA_4H_20260512_045835.png
 create mode 100644 charts/screenshots/TSLA/TSLA_Daily_20260512_045835.png
 create mode 100644 charts/screenshots/TSLA/TSLA_Monthly_20260512_045835.png
 create mode 100644 charts/screenshots/TSLA/TSLA_Weekly_20260512_045835.png
 delete mode 100644 charts/screenshots/TXN/TXN_1H_20260511_051632.png
 create mode 100644 charts/screenshots/TXN/TXN_1H_20260512_045558.png
 delete mode 100644 charts/screenshots/TXN/TXN_4H_20260511_051632.png
 create mode 100644 charts/screenshots/TXN/TXN_4H_20260512_045558.png
 delete mode 100644 charts/screenshots/TXN/TXN_Daily_20260511_051632.png
 create mode 100644 charts/screenshots/TXN/TXN_Daily_20260512_045558.png
 delete mode 100644 charts/screenshots/TXN/TXN_Monthly_20260511_051632.png
 create mode 100644 charts/screenshots/TXN/TXN_Monthly_20260512_045558.png
 delete mode 100644 charts/screenshots/TXN/TXN_Weekly_20260511_051632.png
 create mode 100644 charts/screenshots/TXN/TXN_Weekly_20260512_045558.png
 delete mode 100644 charts/screenshots/UNH/UNH_1H_20260511_051702.png
 create mode 100644 charts/screenshots/UNH/UNH_1H_20260512_045804.png
 delete mode 100644 charts/screenshots/UNH/UNH_4H_20260511_051702.png
 create mode 100644 charts/screenshots/UNH/UNH_4H_20260512_045804.png
 delete mode 100644 charts/screenshots/UNH/UNH_Daily_20260511_051702.png
 create mode 100644 charts/screenshots/UNH/UNH_Daily_20260512_045804.png
 delete mode 100644 charts/screenshots/UNH/UNH_Monthly_20260511_051702.png
 create mode 100644 charts/screenshots/UNH/UNH_Monthly_20260512_045804.png
 delete mode 100644 charts/screenshots/UNH/UNH_Weekly_20260511_051702.png
 create mode 100644 charts/screenshots/UNH/UNH_Weekly_20260512_045804.png
 delete mode 100644 charts/screenshots/UNP/UNP_1H_20260511_050742.png
 create mode 100644 charts/screenshots/UNP/UNP_1H_20260512_050113.png
 delete mode 100644 charts/screenshots/UNP/UNP_4H_20260511_050742.png
 create mode 100644 charts/screenshots/UNP/UNP_4H_20260512_050113.png
 delete mode 100644 charts/screenshots/UNP/UNP_Daily_20260511_050742.png
 create mode 100644 charts/screenshots/UNP/UNP_Daily_20260512_050113.png
 delete mode 100644 charts/screenshots/UNP/UNP_Monthly_20260511_050742.png
 create mode 100644 charts/screenshots/UNP/UNP_Monthly_20260512_050113.png
 delete mode 100644 charts/screenshots/UNP/UNP_Weekly_20260511_050742.png
 create mode 100644 charts/screenshots/UNP/UNP_Weekly_20260512_050113.png
 delete mode 100644 charts/screenshots/VLO/VLO_1H_20260511_052000.png
 create mode 100644 charts/screenshots/VLO/VLO_1H_20260512_050216.png
 delete mode 100644 charts/screenshots/VLO/VLO_4H_20260511_052000.png
 create mode 100644 charts/screenshots/VLO/VLO_4H_20260512_050216.png
 delete mode 100644 charts/screenshots/VLO/VLO_Daily_20260511_052000.png
 create mode 100644 charts/screenshots/VLO/VLO_Daily_20260512_050216.png
 delete mode 100644 charts/screenshots/VLO/VLO_Monthly_20260511_052000.png
 create mode 100644 charts/screenshots/VLO/VLO_Monthly_20260512_050216.png
 delete mode 100644 charts/screenshots/VLO/VLO_Weekly_20260511_052000.png
 create mode 100644 charts/screenshots/VLO/VLO_Weekly_20260512_050216.png
 delete mode 100644 charts/screenshots/VZ/VZ_1H_20260511_052351.png
 create mode 100644 charts/screenshots/VZ/VZ_1H_20260512_051448.png
 delete mode 100644 charts/screenshots/VZ/VZ_4H_20260511_052351.png
 create mode 100644 charts/screenshots/VZ/VZ_4H_20260512_051448.png
 delete mode 100644 charts/screenshots/VZ/VZ_Daily_20260511_052351.png
 create mode 100644 charts/screenshots/VZ/VZ_Daily_20260512_051448.png
 delete mode 100644 charts/screenshots/VZ/VZ_Monthly_20260511_052351.png
 create mode 100644 charts/screenshots/VZ/VZ_Monthly_20260512_051448.png
 delete mode 100644 charts/screenshots/VZ/VZ_Weekly_20260511_052351.png
 create mode 100644 charts/screenshots/VZ/VZ_Weekly_20260512_051448.png
 delete mode 100644 charts/screenshots/WDC/WDC_1H_20260511_051504.png
 create mode 100644 charts/screenshots/WDC/WDC_1H_20260512_045630.png
 delete mode 100644 charts/screenshots/WDC/WDC_4H_20260511_051504.png
 create mode 100644 charts/screenshots/WDC/WDC_4H_20260512_045630.png
 delete mode 100644 charts/screenshots/WDC/WDC_Daily_20260511_051504.png
 create mode 100644 charts/screenshots/WDC/WDC_Daily_20260512_045630.png
 delete mode 100644 charts/screenshots/WDC/WDC_Monthly_20260511_051504.png
 create mode 100644 charts/screenshots/WDC/WDC_Monthly_20260512_045630.png
 delete mode 100644 charts/screenshots/WDC/WDC_Weekly_20260511_051504.png
 create mode 100644 charts/screenshots/WDC/WDC_Weekly_20260512_045630.png
 delete mode 100644 charts/screenshots/WMT/WMT_1H_20260511_052546.png
 create mode 100644 charts/screenshots/WMT/WMT_1H_20260512_050350.png
 delete mode 100644 charts/screenshots/WMT/WMT_4H_20260511_052546.png
 create mode 100644 charts/screenshots/WMT/WMT_4H_20260512_050350.png
 delete mode 100644 charts/screenshots/WMT/WMT_Daily_20260511_052546.png
 create mode 100644 charts/screenshots/WMT/WMT_Daily_20260512_050350.png
 delete mode 100644 charts/screenshots/WMT/WMT_Monthly_20260511_052546.png
 create mode 100644 charts/screenshots/WMT/WMT_Monthly_20260512_050350.png
 delete mode 100644 charts/screenshots/WMT/WMT_Weekly_20260511_052546.png
 create mode 100644 charts/screenshots/WMT/WMT_Weekly_20260512_050350.png
 delete mode 100644 charts/screenshots/XOM/XOM_1H_20260511_053801.png
 delete mode 100644 charts/screenshots/XOM/XOM_4H_20260511_053801.png
 delete mode 100644 charts/screenshots/XOM/XOM_Daily_20260511_053801.png
 delete mode 100644 charts/screenshots/XOM/XOM_Monthly_20260511_053801.png
 delete mode 100644 charts/screenshots/XOM/XOM_Weekly_20260511_053801.png
[[SP500 차트분석]] GitHub 푸시 완료
[[SP500 차트분석]] Google Sheets 업데이트 완료
[Paper Trading] SP500 ranked_df 스냅샷 저장 완료 (130개 종목)

[요약] 파이프라인 완료 – 총 3426.1초 (57.10분) 소요
