============================================================
[1단계] 전 종목 리스트 수집 및 기본 필터링
============================================================
[ticker_fetcher] 나스닥 FTP 서버에서 종목 리스트 다운로드 중...
[ticker_fetcher] 총 7505개 종목 로드 → 비표준 심볼 1258개 제거 → 6247개 보통주
[ticker_fetcher] 1단계 필터링 배치 1/125 (50개 종목)...
[ticker_fetcher] 1단계 필터링 배치 2/125 (50개 종목)...
[ticker_fetcher] 1단계 필터링 배치 3/125 (50개 종목)...
[ticker_fetcher] 1단계 필터링 배치 4/125 (50개 종목)...
[ticker_fetcher] 1단계 필터링 배치 5/125 (50개 종목)...
[ticker_fetcher] 1단계 필터링 배치 6/125 (50개 종목)...
[ticker_fetcher] 1단계 필터링 배치 7/125 (50개 종목)...
[ticker_fetcher] 1단계 필터링 배치 8/125 (50개 종목)...
[ticker_fetcher] 1단계 필터링 배치 9/125 (50개 종목)...
[ticker_fetcher] 1단계 필터링 배치 10/125 (50개 종목)...
[ticker_fetcher] 1단계 필터링 배치 11/125 (50개 종목)...
[ticker_fetcher] 1단계 필터링 배치 12/125 (50개 종목)...
[ticker_fetcher] 1단계 필터링 배치 13/125 (50개 종목)...
[ticker_fetcher] 1단계 필터링 배치 14/125 (50개 종목)...
[ticker_fetcher] 1단계 필터링 배치 15/125 (50개 종목)...
[ticker_fetcher] 1단계 필터링 배치 16/125 (50개 종목)...
[ticker_fetcher] 1단계 필터링 배치 17/125 (50개 종목)...
[ticker_fetcher] 1단계 필터링 배치 18/125 (50개 종목)...
[ticker_fetcher] 1단계 필터링 배치 19/125 (50개 종목)...
[ticker_fetcher] 1단계 필터링 배치 20/125 (50개 종목)...
[ticker_fetcher] 1단계 필터링 배치 21/125 (50개 종목)...
[ticker_fetcher] 1단계 필터링 배치 22/125 (50개 종목)...
[ticker_fetcher] 1단계 필터링 배치 23/125 (50개 종목)...
[ticker_fetcher] 1단계 필터링 배치 24/125 (50개 종목)...
[ticker_fetcher] 1단계 필터링 배치 25/125 (50개 종목)...
[ticker_fetcher] 1단계 필터링 배치 26/125 (50개 종목)...
[ticker_fetcher] 1단계 필터링 배치 27/125 (50개 종목)...
[ticker_fetcher] 1단계 필터링 배치 28/125 (50개 종목)...
[ticker_fetcher] 1단계 필터링 배치 29/125 (50개 종목)...
[ticker_fetcher] 1단계 필터링 배치 30/125 (50개 종목)...
[ticker_fetcher] 1단계 필터링 배치 31/125 (50개 종목)...
[ticker_fetcher] 1단계 필터링 배치 32/125 (50개 종목)...
[ticker_fetcher] 1단계 필터링 배치 33/125 (50개 종목)...
[ticker_fetcher] 1단계 필터링 배치 34/125 (50개 종목)...
[ticker_fetcher] 1단계 필터링 배치 35/125 (50개 종목)...
[ticker_fetcher] 1단계 필터링 배치 36/125 (50개 종목)...
[ticker_fetcher] 1단계 필터링 배치 37/125 (50개 종목)...
[ticker_fetcher] 1단계 필터링 배치 38/125 (50개 종목)...
[ticker_fetcher] 1단계 필터링 배치 39/125 (50개 종목)...
[ticker_fetcher] 1단계 필터링 배치 40/125 (50개 종목)...
[ticker_fetcher] 1단계 필터링 배치 41/125 (50개 종목)...
[ticker_fetcher] 1단계 필터링 배치 42/125 (50개 종목)...
[ticker_fetcher] 1단계 필터링 배치 43/125 (50개 종목)...
[ticker_fetcher] 1단계 필터링 배치 44/125 (50개 종목)...
[ticker_fetcher] 1단계 필터링 배치 45/125 (50개 종목)...
[ticker_fetcher] 1단계 필터링 배치 46/125 (50개 종목)...
[ticker_fetcher] 1단계 필터링 배치 47/125 (50개 종목)...
[ticker_fetcher] 1단계 필터링 배치 48/125 (50개 종목)...
[ticker_fetcher] 1단계 필터링 배치 49/125 (50개 종목)...
[ticker_fetcher] 1단계 필터링 배치 50/125 (50개 종목)...
[ticker_fetcher] 1단계 필터링 배치 51/125 (50개 종목)...
[ticker_fetcher] 1단계 필터링 배치 52/125 (50개 종목)...
[ticker_fetcher] 1단계 필터링 배치 53/125 (50개 종목)...
[ticker_fetcher] 1단계 필터링 배치 54/125 (50개 종목)...
[ticker_fetcher] 1단계 필터링 배치 55/125 (50개 종목)...
[ticker_fetcher] 1단계 필터링 배치 56/125 (50개 종목)...
[ticker_fetcher] 1단계 필터링 배치 57/125 (50개 종목)...
[ticker_fetcher] 1단계 필터링 배치 58/125 (50개 종목)...
[ticker_fetcher] 1단계 필터링 배치 59/125 (50개 종목)...
[ticker_fetcher] 1단계 필터링 배치 60/125 (50개 종목)...
[ticker_fetcher] 1단계 필터링 배치 61/125 (50개 종목)...
[ticker_fetcher] 1단계 필터링 배치 62/125 (50개 종목)...
[ticker_fetcher] 1단계 필터링 배치 63/125 (50개 종목)...
[ticker_fetcher] 1단계 필터링 배치 64/125 (50개 종목)...
[ticker_fetcher] 1단계 필터링 배치 65/125 (50개 종목)...
[ticker_fetcher] 1단계 필터링 배치 66/125 (50개 종목)...
[ticker_fetcher] 1단계 필터링 배치 67/125 (50개 종목)...
[ticker_fetcher] 1단계 필터링 배치 68/125 (50개 종목)...
[ticker_fetcher] 1단계 필터링 배치 69/125 (50개 종목)...
[ticker_fetcher] 1단계 필터링 배치 70/125 (50개 종목)...
[ticker_fetcher] 1단계 필터링 배치 71/125 (50개 종목)...
[ticker_fetcher] 1단계 필터링 배치 72/125 (50개 종목)...
[ticker_fetcher] 1단계 필터링 배치 73/125 (50개 종목)...
[ticker_fetcher] 1단계 필터링 배치 74/125 (50개 종목)...
[ticker_fetcher] 1단계 필터링 배치 75/125 (50개 종목)...
[ticker_fetcher] 1단계 필터링 배치 76/125 (50개 종목)...
[ticker_fetcher] 1단계 필터링 배치 77/125 (50개 종목)...
[ticker_fetcher] 1단계 필터링 배치 78/125 (50개 종목)...
[ticker_fetcher] 1단계 필터링 배치 79/125 (50개 종목)...
[ticker_fetcher] 1단계 필터링 배치 80/125 (50개 종목)...
[ticker_fetcher] 1단계 필터링 배치 81/125 (50개 종목)...
[ticker_fetcher] 1단계 필터링 배치 82/125 (50개 종목)...
[ticker_fetcher] 1단계 필터링 배치 83/125 (50개 종목)...
[ticker_fetcher] 1단계 필터링 배치 84/125 (50개 종목)...
[ticker_fetcher] 1단계 필터링 배치 85/125 (50개 종목)...
[ticker_fetcher] 1단계 필터링 배치 86/125 (50개 종목)...
[ticker_fetcher] 1단계 필터링 배치 87/125 (50개 종목)...
[ticker_fetcher] 1단계 필터링 배치 88/125 (50개 종목)...
[ticker_fetcher] 1단계 필터링 배치 89/125 (50개 종목)...
[ticker_fetcher] 1단계 필터링 배치 90/125 (50개 종목)...
[ticker_fetcher] 1단계 필터링 배치 91/125 (50개 종목)...
[ticker_fetcher] 1단계 필터링 배치 92/125 (50개 종목)...
[ticker_fetcher] 1단계 필터링 배치 93/125 (50개 종목)...
[ticker_fetcher] 1단계 필터링 배치 94/125 (50개 종목)...
[ticker_fetcher] 1단계 필터링 배치 95/125 (50개 종목)...
[ticker_fetcher] 1단계 필터링 배치 96/125 (50개 종목)...
[ticker_fetcher] 1단계 필터링 배치 97/125 (50개 종목)...
[ticker_fetcher] 1단계 필터링 배치 98/125 (50개 종목)...
[ticker_fetcher] 1단계 필터링 배치 99/125 (50개 종목)...
[ticker_fetcher] 1단계 필터링 배치 100/125 (50개 종목)...
[ticker_fetcher] 1단계 필터링 배치 101/125 (50개 종목)...
[ticker_fetcher] 1단계 필터링 배치 102/125 (50개 종목)...
[ticker_fetcher] 1단계 필터링 배치 103/125 (50개 종목)...
[ticker_fetcher] 1단계 필터링 배치 104/125 (50개 종목)...
[ticker_fetcher] 1단계 필터링 배치 105/125 (50개 종목)...
[ticker_fetcher] 1단계 필터링 배치 106/125 (50개 종목)...
[ticker_fetcher] 1단계 필터링 배치 107/125 (50개 종목)...
[ticker_fetcher] 1단계 필터링 배치 108/125 (50개 종목)...
[ticker_fetcher] 1단계 필터링 배치 109/125 (50개 종목)...
[ticker_fetcher] 1단계 필터링 배치 110/125 (50개 종목)...
[ticker_fetcher] 1단계 필터링 배치 111/125 (50개 종목)...
[ticker_fetcher] 1단계 필터링 배치 112/125 (50개 종목)...
[ticker_fetcher] 1단계 필터링 배치 113/125 (50개 종목)...
[ticker_fetcher] 1단계 필터링 배치 114/125 (50개 종목)...
[ticker_fetcher] 1단계 필터링 배치 115/125 (50개 종목)...
[ticker_fetcher] 1단계 필터링 배치 116/125 (50개 종목)...
[ticker_fetcher] 1단계 필터링 배치 117/125 (50개 종목)...
[ticker_fetcher] 1단계 필터링 배치 118/125 (50개 종목)...
[ticker_fetcher] 1단계 필터링 배치 119/125 (50개 종목)...
[ticker_fetcher] 1단계 필터링 배치 120/125 (50개 종목)...
[ticker_fetcher] 1단계 필터링 배치 121/125 (50개 종목)...
[ticker_fetcher] 1단계 필터링 배치 122/125 (50개 종목)...
[ticker_fetcher] 1단계 필터링 배치 123/125 (50개 종목)...
[ticker_fetcher] 1단계 필터링 배치 124/125 (50개 종목)...
[ticker_fetcher] 1단계 필터링 배치 125/125 (47개 종목)...
[ticker_fetcher] 1단계 필터링 완료: 6247개 → 4186개 (가격 ≥ $1.0, 평균 거래량 ≥ 100,000)

============================================================
[2단계] 바닥 탈출 / 강세 돌파 후보 선별
============================================================
[2단계] 배치 1/84 (50개 종목 분석 중)...
[2단계] 배치 2/84 (50개 종목 분석 중)...
[2단계] 배치 3/84 (50개 종목 분석 중)...
[2단계] 배치 4/84 (50개 종목 분석 중)...
[2단계] 배치 5/84 (50개 종목 분석 중)...
[2단계] 배치 6/84 (50개 종목 분석 중)...
[2단계] 배치 7/84 (50개 종목 분석 중)...
[2단계] 배치 8/84 (50개 종목 분석 중)...
[2단계] 배치 9/84 (50개 종목 분석 중)...
[2단계] 배치 10/84 (50개 종목 분석 중)...
[2단계] 배치 11/84 (50개 종목 분석 중)...
[2단계] 배치 12/84 (50개 종목 분석 중)...
[2단계] 배치 13/84 (50개 종목 분석 중)...
[2단계] 배치 14/84 (50개 종목 분석 중)...
[2단계] 배치 15/84 (50개 종목 분석 중)...
[2단계] 배치 16/84 (50개 종목 분석 중)...
[2단계] 배치 17/84 (50개 종목 분석 중)...
[2단계] 배치 18/84 (50개 종목 분석 중)...
[2단계] 배치 19/84 (50개 종목 분석 중)...
[2단계] 배치 20/84 (50개 종목 분석 중)...
[2단계] 배치 21/84 (50개 종목 분석 중)...
[2단계] 배치 22/84 (50개 종목 분석 중)...
[2단계] 배치 23/84 (50개 종목 분석 중)...
[2단계] 배치 24/84 (50개 종목 분석 중)...
[2단계] 배치 25/84 (50개 종목 분석 중)...
[2단계] 배치 26/84 (50개 종목 분석 중)...
[2단계] 배치 27/84 (50개 종목 분석 중)...
[2단계] 배치 28/84 (50개 종목 분석 중)...
[2단계] 배치 29/84 (50개 종목 분석 중)...
[2단계] 배치 30/84 (50개 종목 분석 중)...
[2단계] 배치 31/84 (50개 종목 분석 중)...
[2단계] 배치 32/84 (50개 종목 분석 중)...
[2단계] 배치 33/84 (50개 종목 분석 중)...
[2단계] 배치 34/84 (50개 종목 분석 중)...
[2단계] 배치 35/84 (50개 종목 분석 중)...
[2단계] 배치 36/84 (50개 종목 분석 중)...
[2단계] 배치 37/84 (50개 종목 분석 중)...
[2단계] 배치 38/84 (50개 종목 분석 중)...
[2단계] 배치 39/84 (50개 종목 분석 중)...
[2단계] 배치 40/84 (50개 종목 분석 중)...
[2단계] 배치 41/84 (50개 종목 분석 중)...
[2단계] 배치 42/84 (50개 종목 분석 중)...
[2단계] 배치 43/84 (50개 종목 분석 중)...
[2단계] 배치 44/84 (50개 종목 분석 중)...
[2단계] 배치 45/84 (50개 종목 분석 중)...
[2단계] 배치 46/84 (50개 종목 분석 중)...
[2단계] 배치 47/84 (50개 종목 분석 중)...
[2단계] 배치 48/84 (50개 종목 분석 중)...
[2단계] 배치 49/84 (50개 종목 분석 중)...
[2단계] 배치 50/84 (50개 종목 분석 중)...
[2단계] 배치 51/84 (50개 종목 분석 중)...
[2단계] 배치 52/84 (50개 종목 분석 중)...
[2단계] 배치 53/84 (50개 종목 분석 중)...
[2단계] 배치 54/84 (50개 종목 분석 중)...
[2단계] 배치 55/84 (50개 종목 분석 중)...
[2단계] 배치 56/84 (50개 종목 분석 중)...
[2단계] 배치 57/84 (50개 종목 분석 중)...
[2단계] 배치 58/84 (50개 종목 분석 중)...
[2단계] 배치 59/84 (50개 종목 분석 중)...
[2단계] 배치 60/84 (50개 종목 분석 중)...
[2단계] 배치 61/84 (50개 종목 분석 중)...
[2단계] 배치 62/84 (50개 종목 분석 중)...
[2단계] 배치 63/84 (50개 종목 분석 중)...
[2단계] 배치 64/84 (50개 종목 분석 중)...
[2단계] 배치 65/84 (50개 종목 분석 중)...
[2단계] 배치 66/84 (50개 종목 분석 중)...
[2단계] 배치 67/84 (50개 종목 분석 중)...
[2단계] 배치 68/84 (50개 종목 분석 중)...
[2단계] 배치 69/84 (50개 종목 분석 중)...
[2단계] 배치 70/84 (50개 종목 분석 중)...
[2단계] 배치 71/84 (50개 종목 분석 중)...
[2단계] 배치 72/84 (50개 종목 분석 중)...
[2단계] 배치 73/84 (50개 종목 분석 중)...
[2단계] 배치 74/84 (50개 종목 분석 중)...
[2단계] 배치 75/84 (50개 종목 분석 중)...
[2단계] 배치 76/84 (50개 종목 분석 중)...
[2단계] 배치 77/84 (50개 종목 분석 중)...
[2단계] 배치 78/84 (50개 종목 분석 중)...
[2단계] 배치 79/84 (50개 종목 분석 중)...
[2단계] 배치 80/84 (50개 종목 분석 중)...
[2단계] 배치 81/84 (50개 종목 분석 중)...
[2단계] 배치 82/84 (50개 종목 분석 중)...
[2단계] 배치 83/84 (50개 종목 분석 중)...
[2단계] 배치 84/84 (36개 종목 분석 중)...
[2단계] 필터링 완료: 4186개 → 906개 후보 선별

============================================================
[3단계] 906개 후보 종목 정밀 분석
============================================================
[OHLCV] 배치 다운로드 1/19 (50개 종목, period=5y)...
[OHLCV] 배치 다운로드 2/19 (50개 종목, period=5y)...
[OHLCV] 배치 다운로드 3/19 (50개 종목, period=5y)...
[OHLCV] 배치 다운로드 4/19 (50개 종목, period=5y)...
[OHLCV] 배치 다운로드 5/19 (50개 종목, period=5y)...
[OHLCV] 배치 다운로드 6/19 (50개 종목, period=5y)...
[OHLCV] 배치 다운로드 7/19 (50개 종목, period=5y)...
[OHLCV] 배치 다운로드 8/19 (50개 종목, period=5y)...
[OHLCV] 배치 다운로드 9/19 (50개 종목, period=5y)...
[OHLCV] 배치 다운로드 10/19 (50개 종목, period=5y)...
[OHLCV] 배치 다운로드 11/19 (50개 종목, period=5y)...
[OHLCV] 배치 다운로드 12/19 (50개 종목, period=5y)...
[OHLCV] 배치 다운로드 13/19 (50개 종목, period=5y)...
[OHLCV] 배치 다운로드 14/19 (50개 종목, period=5y)...
[OHLCV] 배치 다운로드 15/19 (50개 종목, period=5y)...
[OHLCV] 배치 다운로드 16/19 (50개 종목, period=5y)...
[OHLCV] 배치 다운로드 17/19 (50개 종목, period=5y)...
[OHLCV] 배치 다운로드 18/19 (50개 종목, period=5y)...
[OHLCV] 배치 다운로드 19/19 (6개 종목, period=5y)...
[DataValidator] 711건의 데이터 품질 경고 발생
Warning:  AAOI: 비정상 가격 변동 67.1% (2023-08-04) — 스플릿/데이터 오류 가능
Warning:  AARD: Close NaN 비율 67.3% (기준: 30%)
Warning:  AARD: 비정상 가격 변동 56.2% (2026-03-02) — 스플릿/데이터 오류 가능
Warning:  ABAT: 비정상 가격 변동 60.4% (2024-12-23) — 스플릿/데이터 오류 가능
Warning:  ABLV: 비정상 가격 변동 138.7% (2025-03-07) — 스플릿/데이터 오류 가능
Warning:  ABTC: 비정상 가격 변동 173.1% (2025-05-12) — 스플릿/데이터 오류 가능
Warning:  ABVC: 비정상 가격 변동 137.4% (2021-11-01) — 스플릿/데이터 오류 가능
Warning:  ACET: 비정상 가격 변동 54.3% (2023-06-27) — 스플릿/데이터 오류 가능
Warning:  ADCT: 비정상 가격 변동 63.1% (2023-12-13) — 스플릿/데이터 오류 가능
Warning:  AEHL: 비정상 가격 변동 135.3% (2026-05-08) — 스플릿/데이터 오류 가능
Warning:  AEMD: 비정상 가격 변동 374.1% (2026-09-17) — 스플릿/데이터 오류 가능
Warning:  AGBK: Close NaN 비율 87.2% (기준: 30%)
Warning:  AGMB: Close NaN 비율 86.9% (기준: 30%)
Warning:  AGRZ: Close NaN 비율 79.9% (기준: 30%)
Warning:  AGRZ: 비정상 가격 변동 153.6% (2026-03-12) — 스플릿/데이터 오류 가능
Warning:  AHG: 비정상 가격 변동 98.4% (2021-10-20) — 스플릿/데이터 오류 가능
Warning:  AHMA: Close NaN 비율 81.0% (기준: 30%)
Warning:  AHMA: 비정상 가격 변동 198.1% (2025-12-01) — 스플릿/데이터 오류 가능
Warning:  AIB: Close NaN 비율 89.0% (기준: 30%)
Warning:  AIFF: 비정상 가격 변동 171.0% (2025-02-11) — 스플릿/데이터 오류 가능
Warning:  AIIO: 비정상 가격 변동 116.1% (2026-05-14) — 스플릿/데이터 오류 가능
Warning:  AIMD: 비정상 가격 변동 184.3% (2022-06-30) — 스플릿/데이터 오류 가능
Warning:  AIRO: Close NaN 비율 73.9% (기준: 30%)
Warning:  AIRS: 비정상 가격 변동 51.6% (2026-03-16) — 스플릿/데이터 오류 가능
Warning:  AISP: 비정상 가격 변동 200.0% (2024-03-05) — 스플릿/데이터 오류 가능
Warning:  AIXI: 비정상 가격 변동 590.7% (2026-09-08) — 스플릿/데이터 오류 가능
Warning:  AKAN: 비정상 가격 변동 214.2% (2026-04-22) — 스플릿/데이터 오류 가능
Warning:  ALAR: 비정상 가격 변동 51.5% (2026-07-06) — 스플릿/데이터 오류 가능
Warning:  ALDX: 비정상 가격 변동 73.3% (2025-04-03) — 스플릿/데이터 오류 가능
Warning:  ALMS: Close NaN 비율 54.8% (기준: 30%)
Warning:  ALMS: 비정상 가격 변동 95.3% (2026-01-06) — 스플릿/데이터 오류 가능
Warning:  ALMU: 비정상 가격 변동 66.7% (2023-03-20) — 스플릿/데이터 오류 가능
Warning:  ALOY: 비정상 가격 변동 226.6% (2025-01-22) — 스플릿/데이터 오류 가능
Warning:  ALP: 비정상 가격 변동 3647.5% (2026-09-10) — 스플릿/데이터 오류 가능
Warning:  ALT: 비정상 가격 변동 54.7% (2023-03-21) — 스플릿/데이터 오류 가능
Warning:  ALXO: 비정상 가격 변동 56.1% (2023-10-03) — 스플릿/데이터 오류 가능
Warning:  AMCI: 비정상 가격 변동 168.3% (2025-12-15) — 스플릿/데이터 오류 가능
Warning:  AMIX: Close NaN 비율 46.4% (기준: 30%)
Warning:  AMIX: 비정상 가격 변동 434.2% (2026-08-04) — 스플릿/데이터 오류 가능
Warning:  AMOD: 비정상 가격 변동 103.9% (2025-01-30) — 스플릿/데이터 오류 가능
Warning:  AMPG: 비정상 가격 변동 94.6% (2024-12-11) — 스플릿/데이터 오류 가능
Warning:  AMPX: 비정상 가격 변동 86.4% (2022-09-20) — 스플릿/데이터 오류 가능
Warning:  AMSC: 비정상 가격 변동 60.0% (2023-08-01) — 스플릿/데이터 오류 가능
Warning:  AMTM: Close NaN 비율 59.6% (기준: 30%)
Warning:  ANGX: Close NaN 비율 78.8% (기준: 30%)
Warning:  ANNA: 비정상 가격 변동 86.5% (2026-03-20) — 스플릿/데이터 오류 가능
Warning:  ANPA: Close NaN 비율 75.1% (기준: 30%)
Warning:  ANPA: 비정상 가격 변동 258.9% (2026-01-09) — 스플릿/데이터 오류 가능
Warning:  ANVS: 비정상 가격 변동 76.1% (2024-07-02) — 스플릿/데이터 오류 가능
Warning:  APLD: 비정상 가격 변동 100.0% (2022-07-19) — 스플릿/데이터 오류 가능
Warning:  APUS: Close NaN 비율 72.0% (기준: 30%)
Warning:  APUS: 비정상 가격 변동 114.8% (2026-09-24) — 스플릿/데이터 오류 가능
Warning:  APUS: 거래량 0 연속 21일 (기준: 5일) — 상장폐지/거래정지 가능
Warning:  APVO: 비정상 가격 변동 162.8% (2021-11-23) — 스플릿/데이터 오류 가능
Warning:  AREC: 비정상 가격 변동 83.5% (2025-04-16) — 스플릿/데이터 오류 가능
Warning:  ARMP: 비정상 가격 변동 103.2% (2025-10-22) — 스플릿/데이터 오류 가능
Warning:  ARQQ: 비정상 가격 변동 56.9% (2025-03-17) — 스플릿/데이터 오류 가능
Warning:  ARTL: 비정상 가격 변동 230.4% (2026-03-27) — 스플릿/데이터 오류 가능
Warning:  ASTI: 비정상 가격 변동 143.8% (2025-06-26) — 스플릿/데이터 오류 가능
Warning:  ASTS: 비정상 가격 변동 69.2% (2024-05-29) — 스플릿/데이터 오류 가능
Warning:  ATLX: 비정상 가격 변동 60.5% (2023-02-23) — 스플릿/데이터 오류 가능
Warning:  ATOM: 비정상 가격 변동 64.0% (2026-02-13) — 스플릿/데이터 오류 가능
Warning:  ATTT: Close NaN 비율 53.1% (기준: 30%)
Warning:  ATTT: 비정상 가격 변동 94.3% (2025-03-11) — 스플릿/데이터 오류 가능
Warning:  AURE: Close NaN 비율 35.2% (기준: 30%)
Warning:  AURE: 비정상 가격 변동 89.7% (2024-08-26) — 스플릿/데이터 오류 가능
Warning:  AUUD: 비정상 가격 변동 181.8% (2023-06-12) — 스플릿/데이터 오류 가능
Warning:  AVAT: Close NaN 비율 66.7% (기준: 30%)
Warning:  AVAT: 비정상 가격 변동 73.1% (2026-09-21) — 스플릿/데이터 오류 가능
Warning:  AVX: 비정상 가격 변동 137.8% (2025-09-22) — 스플릿/데이터 오류 가능
Warning:  AZIO: 비정상 가격 변동 442.1% (2026-01-12) — 스플릿/데이터 오류 가능
Warning:  BATL: 비정상 가격 변동 211.7% (2026-01-26) — 스플릿/데이터 오류 가능
Warning:  BBAI: 비정상 가격 변동 260.5% (2023-01-12) — 스플릿/데이터 오류 가능
Warning:  BBOT: Close NaN 비율 47.1% (기준: 30%)
Warning:  BCTX: 비정상 가격 변동 1494.6% (2025-01-29) — 스플릿/데이터 오류 가능
Warning:  BDTX: 비정상 가격 변동 235.9% (2023-06-27) — 스플릿/데이터 오류 가능
Warning:  BENF: 비정상 가격 변동 439.0% (2026-09-23) — 스플릿/데이터 오류 가능
Warning:  BETR: 비정상 가격 변동 223.0% (2023-07-25) — 스플릿/데이터 오류 가능
Warning:  BGIN: Close NaN 비율 81.0% (기준: 30%)
Warning:  BIAF: 비정상 가격 변동 319.2% (2025-04-01) — 스플릿/데이터 오류 가능
Warning:  BIOA: Close NaN 비율 59.7% (기준: 30%)
Warning:  BIOA: 비정상 가격 변동 76.9% (2024-12-09) — 스플릿/데이터 오류 가능
Warning:  BIRD: 비정상 가격 변동 582.3% (2026-04-15) — 스플릿/데이터 오류 가능
Warning:  BIYA: Close NaN 비율 69.3% (기준: 30%)
Warning:  BIYA: 비정상 가격 변동 116.1% (2026-07-27) — 스플릿/데이터 오류 가능
Warning:  BKKT: 비정상 가격 변동 234.4% (2021-10-25) — 스플릿/데이터 오류 가능
Warning:  BKSY: 비정상 가격 변동 97.5% (2022-05-25) — 스플릿/데이터 오류 가능
Warning:  BKYI: 비정상 가격 변동 98.0% (2024-09-10) — 스플릿/데이터 오류 가능
Warning:  BMEA: 비정상 가격 변동 99.0% (2023-03-28) — 스플릿/데이터 오류 가능
Warning:  BMGL: Close NaN 비율 67.9% (기준: 30%)
Warning:  BMGL: 비정상 가격 변동 484.6% (2025-05-30) — 스플릿/데이터 오류 가능
Warning:  BMNR: Close NaN 비율 73.4% (기준: 30%)
Warning:  BMNR: 비정상 가격 변동 694.8% (2025-06-30) — 스플릿/데이터 오류 가능
Warning:  BNAI: 비정상 가격 변동 276.7% (2026-01-26) — 스플릿/데이터 오류 가능
Warning:  BNKK: 비정상 가격 변동 51.1% (2025-08-11) — 스플릿/데이터 오류 가능
Warning:  BRCB: Close NaN 비율 78.9% (기준: 30%)
Warning:  BRNX: 비정상 가격 변동 140.3% (2024-08-30) — 스플릿/데이터 오류 가능
Warning:  BRUN: Close NaN 비율 64.9% (기준: 30%)
Warning:  BSEM: 비정상 가격 변동 72.9% (2021-10-13) — 스플릿/데이터 오류 가능
Warning:  BTCS: 비정상 가격 변동 111.1% (2025-07-08) — 스플릿/데이터 오류 가능
Warning:  BTCT: 비정상 가격 변동 316.7% (2024-11-12) — 스플릿/데이터 오류 가능
Warning:  BTDR: 비정상 가격 변동 50.9% (2023-06-16) — 스플릿/데이터 오류 가능
Warning:  BTGO: Close NaN 비율 86.0% (기준: 30%)
Warning:  BTLN: 비정상 가격 변동 610.9% (2026-09-29) — 스플릿/데이터 오류 가능
Warning:  BTQ: Close NaN 비율 79.7% (기준: 30%)
Warning:  BTQ: 비정상 가격 변동 51.5% (2025-10-07) — 스플릿/데이터 오류 가능
Warning:  BULL: 비정상 가격 변동 374.7% (2025-04-14) — 스플릿/데이터 오류 가능
Warning:  BUR: 비정상 가격 변동 53.2% (2023-03-31) — 스플릿/데이터 오류 가능
Warning:  BURU: 비정상 가격 변동 3650.0% (2026-09-14) — 스플릿/데이터 오류 가능
Warning:  BURU: 거래량 0 연속 9일 (기준: 5일) — 상장폐지/거래정지 가능
Warning:  BW: 비정상 가격 변동 66.9% (2025-06-05) — 스플릿/데이터 오류 가능
Warning:  BXBL: Close NaN 비율 67.1% (기준: 30%)
Warning:  BYAH: Close NaN 비율 64.8% (기준: 30%)
Warning:  BYAH: 비정상 가격 변동 150.0% (2026-06-08) — 스플릿/데이터 오류 가능
Warning:  BYND: 비정상 가격 변동 146.3% (2025-10-21) — 스플릿/데이터 오류 가능
Warning:  CABA: 비정상 가격 변동 73.1% (2021-12-14) — 스플릿/데이터 오류 가능
Warning:  CANF: 비정상 가격 변동 69.3% (2021-12-20) — 스플릿/데이터 오류 가능
Warning:  CAPR: 비정상 가격 변동 371.1% (2025-12-03) — 스플릿/데이터 오류 가능
Warning:  CAR: 비정상 가격 변동 108.3% (2021-11-02) — 스플릿/데이터 오류 가능
Warning:  CAST: Close NaN 비율 88.6% (기준: 30%)
Warning:  CAST: 비정상 가격 변동 144.2% (2026-08-18) — 스플릿/데이터 오류 가능
Warning:  CATX: 비정상 가격 변동 66.4% (2026-01-29) — 스플릿/데이터 오류 가능
Warning:  CBUS: 비정상 가격 변동 89.8% (2023-01-17) — 스플릿/데이터 오류 가능
Warning:  CD: 비정상 가격 변동 81.4% (2024-11-11) — 스플릿/데이터 오류 가능
Warning:  CDNL: Close NaN 비율 83.8% (기준: 30%)
Warning:  CDT: 비정상 가격 변동 83.9% (2025-02-07) — 스플릿/데이터 오류 가능
Warning:  CDTG: Close NaN 비율 51.0% (기준: 30%)
Warning:  CDTG: 비정상 가격 변동 88.4% (2025-09-09) — 스플릿/데이터 오류 가능
Warning:  CHGA: 비정상 가격 변동 316.9% (2024-06-03) — 스플릿/데이터 오류 가능
Warning:  CHSN: 비정상 가격 변동 387.2% (2024-10-04) — 스플릿/데이터 오류 가능
Warning:  CJMB: Close NaN 비율 66.8% (기준: 30%)
Warning:  CJMB: 비정상 가격 변동 275.0% (2026-01-15) — 스플릿/데이터 오류 가능
Warning:  CLDI: 비정상 가격 변동 109.0% (2025-07-09) — 스플릿/데이터 오류 가능
Warning:  CLGN: 비정상 가격 변동 76.2% (2025-05-28) — 스플릿/데이터 오류 가능
Warning:  CLIK: Close NaN 비율 60.4% (기준: 30%)
Warning:  CLIK: 비정상 가격 변동 153.6% (2025-05-15) — 스플릿/데이터 오류 가능
Warning:  CLLS: 비정상 가격 변동 172.2% (2023-11-01) — 스플릿/데이터 오류 가능
Warning:  CLNN: 비정상 가격 변동 53.6% (2025-06-02) — 스플릿/데이터 오류 가능
Warning:  CLPT: 비정상 가격 변동 58.6% (2025-09-24) — 스플릿/데이터 오류 가능
Warning:  CLRO: 비정상 가격 변동 166.3% (2026-08-06) — 스플릿/데이터 오류 가능
Warning:  CMCT: 비정상 가격 변동 888.2% (2025-01-06) — 스플릿/데이터 오류 가능
Warning:  CMTL: 비정상 가격 변동 87.6% (2024-06-18) — 스플릿/데이터 오류 가능
Warning:  CNSY: 비정상 가격 변동 311.4% (2025-03-06) — 스플릿/데이터 오류 가능
Warning:  CNTN: 비정상 가격 변동 206.8% (2025-08-20) — 스플릿/데이터 오류 가능
Warning:  CODX: 비정상 가격 변동 259.0% (2025-10-27) — 스플릿/데이터 오류 가능
Warning:  CPOP: 비정상 가격 변동 1290.0% (2026-09-15) — 스플릿/데이터 오류 가능
Warning:  CPS: 비정상 가격 변동 69.6% (2022-08-05) — 스플릿/데이터 오류 가능
Warning:  CPSH: 비정상 가격 변동 85.3% (2026-05-26) — 스플릿/데이터 오류 가능
Warning:  CRBP: 비정상 가격 변동 249.4% (2024-01-26) — 스플릿/데이터 오류 가능
Warning:  CRDF: 비정상 가격 변동 64.4% (2024-03-01) — 스플릿/데이터 오류 가능
Warning:  CRML: 비정상 가격 변동 120.6% (2024-02-27) — 스플릿/데이터 오류 가능
Warning:  CRVO: 비정상 가격 변동 161.4% (2025-03-12) — 스플릿/데이터 오류 가능
Warning:  CRVS: 비정상 가격 변동 166.0% (2026-01-20) — 스플릿/데이터 오류 가능
Warning:  CSAI: Close NaN 비율 66.5% (기준: 30%)
Warning:  CSAI: 비정상 가격 변동 128.9% (2025-02-10) — 스플릿/데이터 오류 가능
Warning:  CTEV: 비정상 가격 변동 94.9% (2024-12-24) — 스플릿/데이터 오류 가능
Warning:  CTMX: 비정상 가격 변동 214.7% (2024-05-01) — 스플릿/데이터 오류 가능
Warning:  CTNT: Close NaN 비율 36.5% (기준: 30%)
Warning:  CTNT: 비정상 가격 변동 437.8% (2024-05-14) — 스플릿/데이터 오류 가능
Warning:  CTNT: 거래량 0 연속 7일 (기준: 5일) — 상장폐지/거래정지 가능
Warning:  CTRI: Close NaN 비율 51.0% (기준: 30%)
Warning:  CTVA: 비정상 가격 변동 83.8% (2026-10-01) — 스플릿/데이터 오류 가능
Warning:  CUPR: Close NaN 비율 70.4% (기준: 30%)
Warning:  CUPR: 비정상 가격 변동 130.8% (2025-09-10) — 스플릿/데이터 오류 가능
Warning:  CV: Close NaN 비율 74.9% (기준: 30%)
Warning:  CVRX: 비정상 가격 변동 59.8% (2026-08-07) — 스플릿/데이터 오류 가능
Warning:  CXAI: 비정상 가격 변동 345.6% (2023-04-13) — 스플릿/데이터 오류 가능
Warning:  CYCU: Close NaN 비율 67.5% (기준: 30%)
Warning:  CYCU: 비정상 가격 변동 496.3% (2026-07-30) — 스플릿/데이터 오류 가능
Warning:  DAIC: Close NaN 비율 74.3% (기준: 30%)
Warning:  DAIC: 비정상 가격 변동 306.1% (2026-08-24) — 스플릿/데이터 오류 가능
Warning:  DBGI: 비정상 가격 변동 150.0% (2025-02-14) — 스플릿/데이터 오류 가능
Warning:  DBVT: 비정상 가격 변동 536.2% (2024-11-29) — 스플릿/데이터 오류 가능
Warning:  DCOY: 비정상 가격 변동 134.5% (2025-01-13) — 스플릿/데이터 오류 가능
Warning:  DCX: 비정상 가격 변동 188.1% (2025-09-19) — 스플릿/데이터 오류 가능
Warning:  DFDV: Close NaN 비율 36.1% (기준: 30%)
Warning:  DFDV: 비정상 가격 변동 842.5% (2025-04-07) — 스플릿/데이터 오류 가능
Warning:  DFNS: 비정상 가격 변동 754.7% (2024-12-17) — 스플릿/데이터 오류 가능
Warning:  DFSC: 비정상 가격 변동 5714.8% (2022-11-01) — 스플릿/데이터 오류 가능
Warning:  DGNX: Close NaN 비율 66.0% (기준: 30%)
Warning:  DGNX: 비정상 가격 변동 234.6% (2025-01-29) — 스플릿/데이터 오류 가능
Warning:  DHY: 비정상 가격 변동 896.9% (2026-10-01) — 스플릿/데이터 오류 가능
Warning:  DJT: 비정상 가격 변동 356.8% (2021-10-21) — 스플릿/데이터 오류 가능
Warning:  DKI: Close NaN 비율 77.0% (기준: 30%)
Warning:  DKI: 비정상 가격 변동 1569.6% (2026-05-11) — 스플릿/데이터 오류 가능
Warning:  DOMH: 비정상 가격 변동 91.3% (2025-02-10) — 스플릿/데이터 오류 가능
Warning:  DPRO: 비정상 가격 변동 52.8% (2024-02-22) — 스플릿/데이터 오류 가능
Warning:  DPU: Close NaN 비율 30.8% (기준: 30%)
Warning:  DPU: 비정상 가격 변동 87.1% (2024-11-27) — 스플릿/데이터 오류 가능
Warning:  DRCT: 비정상 가격 변동 900.0% (2024-12-23) — 스플릿/데이터 오류 가능
Warning:  DRK: 비정상 가격 변동 111.6% (2026-06-01) — 스플릿/데이터 오류 가능
Warning:  DTCX: 비정상 가격 변동 69.3% (2023-05-12) — 스플릿/데이터 오류 가능
Warning:  DXST: Close NaN 비율 66.0% (기준: 30%)
Warning:  DXST: 비정상 가격 변동 209.4% (2026-06-02) — 스플릿/데이터 오류 가능
Warning:  DXYZ: Close NaN 비율 49.6% (기준: 30%)
Warning:  DXYZ: 비정상 가격 변동 95.6% (2024-03-27) — 스플릿/데이터 오류 가능
Warning:  EBS: 비정상 가격 변동 78.3% (2024-02-21) — 스플릿/데이터 오류 가능
Warning:  ECO: Close NaN 비율 37.2% (기준: 30%)
Warning:  EDBL: 비정상 가격 변동 80.0% (2025-05-20) — 스플릿/데이터 오류 가능
Warning:  EDHL: Close NaN 비율 70.8% (기준: 30%)
Warning:  EDHL: 비정상 가격 변동 114.4% (2025-10-14) — 스플릿/데이터 오류 가능
Warning:  EGG: Close NaN 비율 74.2% (기준: 30%)
Warning:  EGG: 비정상 가격 변동 85.9% (2026-07-28) — 스플릿/데이터 오류 가능
Warning:  EIKN: Close NaN 비율 86.8% (기준: 30%)
Warning:  EJH: 비정상 가격 변동 91.8% (2022-12-22) — 스플릿/데이터 오류 가능
Warning:  ELPW: Close NaN 비율 31.5% (기준: 30%)
Warning:  ELPW: 비정상 가격 변동 3141.9% (2026-01-30) — 스플릿/데이터 오류 가능
Warning:  ELTX: 비정상 가격 변동 81.5% (2023-06-02) — 스플릿/데이터 오류 가능
Warning:  EMAT: Close NaN 비율 85.2% (기준: 30%)
Warning:  EMBC: 비정상 가격 변동 57.8% (2026-05-05) — 스플릿/데이터 오류 가능
Warning:  EMPD: 비정상 가격 변동 134.3% (2025-07-17) — 스플릿/데이터 오류 가능
Warning:  ENGN: 비정상 가격 변동 116.5% (2024-02-14) — 스플릿/데이터 오류 가능
Warning:  ENGS: Close NaN 비율 69.9% (기준: 30%)
Warning:  ENGS: 비정상 가격 변동 67.6% (2025-11-06) — 스플릿/데이터 오류 가능
Warning:  EPSM: Close NaN 비율 69.5% (기준: 30%)
Warning:  EPSM: 비정상 가격 변동 411.5% (2025-09-09) — 스플릿/데이터 오류 가능
Warning:  EQ: 비정상 가격 변동 82.1% (2025-08-01) — 스플릿/데이터 오류 가능
Warning:  EVGO: 비정상 가격 변동 60.8% (2024-10-03) — 스플릿/데이터 오류 가능
Warning:  EVMN: Close NaN 비율 82.0% (기준: 30%)
Warning:  EVMN: 비정상 가격 변동 70.9% (2026-02-10) — 스플릿/데이터 오류 가능
Warning:  EYPT: 비정상 가격 변동 177.5% (2023-12-04) — 스플릿/데이터 오류 가능
Warning:  EZRA: 비정상 가격 변동 159.2% (2024-12-23) — 스플릿/데이터 오류 가능
Warning:  FAC: Close NaN 비율 74.4% (기준: 30%)
Warning:  FBGL: Close NaN 비율 66.9% (기준: 30%)
Warning:  FBLG: Close NaN 비율 46.6% (기준: 30%)
Warning:  FBLG: 비정상 가격 변동 88.4% (2024-02-13) — 스플릿/데이터 오류 가능
Warning:  FBYD: Close NaN 비율 40.3% (기준: 30%)
Warning:  FBYD: 비정상 가격 변동 75.4% (2023-10-18) — 스플릿/데이터 오류 가능
Warning:  FCUV: 비정상 가격 변동 517.0% (2026-07-31) — 스플릿/데이터 오류 가능
Warning:  FEAM: 비정상 가격 변동 51.5% (2024-12-30) — 스플릿/데이터 오류 가능
Warning:  FFAI: 비정상 가격 변동 367.2% (2024-05-14) — 스플릿/데이터 오류 가능
Warning:  FGL: Close NaN 비율 61.2% (기준: 30%)
Warning:  FGL: 비정상 가격 변동 56.0% (2026-02-10) — 스플릿/데이터 오류 가능
Warning:  FHTX: 비정상 가격 변동 55.4% (2024-02-08) — 스플릿/데이터 오류 가능
Warning:  FIG: Close NaN 비율 76.5% (기준: 30%)
Warning:  FIGR: Close NaN 비율 78.8% (기준: 30%)
Warning:  FJET: Close NaN 비율 84.3% (기준: 30%)
Warning:  FJET: 비정상 가격 변동 370.9% (2025-12-22) — 스플릿/데이터 오류 가능
Warning:  FLX: Close NaN 비율 60.2% (기준: 30%)
Warning:  FLX: 비정상 가격 변동 57.0% (2025-04-02) — 스플릿/데이터 오류 가능
Warning:  FLY: Close NaN 비율 76.9% (기준: 30%)
Warning:  FLYE: Close NaN 비율 53.6% (기준: 30%)
Warning:  FLYE: 비정상 가격 변동 252.5% (2025-12-01) — 스플릿/데이터 오류 가능
Warning:  FLYX: Close NaN 비율 44.9% (기준: 30%)
Warning:  FLYX: 비정상 가격 변동 130.3% (2026-01-08) — 스플릿/데이터 오류 가능
Warning:  FNUC: 비정상 가격 변동 348.1% (2024-12-18) — 스플릿/데이터 오류 가능
Warning:  FOFO: Close NaN 비율 78.9% (기준: 30%)
Warning:  FOFO: 비정상 가격 변동 64.3% (2026-06-03) — 스플릿/데이터 오류 가능
Warning:  FOSL: 비정상 가격 변동 61.0% (2024-12-02) — 스플릿/데이터 오류 가능
Warning:  FRMI: Close NaN 비율 79.9% (기준: 30%)
Warning:  FRMM: 비정상 가격 변동 325.7% (2024-10-16) — 스플릿/데이터 오류 가능
Warning:  FTCI: 비정상 가격 변동 104.0% (2024-09-11) — 스플릿/데이터 오류 가능
Warning:  FTFT: 비정상 가격 변동 179.2% (2026-09-14) — 스플릿/데이터 오류 가능
Warning:  FUBO: 비정상 가격 변동 251.4% (2025-01-06) — 스플릿/데이터 오류 가능
Warning:  FULC: 비정상 가격 변동 61.1% (2024-09-12) — 스플릿/데이터 오류 가능
Warning:  FWDI: 비정상 가격 변동 58.7% (2025-09-08) — 스플릿/데이터 오류 가능
Warning:  GAME: 비정상 가격 변동 99.2% (2022-12-12) — 스플릿/데이터 오류 가능
Warning:  GCTK: 비정상 가격 변동 238.1% (2023-04-06) — 스플릿/데이터 오류 가능
Warning:  GDC: 비정상 가격 변동 1140.0% (2023-05-01) — 스플릿/데이터 오류 가능
Warning:  GDHG: Close NaN 비율 30.5% (기준: 30%)
Warning:  GDHG: 비정상 가격 변동 94.4% (2025-03-25) — 스플릿/데이터 오류 가능
Warning:  GEMI: Close NaN 비율 78.9% (기준: 30%)
Warning:  GEVO: 비정상 가격 변동 59.2% (2025-08-12) — 스플릿/데이터 오류 가능
Warning:  GLAS: 비정상 가격 변동 59.7% (2025-12-12) — 스플릿/데이터 오류 가능
Warning:  GLND: Close NaN 비율 89.3% (기준: 30%)
Warning:  GLND: 비정상 가격 변동 140.0% (2026-09-21) — 스플릿/데이터 오류 가능
Warning:  GLOO: Close NaN 비율 82.6% (기준: 30%)
Warning:  GLUE: 비정상 가격 변동 93.9% (2024-10-28) — 스플릿/데이터 오류 가능
Warning:  GMEX: Close NaN 비율 36.9% (기준: 30%)
Warning:  GMEX: 비정상 가격 변동 785.2% (2026-09-28) — 스플릿/데이터 오류 가능
Warning:  GMTL: Close NaN 비율 89.2% (기준: 30%)
Warning:  GNLX: 비정상 가격 변동 60.4% (2023-03-06) — 스플릿/데이터 오류 가능
Warning:  GNPX: 비정상 가격 변동 265.6% (2024-10-21) — 스플릿/데이터 오류 가능
Warning:  GOAI: Close NaN 비율 86.4% (기준: 30%)
Warning:  GOSS: 비정상 가격 변동 80.1% (2026-02-23) — 스플릿/데이터 오류 가능
Warning:  GOW: Close NaN 비율 68.5% (기준: 30%)
Warning:  GOW: 비정상 가격 변동 75.7% (2026-09-30) — 스플릿/데이터 오류 가능
Warning:  GPCR: 비정상 가격 변동 102.5% (2025-12-08) — 스플릿/데이터 오류 가능
Warning:  GRCE: 비정상 가격 변동 52.3% (2021-12-22) — 스플릿/데이터 오류 가능
Warning:  GRI: 비정상 가격 변동 127.6% (2024-10-21) — 스플릿/데이터 오류 가능
Warning:  GRML: 비정상 가격 변동 787.8% (2025-06-09) — 스플릿/데이터 오류 가능
Warning:  GRNQ: 비정상 가격 변동 72.9% (2021-10-25) — 스플릿/데이터 오류 가능
Warning:  GSIT: 비정상 가격 변동 210.4% (2023-05-12) — 스플릿/데이터 오류 가능
Warning:  GURE: 비정상 가격 변동 72.8% (2025-12-05) — 스플릿/데이터 오류 가능
Warning:  GVH: Close NaN 비율 42.1% (기준: 30%)
Warning:  GVH: 비정상 가격 변동 74.2% (2025-06-26) — 스플릿/데이터 오류 가능
Warning:  HAFN: Close NaN 비율 50.4% (기준: 30%)
Warning:  HAO: Close NaN 비율 46.3% (기준: 30%)
Warning:  HAO: 비정상 가격 변동 2336.9% (2025-01-27) — 스플릿/데이터 오류 가능
Warning:  HCWB: 비정상 가격 변동 320.3% (2024-11-18) — 스플릿/데이터 오류 가능
Warning:  HLP: 비정상 가격 변동 55.3% (2024-01-03) — 스플릿/데이터 오류 가능
Warning:  HOLO: 비정상 가격 변동 1092.1% (2024-02-07) — 스플릿/데이터 오류 가능
Warning:  HOST: Close NaN 비율 59.1% (기준: 30%)
Warning:  HOST: 비정상 가격 변동 64.8% (2025-01-07) — 스플릿/데이터 오류 가능
Warning:  HOVR: 비정상 가격 변동 75.6% (2024-03-06) — 스플릿/데이터 오류 가능
Warning:  HQ: Close NaN 비율 89.2% (기준: 30%)
Warning:  HQ: 비정상 가격 변동 63.3% (2026-06-15) — 스플릿/데이터 오류 가능
Warning:  HSDT: 비정상 가격 변동 145.3% (2022-08-03) — 스플릿/데이터 오류 가능
Warning:  HTOO: 비정상 가격 변동 90.0% (2024-02-16) — 스플릿/데이터 오류 가능
Warning:  HTZ: 비정상 가격 변동 56.4% (2025-04-16) — 스플릿/데이터 오류 가능
Warning:  HUBC: 비정상 가격 변동 1756.3% (2026-09-15) — 스플릿/데이터 오류 가능
Warning:  HYMC: 비정상 가격 변동 203.0% (2022-03-08) — 스플릿/데이터 오류 가능
Warning:  HYPD: 비정상 가격 변동 134.7% (2025-06-17) — 스플릿/데이터 오류 가능
Warning:  IBIO: 비정상 가격 변동 192.2% (2024-03-27) — 스플릿/데이터 오류 가능
Warning:  ICCM: 비정상 가격 변동 200.5% (2026-06-17) — 스플릿/데이터 오류 가능
Warning:  IDN: 비정상 가격 변동 74.9% (2024-03-22) — 스플릿/데이터 오류 가능
Warning:  IMCC: 비정상 가격 변동 143.1% (2026-09-18) — 스플릿/데이터 오류 가능
Warning:  IMDX: 비정상 가격 변동 51.5% (2023-03-16) — 스플릿/데이터 오류 가능
Warning:  IMMP: 비정상 가격 변동 1711.5% (2026-09-29) — 스플릿/데이터 오류 가능
Warning:  IMMP: 거래량 0 연속 5일 (기준: 5일) — 상장폐지/거래정지 가능
Warning:  IMNN: 비정상 가격 변동 179.0% (2024-07-30) — 스플릿/데이터 오류 가능
Warning:  IMRN: 비정상 가격 변동 175.8% (2024-03-07) — 스플릿/데이터 오류 가능
Warning:  IMRX: 비정상 가격 변동 52.2% (2025-06-18) — 스플릿/데이터 오류 가능
Warning:  IMSR: Close NaN 비율 60.5% (기준: 30%)
Warning:  INDI: 비정상 가격 변동 59.8% (2024-11-08) — 스플릿/데이터 오류 가능
Warning:  INDO: 비정상 가격 변동 110.4% (2022-01-27) — 스플릿/데이터 오류 가능
Warning:  INDP: 비정상 가격 변동 114.9% (2026-06-04) — 스플릿/데이터 오류 가능
Warning:  INLF: Close NaN 비율 65.1% (기준: 30%)
Warning:  INLF: 비정상 가격 변동 285.9% (2026-01-30) — 스플릿/데이터 오류 가능
Warning:  INSG: 비정상 가격 변동 53.7% (2023-05-04) — 스플릿/데이터 오류 가능
Warning:  IOVA: 비정상 가격 변동 53.6% (2022-05-27) — 스플릿/데이터 오류 가능
Warning:  IPST: Close NaN 비율 63.0% (기준: 30%)
Warning:  IPST: 비정상 가격 변동 235.9% (2026-08-17) — 스플릿/데이터 오류 가능
Warning:  IPW: 비정상 가격 변동 97.9% (2024-05-17) — 스플릿/데이터 오류 가능
Warning:  IPX: 비정상 가격 변동 99.1% (2023-06-13) — 스플릿/데이터 오류 가능
Warning:  IQST: 비정상 가격 변동 65.2% (2023-07-05) — 스플릿/데이터 오류 가능
Warning:  ISPC: 비정상 가격 변동 159.7% (2025-09-09) — 스플릿/데이터 오류 가능
Warning:  IVA: 비정상 가격 변동 72.8% (2022-10-07) — 스플릿/데이터 오류 가능
Warning:  IZM: 비정상 가격 변동 541.9% (2026-09-15) — 스플릿/데이터 오류 가능
Warning:  JAGU: Close NaN 비율 87.0% (기준: 30%)
Warning:  JAGU: 비정상 가격 변동 57.1% (2026-03-31) — 스플릿/데이터 오류 가능
Warning:  JAGX: 비정상 가격 변동 1190.6% (2026-09-22) — 스플릿/데이터 오류 가능
Warning:  JANX: 비정상 가격 변동 229.5% (2024-02-27) — 스플릿/데이터 오류 가능
Warning:  JDZG: Close NaN 비율 52.4% (기준: 30%)
Warning:  JDZG: 비정상 가격 변동 136.1% (2024-10-17) — 스플릿/데이터 오류 가능
Warning:  JDZG: 거래량 0 연속 38일 (기준: 5일) — 상장폐지/거래정지 가능
Warning:  JLHL: Close NaN 비율 74.6% (기준: 30%)
Warning:  JLHL: 비정상 가격 변동 318.0% (2026-07-09) — 스플릿/데이터 오류 가능
Warning:  JMIA: 비정상 가격 변동 53.8% (2024-08-06) — 스플릿/데이터 오류 가능
Warning:  JTAI: 비정상 가격 변동 580.1% (2026-07-15) — 스플릿/데이터 오류 가능
Warning:  JZXN: 비정상 가격 변동 89.7% (2026-02-10) — 스플릿/데이터 오류 가능
Warning:  KAPA: Close NaN 비율 59.1% (기준: 30%)
Warning:  KAPA: 비정상 가격 변동 119.6% (2025-01-13) — 스플릿/데이터 오류 가능
Warning:  KD: 비정상 가격 변동 54.9% (2026-02-09) — 스플릿/데이터 오류 가능
Warning:  KDK: Close NaN 비율 79.6% (기준: 30%)
Warning:  KIDZ: Close NaN 비율 70.2% (기준: 30%)
Warning:  KIDZ: 비정상 가격 변동 366.1% (2025-05-01) — 스플릿/데이터 오류 가능
Warning:  KITT: 비정상 가격 변동 139.0% (2025-01-03) — 스플릿/데이터 오류 가능
Warning:  KLAR: Close NaN 비율 78.8% (기준: 30%)
Warning:  KLC: Close NaN 비율 60.4% (기준: 30%)
Warning:  KMRK: Close NaN 비율 75.6% (기준: 30%)
Warning:  KOD: 비정상 가격 변동 178.0% (2026-09-28) — 스플릿/데이터 오류 가능
Warning:  KRMN: Close NaN 비율 67.3% (기준: 30%)
Warning:  KRRO: 비정상 가격 변동 93.7% (2024-10-16) — 스플릿/데이터 오류 가능
Warning:  KULR: 비정상 가격 변동 75.6% (2024-11-25) — 스플릿/데이터 오류 가능
Warning:  KVYO: Close NaN 비율 39.3% (기준: 30%)
Warning:  KXIN: 비정상 가격 변동 171.4% (2024-10-02) — 스플릿/데이터 오류 가능
Warning:  LAC: Close NaN 비율 40.0% (기준: 30%)
Warning:  LAC: 비정상 가격 변동 95.8% (2025-09-24) — 스플릿/데이터 오류 가능
Warning:  LAES: Close NaN 비율 32.8% (기준: 30%)
Warning:  LAES: 비정상 가격 변동 102.3% (2023-05-24) — 스플릿/데이터 오류 가능
Warning:  LAW: 비정상 가격 변동 53.6% (2022-08-12) — 스플릿/데이터 오류 가능
Warning:  LBGJ: Close NaN 비율 61.2% (기준: 30%)
Warning:  LBGJ: 비정상 가격 변동 90.8% (2026-07-20) — 스플릿/데이터 오류 가능
Warning:  LFS: Close NaN 비율 80.4% (기준: 30%)
Warning:  LFS: 비정상 가격 변동 576.8% (2025-11-11) — 스플릿/데이터 오류 가능
Warning:  LGCL: Close NaN 비율 48.4% (기준: 30%)
Warning:  LGCL: 비정상 가격 변동 117.1% (2026-06-30) — 스플릿/데이터 오류 가능
Warning:  LGHL: 비정상 가격 변동 85.9% (2025-12-09) — 스플릿/데이터 오류 가능
Warning:  LGVN: 비정상 가격 변동 181.2% (2021-11-22) — 스플릿/데이터 오류 가능
Warning:  LHAI: Close NaN 비율 76.1% (기준: 30%)
Warning:  LHAI: 비정상 가격 변동 315.2% (2026-07-01) — 스플릿/데이터 오류 가능
Warning:  LIDR: 비정상 가격 변동 158.4% (2025-07-24) — 스플릿/데이터 오류 가능
Warning:  LIF: Close NaN 비율 53.6% (기준: 30%)
Warning:  LONA: 비정상 가격 변동 78.4% (2024-09-04) — 스플릿/데이터 오류 가능
Warning:  LQDA: 비정상 가격 변동 57.2% (2026-09-30) — 스플릿/데이터 오류 가능
Warning:  LRHC: Close NaN 비율 40.4% (기준: 30%)
Warning:  LRHC: 비정상 가격 변동 481.8% (2026-09-09) — 스플릿/데이터 오류 가능
Warning:  LSTA: 비정상 가격 변동 86.6% (2026-01-21) — 스플릿/데이터 오류 가능
Warning:  LTBR: 비정상 가격 변동 57.5% (2024-10-18) — 스플릿/데이터 오류 가능
Warning:  LUMN: 비정상 가격 변동 93.1% (2024-08-06) — 스플릿/데이터 오류 가능
Warning:  LUNR: 비정상 가격 변동 251.4% (2023-02-16) — 스플릿/데이터 오류 가능
Warning:  LVWR: 비정상 가격 변동 153.5% (2025-05-27) — 스플릿/데이터 오류 가능
Warning:  LXEH: 비정상 가격 변동 85.7% (2024-03-21) — 스플릿/데이터 오류 가능
Warning:  LXEO: Close NaN 비율 41.9% (기준: 30%)
Warning:  LXEO: 비정상 가격 변동 50.9% (2025-03-24) — 스플릿/데이터 오류 가능
Warning:  LYEL: 비정상 가격 변동 68.6% (2025-06-04) — 스플릿/데이터 오류 가능
Warning:  LZMH: Close NaN 비율 68.0% (기준: 30%)
Warning:  LZMH: 비정상 가격 변동 84.0% (2026-04-17) — 스플릿/데이터 오류 가능
Warning:  MASS: 비정상 가격 변동 96.0% (2025-03-04) — 스플릿/데이터 오류 가능
Warning:  MBOT: 비정상 가격 변동 159.3% (2023-05-22) — 스플릿/데이터 오류 가능
Warning:  MEDS: Close NaN 비율 67.7% (기준: 30%)
Warning:  MEDS: 비정상 가격 변동 274.7% (2026-09-16) — 스플릿/데이터 오류 가능
Warning:  METCB: Close NaN 비율 34.1% (기준: 30%)
Warning:  MF: Close NaN 비율 49.8% (기준: 30%)
Warning:  MF: 비정상 가격 변동 1316.7% (2024-11-27) — 스플릿/데이터 오류 가능
Warning:  MGLD: 비정상 가격 변동 93.0% (2026-09-25) — 스플릿/데이터 오류 가능
Warning:  MGN: Close NaN 비율 79.7% (기준: 30%)
Warning:  MGN: 비정상 가격 변동 176.0% (2026-09-09) — 스플릿/데이터 오류 가능
Warning:  MGX: Close NaN 비율 47.1% (기준: 30%)
Warning:  MGX: 비정상 가격 변동 125.4% (2024-12-09) — 스플릿/데이터 오류 가능
Warning:  MKDW: 비정상 가격 변동 205.9% (2025-04-07) — 스플릿/데이터 오류 가능
Warning:  MNDR: Close NaN 비율 50.4% (기준: 30%)
Warning:  MNDR: 비정상 가격 변동 185.7% (2025-02-20) — 스플릿/데이터 오류 가능
Warning:  MNTS: 비정상 가격 변동 155.4% (2024-10-09) — 스플릿/데이터 오류 가능
Warning:  MOB: 비정상 가격 변동 88.0% (2023-07-10) — 스플릿/데이터 오류 가능
Warning:  MOVE: 비정상 가격 변동 149.7% (2025-11-10) — 스플릿/데이터 오류 가능
Warning:  MP: 비정상 가격 변동 50.6% (2025-07-10) — 스플릿/데이터 오류 가능
Warning:  MPLT: Close NaN 비율 81.3% (기준: 30%)
Warning:  MPLT: 비정상 가격 변동 72.9% (2026-07-27) — 스플릿/데이터 오류 가능
Warning:  MRAM: 비정상 가격 변동 63.2% (2021-11-12) — 스플릿/데이터 오류 가능
Warning:  MRLN: Close NaN 비율 63.4% (기준: 30%)
Warning:  MSGY: Close NaN 비율 75.1% (기준: 30%)
Warning:  MSGY: 비정상 가격 변동 309.6% (2026-09-25) — 스플릿/데이터 오류 가능
Warning:  MSS: Close NaN 비율 40.2% (기준: 30%)
Warning:  MSS: 비정상 가격 변동 122.4% (2024-09-24) — 스플릿/데이터 오류 가능
Warning:  MYSE: 비정상 가격 변동 355.6% (2025-01-07) — 스플릿/데이터 오류 가능
Warning:  MYSZ: 비정상 가격 변동 214.8% (2024-12-20) — 스플릿/데이터 오류 가능
Warning:  NAGE: 비정상 가격 변동 67.9% (2024-11-01) — 스플릿/데이터 오류 가능
Warning:  NAKA: Close NaN 비율 53.3% (기준: 30%)
Warning:  NAKA: 비정상 가격 변동 251.0% (2025-05-12) — 스플릿/데이터 오류 가능
Warning:  NAMI: Close NaN 비율 63.7% (기준: 30%)
Warning:  NAMI: 비정상 가격 변동 53.7% (2025-05-29) — 스플릿/데이터 오류 가능
Warning:  NAMM: Close NaN 비율 73.5% (기준: 30%)
Warning:  NAMM: 비정상 가격 변동 130.6% (2026-01-21) — 스플릿/데이터 오류 가능
Warning:  NCI: Close NaN 비율 51.1% (기준: 30%)
Warning:  NCI: 비정상 가격 변동 238.5% (2026-02-11) — 스플릿/데이터 오류 가능
Warning:  NCMI: 비정상 가격 변동 109.5% (2023-04-12) — 스플릿/데이터 오류 가능
Warning:  NCNA: 비정상 가격 변동 177.1% (2024-08-19) — 스플릿/데이터 오류 가능
Warning:  NCRA: 비정상 가격 변동 118.2% (2026-07-29) — 스플릿/데이터 오류 가능
Warning:  NCT: Close NaN 비율 69.7% (기준: 30%)
Warning:  NCT: 비정상 가격 변동 89.7% (2026-09-03) — 스플릿/데이터 오류 가능
Warning:  NERV: 비정상 가격 변동 141.0% (2025-10-21) — 스플릿/데이터 오류 가능
Warning:  NEXR: 비정상 가격 변동 1360.0% (2024-11-20) — 스플릿/데이터 오류 가능
Warning:  NFE: 비정상 가격 변동 3769.7% (2026-09-15) — 스플릿/데이터 오류 가능
Warning:  NIKI: 비정상 가격 변동 554.5% (2024-03-06) — 스플릿/데이터 오류 가능
Warning:  NKLR: Close NaN 비율 80.1% (기준: 30%)
Warning:  NKTR: 비정상 가격 변동 156.3% (2025-06-24) — 스플릿/데이터 오류 가능
Warning:  NMAD: 비정상 가격 변동 133.3% (2023-02-07) — 스플릿/데이터 오류 가능
Warning:  NMG: 비정상 가격 변동 51.8% (2025-10-13) — 스플릿/데이터 오류 가능
Warning:  NNE: Close NaN 비율 52.0% (기준: 30%)
Warning:  NNNN: Close NaN 비율 67.5% (기준: 30%)
Warning:  NNNN: 비정상 가격 변동 57.5% (2025-11-05) — 스플릿/데이터 오류 가능
Warning:  NTHI: Close NaN 비율 69.5% (기준: 30%)
Warning:  NTHI: 비정상 가격 변동 57.9% (2025-07-02) — 스플릿/데이터 오류 가능
Warning:  NUCL: Close NaN 비율 87.9% (기준: 30%)
Warning:  NVA: Close NaN 비율 56.1% (기준: 30%)
Warning:  NVA: 비정상 가격 변동 110.3% (2025-10-14) — 스플릿/데이터 오류 가능
Warning:  NVA: 거래량 0 연속 10일 (기준: 5일) — 상장폐지/거래정지 가능
Warning:  NVTS: 비정상 가격 변동 164.4% (2025-05-22) — 스플릿/데이터 오류 가능
Warning:  NXL: 비정상 가격 변동 125.1% (2024-06-13) — 스플릿/데이터 오류 가능
Warning:  NXTC: 비정상 가격 변동 201.8% (2026-07-14) — 스플릿/데이터 오류 가능
Warning:  OBIO: 비정상 가격 변동 58.1% (2023-03-06) — 스플릿/데이터 오류 가능
Warning:  ODD: Close NaN 비율 35.8% (기준: 30%)
Warning:  OIO: 비정상 가격 변동 58.4% (2026-04-24) — 스플릿/데이터 오류 가능
Warning:  OKLO: 비정상 가격 변동 53.6% (2024-05-10) — 스플릿/데이터 오류 가능
Warning:  OKUR: 비정상 가격 변동 82.7% (2023-12-14) — 스플릿/데이터 오류 가능
Warning:  OLMA: 비정상 가격 변동 136.4% (2025-11-18) — 스플릿/데이터 오류 가능
Warning:  OM: 비정상 가격 변동 68.5% (2024-08-08) — 스플릿/데이터 오류 가능
Warning:  ONEN: Close NaN 비율 66.9% (기준: 30%)
Warning:  ONEN: 비정상 가격 변동 50.9% (2026-09-23) — 스플릿/데이터 오류 가능
Warning:  OPEN: 비정상 가격 변동 79.5% (2025-09-11) — 스플릿/데이터 오류 가능
Warning:  OPNW: 비정상 가격 변동 102.6% (2025-07-31) — 스플릿/데이터 오류 가능
Warning:  OPRX: 비정상 가격 변동 51.7% (2025-03-12) — 스플릿/데이터 오류 가능
Warning:  OPTT: 비정상 가격 변동 2381.8% (2026-09-14) — 스플릿/데이터 오류 가능
Warning:  ORBS: 비정상 가격 변동 3009.0% (2025-09-08) — 스플릿/데이터 오류 가능
Warning:  ORGO: 비정상 가격 변동 102.3% (2025-02-28) — 스플릿/데이터 오류 가능
Warning:  ORKT: Close NaN 비율 56.2% (기준: 30%)
Warning:  ORKT: 비정상 가격 변동 147.6% (2025-12-08) — 스플릿/데이터 오류 가능
Warning:  OSS: 비정상 가격 변동 56.9% (2026-05-06) — 스플릿/데이터 오류 가능
Warning:  PAAI: 비정상 가격 변동 271.1% (2026-09-17) — 스플릿/데이터 오류 가능
Warning:  PAL: Close NaN 비율 52.1% (기준: 30%)
Warning:  PCLA: Close NaN 비율 65.8% (기준: 30%)
Warning:  PCLA: 비정상 가격 변동 194.2% (2026-05-22) — 스플릿/데이터 오류 가능
Warning:  PEPG: 비정상 가격 변동 121.1% (2025-09-25) — 스플릿/데이터 오류 가능
Warning:  PETS: 비정상 가격 변동 68.4% (2025-12-11) — 스플릿/데이터 오류 가능
Warning:  PEW: Close NaN 비율 45.5% (기준: 30%)
Warning:  PFSA: Close NaN 비율 75.4% (기준: 30%)
Warning:  PFSA: 비정상 가격 변동 506.6% (2026-08-18) — 스플릿/데이터 오류 가능
Warning:  PHAT: 비정상 가격 변동 90.2% (2025-06-06) — 스플릿/데이터 오류 가능
Warning:  PHIO: 비정상 가격 변동 290.5% (2025-01-13) — 스플릿/데이터 오류 가능
Warning:  PICS: Close NaN 비율 86.4% (기준: 30%)
Warning:  PLBL: Close NaN 비율 77.0% (기준: 30%)
Warning:  PLCE: 비정상 가격 변동 85.7% (2024-09-11) — 스플릿/데이터 오류 가능
Warning:  PLSM: Close NaN 비율 86.0% (기준: 30%)
Warning:  PLSM: 비정상 가격 변동 93.3% (2026-06-24) — 스플릿/데이터 오류 가능
Warning:  PMI: Close NaN 비율 78.1% (기준: 30%)
Warning:  PMI: 비정상 가격 변동 86.2% (2026-08-25) — 스플릿/데이터 오류 가능
Warning:  PMI: 거래량 0 연속 7일 (기준: 5일) — 상장폐지/거래정지 가능
Warning:  PN: Close NaN 비율 68.3% (기준: 30%)
Warning:  PN: 비정상 가격 변동 131.8% (2026-07-22) — 스플릿/데이터 오류 가능
Warning:  PONY: Close NaN 비율 63.2% (기준: 30%)
Warning:  PPBT: 비정상 가격 변동 150.4% (2024-12-02) — 스플릿/데이터 오류 가능
Warning:  PRIM: 비정상 가격 변동 50.1% (2026-05-06) — 스플릿/데이터 오류 가능
Warning:  PSIG: Close NaN 비율 55.9% (기준: 30%)
Warning:  PSIG: 비정상 가격 변동 127.7% (2024-08-12) — 스플릿/데이터 오류 가능
Warning:  PSIX: 비정상 가격 변동 68.6% (2022-11-15) — 스플릿/데이터 오류 가능
Warning:  PSQL: Close NaN 비율 86.4% (기준: 30%)
Warning:  PSQL: 비정상 가격 변동 95.2% (2026-08-28) — 스플릿/데이터 오류 가능
Warning:  PTN: 비정상 가격 변동 66.7% (2025-08-06) — 스플릿/데이터 오류 가능
Warning:  PUMP: 비정상 가격 변동 52.1% (2025-10-29) — 스플릿/데이터 오류 가능
Warning:  PUSA: Close NaN 비율 67.2% (기준: 30%)
Warning:  PUSA: 비정상 가격 변동 207.6% (2025-07-23) — 스플릿/데이터 오류 가능
Warning:  PXS: 비정상 가격 변동 62.6% (2022-03-07) — 스플릿/데이터 오류 가능
Warning:  QBTS: 비정상 가격 변동 110.7% (2023-05-22) — 스플릿/데이터 오류 가능
Warning:  QMCO: 비정상 가격 변동 153.0% (2024-12-18) — 스플릿/데이터 오류 가능
Warning:  QNC: Close NaN 비율 87.8% (기준: 30%)
Warning:  QNTM: 비정상 가격 변동 119.8% (2024-08-09) — 스플릿/데이터 오류 가능
Warning:  QTRX: 비정상 가격 변동 54.8% (2022-08-09) — 스플릿/데이터 오류 가능
Warning:  QTTB: 비정상 가격 변동 119.9% (2025-07-10) — 스플릿/데이터 오류 가능
Warning:  QUBT: 비정상 가격 변동 92.8% (2024-11-13) — 스플릿/데이터 오류 가능
Warning:  QUCY: 비정상 가격 변동 3377.4% (2024-12-03) — 스플릿/데이터 오류 가능
Warning:  QURE: 비정상 가격 변동 247.7% (2025-09-24) — 스플릿/데이터 오류 가능
Warning:  QXO: 비정상 가격 변동 240.3% (2023-12-04) — 스플릿/데이터 오류 가능
Warning:  RAYA: 비정상 가격 변동 108.1% (2026-04-10) — 스플릿/데이터 오류 가능
Warning:  RBRK: Close NaN 비율 51.3% (기준: 30%)
Warning:  RCKT: 비정상 가격 변동 62.8% (2025-05-27) — 스플릿/데이터 오류 가능
Warning:  RCON: 비정상 가격 변동 85.4% (2026-08-05) — 스플릿/데이터 오류 가능
Warning:  RDW: 비정상 가격 변동 51.4% (2025-01-21) — 스플릿/데이터 오류 가능
Warning:  RENT: 비정상 가격 변동 161.9% (2024-04-11) — 스플릿/데이터 오류 가능
Warning:  RENX: Close NaN 비율 39.2% (기준: 30%)
Warning:  RENX: 비정상 가격 변동 531.3% (2023-11-16) — 스플릿/데이터 오류 가능
Warning:  RFL: 비정상 가격 변동 73.2% (2021-10-28) — 스플릿/데이터 오류 가능
Warning:  RGC: 비정상 가격 변동 343.9% (2024-07-23) — 스플릿/데이터 오류 가능
Warning:  RGTI: 비정상 가격 변동 58.0% (2024-11-25) — 스플릿/데이터 오류 가능
Warning:  RILY: 비정상 가격 변동 53.8% (2025-12-16) — 스플릿/데이터 오류 가능
Warning:  RLMD: 비정상 가격 변동 82.5% (2025-04-23) — 스플릿/데이터 오류 가능
Warning:  RNA: Close NaN 비율 88.0% (기준: 30%)
Warning:  RR: Close NaN 비율 42.7% (기준: 30%)
Warning:  RR: 비정상 가격 변동 73.9% (2024-08-06) — 스플릿/데이터 오류 가능
Warning:  RTB: 비정상 가격 변동 136.8% (2025-06-05) — 스플릿/데이터 오류 가능
Warning:  RUBI: Close NaN 비율 76.6% (기준: 30%)
Warning:  RUBI: 비정상 가격 변동 54.2% (2025-11-25) — 스플릿/데이터 오류 가능
Warning:  RVI: Close NaN 비율 88.4% (기준: 30%)
Warning:  RZLT: 비정상 가격 변동 87.2% (2025-12-11) — 스플릿/데이터 오류 가능
Warning:  RZLV: 비정상 가격 변동 54.5% (2024-12-17) — 스플릿/데이터 오류 가능
Warning:  SANA: 비정상 가격 변동 160.6% (2025-01-08) — 스플릿/데이터 오류 가능
Warning:  SBET: 비정상 가격 변동 433.2% (2025-05-27) — 스플릿/데이터 오류 가능
Warning:  SCNI: 비정상 가격 변동 97.3% (2021-12-22) — 스플릿/데이터 오류 가능
Warning:  SDEV: 비정상 가격 변동 108.3% (2026-09-29) — 스플릿/데이터 오류 가능
Warning:  SDOT: 비정상 가격 변동 247.1% (2026-06-26) — 스플릿/데이터 오류 가능
Warning:  SER: 비정상 가격 변동 93.8% (2026-03-19) — 스플릿/데이터 오류 가능
Warning:  SERV: Close NaN 비율 48.6% (기준: 30%)
Warning:  SERV: 비정상 가격 변동 187.1% (2024-07-19) — 스플릿/데이터 오류 가능
Warning:  SEV: Close NaN 비율 80.8% (기준: 30%)
Warning:  SEV: 비정상 가격 변동 57.8% (2025-10-23) — 스플릿/데이터 오류 가능
Warning:  SGRX: 비정상 가격 변동 121.4% (2025-03-07) — 스플릿/데이터 오류 가능
Warning:  SHFS: 비정상 가격 변동 123.0% (2025-09-24) — 스플릿/데이터 오류 가능
Warning:  SHIM: Close NaN 비율 42.4% (기준: 30%)
Warning:  SHIM: 비정상 가격 변동 52.2% (2024-07-17) — 스플릿/데이터 오류 가능
Warning:  SHMD: Close NaN 비율 51.6% (기준: 30%)
Warning:  SIDU: 비정상 가격 변동 225.0% (2022-06-15) — 스플릿/데이터 오류 가능
Warning:  SION: Close NaN 비율 67.0% (기준: 30%)
Warning:  SION: 비정상 가격 변동 91.2% (2026-08-10) — 스플릿/데이터 오류 가능
Warning:  SKYA: 비정상 가격 변동 141.6% (2024-05-28) — 스플릿/데이터 오류 가능
Warning:  SKYQ: Close NaN 비율 60.5% (기준: 30%)
Warning:  SKYQ: 비정상 가격 변동 101.6% (2026-04-02) — 스플릿/데이터 오류 가능
Warning:  SKYX: 비정상 가격 변동 68.6% (2022-07-28) — 스플릿/데이터 오류 가능
Warning:  SLBT: Close NaN 비율 66.8% (기준: 30%)
Warning:  SLBT: 비정상 가격 변동 167.0% (2026-06-16) — 스플릿/데이터 오류 가능
Warning:  SLBT: 거래량 0 연속 7일 (기준: 5일) — 상장폐지/거래정지 가능
Warning:  SLDP: 비정상 가격 변동 51.6% (2025-11-05) — 스플릿/데이터 오류 가능
Warning:  SLE: 비정상 가격 변동 159.5% (2025-09-23) — 스플릿/데이터 오류 가능
Warning:  SLMT: 비정상 가격 변동 225.5% (2025-09-18) — 스플릿/데이터 오류 가능
Warning:  SLNH: 비정상 가격 변동 94.4% (2025-09-22) — 스플릿/데이터 오류 가능
Warning:  SMJF: Close NaN 비율 83.5% (기준: 30%)
Warning:  SMJF: 비정상 가격 변동 87.0% (2026-08-27) — 스플릿/데이터 오류 가능
Warning:  SMTK: Close NaN 비율 53.3% (기준: 30%)
Warning:  SMTK: 비정상 가격 변동 105.4% (2026-06-08) — 스플릿/데이터 오류 가능
Warning:  SOC: 비정상 가격 변동 56.2% (2025-12-18) — 스플릿/데이터 오류 가능
Warning:  SORA: Close NaN 비율 69.9% (기준: 30%)
Warning:  SORA: 비정상 가격 변동 58.2% (2026-02-02) — 스플릿/데이터 오류 가능
Warning:  SOUN: 비정상 가격 변동 71.8% (2022-12-30) — 스플릿/데이터 오류 가능
Warning:  SPHL: Close NaN 비율 61.0% (기준: 30%)
Warning:  SPHL: 비정상 가격 변동 673.8% (2026-01-15) — 스플릿/데이터 오류 가능
Warning:  SPRB: 비정상 가격 변동 1378.5% (2025-10-06) — 스플릿/데이터 오류 가능
Warning:  SPRO: 비정상 가격 변동 244.6% (2025-05-28) — 스플릿/데이터 오류 가능
Warning:  SPRU: 비정상 가격 변동 54.8% (2025-11-12) — 스플릿/데이터 오류 가능
Warning:  SPRY: 비정상 가격 변동 77.9% (2023-05-12) — 스플릿/데이터 오류 가능
Warning:  SPWH: 비정상 가격 변동 97.9% (2025-04-02) — 스플릿/데이터 오류 가능
Warning:  SQFT: 비정상 가격 변동 166.1% (2025-07-14) — 스플릿/데이터 오류 가능
Warning:  SRFM: Close NaN 비율 36.3% (기준: 30%)
Warning:  SRFM: 비정상 가격 변동 88.5% (2025-06-24) — 스플릿/데이터 오류 가능
Warning:  SRG: 비정상 가격 변동 80.3% (2022-07-08) — 스플릿/데이터 오류 가능
Warning:  SRXH: 비정상 가격 변동 84.5% (2025-08-15) — 스플릿/데이터 오류 가능
Warning:  SRXH: 거래량 0 연속 7일 (기준: 5일) — 상장폐지/거래정지 가능
Warning:  SSM: 비정상 가격 변동 2900.0% (2024-05-29) — 스플릿/데이터 오류 가능
Warning:  SST: 비정상 가격 변동 142.3% (2026-03-27) — 스플릿/데이터 오류 가능
Warning:  STAK: Close NaN 비율 67.9% (기준: 30%)
Warning:  STAK: 비정상 가격 변동 602.3% (2026-07-24) — 스플릿/데이터 오류 가능
Warning:  STEM: 비정상 가격 변동 57.2% (2025-01-03) — 스플릿/데이터 오류 가능
Warning:  STFS: Close NaN 비율 60.6% (기준: 30%)
Warning:  STFS: 비정상 가격 변동 96.5% (2026-05-06) — 스플릿/데이터 오류 가능
Warning:  STI: 비정상 가격 변동 350.6% (2026-06-04) — 스플릿/데이터 오류 가능
Warning:  STKE: 비정상 가격 변동 131.4% (2024-10-14) — 스플릿/데이터 오류 가능
Warning:  STUB: Close NaN 비율 79.1% (기준: 30%)
Warning:  SUIG: 비정상 가격 변동 218.9% (2025-07-25) — 스플릿/데이터 오류 가능
Warning:  SUNE: 비정상 가격 변동 420.4% (2026-06-08) — 스플릿/데이터 오류 가능
Warning:  SUPX: Close NaN 비율 50.8% (기준: 30%)
Warning:  SVIA: Close NaN 비율 73.6% (기준: 30%)
Warning:  SWMR: Close NaN 비율 89.0% (기준: 30%)
Warning:  SWMR: 비정상 가격 변동 77.4% (2026-03-18) — 스플릿/데이터 오류 가능
Warning:  SWVL: 비정상 가격 변동 115.8% (2023-01-06) — 스플릿/데이터 오류 가능
Warning:  SXTC: 비정상 가격 변동 1581.4% (2022-05-19) — 스플릿/데이터 오류 가능
Warning:  SYM: 비정상 가격 변동 120.5% (2022-06-08) — 스플릿/데이터 오류 가능
Warning:  TANH: 비정상 가격 변동 117.7% (2023-05-01) — 스플릿/데이터 오류 가능
Warning:  TAOX: 비정상 가격 변동 74.6% (2022-12-16) — 스플릿/데이터 오류 가능
Warning:  TARA: 비정상 가격 변동 70.1% (2024-12-05) — 스플릿/데이터 오류 가능
Warning:  TDIC: Close NaN 비율 76.0% (기준: 30%)
Warning:  TDIC: 비정상 가격 변동 876.7% (2026-05-13) — 스플릿/데이터 오류 가능
Warning:  TDTH: Close NaN 비율 58.8% (기준: 30%)
Warning:  TDTH: 비정상 가격 변동 61.5% (2025-01-30) — 스플릿/데이터 오류 가능
Warning:  TDUP: 비정상 가격 변동 62.7% (2024-08-06) — 스플릿/데이터 오류 가능
Warning:  TE: 비정상 가격 변동 66.7% (2024-11-06) — 스플릿/데이터 오류 가능
Warning:  TENX: 비정상 가격 변동 297.4% (2023-11-13) — 스플릿/데이터 오류 가능
Warning:  TGL: 비정상 가격 변동 276.3% (2025-12-05) — 스플릿/데이터 오류 가능
Warning:  TII: 비정상 가격 변동 409.8% (2022-03-23) — 스플릿/데이터 오류 가능
Warning:  TLRY: 비정상 가격 변동 60.9% (2025-09-29) — 스플릿/데이터 오류 가능
Warning:  TMCR: Close NaN 비율 90.2% (기준: 30%)
Warning:  TMQ: 비정상 가격 변동 211.0% (2025-10-07) — 스플릿/데이터 오류 가능
Warning:  TNMG: 비정상 가격 변동 684.9% (2026-09-09) — 스플릿/데이터 오류 가능
Warning:  TNON: 비정상 가격 변동 283.4% (2025-03-25) — 스플릿/데이터 오류 가능
Warning:  TNXP: 비정상 가격 변동 120.8% (2024-12-16) — 스플릿/데이터 오류 가능
Warning:  TOYO: 비정상 가격 변동 86.6% (2024-11-26) — 스플릿/데이터 오류 가능
Warning:  TPET: Close NaN 비율 30.8% (기준: 30%)
Warning:  TPET: 비정상 가격 변동 166.7% (2026-03-02) — 스플릿/데이터 오류 가능
Warning:  TRDA: 비정상 가격 변동 57.3% (2026-05-07) — 스플릿/데이터 오류 가능
Warning:  TRON: Close NaN 비율 37.3% (기준: 30%)
Warning:  TRON: 비정상 가격 변동 533.8% (2025-06-16) — 스플릿/데이터 오류 가능
Warning:  TROO: 비정상 가격 변동 106.2% (2025-07-14) — 스플릿/데이터 오류 가능
Warning:  TRT: 비정상 가격 변동 66.8% (2026-04-23) — 스플릿/데이터 오류 가능
Warning:  TRUG: 비정상 가격 변동 76.0% (2026-09-11) — 스플릿/데이터 오류 가능
Warning:  TSSI: 비정상 가격 변동 74.1% (2025-05-16) — 스플릿/데이터 오류 가능
Warning:  TTEC: 비정상 가격 변동 52.6% (2025-04-02) — 스플릿/데이터 오류 가능
Warning:  TURB: Close NaN 비율 39.5% (기준: 30%)
Warning:  TURB: 비정상 가격 변동 359.3% (2025-09-16) — 스플릿/데이터 오류 가능
Warning:  TVRD: 비정상 가격 변동 83.9% (2025-10-13) — 스플릿/데이터 오류 가능
Warning:  UP: 비정상 가격 변동 60.4% (2023-06-22) — 스플릿/데이터 오류 가능
Warning:  UPB: Close NaN 비율 60.6% (기준: 30%)
Warning:  UPC: 비정상 가격 변동 311.5% (2026-06-29) — 스플릿/데이터 오류 가능
Warning:  UPST: 비정상 가격 변동 56.4% (2022-05-10) — 스플릿/데이터 오류 가능
Warning:  UPXI: 비정상 가격 변동 330.9% (2025-04-21) — 스플릿/데이터 오류 가능
Warning:  USAR: Close NaN 비율 35.6% (기준: 30%)
Warning:  USAR: 비정상 가격 변동 72.0% (2025-03-14) — 스플릿/데이터 오류 가능
Warning:  UXIN: 비정상 가격 변동 83.7% (2024-09-27) — 스플릿/데이터 오류 가능
Warning:  UZX: Close NaN 비율 44.3% (기준: 30%)
Warning:  UZX: 비정상 가격 변동 72.6% (2026-05-26) — 스플릿/데이터 오류 가능
Warning:  VBIO: 비정상 가격 변동 197.9% (2025-02-12) — 스플릿/데이터 오류 가능
Warning:  VCX: Close NaN 비율 89.2% (기준: 30%)
Warning:  VCX: 비정상 가격 변동 64.2% (2026-03-24) — 스플릿/데이터 오류 가능
Warning:  VEEA: 비정상 가격 변동 149.3% (2026-09-15) — 스플릿/데이터 오류 가능
Warning:  VEEE: 비정상 가격 변동 415.8% (2026-07-13) — 스플릿/데이터 오류 가능
Warning:  VELO: 비정상 가격 변동 80.7% (2025-04-01) — 스플릿/데이터 오류 가능
Warning:  VENU: Close NaN 비율 63.2% (기준: 30%)
Warning:  VHC: 비정상 가격 변동 67.2% (2024-12-30) — 스플릿/데이터 오류 가능
Warning:  VIVO: 비정상 가격 변동 306.9% (2024-04-02) — 스플릿/데이터 오류 가능
Warning:  VNET: 비정상 가격 변동 83.2% (2022-03-16) — 스플릿/데이터 오류 가능
Warning:  VOR: 비정상 가격 변동 74.2% (2025-06-25) — 스플릿/데이터 오류 가능
Warning:  VRRM: 비정상 가격 변동 70.6% (2026-05-27) — 스플릿/데이터 오류 가능
Warning:  VRXA: Close NaN 비율 59.9% (기준: 30%)
Warning:  VRXA: 비정상 가격 변동 55.5% (2026-06-16) — 스플릿/데이터 오류 가능
Warning:  VSA: 비정상 가격 변동 329.8% (2025-01-31) — 스플릿/데이터 오류 가능
Warning:  VTIX: Close NaN 비율 86.3% (기준: 30%)
Warning:  VTIX: 비정상 가격 변동 56.3% (2026-01-28) — 스플릿/데이터 오류 가능
Warning:  VWAV: Close NaN 비율 75.5% (기준: 30%)
Warning:  VWAV: 비정상 가격 변동 1841.6% (2026-09-17) — 스플릿/데이터 오류 가능
Warning:  WATT: 비정상 가격 변동 554.3% (2024-12-30) — 스플릿/데이터 오류 가능
Warning:  WCT: Close NaN 비율 60.1% (기준: 30%)
Warning:  WCT: 비정상 가격 변동 381.9% (2026-09-09) — 스플릿/데이터 오류 가능
Warning:  WETO: Close NaN 비율 68.0% (기준: 30%)
Warning:  WETO: 비정상 가격 변동 200.0% (2026-07-31) — 스플릿/데이터 오류 가능
Warning:  WFF: Close NaN 비율 69.6% (기준: 30%)
Warning:  WGS: 비정상 가격 변동 55.2% (2024-04-30) — 스플릿/데이터 오류 가능
Warning:  WHLR: 비정상 가격 변동 785.9% (2026-09-17) — 스플릿/데이터 오류 가능
Warning:  WLDS: 비정상 가격 변동 407.8% (2025-09-10) — 스플릿/데이터 오류 가능
Warning:  WNW: 비정상 가격 변동 97.6% (2025-04-22) — 스플릿/데이터 오류 가능
Warning:  WOLF: Close NaN 비율 79.7% (기준: 30%)
Warning:  WRD: Close NaN 비율 61.4% (기준: 30%)
Warning:  WRD: 비정상 가격 변동 83.5% (2025-02-14) — 스플릿/데이터 오류 가능
Warning:  WSHP: Close NaN 비율 82.5% (기준: 30%)
Warning:  WSHP: 비정상 가격 변동 506.1% (2025-11-19) — 스플릿/데이터 오류 가능
Warning:  WVE: 비정상 가격 변동 147.3% (2025-12-08) — 스플릿/데이터 오류 가능
Warning:  WW: Close NaN 비율 74.6% (기준: 30%)
Warning:  WYFI: Close NaN 비율 76.9% (기준: 30%)
Warning:  WYHG: Close NaN 비율 63.2% (기준: 30%)
Warning:  WYHG: 비정상 가격 변동 194.2% (2026-08-06) — 스플릿/데이터 오류 가능
Warning:  WYY: 비정상 가격 변동 50.6% (2026-09-25) — 스플릿/데이터 오류 가능
Warning:  XBIO: 비정상 가격 변동 141.5% (2025-10-08) — 스플릿/데이터 오류 가능
Warning:  XNDU: Close NaN 비율 89.3% (기준: 30%)
Warning:  XNDU: 비정상 가격 변동 69.8% (2026-04-15) — 스플릿/데이터 오류 가능
Warning:  XOS: 비정상 가격 변동 234.5% (2026-06-03) — 스플릿/데이터 오류 가능
Warning:  XPON: 비정상 가격 변동 139.1% (2022-12-23) — 스플릿/데이터 오류 가능
Warning:  XRPN: Close NaN 비율 74.4% (기준: 30%)
Warning:  XRTX: 비정상 가격 변동 134.8% (2024-08-29) — 스플릿/데이터 오류 가능
Warning:  XXI: Close NaN 비율 57.3% (기준: 30%)
Warning:  XXI: 비정상 가격 변동 55.4% (2025-04-23) — 스플릿/데이터 오류 가능
Warning:  YDES: Close NaN 비율 77.9% (기준: 30%)
Warning:  YDES: 비정상 가격 변동 135.8% (2025-08-29) — 스플릿/데이터 오류 가능
Warning:  YFOR: Close NaN 비율 51.0% (기준: 30%)
Warning:  YFOR: 비정상 가격 변동 84.3% (2026-08-26) — 스플릿/데이터 오류 가능
Warning:  YMAT: Close NaN 비율 76.4% (기준: 30%)
Warning:  YMAT: 비정상 가격 변동 203.3% (2026-05-26) — 스플릿/데이터 오류 가능
Warning:  YMT: Close NaN 비율 77.5% (기준: 30%)
Warning:  YSS: Close NaN 비율 86.4% (기준: 30%)
Warning:  ZENA: Close NaN 비율 60.0% (기준: 30%)
Warning:  ZENA: 비정상 가격 변동 258.7% (2024-11-25) — 스플릿/데이터 오류 가능
Warning:  ZJYL: 비정상 가격 변동 263.7% (2023-12-18) — 스플릿/데이터 오류 가능
Warning:  ZNTL: 비정상 가격 변동 60.1% (2026-04-09) — 스플릿/데이터 오류 가능
Warning:  ZSQR: 비정상 가격 변동 77.4% (2024-12-31) — 스플릿/데이터 오류 가능
Warning:  ZSTK: 비정상 가격 변동 169.6% (2026-08-19) — 스플릿/데이터 오류 가능
Warning:  ZVIA: 비정상 가격 변동 51.7% (2025-05-08) — 스플릿/데이터 오류 가능
[[NASDAQ/NYSE 분석]] 강한 섹터: {'Information Technology'}
[OHLCV] 배치 다운로드 1/5 (50개 종목, period=2y)...
[OHLCV] 배치 다운로드 2/5 (50개 종목, period=2y)...
[OHLCV] 배치 다운로드 3/5 (50개 종목, period=2y)...
[OHLCV] 배치 다운로드 4/5 (50개 종목, period=2y)...
[OHLCV] 배치 다운로드 5/5 (27개 종목, period=2y)...
[DataValidator] 68건의 데이터 품질 경고 발생
Warning:  AAOI: 비정상 가격 변동 56.9% (2026-02-27) — 스플릿/데이터 오류 가능
Warning:  AEMD: 비정상 가격 변동 374.1% (2026-09-17) — 스플릿/데이터 오류 가능
Warning:  ALMS: 비정상 가격 변동 95.3% (2026-01-06) — 스플릿/데이터 오류 가능
Warning:  APUS: 비정상 가격 변동 114.8% (2026-09-24) — 스플릿/데이터 오류 가능
Warning:  APUS: 거래량 0 연속 21일 (기준: 5일) — 상장폐지/거래정지 가능
Warning:  BENF: 비정상 가격 변동 439.0% (2026-09-23) — 스플릿/데이터 오류 가능
Warning:  BIAF: 비정상 가격 변동 319.2% (2025-04-01) — 스플릿/데이터 오류 가능
Warning:  BKYI: 비정상 가격 변동 85.7% (2026-09-29) — 스플릿/데이터 오류 가능
Warning:  BMNR: Close NaN 비율 33.5% (기준: 30%)
Warning:  BMNR: 비정상 가격 변동 694.8% (2025-06-30) — 스플릿/데이터 오류 가능
Warning:  BULL: 비정상 가격 변동 374.7% (2025-04-14) — 스플릿/데이터 오류 가능
Warning:  BW: 비정상 가격 변동 66.9% (2025-06-05) — 스플릿/데이터 오류 가능
Warning:  CAPR: 비정상 가격 변동 371.1% (2025-12-03) — 스플릿/데이터 오류 가능
Warning:  CRML: 비정상 가격 변동 55.4% (2025-10-13) — 스플릿/데이터 오류 가능
Warning:  CTVA: 비정상 가격 변동 83.8% (2026-10-01) — 스플릿/데이터 오류 가능
Warning:  DAIC: Close NaN 비율 35.7% (기준: 30%)
Warning:  DAIC: 비정상 가격 변동 306.1% (2026-08-24) — 스플릿/데이터 오류 가능
Warning:  FIG: Close NaN 비율 41.1% (기준: 30%)
Warning:  FIGR: Close NaN 비율 46.9% (기준: 30%)
Warning:  FLY: Close NaN 비율 42.1% (기준: 30%)
Warning:  FRMI: Close NaN 비율 49.7% (기준: 30%)
Warning:  FTFT: 비정상 가격 변동 179.2% (2026-09-14) — 스플릿/데이터 오류 가능
Warning:  GLND: Close NaN 비율 73.3% (기준: 30%)
Warning:  GLND: 비정상 가격 변동 140.0% (2026-09-21) — 스플릿/데이터 오류 가능
Warning:  GPCR: 비정상 가격 변동 102.5% (2025-12-08) — 스플릿/데이터 오류 가능
Warning:  GRML: 비정상 가격 변동 787.8% (2025-06-09) — 스플릿/데이터 오류 가능
Warning:  IMCC: 비정상 가격 변동 143.1% (2026-09-18) — 스플릿/데이터 오류 가능
Warning:  JAGX: 비정상 가격 변동 1190.6% (2026-09-22) — 스플릿/데이터 오류 가능
Warning:  KD: 비정상 가격 변동 54.9% (2026-02-09) — 스플릿/데이터 오류 가능
Warning:  KLAR: Close NaN 비율 46.9% (기준: 30%)
Warning:  KOD: 비정상 가격 변동 178.0% (2026-09-28) — 스플릿/데이터 오류 가능
Warning:  LAC: 비정상 가격 변동 95.8% (2025-09-24) — 스플릿/데이터 오류 가능
Warning:  LQDA: 비정상 가격 변동 57.2% (2026-09-30) — 스플릿/데이터 오류 가능
Warning:  MEDS: 비정상 가격 변동 274.7% (2026-09-16) — 스플릿/데이터 오류 가능
Warning:  MP: 비정상 가격 변동 50.6% (2025-07-10) — 스플릿/데이터 오류 가능
Warning:  MSGY: Close NaN 비율 37.7% (기준: 30%)
Warning:  MSGY: 비정상 가격 변동 309.6% (2026-09-25) — 스플릿/데이터 오류 가능
Warning:  NKTR: 비정상 가격 변동 156.3% (2025-06-24) — 스플릿/데이터 오류 가능
Warning:  NVTS: 비정상 가격 변동 164.4% (2025-05-22) — 스플릿/데이터 오류 가능
Warning:  OPEN: 비정상 가격 변동 79.5% (2025-09-11) — 스플릿/데이터 오류 가능
Warning:  PRIM: 비정상 가격 변동 50.1% (2026-05-06) — 스플릿/데이터 오류 가능
Warning:  PUMP: 비정상 가격 변동 52.1% (2025-10-29) — 스플릿/데이터 오류 가능
Warning:  QBTS: 비정상 가격 변동 51.2% (2025-05-08) — 스플릿/데이터 오류 가능
Warning:  QMCO: 비정상 가격 변동 153.0% (2024-12-18) — 스플릿/데이터 오류 가능
Warning:  QUBT: 비정상 가격 변동 92.8% (2024-11-13) — 스플릿/데이터 오류 가능
Warning:  QURE: 비정상 가격 변동 247.7% (2025-09-24) — 스플릿/데이터 오류 가능
Warning:  RDW: 비정상 가격 변동 51.4% (2025-01-21) — 스플릿/데이터 오류 가능
Warning:  RGTI: 비정상 가격 변동 58.0% (2024-11-25) — 스플릿/데이터 오류 가능
Warning:  SBET: 비정상 가격 변동 433.2% (2025-05-27) — 스플릿/데이터 오류 가능
Warning:  SDEV: 비정상 가격 변동 108.3% (2026-09-29) — 스플릿/데이터 오류 가능
Warning:  SOC: 비정상 가격 변동 56.2% (2025-12-18) — 스플릿/데이터 오류 가능
Warning:  STUB: Close NaN 비율 47.7% (기준: 30%)
Warning:  SUNE: 비정상 가격 변동 420.4% (2026-06-08) — 스플릿/데이터 오류 가능
Warning:  SWMR: Close NaN 비율 72.5% (기준: 30%)
Warning:  SWMR: 비정상 가격 변동 77.4% (2026-03-18) — 스플릿/데이터 오류 가능
Warning:  TE: 비정상 가격 변동 66.7% (2024-11-06) — 스플릿/데이터 오류 가능
Warning:  TNON: 비정상 가격 변동 283.4% (2025-03-25) — 스플릿/데이터 오류 가능
Warning:  TRUG: 비정상 가격 변동 76.0% (2026-09-11) — 스플릿/데이터 오류 가능
Warning:  USAR: 비정상 가격 변동 72.0% (2025-03-14) — 스플릿/데이터 오류 가능
Warning:  VEEA: 비정상 가격 변동 149.3% (2026-09-15) — 스플릿/데이터 오류 가능
Warning:  VEEE: 비정상 가격 변동 415.8% (2026-07-13) — 스플릿/데이터 오류 가능
Warning:  VOR: 비정상 가격 변동 74.2% (2025-06-25) — 스플릿/데이터 오류 가능
Warning:  VRRM: 비정상 가격 변동 70.6% (2026-05-27) — 스플릿/데이터 오류 가능
Warning:  WHLR: 비정상 가격 변동 785.9% (2026-09-17) — 스플릿/데이터 오류 가능
Warning:  WOLF: Close NaN 비율 49.3% (기준: 30%)
Warning:  XNDU: Close NaN 비율 73.3% (기준: 30%)
Warning:  XNDU: 비정상 가격 변동 69.8% (2026-04-15) — 스플릿/데이터 오류 가능
Warning:  YSS: Close NaN 비율 66.1% (기준: 30%)
[[NASDAQ/NYSE 분석]] Extreme model 'label_low' ROC 0.55, AP 0.46
[[NASDAQ/NYSE 분석]] Extreme model 'label_high' ROC 0.58, AP 0.58
[[NASDAQ/NYSE 분석]] Google Sheets 업데이트 완료 (227개 종목)
[Email] 바닥반등 81개 + 모멘텀 52개 = 총 133개 종목 리스트를 chunghwan14@gmail.com로 발송 완료

============================================================
[[NASDAQ/NYSE 차트분석]] 이메일 대상 종목 차트 분석 시작
============================================================
[[NASDAQ/NYSE 차트분석]] 차트분석 대상 133개 종목: ['TWST', 'YSS', 'ACVA', 'ASX', 'UTI', 'PLNT', 'MSTR', 'ZG', 'RUN', 'SDGR', 'PANW', 'PZZA', 'DOCS', 'P', 'PONY', 'HYMC', 'OKLO', 'WHLR', 'FICO', 'CVI', 'VOR', 'NKE', 'SIG', 'GLND', 'LEU', 'BULL', 'MP', 'FRO', 'FLO', 'SWMR', 'ACHR', 'LITE', 'FMC', 'FLUT', 'NIO', 'CRWD', 'ARRY', 'QMCO', 'ENPH', 'KEYS', 'FOUR', 'AEMD', 'LUNR', 'TRMD', 'APTV', 'GPK', 'NTRA', 'INTU', 'SDEV', 'SMTC', 'NG', 'TPB', 'MTZ', 'CPNG', 'INSP', 'SE', 'BTBT', 'IOVA', 'DJT', 'RCAT', 'ACM', 'HAFN', 'HIVE', 'BMNR', 'VEEE', 'FISV', 'VRRM', 'RBRK', 'MBLY', 'GENI', 'NNE', 'CRK', 'DHT', 'NET', 'OKTA', 'USAR', 'PFSI', 'TRUG', 'LCID', 'CHTR', 'SBET', 'KOD', 'ADMA', 'HPE', 'TXG', 'TE', 'DUOL', 'MNDY', 'LMND', 'MEDS', 'S', 'NTAP', 'BBAI', 'FIG', 'AMTM', 'CDNA', 'GPCR', 'TWLO', 'ODD', 'QXO', 'AMD', 'FEIM', 'ALHC', 'AGX', 'UEC', 'SOFI', 'PUMP', 'INSW', 'Z', 'COIN', 'BLDR', 'SEDG', 'ILMN', 'SOUN', 'MSGY', 'PNR', 'ROL', 'FLNC', 'CSGP', 'STUB', 'BTDR', 'FUN', 'UPST', 'WGS', 'ZTS', 'PL', 'CELH', 'LUMN', 'WIX', 'SRAD', 'ECO', 'PSKY', 'NAT']
[[NASDAQ/NYSE 차트분석]] Google Sheets 업데이트 완료 (133개 종목)
[Paper Trading] NASDAQ ranked_df 스냅샷 저장 완료 (227개 종목)

[요약] 전 종목 스캔 완료 – 총 3218.3초 (53.64분) 소요
