============================================================
[Unified Paper Trading] SP500 + NASDAQ/NYSE 통합 실행 시작
============================================================
2026-09-19 07:59:31,520 [INFO] paper_trading.runner — [Runner] SP500 snapshot 로드: 128개 종목
[Unified PT] SP500 snapshot 로드: 128개 종목
2026-09-19 07:59:31,527 [INFO] paper_trading.runner — [Runner] NASDAQ snapshot 로드: 215개 종목
[Unified PT] NASDAQ snapshot 로드: 215개 종목
[Unified PT] 합산 완료: 333개 종목 (SP500 128 + NASDAQ 215개, 중복 제거 후)
[Unified PT] 골든크로스임박 종목: 38개
2026-09-19 07:59:32,087 [INFO] paper_trading.engine — [PaperTrading] SELL DIS @ 102.67 (트레일링(-5.5%))
2026-09-19 07:59:32,087 [INFO] paper_trading.engine — [PaperTrading] SELL ADBE @ 248.92 (트레일링(-6.3%))
2026-09-19 07:59:32,090 [INFO] paper_trading.candidate_selector — [전략점수 분포] ~4.0: 94 | 4.0~5.0: 32 | 5.0~5.5: 49 | 5.5~6.0: 38 | 6.0+: 120
2026-09-19 07:59:32,100 [INFO] paper_trading.candidate_selector — [CandidateSelector] Regime=bull | Filtered=7/333 | Selected: T (CCS=0.6902)
2026-09-19 07:59:32,105 [INFO] paper_trading.engine — [PaperTrading] BUY T @ 25.40 (CCS=0.6902, RSI=50, upside P50=+4% P75=+8%)
[Unified PT] 매도=2 매수=1 보유=2종목
[Unified PT] 레짐=bull | 필터={'전략점수<6.0': 213, '바닥반등_52주과열': 2, '판단등급_미달': 101, '과열_차단': 7, '유동성_부족': 0, '어닝_임박': 0, '보유_중복': 0, '모멘텀_ADX부족': 2, '바닥_RSI데드존': 1, '섹터_집중': 0, '_통과': 7, '_전체': 333}
[Unified PT] Top5 후보:
  T      CCS=0.6902 전략=📈 모멘텀 섹터=Communication Services
  MMYT   CCS=0.6248 전략=📉 바닥반등 섹터=Consumer Cyclical
  DASH   CCS=0.5725 전략=📈 모멘텀 섹터=Consumer Cyclical
  BKNG   CCS=0.5725 전략=📉 바닥반등 섹터=Consumer Cyclical
  TTAN   CCS=0.5412 전략=📉 바닥반등 섹터=Technology
2026-09-19 07:59:33,357 [INFO] paper_trading.sheet_sync — [SheetSync] 거래로그 append: SELL DIS
2026-09-19 07:59:34,594 [INFO] paper_trading.sheet_sync — [SheetSync] 거래로그 append: SELL ADBE
2026-09-19 07:59:36,006 [INFO] paper_trading.sheet_sync — [SheetSync] 거래로그 append: BUY T
2026-09-19 07:59:37,764 [INFO] paper_trading.sheet_sync — [SheetSync] 포지션현황 업데이트: 2개 종목
2026-09-19 07:59:39,008 [INFO] paper_trading.sheet_sync — [SheetSync] 성과요약 업데이트: 48건 거래
[Unified PT] 구글 시트 동기화 완료
2026-09-19 07:59:39,276 [INFO] matplotlib.font_manager — Failed to extract font properties from /usr/share/fonts/truetype/noto/NotoColorEmoji.ttf: Non-scalable fonts are not supported
2026-09-19 07:59:39,283 [INFO] matplotlib.font_manager — generated new fontManager
2026-09-19 07:59:40,126 [WARNING] fpdf.output — Font MPDFAA+NanumGothic is missing the following glyphs: '📈' (\U0001f4c8), '📉' (\U0001f4c9)
2026-09-19 07:59:40,138 [INFO] fontTools.subset — maxp pruned
2026-09-19 07:59:40,138 [INFO] fontTools.subset — cmap pruned
2026-09-19 07:59:40,138 [INFO] fontTools.subset — post pruned
2026-09-19 07:59:40,139 [INFO] fontTools.subset — DSIG dropped
2026-09-19 07:59:40,139 [INFO] fontTools.subset — GPOS dropped
2026-09-19 07:59:40,139 [INFO] fontTools.subset — GSUB dropped
2026-09-19 07:59:40,139 [INFO] fontTools.subset — glyf pruned
2026-09-19 07:59:40,140 [INFO] fontTools.subset — Added gid0 to subset
2026-09-19 07:59:40,140 [INFO] fontTools.subset — Added first four glyphs to subset
2026-09-19 07:59:40,140 [INFO] fontTools.subset — Closing glyph list over 'glyf': 100 glyphs before
2026-09-19 07:59:40,140 [INFO] fontTools.subset — Glyph names: ['.notdef', 'A', 'B', 'C', 'D', 'E', 'F', 'G', 'H', 'I', 'L', 'M', 'N', 'O', 'P', 'Q', 'R', 'S', 'T', 'U', 'V', 'W', 'Y', 'a', 'ampersand', 'arrowright', 'b', 'bar', 'c', 'colon', 'comma', 'copyright', 'd', 'dollar', 'e', 'eight', 'emdash', 'exclam', 'f', 'five', 'four', 'g', 'h', 'hyphen', 'i', 'k', 'l', 'm', 'n', 'nine', 'numbersign', 'o', 'one', 'p', 'parenleft', 'parenright', 'percent', 'period', 'periodcentered', 'plus', 'q', 'quotedbl', 'r', 's', 'seven', 'six', 'slash', 'space', 't', 'three', 'triagup', 'two', 'u', 'uniAC04', 'uniAD50', 'uniAE30', 'uniB2E5', 'uniB4F1', 'uniB808', 'uniB9C1', 'uniBA58', 'uniBAA8', 'uniBC14', 'uniBC18', 'uniBCF4', 'uniC190', 'uniC2DC', 'uniC720', 'uniC775', 'uniC77C', 'uniC7A5', 'uniC808', 'uniCCB4', 'uniD140', 'uniD2B8', 'v', 'w', 'x', 'y', 'zero']
2026-09-19 07:59:40,141 [INFO] fontTools.subset — Glyph IDs:   [0, 1, 2, 3, 4, 5, 6, 8, 9, 11, 12, 13, 14, 15, 16, 17, 18, 19, 20, 21, 22, 23, 24, 25, 26, 33, 34, 35, 36, 37, 38, 39, 40, 41, 44, 45, 46, 47, 48, 49, 50, 51, 52, 53, 54, 55, 57, 64, 65, 66, 67, 68, 69, 70, 71, 72, 74, 75, 76, 77, 78, 79, 80, 81, 82, 83, 84, 85, 86, 87, 88, 91, 96, 99, 104, 159, 162, 497, 607, 654, 928, 1042, 1177, 1267, 1310, 1326, 1397, 1401, 1458, 1675, 1751, 2013, 2043, 2045, 2067, 2091, 2308, 2518, 2576, 13296]
2026-09-19 07:59:40,141 [INFO] fontTools.subset — Closed glyph list over 'glyf': 100 glyphs after
2026-09-19 07:59:40,141 [INFO] fontTools.subset — Glyph names: ['.notdef', 'A', 'B', 'C', 'D', 'E', 'F', 'G', 'H', 'I', 'L', 'M', 'N', 'O', 'P', 'Q', 'R', 'S', 'T', 'U', 'V', 'W', 'Y', 'a', 'ampersand', 'arrowright', 'b', 'bar', 'c', 'colon', 'comma', 'copyright', 'd', 'dollar', 'e', 'eight', 'emdash', 'exclam', 'f', 'five', 'four', 'g', 'h', 'hyphen', 'i', 'k', 'l', 'm', 'n', 'nine', 'numbersign', 'o', 'one', 'p', 'parenleft', 'parenright', 'percent', 'period', 'periodcentered', 'plus', 'q', 'quotedbl', 'r', 's', 'seven', 'six', 'slash', 'space', 't', 'three', 'triagup', 'two', 'u', 'uniAC04', 'uniAD50', 'uniAE30', 'uniB2E5', 'uniB4F1', 'uniB808', 'uniB9C1', 'uniBA58', 'uniBAA8', 'uniBC14', 'uniBC18', 'uniBCF4', 'uniC190', 'uniC2DC', 'uniC720', 'uniC775', 'uniC77C', 'uniC7A5', 'uniC808', 'uniCCB4', 'uniD140', 'uniD2B8', 'v', 'w', 'x', 'y', 'zero']
2026-09-19 07:59:40,141 [INFO] fontTools.subset — Glyph IDs:   [0, 1, 2, 3, 4, 5, 6, 8, 9, 11, 12, 13, 14, 15, 16, 17, 18, 19, 20, 21, 22, 23, 24, 25, 26, 33, 34, 35, 36, 37, 38, 39, 40, 41, 44, 45, 46, 47, 48, 49, 50, 51, 52, 53, 54, 55, 57, 64, 65, 66, 67, 68, 69, 70, 71, 72, 74, 75, 76, 77, 78, 79, 80, 81, 82, 83, 84, 85, 86, 87, 88, 91, 96, 99, 104, 159, 162, 497, 607, 654, 928, 1042, 1177, 1267, 1310, 1326, 1397, 1401, 1458, 1675, 1751, 2013, 2043, 2045, 2067, 2091, 2308, 2518, 2576, 13296]
2026-09-19 07:59:40,141 [INFO] fontTools.subset — Retaining 100 glyphs
2026-09-19 07:59:40,142 [INFO] fontTools.subset — head subsetting not needed
2026-09-19 07:59:40,142 [INFO] fontTools.subset — hhea subsetting not needed
2026-09-19 07:59:40,142 [INFO] fontTools.subset — maxp subsetting not needed
2026-09-19 07:59:40,142 [INFO] fontTools.subset — OS/2 subsetting not needed
2026-09-19 07:59:40,142 [INFO] fontTools.subset — hmtx subsetted
2026-09-19 07:59:40,144 [INFO] fontTools.subset — cmap subsetted
2026-09-19 07:59:40,144 [INFO] fontTools.subset — fpgm subsetting not needed
2026-09-19 07:59:40,144 [INFO] fontTools.subset — prep subsetting not needed
2026-09-19 07:59:40,144 [INFO] fontTools.subset — cvt  subsetting not needed
2026-09-19 07:59:40,144 [INFO] fontTools.subset — loca subsetting not needed
2026-09-19 07:59:40,144 [INFO] fontTools.subset — post subsetted
2026-09-19 07:59:40,144 [INFO] fontTools.subset — gasp subsetting not needed
2026-09-19 07:59:40,144 [INFO] fontTools.subset — name subsetting not needed
2026-09-19 07:59:40,146 [INFO] fontTools.subset — glyf subsetted
2026-09-19 07:59:40,146 [INFO] fontTools.subset — head pruned
2026-09-19 07:59:40,146 [INFO] fontTools.subset — OS/2 Unicode ranges pruned: [0, 1, 31, 37, 45, 56]
2026-09-19 07:59:40,147 [INFO] fontTools.subset — OS/2 CodePage ranges pruned: [0]
2026-09-19 07:59:40,147 [INFO] fontTools.subset — glyf pruned
2026-09-19 07:59:40,148 [INFO] fontTools.subset — name pruned
2026-09-19 07:59:40,162 [WARNING] fpdf.output — Font MPDFAA+NanumGothicBold is missing the following glyphs: '📈' (\U0001f4c8)
2026-09-19 07:59:40,162 [INFO] fontTools.subset — maxp pruned
2026-09-19 07:59:40,162 [INFO] fontTools.subset — cmap pruned
2026-09-19 07:59:40,163 [INFO] fontTools.subset — post pruned
2026-09-19 07:59:40,163 [INFO] fontTools.subset — DSIG dropped
2026-09-19 07:59:40,163 [INFO] fontTools.subset — GPOS dropped
2026-09-19 07:59:40,163 [INFO] fontTools.subset — GSUB dropped
2026-09-19 07:59:40,163 [INFO] fontTools.subset — glyf pruned
2026-09-19 07:59:40,164 [INFO] fontTools.subset — Added gid0 to subset
2026-09-19 07:59:40,164 [INFO] fontTools.subset — Added first four glyphs to subset
2026-09-19 07:59:40,164 [INFO] fontTools.subset — Closing glyph list over 'glyf': 103 glyphs before
2026-09-19 07:59:40,164 [INFO] fontTools.subset — Glyph names: ['.notdef', 'A', 'B', 'C', 'D', 'E', 'F', 'G', 'H', 'I', 'J', 'K', 'L', 'M', 'N', 'O', 'P', 'Q', 'R', 'S', 'T', 'U', 'V', 'W', 'X', 'Y', 'Z', 'a', 'ampersand', 'b', 'c', 'colon', 'd', 'dollar', 'e', 'eight', 'emdash', 'equal', 'exclam', 'f', 'five', 'four', 'g', 'h', 'hyphen', 'i', 'j', 'k', 'l', 'm', 'n', 'nine', 'numbersign', 'o', 'one', 'p', 'parenleft', 'parenright', 'percent', 'period', 'periodcentered', 'plus', 'q', 'quotedbl', 'quotesingle', 'r', 's', 'seven', 'six', 'slash', 'space', 't', 'three', 'two', 'u', 'uni2605', 'uniACE8', 'uniB370', 'uniB4DC', 'uniB4E0', 'uniB4E4', 'uniB85C', 'uniBA58', 'uniBAA8', 'uniBC15', 'uniBC30', 'uniC131', 'uniC2A4', 'uniC564', 'uniC5F4', 'uniC784', 'uniC815', 'uniC911', 'uniCEF5', 'uniD06C', 'uniD140', 'uniD578', 'uniD615', 'v', 'w', 'x', 'y', 'zero']
2026-09-19 07:59:40,164 [INFO] fontTools.subset — Glyph IDs:   [0, 1, 2, 3, 4, 5, 6, 7, 8, 9, 11, 13, 14, 15, 16, 17, 18, 19, 20, 21, 22, 23, 24, 25, 26, 29, 33, 34, 35, 36, 37, 38, 39, 40, 41, 42, 43, 44, 45, 46, 47, 48, 49, 50, 51, 52, 53, 54, 55, 56, 57, 58, 64, 65, 66, 67, 68, 69, 70, 71, 72, 73, 74, 75, 76, 77, 78, 79, 80, 81, 82, 83, 84, 85, 86, 87, 88, 99, 104, 150, 573, 967, 1031, 1033, 1035, 1196, 1308, 1324, 1396, 1410, 1646, 1740, 1864, 1915, 2047, 2094, 2153, 2409, 2475, 2516, 2712, 2746, 13533]
2026-09-19 07:59:40,164 [INFO] fontTools.subset — Closed glyph list over 'glyf': 103 glyphs after
2026-09-19 07:59:40,164 [INFO] fontTools.subset — Glyph names: ['.notdef', 'A', 'B', 'C', 'D', 'E', 'F', 'G', 'H', 'I', 'J', 'K', 'L', 'M', 'N', 'O', 'P', 'Q', 'R', 'S', 'T', 'U', 'V', 'W', 'X', 'Y', 'Z', 'a', 'ampersand', 'b', 'c', 'colon', 'd', 'dollar', 'e', 'eight', 'emdash', 'equal', 'exclam', 'f', 'five', 'four', 'g', 'h', 'hyphen', 'i', 'j', 'k', 'l', 'm', 'n', 'nine', 'numbersign', 'o', 'one', 'p', 'parenleft', 'parenright', 'percent', 'period', 'periodcentered', 'plus', 'q', 'quotedbl', 'quotesingle', 'r', 's', 'seven', 'six', 'slash', 'space', 't', 'three', 'two', 'u', 'uni2605', 'uniACE8', 'uniB370', 'uniB4DC', 'uniB4E0', 'uniB4E4', 'uniB85C', 'uniBA58', 'uniBAA8', 'uniBC15', 'uniBC30', 'uniC131', 'uniC2A4', 'uniC564', 'uniC5F4', 'uniC784', 'uniC815', 'uniC911', 'uniCEF5', 'uniD06C', 'uniD140', 'uniD578', 'uniD615', 'v', 'w', 'x', 'y', 'zero']
2026-09-19 07:59:40,164 [INFO] fontTools.subset — Glyph IDs:   [0, 1, 2, 3, 4, 5, 6, 7, 8, 9, 11, 13, 14, 15, 16, 17, 18, 19, 20, 21, 22, 23, 24, 25, 26, 29, 33, 34, 35, 36, 37, 38, 39, 40, 41, 42, 43, 44, 45, 46, 47, 48, 49, 50, 51, 52, 53, 54, 55, 56, 57, 58, 64, 65, 66, 67, 68, 69, 70, 71, 72, 73, 74, 75, 76, 77, 78, 79, 80, 81, 82, 83, 84, 85, 86, 87, 88, 99, 104, 150, 573, 967, 1031, 1033, 1035, 1196, 1308, 1324, 1396, 1410, 1646, 1740, 1864, 1915, 2047, 2094, 2153, 2409, 2475, 2516, 2712, 2746, 13533]
2026-09-19 07:59:40,165 [INFO] fontTools.subset — Retaining 103 glyphs
2026-09-19 07:59:40,165 [INFO] fontTools.subset — head subsetting not needed
2026-09-19 07:59:40,165 [INFO] fontTools.subset — hhea subsetting not needed
2026-09-19 07:59:40,165 [INFO] fontTools.subset — maxp subsetting not needed
2026-09-19 07:59:40,165 [INFO] fontTools.subset — OS/2 subsetting not needed
2026-09-19 07:59:40,165 [INFO] fontTools.subset — hmtx subsetted
2026-09-19 07:59:40,167 [INFO] fontTools.subset — cmap subsetted
2026-09-19 07:59:40,167 [INFO] fontTools.subset — fpgm subsetting not needed
2026-09-19 07:59:40,167 [INFO] fontTools.subset — prep subsetting not needed
2026-09-19 07:59:40,167 [INFO] fontTools.subset — cvt  subsetting not needed
2026-09-19 07:59:40,167 [INFO] fontTools.subset — loca subsetting not needed
2026-09-19 07:59:40,167 [INFO] fontTools.subset — post subsetted
2026-09-19 07:59:40,167 [INFO] fontTools.subset — gasp subsetting not needed
2026-09-19 07:59:40,167 [INFO] fontTools.subset — name subsetting not needed
2026-09-19 07:59:40,169 [INFO] fontTools.subset — glyf subsetted
2026-09-19 07:59:40,169 [INFO] fontTools.subset — head pruned
2026-09-19 07:59:40,169 [INFO] fontTools.subset — OS/2 Unicode ranges pruned: [0, 1, 31, 46, 56]
2026-09-19 07:59:40,170 [INFO] fontTools.subset — OS/2 CodePage ranges pruned: [0]
2026-09-19 07:59:40,170 [INFO] fontTools.subset — glyf pruned
2026-09-19 07:59:40,171 [INFO] fontTools.subset — name pruned
[Unified PT] PDF 리포트 생성 완료 (182,678 bytes)
[시장분석] 40개 종목 데이터 수집 중...
2026-09-19 07:59:46,433 [WARNING] data.fetch — [fetch_analyst_data] DASH: 'dict' object has no attribute 'empty'
2026-09-19 07:59:46,474 [WARNING] data.fetch — [fetch_analyst_data] BKNG: 'dict' object has no attribute 'empty'
2026-09-19 07:59:46,482 [WARNING] data.fetch — [fetch_analyst_data] TTAN: 'dict' object has no attribute 'empty'
2026-09-19 07:59:46,523 [WARNING] data.fetch — [fetch_analyst_data] MMYT: 'dict' object has no attribute 'empty'
2026-09-19 07:59:46,548 [WARNING] data.fetch — [fetch_analyst_data] T: 'dict' object has no attribute 'empty'
2026-09-19 07:59:52,669 [WARNING] data.fetch — [fetch_analyst_data] DIS: 'dict' object has no attribute 'empty'
2026-09-19 07:59:52,761 [WARNING] data.fetch — [fetch_analyst_data] ADBE: 'dict' object has no attribute 'empty'
2026-09-19 07:59:52,784 [WARNING] data.fetch — [fetch_analyst_data] SPGI: 'dict' object has no attribute 'empty'
2026-09-19 07:59:52,792 [WARNING] data.fetch — [fetch_analyst_data] MNDY: 'dict' object has no attribute 'empty'
2026-09-19 07:59:52,804 [WARNING] data.fetch — [fetch_analyst_data] FIG: 'dict' object has no attribute 'empty'
2026-09-19 07:59:58,865 [WARNING] data.fetch — [fetch_analyst_data] MELI: 'dict' object has no attribute 'empty'
2026-09-19 07:59:58,993 [WARNING] data.fetch — [fetch_analyst_data] WIX: 'dict' object has no attribute 'empty'
2026-09-19 07:59:59,042 [WARNING] data.fetch — [fetch_analyst_data] DHR: 'dict' object has no attribute 'empty'
2026-09-19 07:59:59,106 [WARNING] data.fetch — [fetch_analyst_data] META: 'dict' object has no attribute 'empty'
2026-09-19 07:59:59,108 [WARNING] data.fetch — [fetch_analyst_data] COF: 'dict' object has no attribute 'empty'
2026-09-19 08:00:05,120 [WARNING] data.fetch — [fetch_analyst_data] ABT: 'dict' object has no attribute 'empty'
2026-09-19 08:00:05,291 [WARNING] data.fetch — [fetch_analyst_data] CRE: 'dict' object has no attribute 'empty'
2026-09-19 08:00:05,313 [WARNING] data.fetch — [fetch_analyst_data] RBLX: 'dict' object has no attribute 'empty'
2026-09-19 08:00:05,320 [WARNING] data.fetch — [fetch_analyst_data] INTC: 'dict' object has no attribute 'empty'
2026-09-19 08:00:05,423 [WARNING] data.fetch — [fetch_analyst_data] TSLA: 'dict' object has no attribute 'empty'
2026-09-19 08:00:11,346 [WARNING] data.fetch — [fetch_analyst_data] BTBT: 'dict' object has no attribute 'empty'
2026-09-19 08:00:11,534 [WARNING] data.fetch — [fetch_analyst_data] GOOGL: 'dict' object has no attribute 'empty'
2026-09-19 08:00:11,605 [WARNING] data.fetch — [fetch_analyst_data] QCOM: 'dict' object has no attribute 'empty'
2026-09-19 08:00:11,637 [WARNING] data.fetch — [fetch_analyst_data] HIVE: 'dict' object has no attribute 'empty'
2026-09-19 08:00:11,767 [WARNING] data.fetch — [fetch_analyst_data] GOOG: 'dict' object has no attribute 'empty'
2026-09-19 08:00:17,666 [WARNING] data.fetch — [fetch_analyst_data] ISRG: 'dict' object has no attribute 'empty'
2026-09-19 08:00:17,763 [WARNING] data.fetch — [fetch_analyst_data] ADI: 'dict' object has no attribute 'empty'
2026-09-19 08:00:17,877 [WARNING] data.fetch — [fetch_analyst_data] SATL: 'dict' object has no attribute 'empty'
2026-09-19 08:00:18,012 [WARNING] data.fetch — [fetch_analyst_data] TXN: 'dict' object has no attribute 'empty'
2026-09-19 08:00:18,021 [WARNING] data.fetch — [fetch_analyst_data] QUBT: 'dict' object has no attribute 'empty'
2026-09-19 08:00:23,945 [WARNING] data.fetch — [fetch_analyst_data] CAT: 'dict' object has no attribute 'empty'
2026-09-19 08:00:23,979 [WARNING] data.fetch — [fetch_analyst_data] LI: 'dict' object has no attribute 'empty'
2026-09-19 08:00:24,159 [WARNING] data.fetch — [fetch_analyst_data] NXPI: 'dict' object has no attribute 'empty'
2026-09-19 08:00:24,318 [WARNING] data.fetch — [fetch_analyst_data] PG: 'dict' object has no attribute 'empty'
2026-09-19 08:00:24,386 [WARNING] data.fetch — [fetch_analyst_data] GENI: 'dict' object has no attribute 'empty'
2026-09-19 08:00:30,182 [WARNING] data.fetch — [fetch_analyst_data] BMNR: 'dict' object has no attribute 'empty'
2026-09-19 08:00:30,201 [WARNING] data.fetch — [fetch_analyst_data] SBET: 'dict' object has no attribute 'empty'
2026-09-19 08:00:30,395 [WARNING] data.fetch — [fetch_analyst_data] UBER: 'dict' object has no attribute 'empty'
2026-09-19 08:00:30,536 [WARNING] data.fetch — [fetch_analyst_data] COIN: 'dict' object has no attribute 'empty'
2026-09-19 08:00:30,641 [WARNING] data.fetch — [fetch_analyst_data] VLO: 'dict' object has no attribute 'empty'
[시장분석] enrichment 완료
[Email] 페이퍼 트레이딩 알림 발송 완료 (PDF 첨부) (매도 2건, 매수 1건, 재평가 0건, 재평가실패 0건, 후보 5건) → chunghwan14@gmail.com, roykim0311@gmail.com, ssamjungtan@naver.com
============================================================
[Unified Paper Trading] 완료
============================================================
