[OHLCV] 배치 다운로드 1/4 (150개 종목, period=5y)...
[OHLCV] 배치 다운로드 2/4 (150개 종목, period=5y)...
[OHLCV] 배치 다운로드 3/4 (150개 종목, period=5y)...
[OHLCV] 배치 다운로드 4/4 (68개 종목, period=5y)...
[DataValidator] 9건의 데이터 품질 경고 발생
Warning:  GL: 비정상 가격 변동 53.1% (2024-04-11) — 스플릿/데이터 오류 가능
Warning:  SOLV: Close NaN 비율 58.6% (기준: 30%)
Warning:  VLTO: Close NaN 비율 49.1% (기준: 30%)
Warning:  DAY: Close NaN 비율 100.0% (기준: 30%)
Warning:  GEHC: Close NaN 비율 33.2% (기준: 30%)
Warning:  HOOD: 비정상 가격 변동 50.4% (2021-08-04) — 스플릿/데이터 오류 가능
Warning:  KVUE: Close NaN 비율 40.8% (기준: 30%)
Warning:  PDD: 비정상 가격 변동 56.1% (2022-03-16) — 스플릿/데이터 오류 가능
Warning:  GEV: Close NaN 비율 58.7% (기준: 30%)
[[SP500 분석]] 강한 섹터: {'Information Technology'}
[[SP500 분석]] Extreme model 'label_low' walk-forward ROC 0.64, AP 0.32
[[SP500 분석]] Extreme model 'label_high' walk-forward ROC 0.62, AP 0.24
[[SP500 분석]] Google Sheets 업데이트 완료
[Email] 바닥반등 11개 + 모멘텀 58개 = 총 69개 종목 리스트를 chunghwan14@gmail.com, roykim0311@gmail.com, ssamjungtan@naver.com로 발송 완료
[[SP500 분석]] Signals 결과 기반 차트분석 종목 리스트 생성 중...
[Dynamic Portfolio] 생성된 차트분석 종목 리스트(70개): ['NBM.V', 'C', 'MRVL', 'DAL', 'GE', 'JPM', 'AMAT', 'NVDA', 'MU', 'AMGN', 'MPWR', 'VLO', 'ASML', 'SLB', 'NFLX', 'XOM', 'PDD', 'UNH', 'COP', 'ETN', 'MRK', 'NEE', 'AMD', 'FCX', 'GLW', 'CAT', 'TER', 'OXY', 'APH', 'WMT', 'TJX', 'NEM', 'GOOG', 'DELL', 'AAPL', 'ADI', 'CVX', 'CSCO', 'UAL', 'UNP', 'STX', 'SBUX', 'LRCX', 'DVN', 'KLAC', 'BAC', 'IWM', 'AVGO', 'PFE', 'INTC', 'LIN', 'TMUS', 'AMZN', 'FANG', 'WDC', 'ON', 'DE', 'GEV', 'COST', 'BA', 'GS', 'QQQ', 'ANET', 'T', 'MS', 'PEP', 'TXN', 'VZ', 'GOOGL', 'SPY']
[[SP500 차트분석]] [SP500 분석] 결과 기반 [SP500 차트분석] 시트 생성 중 (70개 종목)...
[[SP500 차트분석]] [SP500 분석]에 없는 종목은 별도 분석: ['NBM.V']
[DataValidator] 1건의 데이터 품질 경고 발생
Warning:  NBM.V: 비정상 가격 변동 56.3% (2024-09-25) — 스플릿/데이터 오류 가능
[[SP500 차트분석]] 강한 섹터: {'Information Technology'}
[[SP500 차트분석]] Extreme model 'global' skipped: insufficient_tickers
[[SP500 차트분석]] 기존 차트 파일 삭제 중...
[[SP500 차트분석]] 차트 저장 디렉토리 준비 완료: charts/screenshots
[[SP500 차트분석]] TradingView 차트 캡처 시작...
[[SP500 차트분석]] 70개 종목 차트 캡처 중...
[TradingView] QQQ 브라우저 세션 시작...
[TradingView] 1H 캡처 완료 (60)
[TradingView] 4H 캡처 완료 (240)
[TradingView] Daily 캡처 완료 (D)
[TradingView] Weekly 캡처 완료 (W)
[TradingView] Monthly 캡처 완료 (M)
[[SP500 차트분석]] QQQ 차트 5개 처리 완료
[TradingView] IWM 브라우저 세션 시작...
[TradingView] 1H 캡처 완료 (60)
[TradingView] 4H 캡처 완료 (240)
[TradingView] Daily 캡처 완료 (D)
[TradingView] Weekly 캡처 완료 (W)
[TradingView] Monthly 캡처 완료 (M)
[[SP500 차트분석]] IWM 차트 5개 처리 완료
[TradingView] MS 브라우저 세션 시작...
[TradingView] 1H 캡처 완료 (60)
[TradingView] 4H 캡처 완료 (240)
[TradingView] Daily 캡처 완료 (D)
[TradingView] Weekly 캡처 완료 (W)
[TradingView] Monthly 캡처 완료 (M)
[[SP500 차트분석]] MS 차트 5개 처리 완료
[TradingView] INTC 브라우저 세션 시작...
[TradingView] 1H 캡처 완료 (60)
[TradingView] 4H 캡처 완료 (240)
[TradingView] Daily 캡처 완료 (D)
[TradingView] Weekly 캡처 완료 (W)
[TradingView] Monthly 캡처 완료 (M)
[[SP500 차트분석]] INTC 차트 5개 처리 완료
[TradingView] APH 브라우저 세션 시작...
[TradingView] 1H 캡처 완료 (60)
[TradingView] 4H 캡처 완료 (240)
[TradingView] Daily 캡처 완료 (D)
[TradingView] Weekly 캡처 완료 (W)
[TradingView] Monthly 캡처 완료 (M)
[[SP500 차트분석]] APH 차트 5개 처리 완료
[TradingView] BAC 브라우저 세션 시작...
[TradingView] 1H 캡처 완료 (60)
[TradingView] 4H 캡처 완료 (240)
[TradingView] Daily 캡처 완료 (D)
[TradingView] Weekly 캡처 완료 (W)
[TradingView] Monthly 캡처 완료 (M)
[[SP500 차트분석]] BAC 차트 5개 처리 완료
[TradingView] WDC 브라우저 세션 시작...
[TradingView] 1H 캡처 완료 (60)
[TradingView] 4H 캡처 완료 (240)
[TradingView] Daily 캡처 완료 (D)
[TradingView] Weekly 캡처 완료 (W)
[TradingView] Monthly 캡처 완료 (M)
[[SP500 차트분석]] WDC 차트 5개 처리 완료
[TradingView] ETN 브라우저 세션 시작...
[TradingView] 1H 캡처 완료 (60)
[TradingView] 4H 캡처 완료 (240)
[TradingView] Daily 캡처 완료 (D)
[TradingView] Weekly 캡처 완료 (W)
[TradingView] Monthly 캡처 완료 (M)
[[SP500 차트분석]] ETN 차트 5개 처리 완료
[TradingView] GOOGL 브라우저 세션 시작...
[TradingView] 1H 캡처 완료 (60)
[TradingView] 4H 캡처 완료 (240)
[TradingView] Daily 캡처 완료 (D)
[TradingView] Weekly 캡처 완료 (W)
[TradingView] Monthly 캡처 완료 (M)
[[SP500 차트분석]] GOOGL 차트 5개 처리 완료
[TradingView] ADI 브라우저 세션 시작...
[TradingView] 1H 캡처 완료 (60)
[TradingView] 4H 캡처 완료 (240)
[TradingView] Daily 캡처 완료 (D)
[TradingView] Weekly 캡처 완료 (W)
[TradingView] Monthly 캡처 완료 (M)
[[SP500 차트분석]] ADI 차트 5개 처리 완료
[TradingView] GOOG 브라우저 세션 시작...
[TradingView] 1H 캡처 완료 (60)
[TradingView] 4H 캡처 완료 (240)
[TradingView] Daily 캡처 완료 (D)
[TradingView] Weekly 캡처 완료 (W)
[TradingView] Monthly 캡처 완료 (M)
[[SP500 차트분석]] GOOG 차트 5개 처리 완료
[TradingView] TXN 브라우저 세션 시작...
[TradingView] 1H 캡처 완료 (60)
[TradingView] 4H 캡처 완료 (240)
[TradingView] Daily 캡처 완료 (D)
[TradingView] Weekly 캡처 완료 (W)
[TradingView] Monthly 캡처 완료 (M)
[[SP500 차트분석]] TXN 차트 5개 처리 완료
[TradingView] C 브라우저 세션 시작...
[TradingView] 1H 캡처 완료 (60)
[TradingView] 4H 캡처 완료 (240)
[TradingView] Daily 캡처 완료 (D)
[TradingView] Weekly 캡처 완료 (W)
[TradingView] Monthly 캡처 완료 (M)
[[SP500 차트분석]] C 차트 5개 처리 완료
[TradingView] FCX 브라우저 세션 시작...
[TradingView] 1H 캡처 완료 (60)
[TradingView] 4H 캡처 완료 (240)
[TradingView] Daily 캡처 완료 (D)
[TradingView] Weekly 캡처 완료 (W)
[TradingView] Monthly 캡처 완료 (M)
[[SP500 차트분석]] FCX 차트 5개 처리 완료
[TradingView] NVDA 브라우저 세션 시작...
[TradingView] 1H 캡처 완료 (60)
[TradingView] 4H 캡처 완료 (240)
[TradingView] Daily 캡처 완료 (D)
[TradingView] Weekly 캡처 완료 (W)
[TradingView] Monthly 캡처 완료 (M)
[[SP500 차트분석]] NVDA 차트 5개 처리 완료
[TradingView] GS 브라우저 세션 시작...
[TradingView] 1H 캡처 완료 (60)
[TradingView] 4H 캡처 완료 (240)
[TradingView] Daily 캡처 완료 (D)
[TradingView] Weekly 캡처 완료 (W)
[TradingView] Monthly 캡처 완료 (M)
[[SP500 차트분석]] GS 차트 5개 처리 완료
[TradingView] GLW 브라우저 세션 시작...
[TradingView] 1H 캡처 완료 (60)
[TradingView] 4H 캡처 완료 (240)
[TradingView] Daily 캡처 완료 (D)
[TradingView] Weekly 캡처 완료 (W)
[TradingView] Monthly 캡처 완료 (M)
[[SP500 차트분석]] GLW 차트 5개 처리 완료
[TradingView] CAT 브라우저 세션 시작...
[TradingView] 1H 캡처 완료 (60)
[TradingView] 4H 캡처 완료 (240)
[TradingView] Daily 캡처 완료 (D)
[TradingView] Weekly 캡처 완료 (W)
[TradingView] Monthly 캡처 완료 (M)
[[SP500 차트분석]] CAT 차트 5개 처리 완료
[TradingView] JPM 브라우저 세션 시작...
[TradingView] 1H 캡처 완료 (60)
[TradingView] 4H 캡처 완료 (240)
[TradingView] Daily 캡처 완료 (D)
[TradingView] Weekly 캡처 완료 (W)
[TradingView] Monthly 캡처 완료 (M)
[[SP500 차트분석]] JPM 차트 5개 처리 완료
[TradingView] MU 브라우저 세션 시작...
[TradingView] 1H 캡처 완료 (60)
[TradingView] 4H 캡처 완료 (240)
[TradingView] Daily 캡처 완료 (D)
[TradingView] Weekly 캡처 완료 (W)
[TradingView] Monthly 캡처 완료 (M)
[[SP500 차트분석]] MU 차트 5개 처리 완료
[TradingView] SLB 브라우저 세션 시작...
[TradingView] 1H 캡처 완료 (60)
[TradingView] 4H 캡처 완료 (240)
[TradingView] Daily 캡처 완료 (D)
[TradingView] Weekly 캡처 완료 (W)
[TradingView] Monthly 캡처 완료 (M)
[[SP500 차트분석]] SLB 차트 5개 처리 완료
[TradingView] UNP 브라우저 세션 시작...
[TradingView] 1H 캡처 완료 (60)
[TradingView] 4H 캡처 완료 (240)
[TradingView] Daily 캡처 완료 (D)
[TradingView] Weekly 캡처 완료 (W)
[TradingView] Monthly 캡처 완료 (M)
[[SP500 차트분석]] UNP 차트 5개 처리 완료
[TradingView] VLO 브라우저 세션 시작...
[TradingView] 1H 캡처 완료 (60)
[TradingView] 4H 캡처 완료 (240)
[TradingView] Daily 캡처 완료 (D)
[TradingView] Weekly 캡처 완료 (W)
[TradingView] Monthly 캡처 완료 (M)
[[SP500 차트분석]] VLO 차트 5개 처리 완료
[TradingView] TER 브라우저 세션 시작...
[TradingView] 1H 캡처 완료 (60)
[TradingView] 4H 캡처 완료 (240)
[TradingView] Daily 캡처 완료 (D)
[TradingView] Weekly 캡처 완료 (W)
[TradingView] Monthly 캡처 완료 (M)
[[SP500 차트분석]] TER 차트 5개 처리 완료
[TradingView] KLAC 브라우저 세션 시작...
[TradingView] 1H 캡처 완료 (60)
[TradingView] 4H 캡처 완료 (240)
[TradingView] Daily 캡처 완료 (D)
[TradingView] Weekly 캡처 완료 (W)
[TradingView] Monthly 캡처 완료 (M)
[[SP500 차트분석]] KLAC 차트 5개 처리 완료
[TradingView] LRCX 브라우저 세션 시작...
[TradingView] 1H 캡처 완료 (60)
[TradingView] 4H 캡처 완료 (240)
[TradingView] Daily 캡처 완료 (D)
[TradingView] Weekly 캡처 완료 (W)
[TradingView] Monthly 캡처 완료 (M)
[[SP500 차트분석]] LRCX 차트 5개 처리 완료
[TradingView] AMAT 브라우저 세션 시작...
[TradingView] 1H 캡처 완료 (60)
[TradingView] 4H 캡처 완료 (240)
[TradingView] Daily 캡처 완료 (D)
[TradingView] Weekly 캡처 완료 (W)
[TradingView] Monthly 캡처 완료 (M)
[[SP500 차트분석]] AMAT 차트 5개 처리 완료
[TradingView] AMZN 브라우저 세션 시작...
[TradingView] 1H 캡처 완료 (60)
[TradingView] 4H 캡처 완료 (240)
[TradingView] Daily 캡처 완료 (D)
[TradingView] Weekly 캡처 완료 (W)
[TradingView] Monthly 캡처 완료 (M)
[[SP500 차트분석]] AMZN 차트 5개 처리 완료
[TradingView] MPWR 브라우저 세션 시작...
[TradingView] 1H 캡처 완료 (60)
[TradingView] 4H 캡처 완료 (240)
[TradingView] Daily 캡처 완료 (D)
[TradingView] Weekly 캡처 완료 (W)
[TradingView] Monthly 캡처 완료 (M)
[[SP500 차트분석]] MPWR 차트 5개 처리 완료
[TradingView] AVGO 브라우저 세션 시작...
[TradingView] 1H 캡처 완료 (60)
[TradingView] 4H 캡처 완료 (240)
[TradingView] Daily 캡처 완료 (D)
[TradingView] Weekly 캡처 완료 (W)
[TradingView] Monthly 캡처 완료 (M)
[[SP500 차트분석]] AVGO 차트 5개 처리 완료
[TradingView] ANET 브라우저 세션 시작...
[TradingView] 1H 캡처 완료 (60)
[TradingView] 4H 캡처 완료 (240)
[TradingView] Daily 캡처 완료 (D)
[TradingView] Weekly 캡처 완료 (W)
[TradingView] Monthly 캡처 완료 (M)
[[SP500 차트분석]] ANET 차트 5개 처리 완료
[TradingView] AMD 브라우저 세션 시작...
[TradingView] 1H 캡처 완료 (60)
[TradingView] 4H 캡처 완료 (240)
[TradingView] Daily 캡처 완료 (D)
[TradingView] Weekly 캡처 완료 (W)
[TradingView] Monthly 캡처 완료 (M)
[[SP500 차트분석]] AMD 차트 5개 처리 완료
[TradingView] STX 브라우저 세션 시작...
[TradingView] 1H 캡처 완료 (60)
[TradingView] 4H 캡처 완료 (240)
[TradingView] Daily 캡처 완료 (D)
[TradingView] Weekly 캡처 완료 (W)
[TradingView] Monthly 캡처 완료 (M)
[[SP500 차트분석]] STX 차트 5개 처리 완료
[TradingView] SPY 브라우저 세션 시작...
[TradingView] 1H 캡처 완료 (60)
[TradingView] 4H 캡처 완료 (240)
[TradingView] Daily 캡처 완료 (D)
[TradingView] Weekly 캡처 완료 (W)
[TradingView] Monthly 캡처 완료 (M)
[[SP500 차트분석]] SPY 차트 5개 처리 완료
[TradingView] DELL 브라우저 세션 시작...
[TradingView] 1H 캡처 완료 (60)
[TradingView] 4H 캡처 완료 (240)
[TradingView] Daily 캡처 완료 (D)
[TradingView] Weekly 캡처 완료 (W)
[TradingView] Monthly 캡처 완료 (M)
[[SP500 차트분석]] DELL 차트 5개 처리 완료
[TradingView] CSCO 브라우저 세션 시작...
[TradingView] 1H 캡처 완료 (60)
[TradingView] 4H 캡처 완료 (240)
[TradingView] Daily 캡처 완료 (D)
[TradingView] Weekly 캡처 완료 (W)
[TradingView] Monthly 캡처 완료 (M)
[[SP500 차트분석]] CSCO 차트 5개 처리 완료
[TradingView] OXY 브라우저 세션 시작...
[TradingView] 1H 캡처 완료 (60)
[TradingView] 4H 캡처 완료 (240)
[TradingView] Daily 캡처 완료 (D)
[TradingView] Weekly 캡처 완료 (W)
[TradingView] Monthly 캡처 완료 (M)
[[SP500 차트분석]] OXY 차트 5개 처리 완료
[TradingView] SBUX 브라우저 세션 시작...
[TradingView] 1H 캡처 완료 (60)
[TradingView] 4H 캡처 완료 (240)
[TradingView] Daily 캡처 완료 (D)
[TradingView] Weekly 캡처 완료 (W)
[TradingView] Monthly 캡처 완료 (M)
[[SP500 차트분석]] SBUX 차트 5개 처리 완료
[TradingView] ASML 브라우저 세션 시작...
[TradingView] 1H 캡처 완료 (60)
[TradingView] 4H 캡처 완료 (240)
[TradingView] Daily 캡처 완료 (D)
[TradingView] Weekly 캡처 완료 (W)
[TradingView] Monthly 캡처 완료 (M)
[[SP500 차트분석]] ASML 차트 5개 처리 완료
[TradingView] VZ 브라우저 세션 시작...
[TradingView] 1H 캡처 완료 (60)
[TradingView] 4H 캡처 완료 (240)
[TradingView] Daily 캡처 완료 (D)
[TradingView] Weekly 캡처 완료 (W)
[TradingView] Monthly 캡처 완료 (M)
[[SP500 차트분석]] VZ 차트 5개 처리 완료
[TradingView] ON 브라우저 세션 시작...
[TradingView] 1H 캡처 완료 (60)
[TradingView] 4H 캡처 완료 (240)
[TradingView] Daily 캡처 완료 (D)
[TradingView] Weekly 캡처 완료 (W)
[TradingView] Monthly 캡처 완료 (M)
[[SP500 차트분석]] ON 차트 5개 처리 완료
[TradingView] MRVL 브라우저 세션 시작...
[TradingView] 1H 캡처 완료 (60)
[TradingView] 4H 캡처 완료 (240)
[TradingView] Daily 캡처 완료 (D)
[TradingView] Weekly 캡처 완료 (W)
[TradingView] Monthly 캡처 완료 (M)
[[SP500 차트분석]] MRVL 차트 5개 처리 완료
[TradingView] GEV 브라우저 세션 시작...
[TradingView] 1H 캡처 완료 (60)
[TradingView] 4H 캡처 완료 (240)
[TradingView] Daily 캡처 완료 (D)
[TradingView] Weekly 캡처 완료 (W)
[TradingView] Monthly 캡처 완료 (M)
[[SP500 차트분석]] GEV 차트 5개 처리 완료
[TradingView] UNH 브라우저 세션 시작...
[TradingView] 1H 캡처 완료 (60)
[TradingView] 4H 캡처 완료 (240)
[TradingView] Daily 캡처 완료 (D)
[TradingView] Weekly 캡처 완료 (W)
[TradingView] Monthly 캡처 완료 (M)
[[SP500 차트분석]] UNH 차트 5개 처리 완료
[TradingView] DE 브라우저 세션 시작...
[TradingView] 1H 캡처 완료 (60)
[TradingView] 4H 캡처 완료 (240)
[TradingView] Daily 캡처 완료 (D)
[TradingView] Weekly 캡처 완료 (W)
[TradingView] Monthly 캡처 완료 (M)
[[SP500 차트분석]] DE 차트 5개 처리 완료
[TradingView] AAPL 브라우저 세션 시작...
[TradingView] 1H 캡처 완료 (60)
[TradingView] 4H 캡처 완료 (240)
[TradingView] Daily 캡처 완료 (D)
[TradingView] Weekly 캡처 완료 (W)
[TradingView] Monthly 캡처 완료 (M)
[[SP500 차트분석]] AAPL 차트 5개 처리 완료
[TradingView] COST 브라우저 세션 시작...
[TradingView] 1H 캡처 완료 (60)
[TradingView] 4H 캡처 완료 (240)
[TradingView] Daily 캡처 완료 (D)
[TradingView] Weekly 캡처 완료 (W)
[TradingView] Monthly 캡처 완료 (M)
[[SP500 차트분석]] COST 차트 5개 처리 완료
[TradingView] WMT 브라우저 세션 시작...
[TradingView] 1H 캡처 완료 (60)
[TradingView] 4H 캡처 완료 (240)
[TradingView] Daily 캡처 완료 (D)
[TradingView] Weekly 캡처 완료 (W)
[TradingView] Monthly 캡처 완료 (M)
[[SP500 차트분석]] WMT 차트 5개 처리 완료
[TradingView] DVN 브라우저 세션 시작...
[TradingView] 1H 캡처 완료 (60)
[TradingView] 4H 캡처 완료 (240)
[TradingView] Daily 캡처 완료 (D)
[TradingView] Weekly 캡처 완료 (W)
[TradingView] Monthly 캡처 완료 (M)
[[SP500 차트분석]] DVN 차트 5개 처리 완료
[TradingView] PFE 브라우저 세션 시작...
[TradingView] 1H 캡처 완료 (60)
[TradingView] 4H 캡처 완료 (240)
[TradingView] Daily 캡처 완료 (D)
[TradingView] Weekly 캡처 완료 (W)
[TradingView] Monthly 캡처 완료 (M)
[[SP500 차트분석]] PFE 차트 5개 처리 완료
[TradingView] BA 브라우저 세션 시작...
[TradingView] 1H 캡처 완료 (60)
[TradingView] 4H 캡처 완료 (240)
[TradingView] Daily 캡처 완료 (D)
[TradingView] Weekly 캡처 완료 (W)
[TradingView] Monthly 캡처 완료 (M)
[[SP500 차트분석]] BA 차트 5개 처리 완료
[TradingView] PEP 브라우저 세션 시작...
[TradingView] 1H 캡처 완료 (60)
[TradingView] 4H 캡처 완료 (240)
[TradingView] Daily 캡처 완료 (D)
[TradingView] Weekly 캡처 완료 (W)
[TradingView] Monthly 캡처 완료 (M)
[[SP500 차트분석]] PEP 차트 5개 처리 완료
[TradingView] NEE 브라우저 세션 시작...
[TradingView] 1H 캡처 완료 (60)
[TradingView] 4H 캡처 완료 (240)
[TradingView] Daily 캡처 완료 (D)
[TradingView] Weekly 캡처 완료 (W)
[TradingView] Monthly 캡처 완료 (M)
[[SP500 차트분석]] NEE 차트 5개 처리 완료
[TradingView] T 브라우저 세션 시작...
[TradingView] 1H 캡처 완료 (60)
[TradingView] 4H 캡처 완료 (240)
[TradingView] Daily 캡처 완료 (D)
[TradingView] Weekly 캡처 완료 (W)
[TradingView] Monthly 캡처 완료 (M)
[[SP500 차트분석]] T 차트 5개 처리 완료
[TradingView] LIN 브라우저 세션 시작...
[TradingView] 1H 캡처 완료 (60)
[TradingView] 4H 캡처 완료 (240)
[TradingView] Daily 캡처 완료 (D)
[TradingView] Weekly 캡처 완료 (W)
[TradingView] Monthly 캡처 완료 (M)
[[SP500 차트분석]] LIN 차트 5개 처리 완료
[TradingView] FANG 브라우저 세션 시작...
[TradingView] 1H 캡처 완료 (60)
[TradingView] 4H 캡처 완료 (240)
[TradingView] Daily 캡처 완료 (D)
[TradingView] Weekly 캡처 완료 (W)
[TradingView] Monthly 캡처 완료 (M)
[[SP500 차트분석]] FANG 차트 5개 처리 완료
[TradingView] MRK 브라우저 세션 시작...
[TradingView] 1H 캡처 완료 (60)
[TradingView] 4H 캡처 완료 (240)
[TradingView] Daily 캡처 완료 (D)
[TradingView] Weekly 캡처 완료 (W)
[TradingView] Monthly 캡처 완료 (M)
[[SP500 차트분석]] MRK 차트 5개 처리 완료
[TradingView] CVX 브라우저 세션 시작...
[TradingView] 1H 캡처 완료 (60)
[TradingView] 4H 캡처 완료 (240)
[TradingView] Daily 캡처 완료 (D)
[TradingView] Weekly 캡처 완료 (W)
[TradingView] Monthly 캡처 완료 (M)
[[SP500 차트분석]] CVX 차트 5개 처리 완료
[TradingView] XOM 브라우저 세션 시작...
[TradingView] 1H 캡처 완료 (60)
[TradingView] 4H 캡처 완료 (240)
[TradingView] Daily 캡처 완료 (D)
[TradingView] Weekly 캡처 완료 (W)
[TradingView] Monthly 캡처 완료 (M)
[[SP500 차트분석]] XOM 차트 5개 처리 완료
[TradingView] GE 브라우저 세션 시작...
[TradingView] 1H 캡처 완료 (60)
[TradingView] 4H 캡처 완료 (240)
[TradingView] Daily 캡처 완료 (D)
[TradingView] Weekly 캡처 완료 (W)
[TradingView] Monthly 캡처 완료 (M)
[[SP500 차트분석]] GE 차트 5개 처리 완료
[TradingView] PDD 브라우저 세션 시작...
[TradingView] 1H 캡처 완료 (60)
[TradingView] 4H 캡처 완료 (240)
[TradingView] Daily 캡처 완료 (D)
[TradingView] Weekly 캡처 완료 (W)
[TradingView] Monthly 캡처 완료 (M)
[[SP500 차트분석]] PDD 차트 5개 처리 완료
[TradingView] UAL 브라우저 세션 시작...
[TradingView] 1H 캡처 완료 (60)
[TradingView] 4H 캡처 완료 (240)
[TradingView] Daily 캡처 완료 (D)
[TradingView] Weekly 캡처 완료 (W)
[TradingView] Monthly 캡처 완료 (M)
[[SP500 차트분석]] UAL 차트 5개 처리 완료
[TradingView] NEM 브라우저 세션 시작...
[TradingView] 1H 캡처 완료 (60)
[TradingView] 4H 캡처 완료 (240)
[TradingView] Daily 캡처 완료 (D)
[TradingView] Weekly 캡처 완료 (W)
[TradingView] Monthly 캡처 완료 (M)
[[SP500 차트분석]] NEM 차트 5개 처리 완료
[TradingView] AMGN 브라우저 세션 시작...
[TradingView] 1H 캡처 완료 (60)
[TradingView] 4H 캡처 완료 (240)
[TradingView] Daily 캡처 완료 (D)
[TradingView] Weekly 캡처 완료 (W)
[TradingView] Monthly 캡처 완료 (M)
[[SP500 차트분석]] AMGN 차트 5개 처리 완료
[TradingView] NFLX 브라우저 세션 시작...
[TradingView] 1H 캡처 완료 (60)
[TradingView] 4H 캡처 완료 (240)
[TradingView] Daily 캡처 완료 (D)
[TradingView] Weekly 캡처 완료 (W)
[TradingView] Monthly 캡처 완료 (M)
[[SP500 차트분석]] NFLX 차트 5개 처리 완료
[TradingView] DAL 브라우저 세션 시작...
[TradingView] 1H 캡처 완료 (60)
[TradingView] 4H 캡처 완료 (240)
[TradingView] Daily 캡처 완료 (D)
[TradingView] Weekly 캡처 완료 (W)
[TradingView] Monthly 캡처 완료 (M)
[[SP500 차트분석]] DAL 차트 5개 처리 완료
[TradingView] TJX 브라우저 세션 시작...
[TradingView] 1H 캡처 완료 (60)
[TradingView] 4H 캡처 완료 (240)
[TradingView] Daily 캡처 완료 (D)
[TradingView] Weekly 캡처 완료 (W)
[TradingView] Monthly 캡처 완료 (M)
[[SP500 차트분석]] TJX 차트 5개 처리 완료
[TradingView] TMUS 브라우저 세션 시작...
[TradingView] 1H 캡처 완료 (60)
[TradingView] 4H 캡처 완료 (240)
[TradingView] Daily 캡처 완료 (D)
[TradingView] Weekly 캡처 완료 (W)
[TradingView] Monthly 캡처 완료 (M)
[[SP500 차트분석]] TMUS 차트 5개 처리 완료
[TradingView] COP 브라우저 세션 시작...
[TradingView] 1H 캡처 완료 (60)
[TradingView] 4H 캡처 완료 (240)
[TradingView] Daily 캡처 완료 (D)
[TradingView] Weekly 캡처 완료 (W)
[TradingView] Monthly 캡처 완료 (M)
[[SP500 차트분석]] COP 차트 5개 처리 완료
[TradingView] 티커 매핑 적용: NBM.V -> NBM
[TradingView] NBM.V 브라우저 세션 시작...
[TradingView] 1H 캡처 완료 (60)
[TradingView] 4H 캡처 완료 (240)
[TradingView] Daily 캡처 완료 (D)
[TradingView] Weekly 캡처 완료 (W)
[TradingView] Monthly 캡처 완료 (M)
[[SP500 차트분석]] NBM.V 차트 5개 처리 완료
[[SP500 차트분석]] 차트 캡처 완료
[[SP500 차트분석]] GitHub에 차트 이미지 푸시 중...
[main 1a2d3a8] Update chart screenshots 1776921481
 685 files changed, 0 insertions(+), 0 deletions(-)
 delete mode 100644 charts/screenshots/AAPL/AAPL_1H_20260422_050947.png
 create mode 100644 charts/screenshots/AAPL/AAPL_1H_20260423_050516.png
 delete mode 100644 charts/screenshots/AAPL/AAPL_4H_20260422_050947.png
 create mode 100644 charts/screenshots/AAPL/AAPL_4H_20260423_050516.png
 delete mode 100644 charts/screenshots/AAPL/AAPL_Daily_20260422_050947.png
 create mode 100644 charts/screenshots/AAPL/AAPL_Daily_20260423_050516.png
 delete mode 100644 charts/screenshots/AAPL/AAPL_Monthly_20260422_050947.png
 create mode 100644 charts/screenshots/AAPL/AAPL_Monthly_20260423_050516.png
 delete mode 100644 charts/screenshots/AAPL/AAPL_Weekly_20260422_050947.png
 create mode 100644 charts/screenshots/AAPL/AAPL_Weekly_20260423_050516.png
 delete mode 100644 charts/screenshots/ADI/ADI_1H_20260422_044706.png
 create mode 100644 charts/screenshots/ADI/ADI_1H_20260423_044717.png
 delete mode 100644 charts/screenshots/ADI/ADI_4H_20260422_044706.png
 create mode 100644 charts/screenshots/ADI/ADI_4H_20260423_044717.png
 delete mode 100644 charts/screenshots/ADI/ADI_Daily_20260422_044706.png
 create mode 100644 charts/screenshots/ADI/ADI_Daily_20260423_044717.png
 delete mode 100644 charts/screenshots/ADI/ADI_Monthly_20260422_044706.png
 create mode 100644 charts/screenshots/ADI/ADI_Monthly_20260423_044717.png
 delete mode 100644 charts/screenshots/ADI/ADI_Weekly_20260422_044706.png
 create mode 100644 charts/screenshots/ADI/ADI_Weekly_20260423_044717.png
 delete mode 100644 charts/screenshots/AMAT/AMAT_1H_20260422_045918.png
 create mode 100644 charts/screenshots/AMAT/AMAT_1H_20260423_045555.png
 delete mode 100644 charts/screenshots/AMAT/AMAT_4H_20260422_045918.png
 create mode 100644 charts/screenshots/AMAT/AMAT_4H_20260423_045555.png
 delete mode 100644 charts/screenshots/AMAT/AMAT_Daily_20260422_045918.png
 create mode 100644 charts/screenshots/AMAT/AMAT_Daily_20260423_045555.png
 delete mode 100644 charts/screenshots/AMAT/AMAT_Monthly_20260422_045918.png
 create mode 100644 charts/screenshots/AMAT/AMAT_Monthly_20260423_045555.png
 delete mode 100644 charts/screenshots/AMAT/AMAT_Weekly_20260422_045918.png
 create mode 100644 charts/screenshots/AMAT/AMAT_Weekly_20260423_045555.png
 delete mode 100644 charts/screenshots/AMD/AMD_1H_20260422_050016.png
 create mode 100644 charts/screenshots/AMD/AMD_1H_20260423_045823.png
 delete mode 100644 charts/screenshots/AMD/AMD_4H_20260422_050016.png
 create mode 100644 charts/screenshots/AMD/AMD_4H_20260423_045823.png
 delete mode 100644 charts/screenshots/AMD/AMD_Daily_20260422_050016.png
 create mode 100644 charts/screenshots/AMD/AMD_Daily_20260423_045823.png
 delete mode 100644 charts/screenshots/AMD/AMD_Monthly_20260422_050016.png
 create mode 100644 charts/screenshots/AMD/AMD_Monthly_20260423_045823.png
 delete mode 100644 charts/screenshots/AMD/AMD_Weekly_20260422_050016.png
 create mode 100644 charts/screenshots/AMD/AMD_Weekly_20260423_045823.png
 create mode 100644 charts/screenshots/AMGN/AMGN_1H_20260423_051424.png
 create mode 100644 charts/screenshots/AMGN/AMGN_4H_20260423_051424.png
 create mode 100644 charts/screenshots/AMGN/AMGN_Daily_20260423_051424.png
 create mode 100644 charts/screenshots/AMGN/AMGN_Monthly_20260423_051424.png
 create mode 100644 charts/screenshots/AMGN/AMGN_Weekly_20260423_051424.png
 delete mode 100644 charts/screenshots/AMZN/AMZN_1H_20260422_044433.png
 create mode 100644 charts/screenshots/AMZN/AMZN_1H_20260423_045623.png
 delete mode 100644 charts/screenshots/AMZN/AMZN_4H_20260422_044433.png
 create mode 100644 charts/screenshots/AMZN/AMZN_4H_20260423_045623.png
 delete mode 100644 charts/screenshots/AMZN/AMZN_Daily_20260422_044433.png
 create mode 100644 charts/screenshots/AMZN/AMZN_Daily_20260423_045623.png
 delete mode 100644 charts/screenshots/AMZN/AMZN_Monthly_20260422_044433.png
 create mode 100644 charts/screenshots/AMZN/AMZN_Monthly_20260423_045623.png
 delete mode 100644 charts/screenshots/AMZN/AMZN_Weekly_20260422_044433.png
 create mode 100644 charts/screenshots/AMZN/AMZN_Weekly_20260423_045623.png
 delete mode 100644 charts/screenshots/ANET/ANET_1H_20260422_045001.png
 create mode 100644 charts/screenshots/ANET/ANET_1H_20260423_045752.png
 delete mode 100644 charts/screenshots/ANET/ANET_4H_20260422_045001.png
 create mode 100644 charts/screenshots/ANET/ANET_4H_20260423_045752.png
 delete mode 100644 charts/screenshots/ANET/ANET_Daily_20260422_045001.png
 create mode 100644 charts/screenshots/ANET/ANET_Daily_20260423_045752.png
 delete mode 100644 charts/screenshots/ANET/ANET_Monthly_20260422_045001.png
 create mode 100644 charts/screenshots/ANET/ANET_Monthly_20260423_045752.png
 delete mode 100644 charts/screenshots/ANET/ANET_Weekly_20260422_045001.png
 create mode 100644 charts/screenshots/ANET/ANET_Weekly_20260423_045752.png
 delete mode 100644 charts/screenshots/APH/APH_1H_20260422_050545.png
 create mode 100644 charts/screenshots/APH/APH_1H_20260423_044445.png
 delete mode 100644 charts/screenshots/APH/APH_4H_20260422_050545.png
 create mode 100644 charts/screenshots/APH/APH_4H_20260423_044445.png
 delete mode 100644 charts/screenshots/APH/APH_Daily_20260422_050545.png
 create mode 100644 charts/screenshots/APH/APH_Daily_20260423_044445.png
 delete mode 100644 charts/screenshots/APH/APH_Monthly_20260422_050545.png
 create mode 100644 charts/screenshots/APH/APH_Monthly_20260423_044445.png
 delete mode 100644 charts/screenshots/APH/APH_Weekly_20260422_050545.png
 create mode 100644 charts/screenshots/APH/APH_Weekly_20260423_044445.png
 delete mode 100644 charts/screenshots/ASML/ASML_1H_20260422_050616.png
 create mode 100644 charts/screenshots/ASML/ASML_1H_20260423_050149.png
 delete mode 100644 charts/screenshots/ASML/ASML_4H_20260422_050616.png
 create mode 100644 charts/screenshots/ASML/ASML_4H_20260423_050149.png
 delete mode 100644 charts/screenshots/ASML/ASML_Daily_20260422_050616.png
 create mode 100644 charts/screenshots/ASML/ASML_Daily_20260423_050149.png
 delete mode 100644 charts/screenshots/ASML/ASML_Monthly_20260422_050616.png
 create mode 100644 charts/screenshots/ASML/ASML_Monthly_20260423_050149.png
 delete mode 100644 charts/screenshots/ASML/ASML_Weekly_20260422_050616.png
 create mode 100644 charts/screenshots/ASML/ASML_Weekly_20260423_050149.png
 delete mode 100644 charts/screenshots/AVGO/AVGO_1H_20260422_044536.png
 create mode 100644 charts/screenshots/AVGO/AVGO_1H_20260423_045722.png
 delete mode 100644 charts/screenshots/AVGO/AVGO_4H_20260422_044536.png
 create mode 100644 charts/screenshots/AVGO/AVGO_4H_20260423_045722.png
 delete mode 100644 charts/screenshots/AVGO/AVGO_Daily_20260422_044536.png
 create mode 100644 charts/screenshots/AVGO/AVGO_Daily_20260423_045722.png
 delete mode 100644 charts/screenshots/AVGO/AVGO_Monthly_20260422_044536.png
 create mode 100644 charts/screenshots/AVGO/AVGO_Monthly_20260423_045722.png
 delete mode 100644 charts/screenshots/AVGO/AVGO_Weekly_20260422_044536.png
 create mode 100644 charts/screenshots/AVGO/AVGO_Weekly_20260423_045722.png
 create mode 100644 charts/screenshots/BA/BA_1H_20260423_050746.png
 create mode 100644 charts/screenshots/BA/BA_4H_20260423_050746.png
 create mode 100644 charts/screenshots/BA/BA_Daily_20260423_050746.png
 create mode 100644 charts/screenshots/BA/BA_Monthly_20260423_050746.png
 create mode 100644 charts/screenshots/BA/BA_Weekly_20260423_050746.png
 delete mode 100644 charts/screenshots/BAC/BAC_1H_20260422_044735.png
 create mode 100644 charts/screenshots/BAC/BAC_1H_20260423_044514.png
 delete mode 100644 charts/screenshots/BAC/BAC_4H_20260422_044735.png
 create mode 100644 charts/screenshots/BAC/BAC_4H_20260423_044514.png
 delete mode 100644 charts/screenshots/BAC/BAC_Daily_20260422_044735.png
 create mode 100644 charts/screenshots/BAC/BAC_Daily_20260423_044514.png
 delete mode 100644 charts/screenshots/BAC/BAC_Monthly_20260422_044735.png
 create mode 100644 charts/screenshots/BAC/BAC_Monthly_20260423_044514.png
 delete mode 100644 charts/screenshots/BAC/BAC_Weekly_20260422_044735.png
 create mode 100644 charts/screenshots/BAC/BAC_Weekly_20260423_044514.png
 delete mode 100644 charts/screenshots/BSX/BSX_1H_20260422_051317.png
 delete mode 100644 charts/screenshots/BSX/BSX_4H_20260422_051317.png
 delete mode 100644 charts/screenshots/BSX/BSX_Daily_20260422_051317.png
 delete mode 100644 charts/screenshots/BSX/BSX_Monthly_20260422_051317.png
 delete mode 100644 charts/screenshots/BSX/BSX_Weekly_20260422_051317.png
 delete mode 100644 charts/screenshots/C/C_1H_20260422_045200.png
 create mode 100644 charts/screenshots/C/C_1H_20260423_044848.png
 delete mode 100644 charts/screenshots/C/C_4H_20260422_045200.png
 create mode 100644 charts/screenshots/C/C_4H_20260423_044848.png
 delete mode 100644 charts/screenshots/C/C_Daily_20260422_045200.png
 create mode 100644 charts/screenshots/C/C_Daily_20260423_044848.png
 delete mode 100644 charts/screenshots/C/C_Monthly_20260422_045200.png
 create mode 100644 charts/screenshots/C/C_Monthly_20260423_044848.png
 delete mode 100644 charts/screenshots/C/C_Weekly_20260422_045200.png
 create mode 100644 charts/screenshots/C/C_Weekly_20260423_044848.png
 delete mode 100644 charts/screenshots/CAT/CAT_1H_20260422_045509.png
 create mode 100644 charts/screenshots/CAT/CAT_1H_20260423_045120.png
 delete mode 100644 charts/screenshots/CAT/CAT_4H_20260422_045509.png
 create mode 100644 charts/screenshots/CAT/CAT_4H_20260423_045120.png
 delete mode 100644 charts/screenshots/CAT/CAT_Daily_20260422_045509.png
 create mode 100644 charts/screenshots/CAT/CAT_Daily_20260423_045120.png
 delete mode 100644 charts/screenshots/CAT/CAT_Monthly_20260422_045509.png
 create mode 100644 charts/screenshots/CAT/CAT_Monthly_20260423_045120.png
 delete mode 100644 charts/screenshots/CAT/CAT_Weekly_20260422_045509.png
 create mode 100644 charts/screenshots/CAT/CAT_Weekly_20260423_045120.png
 delete mode 100644 charts/screenshots/COP/COP_1H_20260422_050716.png
 create mode 100644 charts/screenshots/COP/COP_1H_20260423_051657.png
 delete mode 100644 charts/screenshots/COP/COP_4H_20260422_050716.png
 create mode 100644 charts/screenshots/COP/COP_4H_20260423_051657.png
 delete mode 100644 charts/screenshots/COP/COP_Daily_20260422_050716.png
 create mode 100644 charts/screenshots/COP/COP_Daily_20260423_051657.png
 delete mode 100644 charts/screenshots/COP/COP_Monthly_20260422_050716.png
 create mode 100644 charts/screenshots/COP/COP_Monthly_20260423_051657.png
 delete mode 100644 charts/screenshots/COP/COP_Weekly_20260422_050716.png
 create mode 100644 charts/screenshots/COP/COP_Weekly_20260423_051657.png
 delete mode 100644 charts/screenshots/COST/COST_1H_20260422_050147.png
 create mode 100644 charts/screenshots/COST/COST_1H_20260423_050545.png
 delete mode 100644 charts/screenshots/COST/COST_4H_20260422_050147.png
 create mode 100644 charts/screenshots/COST/COST_4H_20260423_050545.png
 delete mode 100644 charts/screenshots/COST/COST_Daily_20260422_050147.png
 create mode 100644 charts/screenshots/COST/COST_Daily_20260423_050545.png
 delete mode 100644 charts/screenshots/COST/COST_Monthly_20260422_050147.png
 create mode 100644 charts/screenshots/COST/COST_Monthly_20260423_050545.png
 delete mode 100644 charts/screenshots/COST/COST_Weekly_20260422_050147.png
 create mode 100644 charts/screenshots/COST/COST_Weekly_20260423_050545.png
 delete mode 100644 charts/screenshots/CSCO/CSCO_1H_20260422_050116.png
 create mode 100644 charts/screenshots/CSCO/CSCO_1H_20260423_050022.png
 delete mode 100644 charts/screenshots/CSCO/CSCO_4H_20260422_050116.png
 create mode 100644 charts/screenshots/CSCO/CSCO_4H_20260423_050022.png
 delete mode 100644 charts/screenshots/CSCO/CSCO_Daily_20260422_050116.png
 create mode 100644 charts/screenshots/CSCO/CSCO_Daily_20260423_050022.png
 delete mode 100644 charts/screenshots/CSCO/CSCO_Monthly_20260422_050116.png
 create mode 100644 charts/screenshots/CSCO/CSCO_Monthly_20260423_050022.png
 delete mode 100644 charts/screenshots/CSCO/CSCO_Weekly_20260422_050116.png
 create mode 100644 charts/screenshots/CSCO/CSCO_Weekly_20260423_050022.png
 delete mode 100644 charts/screenshots/CVX/CVX_1H_20260422_051549.png
 create mode 100644 charts/screenshots/CVX/CVX_1H_20260423_051117.png
 delete mode 100644 charts/screenshots/CVX/CVX_4H_20260422_051549.png
 create mode 100644 charts/screenshots/CVX/CVX_4H_20260423_051117.png
 delete mode 100644 charts/screenshots/CVX/CVX_Daily_20260422_051549.png
 create mode 100644 charts/screenshots/CVX/CVX_Daily_20260423_051117.png
 delete mode 100644 charts/screenshots/CVX/CVX_Monthly_20260422_051549.png
 create mode 100644 charts/screenshots/CVX/CVX_Monthly_20260423_051117.png
 delete mode 100644 charts/screenshots/CVX/CVX_Weekly_20260422_051549.png
 create mode 100644 charts/screenshots/CVX/CVX_Weekly_20260423_051117.png
 delete mode 100644 charts/screenshots/DAL/DAL_1H_20260422_050917.png
 create mode 100644 charts/screenshots/DAL/DAL_1H_20260423_051526.png
 delete mode 100644 charts/screenshots/DAL/DAL_4H_20260422_050917.png
 create mode 100644 charts/screenshots/DAL/DAL_4H_20260423_051526.png
 delete mode 100644 charts/screenshots/DAL/DAL_Daily_20260422_050917.png
 create mode 100644 charts/screenshots/DAL/DAL_Daily_20260423_051526.png
 delete mode 100644 charts/screenshots/DAL/DAL_Monthly_20260422_050917.png
 create mode 100644 charts/screenshots/DAL/DAL_Monthly_20260423_051526.png
 delete mode 100644 charts/screenshots/DAL/DAL_Weekly_20260422_050917.png
 create mode 100644 charts/screenshots/DAL/DAL_Weekly_20260423_051526.png
 delete mode 100644 charts/screenshots/DE/DE_1H_20260422_050316.png
 create mode 100644 charts/screenshots/DE/DE_1H_20260423_050445.png
 delete mode 100644 charts/screenshots/DE/DE_4H_20260422_050316.png
 create mode 100644 charts/screenshots/DE/DE_4H_20260423_050445.png
 delete mode 100644 charts/screenshots/DE/DE_Daily_20260422_050316.png
 create mode 100644 charts/screenshots/DE/DE_Daily_20260423_050445.png
 delete mode 100644 charts/screenshots/DE/DE_Monthly_20260422_050316.png
 create mode 100644 charts/screenshots/DE/DE_Monthly_20260423_050445.png
 delete mode 100644 charts/screenshots/DE/DE_Weekly_20260422_050316.png
 create mode 100644 charts/screenshots/DE/DE_Weekly_20260423_050445.png
 delete mode 100644 charts/screenshots/DELL/DELL_1H_20260422_045100.png
 create mode 100644 charts/screenshots/DELL/DELL_1H_20260423_045953.png
 delete mode 100644 charts/screenshots/DELL/DELL_4H_20260422_045100.png
 create mode 100644 charts/screenshots/DELL/DELL_4H_20260423_045953.png
 delete mode 100644 charts/screenshots/DELL/DELL_Daily_20260422_045100.png
 create mode 100644 charts/screenshots/DELL/DELL_Daily_20260423_045953.png
 delete mode 100644 charts/screenshots/DELL/DELL_Monthly_20260422_045100.png
 create mode 100644 charts/screenshots/DELL/DELL_Monthly_20260423_045953.png
 delete mode 100644 charts/screenshots/DELL/DELL_Weekly_20260422_045100.png
 create mode 100644 charts/screenshots/DELL/DELL_Weekly_20260423_045953.png
 delete mode 100644 charts/screenshots/DVN/DVN_1H_20260422_050745.png
 create mode 100644 charts/screenshots/DVN/DVN_1H_20260423_050643.png
 delete mode 100644 charts/screenshots/DVN/DVN_4H_20260422_050745.png
 create mode 100644 charts/screenshots/DVN/DVN_4H_20260423_050643.png
 delete mode 100644 charts/screenshots/DVN/DVN_Daily_20260422_050745.png
 create mode 100644 charts/screenshots/DVN/DVN_Daily_20260423_050643.png
 delete mode 100644 charts/screenshots/DVN/DVN_Monthly_20260422_050745.png
 create mode 100644 charts/screenshots/DVN/DVN_Monthly_20260423_050643.png
 delete mode 100644 charts/screenshots/DVN/DVN_Weekly_20260422_050745.png
 create mode 100644 charts/screenshots/DVN/DVN_Weekly_20260423_050643.png
 delete mode 100644 charts/screenshots/ETN/ETN_1H_20260422_045232.png
 create mode 100644 charts/screenshots/ETN/ETN_1H_20260423_044615.png
 delete mode 100644 charts/screenshots/ETN/ETN_4H_20260422_045232.png
 create mode 100644 charts/screenshots/ETN/ETN_4H_20260423_044615.png
 delete mode 100644 charts/screenshots/ETN/ETN_Daily_20260422_045232.png
 create mode 100644 charts/screenshots/ETN/ETN_Daily_20260423_044615.png
 delete mode 100644 charts/screenshots/ETN/ETN_Monthly_20260422_045232.png
 create mode 100644 charts/screenshots/ETN/ETN_Monthly_20260423_044615.png
 delete mode 100644 charts/screenshots/ETN/ETN_Weekly_20260422_045232.png
 create mode 100644 charts/screenshots/ETN/ETN_Weekly_20260423_044615.png
 delete mode 100644 charts/screenshots/FANG/FANG_1H_20260422_051017.png
 create mode 100644 charts/screenshots/FANG/FANG_1H_20260423_051016.png
 delete mode 100644 charts/screenshots/FANG/FANG_4H_20260422_051017.png
 create mode 100644 charts/screenshots/FANG/FANG_4H_20260423_051016.png
 delete mode 100644 charts/screenshots/FANG/FANG_Daily_20260422_051017.png
 create mode 100644 charts/screenshots/FANG/FANG_Daily_20260423_051016.png
 delete mode 100644 charts/screenshots/FANG/FANG_Monthly_20260422_051017.png
 create mode 100644 charts/screenshots/FANG/FANG_Monthly_20260423_051016.png
 delete mode 100644 charts/screenshots/FANG/FANG_Weekly_20260422_051017.png
 create mode 100644 charts/screenshots/FANG/FANG_Weekly_20260423_051016.png
 delete mode 100644 charts/screenshots/FCX/FCX_1H_20260422_045130.png
 create mode 100644 charts/screenshots/FCX/FCX_1H_20260423_044918.png
 delete mode 100644 charts/screenshots/FCX/FCX_4H_20260422_045130.png
 create mode 100644 charts/screenshots/FCX/FCX_4H_20260423_044918.png
 delete mode 100644 charts/screenshots/FCX/FCX_Daily_20260422_045130.png
 create mode 100644 charts/screenshots/FCX/FCX_Daily_20260423_044918.png
 delete mode 100644 charts/screenshots/FCX/FCX_Monthly_20260422_045130.png
 create mode 100644 charts/screenshots/FCX/FCX_Monthly_20260423_044918.png
 delete mode 100644 charts/screenshots/FCX/FCX_Weekly_20260422_045130.png
 create mode 100644 charts/screenshots/FCX/FCX_Weekly_20260423_044918.png
 delete mode 100644 charts/screenshots/GE/GE_1H_20260422_051246.png
 create mode 100644 charts/screenshots/GE/GE_1H_20260423_051220.png
 delete mode 100644 charts/screenshots/GE/GE_4H_20260422_051246.png
 create mode 100644 charts/screenshots/GE/GE_4H_20260423_051220.png
 delete mode 100644 charts/screenshots/GE/GE_Daily_20260422_051246.png
 create mode 100644 charts/screenshots/GE/GE_Daily_20260423_051220.png
 delete mode 100644 charts/screenshots/GE/GE_Monthly_20260422_051246.png
 create mode 100644 charts/screenshots/GE/GE_Monthly_20260423_051220.png
 delete mode 100644 charts/screenshots/GE/GE_Weekly_20260422_051246.png
 create mode 100644 charts/screenshots/GE/GE_Weekly_20260423_051220.png
 delete mode 100644 charts/screenshots/GEV/GEV_1H_20260422_045438.png
 create mode 100644 charts/screenshots/GEV/GEV_1H_20260423_050347.png
 delete mode 100644 charts/screenshots/GEV/GEV_4H_20260422_045438.png
 create mode 100644 charts/screenshots/GEV/GEV_4H_20260423_050347.png
 delete mode 100644 charts/screenshots/GEV/GEV_Daily_20260422_045438.png
 create mode 100644 charts/screenshots/GEV/GEV_Daily_20260423_050347.png
 delete mode 100644 charts/screenshots/GEV/GEV_Monthly_20260422_045438.png
 create mode 100644 charts/screenshots/GEV/GEV_Monthly_20260423_050347.png
 delete mode 100644 charts/screenshots/GEV/GEV_Weekly_20260422_045438.png
 create mode 100644 charts/screenshots/GEV/GEV_Weekly_20260423_050347.png
 delete mode 100644 charts/screenshots/GLW/GLW_1H_20260422_045030.png
 create mode 100644 charts/screenshots/GLW/GLW_1H_20260423_045049.png
 delete mode 100644 charts/screenshots/GLW/GLW_4H_20260422_045030.png
 create mode 100644 charts/screenshots/GLW/GLW_4H_20260423_045049.png
 delete mode 100644 charts/screenshots/GLW/GLW_Daily_20260422_045030.png
 create mode 100644 charts/screenshots/GLW/GLW_Daily_20260423_045049.png
 delete mode 100644 charts/screenshots/GLW/GLW_Monthly_20260422_045030.png
 create mode 100644 charts/screenshots/GLW/GLW_Monthly_20260423_045049.png
 delete mode 100644 charts/screenshots/GLW/GLW_Weekly_20260422_045030.png
 create mode 100644 charts/screenshots/GLW/GLW_Weekly_20260423_045049.png
 delete mode 100644 charts/screenshots/GOOG/GOOG_1H_20260422_044803.png
 create mode 100644 charts/screenshots/GOOG/GOOG_1H_20260423_044747.png
 delete mode 100644 charts/screenshots/GOOG/GOOG_4H_20260422_044803.png
 create mode 100644 charts/screenshots/GOOG/GOOG_4H_20260423_044747.png
 delete mode 100644 charts/screenshots/GOOG/GOOG_Daily_20260422_044803.png
 create mode 100644 charts/screenshots/GOOG/GOOG_Daily_20260423_044747.png
 delete mode 100644 charts/screenshots/GOOG/GOOG_Monthly_20260422_044803.png
 create mode 100644 charts/screenshots/GOOG/GOOG_Monthly_20260423_044747.png
 delete mode 100644 charts/screenshots/GOOG/GOOG_Weekly_20260422_044803.png
 create mode 100644 charts/screenshots/GOOG/GOOG_Weekly_20260423_044747.png
 delete mode 100644 charts/screenshots/GOOGL/GOOGL_1H_20260422_044833.png
 create mode 100644 charts/screenshots/GOOGL/GOOGL_1H_20260423_044646.png
 delete mode 100644 charts/screenshots/GOOGL/GOOGL_4H_20260422_044833.png
 create mode 100644 charts/screenshots/GOOGL/GOOGL_4H_20260423_044646.png
 delete mode 100644 charts/screenshots/GOOGL/GOOGL_Daily_20260422_044833.png
 create mode 100644 charts/screenshots/GOOGL/GOOGL_Daily_20260423_044646.png
 delete mode 100644 charts/screenshots/GOOGL/GOOGL_Monthly_20260422_044833.png
 create mode 100644 charts/screenshots/GOOGL/GOOGL_Monthly_20260423_044646.png
 delete mode 100644 charts/screenshots/GOOGL/GOOGL_Weekly_20260422_044833.png
 create mode 100644 charts/screenshots/GOOGL/GOOGL_Weekly_20260423_044646.png
 delete mode 100644 charts/screenshots/GS/GS_1H_20260422_045540.png
 create mode 100644 charts/screenshots/GS/GS_1H_20260423_045019.png
 delete mode 100644 charts/screenshots/GS/GS_4H_20260422_045540.png
 create mode 100644 charts/screenshots/GS/GS_4H_20260423_045019.png
 delete mode 100644 charts/screenshots/GS/GS_Daily_20260422_045540.png
 create mode 100644 charts/screenshots/GS/GS_Daily_20260423_045019.png
 delete mode 100644 charts/screenshots/GS/GS_Monthly_20260422_045540.png
 create mode 100644 charts/screenshots/GS/GS_Monthly_20260423_045019.png
 delete mode 100644 charts/screenshots/GS/GS_Weekly_20260422_045540.png
 create mode 100644 charts/screenshots/GS/GS_Weekly_20260423_045019.png
 delete mode 100644 charts/screenshots/INTC/INTC_1H_20260422_044403.png
 create mode 100644 charts/screenshots/INTC/INTC_1H_20260423_044416.png
 delete mode 100644 charts/screenshots/INTC/INTC_4H_20260422_044403.png
 create mode 100644 charts/screenshots/INTC/INTC_4H_20260423_044416.png
 delete mode 100644 charts/screenshots/INTC/INTC_Daily_20260422_044403.png
 create mode 100644 charts/screenshots/INTC/INTC_Daily_20260423_044416.png
 delete mode 100644 charts/screenshots/INTC/INTC_Monthly_20260422_044403.png
 create mode 100644 charts/screenshots/INTC/INTC_Monthly_20260423_044416.png
 delete mode 100644 charts/screenshots/INTC/INTC_Weekly_20260422_044403.png
 create mode 100644 charts/screenshots/INTC/INTC_Weekly_20260423_044416.png
 delete mode 100644 charts/screenshots/IWM/IWM_1H_20260422_044301.png
 create mode 100644 charts/screenshots/IWM/IWM_1H_20260423_044317.png
 delete mode 100644 charts/screenshots/IWM/IWM_4H_20260422_044301.png
 create mode 100644 charts/screenshots/IWM/IWM_4H_20260423_044317.png
 delete mode 100644 charts/screenshots/IWM/IWM_Daily_20260422_044301.png
 create mode 100644 charts/screenshots/IWM/IWM_Daily_20260423_044317.png
 delete mode 100644 charts/screenshots/IWM/IWM_Monthly_20260422_044301.png
 create mode 100644 charts/screenshots/IWM/IWM_Monthly_20260423_044317.png
 delete mode 100644 charts/screenshots/IWM/IWM_Weekly_20260422_044301.png
 create mode 100644 charts/screenshots/IWM/IWM_Weekly_20260423_044317.png
 delete mode 100644 charts/screenshots/JPM/JPM_1H_20260422_045713.png
 create mode 100644 charts/screenshots/JPM/JPM_1H_20260423_045151.png
 delete mode 100644 charts/screenshots/JPM/JPM_4H_20260422_045713.png
 create mode 100644 charts/screenshots/JPM/JPM_4H_20260423_045151.png
 delete mode 100644 charts/screenshots/JPM/JPM_Daily_20260422_045713.png
 create mode 100644 charts/screenshots/JPM/JPM_Daily_20260423_045151.png
 delete mode 100644 charts/screenshots/JPM/JPM_Monthly_20260422_045713.png
 create mode 100644 charts/screenshots/JPM/JPM_Monthly_20260423_045151.png
 delete mode 100644 charts/screenshots/JPM/JPM_Weekly_20260422_045713.png
 create mode 100644 charts/screenshots/JPM/JPM_Weekly_20260423_045151.png
 delete mode 100644 charts/screenshots/KLAC/KLAC_1H_20260422_045304.png
 create mode 100644 charts/screenshots/KLAC/KLAC_1H_20260423_045453.png
 delete mode 100644 charts/screenshots/KLAC/KLAC_4H_20260422_045304.png
 create mode 100644 charts/screenshots/KLAC/KLAC_4H_20260423_045453.png
 delete mode 100644 charts/screenshots/KLAC/KLAC_Daily_20260422_045304.png
 create mode 100644 charts/screenshots/KLAC/KLAC_Daily_20260423_045453.png
 delete mode 100644 charts/screenshots/KLAC/KLAC_Monthly_20260422_045304.png
 create mode 100644 charts/screenshots/KLAC/KLAC_Monthly_20260423_045453.png
 delete mode 100644 charts/screenshots/KLAC/KLAC_Weekly_20260422_045304.png
 create mode 100644 charts/screenshots/KLAC/KLAC_Weekly_20260423_045453.png
 delete mode 100644 charts/screenshots/KO/KO_1H_20260422_051446.png
 delete mode 100644 charts/screenshots/KO/KO_4H_20260422_051446.png
 delete mode 100644 charts/screenshots/KO/KO_Daily_20260422_051446.png
 delete mode 100644 charts/screenshots/KO/KO_Monthly_20260422_051446.png
 delete mode 100644 charts/screenshots/KO/KO_Weekly_20260422_051446.png
 delete mode 100644 charts/screenshots/LIN/LIN_1H_20260422_051047.png
 create mode 100644 charts/screenshots/LIN/LIN_1H_20260423_050947.png
 delete mode 100644 charts/screenshots/LIN/LIN_4H_20260422_051047.png
 create mode 100644 charts/screenshots/LIN/LIN_4H_20260423_050947.png
 delete mode 100644 charts/screenshots/LIN/LIN_Daily_20260422_051047.png
 create mode 100644 charts/screenshots/LIN/LIN_Daily_20260423_050947.png
 delete mode 100644 charts/screenshots/LIN/LIN_Monthly_20260422_051047.png
 create mode 100644 charts/screenshots/LIN/LIN_Monthly_20260423_050947.png
 delete mode 100644 charts/screenshots/LIN/LIN_Weekly_20260422_051047.png
 create mode 100644 charts/screenshots/LIN/LIN_Weekly_20260423_050947.png
 delete mode 100644 charts/screenshots/LRCX/LRCX_1H_20260422_045611.png
 create mode 100644 charts/screenshots/LRCX/LRCX_1H_20260423_045524.png
 delete mode 100644 charts/screenshots/LRCX/LRCX_4H_20260422_045611.png
 create mode 100644 charts/screenshots/LRCX/LRCX_4H_20260423_045524.png
 delete mode 100644 charts/screenshots/LRCX/LRCX_Daily_20260422_045611.png
 create mode 100644 charts/screenshots/LRCX/LRCX_Daily_20260423_045524.png
 delete mode 100644 charts/screenshots/LRCX/LRCX_Monthly_20260422_045611.png
 create mode 100644 charts/screenshots/LRCX/LRCX_Monthly_20260423_045524.png
 delete mode 100644 charts/screenshots/LRCX/LRCX_Weekly_20260422_045611.png
 create mode 100644 charts/screenshots/LRCX/LRCX_Weekly_20260423_045524.png
 delete mode 100644 charts/screenshots/MCK/MCK_1H_20260422_051520.png
 delete mode 100644 charts/screenshots/MCK/MCK_4H_20260422_051520.png
 delete mode 100644 charts/screenshots/MCK/MCK_Daily_20260422_051520.png
 delete mode 100644 charts/screenshots/MCK/MCK_Monthly_20260422_051520.png
 delete mode 100644 charts/screenshots/MCK/MCK_Weekly_20260422_051520.png
 delete mode 100644 charts/screenshots/MPWR/MPWR_1H_20260422_045947.png
 create mode 100644 charts/screenshots/MPWR/MPWR_1H_20260423_045653.png
 delete mode 100644 charts/screenshots/MPWR/MPWR_4H_20260422_045947.png
 create mode 100644 charts/screenshots/MPWR/MPWR_4H_20260423_045653.png
 delete mode 100644 charts/screenshots/MPWR/MPWR_Daily_20260422_045947.png
 create mode 100644 charts/screenshots/MPWR/MPWR_Daily_20260423_045653.png
 delete mode 100644 charts/screenshots/MPWR/MPWR_Monthly_20260422_045947.png
 create mode 100644 charts/screenshots/MPWR/MPWR_Monthly_20260423_045653.png
 delete mode 100644 charts/screenshots/MPWR/MPWR_Weekly_20260422_045947.png
 create mode 100644 charts/screenshots/MPWR/MPWR_Weekly_20260423_045653.png
 delete mode 100644 charts/screenshots/MRK/MRK_1H_20260422_050515.png
 create mode 100644 charts/screenshots/MRK/MRK_1H_20260423_051046.png
 delete mode 100644 charts/screenshots/MRK/MRK_4H_20260422_050515.png
 create mode 100644 charts/screenshots/MRK/MRK_4H_20260423_051046.png
 delete mode 100644 charts/screenshots/MRK/MRK_Daily_20260422_050515.png
 create mode 100644 charts/screenshots/MRK/MRK_Daily_20260423_051046.png
 delete mode 100644 charts/screenshots/MRK/MRK_Monthly_20260422_050515.png
 create mode 100644 charts/screenshots/MRK/MRK_Monthly_20260423_051046.png
 delete mode 100644 charts/screenshots/MRK/MRK_Weekly_20260422_050515.png
 create mode 100644 charts/screenshots/MRK/MRK_Weekly_20260423_051046.png
 delete mode 100644 charts/screenshots/MRVL/MRVL_1H_20260422_050414.png
 create mode 100644 charts/screenshots/MRVL/MRVL_1H_20260423_050318.png
 delete mode 100644 charts/screenshots/MRVL/MRVL_4H_20260422_050414.png
 create mode 100644 charts/screenshots/MRVL/MRVL_4H_20260423_050318.png
 delete mode 100644 charts/screenshots/MRVL/MRVL_Daily_20260422_050414.png
 create mode 100644 charts/screenshots/MRVL/MRVL_Daily_20260423_050318.png
 delete mode 100644 charts/screenshots/MRVL/MRVL_Monthly_20260422_050414.png
 create mode 100644 charts/screenshots/MRVL/MRVL_Monthly_20260423_050318.png
 delete mode 100644 charts/screenshots/MRVL/MRVL_Weekly_20260422_050414.png
 create mode 100644 charts/screenshots/MRVL/MRVL_Weekly_20260423_050318.png
 delete mode 100644 charts/screenshots/MS/MS_1H_20260422_044607.png
 create mode 100644 charts/screenshots/MS/MS_1H_20260423_044347.png
 delete mode 100644 charts/screenshots/MS/MS_4H_20260422_044607.png
 create mode 100644 charts/screenshots/MS/MS_4H_20260423_044347.png
 delete mode 100644 charts/screenshots/MS/MS_Daily_20260422_044607.png
 create mode 100644 charts/screenshots/MS/MS_Daily_20260423_044347.png
 delete mode 100644 charts/screenshots/MS/MS_Monthly_20260422_044607.png
 create mode 100644 charts/screenshots/MS/MS_Monthly_20260423_044347.png
 delete mode 100644 charts/screenshots/MS/MS_Weekly_20260422_044607.png
 create mode 100644 charts/screenshots/MS/MS_Weekly_20260423_044347.png
 delete mode 100644 charts/screenshots/MU/MU_1H_20260422_045643.png
 create mode 100644 charts/screenshots/MU/MU_1H_20260423_045222.png
 delete mode 100644 charts/screenshots/MU/MU_4H_20260422_045643.png
 create mode 100644 charts/screenshots/MU/MU_4H_20260423_045222.png
 delete mode 100644 charts/screenshots/MU/MU_Daily_20260422_045643.png
 create mode 100644 charts/screenshots/MU/MU_Daily_20260423_045222.png
 delete mode 100644 charts/screenshots/MU/MU_Monthly_20260422_045643.png
 create mode 100644 charts/screenshots/MU/MU_Monthly_20260423_045222.png
 delete mode 100644 charts/screenshots/MU/MU_Weekly_20260422_045643.png
 create mode 100644 charts/screenshots/MU/MU_Weekly_20260423_045222.png
 delete mode 100644 charts/screenshots/NBM.V/NBM.V_1H_20260422_051620.png
 create mode 100644 charts/screenshots/NBM.V/NBM.V_1H_20260423_051728.png
 delete mode 100644 charts/screenshots/NBM.V/NBM.V_4H_20260422_051620.png
 create mode 100644 charts/screenshots/NBM.V/NBM.V_4H_20260423_051728.png
 delete mode 100644 charts/screenshots/NBM.V/NBM.V_Daily_20260422_051620.png
 create mode 100644 charts/screenshots/NBM.V/NBM.V_Daily_20260423_051728.png
 delete mode 100644 charts/screenshots/NBM.V/NBM.V_Monthly_20260422_051620.png
 create mode 100644 charts/screenshots/NBM.V/NBM.V_Monthly_20260423_051728.png
 delete mode 100644 charts/screenshots/NBM.V/NBM.V_Weekly_20260422_051620.png
 create mode 100644 charts/screenshots/NBM.V/NBM.V_Weekly_20260423_051728.png
 delete mode 100644 charts/screenshots/NEE/NEE_1H_20260422_050815.png
 create mode 100644 charts/screenshots/NEE/NEE_1H_20260423_050848.png
 delete mode 100644 charts/screenshots/NEE/NEE_4H_20260422_050815.png
 create mode 100644 charts/screenshots/NEE/NEE_4H_20260423_050848.png
 delete mode 100644 charts/screenshots/NEE/NEE_Daily_20260422_050815.png
 create mode 100644 charts/screenshots/NEE/NEE_Daily_20260423_050848.png
 delete mode 100644 charts/screenshots/NEE/NEE_Monthly_20260422_050815.png
 create mode 100644 charts/screenshots/NEE/NEE_Monthly_20260423_050848.png
 delete mode 100644 charts/screenshots/NEE/NEE_Weekly_20260422_050815.png
 create mode 100644 charts/screenshots/NEE/NEE_Weekly_20260423_050848.png
 delete mode 100644 charts/screenshots/NEM/NEM_1H_20260422_050443.png
 create mode 100644 charts/screenshots/NEM/NEM_1H_20260423_051353.png
 delete mode 100644 charts/screenshots/NEM/NEM_4H_20260422_050443.png
 create mode 100644 charts/screenshots/NEM/NEM_4H_20260423_051353.png
 delete mode 100644 charts/screenshots/NEM/NEM_Daily_20260422_050443.png
 create mode 100644 charts/screenshots/NEM/NEM_Daily_20260423_051353.png
 delete mode 100644 charts/screenshots/NEM/NEM_Monthly_20260422_050443.png
 create mode 100644 charts/screenshots/NEM/NEM_Monthly_20260423_051353.png
 delete mode 100644 charts/screenshots/NEM/NEM_Weekly_20260422_050443.png
 create mode 100644 charts/screenshots/NEM/NEM_Weekly_20260423_051353.png
 delete mode 100644 charts/screenshots/NFLX/NFLX_1H_20260422_051145.png
 create mode 100644 charts/screenshots/NFLX/NFLX_1H_20260423_051455.png
 delete mode 100644 charts/screenshots/NFLX/NFLX_4H_20260422_051145.png
 create mode 100644 charts/screenshots/NFLX/NFLX_4H_20260423_051455.png
 delete mode 100644 charts/screenshots/NFLX/NFLX_Daily_20260422_051145.png
 create mode 100644 charts/screenshots/NFLX/NFLX_Daily_20260423_051455.png
 delete mode 100644 charts/screenshots/NFLX/NFLX_Monthly_20260422_051145.png
 create mode 100644 charts/screenshots/NFLX/NFLX_Monthly_20260423_051455.png
 delete mode 100644 charts/screenshots/NFLX/NFLX_Weekly_20260422_051145.png
 create mode 100644 charts/screenshots/NFLX/NFLX_Weekly_20260423_051455.png
 delete mode 100644 charts/screenshots/NVDA/NVDA_1H_20260422_045335.png
 create mode 100644 charts/screenshots/NVDA/NVDA_1H_20260423_044948.png
 delete mode 100644 charts/screenshots/NVDA/NVDA_4H_20260422_045335.png
 create mode 100644 charts/screenshots/NVDA/NVDA_4H_20260423_044948.png
 delete mode 100644 charts/screenshots/NVDA/NVDA_Daily_20260422_045335.png
 create mode 100644 charts/screenshots/NVDA/NVDA_Daily_20260423_044948.png
 delete mode 100644 charts/screenshots/NVDA/NVDA_Monthly_20260422_045335.png
 create mode 100644 charts/screenshots/NVDA/NVDA_Monthly_20260423_044948.png
 delete mode 100644 charts/screenshots/NVDA/NVDA_Weekly_20260422_045335.png
 create mode 100644 charts/screenshots/NVDA/NVDA_Weekly_20260423_044948.png
 create mode 100644 charts/screenshots/ON/ON_1H_20260423_050249.png
 create mode 100644 charts/screenshots/ON/ON_4H_20260423_050249.png
 create mode 100644 charts/screenshots/ON/ON_Daily_20260423_050249.png
 create mode 100644 charts/screenshots/ON/ON_Monthly_20260423_050249.png
 create mode 100644 charts/screenshots/ON/ON_Weekly_20260423_050249.png
 delete mode 100644 charts/screenshots/OXY/OXY_1H_20260422_050245.png
 create mode 100644 charts/screenshots/OXY/OXY_1H_20260423_050051.png
 delete mode 100644 charts/screenshots/OXY/OXY_4H_20260422_050245.png
 create mode 100644 charts/screenshots/OXY/OXY_4H_20260423_050051.png
 delete mode 100644 charts/screenshots/OXY/OXY_Daily_20260422_050245.png
 create mode 100644 charts/screenshots/OXY/OXY_Daily_20260423_050051.png
 delete mode 100644 charts/screenshots/OXY/OXY_Monthly_20260422_050245.png
 create mode 100644 charts/screenshots/OXY/OXY_Monthly_20260423_050051.png
 delete mode 100644 charts/screenshots/OXY/OXY_Weekly_20260422_050245.png
 create mode 100644 charts/screenshots/OXY/OXY_Weekly_20260423_050051.png
 create mode 100644 charts/screenshots/PDD/PDD_1H_20260423_051250.png
 create mode 100644 charts/screenshots/PDD/PDD_4H_20260423_051250.png
 create mode 100644 charts/screenshots/PDD/PDD_Daily_20260423_051250.png
 create mode 100644 charts/screenshots/PDD/PDD_Monthly_20260423_051250.png
 create mode 100644 charts/screenshots/PDD/PDD_Weekly_20260423_051250.png
 create mode 100644 charts/screenshots/PEP/PEP_1H_20260423_050817.png
 create mode 100644 charts/screenshots/PEP/PEP_4H_20260423_050817.png
 create mode 100644 charts/screenshots/PEP/PEP_Daily_20260423_050817.png
 create mode 100644 charts/screenshots/PEP/PEP_Monthly_20260423_050817.png
 create mode 100644 charts/screenshots/PEP/PEP_Weekly_20260423_050817.png
 delete mode 100644 charts/screenshots/PFE/PFE_1H_20260422_050216.png
 create mode 100644 charts/screenshots/PFE/PFE_1H_20260423_050711.png
 delete mode 100644 charts/screenshots/PFE/PFE_4H_20260422_050216.png
 create mode 100644 charts/screenshots/PFE/PFE_4H_20260423_050711.png
 delete mode 100644 charts/screenshots/PFE/PFE_Daily_20260422_050216.png
 create mode 100644 charts/screenshots/PFE/PFE_Daily_20260423_050711.png
 delete mode 100644 charts/screenshots/PFE/PFE_Monthly_20260422_050216.png
 create mode 100644 charts/screenshots/PFE/PFE_Monthly_20260423_050711.png
 delete mode 100644 charts/screenshots/PFE/PFE_Weekly_20260422_050216.png
 create mode 100644 charts/screenshots/PFE/PFE_Weekly_20260423_050711.png
 delete mode 100644 charts/screenshots/QQQ/QQQ_1H_20260422_044332.png
 create mode 100644 charts/screenshots/QQQ/QQQ_1H_20260423_044247.png
 delete mode 100644 charts/screenshots/QQQ/QQQ_4H_20260422_044332.png
 create mode 100644 charts/screenshots/QQQ/QQQ_4H_20260423_044247.png
 delete mode 100644 charts/screenshots/QQQ/QQQ_Daily_20260422_044332.png
 create mode 100644 charts/screenshots/QQQ/QQQ_Daily_20260423_044247.png
 delete mode 100644 charts/screenshots/QQQ/QQQ_Monthly_20260422_044332.png
 create mode 100644 charts/screenshots/QQQ/QQQ_Monthly_20260423_044247.png
 delete mode 100644 charts/screenshots/QQQ/QQQ_Weekly_20260422_044332.png
 create mode 100644 charts/screenshots/QQQ/QQQ_Weekly_20260423_044247.png
 delete mode 100644 charts/screenshots/RTX/RTX_1H_20260422_051116.png
 delete mode 100644 charts/screenshots/RTX/RTX_4H_20260422_051116.png
 delete mode 100644 charts/screenshots/RTX/RTX_Daily_20260422_051116.png
 delete mode 100644 charts/screenshots/RTX/RTX_Monthly_20260422_051116.png
 delete mode 100644 charts/screenshots/RTX/RTX_Weekly_20260422_051116.png
 delete mode 100644 charts/screenshots/SBUX/SBUX_1H_20260422_045847.png
 create mode 100644 charts/screenshots/SBUX/SBUX_1H_20260423_050120.png
 delete mode 100644 charts/screenshots/SBUX/SBUX_4H_20260422_045847.png
 create mode 100644 charts/screenshots/SBUX/SBUX_4H_20260423_050120.png
 delete mode 100644 charts/screenshots/SBUX/SBUX_Daily_20260422_045847.png
 create mode 100644 charts/screenshots/SBUX/SBUX_Daily_20260423_050120.png
 delete mode 100644 charts/screenshots/SBUX/SBUX_Monthly_20260422_045847.png
 create mode 100644 charts/screenshots/SBUX/SBUX_Monthly_20260423_050120.png
 delete mode 100644 charts/screenshots/SBUX/SBUX_Weekly_20260422_045847.png
 create mode 100644 charts/screenshots/SBUX/SBUX_Weekly_20260423_050120.png
 delete mode 100644 charts/screenshots/SLB/SLB_1H_20260422_044903.png
 create mode 100644 charts/screenshots/SLB/SLB_1H_20260423_045251.png
 delete mode 100644 charts/screenshots/SLB/SLB_4H_20260422_044903.png
 create mode 100644 charts/screenshots/SLB/SLB_4H_20260423_045251.png
 delete mode 100644 charts/screenshots/SLB/SLB_Daily_20260422_044903.png
 create mode 100644 charts/screenshots/SLB/SLB_Daily_20260423_045251.png
 delete mode 100644 charts/screenshots/SLB/SLB_Monthly_20260422_044903.png
 create mode 100644 charts/screenshots/SLB/SLB_Monthly_20260423_045251.png
 delete mode 100644 charts/screenshots/SLB/SLB_Weekly_20260422_044903.png
 create mode 100644 charts/screenshots/SLB/SLB_Weekly_20260423_045251.png
 delete mode 100644 charts/screenshots/SPY/SPY_1H_20260422_050046.png
 create mode 100644 charts/screenshots/SPY/SPY_1H_20260423_045922.png
 delete mode 100644 charts/screenshots/SPY/SPY_4H_20260422_050046.png
 create mode 100644 charts/screenshots/SPY/SPY_4H_20260423_045922.png
 delete mode 100644 charts/screenshots/SPY/SPY_Daily_20260422_050046.png
 create mode 100644 charts/screenshots/SPY/SPY_Daily_20260423_045922.png
 delete mode 100644 charts/screenshots/SPY/SPY_Monthly_20260422_050046.png
 create mode 100644 charts/screenshots/SPY/SPY_Monthly_20260423_045922.png
 delete mode 100644 charts/screenshots/SPY/SPY_Weekly_20260422_050046.png
 create mode 100644 charts/screenshots/SPY/SPY_Weekly_20260423_045922.png
 delete mode 100644 charts/screenshots/STX/STX_1H_20260422_044505.png
 create mode 100644 charts/screenshots/STX/STX_1H_20260423_045853.png
 delete mode 100644 charts/screenshots/STX/STX_4H_20260422_044505.png
 create mode 100644 charts/screenshots/STX/STX_4H_20260423_045853.png
 delete mode 100644 charts/screenshots/STX/STX_Daily_20260422_044505.png
 create mode 100644 charts/screenshots/STX/STX_Daily_20260423_045853.png
 delete mode 100644 charts/screenshots/STX/STX_Monthly_20260422_044505.png
 create mode 100644 charts/screenshots/STX/STX_Monthly_20260423_045853.png
 delete mode 100644 charts/screenshots/STX/STX_Weekly_20260422_044505.png
 create mode 100644 charts/screenshots/STX/STX_Weekly_20260423_045853.png
 delete mode 100644 charts/screenshots/T/T_1H_20260422_050846.png
 create mode 100644 charts/screenshots/T/T_1H_20260423_050918.png
 delete mode 100644 charts/screenshots/T/T_4H_20260422_050846.png
 create mode 100644 charts/screenshots/T/T_4H_20260423_050918.png
 delete mode 100644 charts/screenshots/T/T_Daily_20260422_050846.png
 create mode 100644 charts/screenshots/T/T_Daily_20260423_050918.png
 delete mode 100644 charts/screenshots/T/T_Monthly_20260422_050846.png
 create mode 100644 charts/screenshots/T/T_Monthly_20260423_050918.png
 delete mode 100644 charts/screenshots/T/T_Weekly_20260422_050846.png
 create mode 100644 charts/screenshots/T/T_Weekly_20260423_050918.png
 delete mode 100644 charts/screenshots/TER/TER_1H_20260422_045406.png
 create mode 100644 charts/screenshots/TER/TER_1H_20260423_045422.png
 delete mode 100644 charts/screenshots/TER/TER_4H_20260422_045406.png
 create mode 100644 charts/screenshots/TER/TER_4H_20260423_045422.png
 delete mode 100644 charts/screenshots/TER/TER_Daily_20260422_045406.png
 create mode 100644 charts/screenshots/TER/TER_Daily_20260423_045422.png
 delete mode 100644 charts/screenshots/TER/TER_Monthly_20260422_045406.png
 create mode 100644 charts/screenshots/TER/TER_Monthly_20260423_045422.png
 delete mode 100644 charts/screenshots/TER/TER_Weekly_20260422_045406.png
 create mode 100644 charts/screenshots/TER/TER_Weekly_20260423_045422.png
 delete mode 100644 charts/screenshots/TJX/TJX_1H_20260422_051346.png
 create mode 100644 charts/screenshots/TJX/TJX_1H_20260423_051556.png
 delete mode 100644 charts/screenshots/TJX/TJX_4H_20260422_051346.png
 create mode 100644 charts/screenshots/TJX/TJX_4H_20260423_051556.png
 delete mode 100644 charts/screenshots/TJX/TJX_Daily_20260422_051346.png
 create mode 100644 charts/screenshots/TJX/TJX_Daily_20260423_051556.png
 delete mode 100644 charts/screenshots/TJX/TJX_Monthly_20260422_051346.png
 create mode 100644 charts/screenshots/TJX/TJX_Monthly_20260423_051556.png
 delete mode 100644 charts/screenshots/TJX/TJX_Weekly_20260422_051346.png
 create mode 100644 charts/screenshots/TJX/TJX_Weekly_20260423_051556.png
 delete mode 100644 charts/screenshots/TMUS/TMUS_1H_20260422_051416.png
 create mode 100644 charts/screenshots/TMUS/TMUS_1H_20260423_051627.png
 delete mode 100644 charts/screenshots/TMUS/TMUS_4H_20260422_051416.png
 create mode 100644 charts/screenshots/TMUS/TMUS_4H_20260423_051627.png
 delete mode 100644 charts/screenshots/TMUS/TMUS_Daily_20260422_051416.png
 create mode 100644 charts/screenshots/TMUS/TMUS_Daily_20260423_051627.png
 delete mode 100644 charts/screenshots/TMUS/TMUS_Monthly_20260422_051416.png
 create mode 100644 charts/screenshots/TMUS/TMUS_Monthly_20260423_051627.png
 delete mode 100644 charts/screenshots/TMUS/TMUS_Weekly_20260422_051416.png
 create mode 100644 charts/screenshots/TMUS/TMUS_Weekly_20260423_051627.png
 delete mode 100644 charts/screenshots/TXN/TXN_1H_20260422_044932.png
 create mode 100644 charts/screenshots/TXN/TXN_1H_20260423_044817.png
 delete mode 100644 charts/screenshots/TXN/TXN_4H_20260422_044932.png
 create mode 100644 charts/screenshots/TXN/TXN_4H_20260423_044817.png
 delete mode 100644 charts/screenshots/TXN/TXN_Daily_20260422_044932.png
 create mode 100644 charts/screenshots/TXN/TXN_Daily_20260423_044817.png
 delete mode 100644 charts/screenshots/TXN/TXN_Monthly_20260422_044932.png
 create mode 100644 charts/screenshots/TXN/TXN_Monthly_20260423_044817.png
 delete mode 100644 charts/screenshots/TXN/TXN_Weekly_20260422_044932.png
 create mode 100644 charts/screenshots/TXN/TXN_Weekly_20260423_044817.png
 create mode 100644 charts/screenshots/UAL/UAL_1H_20260423_051321.png
 create mode 100644 charts/screenshots/UAL/UAL_4H_20260423_051321.png
 create mode 100644 charts/screenshots/UAL/UAL_Daily_20260423_051321.png
 create mode 100644 charts/screenshots/UAL/UAL_Monthly_20260423_051321.png
 create mode 100644 charts/screenshots/UAL/UAL_Weekly_20260423_051321.png
 delete mode 100644 charts/screenshots/UNH/UNH_1H_20260422_051215.png
 create mode 100644 charts/screenshots/UNH/UNH_1H_20260423_050416.png
 delete mode 100644 charts/screenshots/UNH/UNH_4H_20260422_051215.png
 create mode 100644 charts/screenshots/UNH/UNH_4H_20260423_050416.png
 delete mode 100644 charts/screenshots/UNH/UNH_Daily_20260422_051215.png
 create mode 100644 charts/screenshots/UNH/UNH_Daily_20260423_050416.png
 delete mode 100644 charts/screenshots/UNH/UNH_Monthly_20260422_051215.png
 create mode 100644 charts/screenshots/UNH/UNH_Monthly_20260423_050416.png
 delete mode 100644 charts/screenshots/UNH/UNH_Weekly_20260422_051215.png
 create mode 100644 charts/screenshots/UNH/UNH_Weekly_20260423_050416.png
 delete mode 100644 charts/screenshots/UNP/UNP_1H_20260422_045744.png
 create mode 100644 charts/screenshots/UNP/UNP_1H_20260423_045320.png
 delete mode 100644 charts/screenshots/UNP/UNP_4H_20260422_045744.png
 create mode 100644 charts/screenshots/UNP/UNP_4H_20260423_045320.png
 delete mode 100644 charts/screenshots/UNP/UNP_Daily_20260422_045744.png
 create mode 100644 charts/screenshots/UNP/UNP_Daily_20260423_045320.png
 delete mode 100644 charts/screenshots/UNP/UNP_Monthly_20260422_045744.png
 create mode 100644 charts/screenshots/UNP/UNP_Monthly_20260423_045320.png
 delete mode 100644 charts/screenshots/UNP/UNP_Weekly_20260422_045744.png
 create mode 100644 charts/screenshots/UNP/UNP_Weekly_20260423_045320.png
 delete mode 100644 charts/screenshots/VLO/VLO_1H_20260422_045816.png
 create mode 100644 charts/screenshots/VLO/VLO_1H_20260423_045350.png
 delete mode 100644 charts/screenshots/VLO/VLO_4H_20260422_045816.png
 create mode 100644 charts/screenshots/VLO/VLO_4H_20260423_045350.png
 delete mode 100644 charts/screenshots/VLO/VLO_Daily_20260422_045816.png
 create mode 100644 charts/screenshots/VLO/VLO_Daily_20260423_045350.png
 delete mode 100644 charts/screenshots/VLO/VLO_Monthly_20260422_045816.png
 create mode 100644 charts/screenshots/VLO/VLO_Monthly_20260423_045350.png
 delete mode 100644 charts/screenshots/VLO/VLO_Weekly_20260422_045816.png
 create mode 100644 charts/screenshots/VLO/VLO_Weekly_20260423_045350.png
 delete mode 100644 charts/screenshots/VZ/VZ_1H_20260422_050345.png
 create mode 100644 charts/screenshots/VZ/VZ_1H_20260423_050218.png
 delete mode 100644 charts/screenshots/VZ/VZ_4H_20260422_050345.png
 create mode 100644 charts/screenshots/VZ/VZ_4H_20260423_050218.png
 delete mode 100644 charts/screenshots/VZ/VZ_Daily_20260422_050345.png
 create mode 100644 charts/screenshots/VZ/VZ_Daily_20260423_050218.png
 delete mode 100644 charts/screenshots/VZ/VZ_Monthly_20260422_050345.png
 create mode 100644 charts/screenshots/VZ/VZ_Monthly_20260423_050218.png
 delete mode 100644 charts/screenshots/VZ/VZ_Weekly_20260422_050345.png
 create mode 100644 charts/screenshots/VZ/VZ_Weekly_20260423_050218.png
 delete mode 100644 charts/screenshots/WDC/WDC_1H_20260422_044637.png
 create mode 100644 charts/screenshots/WDC/WDC_1H_20260423_044544.png
 delete mode 100644 charts/screenshots/WDC/WDC_4H_20260422_044637.png
 create mode 100644 charts/screenshots/WDC/WDC_4H_20260423_044544.png
 delete mode 100644 charts/screenshots/WDC/WDC_Daily_20260422_044637.png
 create mode 100644 charts/screenshots/WDC/WDC_Daily_20260423_044544.png
 delete mode 100644 charts/screenshots/WDC/WDC_Monthly_20260422_044637.png
 create mode 100644 charts/screenshots/WDC/WDC_Monthly_20260423_044544.png
 delete mode 100644 charts/screenshots/WDC/WDC_Weekly_20260422_044637.png
 create mode 100644 charts/screenshots/WDC/WDC_Weekly_20260423_044544.png
 delete mode 100644 charts/screenshots/WMT/WMT_1H_20260422_050647.png
 create mode 100644 charts/screenshots/WMT/WMT_1H_20260423_050614.png
 delete mode 100644 charts/screenshots/WMT/WMT_4H_20260422_050647.png
 create mode 100644 charts/screenshots/WMT/WMT_4H_20260423_050614.png
 delete mode 100644 charts/screenshots/WMT/WMT_Daily_20260422_050647.png
 create mode 100644 charts/screenshots/WMT/WMT_Daily_20260423_050614.png
 delete mode 100644 charts/screenshots/WMT/WMT_Monthly_20260422_050647.png
 create mode 100644 charts/screenshots/WMT/WMT_Monthly_20260423_050614.png
 delete mode 100644 charts/screenshots/WMT/WMT_Weekly_20260422_050647.png
 create mode 100644 charts/screenshots/WMT/WMT_Weekly_20260423_050614.png
 create mode 100644 charts/screenshots/XOM/XOM_1H_20260423_051148.png
 create mode 100644 charts/screenshots/XOM/XOM_4H_20260423_051148.png
 create mode 100644 charts/screenshots/XOM/XOM_Daily_20260423_051148.png
 create mode 100644 charts/screenshots/XOM/XOM_Monthly_20260423_051148.png
 create mode 100644 charts/screenshots/XOM/XOM_Weekly_20260423_051148.png
[[SP500 차트분석]] GitHub 푸시 완료
[[SP500 차트분석]] Google Sheets 업데이트 완료
[Paper Trading] SP500 ranked_df 스냅샷 저장 완료 (130개 종목)

[요약] 파이프라인 완료 – 총 3025.1초 (50.42분) 소요
