============================================================
[Unified Paper Trading] SP500 + NASDAQ/NYSE 통합 실행 시작
============================================================
2026-08-25 05:11:37,542 [INFO] paper_trading.runner — [Runner] SP500 snapshot 로드: 129개 종목
[Unified PT] SP500 snapshot 로드: 129개 종목
2026-08-25 05:11:37,550 [INFO] paper_trading.runner — [Runner] NASDAQ snapshot 로드: 221개 종목
[Unified PT] NASDAQ snapshot 로드: 221개 종목
[Unified PT] 합산 완료: 340개 종목 (SP500 129 + NASDAQ 221개, 중복 제거 후)
[Unified PT] 골든크로스임박 종목: 41개
2026-08-25 05:11:38,742 [INFO] paper_trading.candidate_selector — [전략점수 분포] ~4.0: 123 | 4.0~5.0: 32 | 5.0~5.5: 22 | 5.5~6.0: 17 | 6.0+: 146
2026-08-25 05:11:38,754 [INFO] paper_trading.candidate_selector — [CandidateSelector] Regime=bull | Filtered=2/340 | Selected: PR (CCS=0.6268)
2026-08-25 05:11:38,765 [INFO] paper_trading.engine — [PaperTrading] 교체 기준 미달 — 매수 안 함
[Unified PT] 매도=0 매수=0 보유=3종목
[Unified PT] 레짐=bull | 필터={'전략점수<6.0': 194, '바닥반등_52주과열': 0, '판단등급_미달': 141, '과열_차단': 3, '유동성_부족': 0, '어닝_임박': 0, '보유_중복': 0, '모멘텀_ADX부족': 0, '바닥_RSI데드존': 0, '섹터_집중': 0, '_통과': 2, '_전체': 340}
[Unified PT] 스킵 사유: 교체_미달
[Unified PT] Top5 후보:
  PR     CCS=0.6268 전략=📈 모멘텀 섹터=Energy
  META   CCS=0.4863 전략=📉 바닥반등 섹터=Communication Services
2026-08-25 05:11:40,882 [INFO] paper_trading.sheet_sync — [SheetSync] 포지션현황 업데이트: 3개 종목
2026-08-25 05:11:43,198 [INFO] paper_trading.sheet_sync — [SheetSync] 성과요약 업데이트: 39건 거래
[Unified PT] 구글 시트 동기화 완료
[시장분석] 46개 종목 데이터 수집 중...
2026-08-25 05:11:49,907 [WARNING] data.fetch — [fetch_analyst_data] META: 'dict' object has no attribute 'empty'
2026-08-25 05:11:49,999 [WARNING] data.fetch — [fetch_analyst_data] HD: 'dict' object has no attribute 'empty'
2026-08-25 05:11:50,000 [WARNING] data.fetch — [fetch_analyst_data] DUOL: 'dict' object has no attribute 'empty'
2026-08-25 05:11:50,051 [WARNING] data.fetch — [fetch_analyst_data] PR: 'dict' object has no attribute 'empty'
2026-08-25 05:11:50,056 [WARNING] data.fetch — [fetch_analyst_data] ABT: 'dict' object has no attribute 'empty'
2026-08-25 05:11:56,397 [WARNING] data.fetch — [fetch_analyst_data] NIQ: 'dict' object has no attribute 'empty'
2026-08-25 05:11:56,529 [WARNING] data.fetch — [fetch_analyst_data] LIF: 'dict' object has no attribute 'empty'
2026-08-25 05:11:56,556 [WARNING] data.fetch — [fetch_analyst_data] DHR: 'dict' object has no attribute 'empty'
2026-08-25 05:11:56,586 [WARNING] data.fetch — [fetch_analyst_data] WDAY: 'dict' object has no attribute 'empty'
2026-08-25 05:11:56,613 [WARNING] data.fetch — [fetch_analyst_data] MELI: 'dict' object has no attribute 'empty'
2026-08-25 05:12:03,010 [WARNING] data.fetch — [fetch_analyst_data] SYK: 'dict' object has no attribute 'empty'
2026-08-25 05:12:03,081 [WARNING] data.fetch — [fetch_analyst_data] UBER: 'dict' object has no attribute 'empty'
2026-08-25 05:12:03,140 [WARNING] data.fetch — [fetch_analyst_data] SPGI: 'dict' object has no attribute 'empty'
2026-08-25 05:12:03,165 [WARNING] data.fetch — [fetch_analyst_data] CSGP: 'dict' object has no attribute 'empty'
2026-08-25 05:12:03,184 [WARNING] data.fetch — [fetch_analyst_data] DIS: 'dict' object has no attribute 'empty'
2026-08-25 05:12:09,527 [WARNING] data.fetch — [fetch_analyst_data] SOUN: 'dict' object has no attribute 'empty'
2026-08-25 05:12:09,624 [WARNING] data.fetch — [fetch_analyst_data] Z: 'dict' object has no attribute 'empty'
2026-08-25 05:12:09,693 [WARNING] data.fetch — [fetch_analyst_data] COST: 'dict' object has no attribute 'empty'
2026-08-25 05:12:09,745 [WARNING] data.fetch — [fetch_analyst_data] HIMS: 'dict' object has no attribute 'empty'
2026-08-25 05:12:09,783 [WARNING] data.fetch — [fetch_analyst_data] PEP: 'dict' object has no attribute 'empty'
2026-08-25 05:12:16,103 [WARNING] data.fetch — [fetch_analyst_data] DXYZ: 'dict' object has no attribute 'empty'
2026-08-25 05:12:16,189 [WARNING] data.fetch — [fetch_analyst_data] ZG: 'dict' object has no attribute 'empty'
2026-08-25 05:12:16,265 [WARNING] data.fetch — [fetch_analyst_data] NFLX: 'dict' object has no attribute 'empty'
2026-08-25 05:12:16,323 [WARNING] data.fetch — [fetch_analyst_data] MCD: 'dict' object has no attribute 'empty'
2026-08-25 05:12:16,375 [WARNING] data.fetch — [fetch_analyst_data] TMUS: 'dict' object has no attribute 'empty'
2026-08-25 05:12:22,584 [WARNING] data.fetch — [fetch_analyst_data] COIN: 'dict' object has no attribute 'empty'
2026-08-25 05:12:22,667 [WARNING] data.fetch — [fetch_analyst_data] UPST: 'dict' object has no attribute 'empty'
2026-08-25 05:12:22,827 [WARNING] data.fetch — [fetch_analyst_data] MRVL: 'dict' object has no attribute 'empty'
2026-08-25 05:12:22,878 [WARNING] data.fetch — [fetch_analyst_data] ALOY: 'dict' object has no attribute 'empty'
2026-08-25 05:12:22,981 [WARNING] data.fetch — [fetch_analyst_data] EZPW: 'dict' object has no attribute 'empty'
2026-08-25 05:12:29,150 [WARNING] data.fetch — [fetch_analyst_data] BLSH: 'dict' object has no attribute 'empty'
2026-08-25 05:12:29,221 [WARNING] data.fetch — [fetch_analyst_data] PLNT: 'dict' object has no attribute 'empty'
2026-08-25 05:12:29,306 [WARNING] data.fetch — [fetch_analyst_data] CPNG: 'dict' object has no attribute 'empty'
2026-08-25 05:12:29,350 [WARNING] data.fetch — [fetch_analyst_data] MSTR: 'dict' object has no attribute 'empty'
2026-08-25 05:12:29,456 [WARNING] data.fetch — [fetch_analyst_data] NTLA: 'dict' object has no attribute 'empty'
2026-08-25 05:12:35,728 [WARNING] data.fetch — [fetch_analyst_data] ASST: 'dict' object has no attribute 'empty'
2026-08-25 05:12:35,730 [WARNING] data.fetch — [fetch_analyst_data] TSLA: 'dict' object has no attribute 'empty'
2026-08-25 05:12:35,909 [WARNING] data.fetch — [fetch_analyst_data] SMCI: 'dict' object has no attribute 'empty'
2026-08-25 05:12:35,945 [WARNING] data.fetch — [fetch_analyst_data] FMC: 'dict' object has no attribute 'empty'
2026-08-25 05:12:36,025 [WARNING] data.fetch — [fetch_analyst_data] PG: 'dict' object has no attribute 'empty'
2026-08-25 05:12:42,263 [WARNING] data.fetch — [fetch_analyst_data] BTDR: 'dict' object has no attribute 'empty'
2026-08-25 05:12:42,324 [WARNING] data.fetch — [fetch_analyst_data] NOW: 'dict' object has no attribute 'empty'
2026-08-25 05:12:42,392 [WARNING] data.fetch — [fetch_analyst_data] CLRO: 'dict' object has no attribute 'empty'
2026-08-25 05:12:42,476 [WARNING] data.fetch — [fetch_analyst_data] ARWR: 'dict' object has no attribute 'empty'
2026-08-25 05:12:42,907 [WARNING] data.fetch — [fetch_analyst_data] CVS: 'dict' object has no attribute 'empty'
2026-08-25 05:12:48,765 [WARNING] data.fetch — [fetch_analyst_data] WYFI: 'dict' object has no attribute 'empty'
[시장분석] enrichment 완료
[Email] 페이퍼 트레이딩 알림 발송 완료 (매도 0건, 매수 0건, 재평가 0건, 재평가실패 0건, 후보 2건) → chunghwan14@gmail.com, roykim0311@gmail.com, ssamjungtan@naver.com
============================================================
[Unified Paper Trading] 완료
============================================================
