============================================================
[Unified Paper Trading] SP500 + NASDAQ/NYSE 통합 실행 시작
============================================================
2026-09-09 08:09:44,194 [INFO] paper_trading.runner — [Runner] SP500 snapshot 로드: 128개 종목
[Unified PT] SP500 snapshot 로드: 128개 종목
2026-09-09 08:09:44,202 [INFO] paper_trading.runner — [Runner] NASDAQ snapshot 로드: 206개 종목
[Unified PT] NASDAQ snapshot 로드: 206개 종목
[Unified PT] 합산 완료: 325개 종목 (SP500 128 + NASDAQ 206개, 중복 제거 후)
[Unified PT] 골든크로스임박 종목: 41개
2026-09-09 08:09:45,324 [INFO] paper_trading.candidate_selector — [전략점수 분포] ~4.0: 118 | 4.0~5.0: 32 | 5.0~5.5: 25 | 5.5~6.0: 32 | 6.0+: 118
2026-09-09 08:09:45,340 [INFO] paper_trading.candidate_selector — [CandidateSelector] Regime=bull | Filtered=2/325 | Selected: RZLV (CCS=0.4670)
2026-09-09 08:09:45,352 [INFO] paper_trading.engine — [PaperTrading] 교체 기준 미달 — 매수 안 함
[Unified PT] 매도=0 매수=0 보유=3종목
[Unified PT] 레짐=bull | 필터={'전략점수<6.0': 207, '바닥반등_52주과열': 2, '판단등급_미달': 105, '과열_차단': 5, '유동성_부족': 0, '어닝_임박': 0, '보유_중복': 1, '모멘텀_ADX부족': 3, '바닥_RSI데드존': 0, '섹터_집중': 0, '_통과': 2, '_전체': 325}
[Unified PT] 스킵 사유: 교체_미달
[Unified PT] Top5 후보:
  VXX    CCS=0.4824 전략=📉 바닥반등 섹터=Unknown
  RZLV   CCS=0.4670 전략=📉 바닥반등 섹터=Technology
2026-09-09 08:09:47,885 [INFO] paper_trading.sheet_sync — [SheetSync] 포지션현황 업데이트: 3개 종목
2026-09-09 08:09:49,994 [INFO] paper_trading.sheet_sync — [SheetSync] 성과요약 업데이트: 44건 거래
[Unified PT] 구글 시트 동기화 완료
[시장분석] 45개 종목 데이터 수집 중...
2026-09-09 08:09:50,415 [ERROR] yfinance — HTTP Error 404: {"quoteSummary":{"result":null,"error":{"code":"Not Found","description":"No fundamentals data found for symbol: VXX"}}}
2026-09-09 08:09:53,695 [ERROR] yfinance — HTTP Error 404: {"quoteSummary":{"result":null,"error":{"code":"Not Found","description":"No fundamentals data found for symbol: VXX"}}}
2026-09-09 08:09:56,470 [WARNING] data.fetch — [fetch_analyst_data] RZLV: 'dict' object has no attribute 'empty'
2026-09-09 08:09:56,493 [WARNING] data.fetch — [fetch_analyst_data] META: 'dict' object has no attribute 'empty'
2026-09-09 08:09:56,533 [WARNING] data.fetch — [fetch_analyst_data] ADBE: 'dict' object has no attribute 'empty'
2026-09-09 08:09:56,608 [WARNING] data.fetch — [fetch_analyst_data] SPGI: 'dict' object has no attribute 'empty'
2026-09-09 08:09:56,945 [ERROR] yfinance — HTTP Error 404: {"quoteSummary":{"result":null,"error":{"code":"Not Found","description":"No fundamentals data found for symbol: VXX"}}}
2026-09-09 08:09:56,945 [WARNING] data.fetch — [fetch_analyst_data] VXX: 'dict' object has no attribute 'empty'
2026-09-09 08:10:02,839 [WARNING] data.fetch — [fetch_analyst_data] FIG: 'dict' object has no attribute 'empty'
2026-09-09 08:10:02,878 [WARNING] data.fetch — [fetch_analyst_data] MNDY: 'dict' object has no attribute 'empty'
2026-09-09 08:10:02,912 [WARNING] data.fetch — [fetch_analyst_data] DIS: 'dict' object has no attribute 'empty'
2026-09-09 08:10:02,959 [WARNING] data.fetch — [fetch_analyst_data] ZS: 'dict' object has no attribute 'empty'
2026-09-09 08:10:03,290 [WARNING] data.fetch — [fetch_analyst_data] UBER: 'dict' object has no attribute 'empty'
2026-09-09 08:10:09,273 [WARNING] data.fetch — [fetch_analyst_data] ABT: 'dict' object has no attribute 'empty'
2026-09-09 08:10:09,281 [WARNING] data.fetch — [fetch_analyst_data] COUR: 'dict' object has no attribute 'empty'
2026-09-09 08:10:09,291 [WARNING] data.fetch — [fetch_analyst_data] MELI: 'dict' object has no attribute 'empty'
2026-09-09 08:10:09,321 [WARNING] data.fetch — [fetch_analyst_data] ASML: 'dict' object has no attribute 'empty'
2026-09-09 08:10:09,670 [WARNING] data.fetch — [fetch_analyst_data] STX: 'dict' object has no attribute 'empty'
2026-09-09 08:10:15,635 [WARNING] data.fetch — [fetch_analyst_data] SMR: 'dict' object has no attribute 'empty'
2026-09-09 08:10:15,639 [WARNING] data.fetch — [fetch_analyst_data] NTLA: 'dict' object has no attribute 'empty'
2026-09-09 08:10:15,648 [WARNING] data.fetch — [fetch_analyst_data] ORCL: 'dict' object has no attribute 'empty'
2026-09-09 08:10:15,709 [WARNING] data.fetch — [fetch_analyst_data] FMC: 'dict' object has no attribute 'empty'
2026-09-09 08:10:16,016 [WARNING] data.fetch — [fetch_analyst_data] FLUT: 'dict' object has no attribute 'empty'
2026-09-09 08:10:21,993 [WARNING] data.fetch — [fetch_analyst_data] BTBT: 'dict' object has no attribute 'empty'
2026-09-09 08:10:21,998 [WARNING] data.fetch — [fetch_analyst_data] TSLA: 'dict' object has no attribute 'empty'
2026-09-09 08:10:22,027 [WARNING] data.fetch — [fetch_analyst_data] QCOM: 'dict' object has no attribute 'empty'
2026-09-09 08:10:22,073 [WARNING] data.fetch — [fetch_analyst_data] SYM: 'dict' object has no attribute 'empty'
2026-09-09 08:10:22,355 [WARNING] data.fetch — [fetch_analyst_data] HIVE: 'dict' object has no attribute 'empty'
2026-09-09 08:10:28,351 [WARNING] data.fetch — [fetch_analyst_data] LI: 'dict' object has no attribute 'empty'
2026-09-09 08:10:28,380 [WARNING] data.fetch — [fetch_analyst_data] NNE: 'dict' object has no attribute 'empty'
2026-09-09 08:10:28,488 [WARNING] data.fetch — [fetch_analyst_data] INTC: 'dict' object has no attribute 'empty'
2026-09-09 08:10:28,515 [WARNING] data.fetch — [fetch_analyst_data] GLW: 'dict' object has no attribute 'empty'
2026-09-09 08:10:28,719 [WARNING] data.fetch — [fetch_analyst_data] BTDR: 'dict' object has no attribute 'empty'
2026-09-09 08:10:34,758 [WARNING] data.fetch — [fetch_analyst_data] AXP: 'dict' object has no attribute 'empty'
2026-09-09 08:10:34,825 [WARNING] data.fetch — [fetch_analyst_data] PG: 'dict' object has no attribute 'empty'
2026-09-09 08:10:34,838 [WARNING] data.fetch — [fetch_analyst_data] CRE: 'dict' object has no attribute 'empty'
2026-09-09 08:10:34,919 [WARNING] data.fetch — [fetch_analyst_data] T: 'dict' object has no attribute 'empty'
2026-09-09 08:10:35,146 [WARNING] data.fetch — [fetch_analyst_data] CRM: 'dict' object has no attribute 'empty'
2026-09-09 08:10:41,121 [WARNING] data.fetch — [fetch_analyst_data] INSP: 'dict' object has no attribute 'empty'
2026-09-09 08:10:41,180 [WARNING] data.fetch — [fetch_analyst_data] WIX: 'dict' object has no attribute 'empty'
2026-09-09 08:10:41,182 [WARNING] data.fetch — [fetch_analyst_data] HUBS: 'dict' object has no attribute 'empty'
2026-09-09 08:10:41,301 [WARNING] data.fetch — [fetch_analyst_data] BKNG: 'dict' object has no attribute 'empty'
2026-09-09 08:10:41,508 [WARNING] data.fetch — [fetch_analyst_data] GPK: 'dict' object has no attribute 'empty'
2026-09-09 08:10:47,528 [WARNING] data.fetch — [fetch_analyst_data] PEP: 'dict' object has no attribute 'empty'
2026-09-09 08:10:47,532 [WARNING] data.fetch — [fetch_analyst_data] SBET: 'dict' object has no attribute 'empty'
2026-09-09 08:10:47,553 [WARNING] data.fetch — [fetch_analyst_data] CEG: 'dict' object has no attribute 'empty'
2026-09-09 08:10:47,683 [WARNING] data.fetch — [fetch_analyst_data] BAC: 'dict' object has no attribute 'empty'
2026-09-09 08:10:48,013 [WARNING] data.fetch — [fetch_analyst_data] DHT: 'dict' object has no attribute 'empty'
[시장분석] enrichment 완료
[Email] 페이퍼 트레이딩 알림 발송 완료 (매도 0건, 매수 0건, 재평가 0건, 재평가실패 0건, 후보 2건) → chunghwan14@gmail.com, roykim0311@gmail.com, ssamjungtan@naver.com
============================================================
[Unified Paper Trading] 완료
============================================================
