============================================================
[1단계] 전 종목 리스트 수집 및 기본 필터링
============================================================
[ticker_fetcher] 나스닥 FTP 서버에서 종목 리스트 다운로드 중...
[ticker_fetcher] 총 7367개 종목 로드 → 비표준 심볼 1170개 제거 → 6197개 보통주
[ticker_fetcher] 1단계 필터링 배치 1/42 (150개 종목)...
[ticker_fetcher] 1단계 필터링 배치 2/42 (150개 종목)...
[ticker_fetcher] 1단계 필터링 배치 3/42 (150개 종목)...
[ticker_fetcher] 1단계 필터링 배치 4/42 (150개 종목)...
[ticker_fetcher] 1단계 필터링 배치 5/42 (150개 종목)...
[ticker_fetcher] 1단계 필터링 배치 6/42 (150개 종목)...
[ticker_fetcher] 1단계 필터링 배치 7/42 (150개 종목)...
[ticker_fetcher] 1단계 필터링 배치 8/42 (150개 종목)...
[ticker_fetcher] 1단계 필터링 배치 9/42 (150개 종목)...
[ticker_fetcher] 1단계 필터링 배치 10/42 (150개 종목)...
[ticker_fetcher] 1단계 필터링 배치 11/42 (150개 종목)...
[ticker_fetcher] 1단계 필터링 배치 12/42 (150개 종목)...
[ticker_fetcher] 1단계 필터링 배치 13/42 (150개 종목)...
[ticker_fetcher] 1단계 필터링 배치 14/42 (150개 종목)...
[ticker_fetcher] 1단계 필터링 배치 15/42 (150개 종목)...
[ticker_fetcher] 1단계 필터링 배치 16/42 (150개 종목)...
[ticker_fetcher] 1단계 필터링 배치 17/42 (150개 종목)...
[ticker_fetcher] 1단계 필터링 배치 18/42 (150개 종목)...
[ticker_fetcher] 1단계 필터링 배치 19/42 (150개 종목)...
[ticker_fetcher] 1단계 필터링 배치 20/42 (150개 종목)...
[ticker_fetcher] 1단계 필터링 배치 21/42 (150개 종목)...
[ticker_fetcher] 1단계 필터링 배치 22/42 (150개 종목)...
[ticker_fetcher] 1단계 필터링 배치 23/42 (150개 종목)...
[ticker_fetcher] 1단계 필터링 배치 24/42 (150개 종목)...
[ticker_fetcher] 1단계 필터링 배치 25/42 (150개 종목)...
[ticker_fetcher] 1단계 필터링 배치 26/42 (150개 종목)...
[ticker_fetcher] 1단계 필터링 배치 27/42 (150개 종목)...
[ticker_fetcher] 1단계 필터링 배치 28/42 (150개 종목)...
[ticker_fetcher] 1단계 필터링 배치 29/42 (150개 종목)...
[ticker_fetcher] 1단계 필터링 배치 30/42 (150개 종목)...
[ticker_fetcher] 1단계 필터링 배치 31/42 (150개 종목)...
[ticker_fetcher] 1단계 필터링 배치 32/42 (150개 종목)...
[ticker_fetcher] 1단계 필터링 배치 33/42 (150개 종목)...
[ticker_fetcher] 1단계 필터링 배치 34/42 (150개 종목)...
[ticker_fetcher] 1단계 필터링 배치 35/42 (150개 종목)...
[ticker_fetcher] 1단계 필터링 배치 36/42 (150개 종목)...
[ticker_fetcher] 1단계 필터링 배치 37/42 (150개 종목)...
[ticker_fetcher] 1단계 필터링 배치 38/42 (150개 종목)...
[ticker_fetcher] 1단계 필터링 배치 39/42 (150개 종목)...
[ticker_fetcher] 1단계 필터링 배치 40/42 (150개 종목)...
[ticker_fetcher] 1단계 필터링 배치 41/42 (150개 종목)...
[ticker_fetcher] 1단계 필터링 배치 42/42 (47개 종목)...
[ticker_fetcher] 1단계 필터링 완료: 6197개 → 4109개 (가격 ≥ $1.0, 평균 거래량 ≥ 100,000)

============================================================
[2단계] 바닥 탈출 / 강세 돌파 후보 선별
============================================================
[2단계] 배치 1/28 (150개 종목 분석 중)...
[2단계] 배치 2/28 (150개 종목 분석 중)...
[2단계] 배치 3/28 (150개 종목 분석 중)...
[2단계] 배치 4/28 (150개 종목 분석 중)...
[2단계] 배치 5/28 (150개 종목 분석 중)...
[2단계] 배치 6/28 (150개 종목 분석 중)...
[2단계] 배치 7/28 (150개 종목 분석 중)...
[2단계] 배치 8/28 (150개 종목 분석 중)...
[2단계] 배치 9/28 (150개 종목 분석 중)...
[2단계] 배치 10/28 (150개 종목 분석 중)...
[2단계] 배치 11/28 (150개 종목 분석 중)...
[2단계] 배치 12/28 (150개 종목 분석 중)...
[2단계] 배치 13/28 (150개 종목 분석 중)...
[2단계] 배치 14/28 (150개 종목 분석 중)...
[2단계] 배치 15/28 (150개 종목 분석 중)...
[2단계] 배치 16/28 (150개 종목 분석 중)...
[2단계] 배치 17/28 (150개 종목 분석 중)...
[2단계] 배치 18/28 (150개 종목 분석 중)...
[2단계] 배치 19/28 (150개 종목 분석 중)...
[2단계] 배치 20/28 (150개 종목 분석 중)...
[2단계] 배치 21/28 (150개 종목 분석 중)...
[2단계] 배치 22/28 (150개 종목 분석 중)...
[2단계] 배치 23/28 (150개 종목 분석 중)...
[2단계] 배치 24/28 (150개 종목 분석 중)...
[2단계] 배치 25/28 (150개 종목 분석 중)...
[2단계] 배치 26/28 (150개 종목 분석 중)...
[2단계] 배치 27/28 (150개 종목 분석 중)...
[2단계] 배치 28/28 (59개 종목 분석 중)...
[2단계] 필터링 완료: 4109개 → 916개 후보 선별

============================================================
[3단계] 916개 후보 종목 정밀 분석
============================================================
[[NASDAQ/NYSE 분석]] 강한 섹터: {'Industrials', 'Financials', 'Utilities', 'Energy', 'Materials', 'Information Technology', 'Real Estate'}
[[NASDAQ/NYSE 분석]] Extreme model 'label_low' ROC 0.59, AP 0.47
[[NASDAQ/NYSE 분석]] Extreme model 'label_high' ROC 0.62, AP 0.47
[[NASDAQ/NYSE 분석]] Google Sheets 업데이트 완료 (229개 종목)
[Email] 바닥반등 39개 + 모멘텀 104개 = 총 143개 종목 리스트를 chunghwan14@gmail.com로 발송 완료

============================================================
[[NASDAQ/NYSE 차트분석]] 이메일 대상 종목 차트 분석 시작
============================================================
[[NASDAQ/NYSE 차트분석]] 차트분석 대상 143개 종목: ['ONTO', 'IT', 'KOD', 'CNTA', 'SPHR', 'WDC', 'FN', 'NVT', 'ENS', 'IESC', 'TTD', 'OPEN', 'SATL', 'BURL', 'MYRG', 'AUR', 'VSAT', 'VRDN', 'ITT', 'WVE', 'FIG', 'JBS', 'QBTS', 'FTI', 'TNGX', 'MRVL', 'QS', 'NSA', 'BWXT', 'AMAT', 'SLB', 'ANNA', 'APPF', 'AEIS', 'GEV', 'APGE', 'AUGO', 'LSTR', 'ACHR', 'STX', 'CAR', 'POWL', 'BULL', 'BRBR', 'PVH', 'KLAC', 'RL', 'ORKA', 'ESI', 'GLW', 'MRX', 'GTLB', 'NBIS', 'ELVN', 'OKLO', 'LWLG', 'PRIM', 'BIAF', 'MPWR', 'ESE', 'KVYO', 'CAMT', 'LRCX', 'RGTI', 'PLPC', 'NOK', 'CSTM', 'MKSI', 'STM', 'HUT', 'RBRK', 'LFUS', 'SNDK', 'ALKS', 'R', 'ZS', 'TENB', 'TSEM', 'VIK', 'NVMI', 'FORM', 'CC', 'TIGO', 'CRUS', 'RH', 'QUBT', 'ASX', 'INTC', 'FRMI', 'DBD', 'SMR', 'TERN', 'AAOI', 'PLXS', 'SNEX', 'SFD', 'CYCN', 'TER', 'ACLS', 'WULF', 'ADMA', 'BW', 'FLG', 'NTNX', 'XPO', 'LEU', 'SRRK', 'MOD', 'ECG', 'CRCL', 'MTZ', 'PONY', 'VRNS', 'VIRT', 'AIR', 'SNX', 'AXON', 'ERAS', 'JOBY', 'UGRO', 'LSCC', 'CIEN', 'FLEX', 'AMKR', 'AGX', 'C', 'UCTT', 'LGN', 'SRPT', 'TTAN', 'NOW', 'TEM', 'LITE', 'DELL', 'AEHR', 'DOCN', 'JBL', 'APLS', 'IRDM', 'VIAV', 'ELF', 'BTSG', 'TRI']
[[NASDAQ/NYSE 차트분석]] Google Sheets 업데이트 완료 (143개 종목)
[Paper Trading] NASDAQ ranked_df 스냅샷 저장 완료 (229개 종목)

[요약] 전 종목 스캔 완료 – 총 2283.6초 (38.06분) 소요
