============================================================
[Unified Paper Trading] SP500 + NASDAQ/NYSE 통합 실행 시작
============================================================
2026-04-09 23:21:59,331 [INFO] paper_trading.runner — [Runner] SP500 snapshot 로드: 130개 종목
[Unified PT] SP500 snapshot 로드: 130개 종목
2026-04-09 23:21:59,339 [INFO] paper_trading.runner — [Runner] NASDAQ snapshot 로드: 229개 종목
[Unified PT] NASDAQ snapshot 로드: 229개 종목
[Unified PT] 합산 완료: 340개 종목 (SP500 130 + NASDAQ 229개, 중복 제거 후)
2026-04-09 23:22:00,359 [INFO] paper_trading.candidate_selector — [전략점수 분포] ~4.0: 115 | 4.0~5.0: 23 | 5.0~5.5: 31 | 5.5~6.0: 17 | 6.0+: 154
2026-04-09 23:22:00,370 [INFO] paper_trading.candidate_selector — [CandidateSelector] Regime=bull | Filtered=2/340 | Selected: HON (CCS=0.4659)
2026-04-09 23:22:00,374 [INFO] paper_trading.engine — [PaperTrading] 교체 기준 미달 — 매수 안 함
[Unified PT] 매도=0 매수=0 보유=3종목
[Unified PT] 레짐=bull | 필터={'전략점수<6.0': 186, '바닥반등_52주과열': 1, '판단등급_미달': 142, '과열_차단': 6, '유동성_부족': 0, '어닝_임박': 0, '보유_중복': 0, '모멘텀_ADX부족': 3, '바닥_RSI데드존': 0, '섹터_집중': 0, '_통과': 2, '_전체': 340}
[Unified PT] 스킵 사유: 교체_미달
[Unified PT] Top5 후보:
  HON    CCS=0.4659 전략=📈 모멘텀 섹터=Industrials
  VRDN   CCS=0.4233 전략=📉 바닥반등 섹터=Healthcare
2026-04-09 23:22:01,644 [INFO] paper_trading.sheet_sync — [SheetSync] 포지션현황 업데이트: 3개 종목
2026-04-09 23:22:02,761 [INFO] paper_trading.sheet_sync — [SheetSync] 성과요약 업데이트: 0건 거래
[Unified PT] 구글 시트 동기화 완료
[Email] 페이퍼 트레이딩 변동 없음 — 이메일 발송 생략
============================================================
[Unified Paper Trading] 완료
============================================================
