[OHLCV] 배치 다운로드 1/4 (150개 종목, period=5y)...
[OHLCV] 배치 다운로드 2/4 (150개 종목, period=5y)...
[OHLCV] 배치 다운로드 3/4 (150개 종목, period=5y)...
[OHLCV] 배치 다운로드 4/4 (68개 종목, period=5y)...
[DataValidator] 10건의 데이터 품질 경고 발생
Warning:  BDX: Close NaN 비율 100.0% (기준: 30%)
Warning:  GEHC: Close NaN 비율 31.2% (기준: 30%)
Warning:  GL: 비정상 가격 변동 53.1% (2024-04-11) — 스플릿/데이터 오류 가능
Warning:  DAY: Close NaN 비율 100.0% (기준: 30%)
Warning:  GEV: Close NaN 비율 56.7% (기준: 30%)
Warning:  HOOD: 비정상 가격 변동 50.4% (2021-08-04) — 스플릿/데이터 오류 가능
Warning:  KVUE: Close NaN 비율 38.7% (기준: 30%)
Warning:  PDD: 비정상 가격 변동 56.1% (2022-03-16) — 스플릿/데이터 오류 가능
Warning:  SOLV: Close NaN 비율 56.6% (기준: 30%)
Warning:  VLTO: Close NaN 비율 47.1% (기준: 30%)
[[SP500 분석]] 강한 섹터: {'Information Technology'}
[[SP500 분석]] Extreme model 'label_low' walk-forward ROC 0.66, AP 0.37
[[SP500 분석]] Extreme model 'label_high' walk-forward ROC 0.58, AP 0.23
[[SP500 분석]] Google Sheets 업데이트 완료
[Email] 바닥반등 14개 + 모멘텀 62개 = 총 76개 종목 리스트를 chunghwan14@gmail.com, roykim0311@gmail.com, ssamjungtan@naver.com로 발송 완료
[[SP500 분석]] Signals 결과 기반 차트분석 종목 리스트 생성 중...
[Dynamic Portfolio] 생성된 차트분석 종목 리스트(79개): ['NBM.V', 'ELF', 'BBAI', 'AMAT', 'BSX', 'MU', 'ORCL', 'MPWR', 'NVDA', 'AMD', 'GEV', 'ASML', 'ANET', 'COST', 'TJX', 'ON', 'PWR', 'CAT', 'UNH', 'KO', 'LLY', 'CVX', 'TER', 'GS', 'T', 'STX', 'BA', 'HON', 'SPY', 'ISRG', 'GE', 'TXN', 'SNPS', 'DELL', 'ZS', 'MCHP', 'F', 'ADI', 'LIN', 'AAPL', 'SBUX', 'SMCI', 'C', 'AVGO', 'PEP', 'INTC', 'UNP', 'WDC', 'AMZN', 'JNJ', 'INTU', 'PM', 'GOOGL', 'TSLA', 'COIN', 'CVS', 'MRK', 'GOOG', 'QQQ', 'CSCO', 'LRCX', 'IWM', 'AKAM', 'ETN', 'DDOG', 'NXPI', 'FCX', 'PANW', 'EBAY', 'MS', 'MRVL', 'CRWD', 'DASH', 'KLAC', 'APP', 'TGT', 'QCOM', 'GLW', 'VZ']
[[SP500 차트분석]] [SP500 분석] 결과 기반 [SP500 차트분석] 시트 생성 중 (79개 종목)...
[[SP500 차트분석]] [SP500 분석]에 없는 종목은 별도 분석: ['NBM.V', 'ELF', 'BBAI']
[DataValidator] 2건의 데이터 품질 경고 발생
Warning:  BBAI: 비정상 가격 변동 260.5% (2023-01-12) — 스플릿/데이터 오류 가능
Warning:  NBM.V: 비정상 가격 변동 56.3% (2024-09-25) — 스플릿/데이터 오류 가능
[[SP500 차트분석]] 강한 섹터: {'Information Technology'}
[[SP500 차트분석]] Extreme model 'global' skipped: insufficient_tickers
[[SP500 차트분석]] 기존 차트 파일 삭제 중...
[[SP500 차트분석]] 차트 저장 디렉토리 준비 완료: charts/screenshots
[[SP500 차트분석]] TradingView 차트 캡처 시작...
[[SP500 차트분석]] 79개 종목 차트 캡처 중...
[TradingView] SPY 브라우저 세션 시작  (로그인 세션)...
[TradingView] 1H 캡처 완료 (60)
[TradingView] 4H 캡처 완료 (240)
[TradingView] Daily 캡처 완료 (D)
[TradingView] Weekly 캡처 완료 (W)
[TradingView] Monthly 캡처 완료 (M)
[[SP500 차트분석]] SPY 차트 5개 처리 완료
[TradingView] AKAM 브라우저 세션 시작  (로그인 세션)...
[TradingView] 1H 캡처 완료 (60)
[TradingView] 4H 캡처 완료 (240)
[TradingView] Daily 캡처 완료 (D)
[TradingView] Weekly 캡처 완료 (W)
[TradingView] Monthly 캡처 완료 (M)
[[SP500 차트분석]] AKAM 차트 5개 처리 완료
[TradingView] UNH 브라우저 세션 시작  (로그인 세션)...
[TradingView] 1H 캡처 완료 (60)
[TradingView] 4H 캡처 완료 (240)
[TradingView] Daily 캡처 완료 (D)
[TradingView] Weekly 캡처 완료 (W)
[TradingView] Monthly 캡처 완료 (M)
[[SP500 차트분석]] UNH 차트 5개 처리 완료
[TradingView] CSCO 브라우저 세션 시작  (로그인 세션)...
[TradingView] 1H 캡처 완료 (60)
[TradingView] 4H 캡처 완료 (240)
[TradingView] Daily 캡처 완료 (D)
[TradingView] Weekly 캡처 완료 (W)
[TradingView] Monthly 캡처 완료 (M)
[[SP500 차트분석]] CSCO 차트 5개 처리 완료
[TradingView] MRVL 브라우저 세션 시작  (로그인 세션)...
[TradingView] 1H 캡처 완료 (60)
[TradingView] 4H 캡처 완료 (240)
[TradingView] Daily 캡처 완료 (D)
[TradingView] Weekly 캡처 완료 (W)
[TradingView] Monthly 캡처 완료 (M)
[[SP500 차트분석]] MRVL 차트 5개 처리 완료
[TradingView] CVS 브라우저 세션 시작  (로그인 세션)...
[TradingView] 1H 캡처 완료 (60)
[TradingView] 4H 캡처 완료 (240)
[TradingView] Daily 캡처 완료 (D)
[TradingView] Weekly 캡처 완료 (W)
[TradingView] Monthly 캡처 완료 (M)
[[SP500 차트분석]] CVS 차트 5개 처리 완료
[TradingView] GOOG 브라우저 세션 시작  (로그인 세션)...
[TradingView] 1H 캡처 완료 (60)
[TradingView] 4H 캡처 완료 (240)
[TradingView] Daily 캡처 완료 (D)
[TradingView] Weekly 캡처 완료 (W)
[TradingView] Monthly 캡처 완료 (M)
[[SP500 차트분석]] GOOG 차트 5개 처리 완료
[TradingView] GOOGL 브라우저 세션 시작  (로그인 세션)...
[TradingView] 1H 캡처 완료 (60)
[TradingView] 4H 캡처 완료 (240)
[TradingView] Daily 캡처 완료 (D)
[TradingView] Weekly 캡처 완료 (W)
[TradingView] Monthly 캡처 완료 (M)
[[SP500 차트분석]] GOOGL 차트 5개 처리 완료
[TradingView] INTC 브라우저 세션 시작  (로그인 세션)...
[TradingView] 1H 캡처 완료 (60)
[TradingView] 4H 캡처 완료 (240)
[TradingView] Daily 캡처 완료 (D)
[TradingView] Weekly 캡처 완료 (W)
[TradingView] Monthly 캡처 완료 (M)
[[SP500 차트분석]] INTC 차트 5개 처리 완료
[TradingView] MCHP 브라우저 세션 시작  (로그인 세션)...
[TradingView] 1H 캡처 완료 (60)
[TradingView] 4H 캡처 완료 (240)
[TradingView] Daily 캡처 완료 (D)
[TradingView] Weekly 캡처 완료 (W)
[TradingView] Monthly 캡처 완료 (M)
[[SP500 차트분석]] MCHP 차트 5개 처리 완료
[TradingView] ON 브라우저 세션 시작  (로그인 세션)...
[TradingView] 1H 캡처 완료 (60)
[TradingView] 4H 캡처 완료 (240)
[TradingView] Daily 캡처 완료 (D)
[TradingView] Weekly 캡처 완료 (W)
[TradingView] Monthly 캡처 완료 (M)
[[SP500 차트분석]] ON 차트 5개 처리 완료
[TradingView] PANW 브라우저 세션 시작  (로그인 세션)...
[TradingView] 1H 캡처 완료 (60)
[TradingView] 4H 캡처 완료 (240)
[TradingView] Daily 캡처 완료 (D)
[TradingView] Weekly 캡처 완료 (W)
[TradingView] Monthly 캡처 완료 (M)
[[SP500 차트분석]] PANW 차트 5개 처리 완료
[TradingView] PM 브라우저 세션 시작  (로그인 세션)...
[TradingView] 1H 캡처 완료 (60)
[TradingView] 4H 캡처 완료 (240)
[TradingView] Daily 캡처 완료 (D)
[TradingView] Weekly 캡처 완료 (W)
[TradingView] Monthly 캡처 완료 (M)
[[SP500 차트분석]] PM 차트 5개 처리 완료
[TradingView] PWR 브라우저 세션 시작  (로그인 세션)...
[TradingView] 1H 캡처 완료 (60)
[TradingView] 4H 캡처 완료 (240)
[TradingView] Daily 캡처 완료 (D)
[TradingView] Weekly 캡처 완료 (W)
[TradingView] Monthly 캡처 완료 (M)
[[SP500 차트분석]] PWR 차트 5개 처리 완료
[TradingView] TXN 브라우저 세션 시작  (로그인 세션)...
[TradingView] 1H 캡처 완료 (60)
[TradingView] 4H 캡처 완료 (240)
[TradingView] Daily 캡처 완료 (D)
[TradingView] Weekly 캡처 완료 (W)
[TradingView] Monthly 캡처 완료 (M)
[[SP500 차트분석]] TXN 차트 5개 처리 완료
[TradingView] WDC 브라우저 세션 시작  (로그인 세션)...
[TradingView] 1H 캡처 완료 (60)
[TradingView] 4H 캡처 완료 (240)
[TradingView] Daily 캡처 완료 (D)
[TradingView] Weekly 캡처 완료 (W)
[TradingView] Monthly 캡처 완료 (M)
[[SP500 차트분석]] WDC 차트 5개 처리 완료
[TradingView] AMZN 브라우저 세션 시작  (로그인 세션)...
[TradingView] 1H 캡처 완료 (60)
[TradingView] 4H 캡처 완료 (240)
[TradingView] Daily 캡처 완료 (D)
[TradingView] Weekly 캡처 완료 (W)
[TradingView] Monthly 캡처 완료 (M)
[[SP500 차트분석]] AMZN 차트 5개 처리 완료
[TradingView] SNPS 브라우저 세션 시작  (로그인 세션)...
[TradingView] 1H 캡처 완료 (60)
[TradingView] 4H 캡처 완료 (240)
[TradingView] Daily 캡처 완료 (D)
[TradingView] Weekly 캡처 완료 (W)
[TradingView] Monthly 캡처 완료 (M)
[[SP500 차트분석]] SNPS 차트 5개 처리 완료
[TradingView] TGT 브라우저 세션 시작  (로그인 세션)...
[TradingView] 1H 캡처 완료 (60)
[TradingView] 4H 캡처 완료 (240)
[TradingView] Daily 캡처 완료 (D)
[TradingView] Weekly 캡처 완료 (W)
[TradingView] Monthly 캡처 완료 (M)
[[SP500 차트분석]] TGT 차트 5개 처리 완료
[TradingView] TSLA 브라우저 세션 시작  (로그인 세션)...
[TradingView] 1H 캡처 완료 (60)
[TradingView] 4H 캡처 완료 (240)
[TradingView] Daily 캡처 완료 (D)
[TradingView] Weekly 캡처 완료 (W)
[TradingView] Monthly 캡처 완료 (M)
[[SP500 차트분석]] TSLA 차트 5개 처리 완료
[TradingView] NXPI 브라우저 세션 시작  (로그인 세션)...
[TradingView] 1H 캡처 완료 (60)
[TradingView] 4H 캡처 완료 (240)
[TradingView] Daily 캡처 완료 (D)
[TradingView] Weekly 캡처 완료 (W)
[TradingView] Monthly 캡처 완료 (M)
[[SP500 차트분석]] NXPI 차트 5개 처리 완료
[TradingView] AMAT 브라우저 세션 시작  (로그인 세션)...
[TradingView] 1H 캡처 완료 (60)
[TradingView] 4H 캡처 완료 (240)
[TradingView] Daily 캡처 완료 (D)
[TradingView] Weekly 캡처 완료 (W)
[TradingView] Monthly 캡처 완료 (M)
[[SP500 차트분석]] AMAT 차트 5개 처리 완료
[TradingView] CAT 브라우저 세션 시작  (로그인 세션)...
[TradingView] 1H 캡처 완료 (60)
[TradingView] 4H 캡처 완료 (240)
[TradingView] Daily 캡처 완료 (D)
[TradingView] Weekly 캡처 완료 (W)
[TradingView] Monthly 캡처 완료 (M)
[[SP500 차트분석]] CAT 차트 5개 처리 완료
[TradingView] KO 브라우저 세션 시작  (로그인 세션)...
[TradingView] 1H 캡처 완료 (60)
[TradingView] 4H 캡처 완료 (240)
[TradingView] Daily 캡처 완료 (D)
[TradingView] Weekly 캡처 완료 (W)
[TradingView] Monthly 캡처 완료 (M)
[[SP500 차트분석]] KO 차트 5개 처리 완료
[TradingView] LRCX 브라우저 세션 시작  (로그인 세션)...
[TradingView] 1H 캡처 완료 (60)
[TradingView] 4H 캡처 완료 (240)
[TradingView] Daily 캡처 완료 (D)
[TradingView] Weekly 캡처 완료 (W)
[TradingView] Monthly 캡처 완료 (M)
[[SP500 차트분석]] LRCX 차트 5개 처리 완료
[TradingView] MPWR 브라우저 세션 시작  (로그인 세션)...
[TradingView] 1H 캡처 완료 (60)
[TradingView] 4H 캡처 완료 (240)
[TradingView] Daily 캡처 완료 (D)
[TradingView] Weekly 캡처 완료 (W)
[TradingView] Monthly 캡처 완료 (M)
[[SP500 차트분석]] MPWR 차트 5개 처리 완료
[TradingView] MS 브라우저 세션 시작  (로그인 세션)...
[TradingView] 1H 캡처 완료 (60)
[TradingView] 4H 캡처 완료 (240)
[TradingView] Daily 캡처 완료 (D)
[TradingView] Weekly 캡처 완료 (W)
[TradingView] Monthly 캡처 완료 (M)
[[SP500 차트분석]] MS 차트 5개 처리 완료
[TradingView] TER 브라우저 세션 시작  (로그인 세션)...
[TradingView] 1H 캡처 완료 (60)
[TradingView] 4H 캡처 완료 (240)
[TradingView] Daily 캡처 완료 (D)
[TradingView] Weekly 캡처 완료 (W)
[TradingView] Monthly 캡처 완료 (M)
[[SP500 차트분석]] TER 차트 5개 처리 완료
[TradingView] QCOM 브라우저 세션 시작  (로그인 세션)...
[TradingView] 1H 캡처 완료 (60)
[TradingView] 4H 캡처 완료 (240)
[TradingView] Daily 캡처 완료 (D)
[TradingView] Weekly 캡처 완료 (W)
[TradingView] Monthly 캡처 완료 (M)
[[SP500 차트분석]] QCOM 차트 5개 처리 완료
[TradingView] QQQ 브라우저 세션 시작  (로그인 세션)...
[TradingView] 1H 캡처 완료 (60)
[TradingView] 4H 캡처 완료 (240)
[TradingView] Daily 캡처 완료 (D)
[TradingView] Weekly 캡처 완료 (W)
[TradingView] Monthly 캡처 완료 (M)
[[SP500 차트분석]] QQQ 차트 5개 처리 완료
[TradingView] STX 브라우저 세션 시작  (로그인 세션)...
[TradingView] 1H 캡처 완료 (60)
[TradingView] 4H 캡처 완료 (240)
[TradingView] Daily 캡처 완료 (D)
[TradingView] Weekly 캡처 완료 (W)
[TradingView] Monthly 캡처 완료 (M)
[[SP500 차트분석]] STX 차트 5개 처리 완료
[TradingView] IWM 브라우저 세션 시작  (로그인 세션)...
[TradingView] 1H 캡처 완료 (60)
[TradingView] 4H 캡처 완료 (240)
[TradingView] Daily 캡처 완료 (D)
[TradingView] Weekly 캡처 완료 (W)
[TradingView] Monthly 캡처 완료 (M)
[[SP500 차트분석]] IWM 차트 5개 처리 완료
[TradingView] AAPL 브라우저 세션 시작  (로그인 세션)...
[TradingView] 1H 캡처 완료 (60)
[TradingView] 4H 캡처 완료 (240)
[TradingView] Daily 캡처 완료 (D)
[TradingView] Weekly 캡처 완료 (W)
[TradingView] Monthly 캡처 완료 (M)
[[SP500 차트분석]] AAPL 차트 5개 처리 완료
[TradingView] AMD 브라우저 세션 시작  (로그인 세션)...
[TradingView] 1H 캡처 완료 (60)
[TradingView] 4H 캡처 완료 (240)
[TradingView] Daily 캡처 완료 (D)
[TradingView] Weekly 캡처 완료 (W)
[TradingView] Monthly 캡처 완료 (M)
[[SP500 차트분석]] AMD 차트 5개 처리 완료
[TradingView] CRWD 브라우저 세션 시작  (로그인 세션)...
[TradingView] 1H 캡처 완료 (60)
[TradingView] 4H 캡처 완료 (240)
[TradingView] Daily 캡처 완료 (D)
[TradingView] Weekly 캡처 완료 (W)
[TradingView] Monthly 캡처 완료 (M)
[[SP500 차트분석]] CRWD 차트 5개 처리 완료
[TradingView] DDOG 브라우저 세션 시작  (로그인 세션)...
[TradingView] 1H 캡처 완료 (60)
[TradingView] 4H 캡처 완료 (240)
[TradingView] Daily 캡처 완료 (D)
[TradingView] Weekly 캡처 완료 (W)
[TradingView] Monthly 캡처 완료 (M)
[[SP500 차트분석]] DDOG 차트 5개 처리 완료
[TradingView] LLY 브라우저 세션 시작  (로그인 세션)...
[TradingView] 1H 캡처 완료 (60)
[TradingView] 4H 캡처 완료 (240)
[TradingView] Daily 캡처 완료 (D)
[TradingView] Weekly 캡처 완료 (W)
[TradingView] Monthly 캡처 완료 (M)
[[SP500 차트분석]] LLY 차트 5개 처리 완료
[TradingView] ORCL 브라우저 세션 시작  (로그인 세션)...
[TradingView] 1H 캡처 완료 (60)
[TradingView] 4H 캡처 완료 (240)
[TradingView] Daily 캡처 완료 (D)
[TradingView] Weekly 캡처 완료 (W)
[TradingView] Monthly 캡처 완료 (M)
[[SP500 차트분석]] ORCL 차트 5개 처리 완료
[TradingView] AVGO 브라우저 세션 시작  (로그인 세션)...
[TradingView] 1H 캡처 완료 (60)
[TradingView] 4H 캡처 완료 (240)
[TradingView] Daily 캡처 완료 (D)
[TradingView] Weekly 캡처 완료 (W)
[TradingView] Monthly 캡처 완료 (M)
[[SP500 차트분석]] AVGO 차트 5개 처리 완료
[TradingView] EBAY 브라우저 세션 시작  (로그인 세션)...
[TradingView] 1H 캡처 완료 (60)
[TradingView] 4H 캡처 완료 (240)
[TradingView] Daily 캡처 완료 (D)
[TradingView] Weekly 캡처 완료 (W)
[TradingView] Monthly 캡처 완료 (M)
[[SP500 차트분석]] EBAY 차트 5개 처리 완료
[TradingView] FCX 브라우저 세션 시작  (로그인 세션)...
[TradingView] 1H 캡처 완료 (60)
[TradingView] 4H 캡처 완료 (240)
[TradingView] Daily 캡처 완료 (D)
[TradingView] Weekly 캡처 완료 (W)
[TradingView] Monthly 캡처 완료 (M)
[[SP500 차트분석]] FCX 차트 5개 처리 완료
[TradingView] UNP 브라우저 세션 시작  (로그인 세션)...
[TradingView] 1H 캡처 완료 (60)
[TradingView] 4H 캡처 완료 (240)
[TradingView] Daily 캡처 완료 (D)
[TradingView] Weekly 캡처 완료 (W)
[TradingView] Monthly 캡처 완료 (M)
[[SP500 차트분석]] UNP 차트 5개 처리 완료
[TradingView] GS 브라우저 세션 시작  (로그인 세션)...
[TradingView] 1H 캡처 완료 (60)
[TradingView] 4H 캡처 완료 (240)
[TradingView] Daily 캡처 완료 (D)
[TradingView] Weekly 캡처 완료 (W)
[TradingView] Monthly 캡처 완료 (M)
[[SP500 차트분석]] GS 차트 5개 처리 완료
[TradingView] MRK 브라우저 세션 시작  (로그인 세션)...
[TradingView] 1H 캡처 완료 (60)
[TradingView] 4H 캡처 완료 (240)
[TradingView] Daily 캡처 완료 (D)
[TradingView] Weekly 캡처 완료 (W)
[TradingView] Monthly 캡처 완료 (M)
[[SP500 차트분석]] MRK 차트 5개 처리 완료
[TradingView] DELL 브라우저 세션 시작  (로그인 세션)...
[TradingView] 1H 캡처 완료 (60)
[TradingView] 4H 캡처 완료 (240)
[TradingView] Daily 캡처 완료 (D)
[TradingView] Weekly 캡처 완료 (W)
[TradingView] Monthly 캡처 완료 (M)
[[SP500 차트분석]] DELL 차트 5개 처리 완료
[TradingView] F 브라우저 세션 시작  (로그인 세션)...
[TradingView] 1H 캡처 완료 (60)
[TradingView] 4H 캡처 완료 (240)
[TradingView] Daily 캡처 완료 (D)
[TradingView] Weekly 캡처 완료 (W)
[TradingView] Monthly 캡처 완료 (M)
[[SP500 차트분석]] F 차트 5개 처리 완료
[TradingView] MU 브라우저 세션 시작  (로그인 세션)...
[TradingView] 1H 캡처 완료 (60)
[TradingView] 4H 캡처 완료 (240)
[TradingView] Daily 캡처 완료 (D)
[TradingView] Weekly 캡처 완료 (W)
[TradingView] Monthly 캡처 완료 (M)
[[SP500 차트분석]] MU 차트 5개 처리 완료
[TradingView] KLAC 브라우저 세션 시작  (로그인 세션)...
[TradingView] 1H 캡처 완료 (60)
[TradingView] 4H 캡처 완료 (240)
[TradingView] Daily 캡처 완료 (D)
[TradingView] Weekly 캡처 완료 (W)
[TradingView] Monthly 캡처 완료 (M)
[[SP500 차트분석]] KLAC 차트 5개 처리 완료
[TradingView] VZ 브라우저 세션 시작  (로그인 세션)...
[TradingView] 1H 캡처 완료 (60)
[TradingView] 4H 캡처 완료 (240)
[TradingView] Daily 캡처 완료 (D)
[TradingView] Weekly 캡처 완료 (W)
[TradingView] Monthly 캡처 완료 (M)
[[SP500 차트분석]] VZ 차트 5개 처리 완료
[TradingView] ADI 브라우저 세션 시작  (로그인 세션)...
[TradingView] 1H 캡처 완료 (60)
[TradingView] 4H 캡처 완료 (240)
[TradingView] Daily 캡처 완료 (D)
[TradingView] Weekly 캡처 완료 (W)
[TradingView] Monthly 캡처 완료 (M)
[[SP500 차트분석]] ADI 차트 5개 처리 완료
[TradingView] ASML 브라우저 세션 시작  (로그인 세션)...
[TradingView] 1H 캡처 완료 (60)
[TradingView] 4H 캡처 완료 (240)
[TradingView] Daily 캡처 완료 (D)
[TradingView] Weekly 캡처 완료 (W)
[TradingView] Monthly 캡처 완료 (M)
[[SP500 차트분석]] ASML 차트 5개 처리 완료
[TradingView] APP 브라우저 세션 시작  (로그인 세션)...
[TradingView] 1H 캡처 완료 (60)
[TradingView] 4H 캡처 완료 (240)
[TradingView] Daily 캡처 완료 (D)
[TradingView] Weekly 캡처 완료 (W)
[TradingView] Monthly 캡처 완료 (M)
[[SP500 차트분석]] APP 차트 5개 처리 완료
[TradingView] SBUX 브라우저 세션 시작  (로그인 세션)...
[TradingView] 1H 캡처 완료 (60)
[TradingView] 4H 캡처 완료 (240)
[TradingView] Daily 캡처 완료 (D)
[TradingView] Weekly 캡처 완료 (W)
[TradingView] Monthly 캡처 완료 (M)
[[SP500 차트분석]] SBUX 차트 5개 처리 완료
[TradingView] HON 브라우저 세션 시작  (로그인 세션)...
[TradingView] 1H 캡처 완료 (60)
[TradingView] 4H 캡처 완료 (240)
[TradingView] Daily 캡처 완료 (D)
[TradingView] Weekly 캡처 완료 (W)
[TradingView] Monthly 캡처 완료 (M)
[[SP500 차트분석]] HON 차트 5개 처리 완료
[TradingView] GE 브라우저 세션 시작  (로그인 세션)...
[TradingView] 1H 캡처 완료 (60)
[TradingView] 4H 캡처 완료 (240)
[TradingView] Daily 캡처 완료 (D)
[TradingView] Weekly 캡처 완료 (W)
[TradingView] Monthly 캡처 완료 (M)
[[SP500 차트분석]] GE 차트 5개 처리 완료
[TradingView] SMCI 브라우저 세션 시작  (로그인 세션)...
[TradingView] 1H 캡처 완료 (60)
[TradingView] 4H 캡처 완료 (240)
[TradingView] Daily 캡처 완료 (D)
[TradingView] Weekly 캡처 완료 (W)
[TradingView] Monthly 캡처 완료 (M)
[[SP500 차트분석]] SMCI 차트 5개 처리 완료
[TradingView] GEV 브라우저 세션 시작  (로그인 세션)...
[TradingView] 1H 캡처 완료 (60)
[TradingView] 4H 캡처 완료 (240)
[TradingView] Daily 캡처 완료 (D)
[TradingView] Weekly 캡처 완료 (W)
[TradingView] Monthly 캡처 완료 (M)
[[SP500 차트분석]] GEV 차트 5개 처리 완료
[TradingView] CVX 브라우저 세션 시작  (로그인 세션)...
[TradingView] 1H 캡처 완료 (60)
[TradingView] 4H 캡처 완료 (240)
[TradingView] Daily 캡처 완료 (D)
[TradingView] Weekly 캡처 완료 (W)
[TradingView] Monthly 캡처 완료 (M)
[[SP500 차트분석]] CVX 차트 5개 처리 완료
[TradingView] ANET 브라우저 세션 시작  (로그인 세션)...
[TradingView] 1H 캡처 완료 (60)
[TradingView] 4H 캡처 완료 (240)
[TradingView] Daily 캡처 완료 (D)
[TradingView] Weekly 캡처 완료 (W)
[TradingView] Monthly 캡처 완료 (M)
[[SP500 차트분석]] ANET 차트 5개 처리 완료
[TradingView] GLW 브라우저 세션 시작  (로그인 세션)...
[TradingView] 1H 캡처 완료 (60)
[TradingView] 4H 캡처 완료 (240)
[TradingView] Daily 캡처 완료 (D)
[TradingView] Weekly 캡처 완료 (W)
[TradingView] Monthly 캡처 완료 (M)
[[SP500 차트분석]] GLW 차트 5개 처리 완료
[TradingView] NVDA 브라우저 세션 시작  (로그인 세션)...
[TradingView] 1H 캡처 완료 (60)
[TradingView] 4H 캡처 완료 (240)
[TradingView] Daily 캡처 완료 (D)
[TradingView] Weekly 캡처 완료 (W)
[TradingView] Monthly 캡처 완료 (M)
[[SP500 차트분석]] NVDA 차트 5개 처리 완료
[TradingView] COST 브라우저 세션 시작  (로그인 세션)...
[TradingView] 1H 캡처 완료 (60)
[TradingView] 4H 캡처 완료 (240)
[TradingView] Daily 캡처 완료 (D)
[TradingView] Weekly 캡처 완료 (W)
[TradingView] Monthly 캡처 완료 (M)
[[SP500 차트분석]] COST 차트 5개 처리 완료
[TradingView] TJX 브라우저 세션 시작  (로그인 세션)...
[TradingView] 1H 캡처 완료 (60)
[TradingView] 4H 캡처 완료 (240)
[TradingView] Daily 캡처 완료 (D)
[TradingView] Weekly 캡처 완료 (W)
[TradingView] Monthly 캡처 완료 (M)
[[SP500 차트분석]] TJX 차트 5개 처리 완료
[TradingView] C 브라우저 세션 시작  (로그인 세션)...
[TradingView] 1H 캡처 완료 (60)
[TradingView] 4H 캡처 완료 (240)
[TradingView] Daily 캡처 완료 (D)
[TradingView] Weekly 캡처 완료 (W)
[TradingView] Monthly 캡처 완료 (M)
[[SP500 차트분석]] C 차트 5개 처리 완료
[TradingView] BA 브라우저 세션 시작  (로그인 세션)...
[TradingView] 1H 캡처 완료 (60)
[TradingView] 4H 캡처 완료 (240)
[TradingView] Daily 캡처 완료 (D)
[TradingView] Weekly 캡처 완료 (W)
[TradingView] Monthly 캡처 완료 (M)
[[SP500 차트분석]] BA 차트 5개 처리 완료
[TradingView] ETN 브라우저 세션 시작  (로그인 세션)...
[TradingView] 1H 캡처 완료 (60)
[TradingView] 4H 캡처 완료 (240)
[TradingView] Daily 캡처 완료 (D)
[TradingView] Weekly 캡처 완료 (W)
[TradingView] Monthly 캡처 완료 (M)
[[SP500 차트분석]] ETN 차트 5개 처리 완료
[TradingView] JNJ 브라우저 세션 시작  (로그인 세션)...
[TradingView] 1H 캡처 완료 (60)
[TradingView] 4H 캡처 완료 (240)
[TradingView] Daily 캡처 완료 (D)
[TradingView] Weekly 캡처 완료 (W)
[TradingView] Monthly 캡처 완료 (M)
[[SP500 차트분석]] JNJ 차트 5개 처리 완료
[TradingView] LIN 브라우저 세션 시작  (로그인 세션)...
[TradingView] 1H 캡처 완료 (60)
[TradingView] 4H 캡처 완료 (240)
[TradingView] Daily 캡처 완료 (D)
[TradingView] Weekly 캡처 완료 (W)
[TradingView] Monthly 캡처 완료 (M)
[[SP500 차트분석]] LIN 차트 5개 처리 완료
[TradingView] T 브라우저 세션 시작  (로그인 세션)...
[TradingView] 1H 캡처 완료 (60)
[TradingView] 4H 캡처 완료 (240)
[TradingView] Daily 캡처 완료 (D)
[TradingView] Weekly 캡처 완료 (W)
[TradingView] Monthly 캡처 완료 (M)
[[SP500 차트분석]] T 차트 5개 처리 완료
[TradingView] ZS 브라우저 세션 시작  (로그인 세션)...
[TradingView] 1H 캡처 완료 (60)
[TradingView] 4H 캡처 완료 (240)
[TradingView] Daily 캡처 완료 (D)
[TradingView] Weekly 캡처 완료 (W)
[TradingView] Monthly 캡처 완료 (M)
[[SP500 차트분석]] ZS 차트 5개 처리 완료
[TradingView] BSX 브라우저 세션 시작  (로그인 세션)...
[TradingView] 1H 캡처 완료 (60)
[TradingView] 4H 캡처 완료 (240)
[TradingView] Daily 캡처 완료 (D)
[TradingView] Weekly 캡처 완료 (W)
[TradingView] Monthly 캡처 완료 (M)
[[SP500 차트분석]] BSX 차트 5개 처리 완료
[TradingView] COIN 브라우저 세션 시작  (로그인 세션)...
[TradingView] 1H 캡처 완료 (60)
[TradingView] 4H 캡처 완료 (240)
[TradingView] Daily 캡처 완료 (D)
[TradingView] Weekly 캡처 완료 (W)
[TradingView] Monthly 캡처 완료 (M)
[[SP500 차트분석]] COIN 차트 5개 처리 완료
[TradingView] INTU 브라우저 세션 시작  (로그인 세션)...
[TradingView] 1H 캡처 완료 (60)
[TradingView] 4H 캡처 완료 (240)
[TradingView] Daily 캡처 완료 (D)
[TradingView] Weekly 캡처 완료 (W)
[TradingView] Monthly 캡처 완료 (M)
[[SP500 차트분석]] INTU 차트 5개 처리 완료
[TradingView] DASH 브라우저 세션 시작  (로그인 세션)...
[TradingView] 1H 캡처 완료 (60)
[TradingView] 4H 캡처 완료 (240)
[TradingView] Daily 캡처 완료 (D)
[TradingView] Weekly 캡처 완료 (W)
[TradingView] Monthly 캡처 완료 (M)
[[SP500 차트분석]] DASH 차트 5개 처리 완료
[TradingView] ISRG 브라우저 세션 시작  (로그인 세션)...
[TradingView] 1H 캡처 완료 (60)
[TradingView] 4H 캡처 완료 (240)
[TradingView] Daily 캡처 완료 (D)
[TradingView] Weekly 캡처 완료 (W)
[TradingView] Monthly 캡처 완료 (M)
[[SP500 차트분석]] ISRG 차트 5개 처리 완료
[TradingView] PEP 브라우저 세션 시작  (로그인 세션)...
[TradingView] 1H 캡처 완료 (60)
[TradingView] 4H 캡처 완료 (240)
[TradingView] Daily 캡처 완료 (D)
[TradingView] Weekly 캡처 완료 (W)
[TradingView] Monthly 캡처 완료 (M)
[[SP500 차트분석]] PEP 차트 5개 처리 완료
[TradingView] BBAI 브라우저 세션 시작  (로그인 세션)...
[TradingView] 1H 캡처 완료 (60)
[TradingView] 4H 캡처 완료 (240)
[TradingView] Daily 캡처 완료 (D)
[TradingView] Weekly 캡처 완료 (W)
[TradingView] Monthly 캡처 완료 (M)
[[SP500 차트분석]] BBAI 차트 5개 처리 완료
[TradingView] ELF 브라우저 세션 시작  (로그인 세션)...
[TradingView] 1H 캡처 완료 (60)
[TradingView] 4H 캡처 완료 (240)
[TradingView] Daily 캡처 완료 (D)
[TradingView] Weekly 캡처 완료 (W)
[TradingView] Monthly 캡처 완료 (M)
[[SP500 차트분석]] ELF 차트 5개 처리 완료
[TradingView] 티커 매핑 적용: NBM.V -> NBM
[TradingView] NBM.V 브라우저 세션 시작  (로그인 세션)...
[TradingView] 1H 캡처 완료 (60)
[TradingView] 4H 캡처 완료 (240)
[TradingView] Daily 캡처 완료 (D)
[TradingView] Weekly 캡처 완료 (W)
[TradingView] Monthly 캡처 완료 (M)
[[SP500 차트분석]] NBM.V 차트 5개 처리 완료
[[SP500 차트분석]] 차트 캡처 완료
[[SP500 차트분석]] GitHub에 차트 이미지 푸시 중...
[main fc639a6] Update chart screenshots 1780035072
 815 files changed, 0 insertions(+), 0 deletions(-)
 delete mode 100644 charts/screenshots/AAPL/AAPL_1H_20260528_054222.png
 create mode 100644 charts/screenshots/AAPL/AAPL_1H_20260529_054011.png
 delete mode 100644 charts/screenshots/AAPL/AAPL_4H_20260528_054222.png
 create mode 100644 charts/screenshots/AAPL/AAPL_4H_20260529_054011.png
 delete mode 100644 charts/screenshots/AAPL/AAPL_Daily_20260528_054222.png
 create mode 100644 charts/screenshots/AAPL/AAPL_Daily_20260529_054011.png
 delete mode 100644 charts/screenshots/AAPL/AAPL_Monthly_20260528_054222.png
 create mode 100644 charts/screenshots/AAPL/AAPL_Monthly_20260529_054011.png
 delete mode 100644 charts/screenshots/AAPL/AAPL_Weekly_20260528_054222.png
 create mode 100644 charts/screenshots/AAPL/AAPL_Weekly_20260529_054011.png
 delete mode 100644 charts/screenshots/ADI/ADI_1H_20260528_054941.png
 create mode 100644 charts/screenshots/ADI/ADI_1H_20260529_055122.png
 delete mode 100644 charts/screenshots/ADI/ADI_4H_20260528_054941.png
 create mode 100644 charts/screenshots/ADI/ADI_4H_20260529_055122.png
 delete mode 100644 charts/screenshots/ADI/ADI_Daily_20260528_054941.png
 create mode 100644 charts/screenshots/ADI/ADI_Daily_20260529_055122.png
 delete mode 100644 charts/screenshots/ADI/ADI_Monthly_20260528_054941.png
 create mode 100644 charts/screenshots/ADI/ADI_Monthly_20260529_055122.png
 delete mode 100644 charts/screenshots/ADI/ADI_Weekly_20260528_054941.png
 create mode 100644 charts/screenshots/ADI/ADI_Weekly_20260529_055122.png
 delete mode 100644 charts/screenshots/AKAM/AKAM_1H_20260528_052026.png
 create mode 100644 charts/screenshots/AKAM/AKAM_1H_20260529_051951.png
 delete mode 100644 charts/screenshots/AKAM/AKAM_4H_20260528_052026.png
 create mode 100644 charts/screenshots/AKAM/AKAM_4H_20260529_051951.png
 delete mode 100644 charts/screenshots/AKAM/AKAM_Daily_20260528_052026.png
 create mode 100644 charts/screenshots/AKAM/AKAM_Daily_20260529_051951.png
 delete mode 100644 charts/screenshots/AKAM/AKAM_Monthly_20260528_052026.png
 create mode 100644 charts/screenshots/AKAM/AKAM_Monthly_20260529_051951.png
 delete mode 100644 charts/screenshots/AKAM/AKAM_Weekly_20260528_052026.png
 create mode 100644 charts/screenshots/AKAM/AKAM_Weekly_20260529_051951.png
 delete mode 100644 charts/screenshots/AMAT/AMAT_1H_20260528_053505.png
 create mode 100644 charts/screenshots/AMAT/AMAT_1H_20260529_053257.png
 delete mode 100644 charts/screenshots/AMAT/AMAT_4H_20260528_053505.png
 create mode 100644 charts/screenshots/AMAT/AMAT_4H_20260529_053257.png
 delete mode 100644 charts/screenshots/AMAT/AMAT_Daily_20260528_053505.png
 create mode 100644 charts/screenshots/AMAT/AMAT_Daily_20260529_053257.png
 delete mode 100644 charts/screenshots/AMAT/AMAT_Monthly_20260528_053505.png
 create mode 100644 charts/screenshots/AMAT/AMAT_Monthly_20260529_053257.png
 delete mode 100644 charts/screenshots/AMAT/AMAT_Weekly_20260528_053505.png
 create mode 100644 charts/screenshots/AMAT/AMAT_Weekly_20260529_053257.png
 delete mode 100644 charts/screenshots/AMD/AMD_1H_20260528_052226.png
 create mode 100644 charts/screenshots/AMD/AMD_1H_20260529_054050.png
 delete mode 100644 charts/screenshots/AMD/AMD_4H_20260528_052226.png
 create mode 100644 charts/screenshots/AMD/AMD_4H_20260529_054050.png
 delete mode 100644 charts/screenshots/AMD/AMD_Daily_20260528_052226.png
 create mode 100644 charts/screenshots/AMD/AMD_Daily_20260529_054050.png
 delete mode 100644 charts/screenshots/AMD/AMD_Monthly_20260528_052226.png
 create mode 100644 charts/screenshots/AMD/AMD_Monthly_20260529_054050.png
 delete mode 100644 charts/screenshots/AMD/AMD_Weekly_20260528_052226.png
 create mode 100644 charts/screenshots/AMD/AMD_Weekly_20260529_054050.png
 delete mode 100644 charts/screenshots/AMZN/AMZN_1H_20260528_053104.png
 create mode 100644 charts/screenshots/AMZN/AMZN_1H_20260529_052939.png
 delete mode 100644 charts/screenshots/AMZN/AMZN_4H_20260528_053104.png
 create mode 100644 charts/screenshots/AMZN/AMZN_4H_20260529_052939.png
 delete mode 100644 charts/screenshots/AMZN/AMZN_Daily_20260528_053104.png
 create mode 100644 charts/screenshots/AMZN/AMZN_Daily_20260529_052939.png
 delete mode 100644 charts/screenshots/AMZN/AMZN_Monthly_20260528_053104.png
 create mode 100644 charts/screenshots/AMZN/AMZN_Monthly_20260529_052939.png
 delete mode 100644 charts/screenshots/AMZN/AMZN_Weekly_20260528_053104.png
 create mode 100644 charts/screenshots/AMZN/AMZN_Weekly_20260529_052939.png
 delete mode 100644 charts/screenshots/ANET/ANET_1H_20260528_055742.png
 create mode 100644 charts/screenshots/ANET/ANET_1H_20260529_055717.png
 delete mode 100644 charts/screenshots/ANET/ANET_4H_20260528_055742.png
 create mode 100644 charts/screenshots/ANET/ANET_4H_20260529_055717.png
 delete mode 100644 charts/screenshots/ANET/ANET_Daily_20260528_055742.png
 create mode 100644 charts/screenshots/ANET/ANET_Daily_20260529_055717.png
 delete mode 100644 charts/screenshots/ANET/ANET_Monthly_20260528_055742.png
 create mode 100644 charts/screenshots/ANET/ANET_Monthly_20260529_055717.png
 delete mode 100644 charts/screenshots/ANET/ANET_Weekly_20260528_055742.png
 create mode 100644 charts/screenshots/ANET/ANET_Weekly_20260529_055717.png
 delete mode 100644 charts/screenshots/APH/APH_1H_20260528_060743.png
 delete mode 100644 charts/screenshots/APH/APH_4H_20260528_060743.png
 delete mode 100644 charts/screenshots/APH/APH_Daily_20260528_060743.png
 delete mode 100644 charts/screenshots/APH/APH_Monthly_20260528_060743.png
 delete mode 100644 charts/screenshots/APH/APH_Weekly_20260528_060743.png
 delete mode 100644 charts/screenshots/APP/APP_1H_20260528_055302.png
 create mode 100644 charts/screenshots/APP/APP_1H_20260529_055240.png
 delete mode 100644 charts/screenshots/APP/APP_4H_20260528_055302.png
 create mode 100644 charts/screenshots/APP/APP_4H_20260529_055240.png
 delete mode 100644 charts/screenshots/APP/APP_Daily_20260528_055302.png
 create mode 100644 charts/screenshots/APP/APP_Daily_20260529_055240.png
 delete mode 100644 charts/screenshots/APP/APP_Monthly_20260528_055302.png
 create mode 100644 charts/screenshots/APP/APP_Monthly_20260529_055240.png
 delete mode 100644 charts/screenshots/APP/APP_Weekly_20260528_055302.png
 create mode 100644 charts/screenshots/APP/APP_Weekly_20260529_055240.png
 delete mode 100644 charts/screenshots/ASML/ASML_1H_20260528_055021.png
 create mode 100644 charts/screenshots/ASML/ASML_1H_20260529_055201.png
 delete mode 100644 charts/screenshots/ASML/ASML_4H_20260528_055021.png
 create mode 100644 charts/screenshots/ASML/ASML_4H_20260529_055201.png
 delete mode 100644 charts/screenshots/ASML/ASML_Daily_20260528_055021.png
 create mode 100644 charts/screenshots/ASML/ASML_Daily_20260529_055201.png
 delete mode 100644 charts/screenshots/ASML/ASML_Monthly_20260528_055021.png
 create mode 100644 charts/screenshots/ASML/ASML_Monthly_20260529_055201.png
 delete mode 100644 charts/screenshots/ASML/ASML_Weekly_20260528_055021.png
 create mode 100644 charts/screenshots/ASML/ASML_Weekly_20260529_055201.png
 delete mode 100644 charts/screenshots/AVGO/AVGO_1H_20260528_054542.png
 create mode 100644 charts/screenshots/AVGO/AVGO_1H_20260529_054408.png
 delete mode 100644 charts/screenshots/AVGO/AVGO_4H_20260528_054542.png
 create mode 100644 charts/screenshots/AVGO/AVGO_4H_20260529_054408.png
 delete mode 100644 charts/screenshots/AVGO/AVGO_Daily_20260528_054542.png
 create mode 100644 charts/screenshots/AVGO/AVGO_Daily_20260529_054408.png
 delete mode 100644 charts/screenshots/AVGO/AVGO_Monthly_20260528_054542.png
 create mode 100644 charts/screenshots/AVGO/AVGO_Monthly_20260529_054408.png
 delete mode 100644 charts/screenshots/AVGO/AVGO_Weekly_20260528_054542.png
 create mode 100644 charts/screenshots/AVGO/AVGO_Weekly_20260529_054408.png
 delete mode 100644 charts/screenshots/BA/BA_1H_20260528_055943.png
 create mode 100644 charts/screenshots/BA/BA_1H_20260529_060111.png
 delete mode 100644 charts/screenshots/BA/BA_4H_20260528_055943.png
 create mode 100644 charts/screenshots/BA/BA_4H_20260529_060111.png
 delete mode 100644 charts/screenshots/BA/BA_Daily_20260528_055943.png
 create mode 100644 charts/screenshots/BA/BA_Daily_20260529_060111.png
 delete mode 100644 charts/screenshots/BA/BA_Monthly_20260528_055943.png
 create mode 100644 charts/screenshots/BA/BA_Monthly_20260529_060111.png
 delete mode 100644 charts/screenshots/BA/BA_Weekly_20260528_055943.png
 create mode 100644 charts/screenshots/BA/BA_Weekly_20260529_060111.png
 delete mode 100644 charts/screenshots/BAC/BAC_1H_20260528_055341.png
 delete mode 100644 charts/screenshots/BAC/BAC_4H_20260528_055341.png
 delete mode 100644 charts/screenshots/BAC/BAC_Daily_20260528_055341.png
 delete mode 100644 charts/screenshots/BAC/BAC_Monthly_20260528_055341.png
 delete mode 100644 charts/screenshots/BAC/BAC_Weekly_20260528_055341.png
 delete mode 100644 charts/screenshots/BBAI/BBAI_1H_20260528_061224.png
 create mode 100644 charts/screenshots/BBAI/BBAI_1H_20260529_060906.png
 delete mode 100644 charts/screenshots/BBAI/BBAI_4H_20260528_061224.png
 create mode 100644 charts/screenshots/BBAI/BBAI_4H_20260529_060906.png
 delete mode 100644 charts/screenshots/BBAI/BBAI_Daily_20260528_061224.png
 create mode 100644 charts/screenshots/BBAI/BBAI_Daily_20260529_060906.png
 delete mode 100644 charts/screenshots/BBAI/BBAI_Monthly_20260528_061224.png
 create mode 100644 charts/screenshots/BBAI/BBAI_Monthly_20260529_060906.png
 delete mode 100644 charts/screenshots/BBAI/BBAI_Weekly_20260528_061224.png
 create mode 100644 charts/screenshots/BBAI/BBAI_Weekly_20260529_060906.png
 delete mode 100644 charts/screenshots/BSX/BSX_1H_20260528_060943.png
 create mode 100644 charts/screenshots/BSX/BSX_1H_20260529_060509.png
 delete mode 100644 charts/screenshots/BSX/BSX_4H_20260528_060943.png
 create mode 100644 charts/screenshots/BSX/BSX_4H_20260529_060509.png
 delete mode 100644 charts/screenshots/BSX/BSX_Daily_20260528_060943.png
 create mode 100644 charts/screenshots/BSX/BSX_Daily_20260529_060509.png
 delete mode 100644 charts/screenshots/BSX/BSX_Monthly_20260528_060943.png
 create mode 100644 charts/screenshots/BSX/BSX_Monthly_20260529_060509.png
 delete mode 100644 charts/screenshots/BSX/BSX_Weekly_20260528_060943.png
 create mode 100644 charts/screenshots/BSX/BSX_Weekly_20260529_060509.png
 delete mode 100644 charts/screenshots/C/C_1H_20260528_060222.png
 create mode 100644 charts/screenshots/C/C_1H_20260529_060032.png
 delete mode 100644 charts/screenshots/C/C_4H_20260528_060222.png
 create mode 100644 charts/screenshots/C/C_4H_20260529_060032.png
 delete mode 100644 charts/screenshots/C/C_Daily_20260528_060222.png
 create mode 100644 charts/screenshots/C/C_Daily_20260529_060032.png
 delete mode 100644 charts/screenshots/C/C_Monthly_20260528_060222.png
 create mode 100644 charts/screenshots/C/C_Monthly_20260529_060032.png
 delete mode 100644 charts/screenshots/C/C_Weekly_20260528_060222.png
 create mode 100644 charts/screenshots/C/C_Weekly_20260529_060032.png
 delete mode 100644 charts/screenshots/CAT/CAT_1H_20260528_053545.png
 create mode 100644 charts/screenshots/CAT/CAT_1H_20260529_053337.png
 delete mode 100644 charts/screenshots/CAT/CAT_4H_20260528_053545.png
 create mode 100644 charts/screenshots/CAT/CAT_4H_20260529_053337.png
 delete mode 100644 charts/screenshots/CAT/CAT_Daily_20260528_053545.png
 create mode 100644 charts/screenshots/CAT/CAT_Daily_20260529_053337.png
 delete mode 100644 charts/screenshots/CAT/CAT_Monthly_20260528_053545.png
 create mode 100644 charts/screenshots/CAT/CAT_Monthly_20260529_053337.png
 delete mode 100644 charts/screenshots/CAT/CAT_Weekly_20260528_053545.png
 create mode 100644 charts/screenshots/CAT/CAT_Weekly_20260529_053337.png
 delete mode 100644 charts/screenshots/CDNS/CDNS_1H_20260528_053625.png
 delete mode 100644 charts/screenshots/CDNS/CDNS_4H_20260528_053625.png
 delete mode 100644 charts/screenshots/CDNS/CDNS_Daily_20260528_053625.png
 delete mode 100644 charts/screenshots/CDNS/CDNS_Monthly_20260528_053625.png
 delete mode 100644 charts/screenshots/CDNS/CDNS_Weekly_20260528_053625.png
 create mode 100644 charts/screenshots/COIN/COIN_1H_20260529_060548.png
 create mode 100644 charts/screenshots/COIN/COIN_4H_20260529_060548.png
 create mode 100644 charts/screenshots/COIN/COIN_Daily_20260529_060548.png
 create mode 100644 charts/screenshots/COIN/COIN_Monthly_20260529_060548.png
 create mode 100644 charts/screenshots/COIN/COIN_Weekly_20260529_060548.png
 delete mode 100644 charts/screenshots/COP/COP_1H_20260528_060703.png
 delete mode 100644 charts/screenshots/COP/COP_4H_20260528_060703.png
 delete mode 100644 charts/screenshots/COP/COP_Daily_20260528_060703.png
 delete mode 100644 charts/screenshots/COP/COP_Monthly_20260528_060703.png
 delete mode 100644 charts/screenshots/COP/COP_Weekly_20260528_060703.png
 delete mode 100644 charts/screenshots/COST/COST_1H_20260528_054901.png
 create mode 100644 charts/screenshots/COST/COST_1H_20260529_055914.png
 delete mode 100644 charts/screenshots/COST/COST_4H_20260528_054901.png
 create mode 100644 charts/screenshots/COST/COST_4H_20260529_055914.png
 delete mode 100644 charts/screenshots/COST/COST_Daily_20260528_054901.png
 create mode 100644 charts/screenshots/COST/COST_Daily_20260529_055914.png
 delete mode 100644 charts/screenshots/COST/COST_Monthly_20260528_054901.png
 create mode 100644 charts/screenshots/COST/COST_Monthly_20260529_055914.png
 delete mode 100644 charts/screenshots/COST/COST_Weekly_20260528_054901.png
 create mode 100644 charts/screenshots/COST/COST_Weekly_20260529_055914.png
 delete mode 100644 charts/screenshots/CRWD/CRWD_1H_20260528_054342.png
 create mode 100644 charts/screenshots/CRWD/CRWD_1H_20260529_054130.png
 delete mode 100644 charts/screenshots/CRWD/CRWD_4H_20260528_054342.png
 create mode 100644 charts/screenshots/CRWD/CRWD_4H_20260529_054130.png
 delete mode 100644 charts/screenshots/CRWD/CRWD_Daily_20260528_054342.png
 create mode 100644 charts/screenshots/CRWD/CRWD_Daily_20260529_054130.png
 delete mode 100644 charts/screenshots/CRWD/CRWD_Monthly_20260528_054342.png
 create mode 100644 charts/screenshots/CRWD/CRWD_Monthly_20260529_054130.png
 delete mode 100644 charts/screenshots/CRWD/CRWD_Weekly_20260528_054342.png
 create mode 100644 charts/screenshots/CRWD/CRWD_Weekly_20260529_054130.png
 delete mode 100644 charts/screenshots/CSCO/CSCO_1H_20260528_054142.png
 create mode 100644 charts/screenshots/CSCO/CSCO_1H_20260529_052109.png
 delete mode 100644 charts/screenshots/CSCO/CSCO_4H_20260528_054142.png
 create mode 100644 charts/screenshots/CSCO/CSCO_4H_20260529_052109.png
 delete mode 100644 charts/screenshots/CSCO/CSCO_Daily_20260528_054142.png
 create mode 100644 charts/screenshots/CSCO/CSCO_Daily_20260529_052109.png
 delete mode 100644 charts/screenshots/CSCO/CSCO_Monthly_20260528_054142.png
 create mode 100644 charts/screenshots/CSCO/CSCO_Monthly_20260529_052109.png
 delete mode 100644 charts/screenshots/CSCO/CSCO_Weekly_20260528_054142.png
 create mode 100644 charts/screenshots/CSCO/CSCO_Weekly_20260529_052109.png
 delete mode 100644 charts/screenshots/CVS/CVS_1H_20260528_052305.png
 create mode 100644 charts/screenshots/CVS/CVS_1H_20260529_052227.png
 delete mode 100644 charts/screenshots/CVS/CVS_4H_20260528_052305.png
 create mode 100644 charts/screenshots/CVS/CVS_4H_20260529_052227.png
 delete mode 100644 charts/screenshots/CVS/CVS_Daily_20260528_052305.png
 create mode 100644 charts/screenshots/CVS/CVS_Daily_20260529_052227.png
 delete mode 100644 charts/screenshots/CVS/CVS_Monthly_20260528_052305.png
 create mode 100644 charts/screenshots/CVS/CVS_Monthly_20260529_052227.png
 delete mode 100644 charts/screenshots/CVS/CVS_Weekly_20260528_052305.png
 create mode 100644 charts/screenshots/CVS/CVS_Weekly_20260529_052227.png
 delete mode 100644 charts/screenshots/CVX/CVX_1H_20260528_055502.png
 create mode 100644 charts/screenshots/CVX/CVX_1H_20260529_055637.png
 delete mode 100644 charts/screenshots/CVX/CVX_4H_20260528_055502.png
 create mode 100644 charts/screenshots/CVX/CVX_4H_20260529_055637.png
 delete mode 100644 charts/screenshots/CVX/CVX_Daily_20260528_055502.png
 create mode 100644 charts/screenshots/CVX/CVX_Daily_20260529_055637.png
 delete mode 100644 charts/screenshots/CVX/CVX_Monthly_20260528_055502.png
 create mode 100644 charts/screenshots/CVX/CVX_Monthly_20260529_055637.png
 delete mode 100644 charts/screenshots/CVX/CVX_Weekly_20260528_055502.png
 create mode 100644 charts/screenshots/CVX/CVX_Weekly_20260529_055637.png
 delete mode 100644 charts/screenshots/DASH/DASH_1H_20260528_061143.png
 create mode 100644 charts/screenshots/DASH/DASH_1H_20260529_060708.png
 delete mode 100644 charts/screenshots/DASH/DASH_4H_20260528_061143.png
 create mode 100644 charts/screenshots/DASH/DASH_4H_20260529_060708.png
 delete mode 100644 charts/screenshots/DASH/DASH_Daily_20260528_061143.png
 create mode 100644 charts/screenshots/DASH/DASH_Daily_20260529_060708.png
 delete mode 100644 charts/screenshots/DASH/DASH_Monthly_20260528_061143.png
 create mode 100644 charts/screenshots/DASH/DASH_Monthly_20260529_060708.png
 delete mode 100644 charts/screenshots/DASH/DASH_Weekly_20260528_061143.png
 create mode 100644 charts/screenshots/DASH/DASH_Weekly_20260529_060708.png
 delete mode 100644 charts/screenshots/DDOG/DDOG_1H_20260528_054422.png
 create mode 100644 charts/screenshots/DDOG/DDOG_1H_20260529_054210.png
 delete mode 100644 charts/screenshots/DDOG/DDOG_4H_20260528_054422.png
 create mode 100644 charts/screenshots/DDOG/DDOG_4H_20260529_054210.png
 delete mode 100644 charts/screenshots/DDOG/DDOG_Daily_20260528_054422.png
 create mode 100644 charts/screenshots/DDOG/DDOG_Daily_20260529_054210.png
 delete mode 100644 charts/screenshots/DDOG/DDOG_Monthly_20260528_054422.png
 create mode 100644 charts/screenshots/DDOG/DDOG_Monthly_20260529_054210.png
 delete mode 100644 charts/screenshots/DDOG/DDOG_Weekly_20260528_054422.png
 create mode 100644 charts/screenshots/DDOG/DDOG_Weekly_20260529_054210.png
 delete mode 100644 charts/screenshots/DELL/DELL_1H_20260528_055421.png
 create mode 100644 charts/screenshots/DELL/DELL_1H_20260529_054804.png
 delete mode 100644 charts/screenshots/DELL/DELL_4H_20260528_055421.png
 create mode 100644 charts/screenshots/DELL/DELL_4H_20260529_054804.png
 delete mode 100644 charts/screenshots/DELL/DELL_Daily_20260528_055421.png
 create mode 100644 charts/screenshots/DELL/DELL_Daily_20260529_054804.png
 delete mode 100644 charts/screenshots/DELL/DELL_Monthly_20260528_055421.png
 create mode 100644 charts/screenshots/DELL/DELL_Monthly_20260529_054804.png
 delete mode 100644 charts/screenshots/DELL/DELL_Weekly_20260528_055421.png
 create mode 100644 charts/screenshots/DELL/DELL_Weekly_20260529_054804.png
 delete mode 100644 charts/screenshots/EBAY/EBAY_1H_20260528_052345.png
 create mode 100644 charts/screenshots/EBAY/EBAY_1H_20260529_054448.png
 delete mode 100644 charts/screenshots/EBAY/EBAY_4H_20260528_052345.png
 create mode 100644 charts/screenshots/EBAY/EBAY_4H_20260529_054448.png
 delete mode 100644 charts/screenshots/EBAY/EBAY_Daily_20260528_052345.png
 create mode 100644 charts/screenshots/EBAY/EBAY_Daily_20260529_054448.png
 delete mode 100644 charts/screenshots/EBAY/EBAY_Monthly_20260528_052345.png
 create mode 100644 charts/screenshots/EBAY/EBAY_Monthly_20260529_054448.png
 delete mode 100644 charts/screenshots/EBAY/EBAY_Weekly_20260528_052345.png
 create mode 100644 charts/screenshots/EBAY/EBAY_Weekly_20260529_054448.png
 delete mode 100644 charts/screenshots/ELF/ELF_1H_20260528_061303.png
 create mode 100644 charts/screenshots/ELF/ELF_1H_20260529_060946.png
 delete mode 100644 charts/screenshots/ELF/ELF_4H_20260528_061303.png
 create mode 100644 charts/screenshots/ELF/ELF_4H_20260529_060946.png
 delete mode 100644 charts/screenshots/ELF/ELF_Daily_20260528_061303.png
 create mode 100644 charts/screenshots/ELF/ELF_Daily_20260529_060946.png
 delete mode 100644 charts/screenshots/ELF/ELF_Monthly_20260528_061303.png
 create mode 100644 charts/screenshots/ELF/ELF_Monthly_20260529_060946.png
 delete mode 100644 charts/screenshots/ELF/ELF_Weekly_20260528_061303.png
 create mode 100644 charts/screenshots/ELF/ELF_Weekly_20260529_060946.png
 delete mode 100644 charts/screenshots/ETN/ETN_1H_20260528_060302.png
 create mode 100644 charts/screenshots/ETN/ETN_1H_20260529_060150.png
 delete mode 100644 charts/screenshots/ETN/ETN_4H_20260528_060302.png
 create mode 100644 charts/screenshots/ETN/ETN_4H_20260529_060150.png
 delete mode 100644 charts/screenshots/ETN/ETN_Daily_20260528_060302.png
 create mode 100644 charts/screenshots/ETN/ETN_Daily_20260529_060150.png
 delete mode 100644 charts/screenshots/ETN/ETN_Monthly_20260528_060302.png
 create mode 100644 charts/screenshots/ETN/ETN_Monthly_20260529_060150.png
 delete mode 100644 charts/screenshots/ETN/ETN_Weekly_20260528_060302.png
 create mode 100644 charts/screenshots/ETN/ETN_Weekly_20260529_060150.png
 delete mode 100644 charts/screenshots/F/F_1H_20260528_054741.png
 create mode 100644 charts/screenshots/F/F_1H_20260529_054844.png
 delete mode 100644 charts/screenshots/F/F_4H_20260528_054741.png
 create mode 100644 charts/screenshots/F/F_4H_20260529_054844.png
 delete mode 100644 charts/screenshots/F/F_Daily_20260528_054741.png
 create mode 100644 charts/screenshots/F/F_Daily_20260529_054844.png
 delete mode 100644 charts/screenshots/F/F_Monthly_20260528_054741.png
 create mode 100644 charts/screenshots/F/F_Monthly_20260529_054844.png
 delete mode 100644 charts/screenshots/F/F_Weekly_20260528_054741.png
 create mode 100644 charts/screenshots/F/F_Weekly_20260529_054844.png
 delete mode 100644 charts/screenshots/FCX/FCX_1H_20260528_054701.png
 create mode 100644 charts/screenshots/FCX/FCX_1H_20260529_054526.png
 delete mode 100644 charts/screenshots/FCX/FCX_4H_20260528_054701.png
 create mode 100644 charts/screenshots/FCX/FCX_4H_20260529_054526.png
 delete mode 100644 charts/screenshots/FCX/FCX_Daily_20260528_054701.png
 create mode 100644 charts/screenshots/FCX/FCX_Daily_20260529_054526.png
 delete mode 100644 charts/screenshots/FCX/FCX_Monthly_20260528_054701.png
 create mode 100644 charts/screenshots/FCX/FCX_Monthly_20260529_054526.png
 delete mode 100644 charts/screenshots/FCX/FCX_Weekly_20260528_054701.png
 create mode 100644 charts/screenshots/FCX/FCX_Weekly_20260529_054526.png
 create mode 100644 charts/screenshots/GE/GE_1H_20260529_055438.png
 create mode 100644 charts/screenshots/GE/GE_4H_20260529_055438.png
 create mode 100644 charts/screenshots/GE/GE_Daily_20260529_055438.png
 create mode 100644 charts/screenshots/GE/GE_Monthly_20260529_055438.png
 create mode 100644 charts/screenshots/GE/GE_Weekly_20260529_055438.png
 delete mode 100644 charts/screenshots/GEV/GEV_1H_20260528_060102.png
 create mode 100644 charts/screenshots/GEV/GEV_1H_20260529_055557.png
 delete mode 100644 charts/screenshots/GEV/GEV_4H_20260528_060102.png
 create mode 100644 charts/screenshots/GEV/GEV_4H_20260529_055557.png
 delete mode 100644 charts/screenshots/GEV/GEV_Daily_20260528_060102.png
 create mode 100644 charts/screenshots/GEV/GEV_Daily_20260529_055557.png
 delete mode 100644 charts/screenshots/GEV/GEV_Monthly_20260528_060102.png
 create mode 100644 charts/screenshots/GEV/GEV_Monthly_20260529_055557.png
 delete mode 100644 charts/screenshots/GEV/GEV_Weekly_20260528_060102.png
 create mode 100644 charts/screenshots/GEV/GEV_Weekly_20260529_055557.png
 delete mode 100644 charts/screenshots/GLW/GLW_1H_20260528_055101.png
 create mode 100644 charts/screenshots/GLW/GLW_1H_20260529_055757.png
 delete mode 100644 charts/screenshots/GLW/GLW_4H_20260528_055101.png
 create mode 100644 charts/screenshots/GLW/GLW_4H_20260529_055757.png
 delete mode 100644 charts/screenshots/GLW/GLW_Daily_20260528_055101.png
 create mode 100644 charts/screenshots/GLW/GLW_Daily_20260529_055757.png
 delete mode 100644 charts/screenshots/GLW/GLW_Monthly_20260528_055101.png
 create mode 100644 charts/screenshots/GLW/GLW_Monthly_20260529_055757.png
 delete mode 100644 charts/screenshots/GLW/GLW_Weekly_20260528_055101.png
 create mode 100644 charts/screenshots/GLW/GLW_Weekly_20260529_055757.png
 delete mode 100644 charts/screenshots/GOOG/GOOG_1H_20260528_052425.png
 create mode 100644 charts/screenshots/GOOG/GOOG_1H_20260529_052306.png
 delete mode 100644 charts/screenshots/GOOG/GOOG_4H_20260528_052425.png
 create mode 100644 charts/screenshots/GOOG/GOOG_4H_20260529_052306.png
 delete mode 100644 charts/screenshots/GOOG/GOOG_Daily_20260528_052425.png
 create mode 100644 charts/screenshots/GOOG/GOOG_Daily_20260529_052306.png
 delete mode 100644 charts/screenshots/GOOG/GOOG_Monthly_20260528_052425.png
 create mode 100644 charts/screenshots/GOOG/GOOG_Monthly_20260529_052306.png
 delete mode 100644 charts/screenshots/GOOG/GOOG_Weekly_20260528_052425.png
 create mode 100644 charts/screenshots/GOOG/GOOG_Weekly_20260529_052306.png
 delete mode 100644 charts/screenshots/GOOGL/GOOGL_1H_20260528_052506.png
 create mode 100644 charts/screenshots/GOOGL/GOOGL_1H_20260529_052346.png
 delete mode 100644 charts/screenshots/GOOGL/GOOGL_4H_20260528_052506.png
 create mode 100644 charts/screenshots/GOOGL/GOOGL_4H_20260529_052346.png
 delete mode 100644 charts/screenshots/GOOGL/GOOGL_Daily_20260528_052506.png
 create mode 100644 charts/screenshots/GOOGL/GOOGL_Daily_20260529_052346.png
 delete mode 100644 charts/screenshots/GOOGL/GOOGL_Monthly_20260528_052506.png
 create mode 100644 charts/screenshots/GOOGL/GOOGL_Monthly_20260529_052346.png
 delete mode 100644 charts/screenshots/GOOGL/GOOGL_Weekly_20260528_052506.png
 create mode 100644 charts/screenshots/GOOGL/GOOGL_Weekly_20260529_052346.png
 delete mode 100644 charts/screenshots/GS/GS_1H_20260528_053705.png
 create mode 100644 charts/screenshots/GS/GS_1H_20260529_054645.png
 delete mode 100644 charts/screenshots/GS/GS_4H_20260528_053705.png
 create mode 100644 charts/screenshots/GS/GS_4H_20260529_054645.png
 delete mode 100644 charts/screenshots/GS/GS_Daily_20260528_053705.png
 create mode 100644 charts/screenshots/GS/GS_Daily_20260529_054645.png
 delete mode 100644 charts/screenshots/GS/GS_Monthly_20260528_053705.png
 create mode 100644 charts/screenshots/GS/GS_Monthly_20260529_054645.png
 delete mode 100644 charts/screenshots/GS/GS_Weekly_20260528_053705.png
 create mode 100644 charts/screenshots/GS/GS_Weekly_20260529_054645.png
 delete mode 100644 charts/screenshots/HON/HON_1H_20260528_060543.png
 create mode 100644 charts/screenshots/HON/HON_1H_20260529_055359.png
 delete mode 100644 charts/screenshots/HON/HON_4H_20260528_060543.png
 create mode 100644 charts/screenshots/HON/HON_4H_20260529_055359.png
 delete mode 100644 charts/screenshots/HON/HON_Daily_20260528_060543.png
 create mode 100644 charts/screenshots/HON/HON_Daily_20260529_055359.png
 delete mode 100644 charts/screenshots/HON/HON_Monthly_20260528_060543.png
 create mode 100644 charts/screenshots/HON/HON_Monthly_20260529_055359.png
 delete mode 100644 charts/screenshots/HON/HON_Weekly_20260528_060543.png
 create mode 100644 charts/screenshots/HON/HON_Weekly_20260529_055359.png
 delete mode 100644 charts/screenshots/INTC/INTC_1H_20260528_052545.png
 create mode 100644 charts/screenshots/INTC/INTC_1H_20260529_052426.png
 delete mode 100644 charts/screenshots/INTC/INTC_4H_20260528_052545.png
 create mode 100644 charts/screenshots/INTC/INTC_4H_20260529_052426.png
 delete mode 100644 charts/screenshots/INTC/INTC_Daily_20260528_052545.png
 create mode 100644 charts/screenshots/INTC/INTC_Daily_20260529_052426.png
 delete mode 100644 charts/screenshots/INTC/INTC_Monthly_20260528_052545.png
 create mode 100644 charts/screenshots/INTC/INTC_Monthly_20260529_052426.png
 delete mode 100644 charts/screenshots/INTC/INTC_Weekly_20260528_052545.png
 create mode 100644 charts/screenshots/INTC/INTC_Weekly_20260529_052426.png
 delete mode 100644 charts/screenshots/INTU/INTU_1H_20260528_061023.png
 create mode 100644 charts/screenshots/INTU/INTU_1H_20260529_060628.png
 delete mode 100644 charts/screenshots/INTU/INTU_4H_20260528_061023.png
 create mode 100644 charts/screenshots/INTU/INTU_4H_20260529_060628.png
 delete mode 100644 charts/screenshots/INTU/INTU_Daily_20260528_061023.png
 create mode 100644 charts/screenshots/INTU/INTU_Daily_20260529_060628.png
 delete mode 100644 charts/screenshots/INTU/INTU_Monthly_20260528_061023.png
 create mode 100644 charts/screenshots/INTU/INTU_Monthly_20260529_060628.png
 delete mode 100644 charts/screenshots/INTU/INTU_Weekly_20260528_061023.png
 create mode 100644 charts/screenshots/INTU/INTU_Weekly_20260529_060628.png
 create mode 100644 charts/screenshots/ISRG/ISRG_1H_20260529_060747.png
 create mode 100644 charts/screenshots/ISRG/ISRG_4H_20260529_060747.png
 create mode 100644 charts/screenshots/ISRG/ISRG_Daily_20260529_060747.png
 create mode 100644 charts/screenshots/ISRG/ISRG_Monthly_20260529_060747.png
 create mode 100644 charts/screenshots/ISRG/ISRG_Weekly_20260529_060747.png
 delete mode 100644 charts/screenshots/IWM/IWM_1H_20260528_054102.png
 create mode 100644 charts/screenshots/IWM/IWM_1H_20260529_053932.png
 delete mode 100644 charts/screenshots/IWM/IWM_4H_20260528_054102.png
 create mode 100644 charts/screenshots/IWM/IWM_4H_20260529_053932.png
 delete mode 100644 charts/screenshots/IWM/IWM_Daily_20260528_054102.png
 create mode 100644 charts/screenshots/IWM/IWM_Daily_20260529_053932.png
 delete mode 100644 charts/screenshots/IWM/IWM_Monthly_20260528_054102.png
 create mode 100644 charts/screenshots/IWM/IWM_Monthly_20260529_053932.png
 delete mode 100644 charts/screenshots/IWM/IWM_Weekly_20260528_054102.png
 create mode 100644 charts/screenshots/IWM/IWM_Weekly_20260529_053932.png
 delete mode 100644 charts/screenshots/JNJ/JNJ_1H_20260528_060422.png
 create mode 100644 charts/screenshots/JNJ/JNJ_1H_20260529_060230.png
 delete mode 100644 charts/screenshots/JNJ/JNJ_4H_20260528_060422.png
 create mode 100644 charts/screenshots/JNJ/JNJ_4H_20260529_060230.png
 delete mode 100644 charts/screenshots/JNJ/JNJ_Daily_20260528_060422.png
 create mode 100644 charts/screenshots/JNJ/JNJ_Daily_20260529_060230.png
 delete mode 100644 charts/screenshots/JNJ/JNJ_Monthly_20260528_060422.png
 create mode 100644 charts/screenshots/JNJ/JNJ_Monthly_20260529_060230.png
 delete mode 100644 charts/screenshots/JNJ/JNJ_Weekly_20260528_060422.png
 create mode 100644 charts/screenshots/JNJ/JNJ_Weekly_20260529_060230.png
 delete mode 100644 charts/screenshots/JPM/JPM_1H_20260528_055702.png
 delete mode 100644 charts/screenshots/JPM/JPM_4H_20260528_055702.png
 delete mode 100644 charts/screenshots/JPM/JPM_Daily_20260528_055702.png
 delete mode 100644 charts/screenshots/JPM/JPM_Monthly_20260528_055702.png
 delete mode 100644 charts/screenshots/JPM/JPM_Weekly_20260528_055702.png
 delete mode 100644 charts/screenshots/KLAC/KLAC_1H_20260528_053304.png
 create mode 100644 charts/screenshots/KLAC/KLAC_1H_20260529_055003.png
 delete mode 100644 charts/screenshots/KLAC/KLAC_4H_20260528_053304.png
 create mode 100644 charts/screenshots/KLAC/KLAC_4H_20260529_055003.png
 delete mode 100644 charts/screenshots/KLAC/KLAC_Daily_20260528_053304.png
 create mode 100644 charts/screenshots/KLAC/KLAC_Daily_20260529_055003.png
 delete mode 100644 charts/screenshots/KLAC/KLAC_Monthly_20260528_053304.png
 create mode 100644 charts/screenshots/KLAC/KLAC_Monthly_20260529_055003.png
 delete mode 100644 charts/screenshots/KLAC/KLAC_Weekly_20260528_053304.png
 create mode 100644 charts/screenshots/KLAC/KLAC_Weekly_20260529_055003.png
 delete mode 100644 charts/screenshots/KO/KO_1H_20260528_053744.png
 create mode 100644 charts/screenshots/KO/KO_1H_20260529_053415.png
 delete mode 100644 charts/screenshots/KO/KO_4H_20260528_053744.png
 create mode 100644 charts/screenshots/KO/KO_4H_20260529_053415.png
 delete mode 100644 charts/screenshots/KO/KO_Daily_20260528_053744.png
 create mode 100644 charts/screenshots/KO/KO_Daily_20260529_053415.png
 delete mode 100644 charts/screenshots/KO/KO_Monthly_20260528_053744.png
 create mode 100644 charts/screenshots/KO/KO_Monthly_20260529_053415.png
 delete mode 100644 charts/screenshots/KO/KO_Weekly_20260528_053744.png
 create mode 100644 charts/screenshots/KO/KO_Weekly_20260529_053415.png
 delete mode 100644 charts/screenshots/LIN/LIN_1H_20260528_060503.png
 create mode 100644 charts/screenshots/LIN/LIN_1H_20260529_060310.png
 delete mode 100644 charts/screenshots/LIN/LIN_4H_20260528_060503.png
 create mode 100644 charts/screenshots/LIN/LIN_4H_20260529_060310.png
 delete mode 100644 charts/screenshots/LIN/LIN_Daily_20260528_060503.png
 create mode 100644 charts/screenshots/LIN/LIN_Daily_20260529_060310.png
 delete mode 100644 charts/screenshots/LIN/LIN_Monthly_20260528_060503.png
 create mode 100644 charts/screenshots/LIN/LIN_Monthly_20260529_060310.png
 delete mode 100644 charts/screenshots/LIN/LIN_Weekly_20260528_060503.png
 create mode 100644 charts/screenshots/LIN/LIN_Weekly_20260529_060310.png
 delete mode 100644 charts/screenshots/LLY/LLY_1H_20260528_053824.png
 create mode 100644 charts/screenshots/LLY/LLY_1H_20260529_054249.png
 delete mode 100644 charts/screenshots/LLY/LLY_4H_20260528_053824.png
 create mode 100644 charts/screenshots/LLY/LLY_4H_20260529_054249.png
 delete mode 100644 charts/screenshots/LLY/LLY_Daily_20260528_053824.png
 create mode 100644 charts/screenshots/LLY/LLY_Daily_20260529_054249.png
 delete mode 100644 charts/screenshots/LLY/LLY_Monthly_20260528_053824.png
 create mode 100644 charts/screenshots/LLY/LLY_Monthly_20260529_054249.png
 delete mode 100644 charts/screenshots/LLY/LLY_Weekly_20260528_053824.png
 create mode 100644 charts/screenshots/LLY/LLY_Weekly_20260529_054249.png
 delete mode 100644 charts/screenshots/LRCX/LRCX_1H_20260528_053903.png
 create mode 100644 charts/screenshots/LRCX/LRCX_1H_20260529_053454.png
 delete mode 100644 charts/screenshots/LRCX/LRCX_4H_20260528_053903.png
 create mode 100644 charts/screenshots/LRCX/LRCX_4H_20260529_053454.png
 delete mode 100644 charts/screenshots/LRCX/LRCX_Daily_20260528_053903.png
 create mode 100644 charts/screenshots/LRCX/LRCX_Daily_20260529_053454.png
 delete mode 100644 charts/screenshots/LRCX/LRCX_Monthly_20260528_053903.png
 create mode 100644 charts/screenshots/LRCX/LRCX_Monthly_20260529_053454.png
 delete mode 100644 charts/screenshots/LRCX/LRCX_Weekly_20260528_053903.png
 create mode 100644 charts/screenshots/LRCX/LRCX_Weekly_20260529_053454.png
 delete mode 100644 charts/screenshots/MCHP/MCHP_1H_20260528_052625.png
 create mode 100644 charts/screenshots/MCHP/MCHP_1H_20260529_052505.png
 delete mode 100644 charts/screenshots/MCHP/MCHP_4H_20260528_052625.png
 create mode 100644 charts/screenshots/MCHP/MCHP_4H_20260529_052505.png
 delete mode 100644 charts/screenshots/MCHP/MCHP_Daily_20260528_052625.png
 create mode 100644 charts/screenshots/MCHP/MCHP_Daily_20260529_052505.png
 delete mode 100644 charts/screenshots/MCHP/MCHP_Monthly_20260528_052625.png
 create mode 100644 charts/screenshots/MCHP/MCHP_Monthly_20260529_052505.png
 delete mode 100644 charts/screenshots/MCHP/MCHP_Weekly_20260528_052625.png
 create mode 100644 charts/screenshots/MCHP/MCHP_Weekly_20260529_052505.png
 delete mode 100644 charts/screenshots/MPWR/MPWR_1H_20260528_052106.png
 create mode 100644 charts/screenshots/MPWR/MPWR_1H_20260529_053533.png
 delete mode 100644 charts/screenshots/MPWR/MPWR_4H_20260528_052106.png
 create mode 100644 charts/screenshots/MPWR/MPWR_4H_20260529_053533.png
 delete mode 100644 charts/screenshots/MPWR/MPWR_Daily_20260528_052106.png
 create mode 100644 charts/screenshots/MPWR/MPWR_Daily_20260529_053533.png
 delete mode 100644 charts/screenshots/MPWR/MPWR_Monthly_20260528_052106.png
 create mode 100644 charts/screenshots/MPWR/MPWR_Monthly_20260529_053533.png
 delete mode 100644 charts/screenshots/MPWR/MPWR_Weekly_20260528_052106.png
 create mode 100644 charts/screenshots/MPWR/MPWR_Weekly_20260529_053533.png
 delete mode 100644 charts/screenshots/MRK/MRK_1H_20260528_054302.png
 create mode 100644 charts/screenshots/MRK/MRK_1H_20260529_054726.png
 delete mode 100644 charts/screenshots/MRK/MRK_4H_20260528_054302.png
 create mode 100644 charts/screenshots/MRK/MRK_4H_20260529_054726.png
 delete mode 100644 charts/screenshots/MRK/MRK_Daily_20260528_054302.png
 create mode 100644 charts/screenshots/MRK/MRK_Daily_20260529_054726.png
 delete mode 100644 charts/screenshots/MRK/MRK_Monthly_20260528_054302.png
 create mode 100644 charts/screenshots/MRK/MRK_Monthly_20260529_054726.png
 delete mode 100644 charts/screenshots/MRK/MRK_Weekly_20260528_054302.png
 create mode 100644 charts/screenshots/MRK/MRK_Weekly_20260529_054726.png
 delete mode 100644 charts/screenshots/MRVL/MRVL_1H_20260528_051826.png
 create mode 100644 charts/screenshots/MRVL/MRVL_1H_20260529_052148.png
 delete mode 100644 charts/screenshots/MRVL/MRVL_4H_20260528_051826.png
 create mode 100644 charts/screenshots/MRVL/MRVL_4H_20260529_052148.png
 delete mode 100644 charts/screenshots/MRVL/MRVL_Daily_20260528_051826.png
 create mode 100644 charts/screenshots/MRVL/MRVL_Daily_20260529_052148.png
 delete mode 100644 charts/screenshots/MRVL/MRVL_Monthly_20260528_051826.png
 create mode 100644 charts/screenshots/MRVL/MRVL_Monthly_20260529_052148.png
 delete mode 100644 charts/screenshots/MRVL/MRVL_Weekly_20260528_051826.png
 create mode 100644 charts/screenshots/MRVL/MRVL_Weekly_20260529_052148.png
 delete mode 100644 charts/screenshots/MS/MS_1H_20260528_051906.png
 create mode 100644 charts/screenshots/MS/MS_1H_20260529_053613.png
 delete mode 100644 charts/screenshots/MS/MS_4H_20260528_051906.png
 create mode 100644 charts/screenshots/MS/MS_4H_20260529_053613.png
 delete mode 100644 charts/screenshots/MS/MS_Daily_20260528_051906.png
 create mode 100644 charts/screenshots/MS/MS_Daily_20260529_053613.png
 delete mode 100644 charts/screenshots/MS/MS_Monthly_20260528_051906.png
 create mode 100644 charts/screenshots/MS/MS_Monthly_20260529_053613.png
 delete mode 100644 charts/screenshots/MS/MS_Weekly_20260528_051906.png
 create mode 100644 charts/screenshots/MS/MS_Weekly_20260529_053613.png
 delete mode 100644 charts/screenshots/MSFT/MSFT_1H_20260528_060823.png
 delete mode 100644 charts/screenshots/MSFT/MSFT_4H_20260528_060823.png
 delete mode 100644 charts/screenshots/MSFT/MSFT_Daily_20260528_060823.png
 delete mode 100644 charts/screenshots/MSFT/MSFT_Monthly_20260528_060823.png
 delete mode 100644 charts/screenshots/MSFT/MSFT_Weekly_20260528_060823.png
 delete mode 100644 charts/screenshots/MU/MU_1H_20260528_054821.png
 create mode 100644 charts/screenshots/MU/MU_1H_20260529_054923.png
 delete mode 100644 charts/screenshots/MU/MU_4H_20260528_054821.png
 create mode 100644 charts/screenshots/MU/MU_4H_20260529_054923.png
 delete mode 100644 charts/screenshots/MU/MU_Daily_20260528_054821.png
 create mode 100644 charts/screenshots/MU/MU_Daily_20260529_054923.png
 delete mode 100644 charts/screenshots/MU/MU_Monthly_20260528_054821.png
 create mode 100644 charts/screenshots/MU/MU_Monthly_20260529_054923.png
 delete mode 100644 charts/screenshots/MU/MU_Weekly_20260528_054821.png
 create mode 100644 charts/screenshots/MU/MU_Weekly_20260529_054923.png
 delete mode 100644 charts/screenshots/NBM.V/NBM.V_1H_20260528_061343.png
 create mode 100644 charts/screenshots/NBM.V/NBM.V_1H_20260529_061025.png
 delete mode 100644 charts/screenshots/NBM.V/NBM.V_4H_20260528_061343.png
 create mode 100644 charts/screenshots/NBM.V/NBM.V_4H_20260529_061025.png
 delete mode 100644 charts/screenshots/NBM.V/NBM.V_Daily_20260528_061343.png
 create mode 100644 charts/screenshots/NBM.V/NBM.V_Daily_20260529_061025.png
 delete mode 100644 charts/screenshots/NBM.V/NBM.V_Monthly_20260528_061343.png
 create mode 100644 charts/screenshots/NBM.V/NBM.V_Monthly_20260529_061025.png
 delete mode 100644 charts/screenshots/NBM.V/NBM.V_Weekly_20260528_061343.png
 create mode 100644 charts/screenshots/NBM.V/NBM.V_Weekly_20260529_061025.png
 delete mode 100644 charts/screenshots/NVDA/NVDA_1H_20260528_055823.png
 create mode 100644 charts/screenshots/NVDA/NVDA_1H_20260529_055835.png
 delete mode 100644 charts/screenshots/NVDA/NVDA_4H_20260528_055823.png
 create mode 100644 charts/screenshots/NVDA/NVDA_4H_20260529_055835.png
 delete mode 100644 charts/screenshots/NVDA/NVDA_Daily_20260528_055823.png
 create mode 100644 charts/screenshots/NVDA/NVDA_Daily_20260529_055835.png
 delete mode 100644 charts/screenshots/NVDA/NVDA_Monthly_20260528_055823.png
 create mode 100644 charts/screenshots/NVDA/NVDA_Monthly_20260529_055835.png
 delete mode 100644 charts/screenshots/NVDA/NVDA_Weekly_20260528_055823.png
 create mode 100644 charts/screenshots/NVDA/NVDA_Weekly_20260529_055835.png
 delete mode 100644 charts/screenshots/NXPI/NXPI_1H_20260528_053425.png
 create mode 100644 charts/screenshots/NXPI/NXPI_1H_20260529_053217.png
 delete mode 100644 charts/screenshots/NXPI/NXPI_4H_20260528_053425.png
 create mode 100644 charts/screenshots/NXPI/NXPI_4H_20260529_053217.png
 delete mode 100644 charts/screenshots/NXPI/NXPI_Daily_20260528_053425.png
 create mode 100644 charts/screenshots/NXPI/NXPI_Daily_20260529_053217.png
 delete mode 100644 charts/screenshots/NXPI/NXPI_Monthly_20260528_053425.png
 create mode 100644 charts/screenshots/NXPI/NXPI_Monthly_20260529_053217.png
 delete mode 100644 charts/screenshots/NXPI/NXPI_Weekly_20260528_053425.png
 create mode 100644 charts/screenshots/NXPI/NXPI_Weekly_20260529_053217.png
 delete mode 100644 charts/screenshots/ON/ON_1H_20260528_053943.png
 create mode 100644 charts/screenshots/ON/ON_1H_20260529_052544.png
 delete mode 100644 charts/screenshots/ON/ON_4H_20260528_053943.png
 create mode 100644 charts/screenshots/ON/ON_4H_20260529_052544.png
 delete mode 100644 charts/screenshots/ON/ON_Daily_20260528_053943.png
 create mode 100644 charts/screenshots/ON/ON_Daily_20260529_052544.png
 delete mode 100644 charts/screenshots/ON/ON_Monthly_20260528_053943.png
 create mode 100644 charts/screenshots/ON/ON_Monthly_20260529_052544.png
 delete mode 100644 charts/screenshots/ON/ON_Weekly_20260528_053943.png
 create mode 100644 charts/screenshots/ON/ON_Weekly_20260529_052544.png
 delete mode 100644 charts/screenshots/ORCL/ORCL_1H_20260528_055221.png
 create mode 100644 charts/screenshots/ORCL/ORCL_1H_20260529_054329.png
 delete mode 100644 charts/screenshots/ORCL/ORCL_4H_20260528_055221.png
 create mode 100644 charts/screenshots/ORCL/ORCL_4H_20260529_054329.png
 delete mode 100644 charts/screenshots/ORCL/ORCL_Daily_20260528_055221.png
 create mode 100644 charts/screenshots/ORCL/ORCL_Daily_20260529_054329.png
 delete mode 100644 charts/screenshots/ORCL/ORCL_Monthly_20260528_055221.png
 create mode 100644 charts/screenshots/ORCL/ORCL_Monthly_20260529_054329.png
 delete mode 100644 charts/screenshots/ORCL/ORCL_Weekly_20260528_055221.png
 create mode 100644 charts/screenshots/ORCL/ORCL_Weekly_20260529_054329.png
 delete mode 100644 charts/screenshots/PANW/PANW_1H_20260528_052705.png
 create mode 100644 charts/screenshots/PANW/PANW_1H_20260529_052622.png
 delete mode 100644 charts/screenshots/PANW/PANW_4H_20260528_052705.png
 create mode 100644 charts/screenshots/PANW/PANW_4H_20260529_052622.png
 delete mode 100644 charts/screenshots/PANW/PANW_Daily_20260528_052705.png
 create mode 100644 charts/screenshots/PANW/PANW_Daily_20260529_052622.png
 delete mode 100644 charts/screenshots/PANW/PANW_Monthly_20260528_052705.png
 create mode 100644 charts/screenshots/PANW/PANW_Monthly_20260529_052622.png
 delete mode 100644 charts/screenshots/PANW/PANW_Weekly_20260528_052705.png
 create mode 100644 charts/screenshots/PANW/PANW_Weekly_20260529_052622.png
 create mode 100644 charts/screenshots/PEP/PEP_1H_20260529_060827.png
 create mode 100644 charts/screenshots/PEP/PEP_4H_20260529_060827.png
 create mode 100644 charts/screenshots/PEP/PEP_Daily_20260529_060827.png
 create mode 100644 charts/screenshots/PEP/PEP_Monthly_20260529_060827.png
 create mode 100644 charts/screenshots/PEP/PEP_Weekly_20260529_060827.png
 delete mode 100644 charts/screenshots/PG/PG_1H_20260528_060903.png
 delete mode 100644 charts/screenshots/PG/PG_4H_20260528_060903.png
 delete mode 100644 charts/screenshots/PG/PG_Daily_20260528_060903.png
 delete mode 100644 charts/screenshots/PG/PG_Monthly_20260528_060903.png
 delete mode 100644 charts/screenshots/PG/PG_Weekly_20260528_060903.png
 delete mode 100644 charts/screenshots/PM/PM_1H_20260528_052745.png
 create mode 100644 charts/screenshots/PM/PM_1H_20260529_052702.png
 delete mode 100644 charts/screenshots/PM/PM_4H_20260528_052745.png
 create mode 100644 charts/screenshots/PM/PM_4H_20260529_052702.png
 delete mode 100644 charts/screenshots/PM/PM_Daily_20260528_052745.png
 create mode 100644 charts/screenshots/PM/PM_Daily_20260529_052702.png
 delete mode 100644 charts/screenshots/PM/PM_Monthly_20260528_052745.png
 create mode 100644 charts/screenshots/PM/PM_Monthly_20260529_052702.png
 delete mode 100644 charts/screenshots/PM/PM_Weekly_20260528_052745.png
 create mode 100644 charts/screenshots/PM/PM_Weekly_20260529_052702.png
 delete mode 100644 charts/screenshots/PWR/PWR_1H_20260528_052825.png
 create mode 100644 charts/screenshots/PWR/PWR_1H_20260529_052741.png
 delete mode 100644 charts/screenshots/PWR/PWR_4H_20260528_052825.png
 create mode 100644 charts/screenshots/PWR/PWR_4H_20260529_052741.png
 delete mode 100644 charts/screenshots/PWR/PWR_Daily_20260528_052825.png
 create mode 100644 charts/screenshots/PWR/PWR_Daily_20260529_052741.png
 delete mode 100644 charts/screenshots/PWR/PWR_Monthly_20260528_052825.png
 create mode 100644 charts/screenshots/PWR/PWR_Monthly_20260529_052741.png
 delete mode 100644 charts/screenshots/PWR/PWR_Weekly_20260528_052825.png
 create mode 100644 charts/screenshots/PWR/PWR_Weekly_20260529_052741.png
 delete mode 100644 charts/screenshots/QCOM/QCOM_1H_20260528_052904.png
 create mode 100644 charts/screenshots/QCOM/QCOM_1H_20260529_053732.png
 delete mode 100644 charts/screenshots/QCOM/QCOM_4H_20260528_052904.png
 create mode 100644 charts/screenshots/QCOM/QCOM_4H_20260529_053732.png
 delete mode 100644 charts/screenshots/QCOM/QCOM_Daily_20260528_052904.png
 create mode 100644 charts/screenshots/QCOM/QCOM_Daily_20260529_053732.png
 delete mode 100644 charts/screenshots/QCOM/QCOM_Monthly_20260528_052904.png
 create mode 100644 charts/screenshots/QCOM/QCOM_Monthly_20260529_053732.png
 delete mode 100644 charts/screenshots/QCOM/QCOM_Weekly_20260528_052904.png
 create mode 100644 charts/screenshots/QCOM/QCOM_Weekly_20260529_053732.png
 delete mode 100644 charts/screenshots/QQQ/QQQ_1H_20260528_051946.png
 create mode 100644 charts/screenshots/QQQ/QQQ_1H_20260529_053812.png
 delete mode 100644 charts/screenshots/QQQ/QQQ_4H_20260528_051946.png
 create mode 100644 charts/screenshots/QQQ/QQQ_4H_20260529_053812.png
 delete mode 100644 charts/screenshots/QQQ/QQQ_Daily_20260528_051946.png
 create mode 100644 charts/screenshots/QQQ/QQQ_Daily_20260529_053812.png
 delete mode 100644 charts/screenshots/QQQ/QQQ_Monthly_20260528_051946.png
 create mode 100644 charts/screenshots/QQQ/QQQ_Monthly_20260529_053812.png
 delete mode 100644 charts/screenshots/QQQ/QQQ_Weekly_20260528_051946.png
 create mode 100644 charts/screenshots/QQQ/QQQ_Weekly_20260529_053812.png
 delete mode 100644 charts/screenshots/SBUX/SBUX_1H_20260528_054501.png
 create mode 100644 charts/screenshots/SBUX/SBUX_1H_20260529_055320.png
 delete mode 100644 charts/screenshots/SBUX/SBUX_4H_20260528_054501.png
 create mode 100644 charts/screenshots/SBUX/SBUX_4H_20260529_055320.png
 delete mode 100644 charts/screenshots/SBUX/SBUX_Daily_20260528_054501.png
 create mode 100644 charts/screenshots/SBUX/SBUX_Daily_20260529_055320.png
 delete mode 100644 charts/screenshots/SBUX/SBUX_Monthly_20260528_054501.png
 create mode 100644 charts/screenshots/SBUX/SBUX_Monthly_20260529_055320.png
 delete mode 100644 charts/screenshots/SBUX/SBUX_Weekly_20260528_054501.png
 create mode 100644 charts/screenshots/SBUX/SBUX_Weekly_20260529_055320.png
 delete mode 100644 charts/screenshots/SMCI/SMCI_1H_20260528_060023.png
 create mode 100644 charts/screenshots/SMCI/SMCI_1H_20260529_055517.png
 delete mode 100644 charts/screenshots/SMCI/SMCI_4H_20260528_060023.png
 create mode 100644 charts/screenshots/SMCI/SMCI_4H_20260529_055517.png
 delete mode 100644 charts/screenshots/SMCI/SMCI_Daily_20260528_060023.png
 create mode 100644 charts/screenshots/SMCI/SMCI_Daily_20260529_055517.png
 delete mode 100644 charts/screenshots/SMCI/SMCI_Monthly_20260528_060023.png
 create mode 100644 charts/screenshots/SMCI/SMCI_Monthly_20260529_055517.png
 delete mode 100644 charts/screenshots/SMCI/SMCI_Weekly_20260528_060023.png
 create mode 100644 charts/screenshots/SMCI/SMCI_Weekly_20260529_055517.png
 delete mode 100644 charts/screenshots/SNPS/SNPS_1H_20260528_053145.png
 create mode 100644 charts/screenshots/SNPS/SNPS_1H_20260529_053018.png
 delete mode 100644 charts/screenshots/SNPS/SNPS_4H_20260528_053145.png
 create mode 100644 charts/screenshots/SNPS/SNPS_4H_20260529_053018.png
 delete mode 100644 charts/screenshots/SNPS/SNPS_Daily_20260528_053145.png
 create mode 100644 charts/screenshots/SNPS/SNPS_Daily_20260529_053018.png
 delete mode 100644 charts/screenshots/SNPS/SNPS_Monthly_20260528_053145.png
 create mode 100644 charts/screenshots/SNPS/SNPS_Monthly_20260529_053018.png
 delete mode 100644 charts/screenshots/SNPS/SNPS_Weekly_20260528_053145.png
 create mode 100644 charts/screenshots/SNPS/SNPS_Weekly_20260529_053018.png
 delete mode 100644 charts/screenshots/SPY/SPY_1H_20260528_053225.png
 create mode 100644 charts/screenshots/SPY/SPY_1H_20260529_051912.png
 delete mode 100644 charts/screenshots/SPY/SPY_4H_20260528_053225.png
 create mode 100644 charts/screenshots/SPY/SPY_4H_20260529_051912.png
 delete mode 100644 charts/screenshots/SPY/SPY_Daily_20260528_053225.png
 create mode 100644 charts/screenshots/SPY/SPY_Daily_20260529_051912.png
 delete mode 100644 charts/screenshots/SPY/SPY_Monthly_20260528_053225.png
 create mode 100644 charts/screenshots/SPY/SPY_Monthly_20260529_051912.png
 delete mode 100644 charts/screenshots/SPY/SPY_Weekly_20260528_053225.png
 create mode 100644 charts/screenshots/SPY/SPY_Weekly_20260529_051912.png
 delete mode 100644 charts/screenshots/STX/STX_1H_20260528_052944.png
 create mode 100644 charts/screenshots/STX/STX_1H_20260529_053852.png
 delete mode 100644 charts/screenshots/STX/STX_4H_20260528_052944.png
 create mode 100644 charts/screenshots/STX/STX_4H_20260529_053852.png
 delete mode 100644 charts/screenshots/STX/STX_Daily_20260528_052944.png
 create mode 100644 charts/screenshots/STX/STX_Daily_20260529_053852.png
 delete mode 100644 charts/screenshots/STX/STX_Monthly_20260528_052944.png
 create mode 100644 charts/screenshots/STX/STX_Monthly_20260529_053852.png
 delete mode 100644 charts/screenshots/STX/STX_Weekly_20260528_052944.png
 create mode 100644 charts/screenshots/STX/STX_Weekly_20260529_053852.png
 delete mode 100644 charts/screenshots/T/T_1H_20260528_060624.png
 create mode 100644 charts/screenshots/T/T_1H_20260529_060350.png
 delete mode 100644 charts/screenshots/T/T_4H_20260528_060624.png
 create mode 100644 charts/screenshots/T/T_4H_20260529_060350.png
 delete mode 100644 charts/screenshots/T/T_Daily_20260528_060624.png
 create mode 100644 charts/screenshots/T/T_Daily_20260529_060350.png
 delete mode 100644 charts/screenshots/T/T_Monthly_20260528_060624.png
 create mode 100644 charts/screenshots/T/T_Monthly_20260529_060350.png
 delete mode 100644 charts/screenshots/T/T_Weekly_20260528_060624.png
 create mode 100644 charts/screenshots/T/T_Weekly_20260529_060350.png
 delete mode 100644 charts/screenshots/TER/TER_1H_20260528_055141.png
 create mode 100644 charts/screenshots/TER/TER_1H_20260529_053653.png
 delete mode 100644 charts/screenshots/TER/TER_4H_20260528_055141.png
 create mode 100644 charts/screenshots/TER/TER_4H_20260529_053653.png
 delete mode 100644 charts/screenshots/TER/TER_Daily_20260528_055141.png
 create mode 100644 charts/screenshots/TER/TER_Daily_20260529_053653.png
 delete mode 100644 charts/screenshots/TER/TER_Monthly_20260528_055141.png
 create mode 100644 charts/screenshots/TER/TER_Monthly_20260529_053653.png
 delete mode 100644 charts/screenshots/TER/TER_Weekly_20260528_055141.png
 create mode 100644 charts/screenshots/TER/TER_Weekly_20260529_053653.png
 delete mode 100644 charts/screenshots/TGT/TGT_1H_20260528_055542.png
 create mode 100644 charts/screenshots/TGT/TGT_1H_20260529_053058.png
 delete mode 100644 charts/screenshots/TGT/TGT_4H_20260528_055542.png
 create mode 100644 charts/screenshots/TGT/TGT_4H_20260529_053058.png
 delete mode 100644 charts/screenshots/TGT/TGT_Daily_20260528_055542.png
 create mode 100644 charts/screenshots/TGT/TGT_Daily_20260529_053058.png
 delete mode 100644 charts/screenshots/TGT/TGT_Monthly_20260528_055542.png
 create mode 100644 charts/screenshots/TGT/TGT_Monthly_20260529_053058.png
 delete mode 100644 charts/screenshots/TGT/TGT_Weekly_20260528_055542.png
 create mode 100644 charts/screenshots/TGT/TGT_Weekly_20260529_053058.png
 delete mode 100644 charts/screenshots/TJX/TJX_1H_20260528_060143.png
 create mode 100644 charts/screenshots/TJX/TJX_1H_20260529_055953.png
 delete mode 100644 charts/screenshots/TJX/TJX_4H_20260528_060143.png
 create mode 100644 charts/screenshots/TJX/TJX_4H_20260529_055953.png
 delete mode 100644 charts/screenshots/TJX/TJX_Daily_20260528_060143.png
 create mode 100644 charts/screenshots/TJX/TJX_Daily_20260529_055953.png
 delete mode 100644 charts/screenshots/TJX/TJX_Monthly_20260528_060143.png
 create mode 100644 charts/screenshots/TJX/TJX_Monthly_20260529_055953.png
 delete mode 100644 charts/screenshots/TJX/TJX_Weekly_20260528_060143.png
 create mode 100644 charts/screenshots/TJX/TJX_Weekly_20260529_055953.png
 delete mode 100644 charts/screenshots/TSLA/TSLA_1H_20260528_053345.png
 create mode 100644 charts/screenshots/TSLA/TSLA_1H_20260529_053137.png
 delete mode 100644 charts/screenshots/TSLA/TSLA_4H_20260528_053345.png
 create mode 100644 charts/screenshots/TSLA/TSLA_4H_20260529_053137.png
 delete mode 100644 charts/screenshots/TSLA/TSLA_Daily_20260528_053345.png
 create mode 100644 charts/screenshots/TSLA/TSLA_Daily_20260529_053137.png
 delete mode 100644 charts/screenshots/TSLA/TSLA_Monthly_20260528_053345.png
 create mode 100644 charts/screenshots/TSLA/TSLA_Monthly_20260529_053137.png
 delete mode 100644 charts/screenshots/TSLA/TSLA_Weekly_20260528_053345.png
 create mode 100644 charts/screenshots/TSLA/TSLA_Weekly_20260529_053137.png
 delete mode 100644 charts/screenshots/TXN/TXN_1H_20260528_053024.png
 create mode 100644 charts/screenshots/TXN/TXN_1H_20260529_052821.png
 delete mode 100644 charts/screenshots/TXN/TXN_4H_20260528_053024.png
 create mode 100644 charts/screenshots/TXN/TXN_4H_20260529_052821.png
 delete mode 100644 charts/screenshots/TXN/TXN_Daily_20260528_053024.png
 create mode 100644 charts/screenshots/TXN/TXN_Daily_20260529_052821.png
 delete mode 100644 charts/screenshots/TXN/TXN_Monthly_20260528_053024.png
 create mode 100644 charts/screenshots/TXN/TXN_Monthly_20260529_052821.png
 delete mode 100644 charts/screenshots/TXN/TXN_Weekly_20260528_053024.png
 create mode 100644 charts/screenshots/TXN/TXN_Weekly_20260529_052821.png
 delete mode 100644 charts/screenshots/UNH/UNH_1H_20260528_052146.png
 create mode 100644 charts/screenshots/UNH/UNH_1H_20260529_052029.png
 delete mode 100644 charts/screenshots/UNH/UNH_4H_20260528_052146.png
 create mode 100644 charts/screenshots/UNH/UNH_4H_20260529_052029.png
 delete mode 100644 charts/screenshots/UNH/UNH_Daily_20260528_052146.png
 create mode 100644 charts/screenshots/UNH/UNH_Daily_20260529_052029.png
 delete mode 100644 charts/screenshots/UNH/UNH_Monthly_20260528_052146.png
 create mode 100644 charts/screenshots/UNH/UNH_Monthly_20260529_052029.png
 delete mode 100644 charts/screenshots/UNH/UNH_Weekly_20260528_052146.png
 create mode 100644 charts/screenshots/UNH/UNH_Weekly_20260529_052029.png
 create mode 100644 charts/screenshots/UNP/UNP_1H_20260529_054605.png
 create mode 100644 charts/screenshots/UNP/UNP_4H_20260529_054605.png
 create mode 100644 charts/screenshots/UNP/UNP_Daily_20260529_054605.png
 create mode 100644 charts/screenshots/UNP/UNP_Monthly_20260529_054605.png
 create mode 100644 charts/screenshots/UNP/UNP_Weekly_20260529_054605.png
 delete mode 100644 charts/screenshots/V/V_1H_20260528_055902.png
 delete mode 100644 charts/screenshots/V/V_4H_20260528_055902.png
 delete mode 100644 charts/screenshots/V/V_Daily_20260528_055902.png
 delete mode 100644 charts/screenshots/V/V_Monthly_20260528_055902.png
 delete mode 100644 charts/screenshots/V/V_Weekly_20260528_055902.png
 delete mode 100644 charts/screenshots/VLO/VLO_1H_20260528_054621.png
 delete mode 100644 charts/screenshots/VLO/VLO_4H_20260528_054621.png
 delete mode 100644 charts/screenshots/VLO/VLO_Daily_20260528_054621.png
 delete mode 100644 charts/screenshots/VLO/VLO_Monthly_20260528_054621.png
 delete mode 100644 charts/screenshots/VLO/VLO_Weekly_20260528_054621.png
 delete mode 100644 charts/screenshots/VZ/VZ_1H_20260528_060342.png
 create mode 100644 charts/screenshots/VZ/VZ_1H_20260529_055043.png
 delete mode 100644 charts/screenshots/VZ/VZ_4H_20260528_060342.png
 create mode 100644 charts/screenshots/VZ/VZ_4H_20260529_055043.png
 delete mode 100644 charts/screenshots/VZ/VZ_Daily_20260528_060342.png
 create mode 100644 charts/screenshots/VZ/VZ_Daily_20260529_055043.png
 delete mode 100644 charts/screenshots/VZ/VZ_Monthly_20260528_060342.png
 create mode 100644 charts/screenshots/VZ/VZ_Monthly_20260529_055043.png
 delete mode 100644 charts/screenshots/VZ/VZ_Weekly_20260528_060342.png
 create mode 100644 charts/screenshots/VZ/VZ_Weekly_20260529_055043.png
 delete mode 100644 charts/screenshots/WDC/WDC_1H_20260528_054022.png
 create mode 100644 charts/screenshots/WDC/WDC_1H_20260529_052859.png
 delete mode 100644 charts/screenshots/WDC/WDC_4H_20260528_054022.png
 create mode 100644 charts/screenshots/WDC/WDC_4H_20260529_052859.png
 delete mode 100644 charts/screenshots/WDC/WDC_Daily_20260528_054022.png
 create mode 100644 charts/screenshots/WDC/WDC_Daily_20260529_052859.png
 delete mode 100644 charts/screenshots/WDC/WDC_Monthly_20260528_054022.png
 create mode 100644 charts/screenshots/WDC/WDC_Monthly_20260529_052859.png
 delete mode 100644 charts/screenshots/WDC/WDC_Weekly_20260528_054022.png
 create mode 100644 charts/screenshots/WDC/WDC_Weekly_20260529_052859.png
 delete mode 100644 charts/screenshots/XOM/XOM_1H_20260528_055622.png
 delete mode 100644 charts/screenshots/XOM/XOM_4H_20260528_055622.png
 delete mode 100644 charts/screenshots/XOM/XOM_Daily_20260528_055622.png
 delete mode 100644 charts/screenshots/XOM/XOM_Monthly_20260528_055622.png
 delete mode 100644 charts/screenshots/XOM/XOM_Weekly_20260528_055622.png
 create mode 100644 charts/screenshots/ZS/ZS_1H_20260529_060429.png
 create mode 100644 charts/screenshots/ZS/ZS_4H_20260529_060429.png
 create mode 100644 charts/screenshots/ZS/ZS_Daily_20260529_060429.png
 create mode 100644 charts/screenshots/ZS/ZS_Monthly_20260529_060429.png
 create mode 100644 charts/screenshots/ZS/ZS_Weekly_20260529_060429.png
 delete mode 100644 charts/screenshots/ZTS/ZTS_1H_20260528_061103.png
 delete mode 100644 charts/screenshots/ZTS/ZTS_4H_20260528_061103.png
 delete mode 100644 charts/screenshots/ZTS/ZTS_Daily_20260528_061103.png
 delete mode 100644 charts/screenshots/ZTS/ZTS_Monthly_20260528_061103.png
 delete mode 100644 charts/screenshots/ZTS/ZTS_Weekly_20260528_061103.png
[[SP500 차트분석]] GitHub 푸시 완료
[[SP500 차트분석]] Google Sheets 업데이트 완료
[Paper Trading] SP500 ranked_df 스냅샷 저장 완료 (129개 종목)

[요약] 파이프라인 완료 – 총 4191.3초 (69.85분) 소요
