============================================================
[Unified Paper Trading] SP500 + NASDAQ/NYSE 통합 실행 시작
============================================================
2026-07-15 06:53:02,514 [INFO] paper_trading.runner — [Runner] SP500 snapshot 로드: 129개 종목
[Unified PT] SP500 snapshot 로드: 129개 종목
2026-07-15 06:53:02,524 [INFO] paper_trading.runner — [Runner] NASDAQ snapshot 로드: 212개 종목
[Unified PT] NASDAQ snapshot 로드: 212개 종목
[Unified PT] 합산 완료: 332개 종목 (SP500 129 + NASDAQ 212개, 중복 제거 후)
[Unified PT] 골든크로스임박 종목: 45개
2026-07-15 06:53:03,991 [INFO] paper_trading.candidate_selector — [전략점수 분포] ~4.0: 133 | 4.0~5.0: 21 | 5.0~5.5: 28 | 5.5~6.0: 21 | 6.0+: 129
2026-07-15 06:53:04,008 [INFO] paper_trading.candidate_selector — [CandidateSelector] Regime=bull | Filtered=2/332 | Selected: LAC (CCS=0.4077)
2026-07-15 06:53:04,020 [INFO] paper_trading.engine — [PaperTrading] 교체 기준 미달 — 매수 안 함
[Unified PT] 매도=0 매수=0 보유=3종목
[Unified PT] 레짐=bull | 필터={'전략점수<6.0': 203, '바닥반등_52주과열': 2, '판단등급_미달': 122, '과열_차단': 0, '유동성_부족': 0, '어닝_임박': 0, '보유_중복': 2, '모멘텀_ADX부족': 0, '바닥_RSI데드존': 0, '섹터_집중': 1, '_통과': 2, '_전체': 332}
[Unified PT] 스킵 사유: 교체_미달
[Unified PT] Top5 후보:
  LAC    CCS=0.4077 전략=📉 바닥반등 섹터=Basic Materials
2026-07-15 06:53:05,621 [INFO] paper_trading.sheet_sync — [SheetSync] 포지션현황 업데이트: 3개 종목
2026-07-15 06:53:08,868 [INFO] paper_trading.sheet_sync — [SheetSync] 성과요약 업데이트: 28건 거래
[Unified PT] 구글 시트 동기화 완료
[시장분석] 48개 종목 데이터 수집 중...
2026-07-15 06:53:15,439 [WARNING] data.fetch — [fetch_analyst_data] META: 'dict' object has no attribute 'empty'
2026-07-15 06:53:15,486 [WARNING] data.fetch — [fetch_analyst_data] QBTS: 'dict' object has no attribute 'empty'
2026-07-15 06:53:15,566 [WARNING] data.fetch — [fetch_analyst_data] APP: 'dict' object has no attribute 'empty'
2026-07-15 06:53:15,602 [WARNING] data.fetch — [fetch_analyst_data] LAC: 'dict' object has no attribute 'empty'
2026-07-15 06:53:15,629 [WARNING] data.fetch — [fetch_analyst_data] SMCI: 'dict' object has no attribute 'empty'
2026-07-15 06:53:22,166 [WARNING] data.fetch — [fetch_analyst_data] PGR: 'dict' object has no attribute 'empty'
2026-07-15 06:53:22,185 [WARNING] data.fetch — [fetch_analyst_data] MA: 'dict' object has no attribute 'empty'
2026-07-15 06:53:22,227 [WARNING] data.fetch — [fetch_analyst_data] IBM: 'dict' object has no attribute 'empty'
2026-07-15 06:53:22,233 [WARNING] data.fetch — [fetch_analyst_data] SHW: 'dict' object has no attribute 'empty'
2026-07-15 06:53:22,441 [WARNING] data.fetch — [fetch_analyst_data] SFM: 'dict' object has no attribute 'empty'
2026-07-15 06:53:28,650 [WARNING] data.fetch — [fetch_analyst_data] BRBR: 'dict' object has no attribute 'empty'
2026-07-15 06:53:28,683 [WARNING] data.fetch — [fetch_analyst_data] INSP: 'dict' object has no attribute 'empty'
2026-07-15 06:53:28,737 [WARNING] data.fetch — [fetch_analyst_data] FLUT: 'dict' object has no attribute 'empty'
2026-07-15 06:53:28,809 [WARNING] data.fetch — [fetch_analyst_data] MCK: 'dict' object has no attribute 'empty'
2026-07-15 06:53:29,013 [WARNING] data.fetch — [fetch_analyst_data] COTY: 'dict' object has no attribute 'empty'
2026-07-15 06:53:35,162 [WARNING] data.fetch — [fetch_analyst_data] TEAM: 'dict' object has no attribute 'empty'
2026-07-15 06:53:35,203 [WARNING] data.fetch — [fetch_analyst_data] NEE: 'dict' object has no attribute 'empty'
2026-07-15 06:53:35,258 [WARNING] data.fetch — [fetch_analyst_data] ZS: 'dict' object has no attribute 'empty'
2026-07-15 06:53:35,297 [WARNING] data.fetch — [fetch_analyst_data] KVYO: 'dict' object has no attribute 'empty'
2026-07-15 06:53:35,504 [WARNING] data.fetch — [fetch_analyst_data] TMUS: 'dict' object has no attribute 'empty'
2026-07-15 06:53:41,835 [WARNING] data.fetch — [fetch_analyst_data] DOCS: 'dict' object has no attribute 'empty'
2026-07-15 06:53:41,883 [WARNING] data.fetch — [fetch_analyst_data] OWL: 'dict' object has no attribute 'empty'
2026-07-15 06:53:41,929 [WARNING] data.fetch — [fetch_analyst_data] XOM: 'dict' object has no attribute 'empty'
2026-07-15 06:53:41,932 [WARNING] data.fetch — [fetch_analyst_data] CVX: 'dict' object has no attribute 'empty'
2026-07-15 06:53:41,963 [WARNING] data.fetch — [fetch_analyst_data] DJT: 'dict' object has no attribute 'empty'
2026-07-15 06:53:48,363 [WARNING] data.fetch — [fetch_analyst_data] PLTR: 'dict' object has no attribute 'empty'
2026-07-15 06:53:48,476 [WARNING] data.fetch — [fetch_analyst_data] COP: 'dict' object has no attribute 'empty'
2026-07-15 06:53:48,542 [WARNING] data.fetch — [fetch_analyst_data] HUBS: 'dict' object has no attribute 'empty'
2026-07-15 06:53:48,561 [WARNING] data.fetch — [fetch_analyst_data] CRM: 'dict' object has no attribute 'empty'
2026-07-15 06:53:48,593 [WARNING] data.fetch — [fetch_analyst_data] ADBE: 'dict' object has no attribute 'empty'
2026-07-15 06:53:54,891 [WARNING] data.fetch — [fetch_analyst_data] PARR: 'dict' object has no attribute 'empty'
2026-07-15 06:53:54,986 [WARNING] data.fetch — [fetch_analyst_data] TME: 'dict' object has no attribute 'empty'
2026-07-15 06:53:55,013 [WARNING] data.fetch — [fetch_analyst_data] CHWY: 'dict' object has no attribute 'empty'
2026-07-15 06:53:55,115 [WARNING] data.fetch — [fetch_analyst_data] TSLA: 'dict' object has no attribute 'empty'
2026-07-15 06:53:55,224 [WARNING] data.fetch — [fetch_analyst_data] PG: 'dict' object has no attribute 'empty'
2026-07-15 06:54:01,385 [WARNING] data.fetch — [fetch_analyst_data] RZLV: 'dict' object has no attribute 'empty'
2026-07-15 06:54:01,518 [WARNING] data.fetch — [fetch_analyst_data] SNPS: 'dict' object has no attribute 'empty'
2026-07-15 06:54:01,663 [WARNING] data.fetch — [fetch_analyst_data] QUBT: 'dict' object has no attribute 'empty'
2026-07-15 06:54:01,763 [WARNING] data.fetch — [fetch_analyst_data] UPC: 'dict' object has no attribute 'empty'
2026-07-15 06:54:01,789 [WARNING] data.fetch — [fetch_analyst_data] ARQQ: 'dict' object has no attribute 'empty'
2026-07-15 06:54:07,856 [WARNING] data.fetch — [fetch_analyst_data] FLNC: 'dict' object has no attribute 'empty'
2026-07-15 06:54:08,067 [WARNING] data.fetch — [fetch_analyst_data] HD: 'dict' object has no attribute 'empty'
2026-07-15 06:54:08,180 [WARNING] data.fetch — [fetch_analyst_data] QLYS: 'dict' object has no attribute 'empty'
2026-07-15 06:54:08,271 [WARNING] data.fetch — [fetch_analyst_data] CUPR: 'dict' object has no attribute 'empty'
2026-07-15 06:54:08,386 [WARNING] data.fetch — [fetch_analyst_data] TMO: 'dict' object has no attribute 'empty'
2026-07-15 06:54:14,336 [WARNING] data.fetch — [fetch_analyst_data] PGY: 'dict' object has no attribute 'empty'
2026-07-15 06:54:14,583 [WARNING] data.fetch — [fetch_analyst_data] ACA: 'dict' object has no attribute 'empty'
2026-07-15 06:54:14,794 [WARNING] data.fetch — [fetch_analyst_data] RTX: 'dict' object has no attribute 'empty'
[시장분석] enrichment 완료
[Email] 페이퍼 트레이딩 알림 발송 완료 (매도 0건, 매수 0건, 재평가 0건, 재평가실패 0건, 후보 1건) → chunghwan14@gmail.com, roykim0311@gmail.com, ssamjungtan@naver.com
============================================================
[Unified Paper Trading] 완료
============================================================
