============================================================
[Unified Paper Trading] SP500 + NASDAQ/NYSE 통합 실행 시작
============================================================
2026-08-13 06:21:14,469 [INFO] paper_trading.runner — [Runner] SP500 snapshot 로드: 129개 종목
[Unified PT] SP500 snapshot 로드: 129개 종목
2026-08-13 06:21:14,479 [INFO] paper_trading.runner — [Runner] NASDAQ snapshot 로드: 217개 종목
[Unified PT] NASDAQ snapshot 로드: 217개 종목
[Unified PT] 합산 완료: 337개 종목 (SP500 129 + NASDAQ 217개, 중복 제거 후)
[Unified PT] 골든크로스임박 종목: 58개
2026-08-13 06:21:15,420 [INFO] paper_trading.engine — [PaperTrading] SELL CDNS @ 323.13 (트레일링(-6.3%))
2026-08-13 06:21:15,424 [INFO] paper_trading.candidate_selector — [전략점수 분포] ~4.0: 106 | 4.0~5.0: 33 | 5.0~5.5: 21 | 5.5~6.0: 12 | 6.0+: 165
2026-08-13 06:21:15,435 [INFO] paper_trading.candidate_selector — [CandidateSelector] Regime=bull | Filtered=4/337 | Selected: PGY (CCS=0.5976)
2026-08-13 06:21:15,440 [INFO] paper_trading.engine — [PaperTrading] BUY PGY @ 20.31 (CCS=0.5976, RSI=58, upside P50=+4% P75=+8%)
[Unified PT] 매도=1 매수=1 보유=3종목
[Unified PT] 레짐=bull | 필터={'전략점수<6.0': 172, '바닥반등_52주과열': 1, '판단등급_미달': 149, '과열_차단': 3, '유동성_부족': 0, '어닝_임박': 0, '보유_중복': 1, '모멘텀_ADX부족': 6, '바닥_RSI데드존': 1, '섹터_집중': 0, '_통과': 4, '_전체': 337}
[Unified PT] Top5 후보:
  PGY    CCS=0.5976 전략=📈 모멘텀 섹터=Technology
  BILI   CCS=0.5320 전략=📉 바닥반등 섹터=Communication Services
  STUB   CCS=0.5116 전략=📉 바닥반등 섹터=Communication Services
  TTD    CCS=0.4706 전략=📉 바닥반등 섹터=Communication Services
2026-08-13 06:21:16,588 [INFO] paper_trading.sheet_sync — [SheetSync] 거래로그 append: SELL CDNS
2026-08-13 06:21:17,450 [INFO] paper_trading.sheet_sync — [SheetSync] 거래로그 append: BUY PGY
2026-08-13 06:21:18,464 [INFO] paper_trading.sheet_sync — [SheetSync] 포지션현황 업데이트: 3개 종목
2026-08-13 06:21:19,491 [INFO] paper_trading.sheet_sync — [SheetSync] 성과요약 업데이트: 37건 거래
[Unified PT] 구글 시트 동기화 완료
2026-08-13 06:21:19,718 [INFO] matplotlib.font_manager — Failed to extract font properties from /usr/share/fonts/truetype/noto/NotoColorEmoji.ttf: Non-scalable fonts are not supported
2026-08-13 06:21:19,732 [INFO] matplotlib.font_manager — generated new fontManager
2026-08-13 06:21:20,494 [WARNING] fpdf.output — Font MPDFAA+NanumGothic is missing the following glyphs: '📈' (\U0001f4c8), '📉' (\U0001f4c9)
2026-08-13 06:21:20,504 [INFO] fontTools.subset — maxp pruned
2026-08-13 06:21:20,505 [INFO] fontTools.subset — cmap pruned
2026-08-13 06:21:20,505 [INFO] fontTools.subset — post pruned
2026-08-13 06:21:20,506 [INFO] fontTools.subset — DSIG dropped
2026-08-13 06:21:20,506 [INFO] fontTools.subset — GPOS dropped
2026-08-13 06:21:20,506 [INFO] fontTools.subset — GSUB dropped
2026-08-13 06:21:20,506 [INFO] fontTools.subset — glyf pruned
2026-08-13 06:21:20,507 [INFO] fontTools.subset — Added gid0 to subset
2026-08-13 06:21:20,507 [INFO] fontTools.subset — Added first four glyphs to subset
2026-08-13 06:21:20,507 [INFO] fontTools.subset — Closing glyph list over 'glyf': 100 glyphs before
2026-08-13 06:21:20,507 [INFO] fontTools.subset — Glyph names: ['.notdef', 'A', 'B', 'C', 'D', 'E', 'F', 'G', 'H', 'I', 'L', 'M', 'N', 'O', 'P', 'Q', 'R', 'S', 'T', 'U', 'V', 'W', 'Y', 'a', 'arrowright', 'b', 'bar', 'c', 'colon', 'comma', 'copyright', 'd', 'dollar', 'e', 'eight', 'emdash', 'exclam', 'f', 'five', 'four', 'g', 'h', 'hyphen', 'i', 'k', 'l', 'm', 'n', 'nine', 'numbersign', 'o', 'one', 'p', 'parenleft', 'parenright', 'percent', 'period', 'periodcentered', 'plus', 'q', 'quotedbl', 'r', 's', 'seven', 'six', 'slash', 'space', 't', 'three', 'triagup', 'two', 'u', 'uniAC00', 'uniAC04', 'uniAE30', 'uniB2E5', 'uniB4F1', 'uniB808', 'uniB9C1', 'uniBA58', 'uniBAA8', 'uniBAA9', 'uniBC14', 'uniBC18', 'uniBCF4', 'uniC190', 'uniC2DC', 'uniC720', 'uniC775', 'uniC77C', 'uniC7A5', 'uniC808', 'uniD140', 'uniD2B8', 'uniD45C', 'v', 'w', 'x', 'y', 'zero']
2026-08-13 06:21:20,507 [INFO] fontTools.subset — Glyph IDs:   [0, 1, 2, 3, 4, 5, 8, 9, 11, 12, 13, 14, 15, 16, 17, 18, 19, 20, 21, 22, 23, 24, 25, 26, 33, 34, 35, 36, 37, 38, 39, 40, 41, 44, 45, 46, 47, 48, 49, 50, 51, 52, 53, 54, 55, 57, 64, 65, 66, 67, 68, 69, 70, 71, 72, 74, 75, 76, 77, 78, 79, 80, 81, 82, 83, 84, 85, 86, 87, 88, 91, 96, 99, 104, 159, 162, 495, 497, 654, 928, 1042, 1177, 1267, 1310, 1326, 1327, 1397, 1401, 1458, 1675, 1751, 2013, 2043, 2045, 2067, 2091, 2518, 2576, 2661, 13296]
2026-08-13 06:21:20,508 [INFO] fontTools.subset — Closed glyph list over 'glyf': 100 glyphs after
2026-08-13 06:21:20,508 [INFO] fontTools.subset — Glyph names: ['.notdef', 'A', 'B', 'C', 'D', 'E', 'F', 'G', 'H', 'I', 'L', 'M', 'N', 'O', 'P', 'Q', 'R', 'S', 'T', 'U', 'V', 'W', 'Y', 'a', 'arrowright', 'b', 'bar', 'c', 'colon', 'comma', 'copyright', 'd', 'dollar', 'e', 'eight', 'emdash', 'exclam', 'f', 'five', 'four', 'g', 'h', 'hyphen', 'i', 'k', 'l', 'm', 'n', 'nine', 'numbersign', 'o', 'one', 'p', 'parenleft', 'parenright', 'percent', 'period', 'periodcentered', 'plus', 'q', 'quotedbl', 'r', 's', 'seven', 'six', 'slash', 'space', 't', 'three', 'triagup', 'two', 'u', 'uniAC00', 'uniAC04', 'uniAE30', 'uniB2E5', 'uniB4F1', 'uniB808', 'uniB9C1', 'uniBA58', 'uniBAA8', 'uniBAA9', 'uniBC14', 'uniBC18', 'uniBCF4', 'uniC190', 'uniC2DC', 'uniC720', 'uniC775', 'uniC77C', 'uniC7A5', 'uniC808', 'uniD140', 'uniD2B8', 'uniD45C', 'v', 'w', 'x', 'y', 'zero']
2026-08-13 06:21:20,508 [INFO] fontTools.subset — Glyph IDs:   [0, 1, 2, 3, 4, 5, 8, 9, 11, 12, 13, 14, 15, 16, 17, 18, 19, 20, 21, 22, 23, 24, 25, 26, 33, 34, 35, 36, 37, 38, 39, 40, 41, 44, 45, 46, 47, 48, 49, 50, 51, 52, 53, 54, 55, 57, 64, 65, 66, 67, 68, 69, 70, 71, 72, 74, 75, 76, 77, 78, 79, 80, 81, 82, 83, 84, 85, 86, 87, 88, 91, 96, 99, 104, 159, 162, 495, 497, 654, 928, 1042, 1177, 1267, 1310, 1326, 1327, 1397, 1401, 1458, 1675, 1751, 2013, 2043, 2045, 2067, 2091, 2518, 2576, 2661, 13296]
2026-08-13 06:21:20,508 [INFO] fontTools.subset — Retaining 100 glyphs
2026-08-13 06:21:20,509 [INFO] fontTools.subset — head subsetting not needed
2026-08-13 06:21:20,509 [INFO] fontTools.subset — hhea subsetting not needed
2026-08-13 06:21:20,509 [INFO] fontTools.subset — maxp subsetting not needed
2026-08-13 06:21:20,509 [INFO] fontTools.subset — OS/2 subsetting not needed
2026-08-13 06:21:20,509 [INFO] fontTools.subset — hmtx subsetted
2026-08-13 06:21:20,510 [INFO] fontTools.subset — cmap subsetted
2026-08-13 06:21:20,511 [INFO] fontTools.subset — fpgm subsetting not needed
2026-08-13 06:21:20,511 [INFO] fontTools.subset — prep subsetting not needed
2026-08-13 06:21:20,511 [INFO] fontTools.subset — cvt  subsetting not needed
2026-08-13 06:21:20,511 [INFO] fontTools.subset — loca subsetting not needed
2026-08-13 06:21:20,511 [INFO] fontTools.subset — post subsetted
2026-08-13 06:21:20,511 [INFO] fontTools.subset — gasp subsetting not needed
2026-08-13 06:21:20,511 [INFO] fontTools.subset — name subsetting not needed
2026-08-13 06:21:20,513 [INFO] fontTools.subset — glyf subsetted
2026-08-13 06:21:20,513 [INFO] fontTools.subset — head pruned
2026-08-13 06:21:20,513 [INFO] fontTools.subset — OS/2 Unicode ranges pruned: [0, 1, 31, 37, 45, 56]
2026-08-13 06:21:20,513 [INFO] fontTools.subset — OS/2 CodePage ranges pruned: [0]
2026-08-13 06:21:20,514 [INFO] fontTools.subset — glyf pruned
2026-08-13 06:21:20,515 [INFO] fontTools.subset — name pruned
2026-08-13 06:21:20,530 [WARNING] fpdf.output — Font MPDFAA+NanumGothicBold is missing the following glyphs: '📉' (\U0001f4c9), '📈' (\U0001f4c8)
2026-08-13 06:21:20,530 [INFO] fontTools.subset — maxp pruned
2026-08-13 06:21:20,531 [INFO] fontTools.subset — cmap pruned
2026-08-13 06:21:20,531 [INFO] fontTools.subset — post pruned
2026-08-13 06:21:20,531 [INFO] fontTools.subset — DSIG dropped
2026-08-13 06:21:20,531 [INFO] fontTools.subset — GPOS dropped
2026-08-13 06:21:20,531 [INFO] fontTools.subset — GSUB dropped
2026-08-13 06:21:20,531 [INFO] fontTools.subset — glyf pruned
2026-08-13 06:21:20,532 [INFO] fontTools.subset — Added gid0 to subset
2026-08-13 06:21:20,532 [INFO] fontTools.subset — Added first four glyphs to subset
2026-08-13 06:21:20,532 [INFO] fontTools.subset — Closing glyph list over 'glyf': 99 glyphs before
2026-08-13 06:21:20,532 [INFO] fontTools.subset — Glyph names: ['.notdef', 'A', 'B', 'C', 'D', 'E', 'F', 'G', 'H', 'I', 'J', 'K', 'L', 'M', 'N', 'O', 'P', 'Q', 'R', 'S', 'T', 'U', 'V', 'W', 'X', 'Y', 'Z', 'a', 'ampersand', 'b', 'c', 'colon', 'd', 'dollar', 'e', 'eight', 'emdash', 'equal', 'exclam', 'f', 'five', 'four', 'g', 'h', 'hyphen', 'i', 'j', 'k', 'l', 'm', 'n', 'nine', 'numbersign', 'o', 'one', 'p', 'parenleft', 'parenright', 'percent', 'period', 'periodcentered', 'plus', 'q', 'quotedbl', 'quotesingle', 'r', 's', 'seven', 'six', 'slash', 'space', 't', 'three', 'two', 'u', 'uni2605', 'uniACE8', 'uniB2E5', 'uniB4E0', 'uniB4F1', 'uniB85C', 'uniBA58', 'uniBAA8', 'uniBC14', 'uniBC18', 'uniBC30', 'uniC131', 'uniC2A4', 'uniC5F4', 'uniC815', 'uniC911', 'uniD06C', 'uniD140', 'uniD615', 'v', 'w', 'x', 'y', 'zero']
2026-08-13 06:21:20,532 [INFO] fontTools.subset — Glyph IDs:   [0, 1, 2, 3, 4, 5, 6, 7, 8, 9, 11, 13, 14, 15, 16, 17, 18, 19, 20, 21, 22, 23, 24, 25, 26, 29, 33, 34, 35, 36, 37, 38, 39, 40, 41, 42, 43, 44, 45, 46, 47, 48, 49, 50, 51, 52, 53, 54, 55, 56, 57, 58, 64, 65, 66, 67, 68, 69, 70, 71, 72, 73, 74, 75, 76, 77, 78, 79, 80, 81, 82, 83, 84, 85, 86, 87, 88, 99, 104, 150, 573, 926, 1033, 1040, 1196, 1308, 1324, 1395, 1399, 1410, 1646, 1740, 1915, 2094, 2153, 2475, 2516, 2746, 13533]
2026-08-13 06:21:20,532 [INFO] fontTools.subset — Closed glyph list over 'glyf': 99 glyphs after
2026-08-13 06:21:20,532 [INFO] fontTools.subset — Glyph names: ['.notdef', 'A', 'B', 'C', 'D', 'E', 'F', 'G', 'H', 'I', 'J', 'K', 'L', 'M', 'N', 'O', 'P', 'Q', 'R', 'S', 'T', 'U', 'V', 'W', 'X', 'Y', 'Z', 'a', 'ampersand', 'b', 'c', 'colon', 'd', 'dollar', 'e', 'eight', 'emdash', 'equal', 'exclam', 'f', 'five', 'four', 'g', 'h', 'hyphen', 'i', 'j', 'k', 'l', 'm', 'n', 'nine', 'numbersign', 'o', 'one', 'p', 'parenleft', 'parenright', 'percent', 'period', 'periodcentered', 'plus', 'q', 'quotedbl', 'quotesingle', 'r', 's', 'seven', 'six', 'slash', 'space', 't', 'three', 'two', 'u', 'uni2605', 'uniACE8', 'uniB2E5', 'uniB4E0', 'uniB4F1', 'uniB85C', 'uniBA58', 'uniBAA8', 'uniBC14', 'uniBC18', 'uniBC30', 'uniC131', 'uniC2A4', 'uniC5F4', 'uniC815', 'uniC911', 'uniD06C', 'uniD140', 'uniD615', 'v', 'w', 'x', 'y', 'zero']
2026-08-13 06:21:20,532 [INFO] fontTools.subset — Glyph IDs:   [0, 1, 2, 3, 4, 5, 6, 7, 8, 9, 11, 13, 14, 15, 16, 17, 18, 19, 20, 21, 22, 23, 24, 25, 26, 29, 33, 34, 35, 36, 37, 38, 39, 40, 41, 42, 43, 44, 45, 46, 47, 48, 49, 50, 51, 52, 53, 54, 55, 56, 57, 58, 64, 65, 66, 67, 68, 69, 70, 71, 72, 73, 74, 75, 76, 77, 78, 79, 80, 81, 82, 83, 84, 85, 86, 87, 88, 99, 104, 150, 573, 926, 1033, 1040, 1196, 1308, 1324, 1395, 1399, 1410, 1646, 1740, 1915, 2094, 2153, 2475, 2516, 2746, 13533]
2026-08-13 06:21:20,533 [INFO] fontTools.subset — Retaining 99 glyphs
2026-08-13 06:21:20,533 [INFO] fontTools.subset — head subsetting not needed
2026-08-13 06:21:20,533 [INFO] fontTools.subset — hhea subsetting not needed
2026-08-13 06:21:20,533 [INFO] fontTools.subset — maxp subsetting not needed
2026-08-13 06:21:20,533 [INFO] fontTools.subset — OS/2 subsetting not needed
2026-08-13 06:21:20,534 [INFO] fontTools.subset — hmtx subsetted
2026-08-13 06:21:20,535 [INFO] fontTools.subset — cmap subsetted
2026-08-13 06:21:20,535 [INFO] fontTools.subset — fpgm subsetting not needed
2026-08-13 06:21:20,535 [INFO] fontTools.subset — prep subsetting not needed
2026-08-13 06:21:20,535 [INFO] fontTools.subset — cvt  subsetting not needed
2026-08-13 06:21:20,535 [INFO] fontTools.subset — loca subsetting not needed
2026-08-13 06:21:20,535 [INFO] fontTools.subset — post subsetted
2026-08-13 06:21:20,535 [INFO] fontTools.subset — gasp subsetting not needed
2026-08-13 06:21:20,535 [INFO] fontTools.subset — name subsetting not needed
2026-08-13 06:21:20,537 [INFO] fontTools.subset — glyf subsetted
2026-08-13 06:21:20,537 [INFO] fontTools.subset — head pruned
2026-08-13 06:21:20,537 [INFO] fontTools.subset — OS/2 Unicode ranges pruned: [0, 1, 31, 46, 56]
2026-08-13 06:21:20,537 [INFO] fontTools.subset — OS/2 CodePage ranges pruned: [0]
2026-08-13 06:21:20,538 [INFO] fontTools.subset — glyf pruned
2026-08-13 06:21:20,539 [INFO] fontTools.subset — name pruned
[Unified PT] PDF 리포트 생성 완료 (149,094 bytes)
[시장분석] 64개 종목 데이터 수집 중...
2026-08-13 06:21:27,381 [WARNING] data.fetch — [fetch_analyst_data] BILI: 'dict' object has no attribute 'empty'
2026-08-13 06:21:27,397 [WARNING] data.fetch — [fetch_analyst_data] PGY: 'dict' object has no attribute 'empty'
2026-08-13 06:21:27,463 [WARNING] data.fetch — [fetch_analyst_data] STUB: 'dict' object has no attribute 'empty'
2026-08-13 06:21:27,477 [WARNING] data.fetch — [fetch_analyst_data] TTD: 'dict' object has no attribute 'empty'
2026-08-13 06:21:27,478 [WARNING] data.fetch — [fetch_analyst_data] CDNS: 'dict' object has no attribute 'empty'
2026-08-13 06:21:33,983 [WARNING] data.fetch — [fetch_analyst_data] SMCI: 'dict' object has no attribute 'empty'
2026-08-13 06:21:33,985 [WARNING] data.fetch — [fetch_analyst_data] UBER: 'dict' object has no attribute 'empty'
2026-08-13 06:21:34,031 [WARNING] data.fetch — [fetch_analyst_data] HD: 'dict' object has no attribute 'empty'
2026-08-13 06:21:34,046 [WARNING] data.fetch — [fetch_analyst_data] PYPL: 'dict' object has no attribute 'empty'
2026-08-13 06:21:34,121 [WARNING] data.fetch — [fetch_analyst_data] PG: 'dict' object has no attribute 'empty'
2026-08-13 06:21:40,525 [WARNING] data.fetch — [fetch_analyst_data] CPHI: 'dict' object has no attribute 'empty'
2026-08-13 06:21:40,660 [WARNING] data.fetch — [fetch_analyst_data] DUOL: 'dict' object has no attribute 'empty'
2026-08-13 06:21:40,663 [WARNING] data.fetch — [fetch_analyst_data] LIF: 'dict' object has no attribute 'empty'
2026-08-13 06:21:40,664 [WARNING] data.fetch — [fetch_analyst_data] BULL: 'dict' object has no attribute 'empty'
2026-08-13 06:21:40,769 [WARNING] data.fetch — [fetch_analyst_data] DHR: 'dict' object has no attribute 'empty'
2026-08-13 06:21:47,116 [WARNING] data.fetch — [fetch_analyst_data] MELI: 'dict' object has no attribute 'empty'
2026-08-13 06:21:47,190 [WARNING] data.fetch — [fetch_analyst_data] KTOS: 'dict' object has no attribute 'empty'
2026-08-13 06:21:47,213 [WARNING] data.fetch — [fetch_analyst_data] GLOB: 'dict' object has no attribute 'empty'
2026-08-13 06:21:47,224 [WARNING] data.fetch — [fetch_analyst_data] SYK: 'dict' object has no attribute 'empty'
2026-08-13 06:21:47,284 [WARNING] data.fetch — [fetch_analyst_data] TER: 'dict' object has no attribute 'empty'
2026-08-13 06:21:47,727 [ERROR] yfinance — HTTP Error 404: {"quoteSummary":{"result":null,"error":{"code":"Not Found","description":"No fundamentals data found for symbol: QQQ"}}}
2026-08-13 06:21:51,136 [ERROR] yfinance — HTTP Error 404: {"quoteSummary":{"result":null,"error":{"code":"Not Found","description":"No fundamentals data found for symbol: QQQ"}}}
2026-08-13 06:21:53,777 [WARNING] data.fetch — [fetch_analyst_data] INTU: 'dict' object has no attribute 'empty'
2026-08-13 06:21:53,800 [WARNING] data.fetch — [fetch_analyst_data] DIS: 'dict' object has no attribute 'empty'
2026-08-13 06:21:53,852 [WARNING] data.fetch — [fetch_analyst_data] CMCSA: 'dict' object has no attribute 'empty'
2026-08-13 06:21:53,872 [WARNING] data.fetch — [fetch_analyst_data] BMNR: 'dict' object has no attribute 'empty'
2026-08-13 06:21:54,416 [ERROR] yfinance — HTTP Error 404: {"quoteSummary":{"result":null,"error":{"code":"Not Found","description":"No fundamentals data found for symbol: QQQ"}}}
2026-08-13 06:21:54,416 [WARNING] data.fetch — [fetch_analyst_data] QQQ: 'dict' object has no attribute 'empty'
2026-08-13 06:22:00,287 [WARNING] data.fetch — [fetch_analyst_data] ACHR: 'dict' object has no attribute 'empty'
2026-08-13 06:22:00,316 [WARNING] data.fetch — [fetch_analyst_data] AVAV: 'dict' object has no attribute 'empty'
2026-08-13 06:22:00,526 [WARNING] data.fetch — [fetch_analyst_data] COST: 'dict' object has no attribute 'empty'
2026-08-13 06:22:00,529 [WARNING] data.fetch — [fetch_analyst_data] T: 'dict' object has no attribute 'empty'
2026-08-13 06:22:00,918 [WARNING] data.fetch — [fetch_analyst_data] LEU: 'dict' object has no attribute 'empty'
2026-08-13 06:22:06,808 [WARNING] data.fetch — [fetch_analyst_data] BSX: 'dict' object has no attribute 'empty'
2026-08-13 06:22:06,879 [WARNING] data.fetch — [fetch_analyst_data] MCD: 'dict' object has no attribute 'empty'
2026-08-13 06:22:07,101 [WARNING] data.fetch — [fetch_analyst_data] ADI: 'dict' object has no attribute 'empty'
2026-08-13 06:22:07,110 [WARNING] data.fetch — [fetch_analyst_data] WHR: 'dict' object has no attribute 'empty'
2026-08-13 06:22:07,496 [WARNING] data.fetch — [fetch_analyst_data] MPWR: 'dict' object has no attribute 'empty'
2026-08-13 06:22:13,319 [WARNING] data.fetch — [fetch_analyst_data] SOUN: 'dict' object has no attribute 'empty'
2026-08-13 06:22:13,424 [WARNING] data.fetch — [fetch_analyst_data] NEM: 'dict' object has no attribute 'empty'
2026-08-13 06:22:13,651 [WARNING] data.fetch — [fetch_analyst_data] KALU: 'dict' object has no attribute 'empty'
2026-08-13 06:22:13,710 [WARNING] data.fetch — [fetch_analyst_data] WMT: 'dict' object has no attribute 'empty'
2026-08-13 06:22:14,041 [WARNING] data.fetch — [fetch_analyst_data] HP: 'dict' object has no attribute 'empty'
2026-08-13 06:22:19,895 [WARNING] data.fetch — [fetch_analyst_data] DOCS: 'dict' object has no attribute 'empty'
2026-08-13 06:22:19,961 [WARNING] data.fetch — [fetch_analyst_data] ACN: 'dict' object has no attribute 'empty'
2026-08-13 06:22:20,268 [WARNING] data.fetch — [fetch_analyst_data] CSGP: 'dict' object has no attribute 'empty'
2026-08-13 06:22:20,270 [WARNING] data.fetch — [fetch_analyst_data] QUBT: 'dict' object has no attribute 'empty'
2026-08-13 06:22:20,602 [WARNING] data.fetch — [fetch_analyst_data] NFLX: 'dict' object has no attribute 'empty'
2026-08-13 06:22:26,407 [WARNING] data.fetch — [fetch_analyst_data] PRAX: 'dict' object has no attribute 'empty'
2026-08-13 06:22:26,485 [WARNING] data.fetch — [fetch_analyst_data] ISRG: 'dict' object has no attribute 'empty'
2026-08-13 06:22:26,821 [WARNING] data.fetch — [fetch_analyst_data] MCHP: 'dict' object has no attribute 'empty'
2026-08-13 06:22:26,827 [WARNING] data.fetch — [fetch_analyst_data] QBTS: 'dict' object has no attribute 'empty'
2026-08-13 06:22:27,111 [WARNING] data.fetch — [fetch_analyst_data] RGTI: 'dict' object has no attribute 'empty'
2026-08-13 06:22:32,958 [WARNING] data.fetch — [fetch_analyst_data] PSKY: 'dict' object has no attribute 'empty'
2026-08-13 06:22:33,057 [WARNING] data.fetch — [fetch_analyst_data] FIGR: 'dict' object has no attribute 'empty'
2026-08-13 06:22:33,347 [WARNING] data.fetch — [fetch_analyst_data] SNPS: 'dict' object has no attribute 'empty'
2026-08-13 06:22:33,362 [WARNING] data.fetch — [fetch_analyst_data] ASST: 'dict' object has no attribute 'empty'
2026-08-13 06:22:33,635 [WARNING] data.fetch — [fetch_analyst_data] BKNG: 'dict' object has no attribute 'empty'
2026-08-13 06:22:39,455 [WARNING] data.fetch — [fetch_analyst_data] DASH: 'dict' object has no attribute 'empty'
2026-08-13 06:22:39,630 [WARNING] data.fetch — [fetch_analyst_data] CHYM: 'dict' object has no attribute 'empty'
2026-08-13 06:22:39,849 [WARNING] data.fetch — [fetch_analyst_data] CLRO: 'dict' object has no attribute 'empty'
2026-08-13 06:22:39,900 [WARNING] data.fetch — [fetch_analyst_data] MSFT: 'dict' object has no attribute 'empty'
2026-08-13 06:22:40,246 [WARNING] data.fetch — [fetch_analyst_data] ABT: 'dict' object has no attribute 'empty'
2026-08-13 06:22:46,014 [WARNING] data.fetch — [fetch_analyst_data] KLAR: 'dict' object has no attribute 'empty'
2026-08-13 06:22:46,199 [WARNING] data.fetch — [fetch_analyst_data] SPGI: 'dict' object has no attribute 'empty'
2026-08-13 06:22:46,377 [WARNING] data.fetch — [fetch_analyst_data] META: 'dict' object has no attribute 'empty'
2026-08-13 06:22:46,398 [WARNING] data.fetch — [fetch_analyst_data] ARWR: 'dict' object has no attribute 'empty'
[시장분석] enrichment 완료
[Email] 페이퍼 트레이딩 알림 발송 완료 (PDF 첨부) (매도 1건, 매수 1건, 재평가 0건, 재평가실패 0건, 후보 4건) → chunghwan14@gmail.com, roykim0311@gmail.com, ssamjungtan@naver.com
============================================================
[Unified Paper Trading] 완료
============================================================
