============================================================
[Unified Paper Trading] SP500 + NASDAQ/NYSE 통합 실행 시작
============================================================
2026-09-16 08:02:45,717 [INFO] paper_trading.runner — [Runner] SP500 snapshot 로드: 128개 종목
[Unified PT] SP500 snapshot 로드: 128개 종목
2026-09-16 08:02:45,731 [INFO] paper_trading.runner — [Runner] NASDAQ snapshot 로드: 220개 종목
[Unified PT] NASDAQ snapshot 로드: 220개 종목
[Unified PT] 합산 완료: 340개 종목 (SP500 128 + NASDAQ 220개, 중복 제거 후)
[Unified PT] 골든크로스임박 종목: 30개
2026-09-16 08:02:46,542 [INFO] paper_trading.candidate_selector — [전략점수 분포] ~4.0: 133 | 4.0~5.0: 27 | 5.0~5.5: 30 | 5.5~6.0: 30 | 6.0+: 120
2026-09-16 08:02:46,553 [INFO] paper_trading.candidate_selector — [CandidateSelector] Regime=neutral | Filtered=6/340 | Selected: GPCR (CCS=0.5209)
2026-09-16 08:02:46,562 [INFO] paper_trading.engine — [PaperTrading] 교체 기준 미달 — 매수 안 함
[Unified PT] 매도=0 매수=0 보유=3종목
[Unified PT] 레짐=neutral | 필터={'전략점수<6.0': 220, '바닥반등_52주과열': 1, '판단등급_미달': 102, '과열_차단': 7, '유동성_부족': 0, '어닝_임박': 0, '보유_중복': 1, '모멘텀_ADX부족': 3, '바닥_RSI데드존': 0, '섹터_집중': 0, '_통과': 6, '_전체': 340}
[Unified PT] 스킵 사유: 교체_미달
[Unified PT] Top5 후보:
  AMPX   CCS=0.5346 전략=📉 바닥반등 섹터=Industrials
  GPCR   CCS=0.5209 전략=📉 바닥반등 섹터=Healthcare
  TTAN   CCS=0.5138 전략=📉 바닥반등 섹터=Technology
  HYMC   CCS=0.5132 전략=📉 바닥반등 섹터=Basic Materials
  GPK    CCS=0.4497 전략=📉 바닥반등 섹터=Consumer Cyclical
2026-09-16 08:02:47,817 [INFO] paper_trading.sheet_sync — [SheetSync] 포지션현황 업데이트: 3개 종목
2026-09-16 08:02:48,909 [INFO] paper_trading.sheet_sync — [SheetSync] 성과요약 업데이트: 46건 거래
[Unified PT] 구글 시트 동기화 완료
[시장분석] 35개 종목 데이터 수집 중...
2026-09-16 08:02:55,356 [WARNING] data.fetch — [fetch_analyst_data] TTAN: 'dict' object has no attribute 'empty'
2026-09-16 08:02:55,397 [WARNING] data.fetch — [fetch_analyst_data] GPCR: 'dict' object has no attribute 'empty'
2026-09-16 08:02:55,411 [WARNING] data.fetch — [fetch_analyst_data] GPK: 'dict' object has no attribute 'empty'
2026-09-16 08:02:55,416 [WARNING] data.fetch — [fetch_analyst_data] AMPX: 'dict' object has no attribute 'empty'
2026-09-16 08:02:55,427 [WARNING] data.fetch — [fetch_analyst_data] HYMC: 'dict' object has no attribute 'empty'
2026-09-16 08:03:01,784 [WARNING] data.fetch — [fetch_analyst_data] DIS: 'dict' object has no attribute 'empty'
2026-09-16 08:03:01,801 [WARNING] data.fetch — [fetch_analyst_data] WIX: 'dict' object has no attribute 'empty'
2026-09-16 08:03:01,802 [WARNING] data.fetch — [fetch_analyst_data] PG: 'dict' object has no attribute 'empty'
2026-09-16 08:03:01,815 [WARNING] data.fetch — [fetch_analyst_data] SPGI: 'dict' object has no attribute 'empty'
2026-09-16 08:03:01,817 [WARNING] data.fetch — [fetch_analyst_data] META: 'dict' object has no attribute 'empty'
2026-09-16 08:03:08,128 [WARNING] data.fetch — [fetch_analyst_data] ADBE: 'dict' object has no attribute 'empty'
2026-09-16 08:03:08,200 [WARNING] data.fetch — [fetch_analyst_data] MNDY: 'dict' object has no attribute 'empty'
2026-09-16 08:03:08,205 [WARNING] data.fetch — [fetch_analyst_data] MMYT: 'dict' object has no attribute 'empty'
2026-09-16 08:03:08,222 [WARNING] data.fetch — [fetch_analyst_data] UBER: 'dict' object has no attribute 'empty'
2026-09-16 08:03:08,226 [WARNING] data.fetch — [fetch_analyst_data] FIG: 'dict' object has no attribute 'empty'
2026-09-16 08:03:14,526 [WARNING] data.fetch — [fetch_analyst_data] MELI: 'dict' object has no attribute 'empty'
2026-09-16 08:03:14,592 [WARNING] data.fetch — [fetch_analyst_data] ABT: 'dict' object has no attribute 'empty'
2026-09-16 08:03:14,659 [WARNING] data.fetch — [fetch_analyst_data] BMNR: 'dict' object has no attribute 'empty'
2026-09-16 08:03:14,661 [WARNING] data.fetch — [fetch_analyst_data] COUR: 'dict' object has no attribute 'empty'
2026-09-16 08:03:14,664 [WARNING] data.fetch — [fetch_analyst_data] DHR: 'dict' object has no attribute 'empty'
2026-09-16 08:03:20,866 [WARNING] data.fetch — [fetch_analyst_data] IBM: 'dict' object has no attribute 'empty'
2026-09-16 08:03:20,909 [WARNING] data.fetch — [fetch_analyst_data] AMD: 'dict' object has no attribute 'empty'
2026-09-16 08:03:20,969 [WARNING] data.fetch — [fetch_analyst_data] SYM: 'dict' object has no attribute 'empty'
2026-09-16 08:03:21,009 [WARNING] data.fetch — [fetch_analyst_data] RBLX: 'dict' object has no attribute 'empty'
2026-09-16 08:03:21,052 [WARNING] data.fetch — [fetch_analyst_data] WMT: 'dict' object has no attribute 'empty'
2026-09-16 08:03:27,162 [WARNING] data.fetch — [fetch_analyst_data] TXN: 'dict' object has no attribute 'empty'
2026-09-16 08:03:27,328 [WARNING] data.fetch — [fetch_analyst_data] SRAD: 'dict' object has no attribute 'empty'
2026-09-16 08:03:27,338 [WARNING] data.fetch — [fetch_analyst_data] ODD: 'dict' object has no attribute 'empty'
2026-09-16 08:03:27,390 [WARNING] data.fetch — [fetch_analyst_data] SBET: 'dict' object has no attribute 'empty'
2026-09-16 08:03:27,412 [WARNING] data.fetch — [fetch_analyst_data] AXP: 'dict' object has no attribute 'empty'
2026-09-16 08:03:33,441 [WARNING] data.fetch — [fetch_analyst_data] BKNG: 'dict' object has no attribute 'empty'
2026-09-16 08:03:33,702 [WARNING] data.fetch — [fetch_analyst_data] BNC: 'dict' object has no attribute 'empty'
2026-09-16 08:03:33,725 [WARNING] data.fetch — [fetch_analyst_data] GENI: 'dict' object has no attribute 'empty'
2026-09-16 08:03:33,738 [WARNING] data.fetch — [fetch_analyst_data] HUBS: 'dict' object has no attribute 'empty'
2026-09-16 08:03:33,760 [WARNING] data.fetch — [fetch_analyst_data] VLO: 'dict' object has no attribute 'empty'
[시장분석] enrichment 완료
[Email] 페이퍼 트레이딩 알림 발송 완료 (매도 0건, 매수 0건, 재평가 0건, 재평가실패 0건, 후보 5건) → chunghwan14@gmail.com, roykim0311@gmail.com, ssamjungtan@naver.com
============================================================
[Unified Paper Trading] 완료
============================================================
