============================================================
[Unified Paper Trading] SP500 + NASDAQ/NYSE 통합 실행 시작
============================================================
2026-07-21 07:16:08,030 [INFO] paper_trading.runner — [Runner] SP500 snapshot 로드: 129개 종목
[Unified PT] SP500 snapshot 로드: 129개 종목
2026-07-21 07:16:08,038 [INFO] paper_trading.runner — [Runner] NASDAQ snapshot 로드: 213개 종목
[Unified PT] NASDAQ snapshot 로드: 213개 종목
[Unified PT] 합산 완료: 335개 종목 (SP500 129 + NASDAQ 213개, 중복 제거 후)
[Unified PT] 골든크로스임박 종목: 66개
2026-07-21 07:16:09,013 [INFO] paper_trading.candidate_selector — [전략점수 분포] ~4.0: 133 | 4.0~5.0: 39 | 5.0~5.5: 28 | 5.5~6.0: 24 | 6.0+: 111
2026-07-21 07:16:09,030 [INFO] paper_trading.candidate_selector — [CandidateSelector] Regime=bull | Filtered=1/335 | Selected: ONDS (CCS=0.5036)
2026-07-21 07:16:09,041 [INFO] paper_trading.engine — [PaperTrading] 교체 기준 미달 — 매수 안 함
[Unified PT] 매도=0 매수=0 보유=3종목
[Unified PT] 레짐=bull | 필터={'전략점수<6.0': 224, '바닥반등_52주과열': 1, '판단등급_미달': 104, '과열_차단': 1, '유동성_부족': 0, '어닝_임박': 0, '보유_중복': 0, '모멘텀_ADX부족': 1, '바닥_RSI데드존': 2, '섹터_집중': 1, '_통과': 1, '_전체': 335}
[Unified PT] 스킵 사유: 교체_미달
[Unified PT] Top5 후보:
  ONDS   CCS=0.5036 전략=📉 바닥반등 섹터=Technology
2026-07-21 07:16:10,980 [INFO] paper_trading.sheet_sync — [SheetSync] 포지션현황 업데이트: 3개 종목
2026-07-21 07:16:12,338 [INFO] paper_trading.sheet_sync — [SheetSync] 성과요약 업데이트: 29건 거래
[Unified PT] 구글 시트 동기화 완료
[시장분석] 70개 종목 데이터 수집 중...
2026-07-21 07:16:18,821 [WARNING] data.fetch — [fetch_analyst_data] QBTS: 'dict' object has no attribute 'empty'
2026-07-21 07:16:18,895 [WARNING] data.fetch — [fetch_analyst_data] ONDS: 'dict' object has no attribute 'empty'
2026-07-21 07:16:18,935 [WARNING] data.fetch — [fetch_analyst_data] META: 'dict' object has no attribute 'empty'
2026-07-21 07:16:18,989 [WARNING] data.fetch — [fetch_analyst_data] PGR: 'dict' object has no attribute 'empty'
2026-07-21 07:16:19,067 [WARNING] data.fetch — [fetch_analyst_data] APP: 'dict' object has no attribute 'empty'
2026-07-21 07:16:25,149 [WARNING] data.fetch — [fetch_analyst_data] MA: 'dict' object has no attribute 'empty'
2026-07-21 07:16:25,216 [WARNING] data.fetch — [fetch_analyst_data] SFM: 'dict' object has no attribute 'empty'
2026-07-21 07:16:25,382 [WARNING] data.fetch — [fetch_analyst_data] IBM: 'dict' object has no attribute 'empty'
2026-07-21 07:16:25,545 [WARNING] data.fetch — [fetch_analyst_data] SHW: 'dict' object has no attribute 'empty'
2026-07-21 07:16:25,610 [WARNING] data.fetch — [fetch_analyst_data] HD: 'dict' object has no attribute 'empty'
2026-07-21 07:16:31,544 [WARNING] data.fetch — [fetch_analyst_data] HIMS: 'dict' object has no attribute 'empty'
2026-07-21 07:16:31,545 [WARNING] data.fetch — [fetch_analyst_data] NVDA: 'dict' object has no attribute 'empty'
2026-07-21 07:16:31,788 [WARNING] data.fetch — [fetch_analyst_data] AMZN: 'dict' object has no attribute 'empty'
2026-07-21 07:16:32,040 [WARNING] data.fetch — [fetch_analyst_data] ZS: 'dict' object has no attribute 'empty'
2026-07-21 07:16:32,052 [WARNING] data.fetch — [fetch_analyst_data] GILD: 'dict' object has no attribute 'empty'
2026-07-21 07:16:37,835 [WARNING] data.fetch — [fetch_analyst_data] TMUS: 'dict' object has no attribute 'empty'
2026-07-21 07:16:37,920 [WARNING] data.fetch — [fetch_analyst_data] HUBS: 'dict' object has no attribute 'empty'
2026-07-21 07:16:38,149 [WARNING] data.fetch — [fetch_analyst_data] BLK: 'dict' object has no attribute 'empty'
2026-07-21 07:16:38,496 [WARNING] data.fetch — [fetch_analyst_data] DJT: 'dict' object has no attribute 'empty'
2026-07-21 07:16:38,539 [WARNING] data.fetch — [fetch_analyst_data] KMPR: 'dict' object has no attribute 'empty'
2026-07-21 07:16:44,343 [WARNING] data.fetch — [fetch_analyst_data] CVX: 'dict' object has no attribute 'empty'
2026-07-21 07:16:44,473 [WARNING] data.fetch — [fetch_analyst_data] MCK: 'dict' object has no attribute 'empty'
2026-07-21 07:16:44,692 [WARNING] data.fetch — [fetch_analyst_data] XOM: 'dict' object has no attribute 'empty'
2026-07-21 07:16:44,883 [WARNING] data.fetch — [fetch_analyst_data] ABT: 'dict' object has no attribute 'empty'
2026-07-21 07:16:44,900 [WARNING] data.fetch — [fetch_analyst_data] NVVE: 'dict' object has no attribute 'empty'
2026-07-21 07:16:51,033 [WARNING] data.fetch — [fetch_analyst_data] MSFT: 'dict' object has no attribute 'empty'
2026-07-21 07:16:51,108 [WARNING] data.fetch — [fetch_analyst_data] PRGO: 'dict' object has no attribute 'empty'
2026-07-21 07:16:51,223 [WARNING] data.fetch — [fetch_analyst_data] INSP: 'dict' object has no attribute 'empty'
2026-07-21 07:16:51,331 [WARNING] data.fetch — [fetch_analyst_data] COP: 'dict' object has no attribute 'empty'
2026-07-21 07:16:51,351 [WARNING] data.fetch — [fetch_analyst_data] DAR: 'dict' object has no attribute 'empty'
2026-07-21 07:16:57,407 [WARNING] data.fetch — [fetch_analyst_data] PFE: 'dict' object has no attribute 'empty'
2026-07-21 07:16:57,579 [WARNING] data.fetch — [fetch_analyst_data] PLTR: 'dict' object has no attribute 'empty'
2026-07-21 07:16:57,674 [WARNING] data.fetch — [fetch_analyst_data] NKE: 'dict' object has no attribute 'empty'
2026-07-21 07:16:57,827 [WARNING] data.fetch — [fetch_analyst_data] KD: 'dict' object has no attribute 'empty'
2026-07-21 07:16:57,934 [WARNING] data.fetch — [fetch_analyst_data] SKYQ: 'dict' object has no attribute 'empty'
2026-07-21 07:17:03,821 [WARNING] data.fetch — [fetch_analyst_data] PODD: 'dict' object has no attribute 'empty'
2026-07-21 07:17:04,054 [WARNING] data.fetch — [fetch_analyst_data] CRM: 'dict' object has no attribute 'empty'
2026-07-21 07:17:04,195 [WARNING] data.fetch — [fetch_analyst_data] ADBE: 'dict' object has no attribute 'empty'
2026-07-21 07:17:04,282 [WARNING] data.fetch — [fetch_analyst_data] FIG: 'dict' object has no attribute 'empty'
2026-07-21 07:17:04,466 [WARNING] data.fetch — [fetch_analyst_data] VZ: 'dict' object has no attribute 'empty'
2026-07-21 07:17:10,376 [WARNING] data.fetch — [fetch_analyst_data] CMCSA: 'dict' object has no attribute 'empty'
2026-07-21 07:17:10,623 [WARNING] data.fetch — [fetch_analyst_data] FISV: 'dict' object has no attribute 'empty'
2026-07-21 07:17:10,664 [WARNING] data.fetch — [fetch_analyst_data] TME: 'dict' object has no attribute 'empty'
2026-07-21 07:17:10,800 [WARNING] data.fetch — [fetch_analyst_data] LCID: 'dict' object has no attribute 'empty'
2026-07-21 07:17:11,028 [WARNING] data.fetch — [fetch_analyst_data] CEG: 'dict' object has no attribute 'empty'
2026-07-21 07:17:16,803 [WARNING] data.fetch — [fetch_analyst_data] CNXC: 'dict' object has no attribute 'empty'
2026-07-21 07:17:17,036 [WARNING] data.fetch — [fetch_analyst_data] COIN: 'dict' object has no attribute 'empty'
2026-07-21 07:17:17,073 [WARNING] data.fetch — [fetch_analyst_data] IT: 'dict' object has no attribute 'empty'
2026-07-21 07:17:17,279 [WARNING] data.fetch — [fetch_analyst_data] CME: 'dict' object has no attribute 'empty'
2026-07-21 07:17:17,565 [WARNING] data.fetch — [fetch_analyst_data] T: 'dict' object has no attribute 'empty'
2026-07-21 07:17:23,092 [WARNING] data.fetch — [fetch_analyst_data] SBET: 'dict' object has no attribute 'empty'
2026-07-21 07:17:23,403 [WARNING] data.fetch — [fetch_analyst_data] PYPL: 'dict' object has no attribute 'empty'
2026-07-21 07:17:23,527 [WARNING] data.fetch — [fetch_analyst_data] PLNT: 'dict' object has no attribute 'empty'
2026-07-21 07:17:23,695 [WARNING] data.fetch — [fetch_analyst_data] PEGA: 'dict' object has no attribute 'empty'
2026-07-21 07:17:24,124 [WARNING] data.fetch — [fetch_analyst_data] PG: 'dict' object has no attribute 'empty'
2026-07-21 07:17:29,472 [WARNING] data.fetch — [fetch_analyst_data] RZLV: 'dict' object has no attribute 'empty'
2026-07-21 07:17:29,740 [WARNING] data.fetch — [fetch_analyst_data] SMCI: 'dict' object has no attribute 'empty'
2026-07-21 07:17:29,901 [WARNING] data.fetch — [fetch_analyst_data] TSLA: 'dict' object has no attribute 'empty'
2026-07-21 07:17:30,137 [WARNING] data.fetch — [fetch_analyst_data] ALOY: 'dict' object has no attribute 'empty'
2026-07-21 07:17:30,619 [WARNING] data.fetch — [fetch_analyst_data] CRWV: 'dict' object has no attribute 'empty'
2026-07-21 07:17:35,888 [WARNING] data.fetch — [fetch_analyst_data] QUBT: 'dict' object has no attribute 'empty'
2026-07-21 07:17:36,155 [WARNING] data.fetch — [fetch_analyst_data] STUB: 'dict' object has no attribute 'empty'
2026-07-21 07:17:36,381 [WARNING] data.fetch — [fetch_analyst_data] COF: 'dict' object has no attribute 'empty'
2026-07-21 07:17:36,612 [WARNING] data.fetch — [fetch_analyst_data] SPGI: 'dict' object has no attribute 'empty'
2026-07-21 07:17:37,143 [WARNING] data.fetch — [fetch_analyst_data] TMO: 'dict' object has no attribute 'empty'
2026-07-21 07:17:42,200 [WARNING] data.fetch — [fetch_analyst_data] FLNC: 'dict' object has no attribute 'empty'
2026-07-21 07:17:42,644 [WARNING] data.fetch — [fetch_analyst_data] BKNG: 'dict' object has no attribute 'empty'
2026-07-21 07:17:42,904 [WARNING] data.fetch — [fetch_analyst_data] ACA: 'dict' object has no attribute 'empty'
2026-07-21 07:17:43,049 [WARNING] data.fetch — [fetch_analyst_data] RTX: 'dict' object has no attribute 'empty'
2026-07-21 07:17:43,588 [WARNING] data.fetch — [fetch_analyst_data] LRCX: 'dict' object has no attribute 'empty'
[시장분석] enrichment 완료
[Email] 페이퍼 트레이딩 알림 발송 완료 (매도 0건, 매수 0건, 재평가 0건, 재평가실패 0건, 후보 1건) → chunghwan14@gmail.com, roykim0311@gmail.com, ssamjungtan@naver.com
============================================================
[Unified Paper Trading] 완료
============================================================
