============================================================
[Unified Paper Trading] SP500 + NASDAQ/NYSE 통합 실행 시작
============================================================
2026-06-18 08:41:19,771 [INFO] paper_trading.runner — [Runner] SP500 snapshot 로드: 129개 종목
[Unified PT] SP500 snapshot 로드: 129개 종목
2026-06-18 08:41:19,779 [INFO] paper_trading.runner — [Runner] NASDAQ snapshot 로드: 225개 종목
[Unified PT] NASDAQ snapshot 로드: 225개 종목
[Unified PT] 합산 완료: 339개 종목 (SP500 129 + NASDAQ 225개, 중복 제거 후)
[Unified PT] 골든크로스임박 종목: 38개
2026-06-18 08:41:20,546 [INFO] paper_trading.engine — [PaperTrading] SELL GOOG @ 362.10 (장기보유(19일,-3.8%))
2026-06-18 08:41:20,550 [INFO] paper_trading.candidate_selector — [전략점수 분포] ~4.0: 104 | 4.0~5.0: 27 | 5.0~5.5: 17 | 5.5~6.0: 20 | 6.0+: 171
2026-06-18 08:41:20,566 [INFO] paper_trading.candidate_selector — [CandidateSelector] Regime=bull | Filtered=8/339 | Selected: LRN (CCS=0.5685)
2026-06-18 08:41:20,572 [INFO] paper_trading.engine — [PaperTrading] BUY LRN @ 84.28 (CCS=0.5685, RSI=35, upside P50=+5% P75=+8%)
[Unified PT] 매도=1 매수=1 보유=3종목
[Unified PT] 레짐=bull | 필터={'전략점수<6.0': 168, '바닥반등_52주과열': 1, '판단등급_미달': 135, '과열_차단': 23, '유동성_부족': 0, '어닝_임박': 0, '보유_중복': 0, '모멘텀_ADX부족': 4, '바닥_RSI데드존': 0, '섹터_집중': 0, '_통과': 8, '_전체': 339}
[Unified PT] Top5 후보:
  LRN    CCS=0.5685 전략=📉 바닥반등 섹터=Unknown
  SNEX   CCS=0.5252 전략=📈 모멘텀 섹터=Unknown
  H      CCS=0.5018 전략=📈 모멘텀 섹터=Unknown
  GENI   CCS=0.4485 전략=📈 모멘텀 섹터=Unknown
  CRCL   CCS=0.4402 전략=📉 바닥반등 섹터=Unknown
2026-06-18 08:41:21,643 [INFO] paper_trading.sheet_sync — [SheetSync] 거래로그 append: SELL GOOG
2026-06-18 08:41:22,513 [INFO] paper_trading.sheet_sync — [SheetSync] 거래로그 append: BUY LRN
2026-06-18 08:41:23,559 [INFO] paper_trading.sheet_sync — [SheetSync] 포지션현황 업데이트: 3개 종목
2026-06-18 08:41:24,581 [INFO] paper_trading.sheet_sync — [SheetSync] 성과요약 업데이트: 21건 거래
[Unified PT] 구글 시트 동기화 완료
2026-06-18 08:41:24,939 [INFO] matplotlib.font_manager — Failed to extract font properties from /usr/share/fonts/truetype/noto/NotoColorEmoji.ttf: Non-scalable fonts are not supported
2026-06-18 08:41:24,959 [INFO] matplotlib.font_manager — generated new fontManager
2026-06-18 08:41:25,927 [WARNING] fpdf.output — Font MPDFAA+NanumGothic is missing the following glyphs: '📉' (\U0001f4c9), '📈' (\U0001f4c8)
2026-06-18 08:41:25,929 [INFO] fontTools.subset — maxp pruned
2026-06-18 08:41:25,929 [INFO] fontTools.subset — cmap pruned
2026-06-18 08:41:25,930 [INFO] fontTools.subset — post pruned
2026-06-18 08:41:25,930 [INFO] fontTools.subset — DSIG dropped
2026-06-18 08:41:25,930 [INFO] fontTools.subset — GPOS dropped
2026-06-18 08:41:25,930 [INFO] fontTools.subset — GSUB dropped
2026-06-18 08:41:25,930 [INFO] fontTools.subset — glyf pruned
2026-06-18 08:41:25,932 [INFO] fontTools.subset — Added gid0 to subset
2026-06-18 08:41:25,932 [INFO] fontTools.subset — Added first four glyphs to subset
2026-06-18 08:41:25,932 [INFO] fontTools.subset — Closing glyph list over 'glyf': 102 glyphs before
2026-06-18 08:41:25,932 [INFO] fontTools.subset — Glyph names: ['.notdef', 'A', 'B', 'C', 'D', 'E', 'F', 'G', 'H', 'I', 'L', 'M', 'N', 'O', 'P', 'Q', 'R', 'S', 'T', 'U', 'V', 'W', 'Y', 'a', 'arrowright', 'b', 'bar', 'c', 'colon', 'comma', 'copyright', 'd', 'dollar', 'e', 'eight', 'emdash', 'exclam', 'f', 'five', 'four', 'g', 'h', 'hyphen', 'i', 'k', 'l', 'm', 'n', 'nine', 'numbersign', 'o', 'one', 'p', 'parenleft', 'parenright', 'percent', 'period', 'periodcentered', 'plus', 'q', 'quotedbl', 'r', 's', 'seven', 'six', 'slash', 'space', 't', 'three', 'triagup', 'two', 'u', 'uniAC00', 'uniAC04', 'uniAD50', 'uniAE30', 'uniB2E5', 'uniB4F1', 'uniB808', 'uniB9C1', 'uniBA58', 'uniBAA8', 'uniBAA9', 'uniBC14', 'uniBC18', 'uniBCF4', 'uniC190', 'uniC2DC', 'uniC720', 'uniC775', 'uniC77C', 'uniC7A5', 'uniC808', 'uniCCB4', 'uniD140', 'uniD2B8', 'uniD45C', 'v', 'w', 'x', 'y', 'zero']
2026-06-18 08:41:25,933 [INFO] fontTools.subset — Glyph IDs:   [0, 1, 2, 3, 4, 5, 8, 9, 11, 12, 13, 14, 15, 16, 17, 18, 19, 20, 21, 22, 23, 24, 25, 26, 33, 34, 35, 36, 37, 38, 39, 40, 41, 44, 45, 46, 47, 48, 49, 50, 51, 52, 53, 54, 55, 57, 64, 65, 66, 67, 68, 69, 70, 71, 72, 74, 75, 76, 77, 78, 79, 80, 81, 82, 83, 84, 85, 86, 87, 88, 91, 96, 99, 104, 159, 162, 495, 497, 607, 654, 928, 1042, 1177, 1267, 1310, 1326, 1327, 1397, 1401, 1458, 1675, 1751, 2013, 2043, 2045, 2067, 2091, 2308, 2518, 2576, 2661, 13296]
2026-06-18 08:41:25,933 [INFO] fontTools.subset — Closed glyph list over 'glyf': 102 glyphs after
2026-06-18 08:41:25,933 [INFO] fontTools.subset — Glyph names: ['.notdef', 'A', 'B', 'C', 'D', 'E', 'F', 'G', 'H', 'I', 'L', 'M', 'N', 'O', 'P', 'Q', 'R', 'S', 'T', 'U', 'V', 'W', 'Y', 'a', 'arrowright', 'b', 'bar', 'c', 'colon', 'comma', 'copyright', 'd', 'dollar', 'e', 'eight', 'emdash', 'exclam', 'f', 'five', 'four', 'g', 'h', 'hyphen', 'i', 'k', 'l', 'm', 'n', 'nine', 'numbersign', 'o', 'one', 'p', 'parenleft', 'parenright', 'percent', 'period', 'periodcentered', 'plus', 'q', 'quotedbl', 'r', 's', 'seven', 'six', 'slash', 'space', 't', 'three', 'triagup', 'two', 'u', 'uniAC00', 'uniAC04', 'uniAD50', 'uniAE30', 'uniB2E5', 'uniB4F1', 'uniB808', 'uniB9C1', 'uniBA58', 'uniBAA8', 'uniBAA9', 'uniBC14', 'uniBC18', 'uniBCF4', 'uniC190', 'uniC2DC', 'uniC720', 'uniC775', 'uniC77C', 'uniC7A5', 'uniC808', 'uniCCB4', 'uniD140', 'uniD2B8', 'uniD45C', 'v', 'w', 'x', 'y', 'zero']
2026-06-18 08:41:25,933 [INFO] fontTools.subset — Glyph IDs:   [0, 1, 2, 3, 4, 5, 8, 9, 11, 12, 13, 14, 15, 16, 17, 18, 19, 20, 21, 22, 23, 24, 25, 26, 33, 34, 35, 36, 37, 38, 39, 40, 41, 44, 45, 46, 47, 48, 49, 50, 51, 52, 53, 54, 55, 57, 64, 65, 66, 67, 68, 69, 70, 71, 72, 74, 75, 76, 77, 78, 79, 80, 81, 82, 83, 84, 85, 86, 87, 88, 91, 96, 99, 104, 159, 162, 495, 497, 607, 654, 928, 1042, 1177, 1267, 1310, 1326, 1327, 1397, 1401, 1458, 1675, 1751, 2013, 2043, 2045, 2067, 2091, 2308, 2518, 2576, 2661, 13296]
2026-06-18 08:41:25,934 [INFO] fontTools.subset — Retaining 102 glyphs
2026-06-18 08:41:25,934 [INFO] fontTools.subset — head subsetting not needed
2026-06-18 08:41:25,934 [INFO] fontTools.subset — hhea subsetting not needed
2026-06-18 08:41:25,934 [INFO] fontTools.subset — maxp subsetting not needed
2026-06-18 08:41:25,934 [INFO] fontTools.subset — OS/2 subsetting not needed
2026-06-18 08:41:25,934 [INFO] fontTools.subset — hmtx subsetted
2026-06-18 08:41:25,936 [INFO] fontTools.subset — cmap subsetted
2026-06-18 08:41:25,936 [INFO] fontTools.subset — fpgm subsetting not needed
2026-06-18 08:41:25,936 [INFO] fontTools.subset — prep subsetting not needed
2026-06-18 08:41:25,936 [INFO] fontTools.subset — cvt  subsetting not needed
2026-06-18 08:41:25,936 [INFO] fontTools.subset — loca subsetting not needed
2026-06-18 08:41:25,936 [INFO] fontTools.subset — post subsetted
2026-06-18 08:41:25,936 [INFO] fontTools.subset — gasp subsetting not needed
2026-06-18 08:41:25,936 [INFO] fontTools.subset — name subsetting not needed
2026-06-18 08:41:25,939 [INFO] fontTools.subset — glyf subsetted
2026-06-18 08:41:25,939 [INFO] fontTools.subset — head pruned
2026-06-18 08:41:25,939 [INFO] fontTools.subset — OS/2 Unicode ranges pruned: [0, 1, 31, 37, 45, 56]
2026-06-18 08:41:25,939 [INFO] fontTools.subset — OS/2 CodePage ranges pruned: [0]
2026-06-18 08:41:25,940 [INFO] fontTools.subset — glyf pruned
2026-06-18 08:41:25,941 [INFO] fontTools.subset — name pruned
2026-06-18 08:41:25,961 [WARNING] fpdf.output — Font MPDFAA+NanumGothicBold is missing the following glyphs: '📈' (\U0001f4c8), '📉' (\U0001f4c9)
2026-06-18 08:41:25,962 [INFO] fontTools.subset — maxp pruned
2026-06-18 08:41:25,962 [INFO] fontTools.subset — cmap pruned
2026-06-18 08:41:25,962 [INFO] fontTools.subset — post pruned
2026-06-18 08:41:25,962 [INFO] fontTools.subset — DSIG dropped
2026-06-18 08:41:25,962 [INFO] fontTools.subset — GPOS dropped
2026-06-18 08:41:25,962 [INFO] fontTools.subset — GSUB dropped
2026-06-18 08:41:25,962 [INFO] fontTools.subset — glyf pruned
2026-06-18 08:41:25,963 [INFO] fontTools.subset — Added gid0 to subset
2026-06-18 08:41:25,963 [INFO] fontTools.subset — Added first four glyphs to subset
2026-06-18 08:41:25,963 [INFO] fontTools.subset — Closing glyph list over 'glyf': 106 glyphs before
2026-06-18 08:41:25,964 [INFO] fontTools.subset — Glyph names: ['.notdef', 'A', 'B', 'C', 'D', 'E', 'F', 'G', 'H', 'I', 'J', 'K', 'L', 'M', 'N', 'O', 'P', 'Q', 'R', 'S', 'T', 'U', 'V', 'W', 'X', 'Y', 'Z', 'a', 'ampersand', 'b', 'c', 'colon', 'd', 'dollar', 'e', 'eight', 'emdash', 'equal', 'exclam', 'f', 'five', 'four', 'g', 'h', 'hyphen', 'i', 'j', 'k', 'l', 'm', 'n', 'nine', 'numbersign', 'o', 'one', 'p', 'parenleft', 'parenright', 'percent', 'period', 'periodcentered', 'plus', 'q', 'quotedbl', 'quotesingle', 'r', 's', 'seven', 'six', 'slash', 'space', 't', 'three', 'two', 'u', 'uni2605', 'uniACE8', 'uniB2E5', 'uniB370', 'uniB4DC', 'uniB4E0', 'uniB4F1', 'uniB85C', 'uniBA58', 'uniBAA8', 'uniBC14', 'uniBC15', 'uniBC18', 'uniBC30', 'uniC2A4', 'uniC5F4', 'uniC644', 'uniC774', 'uniC784', 'uniC7A5', 'uniC804', 'uniC815', 'uniC911', 'uniCC9C', 'uniD06C', 'uniD140', 'v', 'w', 'x', 'y', 'zero']
2026-06-18 08:41:25,964 [INFO] fontTools.subset — Glyph IDs:   [0, 1, 2, 3, 4, 5, 6, 7, 8, 9, 11, 13, 14, 15, 16, 17, 18, 19, 20, 21, 22, 23, 24, 25, 26, 29, 33, 34, 35, 36, 37, 38, 39, 40, 41, 42, 43, 44, 45, 46, 47, 48, 49, 50, 51, 52, 53, 54, 55, 56, 57, 58, 64, 65, 66, 67, 68, 69, 70, 71, 72, 73, 74, 75, 76, 77, 78, 79, 80, 81, 82, 83, 84, 85, 86, 87, 88, 99, 104, 150, 573, 926, 967, 1031, 1033, 1040, 1196, 1308, 1324, 1395, 1396, 1399, 1410, 1740, 1915, 1949, 2040, 2047, 2065, 2088, 2094, 2153, 2299, 2475, 2516, 13533]
2026-06-18 08:41:25,964 [INFO] fontTools.subset — Closed glyph list over 'glyf': 106 glyphs after
2026-06-18 08:41:25,964 [INFO] fontTools.subset — Glyph names: ['.notdef', 'A', 'B', 'C', 'D', 'E', 'F', 'G', 'H', 'I', 'J', 'K', 'L', 'M', 'N', 'O', 'P', 'Q', 'R', 'S', 'T', 'U', 'V', 'W', 'X', 'Y', 'Z', 'a', 'ampersand', 'b', 'c', 'colon', 'd', 'dollar', 'e', 'eight', 'emdash', 'equal', 'exclam', 'f', 'five', 'four', 'g', 'h', 'hyphen', 'i', 'j', 'k', 'l', 'm', 'n', 'nine', 'numbersign', 'o', 'one', 'p', 'parenleft', 'parenright', 'percent', 'period', 'periodcentered', 'plus', 'q', 'quotedbl', 'quotesingle', 'r', 's', 'seven', 'six', 'slash', 'space', 't', 'three', 'two', 'u', 'uni2605', 'uniACE8', 'uniB2E5', 'uniB370', 'uniB4DC', 'uniB4E0', 'uniB4F1', 'uniB85C', 'uniBA58', 'uniBAA8', 'uniBC14', 'uniBC15', 'uniBC18', 'uniBC30', 'uniC2A4', 'uniC5F4', 'uniC644', 'uniC774', 'uniC784', 'uniC7A5', 'uniC804', 'uniC815', 'uniC911', 'uniCC9C', 'uniD06C', 'uniD140', 'v', 'w', 'x', 'y', 'zero']
2026-06-18 08:41:25,964 [INFO] fontTools.subset — Glyph IDs:   [0, 1, 2, 3, 4, 5, 6, 7, 8, 9, 11, 13, 14, 15, 16, 17, 18, 19, 20, 21, 22, 23, 24, 25, 26, 29, 33, 34, 35, 36, 37, 38, 39, 40, 41, 42, 43, 44, 45, 46, 47, 48, 49, 50, 51, 52, 53, 54, 55, 56, 57, 58, 64, 65, 66, 67, 68, 69, 70, 71, 72, 73, 74, 75, 76, 77, 78, 79, 80, 81, 82, 83, 84, 85, 86, 87, 88, 99, 104, 150, 573, 926, 967, 1031, 1033, 1040, 1196, 1308, 1324, 1395, 1396, 1399, 1410, 1740, 1915, 1949, 2040, 2047, 2065, 2088, 2094, 2153, 2299, 2475, 2516, 13533]
2026-06-18 08:41:25,965 [INFO] fontTools.subset — Retaining 106 glyphs
2026-06-18 08:41:25,965 [INFO] fontTools.subset — head subsetting not needed
2026-06-18 08:41:25,965 [INFO] fontTools.subset — hhea subsetting not needed
2026-06-18 08:41:25,966 [INFO] fontTools.subset — maxp subsetting not needed
2026-06-18 08:41:25,966 [INFO] fontTools.subset — OS/2 subsetting not needed
2026-06-18 08:41:25,966 [INFO] fontTools.subset — hmtx subsetted
2026-06-18 08:41:25,968 [INFO] fontTools.subset — cmap subsetted
2026-06-18 08:41:25,968 [INFO] fontTools.subset — fpgm subsetting not needed
2026-06-18 08:41:25,968 [INFO] fontTools.subset — prep subsetting not needed
2026-06-18 08:41:25,968 [INFO] fontTools.subset — cvt  subsetting not needed
2026-06-18 08:41:25,968 [INFO] fontTools.subset — loca subsetting not needed
2026-06-18 08:41:25,969 [INFO] fontTools.subset — post subsetted
2026-06-18 08:41:25,969 [INFO] fontTools.subset — gasp subsetting not needed
2026-06-18 08:41:25,969 [INFO] fontTools.subset — name subsetting not needed
2026-06-18 08:41:25,971 [INFO] fontTools.subset — glyf subsetted
2026-06-18 08:41:25,971 [INFO] fontTools.subset — head pruned
2026-06-18 08:41:25,972 [INFO] fontTools.subset — OS/2 Unicode ranges pruned: [0, 1, 31, 46, 56]
2026-06-18 08:41:25,972 [INFO] fontTools.subset — OS/2 CodePage ranges pruned: [0]
2026-06-18 08:41:25,973 [INFO] fontTools.subset — glyf pruned
2026-06-18 08:41:25,973 [INFO] fontTools.subset — name pruned
[Unified PT] PDF 리포트 생성 완료 (151,182 bytes)
[시장분석] 43개 종목 데이터 수집 중...
2026-06-18 08:41:32,480 [WARNING] data.fetch — [fetch_analyst_data] GENI: 'dict' object has no attribute 'empty'
2026-06-18 08:41:32,504 [WARNING] data.fetch — [fetch_analyst_data] CRCL: 'dict' object has no attribute 'empty'
2026-06-18 08:41:32,546 [WARNING] data.fetch — [fetch_analyst_data] LRN: 'dict' object has no attribute 'empty'
2026-06-18 08:41:32,610 [WARNING] data.fetch — [fetch_analyst_data] SNEX: 'dict' object has no attribute 'empty'
2026-06-18 08:41:32,623 [WARNING] data.fetch — [fetch_analyst_data] H: 'dict' object has no attribute 'empty'
2026-06-18 08:41:38,866 [WARNING] data.fetch — [fetch_analyst_data] GOOG: 'dict' object has no attribute 'empty'
2026-06-18 08:41:38,915 [WARNING] data.fetch — [fetch_analyst_data] V: 'dict' object has no attribute 'empty'
2026-06-18 08:41:38,964 [WARNING] data.fetch — [fetch_analyst_data] WFC: 'dict' object has no attribute 'empty'
2026-06-18 08:41:38,975 [WARNING] data.fetch — [fetch_analyst_data] SFM: 'dict' object has no attribute 'empty'
2026-06-18 08:41:39,009 [WARNING] data.fetch — [fetch_analyst_data] ORCL: 'dict' object has no attribute 'empty'
2026-06-18 08:41:45,250 [WARNING] data.fetch — [fetch_analyst_data] SMCI: 'dict' object has no attribute 'empty'
2026-06-18 08:41:45,282 [WARNING] data.fetch — [fetch_analyst_data] DIS: 'dict' object has no attribute 'empty'
2026-06-18 08:41:45,351 [WARNING] data.fetch — [fetch_analyst_data] GEV: 'dict' object has no attribute 'empty'
2026-06-18 08:41:45,403 [WARNING] data.fetch — [fetch_analyst_data] HON: 'dict' object has no attribute 'empty'
2026-06-18 08:41:45,440 [WARNING] data.fetch — [fetch_analyst_data] DE: 'dict' object has no attribute 'empty'
2026-06-18 08:41:51,627 [WARNING] data.fetch — [fetch_analyst_data] BULL: 'dict' object has no attribute 'empty'
2026-06-18 08:41:51,651 [WARNING] data.fetch — [fetch_analyst_data] WELL: 'dict' object has no attribute 'empty'
2026-06-18 08:41:51,684 [WARNING] data.fetch — [fetch_analyst_data] AMGN: 'dict' object has no attribute 'empty'
2026-06-18 08:41:51,718 [WARNING] data.fetch — [fetch_analyst_data] SBUX: 'dict' object has no attribute 'empty'
2026-06-18 08:41:51,855 [WARNING] data.fetch — [fetch_analyst_data] RTX: 'dict' object has no attribute 'empty'
2026-06-18 08:41:58,121 [WARNING] data.fetch — [fetch_analyst_data] COF: 'dict' object has no attribute 'empty'
2026-06-18 08:41:58,124 [WARNING] data.fetch — [fetch_analyst_data] PG: 'dict' object has no attribute 'empty'
2026-06-18 08:41:58,162 [WARNING] data.fetch — [fetch_analyst_data] SCHW: 'dict' object has no attribute 'empty'
2026-06-18 08:41:58,222 [WARNING] data.fetch — [fetch_analyst_data] AXP: 'dict' object has no attribute 'empty'
2026-06-18 08:41:58,287 [WARNING] data.fetch — [fetch_analyst_data] HD: 'dict' object has no attribute 'empty'
2026-06-18 08:42:04,482 [WARNING] data.fetch — [fetch_analyst_data] BKNG: 'dict' object has no attribute 'empty'
2026-06-18 08:42:04,553 [WARNING] data.fetch — [fetch_analyst_data] MA: 'dict' object has no attribute 'empty'
2026-06-18 08:42:04,624 [WARNING] data.fetch — [fetch_analyst_data] MCD: 'dict' object has no attribute 'empty'
2026-06-18 08:42:04,626 [WARNING] data.fetch — [fetch_analyst_data] MRNA: 'dict' object has no attribute 'empty'
2026-06-18 08:42:04,676 [WARNING] data.fetch — [fetch_analyst_data] WWD: 'dict' object has no attribute 'empty'
2026-06-18 08:42:10,865 [WARNING] data.fetch — [fetch_analyst_data] MCK: 'dict' object has no attribute 'empty'
2026-06-18 08:42:10,919 [WARNING] data.fetch — [fetch_analyst_data] FRMI: 'dict' object has no attribute 'empty'
2026-06-18 08:42:10,995 [WARNING] data.fetch — [fetch_analyst_data] CAI: 'dict' object has no attribute 'empty'
2026-06-18 08:42:11,030 [WARNING] data.fetch — [fetch_analyst_data] BRK-B: 'dict' object has no attribute 'empty'
2026-06-18 08:42:11,070 [WARNING] data.fetch — [fetch_analyst_data] ELF: 'dict' object has no attribute 'empty'
2026-06-18 08:42:17,278 [WARNING] data.fetch — [fetch_analyst_data] TSLA: 'dict' object has no attribute 'empty'
2026-06-18 08:42:17,303 [WARNING] data.fetch — [fetch_analyst_data] MNTS: 'dict' object has no attribute 'empty'
2026-06-18 08:42:17,338 [WARNING] data.fetch — [fetch_analyst_data] LAC: 'dict' object has no attribute 'empty'
2026-06-18 08:42:17,418 [WARNING] data.fetch — [fetch_analyst_data] CRML: 'dict' object has no attribute 'empty'
2026-06-18 08:42:17,538 [WARNING] data.fetch — [fetch_analyst_data] IBM: 'dict' object has no attribute 'empty'
2026-06-18 08:42:23,748 [WARNING] data.fetch — [fetch_analyst_data] SNPS: 'dict' object has no attribute 'empty'
2026-06-18 08:42:23,749 [WARNING] data.fetch — [fetch_analyst_data] GOOGL: 'dict' object has no attribute 'empty'
2026-06-18 08:42:23,784 [WARNING] data.fetch — [fetch_analyst_data] META: 'dict' object has no attribute 'empty'
[시장분석] enrichment 완료
[Email] 페이퍼 트레이딩 알림 발송 완료 (PDF 첨부) (매도 1건, 매수 1건, 재평가 0건, 재평가실패 0건, 후보 5건) → chunghwan14@gmail.com, roykim0311@gmail.com, ssamjungtan@naver.com
============================================================
[Unified Paper Trading] 완료
============================================================
