[OHLCV] 배치 다운로드 1/4 (150개 종목, period=5y)...
[OHLCV] 배치 다운로드 2/4 (150개 종목, period=5y)...
[OHLCV] 배치 다운로드 3/4 (150개 종목, period=5y)...
[OHLCV] 배치 다운로드 4/4 (68개 종목, period=5y)...
[DataValidator] 10건의 데이터 품질 경고 발생
Warning:  PDD: 비정상 가격 변동 56.1% (2022-03-16) — 스플릿/데이터 오류 가능
Warning:  SOLV: Close NaN 비율 55.5% (기준: 30%)
Warning:  DAY: Close NaN 비율 100.0% (기준: 30%)
Warning:  HOLX: Close NaN 비율 100.0% (기준: 30%)
Warning:  GEHC: Close NaN 비율 30.1% (기준: 30%)
Warning:  GEV: Close NaN 비율 55.6% (기준: 30%)
Warning:  GL: 비정상 가격 변동 53.1% (2024-04-11) — 스플릿/데이터 오류 가능
Warning:  HOOD: 비정상 가격 변동 50.4% (2021-08-04) — 스플릿/데이터 오류 가능
Warning:  VLTO: Close NaN 비율 46.0% (기준: 30%)
Warning:  KVUE: Close NaN 비율 37.7% (기준: 30%)
[[SP500 분석]] 강한 섹터: {'Information Technology', 'Health Care', 'Industrials', 'Financials', 'Materials'}
[[SP500 분석]] Extreme model 'label_low' walk-forward ROC 0.66, AP 0.37
[[SP500 분석]] Extreme model 'label_high' walk-forward ROC 0.62, AP 0.26
[[SP500 분석]] Google Sheets 업데이트 완료
[Email] 바닥반등 17개 + 모멘텀 64개 = 총 81개 종목 리스트를 chunghwan14@gmail.com, roykim0311@gmail.com, ssamjungtan@naver.com로 발송 완료
[[SP500 분석]] Signals 결과 기반 차트분석 종목 리스트 생성 중...
[Dynamic Portfolio] 생성된 차트분석 종목 리스트(82개): ['NBM.V', 'GOOG', 'GOOGL', 'GEV', 'SLB', 'F', 'ASML', 'CDNS', 'JNJ', 'QCOM', 'DE', 'ROST', 'HPE', 'BA', 'AXP', 'WDC', 'SBUX', 'WFC', 'HON', 'GS', 'ABBV', 'GE', 'NXPI', 'PG', 'LRCX', 'GLW', 'SNPS', 'IBM', 'UNH', 'LLY', 'HOOD', 'MRK', 'SMCI', 'TXN', 'CSCO', 'FSLR', 'PANW', 'INTC', 'QQQ', 'ETN', 'NFLX', 'JPM', 'MRVL', 'KLAC', 'C', 'BAC', 'SPY', 'PM', 'AMZN', 'ORCL', 'MCHP', 'IWM', 'CAT', 'DDOG', 'WELL', 'FTNT', 'FCX', 'AMD', 'BRK-B', 'AAPL', 'STX', 'TER', 'RCL', 'AZO', 'ANET', 'APH', 'ADI', 'V', 'KO', 'LIN', 'RTX', 'AMGN', 'AVGO', 'DELL', 'MPWR', 'AMAT', 'NVDA', 'MS', 'ON', 'MU', 'TJX', 'CRWD']
[[SP500 차트분석]] [SP500 분석] 결과 기반 [SP500 차트분석] 시트 생성 중 (82개 종목)...
[[SP500 차트분석]] [SP500 분석]에 없는 종목은 별도 분석: ['NBM.V']
[DataValidator] 1건의 데이터 품질 경고 발생
Warning:  NBM.V: 비정상 가격 변동 56.3% (2024-09-25) — 스플릿/데이터 오류 가능
[[SP500 차트분석]] 강한 섹터: {'Information Technology', 'Health Care', 'Industrials', 'Financials', 'Materials'}
[[SP500 차트분석]] Extreme model 'global' skipped: insufficient_tickers
[[SP500 차트분석]] 기존 차트 파일 삭제 중...
[[SP500 차트분석]] 차트 저장 디렉토리 준비 완료: charts/screenshots
[[SP500 차트분석]] TradingView 차트 캡처 시작...
[[SP500 차트분석]] 82개 종목 차트 캡처 중...
[TradingView] GEV 브라우저 세션 시작  (로그인 세션)...
[TradingView] 1H 캡처 완료 (60)
[TradingView] 4H 캡처 완료 (240)
[TradingView] Daily 캡처 완료 (D)
[TradingView] Weekly 캡처 완료 (W)
[TradingView] Monthly 캡처 완료 (M)
[[SP500 차트분석]] GEV 차트 5개 처리 완료
[TradingView] DE 브라우저 세션 시작  (로그인 세션)...
[TradingView] 1H 캡처 완료 (60)
[TradingView] 4H 캡처 완료 (240)
[TradingView] Daily 캡처 완료 (D)
[TradingView] Weekly 캡처 완료 (W)
[TradingView] Monthly 캡처 완료 (M)
[[SP500 차트분석]] DE 차트 5개 처리 완료
[TradingView] UNH 브라우저 세션 시작  (로그인 세션)...
[TradingView] 1H 캡처 완료 (60)
[TradingView] 4H 캡처 완료 (240)
[TradingView] Daily 캡처 완료 (D)
[TradingView] Weekly 캡처 완료 (W)
[TradingView] Monthly 캡처 완료 (M)
[[SP500 차트분석]] UNH 차트 5개 처리 완료
[TradingView] ASML 브라우저 세션 시작  (로그인 세션)...
[TradingView] 1H 캡처 완료 (60)
[TradingView] 4H 캡처 완료 (240)
[TradingView] Daily 캡처 완료 (D)
[TradingView] Weekly 캡처 완료 (W)
[TradingView] Monthly 캡처 완료 (M)
[[SP500 차트분석]] ASML 차트 5개 처리 완료
[TradingView] INTC 브라우저 세션 시작  (로그인 세션)...
[TradingView] 1H 캡처 완료 (60)
[TradingView] 4H 캡처 완료 (240)
[TradingView] Daily 캡처 완료 (D)
[TradingView] Weekly 캡처 완료 (W)
[TradingView] Monthly 캡처 완료 (M)
[[SP500 차트분석]] INTC 차트 5개 처리 완료
[TradingView] KLAC 브라우저 세션 시작  (로그인 세션)...
[TradingView] 1H 캡처 완료 (60)
[TradingView] 4H 캡처 완료 (240)
[TradingView] Daily 캡처 완료 (D)
[TradingView] Weekly 캡처 완료 (W)
[TradingView] Monthly 캡처 완료 (M)
[[SP500 차트분석]] KLAC 차트 5개 처리 완료
[TradingView] MRVL 브라우저 세션 시작  (로그인 세션)...
[TradingView] 1H 캡처 완료 (60)
[TradingView] 4H 캡처 완료 (240)
[TradingView] Daily 캡처 완료 (D)
[TradingView] Weekly 캡처 완료 (W)
[TradingView] Monthly 캡처 완료 (M)
[[SP500 차트분석]] MRVL 차트 5개 처리 완료
[TradingView] TJX 브라우저 세션 시작  (로그인 세션)...
[TradingView] 1H 캡처 완료 (60)
[TradingView] 4H 캡처 완료 (240)
[TradingView] Daily 캡처 완료 (D)
[TradingView] Weekly 캡처 완료 (W)
[TradingView] Monthly 캡처 완료 (M)
[[SP500 차트분석]] TJX 차트 5개 처리 완료
[TradingView] CSCO 브라우저 세션 시작  (로그인 세션)...
[TradingView] 1H 캡처 완료 (60)
[TradingView] 4H 캡처 완료 (240)
[TradingView] Daily 캡처 완료 (D)
[TradingView] Weekly 캡처 완료 (W)
[TradingView] Monthly 캡처 완료 (M)
[[SP500 차트분석]] CSCO 차트 5개 처리 완료
[TradingView] APH 브라우저 세션 시작  (로그인 세션)...
[TradingView] 1H 캡처 완료 (60)
[TradingView] 4H 캡처 완료 (240)
[TradingView] Daily 캡처 완료 (D)
[TradingView] Weekly 캡처 완료 (W)
[TradingView] Monthly 캡처 완료 (M)
[[SP500 차트분석]] APH 차트 5개 처리 완료
[TradingView] BAC 브라우저 세션 시작  (로그인 세션)...
[TradingView] 1H 캡처 완료 (60)
[TradingView] 4H 캡처 완료 (240)
[TradingView] Daily 캡처 완료 (D)
[TradingView] Weekly 캡처 완료 (W)
[TradingView] Monthly 캡처 완료 (M)
[[SP500 차트분석]] BAC 차트 5개 처리 완료
[TradingView] CRWD 브라우저 세션 시작  (로그인 세션)...
[TradingView] 1H 캡처 완료 (60)
[TradingView] 4H 캡처 완료 (240)
[TradingView] Daily 캡처 완료 (D)
[TradingView] Weekly 캡처 완료 (W)
[TradingView] Monthly 캡처 완료 (M)
[[SP500 차트분석]] CRWD 차트 5개 처리 완료
[TradingView] DDOG 브라우저 세션 시작  (로그인 세션)...
[TradingView] 1H 캡처 완료 (60)
[TradingView] 4H 캡처 완료 (240)
[TradingView] Daily 캡처 완료 (D)
[TradingView] Weekly 캡처 완료 (W)
[TradingView] Monthly 캡처 완료 (M)
[[SP500 차트분석]] DDOG 차트 5개 처리 완료
[TradingView] DELL 브라우저 세션 시작  (로그인 세션)...
[TradingView] 1H 캡처 완료 (60)
[TradingView] 4H 캡처 완료 (240)
[TradingView] Daily 캡처 완료 (D)
[TradingView] Weekly 캡처 완료 (W)
[TradingView] Monthly 캡처 완료 (M)
[[SP500 차트분석]] DELL 차트 5개 처리 완료
[TradingView] FCX 브라우저 세션 시작  (로그인 세션)...
[TradingView] 1H 캡처 완료 (60)
[TradingView] 4H 캡처 완료 (240)
[TradingView] Daily 캡처 완료 (D)
[TradingView] Weekly 캡처 완료 (W)
[TradingView] Monthly 캡처 완료 (M)
[[SP500 차트분석]] FCX 차트 5개 처리 완료
[TradingView] FTNT 브라우저 세션 시작  (로그인 세션)...
[TradingView] 1H 캡처 완료 (60)
[TradingView] 4H 캡처 완료 (240)
[TradingView] Daily 캡처 완료 (D)
[TradingView] Weekly 캡처 완료 (W)
[TradingView] Monthly 캡처 완료 (M)
[[SP500 차트분석]] FTNT 차트 5개 처리 완료
[TradingView] GS 브라우저 세션 시작  (로그인 세션)...
[TradingView] 1H 캡처 완료 (60)
[TradingView] 4H 캡처 완료 (240)
[TradingView] Daily 캡처 완료 (D)
[TradingView] Weekly 캡처 완료 (W)
[TradingView] Monthly 캡처 완료 (M)
[[SP500 차트분석]] GS 차트 5개 처리 완료
[TradingView] HPE 브라우저 세션 시작  (로그인 세션)...
[TradingView] 1H 캡처 완료 (60)
[TradingView] 4H 캡처 완료 (240)
[TradingView] Daily 캡처 완료 (D)
[TradingView] Weekly 캡처 완료 (W)
[TradingView] Monthly 캡처 완료 (M)
[[SP500 차트분석]] HPE 차트 5개 처리 완료
[TradingView] LRCX 브라우저 세션 시작  (로그인 세션)...
[TradingView] 1H 캡처 완료 (60)
[TradingView] 4H 캡처 완료 (240)
[TradingView] Daily 캡처 완료 (D)
[TradingView] Weekly 캡처 완료 (W)
[TradingView] Monthly 캡처 완료 (M)
[[SP500 차트분석]] LRCX 차트 5개 처리 완료
[TradingView] PANW 브라우저 세션 시작  (로그인 세션)...
[TradingView] 1H 캡처 완료 (60)
[TradingView] 4H 캡처 완료 (240)
[TradingView] Daily 캡처 완료 (D)
[TradingView] Weekly 캡처 완료 (W)
[TradingView] Monthly 캡처 완료 (M)
[[SP500 차트분석]] PANW 차트 5개 처리 완료
[TradingView] AMAT 브라우저 세션 시작  (로그인 세션)...
[TradingView] 1H 캡처 완료 (60)
[TradingView] 4H 캡처 완료 (240)
[TradingView] Daily 캡처 완료 (D)
[TradingView] Weekly 캡처 완료 (W)
[TradingView] Monthly 캡처 완료 (M)
[[SP500 차트분석]] AMAT 차트 5개 처리 완료
[TradingView] JPM 브라우저 세션 시작  (로그인 세션)...
[TradingView] 1H 캡처 완료 (60)
[TradingView] 4H 캡처 완료 (240)
[TradingView] Daily 캡처 완료 (D)
[TradingView] Weekly 캡처 완료 (W)
[TradingView] Monthly 캡처 완료 (M)
[[SP500 차트분석]] JPM 차트 5개 처리 완료
[TradingView] MS 브라우저 세션 시작  (로그인 세션)...
[TradingView] 1H 캡처 완료 (60)
[TradingView] 4H 캡처 완료 (240)
[TradingView] Daily 캡처 완료 (D)
[TradingView] Weekly 캡처 완료 (W)
[TradingView] Monthly 캡처 완료 (M)
[[SP500 차트분석]] MS 차트 5개 처리 완료
[TradingView] HON 브라우저 세션 시작  (로그인 세션)...
[TradingView] 1H 캡처 완료 (60)
[TradingView] 4H 캡처 완료 (240)
[TradingView] Daily 캡처 완료 (D)
[TradingView] Weekly 캡처 완료 (W)
[TradingView] Monthly 캡처 완료 (M)
[[SP500 차트분석]] HON 차트 5개 처리 완료
[TradingView] GE 브라우저 세션 시작  (로그인 세션)...
[TradingView] 1H 캡처 완료 (60)
[TradingView] 4H 캡처 완료 (240)
[TradingView] Daily 캡처 완료 (D)
[TradingView] Weekly 캡처 완료 (W)
[TradingView] Monthly 캡처 완료 (M)
[[SP500 차트분석]] GE 차트 5개 처리 완료
[TradingView] IWM 브라우저 세션 시작  (로그인 세션)...
[TradingView] 1H 캡처 완료 (60)
[TradingView] 4H 캡처 완료 (240)
[TradingView] Daily 캡처 완료 (D)
[TradingView] Weekly 캡처 완료 (W)
[TradingView] Monthly 캡처 완료 (M)
[[SP500 차트분석]] IWM 차트 5개 처리 완료
[TradingView] ON 브라우저 세션 시작  (로그인 세션)...
[TradingView] 1H 캡처 완료 (60)
[TradingView] 4H 캡처 완료 (240)
[TradingView] Daily 캡처 완료 (D)
[TradingView] Weekly 캡처 완료 (W)
[TradingView] Monthly 캡처 완료 (M)
[[SP500 차트분석]] ON 차트 5개 처리 완료
[TradingView] FSLR 브라우저 세션 시작  (로그인 세션)...
[TradingView] 1H 캡처 완료 (60)
[TradingView] 4H 캡처 완료 (240)
[TradingView] Daily 캡처 완료 (D)
[TradingView] Weekly 캡처 완료 (W)
[TradingView] Monthly 캡처 완료 (M)
[[SP500 차트분석]] FSLR 차트 5개 처리 완료
[TradingView] IBM 브라우저 세션 시작  (로그인 세션)...
[TradingView] 1H 캡처 완료 (60)
[TradingView] 4H 캡처 완료 (240)
[TradingView] Daily 캡처 완료 (D)
[TradingView] Weekly 캡처 완료 (W)
[TradingView] Monthly 캡처 완료 (M)
[[SP500 차트분석]] IBM 차트 5개 처리 완료
[TradingView] AMD 브라우저 세션 시작  (로그인 세션)...
[TradingView] 1H 캡처 완료 (60)
[TradingView] 4H 캡처 완료 (240)
[TradingView] Daily 캡처 완료 (D)
[TradingView] Weekly 캡처 완료 (W)
[TradingView] Monthly 캡처 완료 (M)
[[SP500 차트분석]] AMD 차트 5개 처리 완료
[TradingView] ANET 브라우저 세션 시작  (로그인 세션)...
[TradingView] 1H 캡처 완료 (60)
[TradingView] 4H 캡처 완료 (240)
[TradingView] Daily 캡처 완료 (D)
[TradingView] Weekly 캡처 완료 (W)
[TradingView] Monthly 캡처 완료 (M)
[[SP500 차트분석]] ANET 차트 5개 처리 완료
[TradingView] MU 브라우저 세션 시작  (로그인 세션)...
[TradingView] 1H 캡처 완료 (60)
[TradingView] 4H 캡처 완료 (240)
[TradingView] Daily 캡처 완료 (D)
[TradingView] Weekly 캡처 완료 (W)
[TradingView] Monthly 캡처 완료 (M)
[[SP500 차트분석]] MU 차트 5개 처리 완료
[TradingView] ROST 브라우저 세션 시작  (로그인 세션)...
[TradingView] 1H 캡처 완료 (60)
[TradingView] 4H 캡처 완료 (240)
[TradingView] Daily 캡처 완료 (D)
[TradingView] Weekly 캡처 완료 (W)
[TradingView] Monthly 캡처 완료 (M)
[[SP500 차트분석]] ROST 차트 5개 처리 완료
[TradingView] TER 브라우저 세션 시작  (로그인 세션)...
[TradingView] 1H 캡처 완료 (60)
[TradingView] 4H 캡처 완료 (240)
[TradingView] Daily 캡처 완료 (D)
[TradingView] Weekly 캡처 완료 (W)
[TradingView] Monthly 캡처 완료 (M)
[[SP500 차트분석]] TER 차트 5개 처리 완료
[TradingView] C 브라우저 세션 시작  (로그인 세션)...
[TradingView] 1H 캡처 완료 (60)
[TradingView] 4H 캡처 완료 (240)
[TradingView] Daily 캡처 완료 (D)
[TradingView] Weekly 캡처 완료 (W)
[TradingView] Monthly 캡처 완료 (M)
[[SP500 차트분석]] C 차트 5개 처리 완료
[TradingView] STX 브라우저 세션 시작  (로그인 세션)...
[TradingView] 1H 캡처 완료 (60)
[TradingView] 4H 캡처 완료 (240)
[TradingView] Daily 캡처 완료 (D)
[TradingView] Weekly 캡처 완료 (W)
[TradingView] Monthly 캡처 완료 (M)
[[SP500 차트분석]] STX 차트 5개 처리 완료
[TradingView] ETN 브라우저 세션 시작  (로그인 세션)...
[TradingView] 1H 캡처 완료 (60)
[TradingView] 4H 캡처 완료 (240)
[TradingView] Daily 캡처 완료 (D)
[TradingView] Weekly 캡처 완료 (W)
[TradingView] Monthly 캡처 완료 (M)
[[SP500 차트분석]] ETN 차트 5개 처리 완료
[TradingView] CAT 브라우저 세션 시작  (로그인 세션)...
[TradingView] 1H 캡처 완료 (60)
[TradingView] 4H 캡처 완료 (240)
[TradingView] Daily 캡처 완료 (D)
[TradingView] Weekly 캡처 완료 (W)
[TradingView] Monthly 캡처 완료 (M)
[[SP500 차트분석]] CAT 차트 5개 처리 완료
[TradingView] WFC 브라우저 세션 시작  (로그인 세션)...
[TradingView] 1H 캡처 완료 (60)
[TradingView] 4H 캡처 완료 (240)
[TradingView] Daily 캡처 완료 (D)
[TradingView] Weekly 캡처 완료 (W)
[TradingView] Monthly 캡처 완료 (M)
[[SP500 차트분석]] WFC 차트 5개 처리 완료
[TradingView] F 브라우저 세션 시작  (로그인 세션)...
[TradingView] 1H 캡처 완료 (60)
[TradingView] 4H 캡처 완료 (240)
[TradingView] Daily 캡처 완료 (D)
[TradingView] Weekly 캡처 완료 (W)
[TradingView] Monthly 캡처 완료 (M)
[[SP500 차트분석]] F 차트 5개 처리 완료
[TradingView] ORCL 브라우저 세션 시작  (로그인 세션)...
[TradingView] 1H 캡처 완료 (60)
[TradingView] 4H 캡처 완료 (240)
[TradingView] Daily 캡처 완료 (D)
[TradingView] Weekly 캡처 완료 (W)
[TradingView] Monthly 캡처 완료 (M)
[[SP500 차트분석]] ORCL 차트 5개 처리 완료
[TradingView] SBUX 브라우저 세션 시작  (로그인 세션)...
[TradingView] 1H 캡처 완료 (60)
[TradingView] 4H 캡처 완료 (240)
[TradingView] Daily 캡처 완료 (D)
[TradingView] Weekly 캡처 완료 (W)
[TradingView] Monthly 캡처 완료 (M)
[[SP500 차트분석]] SBUX 차트 5개 처리 완료
[TradingView] QCOM 브라우저 세션 시작  (로그인 세션)...
[TradingView] 1H 캡처 완료 (60)
[TradingView] 4H 캡처 완료 (240)
[TradingView] Daily 캡처 완료 (D)
[TradingView] Weekly 캡처 완료 (W)
[TradingView] Monthly 캡처 완료 (M)
[[SP500 차트분석]] QCOM 차트 5개 처리 완료
[TradingView] CDNS 브라우저 세션 시작  (로그인 세션)...
[TradingView] 1H 캡처 완료 (60)
[TradingView] 4H 캡처 완료 (240)
[TradingView] Daily 캡처 완료 (D)
[TradingView] Weekly 캡처 완료 (W)
[TradingView] Monthly 캡처 완료 (M)
[[SP500 차트분석]] CDNS 차트 5개 처리 완료
[TradingView] LLY 브라우저 세션 시작  (로그인 세션)...
[TradingView] 1H 캡처 완료 (60)
[TradingView] 4H 캡처 완료 (240)
[TradingView] Daily 캡처 완료 (D)
[TradingView] Weekly 캡처 완료 (W)
[TradingView] Monthly 캡처 완료 (M)
[[SP500 차트분석]] LLY 차트 5개 처리 완료
[TradingView] RCL 브라우저 세션 시작  (로그인 세션)...
[TradingView] 1H 캡처 완료 (60)
[TradingView] 4H 캡처 완료 (240)
[TradingView] Daily 캡처 완료 (D)
[TradingView] Weekly 캡처 완료 (W)
[TradingView] Monthly 캡처 완료 (M)
[[SP500 차트분석]] RCL 차트 5개 처리 완료
[TradingView] QQQ 브라우저 세션 시작  (로그인 세션)...
[TradingView] 1H 캡처 완료 (60)
[TradingView] 4H 캡처 완료 (240)
[TradingView] Daily 캡처 완료 (D)
[TradingView] Weekly 캡처 완료 (W)
[TradingView] Monthly 캡처 완료 (M)
[[SP500 차트분석]] QQQ 차트 5개 처리 완료
[TradingView] AXP 브라우저 세션 시작  (로그인 세션)...
[TradingView] 1H 캡처 완료 (60)
[TradingView] 4H 캡처 완료 (240)
[TradingView] Daily 캡처 완료 (D)
[TradingView] Weekly 캡처 완료 (W)
[TradingView] Monthly 캡처 완료 (M)
[[SP500 차트분석]] AXP 차트 5개 처리 완료
[TradingView] RTX 브라우저 세션 시작  (로그인 세션)...
[TradingView] 1H 캡처 완료 (60)
[TradingView] 4H 캡처 완료 (240)
[TradingView] Daily 캡처 완료 (D)
[TradingView] Weekly 캡처 완료 (W)
[TradingView] Monthly 캡처 완료 (M)
[[SP500 차트분석]] RTX 차트 5개 처리 완료
[TradingView] WDC 브라우저 세션 시작  (로그인 세션)...
[TradingView] 1H 캡처 완료 (60)
[TradingView] 4H 캡처 완료 (240)
[TradingView] Daily 캡처 완료 (D)
[TradingView] Weekly 캡처 완료 (W)
[TradingView] Monthly 캡처 완료 (M)
[[SP500 차트분석]] WDC 차트 5개 처리 완료
[TradingView] NXPI 브라우저 세션 시작  (로그인 세션)...
[TradingView] 1H 캡처 완료 (60)
[TradingView] 4H 캡처 완료 (240)
[TradingView] Daily 캡처 완료 (D)
[TradingView] Weekly 캡처 완료 (W)
[TradingView] Monthly 캡처 완료 (M)
[[SP500 차트분석]] NXPI 차트 5개 처리 완료
[TradingView] GOOG 브라우저 세션 시작  (로그인 세션)...
[TradingView] 1H 캡처 완료 (60)
[TradingView] 4H 캡처 완료 (240)
[TradingView] Daily 캡처 완료 (D)
[TradingView] Weekly 캡처 완료 (W)
[TradingView] Monthly 캡처 완료 (M)
[[SP500 차트분석]] GOOG 차트 5개 처리 완료
[TradingView] GOOGL 브라우저 세션 시작  (로그인 세션)...
[TradingView] 1H 캡처 완료 (60)
[TradingView] 4H 캡처 완료 (240)
[TradingView] Daily 캡처 완료 (D)
[TradingView] Weekly 캡처 완료 (W)
[TradingView] Monthly 캡처 완료 (M)
[[SP500 차트분석]] GOOGL 차트 5개 처리 완료
[TradingView] TXN 브라우저 세션 시작  (로그인 세션)...
[TradingView] 1H 캡처 완료 (60)
[TradingView] 4H 캡처 완료 (240)
[TradingView] Daily 캡처 완료 (D)
[TradingView] Weekly 캡처 완료 (W)
[TradingView] Monthly 캡처 완료 (M)
[[SP500 차트분석]] TXN 차트 5개 처리 완료
[TradingView] MRK 브라우저 세션 시작  (로그인 세션)...
[TradingView] 1H 캡처 완료 (60)
[TradingView] 4H 캡처 완료 (240)
[TradingView] Daily 캡처 완료 (D)
[TradingView] Weekly 캡처 완료 (W)
[TradingView] Monthly 캡처 완료 (M)
[[SP500 차트분석]] MRK 차트 5개 처리 완료
[TradingView] ABBV 브라우저 세션 시작  (로그인 세션)...
[TradingView] 1H 캡처 완료 (60)
[TradingView] 4H 캡처 완료 (240)
[TradingView] Daily 캡처 완료 (D)
[TradingView] Weekly 캡처 완료 (W)
[TradingView] Monthly 캡처 완료 (M)
[[SP500 차트분석]] ABBV 차트 5개 처리 완료
[TradingView] LIN 브라우저 세션 시작  (로그인 세션)...
[TradingView] 1H 캡처 완료 (60)
[TradingView] 4H 캡처 완료 (240)
[TradingView] Daily 캡처 완료 (D)
[TradingView] Weekly 캡처 완료 (W)
[TradingView] Monthly 캡처 완료 (M)
[[SP500 차트분석]] LIN 차트 5개 처리 완료
[TradingView] MPWR 브라우저 세션 시작  (로그인 세션)...
[TradingView] 1H 캡처 완료 (60)
[TradingView] 4H 캡처 완료 (240)
[TradingView] Daily 캡처 완료 (D)
[TradingView] Weekly 캡처 완료 (W)
[TradingView] Monthly 캡처 완료 (M)
[[SP500 차트분석]] MPWR 차트 5개 처리 완료
[TradingView] SPY 브라우저 세션 시작  (로그인 세션)...
[TradingView] 1H 캡처 완료 (60)
[TradingView] 4H 캡처 완료 (240)
[TradingView] Daily 캡처 완료 (D)
[TradingView] Weekly 캡처 완료 (W)
[TradingView] Monthly 캡처 완료 (M)
[[SP500 차트분석]] SPY 차트 5개 처리 완료
[TradingView] AAPL 브라우저 세션 시작  (로그인 세션)...
[TradingView] 1H 캡처 완료 (60)
[TradingView] 4H 캡처 완료 (240)
[TradingView] Daily 캡처 완료 (D)
[TradingView] Weekly 캡처 완료 (W)
[TradingView] Monthly 캡처 완료 (M)
[[SP500 차트분석]] AAPL 차트 5개 처리 완료
[TradingView] GLW 브라우저 세션 시작  (로그인 세션)...
[TradingView] 1H 캡처 완료 (60)
[TradingView] 4H 캡처 완료 (240)
[TradingView] Daily 캡처 완료 (D)
[TradingView] Weekly 캡처 완료 (W)
[TradingView] Monthly 캡처 완료 (M)
[[SP500 차트분석]] GLW 차트 5개 처리 완료
[TradingView] WELL 브라우저 세션 시작  (로그인 세션)...
[TradingView] 1H 캡처 완료 (60)
[TradingView] 4H 캡처 완료 (240)
[TradingView] Daily 캡처 완료 (D)
[TradingView] Weekly 캡처 완료 (W)
[TradingView] Monthly 캡처 완료 (M)
[[SP500 차트분석]] WELL 차트 5개 처리 완료
[TradingView] ADI 브라우저 세션 시작  (로그인 세션)...
[TradingView] 1H 캡처 완료 (60)
[TradingView] 4H 캡처 완료 (240)
[TradingView] Daily 캡처 완료 (D)
[TradingView] Weekly 캡처 완료 (W)
[TradingView] Monthly 캡처 완료 (M)
[[SP500 차트분석]] ADI 차트 5개 처리 완료
[TradingView] MCHP 브라우저 세션 시작  (로그인 세션)...
[TradingView] 1H 캡처 완료 (60)
[TradingView] 4H 캡처 완료 (240)
[TradingView] Daily 캡처 완료 (D)
[TradingView] Weekly 캡처 완료 (W)
[TradingView] Monthly 캡처 완료 (M)
[[SP500 차트분석]] MCHP 차트 5개 처리 완료
[TradingView] SLB 브라우저 세션 시작  (로그인 세션)...
[TradingView] 1H 캡처 완료 (60)
[TradingView] 4H 캡처 완료 (240)
[TradingView] Daily 캡처 완료 (D)
[TradingView] Weekly 캡처 완료 (W)
[TradingView] Monthly 캡처 완료 (M)
[[SP500 차트분석]] SLB 차트 5개 처리 완료
[TradingView] JNJ 브라우저 세션 시작  (로그인 세션)...
[TradingView] 1H 캡처 완료 (60)
[TradingView] 4H 캡처 완료 (240)
[TradingView] Daily 캡처 완료 (D)
[TradingView] Weekly 캡처 완료 (W)
[TradingView] Monthly 캡처 완료 (M)
[[SP500 차트분석]] JNJ 차트 5개 처리 완료
[TradingView] AMGN 브라우저 세션 시작  (로그인 세션)...
[TradingView] 1H 캡처 완료 (60)
[TradingView] 4H 캡처 완료 (240)
[TradingView] Daily 캡처 완료 (D)
[TradingView] Weekly 캡처 완료 (W)
[TradingView] Monthly 캡처 완료 (M)
[[SP500 차트분석]] AMGN 차트 5개 처리 완료
[TradingView] HOOD 브라우저 세션 시작  (로그인 세션)...
[TradingView] 1H 캡처 완료 (60)
[TradingView] 4H 캡처 완료 (240)
[TradingView] Daily 캡처 완료 (D)
[TradingView] Weekly 캡처 완료 (W)
[TradingView] Monthly 캡처 완료 (M)
[[SP500 차트분석]] HOOD 차트 5개 처리 완료
[TradingView] AMZN 브라우저 세션 시작  (로그인 세션)...
[TradingView] 1H 캡처 완료 (60)
[TradingView] 4H 캡처 완료 (240)
[TradingView] Daily 캡처 완료 (D)
[TradingView] Weekly 캡처 완료 (W)
[TradingView] Monthly 캡처 완료 (M)
[[SP500 차트분석]] AMZN 차트 5개 처리 완료
[TradingView] SMCI 브라우저 세션 시작  (로그인 세션)...
[TradingView] 1H 캡처 완료 (60)
[TradingView] 4H 캡처 완료 (240)
[TradingView] Daily 캡처 완료 (D)
[TradingView] Weekly 캡처 완료 (W)
[TradingView] Monthly 캡처 완료 (M)
[[SP500 차트분석]] SMCI 차트 5개 처리 완료
[TradingView] PM 브라우저 세션 시작  (로그인 세션)...
[TradingView] 1H 캡처 완료 (60)
[TradingView] 4H 캡처 완료 (240)
[TradingView] Daily 캡처 완료 (D)
[TradingView] Weekly 캡처 완료 (W)
[TradingView] Monthly 캡처 완료 (M)
[[SP500 차트분석]] PM 차트 5개 처리 완료
[TradingView] V 브라우저 세션 시작  (로그인 세션)...
[TradingView] 1H 캡처 완료 (60)
[TradingView] 4H 캡처 완료 (240)
[TradingView] Daily 캡처 완료 (D)
[TradingView] Weekly 캡처 완료 (W)
[TradingView] Monthly 캡처 완료 (M)
[[SP500 차트분석]] V 차트 5개 처리 완료
[TradingView] BA 브라우저 세션 시작  (로그인 세션)...
[TradingView] 1H 캡처 완료 (60)
[TradingView] 4H 캡처 완료 (240)
[TradingView] Daily 캡처 완료 (D)
[TradingView] Weekly 캡처 완료 (W)
[TradingView] Monthly 캡처 완료 (M)
[[SP500 차트분석]] BA 차트 5개 처리 완료
[TradingView] KO 브라우저 세션 시작  (로그인 세션)...
[TradingView] 1H 캡처 완료 (60)
[TradingView] 4H 캡처 완료 (240)
[TradingView] Daily 캡처 완료 (D)
[TradingView] Weekly 캡처 완료 (W)
[TradingView] Monthly 캡처 완료 (M)
[[SP500 차트분석]] KO 차트 5개 처리 완료
[TradingView] PG 브라우저 세션 시작  (로그인 세션)...
[TradingView] 1H 캡처 완료 (60)
[TradingView] 4H 캡처 완료 (240)
[TradingView] Daily 캡처 완료 (D)
[TradingView] Weekly 캡처 완료 (W)
[TradingView] Monthly 캡처 완료 (M)
[[SP500 차트분석]] PG 차트 5개 처리 완료
[TradingView] BRK-B 브라우저 세션 시작  (로그인 세션)...
[TradingView] 1H 캡처 완료 (60)
[TradingView] 4H 캡처 완료 (240)
[TradingView] Daily 캡처 완료 (D)
[TradingView] Weekly 캡처 완료 (W)
[TradingView] Monthly 캡처 완료 (M)
[[SP500 차트분석]] BRK-B 차트 5개 처리 완료
[TradingView] SNPS 브라우저 세션 시작  (로그인 세션)...
[TradingView] 1H 캡처 완료 (60)
[TradingView] 4H 캡처 완료 (240)
[TradingView] Daily 캡처 완료 (D)
[TradingView] Weekly 캡처 완료 (W)
[TradingView] Monthly 캡처 완료 (M)
[[SP500 차트분석]] SNPS 차트 5개 처리 완료
[TradingView] NVDA 브라우저 세션 시작  (로그인 세션)...
[TradingView] 1H 캡처 완료 (60)
[TradingView] 4H 캡처 완료 (240)
[TradingView] Daily 캡처 완료 (D)
[TradingView] Weekly 캡처 완료 (W)
[TradingView] Monthly 캡처 완료 (M)
[[SP500 차트분석]] NVDA 차트 5개 처리 완료
[TradingView] AVGO 브라우저 세션 시작  (로그인 세션)...
[TradingView] 1H 캡처 완료 (60)
[TradingView] 4H 캡처 완료 (240)
[TradingView] Daily 캡처 완료 (D)
[TradingView] Weekly 캡처 완료 (W)
[TradingView] Monthly 캡처 완료 (M)
[[SP500 차트분석]] AVGO 차트 5개 처리 완료
[TradingView] NFLX 브라우저 세션 시작  (로그인 세션)...
[TradingView] 1H 캡처 완료 (60)
[TradingView] 4H 캡처 완료 (240)
[TradingView] Daily 캡처 완료 (D)
[TradingView] Weekly 캡처 완료 (W)
[TradingView] Monthly 캡처 완료 (M)
[[SP500 차트분석]] NFLX 차트 5개 처리 완료
[TradingView] AZO 브라우저 세션 시작  (로그인 세션)...
[TradingView] 1H 캡처 완료 (60)
[TradingView] 4H 캡처 완료 (240)
[TradingView] Daily 캡처 완료 (D)
[TradingView] Weekly 캡처 완료 (W)
[TradingView] Monthly 캡처 완료 (M)
[[SP500 차트분석]] AZO 차트 5개 처리 완료
[TradingView] 티커 매핑 적용: NBM.V -> NBM
[TradingView] NBM.V 브라우저 세션 시작  (로그인 세션)...
[TradingView] 1H 캡처 완료 (60)
[TradingView] 4H 캡처 완료 (240)
[TradingView] Daily 캡처 완료 (D)
[TradingView] Weekly 캡처 완료 (W)
[TradingView] Monthly 캡처 완료 (M)
[[SP500 차트분석]] NBM.V 차트 5개 처리 완료
[[SP500 차트분석]] 차트 캡처 완료
[[SP500 차트분석]] GitHub에 차트 이미지 푸시 중...
[main 996929b] Update chart screenshots 1781764529
 835 files changed, 0 insertions(+), 0 deletions(-)
 delete mode 100644 charts/screenshots/AAPL/AAPL_1H_20260617_061720.png
 create mode 100644 charts/screenshots/AAPL/AAPL_1H_20260618_062003.png
 delete mode 100644 charts/screenshots/AAPL/AAPL_4H_20260617_061720.png
 create mode 100644 charts/screenshots/AAPL/AAPL_4H_20260618_062003.png
 delete mode 100644 charts/screenshots/AAPL/AAPL_Daily_20260617_061720.png
 create mode 100644 charts/screenshots/AAPL/AAPL_Daily_20260618_062003.png
 delete mode 100644 charts/screenshots/AAPL/AAPL_Monthly_20260617_061720.png
 create mode 100644 charts/screenshots/AAPL/AAPL_Monthly_20260618_062003.png
 delete mode 100644 charts/screenshots/AAPL/AAPL_Weekly_20260617_061720.png
 create mode 100644 charts/screenshots/AAPL/AAPL_Weekly_20260618_062003.png
 delete mode 100644 charts/screenshots/ABBV/ABBV_1H_20260617_062028.png
 create mode 100644 charts/screenshots/ABBV/ABBV_1H_20260618_061726.png
 delete mode 100644 charts/screenshots/ABBV/ABBV_4H_20260617_062028.png
 create mode 100644 charts/screenshots/ABBV/ABBV_4H_20260618_061726.png
 delete mode 100644 charts/screenshots/ABBV/ABBV_Daily_20260617_062028.png
 create mode 100644 charts/screenshots/ABBV/ABBV_Daily_20260618_061726.png
 delete mode 100644 charts/screenshots/ABBV/ABBV_Monthly_20260617_062028.png
 create mode 100644 charts/screenshots/ABBV/ABBV_Monthly_20260618_061726.png
 delete mode 100644 charts/screenshots/ABBV/ABBV_Weekly_20260617_062028.png
 create mode 100644 charts/screenshots/ABBV/ABBV_Weekly_20260618_061726.png
 delete mode 100644 charts/screenshots/ADBE/ADBE_1H_20260617_063724.png
 delete mode 100644 charts/screenshots/ADBE/ADBE_4H_20260617_063724.png
 delete mode 100644 charts/screenshots/ADBE/ADBE_Daily_20260617_063724.png
 delete mode 100644 charts/screenshots/ADBE/ADBE_Monthly_20260617_063724.png
 delete mode 100644 charts/screenshots/ADBE/ADBE_Weekly_20260617_063724.png
 delete mode 100644 charts/screenshots/ADI/ADI_1H_20260617_062603.png
 create mode 100644 charts/screenshots/ADI/ADI_1H_20260618_062203.png
 delete mode 100644 charts/screenshots/ADI/ADI_4H_20260617_062603.png
 create mode 100644 charts/screenshots/ADI/ADI_4H_20260618_062203.png
 delete mode 100644 charts/screenshots/ADI/ADI_Daily_20260617_062603.png
 create mode 100644 charts/screenshots/ADI/ADI_Daily_20260618_062203.png
 delete mode 100644 charts/screenshots/ADI/ADI_Monthly_20260617_062603.png
 create mode 100644 charts/screenshots/ADI/ADI_Monthly_20260618_062203.png
 delete mode 100644 charts/screenshots/ADI/ADI_Weekly_20260617_062603.png
 create mode 100644 charts/screenshots/ADI/ADI_Weekly_20260618_062203.png
 delete mode 100644 charts/screenshots/AMAT/AMAT_1H_20260617_054642.png
 create mode 100644 charts/screenshots/AMAT/AMAT_1H_20260618_055414.png
 delete mode 100644 charts/screenshots/AMAT/AMAT_4H_20260617_054642.png
 create mode 100644 charts/screenshots/AMAT/AMAT_4H_20260618_055414.png
 delete mode 100644 charts/screenshots/AMAT/AMAT_Daily_20260617_054642.png
 create mode 100644 charts/screenshots/AMAT/AMAT_Daily_20260618_055414.png
 delete mode 100644 charts/screenshots/AMAT/AMAT_Monthly_20260617_054642.png
 create mode 100644 charts/screenshots/AMAT/AMAT_Monthly_20260618_055414.png
 delete mode 100644 charts/screenshots/AMAT/AMAT_Weekly_20260617_054642.png
 create mode 100644 charts/screenshots/AMAT/AMAT_Weekly_20260618_055414.png
 delete mode 100644 charts/screenshots/AMD/AMD_1H_20260617_060109.png
 create mode 100644 charts/screenshots/AMD/AMD_1H_20260618_060012.png
 delete mode 100644 charts/screenshots/AMD/AMD_4H_20260617_060109.png
 create mode 100644 charts/screenshots/AMD/AMD_4H_20260618_060012.png
 delete mode 100644 charts/screenshots/AMD/AMD_Daily_20260617_060109.png
 create mode 100644 charts/screenshots/AMD/AMD_Daily_20260618_060012.png
 delete mode 100644 charts/screenshots/AMD/AMD_Monthly_20260617_060109.png
 create mode 100644 charts/screenshots/AMD/AMD_Monthly_20260618_060012.png
 delete mode 100644 charts/screenshots/AMD/AMD_Weekly_20260617_060109.png
 create mode 100644 charts/screenshots/AMD/AMD_Weekly_20260618_060012.png
 delete mode 100644 charts/screenshots/AMGN/AMGN_1H_20260617_062333.png
 create mode 100644 charts/screenshots/AMGN/AMGN_1H_20260618_062441.png
 delete mode 100644 charts/screenshots/AMGN/AMGN_4H_20260617_062333.png
 create mode 100644 charts/screenshots/AMGN/AMGN_4H_20260618_062441.png
 delete mode 100644 charts/screenshots/AMGN/AMGN_Daily_20260617_062333.png
 create mode 100644 charts/screenshots/AMGN/AMGN_Daily_20260618_062441.png
 delete mode 100644 charts/screenshots/AMGN/AMGN_Monthly_20260617_062333.png
 create mode 100644 charts/screenshots/AMGN/AMGN_Monthly_20260618_062441.png
 delete mode 100644 charts/screenshots/AMGN/AMGN_Weekly_20260617_062333.png
 create mode 100644 charts/screenshots/AMGN/AMGN_Weekly_20260618_062441.png
 delete mode 100644 charts/screenshots/AMZN/AMZN_1H_20260617_062913.png
 create mode 100644 charts/screenshots/AMZN/AMZN_1H_20260618_062558.png
 delete mode 100644 charts/screenshots/AMZN/AMZN_4H_20260617_062913.png
 create mode 100644 charts/screenshots/AMZN/AMZN_4H_20260618_062558.png
 delete mode 100644 charts/screenshots/AMZN/AMZN_Daily_20260617_062913.png
 create mode 100644 charts/screenshots/AMZN/AMZN_Daily_20260618_062558.png
 delete mode 100644 charts/screenshots/AMZN/AMZN_Monthly_20260617_062913.png
 create mode 100644 charts/screenshots/AMZN/AMZN_Monthly_20260618_062558.png
 delete mode 100644 charts/screenshots/AMZN/AMZN_Weekly_20260617_062913.png
 create mode 100644 charts/screenshots/AMZN/AMZN_Weekly_20260618_062558.png
 delete mode 100644 charts/screenshots/ANET/ANET_1H_20260617_060147.png
 create mode 100644 charts/screenshots/ANET/ANET_1H_20260618_060052.png
 delete mode 100644 charts/screenshots/ANET/ANET_4H_20260617_060147.png
 create mode 100644 charts/screenshots/ANET/ANET_4H_20260618_060052.png
 delete mode 100644 charts/screenshots/ANET/ANET_Daily_20260617_060147.png
 create mode 100644 charts/screenshots/ANET/ANET_Daily_20260618_060052.png
 delete mode 100644 charts/screenshots/ANET/ANET_Monthly_20260617_060147.png
 create mode 100644 charts/screenshots/ANET/ANET_Monthly_20260618_060052.png
 delete mode 100644 charts/screenshots/ANET/ANET_Weekly_20260617_060147.png
 create mode 100644 charts/screenshots/ANET/ANET_Weekly_20260618_060052.png
 delete mode 100644 charts/screenshots/APH/APH_1H_20260617_055142.png
 create mode 100644 charts/screenshots/APH/APH_1H_20260618_054656.png
 delete mode 100644 charts/screenshots/APH/APH_4H_20260617_055142.png
 create mode 100644 charts/screenshots/APH/APH_4H_20260618_054656.png
 delete mode 100644 charts/screenshots/APH/APH_Daily_20260617_055142.png
 create mode 100644 charts/screenshots/APH/APH_Daily_20260618_054656.png
 delete mode 100644 charts/screenshots/APH/APH_Monthly_20260617_055142.png
 create mode 100644 charts/screenshots/APH/APH_Monthly_20260618_054656.png
 delete mode 100644 charts/screenshots/APH/APH_Weekly_20260617_055142.png
 create mode 100644 charts/screenshots/APH/APH_Weekly_20260618_054656.png
 delete mode 100644 charts/screenshots/APP/APP_1H_20260617_061034.png
 delete mode 100644 charts/screenshots/APP/APP_4H_20260617_061034.png
 delete mode 100644 charts/screenshots/APP/APP_Daily_20260617_061034.png
 delete mode 100644 charts/screenshots/APP/APP_Monthly_20260617_061034.png
 delete mode 100644 charts/screenshots/APP/APP_Weekly_20260617_061034.png
 delete mode 100644 charts/screenshots/ASML/ASML_1H_20260617_054720.png
 create mode 100644 charts/screenshots/ASML/ASML_1H_20260618_054256.png
 delete mode 100644 charts/screenshots/ASML/ASML_4H_20260617_054720.png
 create mode 100644 charts/screenshots/ASML/ASML_4H_20260618_054256.png
 delete mode 100644 charts/screenshots/ASML/ASML_Daily_20260617_054720.png
 create mode 100644 charts/screenshots/ASML/ASML_Daily_20260618_054256.png
 delete mode 100644 charts/screenshots/ASML/ASML_Monthly_20260617_054720.png
 create mode 100644 charts/screenshots/ASML/ASML_Monthly_20260618_054256.png
 delete mode 100644 charts/screenshots/ASML/ASML_Weekly_20260617_054720.png
 create mode 100644 charts/screenshots/ASML/ASML_Weekly_20260618_054256.png
 create mode 100644 charts/screenshots/AVGO/AVGO_1H_20260618_063242.png
 create mode 100644 charts/screenshots/AVGO/AVGO_4H_20260618_063242.png
 create mode 100644 charts/screenshots/AVGO/AVGO_Daily_20260618_063242.png
 create mode 100644 charts/screenshots/AVGO/AVGO_Monthly_20260618_063242.png
 create mode 100644 charts/screenshots/AVGO/AVGO_Weekly_20260618_063242.png
 delete mode 100644 charts/screenshots/AXP/AXP_1H_20260617_061415.png
 create mode 100644 charts/screenshots/AXP/AXP_1H_20260618_061208.png
 delete mode 100644 charts/screenshots/AXP/AXP_4H_20260617_061415.png
 create mode 100644 charts/screenshots/AXP/AXP_4H_20260618_061208.png
 delete mode 100644 charts/screenshots/AXP/AXP_Daily_20260617_061415.png
 create mode 100644 charts/screenshots/AXP/AXP_Daily_20260618_061208.png
 delete mode 100644 charts/screenshots/AXP/AXP_Monthly_20260617_061415.png
 create mode 100644 charts/screenshots/AXP/AXP_Monthly_20260618_061208.png
 delete mode 100644 charts/screenshots/AXP/AXP_Weekly_20260617_061415.png
 create mode 100644 charts/screenshots/AXP/AXP_Weekly_20260618_061208.png
 create mode 100644 charts/screenshots/AZO/AZO_1H_20260618_063402.png
 create mode 100644 charts/screenshots/AZO/AZO_4H_20260618_063402.png
 create mode 100644 charts/screenshots/AZO/AZO_Daily_20260618_063402.png
 create mode 100644 charts/screenshots/AZO/AZO_Monthly_20260618_063402.png
 create mode 100644 charts/screenshots/AZO/AZO_Weekly_20260618_063402.png
 delete mode 100644 charts/screenshots/BA/BA_1H_20260617_063026.png
 create mode 100644 charts/screenshots/BA/BA_1H_20260618_062843.png
 delete mode 100644 charts/screenshots/BA/BA_4H_20260617_063026.png
 create mode 100644 charts/screenshots/BA/BA_4H_20260618_062843.png
 delete mode 100644 charts/screenshots/BA/BA_Daily_20260617_063026.png
 create mode 100644 charts/screenshots/BA/BA_Daily_20260618_062843.png
 delete mode 100644 charts/screenshots/BA/BA_Monthly_20260617_063026.png
 create mode 100644 charts/screenshots/BA/BA_Monthly_20260618_062843.png
 delete mode 100644 charts/screenshots/BA/BA_Weekly_20260617_063026.png
 create mode 100644 charts/screenshots/BA/BA_Weekly_20260618_062843.png
 delete mode 100644 charts/screenshots/BAC/BAC_1H_20260617_061530.png
 create mode 100644 charts/screenshots/BAC/BAC_1H_20260618_054736.png
 delete mode 100644 charts/screenshots/BAC/BAC_4H_20260617_061530.png
 create mode 100644 charts/screenshots/BAC/BAC_4H_20260618_054736.png
 delete mode 100644 charts/screenshots/BAC/BAC_Daily_20260617_061530.png
 create mode 100644 charts/screenshots/BAC/BAC_Daily_20260618_054736.png
 delete mode 100644 charts/screenshots/BAC/BAC_Monthly_20260617_061530.png
 create mode 100644 charts/screenshots/BAC/BAC_Monthly_20260618_054736.png
 delete mode 100644 charts/screenshots/BAC/BAC_Weekly_20260617_061530.png
 create mode 100644 charts/screenshots/BAC/BAC_Weekly_20260618_054736.png
 create mode 100644 charts/screenshots/BRK-B/BRK-B_1H_20260618_063042.png
 create mode 100644 charts/screenshots/BRK-B/BRK-B_4H_20260618_063042.png
 create mode 100644 charts/screenshots/BRK-B/BRK-B_Daily_20260618_063042.png
 create mode 100644 charts/screenshots/BRK-B/BRK-B_Monthly_20260618_063042.png
 create mode 100644 charts/screenshots/BRK-B/BRK-B_Weekly_20260618_063042.png
 delete mode 100644 charts/screenshots/C/C_1H_20260617_060533.png
 create mode 100644 charts/screenshots/C/C_1H_20260618_060330.png
 delete mode 100644 charts/screenshots/C/C_4H_20260617_060533.png
 create mode 100644 charts/screenshots/C/C_4H_20260618_060330.png
 delete mode 100644 charts/screenshots/C/C_Daily_20260617_060533.png
 create mode 100644 charts/screenshots/C/C_Daily_20260618_060330.png
 delete mode 100644 charts/screenshots/C/C_Monthly_20260617_060533.png
 create mode 100644 charts/screenshots/C/C_Monthly_20260618_060330.png
 delete mode 100644 charts/screenshots/C/C_Weekly_20260617_060533.png
 create mode 100644 charts/screenshots/C/C_Weekly_20260618_060330.png
 delete mode 100644 charts/screenshots/CAT/CAT_1H_20260617_054603.png
 create mode 100644 charts/screenshots/CAT/CAT_1H_20260618_060530.png
 delete mode 100644 charts/screenshots/CAT/CAT_4H_20260617_054603.png
 create mode 100644 charts/screenshots/CAT/CAT_4H_20260618_060530.png
 delete mode 100644 charts/screenshots/CAT/CAT_Daily_20260617_054603.png
 create mode 100644 charts/screenshots/CAT/CAT_Daily_20260618_060530.png
 delete mode 100644 charts/screenshots/CAT/CAT_Monthly_20260617_054603.png
 create mode 100644 charts/screenshots/CAT/CAT_Monthly_20260618_060530.png
 delete mode 100644 charts/screenshots/CAT/CAT_Weekly_20260617_054603.png
 create mode 100644 charts/screenshots/CAT/CAT_Weekly_20260618_060530.png
 delete mode 100644 charts/screenshots/CDNS/CDNS_1H_20260617_061111.png
 create mode 100644 charts/screenshots/CDNS/CDNS_1H_20260618_060928.png
 delete mode 100644 charts/screenshots/CDNS/CDNS_4H_20260617_061111.png
 create mode 100644 charts/screenshots/CDNS/CDNS_4H_20260618_060928.png
 delete mode 100644 charts/screenshots/CDNS/CDNS_Daily_20260617_061111.png
 create mode 100644 charts/screenshots/CDNS/CDNS_Daily_20260618_060928.png
 delete mode 100644 charts/screenshots/CDNS/CDNS_Monthly_20260617_061111.png
 create mode 100644 charts/screenshots/CDNS/CDNS_Monthly_20260618_060928.png
 delete mode 100644 charts/screenshots/CDNS/CDNS_Weekly_20260617_061111.png
 create mode 100644 charts/screenshots/CDNS/CDNS_Weekly_20260618_060928.png
 delete mode 100644 charts/screenshots/CME/CME_1H_20260617_063452.png
 delete mode 100644 charts/screenshots/CME/CME_4H_20260617_063452.png
 delete mode 100644 charts/screenshots/CME/CME_Daily_20260617_063452.png
 delete mode 100644 charts/screenshots/CME/CME_Monthly_20260617_063452.png
 delete mode 100644 charts/screenshots/CME/CME_Weekly_20260617_063452.png
 delete mode 100644 charts/screenshots/CRWD/CRWD_1H_20260617_055219.png
 create mode 100644 charts/screenshots/CRWD/CRWD_1H_20260618_054816.png
 delete mode 100644 charts/screenshots/CRWD/CRWD_4H_20260617_055219.png
 create mode 100644 charts/screenshots/CRWD/CRWD_4H_20260618_054816.png
 delete mode 100644 charts/screenshots/CRWD/CRWD_Daily_20260617_055219.png
 create mode 100644 charts/screenshots/CRWD/CRWD_Daily_20260618_054816.png
 delete mode 100644 charts/screenshots/CRWD/CRWD_Monthly_20260617_055219.png
 create mode 100644 charts/screenshots/CRWD/CRWD_Monthly_20260618_054816.png
 delete mode 100644 charts/screenshots/CRWD/CRWD_Weekly_20260617_055219.png
 create mode 100644 charts/screenshots/CRWD/CRWD_Weekly_20260618_054816.png
 delete mode 100644 charts/screenshots/CSCO/CSCO_1H_20260617_061148.png
 create mode 100644 charts/screenshots/CSCO/CSCO_1H_20260618_054616.png
 delete mode 100644 charts/screenshots/CSCO/CSCO_4H_20260617_061148.png
 create mode 100644 charts/screenshots/CSCO/CSCO_4H_20260618_054616.png
 delete mode 100644 charts/screenshots/CSCO/CSCO_Daily_20260617_061148.png
 create mode 100644 charts/screenshots/CSCO/CSCO_Daily_20260618_054616.png
 delete mode 100644 charts/screenshots/CSCO/CSCO_Monthly_20260617_061148.png
 create mode 100644 charts/screenshots/CSCO/CSCO_Monthly_20260618_054616.png
 delete mode 100644 charts/screenshots/CSCO/CSCO_Weekly_20260617_061148.png
 create mode 100644 charts/screenshots/CSCO/CSCO_Weekly_20260618_054616.png
 delete mode 100644 charts/screenshots/DDOG/DDOG_1H_20260617_055258.png
 create mode 100644 charts/screenshots/DDOG/DDOG_1H_20260618_054857.png
 delete mode 100644 charts/screenshots/DDOG/DDOG_4H_20260617_055258.png
 create mode 100644 charts/screenshots/DDOG/DDOG_4H_20260618_054857.png
 delete mode 100644 charts/screenshots/DDOG/DDOG_Daily_20260617_055258.png
 create mode 100644 charts/screenshots/DDOG/DDOG_Daily_20260618_054857.png
 delete mode 100644 charts/screenshots/DDOG/DDOG_Monthly_20260617_055258.png
 create mode 100644 charts/screenshots/DDOG/DDOG_Monthly_20260618_054857.png
 delete mode 100644 charts/screenshots/DDOG/DDOG_Weekly_20260617_055258.png
 create mode 100644 charts/screenshots/DDOG/DDOG_Weekly_20260618_054857.png
 delete mode 100644 charts/screenshots/DE/DE_1H_20260617_060803.png
 create mode 100644 charts/screenshots/DE/DE_1H_20260618_054138.png
 delete mode 100644 charts/screenshots/DE/DE_4H_20260617_060803.png
 create mode 100644 charts/screenshots/DE/DE_4H_20260618_054138.png
 delete mode 100644 charts/screenshots/DE/DE_Daily_20260617_060803.png
 create mode 100644 charts/screenshots/DE/DE_Daily_20260618_054138.png
 delete mode 100644 charts/screenshots/DE/DE_Monthly_20260617_060803.png
 create mode 100644 charts/screenshots/DE/DE_Monthly_20260618_054138.png
 delete mode 100644 charts/screenshots/DE/DE_Weekly_20260617_060803.png
 create mode 100644 charts/screenshots/DE/DE_Weekly_20260618_054138.png
 delete mode 100644 charts/screenshots/DELL/DELL_1H_20260617_055336.png
 create mode 100644 charts/screenshots/DELL/DELL_1H_20260618_054936.png
 delete mode 100644 charts/screenshots/DELL/DELL_4H_20260617_055336.png
 create mode 100644 charts/screenshots/DELL/DELL_4H_20260618_054936.png
 delete mode 100644 charts/screenshots/DELL/DELL_Daily_20260617_055336.png
 create mode 100644 charts/screenshots/DELL/DELL_Daily_20260618_054936.png
 delete mode 100644 charts/screenshots/DELL/DELL_Monthly_20260617_055336.png
 create mode 100644 charts/screenshots/DELL/DELL_Monthly_20260618_054936.png
 delete mode 100644 charts/screenshots/DELL/DELL_Weekly_20260617_055336.png
 create mode 100644 charts/screenshots/DELL/DELL_Weekly_20260618_054936.png
 delete mode 100644 charts/screenshots/ETN/ETN_1H_20260617_062450.png
 create mode 100644 charts/screenshots/ETN/ETN_1H_20260618_060450.png
 delete mode 100644 charts/screenshots/ETN/ETN_4H_20260617_062450.png
 create mode 100644 charts/screenshots/ETN/ETN_4H_20260618_060450.png
 delete mode 100644 charts/screenshots/ETN/ETN_Daily_20260617_062450.png
 create mode 100644 charts/screenshots/ETN/ETN_Daily_20260618_060450.png
 delete mode 100644 charts/screenshots/ETN/ETN_Monthly_20260617_062450.png
 create mode 100644 charts/screenshots/ETN/ETN_Monthly_20260618_060450.png
 delete mode 100644 charts/screenshots/ETN/ETN_Weekly_20260617_062450.png
 create mode 100644 charts/screenshots/ETN/ETN_Weekly_20260618_060450.png
 delete mode 100644 charts/screenshots/F/F_1H_20260617_054910.png
 create mode 100644 charts/screenshots/F/F_1H_20260618_060649.png
 delete mode 100644 charts/screenshots/F/F_4H_20260617_054910.png
 create mode 100644 charts/screenshots/F/F_4H_20260618_060649.png
 delete mode 100644 charts/screenshots/F/F_Daily_20260617_054910.png
 create mode 100644 charts/screenshots/F/F_Daily_20260618_060649.png
 delete mode 100644 charts/screenshots/F/F_Monthly_20260617_054910.png
 create mode 100644 charts/screenshots/F/F_Monthly_20260618_060649.png
 delete mode 100644 charts/screenshots/F/F_Weekly_20260617_054910.png
 create mode 100644 charts/screenshots/F/F_Weekly_20260618_060649.png
 delete mode 100644 charts/screenshots/FCX/FCX_1H_20260617_060225.png
 create mode 100644 charts/screenshots/FCX/FCX_1H_20260618_055016.png
 delete mode 100644 charts/screenshots/FCX/FCX_4H_20260617_060225.png
 create mode 100644 charts/screenshots/FCX/FCX_4H_20260618_055016.png
 delete mode 100644 charts/screenshots/FCX/FCX_Daily_20260617_060225.png
 create mode 100644 charts/screenshots/FCX/FCX_Daily_20260618_055016.png
 delete mode 100644 charts/screenshots/FCX/FCX_Monthly_20260617_060225.png
 create mode 100644 charts/screenshots/FCX/FCX_Monthly_20260618_055016.png
 delete mode 100644 charts/screenshots/FCX/FCX_Weekly_20260617_060225.png
 create mode 100644 charts/screenshots/FCX/FCX_Weekly_20260618_055016.png
 delete mode 100644 charts/screenshots/FSLR/FSLR_1H_20260617_055026.png
 create mode 100644 charts/screenshots/FSLR/FSLR_1H_20260618_055852.png
 delete mode 100644 charts/screenshots/FSLR/FSLR_4H_20260617_055026.png
 create mode 100644 charts/screenshots/FSLR/FSLR_4H_20260618_055852.png
 delete mode 100644 charts/screenshots/FSLR/FSLR_Daily_20260617_055026.png
 create mode 100644 charts/screenshots/FSLR/FSLR_Daily_20260618_055852.png
 delete mode 100644 charts/screenshots/FSLR/FSLR_Monthly_20260617_055026.png
 create mode 100644 charts/screenshots/FSLR/FSLR_Monthly_20260618_055852.png
 delete mode 100644 charts/screenshots/FSLR/FSLR_Weekly_20260617_055026.png
 create mode 100644 charts/screenshots/FSLR/FSLR_Weekly_20260618_055852.png
 delete mode 100644 charts/screenshots/FTNT/FTNT_1H_20260617_055414.png
 create mode 100644 charts/screenshots/FTNT/FTNT_1H_20260618_055056.png
 delete mode 100644 charts/screenshots/FTNT/FTNT_4H_20260617_055414.png
 create mode 100644 charts/screenshots/FTNT/FTNT_4H_20260618_055056.png
 delete mode 100644 charts/screenshots/FTNT/FTNT_Daily_20260617_055414.png
 create mode 100644 charts/screenshots/FTNT/FTNT_Daily_20260618_055056.png
 delete mode 100644 charts/screenshots/FTNT/FTNT_Monthly_20260617_055414.png
 create mode 100644 charts/screenshots/FTNT/FTNT_Monthly_20260618_055056.png
 delete mode 100644 charts/screenshots/FTNT/FTNT_Weekly_20260617_055414.png
 create mode 100644 charts/screenshots/FTNT/FTNT_Weekly_20260618_055056.png
 delete mode 100644 charts/screenshots/GE/GE_1H_20260617_055837.png
 create mode 100644 charts/screenshots/GE/GE_1H_20260618_055654.png
 delete mode 100644 charts/screenshots/GE/GE_4H_20260617_055837.png
 create mode 100644 charts/screenshots/GE/GE_4H_20260618_055654.png
 delete mode 100644 charts/screenshots/GE/GE_Daily_20260617_055837.png
 create mode 100644 charts/screenshots/GE/GE_Daily_20260618_055654.png
 delete mode 100644 charts/screenshots/GE/GE_Monthly_20260617_055837.png
 create mode 100644 charts/screenshots/GE/GE_Monthly_20260618_055654.png
 delete mode 100644 charts/screenshots/GE/GE_Weekly_20260617_055837.png
 create mode 100644 charts/screenshots/GE/GE_Weekly_20260618_055654.png
 delete mode 100644 charts/screenshots/GEV/GEV_1H_20260617_061757.png
 create mode 100644 charts/screenshots/GEV/GEV_1H_20260618_054057.png
 delete mode 100644 charts/screenshots/GEV/GEV_4H_20260617_061757.png
 create mode 100644 charts/screenshots/GEV/GEV_4H_20260618_054057.png
 delete mode 100644 charts/screenshots/GEV/GEV_Daily_20260617_061757.png
 create mode 100644 charts/screenshots/GEV/GEV_Daily_20260618_054057.png
 delete mode 100644 charts/screenshots/GEV/GEV_Monthly_20260617_061757.png
 create mode 100644 charts/screenshots/GEV/GEV_Monthly_20260618_054057.png
 delete mode 100644 charts/screenshots/GEV/GEV_Weekly_20260617_061757.png
 create mode 100644 charts/screenshots/GEV/GEV_Weekly_20260618_054057.png
 delete mode 100644 charts/screenshots/GLW/GLW_1H_20260617_060956.png
 create mode 100644 charts/screenshots/GLW/GLW_1H_20260618_062043.png
 delete mode 100644 charts/screenshots/GLW/GLW_4H_20260617_060956.png
 create mode 100644 charts/screenshots/GLW/GLW_4H_20260618_062043.png
 delete mode 100644 charts/screenshots/GLW/GLW_Daily_20260617_060956.png
 create mode 100644 charts/screenshots/GLW/GLW_Daily_20260618_062043.png
 delete mode 100644 charts/screenshots/GLW/GLW_Monthly_20260617_060956.png
 create mode 100644 charts/screenshots/GLW/GLW_Monthly_20260618_062043.png
 delete mode 100644 charts/screenshots/GLW/GLW_Weekly_20260617_060956.png
 create mode 100644 charts/screenshots/GLW/GLW_Weekly_20260618_062043.png
 delete mode 100644 charts/screenshots/GOOG/GOOG_1H_20260617_063141.png
 create mode 100644 charts/screenshots/GOOG/GOOG_1H_20260618_061448.png
 delete mode 100644 charts/screenshots/GOOG/GOOG_4H_20260617_063141.png
 create mode 100644 charts/screenshots/GOOG/GOOG_4H_20260618_061448.png
 delete mode 100644 charts/screenshots/GOOG/GOOG_Daily_20260617_063141.png
 create mode 100644 charts/screenshots/GOOG/GOOG_Daily_20260618_061448.png
 delete mode 100644 charts/screenshots/GOOG/GOOG_Monthly_20260617_063141.png
 create mode 100644 charts/screenshots/GOOG/GOOG_Monthly_20260618_061448.png
 delete mode 100644 charts/screenshots/GOOG/GOOG_Weekly_20260617_063141.png
 create mode 100644 charts/screenshots/GOOG/GOOG_Weekly_20260618_061448.png
 delete mode 100644 charts/screenshots/GOOGL/GOOGL_1H_20260617_063219.png
 create mode 100644 charts/screenshots/GOOGL/GOOGL_1H_20260618_061527.png
 delete mode 100644 charts/screenshots/GOOGL/GOOGL_4H_20260617_063219.png
 create mode 100644 charts/screenshots/GOOGL/GOOGL_4H_20260618_061527.png
 delete mode 100644 charts/screenshots/GOOGL/GOOGL_Daily_20260617_063219.png
 create mode 100644 charts/screenshots/GOOGL/GOOGL_Daily_20260618_061527.png
 delete mode 100644 charts/screenshots/GOOGL/GOOGL_Monthly_20260617_063219.png
 create mode 100644 charts/screenshots/GOOGL/GOOGL_Monthly_20260618_061527.png
 delete mode 100644 charts/screenshots/GOOGL/GOOGL_Weekly_20260617_063219.png
 create mode 100644 charts/screenshots/GOOGL/GOOGL_Weekly_20260618_061527.png
 delete mode 100644 charts/screenshots/GS/GS_1H_20260617_055452.png
 create mode 100644 charts/screenshots/GS/GS_1H_20260618_055135.png
 delete mode 100644 charts/screenshots/GS/GS_4H_20260617_055452.png
 create mode 100644 charts/screenshots/GS/GS_4H_20260618_055135.png
 delete mode 100644 charts/screenshots/GS/GS_Daily_20260617_055452.png
 create mode 100644 charts/screenshots/GS/GS_Daily_20260618_055135.png
 delete mode 100644 charts/screenshots/GS/GS_Monthly_20260617_055452.png
 create mode 100644 charts/screenshots/GS/GS_Monthly_20260618_055135.png
 delete mode 100644 charts/screenshots/GS/GS_Weekly_20260617_055452.png
 create mode 100644 charts/screenshots/GS/GS_Weekly_20260618_055135.png
 delete mode 100644 charts/screenshots/HON/HON_1H_20260617_063104.png
 create mode 100644 charts/screenshots/HON/HON_1H_20260618_055614.png
 delete mode 100644 charts/screenshots/HON/HON_4H_20260617_063104.png
 create mode 100644 charts/screenshots/HON/HON_4H_20260618_055614.png
 delete mode 100644 charts/screenshots/HON/HON_Daily_20260617_063104.png
 create mode 100644 charts/screenshots/HON/HON_Daily_20260618_055614.png
 delete mode 100644 charts/screenshots/HON/HON_Monthly_20260617_063104.png
 create mode 100644 charts/screenshots/HON/HON_Monthly_20260618_055614.png
 delete mode 100644 charts/screenshots/HON/HON_Weekly_20260617_063104.png
 create mode 100644 charts/screenshots/HON/HON_Weekly_20260618_055614.png
 delete mode 100644 charts/screenshots/HOOD/HOOD_1H_20260617_062143.png
 create mode 100644 charts/screenshots/HOOD/HOOD_1H_20260618_062520.png
 delete mode 100644 charts/screenshots/HOOD/HOOD_4H_20260617_062143.png
 create mode 100644 charts/screenshots/HOOD/HOOD_4H_20260618_062520.png
 delete mode 100644 charts/screenshots/HOOD/HOOD_Daily_20260617_062143.png
 create mode 100644 charts/screenshots/HOOD/HOOD_Daily_20260618_062520.png
 delete mode 100644 charts/screenshots/HOOD/HOOD_Monthly_20260617_062143.png
 create mode 100644 charts/screenshots/HOOD/HOOD_Monthly_20260618_062520.png
 delete mode 100644 charts/screenshots/HOOD/HOOD_Weekly_20260617_062143.png
 create mode 100644 charts/screenshots/HOOD/HOOD_Weekly_20260618_062520.png
 delete mode 100644 charts/screenshots/HPE/HPE_1H_20260617_055529.png
 create mode 100644 charts/screenshots/HPE/HPE_1H_20260618_055215.png
 delete mode 100644 charts/screenshots/HPE/HPE_4H_20260617_055529.png
 create mode 100644 charts/screenshots/HPE/HPE_4H_20260618_055215.png
 delete mode 100644 charts/screenshots/HPE/HPE_Daily_20260617_055529.png
 create mode 100644 charts/screenshots/HPE/HPE_Daily_20260618_055215.png
 delete mode 100644 charts/screenshots/HPE/HPE_Monthly_20260617_055529.png
 create mode 100644 charts/screenshots/HPE/HPE_Monthly_20260618_055215.png
 delete mode 100644 charts/screenshots/HPE/HPE_Weekly_20260617_055529.png
 create mode 100644 charts/screenshots/HPE/HPE_Weekly_20260618_055215.png
 delete mode 100644 charts/screenshots/IBM/IBM_1H_20260617_062106.png
 create mode 100644 charts/screenshots/IBM/IBM_1H_20260618_055932.png
 delete mode 100644 charts/screenshots/IBM/IBM_4H_20260617_062106.png
 create mode 100644 charts/screenshots/IBM/IBM_4H_20260618_055932.png
 delete mode 100644 charts/screenshots/IBM/IBM_Daily_20260617_062106.png
 create mode 100644 charts/screenshots/IBM/IBM_Daily_20260618_055932.png
 delete mode 100644 charts/screenshots/IBM/IBM_Monthly_20260617_062106.png
 create mode 100644 charts/screenshots/IBM/IBM_Monthly_20260618_055932.png
 delete mode 100644 charts/screenshots/IBM/IBM_Weekly_20260617_062106.png
 create mode 100644 charts/screenshots/IBM/IBM_Weekly_20260618_055932.png
 delete mode 100644 charts/screenshots/INTC/INTC_1H_20260617_054757.png
 create mode 100644 charts/screenshots/INTC/INTC_1H_20260618_054336.png
 delete mode 100644 charts/screenshots/INTC/INTC_4H_20260617_054757.png
 create mode 100644 charts/screenshots/INTC/INTC_4H_20260618_054336.png
 delete mode 100644 charts/screenshots/INTC/INTC_Daily_20260617_054757.png
 create mode 100644 charts/screenshots/INTC/INTC_Daily_20260618_054336.png
 delete mode 100644 charts/screenshots/INTC/INTC_Monthly_20260617_054757.png
 create mode 100644 charts/screenshots/INTC/INTC_Monthly_20260618_054336.png
 delete mode 100644 charts/screenshots/INTC/INTC_Weekly_20260617_054757.png
 create mode 100644 charts/screenshots/INTC/INTC_Weekly_20260618_054336.png
 delete mode 100644 charts/screenshots/INTU/INTU_1H_20260617_063802.png
 delete mode 100644 charts/screenshots/INTU/INTU_4H_20260617_063802.png
 delete mode 100644 charts/screenshots/INTU/INTU_Daily_20260617_063802.png
 delete mode 100644 charts/screenshots/INTU/INTU_Monthly_20260617_063802.png
 delete mode 100644 charts/screenshots/INTU/INTU_Weekly_20260617_063802.png
 delete mode 100644 charts/screenshots/IWM/IWM_1H_20260617_060840.png
 create mode 100644 charts/screenshots/IWM/IWM_1H_20260618_055734.png
 delete mode 100644 charts/screenshots/IWM/IWM_4H_20260617_060840.png
 create mode 100644 charts/screenshots/IWM/IWM_4H_20260618_055734.png
 delete mode 100644 charts/screenshots/IWM/IWM_Daily_20260617_060840.png
 create mode 100644 charts/screenshots/IWM/IWM_Daily_20260618_055734.png
 delete mode 100644 charts/screenshots/IWM/IWM_Monthly_20260617_060840.png
 create mode 100644 charts/screenshots/IWM/IWM_Monthly_20260618_055734.png
 delete mode 100644 charts/screenshots/IWM/IWM_Weekly_20260617_060840.png
 create mode 100644 charts/screenshots/IWM/IWM_Weekly_20260618_055734.png
 delete mode 100644 charts/screenshots/JNJ/JNJ_1H_20260617_062412.png
 create mode 100644 charts/screenshots/JNJ/JNJ_1H_20260618_062401.png
 delete mode 100644 charts/screenshots/JNJ/JNJ_4H_20260617_062412.png
 create mode 100644 charts/screenshots/JNJ/JNJ_4H_20260618_062401.png
 delete mode 100644 charts/screenshots/JNJ/JNJ_Daily_20260617_062412.png
 create mode 100644 charts/screenshots/JNJ/JNJ_Daily_20260618_062401.png
 delete mode 100644 charts/screenshots/JNJ/JNJ_Monthly_20260617_062412.png
 create mode 100644 charts/screenshots/JNJ/JNJ_Monthly_20260618_062401.png
 delete mode 100644 charts/screenshots/JNJ/JNJ_Weekly_20260617_062412.png
 create mode 100644 charts/screenshots/JNJ/JNJ_Weekly_20260618_062401.png
 delete mode 100644 charts/screenshots/JPM/JPM_1H_20260617_060611.png
 create mode 100644 charts/screenshots/JPM/JPM_1H_20260618_055454.png
 delete mode 100644 charts/screenshots/JPM/JPM_4H_20260617_060611.png
 create mode 100644 charts/screenshots/JPM/JPM_4H_20260618_055454.png
 delete mode 100644 charts/screenshots/JPM/JPM_Daily_20260617_060611.png
 create mode 100644 charts/screenshots/JPM/JPM_Daily_20260618_055454.png
 delete mode 100644 charts/screenshots/JPM/JPM_Monthly_20260617_060611.png
 create mode 100644 charts/screenshots/JPM/JPM_Monthly_20260618_055454.png
 delete mode 100644 charts/screenshots/JPM/JPM_Weekly_20260617_060611.png
 create mode 100644 charts/screenshots/JPM/JPM_Weekly_20260618_055454.png
 delete mode 100644 charts/screenshots/KLAC/KLAC_1H_20260617_054833.png
 create mode 100644 charts/screenshots/KLAC/KLAC_1H_20260618_054416.png
 delete mode 100644 charts/screenshots/KLAC/KLAC_4H_20260617_054833.png
 create mode 100644 charts/screenshots/KLAC/KLAC_4H_20260618_054416.png
 delete mode 100644 charts/screenshots/KLAC/KLAC_Daily_20260617_054833.png
 create mode 100644 charts/screenshots/KLAC/KLAC_Daily_20260618_054416.png
 delete mode 100644 charts/screenshots/KLAC/KLAC_Monthly_20260617_054833.png
 create mode 100644 charts/screenshots/KLAC/KLAC_Monthly_20260618_054416.png
 delete mode 100644 charts/screenshots/KLAC/KLAC_Weekly_20260617_054833.png
 create mode 100644 charts/screenshots/KLAC/KLAC_Weekly_20260618_054416.png
 delete mode 100644 charts/screenshots/KO/KO_1H_20260617_063257.png
 create mode 100644 charts/screenshots/KO/KO_1H_20260618_062923.png
 delete mode 100644 charts/screenshots/KO/KO_4H_20260617_063257.png
 create mode 100644 charts/screenshots/KO/KO_4H_20260618_062923.png
 delete mode 100644 charts/screenshots/KO/KO_Daily_20260617_063257.png
 create mode 100644 charts/screenshots/KO/KO_Daily_20260618_062923.png
 delete mode 100644 charts/screenshots/KO/KO_Monthly_20260617_063257.png
 create mode 100644 charts/screenshots/KO/KO_Monthly_20260618_062923.png
 delete mode 100644 charts/screenshots/KO/KO_Weekly_20260617_063257.png
 create mode 100644 charts/screenshots/KO/KO_Weekly_20260618_062923.png
 delete mode 100644 charts/screenshots/LIN/LIN_1H_20260617_061834.png
 create mode 100644 charts/screenshots/LIN/LIN_1H_20260618_061806.png
 delete mode 100644 charts/screenshots/LIN/LIN_4H_20260617_061834.png
 create mode 100644 charts/screenshots/LIN/LIN_4H_20260618_061806.png
 delete mode 100644 charts/screenshots/LIN/LIN_Daily_20260617_061834.png
 create mode 100644 charts/screenshots/LIN/LIN_Daily_20260618_061806.png
 delete mode 100644 charts/screenshots/LIN/LIN_Monthly_20260617_061834.png
 create mode 100644 charts/screenshots/LIN/LIN_Monthly_20260618_061806.png
 delete mode 100644 charts/screenshots/LIN/LIN_Weekly_20260617_061834.png
 create mode 100644 charts/screenshots/LIN/LIN_Weekly_20260618_061806.png
 delete mode 100644 charts/screenshots/LLY/LLY_1H_20260617_061225.png
 create mode 100644 charts/screenshots/LLY/LLY_1H_20260618_061010.png
 delete mode 100644 charts/screenshots/LLY/LLY_4H_20260617_061225.png
 create mode 100644 charts/screenshots/LLY/LLY_4H_20260618_061010.png
 delete mode 100644 charts/screenshots/LLY/LLY_Daily_20260617_061225.png
 create mode 100644 charts/screenshots/LLY/LLY_Daily_20260618_061010.png
 delete mode 100644 charts/screenshots/LLY/LLY_Monthly_20260617_061225.png
 create mode 100644 charts/screenshots/LLY/LLY_Monthly_20260618_061010.png
 delete mode 100644 charts/screenshots/LLY/LLY_Weekly_20260617_061225.png
 create mode 100644 charts/screenshots/LLY/LLY_Weekly_20260618_061010.png
 delete mode 100644 charts/screenshots/LRCX/LRCX_1H_20260617_055607.png
 create mode 100644 charts/screenshots/LRCX/LRCX_1H_20260618_055255.png
 delete mode 100644 charts/screenshots/LRCX/LRCX_4H_20260617_055607.png
 create mode 100644 charts/screenshots/LRCX/LRCX_4H_20260618_055255.png
 delete mode 100644 charts/screenshots/LRCX/LRCX_Daily_20260617_055607.png
 create mode 100644 charts/screenshots/LRCX/LRCX_Daily_20260618_055255.png
 delete mode 100644 charts/screenshots/LRCX/LRCX_Monthly_20260617_055607.png
 create mode 100644 charts/screenshots/LRCX/LRCX_Monthly_20260618_055255.png
 delete mode 100644 charts/screenshots/LRCX/LRCX_Weekly_20260617_055607.png
 create mode 100644 charts/screenshots/LRCX/LRCX_Weekly_20260618_055255.png
 delete mode 100644 charts/screenshots/MCHP/MCHP_1H_20260617_055952.png
 create mode 100644 charts/screenshots/MCHP/MCHP_1H_20260618_062242.png
 delete mode 100644 charts/screenshots/MCHP/MCHP_4H_20260617_055952.png
 create mode 100644 charts/screenshots/MCHP/MCHP_4H_20260618_062242.png
 delete mode 100644 charts/screenshots/MCHP/MCHP_Daily_20260617_055952.png
 create mode 100644 charts/screenshots/MCHP/MCHP_Daily_20260618_062242.png
 delete mode 100644 charts/screenshots/MCHP/MCHP_Monthly_20260617_055952.png
 create mode 100644 charts/screenshots/MCHP/MCHP_Monthly_20260618_062242.png
 delete mode 100644 charts/screenshots/MCHP/MCHP_Weekly_20260617_055952.png
 create mode 100644 charts/screenshots/MCHP/MCHP_Weekly_20260618_062242.png
 delete mode 100644 charts/screenshots/MPWR/MPWR_1H_20260617_055915.png
 create mode 100644 charts/screenshots/MPWR/MPWR_1H_20260618_061845.png
 delete mode 100644 charts/screenshots/MPWR/MPWR_4H_20260617_055915.png
 create mode 100644 charts/screenshots/MPWR/MPWR_4H_20260618_061845.png
 delete mode 100644 charts/screenshots/MPWR/MPWR_Daily_20260617_055915.png
 create mode 100644 charts/screenshots/MPWR/MPWR_Daily_20260618_061845.png
 delete mode 100644 charts/screenshots/MPWR/MPWR_Monthly_20260617_055915.png
 create mode 100644 charts/screenshots/MPWR/MPWR_Monthly_20260618_061845.png
 delete mode 100644 charts/screenshots/MPWR/MPWR_Weekly_20260617_055915.png
 create mode 100644 charts/screenshots/MPWR/MPWR_Weekly_20260618_061845.png
 delete mode 100644 charts/screenshots/MRK/MRK_1H_20260617_061950.png
 create mode 100644 charts/screenshots/MRK/MRK_1H_20260618_061646.png
 delete mode 100644 charts/screenshots/MRK/MRK_4H_20260617_061950.png
 create mode 100644 charts/screenshots/MRK/MRK_4H_20260618_061646.png
 delete mode 100644 charts/screenshots/MRK/MRK_Daily_20260617_061950.png
 create mode 100644 charts/screenshots/MRK/MRK_Daily_20260618_061646.png
 delete mode 100644 charts/screenshots/MRK/MRK_Monthly_20260617_061950.png
 create mode 100644 charts/screenshots/MRK/MRK_Monthly_20260618_061646.png
 delete mode 100644 charts/screenshots/MRK/MRK_Weekly_20260617_061950.png
 create mode 100644 charts/screenshots/MRK/MRK_Weekly_20260618_061646.png
 delete mode 100644 charts/screenshots/MRVL/MRVL_1H_20260617_054948.png
 create mode 100644 charts/screenshots/MRVL/MRVL_1H_20260618_054457.png
 delete mode 100644 charts/screenshots/MRVL/MRVL_4H_20260617_054948.png
 create mode 100644 charts/screenshots/MRVL/MRVL_4H_20260618_054457.png
 delete mode 100644 charts/screenshots/MRVL/MRVL_Daily_20260617_054948.png
 create mode 100644 charts/screenshots/MRVL/MRVL_Daily_20260618_054457.png
 delete mode 100644 charts/screenshots/MRVL/MRVL_Monthly_20260617_054948.png
 create mode 100644 charts/screenshots/MRVL/MRVL_Monthly_20260618_054457.png
 delete mode 100644 charts/screenshots/MRVL/MRVL_Weekly_20260617_054948.png
 create mode 100644 charts/screenshots/MRVL/MRVL_Weekly_20260618_054457.png
 delete mode 100644 charts/screenshots/MS/MS_1H_20260617_055644.png
 create mode 100644 charts/screenshots/MS/MS_1H_20260618_055534.png
 delete mode 100644 charts/screenshots/MS/MS_4H_20260617_055644.png
 create mode 100644 charts/screenshots/MS/MS_4H_20260618_055534.png
 delete mode 100644 charts/screenshots/MS/MS_Daily_20260617_055644.png
 create mode 100644 charts/screenshots/MS/MS_Daily_20260618_055534.png
 delete mode 100644 charts/screenshots/MS/MS_Monthly_20260617_055644.png
 create mode 100644 charts/screenshots/MS/MS_Monthly_20260618_055534.png
 delete mode 100644 charts/screenshots/MS/MS_Weekly_20260617_055644.png
 create mode 100644 charts/screenshots/MS/MS_Weekly_20260618_055534.png
 delete mode 100644 charts/screenshots/MSFT/MSFT_1H_20260617_063530.png
 delete mode 100644 charts/screenshots/MSFT/MSFT_4H_20260617_063530.png
 delete mode 100644 charts/screenshots/MSFT/MSFT_Daily_20260617_063530.png
 delete mode 100644 charts/screenshots/MSFT/MSFT_Monthly_20260617_063530.png
 delete mode 100644 charts/screenshots/MSFT/MSFT_Weekly_20260617_063530.png
 delete mode 100644 charts/screenshots/MU/MU_1H_20260617_060300.png
 create mode 100644 charts/screenshots/MU/MU_1H_20260618_060132.png
 delete mode 100644 charts/screenshots/MU/MU_4H_20260617_060300.png
 create mode 100644 charts/screenshots/MU/MU_4H_20260618_060132.png
 delete mode 100644 charts/screenshots/MU/MU_Daily_20260617_060300.png
 create mode 100644 charts/screenshots/MU/MU_Daily_20260618_060132.png
 delete mode 100644 charts/screenshots/MU/MU_Monthly_20260617_060300.png
 create mode 100644 charts/screenshots/MU/MU_Monthly_20260618_060132.png
 delete mode 100644 charts/screenshots/MU/MU_Weekly_20260617_060300.png
 create mode 100644 charts/screenshots/MU/MU_Weekly_20260618_060132.png
 delete mode 100644 charts/screenshots/NBM.V/NBM.V_1H_20260617_063840.png
 create mode 100644 charts/screenshots/NBM.V/NBM.V_1H_20260618_063441.png
 delete mode 100644 charts/screenshots/NBM.V/NBM.V_4H_20260617_063840.png
 create mode 100644 charts/screenshots/NBM.V/NBM.V_4H_20260618_063441.png
 delete mode 100644 charts/screenshots/NBM.V/NBM.V_Daily_20260617_063840.png
 create mode 100644 charts/screenshots/NBM.V/NBM.V_Daily_20260618_063441.png
 delete mode 100644 charts/screenshots/NBM.V/NBM.V_Monthly_20260617_063840.png
 create mode 100644 charts/screenshots/NBM.V/NBM.V_Monthly_20260618_063441.png
 delete mode 100644 charts/screenshots/NBM.V/NBM.V_Weekly_20260617_063840.png
 create mode 100644 charts/screenshots/NBM.V/NBM.V_Weekly_20260618_063441.png
 delete mode 100644 charts/screenshots/NFLX/NFLX_1H_20260617_063608.png
 create mode 100644 charts/screenshots/NFLX/NFLX_1H_20260618_063322.png
 delete mode 100644 charts/screenshots/NFLX/NFLX_4H_20260617_063608.png
 create mode 100644 charts/screenshots/NFLX/NFLX_4H_20260618_063322.png
 delete mode 100644 charts/screenshots/NFLX/NFLX_Daily_20260617_063608.png
 create mode 100644 charts/screenshots/NFLX/NFLX_Daily_20260618_063322.png
 delete mode 100644 charts/screenshots/NFLX/NFLX_Monthly_20260617_063608.png
 create mode 100644 charts/screenshots/NFLX/NFLX_Monthly_20260618_063322.png
 delete mode 100644 charts/screenshots/NFLX/NFLX_Weekly_20260617_063608.png
 create mode 100644 charts/screenshots/NFLX/NFLX_Weekly_20260618_063322.png
 delete mode 100644 charts/screenshots/NVDA/NVDA_1H_20260617_063335.png
 create mode 100644 charts/screenshots/NVDA/NVDA_1H_20260618_063202.png
 delete mode 100644 charts/screenshots/NVDA/NVDA_4H_20260617_063335.png
 create mode 100644 charts/screenshots/NVDA/NVDA_4H_20260618_063202.png
 delete mode 100644 charts/screenshots/NVDA/NVDA_Daily_20260617_063335.png
 create mode 100644 charts/screenshots/NVDA/NVDA_Daily_20260618_063202.png
 delete mode 100644 charts/screenshots/NVDA/NVDA_Monthly_20260617_063335.png
 create mode 100644 charts/screenshots/NVDA/NVDA_Monthly_20260618_063202.png
 delete mode 100644 charts/screenshots/NVDA/NVDA_Weekly_20260617_063335.png
 create mode 100644 charts/screenshots/NVDA/NVDA_Weekly_20260618_063202.png
 delete mode 100644 charts/screenshots/NXPI/NXPI_1H_20260617_061606.png
 create mode 100644 charts/screenshots/NXPI/NXPI_1H_20260618_061408.png
 delete mode 100644 charts/screenshots/NXPI/NXPI_4H_20260617_061606.png
 create mode 100644 charts/screenshots/NXPI/NXPI_4H_20260618_061408.png
 delete mode 100644 charts/screenshots/NXPI/NXPI_Daily_20260617_061606.png
 create mode 100644 charts/screenshots/NXPI/NXPI_Daily_20260618_061408.png
 delete mode 100644 charts/screenshots/NXPI/NXPI_Monthly_20260617_061606.png
 create mode 100644 charts/screenshots/NXPI/NXPI_Monthly_20260618_061408.png
 delete mode 100644 charts/screenshots/NXPI/NXPI_Weekly_20260617_061606.png
 create mode 100644 charts/screenshots/NXPI/NXPI_Weekly_20260618_061408.png
 delete mode 100644 charts/screenshots/ON/ON_1H_20260617_060337.png
 create mode 100644 charts/screenshots/ON/ON_1H_20260618_055813.png
 delete mode 100644 charts/screenshots/ON/ON_4H_20260617_060337.png
 create mode 100644 charts/screenshots/ON/ON_4H_20260618_055813.png
 delete mode 100644 charts/screenshots/ON/ON_Daily_20260617_060337.png
 create mode 100644 charts/screenshots/ON/ON_Daily_20260618_055813.png
 delete mode 100644 charts/screenshots/ON/ON_Monthly_20260617_060337.png
 create mode 100644 charts/screenshots/ON/ON_Monthly_20260618_055813.png
 delete mode 100644 charts/screenshots/ON/ON_Weekly_20260617_060337.png
 create mode 100644 charts/screenshots/ON/ON_Weekly_20260618_055813.png
 delete mode 100644 charts/screenshots/ORCL/ORCL_1H_20260617_060918.png
 create mode 100644 charts/screenshots/ORCL/ORCL_1H_20260618_060729.png
 delete mode 100644 charts/screenshots/ORCL/ORCL_4H_20260617_060918.png
 create mode 100644 charts/screenshots/ORCL/ORCL_4H_20260618_060729.png
 delete mode 100644 charts/screenshots/ORCL/ORCL_Daily_20260617_060918.png
 create mode 100644 charts/screenshots/ORCL/ORCL_Daily_20260618_060729.png
 delete mode 100644 charts/screenshots/ORCL/ORCL_Monthly_20260617_060918.png
 create mode 100644 charts/screenshots/ORCL/ORCL_Monthly_20260618_060729.png
 delete mode 100644 charts/screenshots/ORCL/ORCL_Weekly_20260617_060918.png
 create mode 100644 charts/screenshots/ORCL/ORCL_Weekly_20260618_060729.png
 delete mode 100644 charts/screenshots/PANW/PANW_1H_20260617_055720.png
 create mode 100644 charts/screenshots/PANW/PANW_1H_20260618_055334.png
 delete mode 100644 charts/screenshots/PANW/PANW_4H_20260617_055720.png
 create mode 100644 charts/screenshots/PANW/PANW_4H_20260618_055334.png
 delete mode 100644 charts/screenshots/PANW/PANW_Daily_20260617_055720.png
 create mode 100644 charts/screenshots/PANW/PANW_Daily_20260618_055334.png
 delete mode 100644 charts/screenshots/PANW/PANW_Monthly_20260617_055720.png
 create mode 100644 charts/screenshots/PANW/PANW_Monthly_20260618_055334.png
 delete mode 100644 charts/screenshots/PANW/PANW_Weekly_20260617_055720.png
 create mode 100644 charts/screenshots/PANW/PANW_Weekly_20260618_055334.png
 delete mode 100644 charts/screenshots/PFE/PFE_1H_20260617_062758.png
 delete mode 100644 charts/screenshots/PFE/PFE_4H_20260617_062758.png
 delete mode 100644 charts/screenshots/PFE/PFE_Daily_20260617_062758.png
 delete mode 100644 charts/screenshots/PFE/PFE_Monthly_20260617_062758.png
 delete mode 100644 charts/screenshots/PFE/PFE_Weekly_20260617_062758.png
 create mode 100644 charts/screenshots/PG/PG_1H_20260618_063002.png
 create mode 100644 charts/screenshots/PG/PG_4H_20260618_063002.png
 create mode 100644 charts/screenshots/PG/PG_Daily_20260618_063002.png
 create mode 100644 charts/screenshots/PG/PG_Monthly_20260618_063002.png
 create mode 100644 charts/screenshots/PG/PG_Weekly_20260618_063002.png
 delete mode 100644 charts/screenshots/PM/PM_1H_20260617_061453.png
 create mode 100644 charts/screenshots/PM/PM_1H_20260618_062723.png
 delete mode 100644 charts/screenshots/PM/PM_4H_20260617_061453.png
 create mode 100644 charts/screenshots/PM/PM_4H_20260618_062723.png
 delete mode 100644 charts/screenshots/PM/PM_Daily_20260617_061453.png
 create mode 100644 charts/screenshots/PM/PM_Daily_20260618_062723.png
 delete mode 100644 charts/screenshots/PM/PM_Monthly_20260617_061453.png
 create mode 100644 charts/screenshots/PM/PM_Monthly_20260618_062723.png
 delete mode 100644 charts/screenshots/PM/PM_Weekly_20260617_061453.png
 create mode 100644 charts/screenshots/PM/PM_Weekly_20260618_062723.png
 delete mode 100644 charts/screenshots/PWR/PWR_1H_20260617_062256.png
 delete mode 100644 charts/screenshots/PWR/PWR_4H_20260617_062256.png
 delete mode 100644 charts/screenshots/PWR/PWR_Daily_20260617_062256.png
 delete mode 100644 charts/screenshots/PWR/PWR_Monthly_20260617_062256.png
 delete mode 100644 charts/screenshots/PWR/PWR_Weekly_20260617_062256.png
 delete mode 100644 charts/screenshots/QCOM/QCOM_1H_20260617_060030.png
 create mode 100644 charts/screenshots/QCOM/QCOM_1H_20260618_060849.png
 delete mode 100644 charts/screenshots/QCOM/QCOM_4H_20260617_060030.png
 create mode 100644 charts/screenshots/QCOM/QCOM_4H_20260618_060849.png
 delete mode 100644 charts/screenshots/QCOM/QCOM_Daily_20260617_060030.png
 create mode 100644 charts/screenshots/QCOM/QCOM_Daily_20260618_060849.png
 delete mode 100644 charts/screenshots/QCOM/QCOM_Monthly_20260617_060030.png
 create mode 100644 charts/screenshots/QCOM/QCOM_Monthly_20260618_060849.png
 delete mode 100644 charts/screenshots/QCOM/QCOM_Weekly_20260617_060030.png
 create mode 100644 charts/screenshots/QCOM/QCOM_Weekly_20260618_060849.png
 delete mode 100644 charts/screenshots/QQQ/QQQ_1H_20260617_061302.png
 create mode 100644 charts/screenshots/QQQ/QQQ_1H_20260618_061128.png
 delete mode 100644 charts/screenshots/QQQ/QQQ_4H_20260617_061302.png
 create mode 100644 charts/screenshots/QQQ/QQQ_4H_20260618_061128.png
 delete mode 100644 charts/screenshots/QQQ/QQQ_Daily_20260617_061302.png
 create mode 100644 charts/screenshots/QQQ/QQQ_Daily_20260618_061128.png
 delete mode 100644 charts/screenshots/QQQ/QQQ_Monthly_20260617_061302.png
 create mode 100644 charts/screenshots/QQQ/QQQ_Monthly_20260618_061128.png
 delete mode 100644 charts/screenshots/QQQ/QQQ_Weekly_20260617_061302.png
 create mode 100644 charts/screenshots/QQQ/QQQ_Weekly_20260618_061128.png
 delete mode 100644 charts/screenshots/RCL/RCL_1H_20260617_062219.png
 create mode 100644 charts/screenshots/RCL/RCL_1H_20260618_061049.png
 delete mode 100644 charts/screenshots/RCL/RCL_4H_20260617_062219.png
 create mode 100644 charts/screenshots/RCL/RCL_4H_20260618_061049.png
 delete mode 100644 charts/screenshots/RCL/RCL_Daily_20260617_062219.png
 create mode 100644 charts/screenshots/RCL/RCL_Daily_20260618_061049.png
 delete mode 100644 charts/screenshots/RCL/RCL_Monthly_20260617_062219.png
 create mode 100644 charts/screenshots/RCL/RCL_Monthly_20260618_061049.png
 delete mode 100644 charts/screenshots/RCL/RCL_Weekly_20260617_062219.png
 create mode 100644 charts/screenshots/RCL/RCL_Weekly_20260618_061049.png
 delete mode 100644 charts/screenshots/ROST/ROST_1H_20260617_060416.png
 create mode 100644 charts/screenshots/ROST/ROST_1H_20260618_060212.png
 delete mode 100644 charts/screenshots/ROST/ROST_4H_20260617_060416.png
 create mode 100644 charts/screenshots/ROST/ROST_4H_20260618_060212.png
 delete mode 100644 charts/screenshots/ROST/ROST_Daily_20260617_060416.png
 create mode 100644 charts/screenshots/ROST/ROST_Daily_20260618_060212.png
 delete mode 100644 charts/screenshots/ROST/ROST_Monthly_20260617_060416.png
 create mode 100644 charts/screenshots/ROST/ROST_Monthly_20260618_060212.png
 delete mode 100644 charts/screenshots/ROST/ROST_Weekly_20260617_060416.png
 create mode 100644 charts/screenshots/ROST/ROST_Weekly_20260618_060212.png
 create mode 100644 charts/screenshots/RTX/RTX_1H_20260618_061248.png
 create mode 100644 charts/screenshots/RTX/RTX_4H_20260618_061248.png
 create mode 100644 charts/screenshots/RTX/RTX_Daily_20260618_061248.png
 create mode 100644 charts/screenshots/RTX/RTX_Monthly_20260618_061248.png
 create mode 100644 charts/screenshots/RTX/RTX_Weekly_20260618_061248.png
 delete mode 100644 charts/screenshots/SBUX/SBUX_1H_20260617_062641.png
 create mode 100644 charts/screenshots/SBUX/SBUX_1H_20260618_060809.png
 delete mode 100644 charts/screenshots/SBUX/SBUX_4H_20260617_062641.png
 create mode 100644 charts/screenshots/SBUX/SBUX_4H_20260618_060809.png
 delete mode 100644 charts/screenshots/SBUX/SBUX_Daily_20260617_062641.png
 create mode 100644 charts/screenshots/SBUX/SBUX_Daily_20260618_060809.png
 delete mode 100644 charts/screenshots/SBUX/SBUX_Monthly_20260617_062641.png
 create mode 100644 charts/screenshots/SBUX/SBUX_Monthly_20260618_060809.png
 delete mode 100644 charts/screenshots/SBUX/SBUX_Weekly_20260617_062641.png
 create mode 100644 charts/screenshots/SBUX/SBUX_Weekly_20260618_060809.png
 create mode 100644 charts/screenshots/SLB/SLB_1H_20260618_062321.png
 create mode 100644 charts/screenshots/SLB/SLB_4H_20260618_062321.png
 create mode 100644 charts/screenshots/SLB/SLB_Daily_20260618_062321.png
 create mode 100644 charts/screenshots/SLB/SLB_Monthly_20260618_062321.png
 create mode 100644 charts/screenshots/SLB/SLB_Weekly_20260618_062321.png
 delete mode 100644 charts/screenshots/SMCI/SMCI_1H_20260617_062720.png
 create mode 100644 charts/screenshots/SMCI/SMCI_1H_20260618_062643.png
 delete mode 100644 charts/screenshots/SMCI/SMCI_4H_20260617_062720.png
 create mode 100644 charts/screenshots/SMCI/SMCI_4H_20260618_062643.png
 delete mode 100644 charts/screenshots/SMCI/SMCI_Daily_20260617_062720.png
 create mode 100644 charts/screenshots/SMCI/SMCI_Daily_20260618_062643.png
 delete mode 100644 charts/screenshots/SMCI/SMCI_Monthly_20260617_062720.png
 create mode 100644 charts/screenshots/SMCI/SMCI_Monthly_20260618_062643.png
 delete mode 100644 charts/screenshots/SMCI/SMCI_Weekly_20260617_062720.png
 create mode 100644 charts/screenshots/SMCI/SMCI_Weekly_20260618_062643.png
 delete mode 100644 charts/screenshots/SNPS/SNPS_1H_20260617_063413.png
 create mode 100644 charts/screenshots/SNPS/SNPS_1H_20260618_063122.png
 delete mode 100644 charts/screenshots/SNPS/SNPS_4H_20260617_063413.png
 create mode 100644 charts/screenshots/SNPS/SNPS_4H_20260618_063122.png
 delete mode 100644 charts/screenshots/SNPS/SNPS_Daily_20260617_063413.png
 create mode 100644 charts/screenshots/SNPS/SNPS_Daily_20260618_063122.png
 delete mode 100644 charts/screenshots/SNPS/SNPS_Monthly_20260617_063413.png
 create mode 100644 charts/screenshots/SNPS/SNPS_Monthly_20260618_063122.png
 delete mode 100644 charts/screenshots/SNPS/SNPS_Weekly_20260617_063413.png
 create mode 100644 charts/screenshots/SNPS/SNPS_Weekly_20260618_063122.png
 delete mode 100644 charts/screenshots/SPY/SPY_1H_20260617_061339.png
 create mode 100644 charts/screenshots/SPY/SPY_1H_20260618_061924.png
 delete mode 100644 charts/screenshots/SPY/SPY_4H_20260617_061339.png
 create mode 100644 charts/screenshots/SPY/SPY_4H_20260618_061924.png
 delete mode 100644 charts/screenshots/SPY/SPY_Daily_20260617_061339.png
 create mode 100644 charts/screenshots/SPY/SPY_Daily_20260618_061924.png
 delete mode 100644 charts/screenshots/SPY/SPY_Monthly_20260617_061339.png
 create mode 100644 charts/screenshots/SPY/SPY_Monthly_20260618_061924.png
 delete mode 100644 charts/screenshots/SPY/SPY_Weekly_20260617_061339.png
 create mode 100644 charts/screenshots/SPY/SPY_Weekly_20260618_061924.png
 delete mode 100644 charts/screenshots/STX/STX_1H_20260617_060650.png
 create mode 100644 charts/screenshots/STX/STX_1H_20260618_060410.png
 delete mode 100644 charts/screenshots/STX/STX_4H_20260617_060650.png
 create mode 100644 charts/screenshots/STX/STX_4H_20260618_060410.png
 delete mode 100644 charts/screenshots/STX/STX_Daily_20260617_060650.png
 create mode 100644 charts/screenshots/STX/STX_Daily_20260618_060410.png
 delete mode 100644 charts/screenshots/STX/STX_Monthly_20260617_060650.png
 create mode 100644 charts/screenshots/STX/STX_Monthly_20260618_060410.png
 delete mode 100644 charts/screenshots/STX/STX_Weekly_20260617_060650.png
 create mode 100644 charts/screenshots/STX/STX_Weekly_20260618_060410.png
 delete mode 100644 charts/screenshots/T/T_1H_20260617_063646.png
 delete mode 100644 charts/screenshots/T/T_4H_20260617_063646.png
 delete mode 100644 charts/screenshots/T/T_Daily_20260617_063646.png
 delete mode 100644 charts/screenshots/T/T_Monthly_20260617_063646.png
 delete mode 100644 charts/screenshots/T/T_Weekly_20260617_063646.png
 delete mode 100644 charts/screenshots/TER/TER_1H_20260617_060454.png
 create mode 100644 charts/screenshots/TER/TER_1H_20260618_060251.png
 delete mode 100644 charts/screenshots/TER/TER_4H_20260617_060454.png
 create mode 100644 charts/screenshots/TER/TER_4H_20260618_060251.png
 delete mode 100644 charts/screenshots/TER/TER_Daily_20260617_060454.png
 create mode 100644 charts/screenshots/TER/TER_Daily_20260618_060251.png
 delete mode 100644 charts/screenshots/TER/TER_Monthly_20260617_060454.png
 create mode 100644 charts/screenshots/TER/TER_Monthly_20260618_060251.png
 delete mode 100644 charts/screenshots/TER/TER_Weekly_20260617_060454.png
 create mode 100644 charts/screenshots/TER/TER_Weekly_20260618_060251.png
 delete mode 100644 charts/screenshots/TJX/TJX_1H_20260617_055758.png
 create mode 100644 charts/screenshots/TJX/TJX_1H_20260618_054536.png
 delete mode 100644 charts/screenshots/TJX/TJX_4H_20260617_055758.png
 create mode 100644 charts/screenshots/TJX/TJX_4H_20260618_054536.png
 delete mode 100644 charts/screenshots/TJX/TJX_Daily_20260617_055758.png
 create mode 100644 charts/screenshots/TJX/TJX_Daily_20260618_054536.png
 delete mode 100644 charts/screenshots/TJX/TJX_Monthly_20260617_055758.png
 create mode 100644 charts/screenshots/TJX/TJX_Monthly_20260618_054536.png
 delete mode 100644 charts/screenshots/TJX/TJX_Weekly_20260617_055758.png
 create mode 100644 charts/screenshots/TJX/TJX_Weekly_20260618_054536.png
 delete mode 100644 charts/screenshots/TXN/TXN_1H_20260617_061912.png
 create mode 100644 charts/screenshots/TXN/TXN_1H_20260618_061606.png
 delete mode 100644 charts/screenshots/TXN/TXN_4H_20260617_061912.png
 create mode 100644 charts/screenshots/TXN/TXN_4H_20260618_061606.png
 delete mode 100644 charts/screenshots/TXN/TXN_Daily_20260617_061912.png
 create mode 100644 charts/screenshots/TXN/TXN_Daily_20260618_061606.png
 delete mode 100644 charts/screenshots/TXN/TXN_Monthly_20260617_061912.png
 create mode 100644 charts/screenshots/TXN/TXN_Monthly_20260618_061606.png
 delete mode 100644 charts/screenshots/TXN/TXN_Weekly_20260617_061912.png
 create mode 100644 charts/screenshots/TXN/TXN_Weekly_20260618_061606.png
 delete mode 100644 charts/screenshots/UNH/UNH_1H_20260617_055104.png
 create mode 100644 charts/screenshots/UNH/UNH_1H_20260618_054216.png
 delete mode 100644 charts/screenshots/UNH/UNH_4H_20260617_055104.png
 create mode 100644 charts/screenshots/UNH/UNH_4H_20260618_054216.png
 delete mode 100644 charts/screenshots/UNH/UNH_Daily_20260617_055104.png
 create mode 100644 charts/screenshots/UNH/UNH_Daily_20260618_054216.png
 delete mode 100644 charts/screenshots/UNH/UNH_Monthly_20260617_055104.png
 create mode 100644 charts/screenshots/UNH/UNH_Monthly_20260618_054216.png
 delete mode 100644 charts/screenshots/UNH/UNH_Weekly_20260617_055104.png
 create mode 100644 charts/screenshots/UNH/UNH_Weekly_20260618_054216.png
 delete mode 100644 charts/screenshots/UNP/UNP_1H_20260617_062836.png
 delete mode 100644 charts/screenshots/UNP/UNP_4H_20260617_062836.png
 delete mode 100644 charts/screenshots/UNP/UNP_Daily_20260617_062836.png
 delete mode 100644 charts/screenshots/UNP/UNP_Monthly_20260617_062836.png
 delete mode 100644 charts/screenshots/UNP/UNP_Weekly_20260617_062836.png
 delete mode 100644 charts/screenshots/V/V_1H_20260617_062949.png
 create mode 100644 charts/screenshots/V/V_1H_20260618_062803.png
 delete mode 100644 charts/screenshots/V/V_4H_20260617_062949.png
 create mode 100644 charts/screenshots/V/V_4H_20260618_062803.png
 delete mode 100644 charts/screenshots/V/V_Daily_20260617_062949.png
 create mode 100644 charts/screenshots/V/V_Daily_20260618_062803.png
 delete mode 100644 charts/screenshots/V/V_Monthly_20260617_062949.png
 create mode 100644 charts/screenshots/V/V_Monthly_20260618_062803.png
 delete mode 100644 charts/screenshots/V/V_Weekly_20260617_062949.png
 create mode 100644 charts/screenshots/V/V_Weekly_20260618_062803.png
 delete mode 100644 charts/screenshots/WDC/WDC_1H_20260617_060728.png
 create mode 100644 charts/screenshots/WDC/WDC_1H_20260618_061329.png
 delete mode 100644 charts/screenshots/WDC/WDC_4H_20260617_060728.png
 create mode 100644 charts/screenshots/WDC/WDC_4H_20260618_061329.png
 delete mode 100644 charts/screenshots/WDC/WDC_Daily_20260617_060728.png
 create mode 100644 charts/screenshots/WDC/WDC_Daily_20260618_061329.png
 delete mode 100644 charts/screenshots/WDC/WDC_Monthly_20260617_060728.png
 create mode 100644 charts/screenshots/WDC/WDC_Monthly_20260618_061329.png
 delete mode 100644 charts/screenshots/WDC/WDC_Weekly_20260617_060728.png
 create mode 100644 charts/screenshots/WDC/WDC_Weekly_20260618_061329.png
 delete mode 100644 charts/screenshots/WELL/WELL_1H_20260617_061642.png
 create mode 100644 charts/screenshots/WELL/WELL_1H_20260618_062123.png
 delete mode 100644 charts/screenshots/WELL/WELL_4H_20260617_061642.png
 create mode 100644 charts/screenshots/WELL/WELL_4H_20260618_062123.png
 delete mode 100644 charts/screenshots/WELL/WELL_Daily_20260617_061642.png
 create mode 100644 charts/screenshots/WELL/WELL_Daily_20260618_062123.png
 delete mode 100644 charts/screenshots/WELL/WELL_Monthly_20260617_061642.png
 create mode 100644 charts/screenshots/WELL/WELL_Monthly_20260618_062123.png
 delete mode 100644 charts/screenshots/WELL/WELL_Weekly_20260617_061642.png
 create mode 100644 charts/screenshots/WELL/WELL_Weekly_20260618_062123.png
 delete mode 100644 charts/screenshots/WFC/WFC_1H_20260617_062525.png
 create mode 100644 charts/screenshots/WFC/WFC_1H_20260618_060610.png
 delete mode 100644 charts/screenshots/WFC/WFC_4H_20260617_062525.png
 create mode 100644 charts/screenshots/WFC/WFC_4H_20260618_060610.png
 delete mode 100644 charts/screenshots/WFC/WFC_Daily_20260617_062525.png
 create mode 100644 charts/screenshots/WFC/WFC_Daily_20260618_060610.png
 delete mode 100644 charts/screenshots/WFC/WFC_Monthly_20260617_062525.png
 create mode 100644 charts/screenshots/WFC/WFC_Monthly_20260618_060610.png
 delete mode 100644 charts/screenshots/WFC/WFC_Weekly_20260617_062525.png
 create mode 100644 charts/screenshots/WFC/WFC_Weekly_20260618_060610.png
[[SP500 차트분석]] GitHub 푸시 완료
[[SP500 차트분석]] Google Sheets 업데이트 완료
[Paper Trading] SP500 ranked_df 스냅샷 저장 완료 (129개 종목)

[요약] 파이프라인 완료 – 총 4271.6초 (71.19분) 소요
