============================================================
[Unified Paper Trading] SP500 + NASDAQ/NYSE 통합 실행 시작
============================================================
2026-09-17 08:07:20,781 [INFO] paper_trading.runner — [Runner] SP500 snapshot 로드: 128개 종목
[Unified PT] SP500 snapshot 로드: 128개 종목
2026-09-17 08:07:20,787 [INFO] paper_trading.runner — [Runner] NASDAQ snapshot 로드: 221개 종목
[Unified PT] NASDAQ snapshot 로드: 221개 종목
[Unified PT] 합산 완료: 338개 종목 (SP500 128 + NASDAQ 221개, 중복 제거 후)
[Unified PT] 골든크로스임박 종목: 34개
2026-09-17 08:07:21,648 [INFO] paper_trading.candidate_selector — [전략점수 분포] ~4.0: 122 | 4.0~5.0: 32 | 5.0~5.5: 34 | 5.5~6.0: 34 | 6.0+: 116
2026-09-17 08:07:21,656 [INFO] paper_trading.engine — [PaperTrading] 오늘 매수 후보 없음
[Unified PT] 매도=0 매수=0 보유=3종목
[Unified PT] 레짐=neutral | 필터={'전략점수<6.0': 222, '바닥반등_52주과열': 3, '판단등급_미달': 105, '과열_차단': 6, '유동성_부족': 0, '어닝_임박': 0, '보유_중복': 0, '모멘텀_ADX부족': 1, '바닥_RSI데드존': 1, '섹터_집중': 0, '_통과': 0, '_전체': 338}
[Unified PT] 스킵 사유: 후보_없음
2026-09-17 08:07:23,313 [INFO] paper_trading.sheet_sync — [SheetSync] 포지션현황 업데이트: 3개 종목
2026-09-17 08:07:24,589 [INFO] paper_trading.sheet_sync — [SheetSync] 성과요약 업데이트: 46건 거래
[Unified PT] 구글 시트 동기화 완료
[시장분석] 35개 종목 데이터 수집 중...
2026-09-17 08:07:31,048 [WARNING] data.fetch — [fetch_analyst_data] FIG: 'dict' object has no attribute 'empty'
2026-09-17 08:07:31,093 [WARNING] data.fetch — [fetch_analyst_data] ADBE: 'dict' object has no attribute 'empty'
2026-09-17 08:07:31,103 [WARNING] data.fetch — [fetch_analyst_data] SPGI: 'dict' object has no attribute 'empty'
2026-09-17 08:07:31,129 [WARNING] data.fetch — [fetch_analyst_data] DIS: 'dict' object has no attribute 'empty'
2026-09-17 08:07:31,168 [WARNING] data.fetch — [fetch_analyst_data] PG: 'dict' object has no attribute 'empty'
2026-09-17 08:07:37,402 [WARNING] data.fetch — [fetch_analyst_data] MNDY: 'dict' object has no attribute 'empty'
2026-09-17 08:07:37,473 [WARNING] data.fetch — [fetch_analyst_data] UBER: 'dict' object has no attribute 'empty'
2026-09-17 08:07:37,498 [WARNING] data.fetch — [fetch_analyst_data] WIX: 'dict' object has no attribute 'empty'
2026-09-17 08:07:37,504 [WARNING] data.fetch — [fetch_analyst_data] MMYT: 'dict' object has no attribute 'empty'
2026-09-17 08:07:37,512 [WARNING] data.fetch — [fetch_analyst_data] MELI: 'dict' object has no attribute 'empty'
2026-09-17 08:07:43,785 [WARNING] data.fetch — [fetch_analyst_data] DHR: 'dict' object has no attribute 'empty'
2026-09-17 08:07:43,825 [WARNING] data.fetch — [fetch_analyst_data] META: 'dict' object has no attribute 'empty'
2026-09-17 08:07:43,911 [WARNING] data.fetch — [fetch_analyst_data] COUR: 'dict' object has no attribute 'empty'
2026-09-17 08:07:43,918 [WARNING] data.fetch — [fetch_analyst_data] BMNR: 'dict' object has no attribute 'empty'
2026-09-17 08:07:44,040 [WARNING] data.fetch — [fetch_analyst_data] ABT: 'dict' object has no attribute 'empty'
2026-09-17 08:07:50,155 [WARNING] data.fetch — [fetch_analyst_data] QCOM: 'dict' object has no attribute 'empty'
2026-09-17 08:07:50,168 [WARNING] data.fetch — [fetch_analyst_data] RBLX: 'dict' object has no attribute 'empty'
2026-09-17 08:07:50,263 [WARNING] data.fetch — [fetch_analyst_data] GOOGL: 'dict' object has no attribute 'empty'
2026-09-17 08:07:50,273 [WARNING] data.fetch — [fetch_analyst_data] AMD: 'dict' object has no attribute 'empty'
2026-09-17 08:07:50,415 [WARNING] data.fetch — [fetch_analyst_data] GOOG: 'dict' object has no attribute 'empty'
2026-09-17 08:07:56,508 [WARNING] data.fetch — [fetch_analyst_data] SYM: 'dict' object has no attribute 'empty'
2026-09-17 08:07:56,515 [WARNING] data.fetch — [fetch_analyst_data] INTC: 'dict' object has no attribute 'empty'
2026-09-17 08:07:56,599 [WARNING] data.fetch — [fetch_analyst_data] ISRG: 'dict' object has no attribute 'empty'
2026-09-17 08:07:56,671 [WARNING] data.fetch — [fetch_analyst_data] WMT: 'dict' object has no attribute 'empty'
2026-09-17 08:07:56,759 [WARNING] data.fetch — [fetch_analyst_data] SRAD: 'dict' object has no attribute 'empty'
2026-09-17 08:08:02,849 [WARNING] data.fetch — [fetch_analyst_data] LI: 'dict' object has no attribute 'empty'
2026-09-17 08:08:02,862 [WARNING] data.fetch — [fetch_analyst_data] ODD: 'dict' object has no attribute 'empty'
2026-09-17 08:08:02,930 [WARNING] data.fetch — [fetch_analyst_data] SBET: 'dict' object has no attribute 'empty'
2026-09-17 08:08:03,045 [WARNING] data.fetch — [fetch_analyst_data] T: 'dict' object has no attribute 'empty'
2026-09-17 08:08:03,100 [WARNING] data.fetch — [fetch_analyst_data] CRE: 'dict' object has no attribute 'empty'
2026-09-17 08:08:09,202 [WARNING] data.fetch — [fetch_analyst_data] GENI: 'dict' object has no attribute 'empty'
2026-09-17 08:08:09,340 [WARNING] data.fetch — [fetch_analyst_data] BKNG: 'dict' object has no attribute 'empty'
2026-09-17 08:08:09,387 [WARNING] data.fetch — [fetch_analyst_data] BTCT: 'dict' object has no attribute 'empty'
2026-09-17 08:08:09,399 [WARNING] data.fetch — [fetch_analyst_data] HUBS: 'dict' object has no attribute 'empty'
2026-09-17 08:08:09,491 [WARNING] data.fetch — [fetch_analyst_data] VLO: 'dict' object has no attribute 'empty'
[시장분석] enrichment 완료
[Email] 페이퍼 트레이딩 알림 발송 완료 (매도 0건, 매수 0건, 재평가 0건, 재평가실패 0건, 후보 0건) → chunghwan14@gmail.com, roykim0311@gmail.com, ssamjungtan@naver.com
============================================================
[Unified Paper Trading] 완료
============================================================
