============================================================
[Unified Paper Trading] SP500 + NASDAQ/NYSE 통합 실행 시작
============================================================
2026-09-25 08:21:11,636 [INFO] paper_trading.runner — [Runner] SP500 snapshot 로드: 128개 종목
[Unified PT] SP500 snapshot 로드: 128개 종목
2026-09-25 08:21:11,643 [INFO] paper_trading.runner — [Runner] NASDAQ snapshot 로드: 219개 종목
[Unified PT] NASDAQ snapshot 로드: 219개 종목
[Unified PT] 합산 완료: 335개 종목 (SP500 128 + NASDAQ 219개, 중복 제거 후)
[Unified PT] 골든크로스임박 종목: 49개
2026-09-25 08:21:12,271 [INFO] paper_trading.candidate_selector — [전략점수 분포] ~4.0: 103 | 4.0~5.0: 36 | 5.0~5.5: 19 | 5.5~6.0: 39 | 6.0+: 138
2026-09-25 08:21:12,288 [INFO] paper_trading.candidate_selector — [CandidateSelector] Regime=bull | Filtered=9/335 | Selected: MBLY (CCS=0.5061)
2026-09-25 08:21:12,300 [INFO] paper_trading.engine — [PaperTrading] 교체 기준 미달 — 매수 안 함
[Unified PT] 매도=0 매수=0 보유=3종목
[Unified PT] 레짐=bull | 필터={'전략점수<6.0': 197, '바닥반등_52주과열': 4, '판단등급_미달': 104, '과열_차단': 14, '유동성_부족': 0, '어닝_임박': 0, '보유_중복': 0, '모멘텀_ADX부족': 4, '바닥_RSI데드존': 3, '섹터_집중': 0, '_통과': 9, '_전체': 335}
[Unified PT] 스킵 사유: 교체_미달
[Unified PT] Top5 후보:
  ABNB   CCS=0.5184 전략=📉 바닥반등 섹터=Consumer Cyclical
  MBLY   CCS=0.5061 전략=📉 바닥반등 섹터=Unknown
  KTOS   CCS=0.4601 전략=📉 바닥반등 섹터=Unknown
  GPCR   CCS=0.4168 전략=📉 바닥반등 섹터=Unknown
2026-09-25 08:21:13,251 [INFO] paper_trading.sheet_sync — [SheetSync] 포지션현황 업데이트: 3개 종목
2026-09-25 08:21:14,212 [INFO] paper_trading.sheet_sync — [SheetSync] 성과요약 업데이트: 49건 거래
[Unified PT] 구글 시트 동기화 완료
[시장분석] 53개 종목 데이터 수집 중...
[시장분석] enrichment 완료
[Email] 페이퍼 트레이딩 알림 발송 완료 (매도 0건, 매수 0건, 재평가 0건, 재평가실패 0건, 후보 4건) → chunghwan14@gmail.com, roykim0311@gmail.com, ssamjungtan@naver.com
============================================================
[Unified Paper Trading] 완료
============================================================
