============================================================
[Unified Paper Trading] SP500 + NASDAQ/NYSE 통합 실행 시작
============================================================
2026-05-28 00:36:33,321 [INFO] paper_trading.runner — [Runner] SP500 snapshot 로드: 130개 종목
[Unified PT] SP500 snapshot 로드: 130개 종목
2026-05-28 00:36:33,329 [INFO] paper_trading.runner — [Runner] NASDAQ snapshot 로드: 234개 종목
[Unified PT] NASDAQ snapshot 로드: 234개 종목
[Unified PT] 합산 완료: 343개 종목 (SP500 130 + NASDAQ 234개, 중복 제거 후)
[Unified PT] 골든크로스임박 종목: 30개
2026-05-28 00:36:34,219 [INFO] paper_trading.engine — [PaperTrading] SELL VXX @ 25.02 (손절(-12.1%))
2026-05-28 00:36:34,219 [INFO] paper_trading.engine — [PaperTrading] SELL ISRG @ 418.55 (트레일링(-6.8%))
2026-05-28 00:36:34,224 [INFO] paper_trading.candidate_selector — [전략점수 분포] ~4.0: 95 | 4.0~5.0: 28 | 5.0~5.5: 21 | 5.5~6.0: 14 | 6.0+: 185
2026-05-28 00:36:34,237 [INFO] paper_trading.candidate_selector — [CandidateSelector] Regime=bull | Filtered=2/343 | Selected: BBAI (CCS=0.5692)
2026-05-28 00:36:34,244 [INFO] paper_trading.engine — [PaperTrading] BUY BBAI @ 4.37 (CCS=0.5692, RSI=59, upside P50=+4% P75=+8%)
[Unified PT] 매도=2 매수=1 보유=2종목
[Unified PT] 레짐=bull | 필터={'전략점수<6.0': 158, '바닥반등_52주과열': 0, '판단등급_미달': 175, '과열_차단': 7, '유동성_부족': 0, '어닝_임박': 0, '보유_중복': 0, '모멘텀_ADX부족': 0, '바닥_RSI데드존': 1, '섹터_집중': 0, '_통과': 2, '_전체': 343}
[Unified PT] Top5 후보:
  BBAI   CCS=0.5692 전략=📈 모멘텀 섹터=Unknown
  AIIO   CCS=0.4004 전략=📈 모멘텀 섹터=Unknown
2026-05-28 00:36:35,311 [INFO] paper_trading.sheet_sync — [SheetSync] 거래로그 append: SELL VXX
2026-05-28 00:36:36,160 [INFO] paper_trading.sheet_sync — [SheetSync] 거래로그 append: SELL ISRG
2026-05-28 00:36:36,980 [INFO] paper_trading.sheet_sync — [SheetSync] 거래로그 append: BUY BBAI
2026-05-28 00:36:38,300 [INFO] paper_trading.sheet_sync — [SheetSync] 포지션현황 업데이트: 2개 종목
2026-05-28 00:36:39,500 [INFO] paper_trading.sheet_sync — [SheetSync] 성과요약 업데이트: 15건 거래
[Unified PT] 구글 시트 동기화 완료
2026-05-28 00:36:39,867 [INFO] matplotlib.font_manager — Failed to extract font properties from /usr/share/fonts/truetype/noto/NotoColorEmoji.ttf: Can not load face (unknown file format; error code 0x2)
2026-05-28 00:36:39,887 [INFO] matplotlib.font_manager — generated new fontManager
2026-05-28 00:36:40,989 [WARNING] fpdf.output — Font MPDFAA+NanumGothic is missing the following glyphs: '📈' (\U0001f4c8), '📉' (\U0001f4c9)
2026-05-28 00:36:40,991 [INFO] fontTools.subset — maxp pruned
2026-05-28 00:36:40,991 [INFO] fontTools.subset — cmap pruned
2026-05-28 00:36:40,992 [INFO] fontTools.subset — post pruned
2026-05-28 00:36:40,992 [INFO] fontTools.subset — DSIG dropped
2026-05-28 00:36:40,992 [INFO] fontTools.subset — GPOS dropped
2026-05-28 00:36:40,993 [INFO] fontTools.subset — GSUB dropped
2026-05-28 00:36:40,993 [INFO] fontTools.subset — glyf pruned
2026-05-28 00:36:40,994 [INFO] fontTools.subset — Added gid0 to subset
2026-05-28 00:36:40,994 [INFO] fontTools.subset — Added first four glyphs to subset
2026-05-28 00:36:40,994 [INFO] fontTools.subset — Closing glyph list over 'glyf': 97 glyphs before
2026-05-28 00:36:40,994 [INFO] fontTools.subset — Glyph names: ['.notdef', 'A', 'B', 'C', 'D', 'E', 'F', 'G', 'H', 'I', 'L', 'M', 'N', 'O', 'P', 'Q', 'R', 'S', 'T', 'U', 'V', 'W', 'X', 'Y', 'a', 'ampersand', 'arrowright', 'b', 'bar', 'c', 'colon', 'comma', 'copyright', 'd', 'dollar', 'e', 'eight', 'emdash', 'exclam', 'f', 'five', 'four', 'g', 'h', 'hyphen', 'i', 'k', 'l', 'm', 'n', 'nine', 'numbersign', 'o', 'one', 'p', 'parenleft', 'parenright', 'percent', 'period', 'periodcentered', 'plus', 'q', 'quotedbl', 'r', 's', 'seven', 'six', 'slash', 'space', 't', 'three', 'triagup', 'two', 'u', 'uniAC04', 'uniAD50', 'uniB2E5', 'uniB4F1', 'uniB808', 'uniB9C1', 'uniBA58', 'uniBAA8', 'uniBC14', 'uniBC18', 'uniC190', 'uniC2DC', 'uniC775', 'uniC77C', 'uniC808', 'uniCCB4', 'uniD140', 'uniD2B8', 'v', 'w', 'x', 'y', 'zero']
2026-05-28 00:36:40,995 [INFO] fontTools.subset — Glyph IDs:   [0, 1, 2, 3, 4, 5, 6, 8, 9, 11, 12, 13, 14, 15, 16, 17, 18, 19, 20, 21, 22, 23, 24, 25, 26, 33, 34, 35, 36, 37, 38, 39, 40, 41, 44, 45, 46, 47, 48, 49, 50, 51, 52, 53, 54, 55, 56, 57, 64, 65, 66, 67, 68, 69, 70, 71, 72, 74, 75, 76, 77, 78, 79, 80, 81, 82, 83, 84, 85, 86, 87, 88, 91, 96, 99, 104, 159, 162, 497, 607, 928, 1042, 1177, 1267, 1310, 1326, 1397, 1401, 1675, 1751, 2043, 2045, 2091, 2308, 2518, 2576, 13296]
2026-05-28 00:36:40,995 [INFO] fontTools.subset — Closed glyph list over 'glyf': 97 glyphs after
2026-05-28 00:36:40,995 [INFO] fontTools.subset — Glyph names: ['.notdef', 'A', 'B', 'C', 'D', 'E', 'F', 'G', 'H', 'I', 'L', 'M', 'N', 'O', 'P', 'Q', 'R', 'S', 'T', 'U', 'V', 'W', 'X', 'Y', 'a', 'ampersand', 'arrowright', 'b', 'bar', 'c', 'colon', 'comma', 'copyright', 'd', 'dollar', 'e', 'eight', 'emdash', 'exclam', 'f', 'five', 'four', 'g', 'h', 'hyphen', 'i', 'k', 'l', 'm', 'n', 'nine', 'numbersign', 'o', 'one', 'p', 'parenleft', 'parenright', 'percent', 'period', 'periodcentered', 'plus', 'q', 'quotedbl', 'r', 's', 'seven', 'six', 'slash', 'space', 't', 'three', 'triagup', 'two', 'u', 'uniAC04', 'uniAD50', 'uniB2E5', 'uniB4F1', 'uniB808', 'uniB9C1', 'uniBA58', 'uniBAA8', 'uniBC14', 'uniBC18', 'uniC190', 'uniC2DC', 'uniC775', 'uniC77C', 'uniC808', 'uniCCB4', 'uniD140', 'uniD2B8', 'v', 'w', 'x', 'y', 'zero']
2026-05-28 00:36:40,995 [INFO] fontTools.subset — Glyph IDs:   [0, 1, 2, 3, 4, 5, 6, 8, 9, 11, 12, 13, 14, 15, 16, 17, 18, 19, 20, 21, 22, 23, 24, 25, 26, 33, 34, 35, 36, 37, 38, 39, 40, 41, 44, 45, 46, 47, 48, 49, 50, 51, 52, 53, 54, 55, 56, 57, 64, 65, 66, 67, 68, 69, 70, 71, 72, 74, 75, 76, 77, 78, 79, 80, 81, 82, 83, 84, 85, 86, 87, 88, 91, 96, 99, 104, 159, 162, 497, 607, 928, 1042, 1177, 1267, 1310, 1326, 1397, 1401, 1675, 1751, 2043, 2045, 2091, 2308, 2518, 2576, 13296]
2026-05-28 00:36:40,995 [INFO] fontTools.subset — Retaining 97 glyphs
2026-05-28 00:36:40,996 [INFO] fontTools.subset — head subsetting not needed
2026-05-28 00:36:40,996 [INFO] fontTools.subset — hhea subsetting not needed
2026-05-28 00:36:40,996 [INFO] fontTools.subset — maxp subsetting not needed
2026-05-28 00:36:40,996 [INFO] fontTools.subset — OS/2 subsetting not needed
2026-05-28 00:36:40,996 [INFO] fontTools.subset — hmtx subsetted
2026-05-28 00:36:40,998 [INFO] fontTools.subset — cmap subsetted
2026-05-28 00:36:40,998 [INFO] fontTools.subset — fpgm subsetting not needed
2026-05-28 00:36:40,998 [INFO] fontTools.subset — prep subsetting not needed
2026-05-28 00:36:40,998 [INFO] fontTools.subset — cvt  subsetting not needed
2026-05-28 00:36:40,998 [INFO] fontTools.subset — loca subsetting not needed
2026-05-28 00:36:40,998 [INFO] fontTools.subset — post subsetted
2026-05-28 00:36:40,998 [INFO] fontTools.subset — gasp subsetting not needed
2026-05-28 00:36:40,998 [INFO] fontTools.subset — name subsetting not needed
2026-05-28 00:36:41,000 [INFO] fontTools.subset — glyf subsetted
2026-05-28 00:36:41,001 [INFO] fontTools.subset — head pruned
2026-05-28 00:36:41,001 [INFO] fontTools.subset — OS/2 Unicode ranges pruned: [0, 1, 31, 37, 45, 56]
2026-05-28 00:36:41,001 [INFO] fontTools.subset — OS/2 CodePage ranges pruned: [0]
2026-05-28 00:36:41,002 [INFO] fontTools.subset — glyf pruned
2026-05-28 00:36:41,003 [INFO] fontTools.subset — name pruned
2026-05-28 00:36:41,022 [WARNING] fpdf.output — Font MPDFAA+NanumGothicBold is missing the following glyphs: '📉' (\U0001f4c9), '📈' (\U0001f4c8)
2026-05-28 00:36:41,023 [INFO] fontTools.subset — maxp pruned
2026-05-28 00:36:41,023 [INFO] fontTools.subset — cmap pruned
2026-05-28 00:36:41,023 [INFO] fontTools.subset — post pruned
2026-05-28 00:36:41,023 [INFO] fontTools.subset — DSIG dropped
2026-05-28 00:36:41,023 [INFO] fontTools.subset — GPOS dropped
2026-05-28 00:36:41,023 [INFO] fontTools.subset — GSUB dropped
2026-05-28 00:36:41,023 [INFO] fontTools.subset — glyf pruned
2026-05-28 00:36:41,024 [INFO] fontTools.subset — Added gid0 to subset
2026-05-28 00:36:41,024 [INFO] fontTools.subset — Added first four glyphs to subset
2026-05-28 00:36:41,024 [INFO] fontTools.subset — Closing glyph list over 'glyf': 88 glyphs before
2026-05-28 00:36:41,025 [INFO] fontTools.subset — Glyph names: ['.notdef', 'A', 'B', 'C', 'D', 'E', 'F', 'G', 'H', 'I', 'J', 'K', 'L', 'M', 'N', 'O', 'P', 'Q', 'R', 'S', 'T', 'U', 'V', 'W', 'X', 'Y', 'Z', 'a', 'ampersand', 'b', 'c', 'colon', 'd', 'dollar', 'e', 'eight', 'emdash', 'equal', 'exclam', 'f', 'five', 'four', 'g', 'h', 'hyphen', 'i', 'j', 'k', 'l', 'm', 'n', 'nine', 'numbersign', 'o', 'one', 'p', 'parenleft', 'parenright', 'percent', 'period', 'periodcentered', 'plus', 'q', 'quotedbl', 'quotesingle', 'r', 's', 'seven', 'six', 'slash', 'space', 't', 'three', 'two', 'u', 'uni2605', 'uniB2E5', 'uniB4F1', 'uniBA58', 'uniBAA8', 'uniBC14', 'uniBC18', 'uniD140', 'v', 'w', 'x', 'y', 'zero']
2026-05-28 00:36:41,025 [INFO] fontTools.subset — Glyph IDs:   [0, 1, 2, 3, 4, 5, 6, 7, 8, 9, 11, 13, 14, 15, 16, 17, 18, 19, 20, 21, 22, 23, 24, 25, 26, 29, 33, 34, 35, 36, 37, 38, 39, 40, 41, 42, 43, 44, 45, 46, 47, 48, 49, 50, 51, 52, 53, 54, 55, 56, 57, 58, 64, 65, 66, 67, 68, 69, 70, 71, 72, 73, 74, 75, 76, 77, 78, 79, 80, 81, 82, 83, 84, 85, 86, 87, 88, 99, 104, 150, 926, 1040, 1308, 1324, 1395, 1399, 2516, 13533]
2026-05-28 00:36:41,025 [INFO] fontTools.subset — Closed glyph list over 'glyf': 88 glyphs after
2026-05-28 00:36:41,025 [INFO] fontTools.subset — Glyph names: ['.notdef', 'A', 'B', 'C', 'D', 'E', 'F', 'G', 'H', 'I', 'J', 'K', 'L', 'M', 'N', 'O', 'P', 'Q', 'R', 'S', 'T', 'U', 'V', 'W', 'X', 'Y', 'Z', 'a', 'ampersand', 'b', 'c', 'colon', 'd', 'dollar', 'e', 'eight', 'emdash', 'equal', 'exclam', 'f', 'five', 'four', 'g', 'h', 'hyphen', 'i', 'j', 'k', 'l', 'm', 'n', 'nine', 'numbersign', 'o', 'one', 'p', 'parenleft', 'parenright', 'percent', 'period', 'periodcentered', 'plus', 'q', 'quotedbl', 'quotesingle', 'r', 's', 'seven', 'six', 'slash', 'space', 't', 'three', 'two', 'u', 'uni2605', 'uniB2E5', 'uniB4F1', 'uniBA58', 'uniBAA8', 'uniBC14', 'uniBC18', 'uniD140', 'v', 'w', 'x', 'y', 'zero']
2026-05-28 00:36:41,025 [INFO] fontTools.subset — Glyph IDs:   [0, 1, 2, 3, 4, 5, 6, 7, 8, 9, 11, 13, 14, 15, 16, 17, 18, 19, 20, 21, 22, 23, 24, 25, 26, 29, 33, 34, 35, 36, 37, 38, 39, 40, 41, 42, 43, 44, 45, 46, 47, 48, 49, 50, 51, 52, 53, 54, 55, 56, 57, 58, 64, 65, 66, 67, 68, 69, 70, 71, 72, 73, 74, 75, 76, 77, 78, 79, 80, 81, 82, 83, 84, 85, 86, 87, 88, 99, 104, 150, 926, 1040, 1308, 1324, 1395, 1399, 2516, 13533]
2026-05-28 00:36:41,026 [INFO] fontTools.subset — Retaining 88 glyphs
2026-05-28 00:36:41,026 [INFO] fontTools.subset — head subsetting not needed
2026-05-28 00:36:41,026 [INFO] fontTools.subset — hhea subsetting not needed
2026-05-28 00:36:41,026 [INFO] fontTools.subset — maxp subsetting not needed
2026-05-28 00:36:41,026 [INFO] fontTools.subset — OS/2 subsetting not needed
2026-05-28 00:36:41,027 [INFO] fontTools.subset — hmtx subsetted
2026-05-28 00:36:41,028 [INFO] fontTools.subset — cmap subsetted
2026-05-28 00:36:41,028 [INFO] fontTools.subset — fpgm subsetting not needed
2026-05-28 00:36:41,028 [INFO] fontTools.subset — prep subsetting not needed
2026-05-28 00:36:41,028 [INFO] fontTools.subset — cvt  subsetting not needed
2026-05-28 00:36:41,028 [INFO] fontTools.subset — loca subsetting not needed
2026-05-28 00:36:41,028 [INFO] fontTools.subset — post subsetted
2026-05-28 00:36:41,029 [INFO] fontTools.subset — gasp subsetting not needed
2026-05-28 00:36:41,029 [INFO] fontTools.subset — name subsetting not needed
2026-05-28 00:36:41,031 [INFO] fontTools.subset — glyf subsetted
2026-05-28 00:36:41,031 [INFO] fontTools.subset — head pruned
2026-05-28 00:36:41,032 [INFO] fontTools.subset — OS/2 Unicode ranges pruned: [0, 1, 31, 46, 56]
2026-05-28 00:36:41,032 [INFO] fontTools.subset — OS/2 CodePage ranges pruned: [0]
2026-05-28 00:36:41,033 [INFO] fontTools.subset — glyf pruned
2026-05-28 00:36:41,033 [INFO] fontTools.subset — name pruned
[Unified PT] PDF 리포트 생성 완료 (169,240 bytes)
[시장분석] 35개 종목 데이터 수집 중...
2026-05-28 00:36:41,629 [ERROR] yfinance — HTTP Error 404: {"quoteSummary":{"result":null,"error":{"code":"Not Found","description":"No fundamentals data found for symbol: VXX"}}}
2026-05-28 00:36:44,840 [ERROR] yfinance — HTTP Error 404: {"quoteSummary":{"result":null,"error":{"code":"Not Found","description":"No fundamentals data found for symbol: VXX"}}}
2026-05-28 00:36:47,539 [WARNING] data.fetch — [fetch_analyst_data] BBAI: 'dict' object has no attribute 'empty'
2026-05-28 00:36:47,665 [WARNING] data.fetch — [fetch_analyst_data] AIIO: 'dict' object has no attribute 'empty'
2026-05-28 00:36:47,669 [WARNING] data.fetch — [fetch_analyst_data] ISRG: 'dict' object has no attribute 'empty'
2026-05-28 00:36:47,698 [WARNING] data.fetch — [fetch_analyst_data] BAC: 'dict' object has no attribute 'empty'
2026-05-28 00:36:48,040 [ERROR] yfinance — HTTP Error 404: {"quoteSummary":{"result":null,"error":{"code":"Not Found","description":"No fundamentals data found for symbol: VXX"}}}
2026-05-28 00:36:48,040 [WARNING] data.fetch — [fetch_analyst_data] VXX: 'dict' object has no attribute 'empty'
2026-05-28 00:36:53,882 [WARNING] data.fetch — [fetch_analyst_data] SNPS: 'dict' object has no attribute 'empty'
2026-05-28 00:36:54,026 [WARNING] data.fetch — [fetch_analyst_data] CRCL: 'dict' object has no attribute 'empty'
2026-05-28 00:36:54,130 [WARNING] data.fetch — [fetch_analyst_data] V: 'dict' object has no attribute 'empty'
2026-05-28 00:36:54,146 [WARNING] data.fetch — [fetch_analyst_data] HUM: 'dict' object has no attribute 'empty'
2026-05-28 00:36:54,346 [WARNING] data.fetch — [fetch_analyst_data] GDDY: 'dict' object has no attribute 'empty'
2026-05-28 00:37:00,208 [WARNING] data.fetch — [fetch_analyst_data] ABBV: 'dict' object has no attribute 'empty'
2026-05-28 00:37:00,524 [WARNING] data.fetch — [fetch_analyst_data] ACHR: 'dict' object has no attribute 'empty'
2026-05-28 00:37:00,527 [WARNING] data.fetch — [fetch_analyst_data] GE: 'dict' object has no attribute 'empty'
2026-05-28 00:37:00,651 [WARNING] data.fetch — [fetch_analyst_data] HON: 'dict' object has no attribute 'empty'
2026-05-28 00:37:00,738 [WARNING] data.fetch — [fetch_analyst_data] MRK: 'dict' object has no attribute 'empty'
2026-05-28 00:37:06,501 [WARNING] data.fetch — [fetch_analyst_data] KLAR: 'dict' object has no attribute 'empty'
2026-05-28 00:37:06,854 [WARNING] data.fetch — [fetch_analyst_data] EOSE: 'dict' object has no attribute 'empty'
2026-05-28 00:37:06,945 [WARNING] data.fetch — [fetch_analyst_data] JNJ: 'dict' object has no attribute 'empty'
2026-05-28 00:37:06,982 [WARNING] data.fetch — [fetch_analyst_data] GILD: 'dict' object has no attribute 'empty'
2026-05-28 00:37:07,054 [WARNING] data.fetch — [fetch_analyst_data] AMGN: 'dict' object has no attribute 'empty'
2026-05-28 00:37:12,912 [WARNING] data.fetch — [fetch_analyst_data] IBM: 'dict' object has no attribute 'empty'
2026-05-28 00:37:13,167 [WARNING] data.fetch — [fetch_analyst_data] MNDY: 'dict' object has no attribute 'empty'
2026-05-28 00:37:13,334 [WARNING] data.fetch — [fetch_analyst_data] CCL: 'dict' object has no attribute 'empty'
2026-05-28 00:37:13,415 [WARNING] data.fetch — [fetch_analyst_data] SE: 'dict' object has no attribute 'empty'
2026-05-28 00:37:13,417 [WARNING] data.fetch — [fetch_analyst_data] COF: 'dict' object has no attribute 'empty'
2026-05-28 00:37:19,217 [WARNING] data.fetch — [fetch_analyst_data] IT: 'dict' object has no attribute 'empty'
2026-05-28 00:37:19,576 [WARNING] data.fetch — [fetch_analyst_data] GPK: 'dict' object has no attribute 'empty'
2026-05-28 00:37:19,711 [WARNING] data.fetch — [fetch_analyst_data] UPST: 'dict' object has no attribute 'empty'
2026-05-28 00:37:19,757 [WARNING] data.fetch — [fetch_analyst_data] NOW: 'dict' object has no attribute 'empty'
2026-05-28 00:37:19,926 [WARNING] data.fetch — [fetch_analyst_data] RTX: 'dict' object has no attribute 'empty'
2026-05-28 00:37:25,670 [WARNING] data.fetch — [fetch_analyst_data] MCD: 'dict' object has no attribute 'empty'
2026-05-28 00:37:25,978 [WARNING] data.fetch — [fetch_analyst_data] SRPT: 'dict' object has no attribute 'empty'
2026-05-28 00:37:26,078 [WARNING] data.fetch — [fetch_analyst_data] JPM: 'dict' object has no attribute 'empty'
2026-05-28 00:37:26,112 [WARNING] data.fetch — [fetch_analyst_data] T: 'dict' object has no attribute 'empty'
2026-05-28 00:37:26,256 [WARNING] data.fetch — [fetch_analyst_data] ELF: 'dict' object has no attribute 'empty'
[시장분석] enrichment 완료
[Email] 페이퍼 트레이딩 알림 발송 완료 (PDF 첨부) (매도 2건, 매수 1건, 재평가 0건, 재평가실패 0건, 후보 2건) → chunghwan14@gmail.com, roykim0311@gmail.com, ssamjungtan@naver.com
============================================================
[Unified Paper Trading] 완료
============================================================
