============================================================
[Unified Paper Trading] SP500 + NASDAQ/NYSE 통합 실행 시작
============================================================
2026-08-15 05:33:11,455 [INFO] paper_trading.runner — [Runner] SP500 snapshot 로드: 129개 종목
[Unified PT] SP500 snapshot 로드: 129개 종목
2026-08-15 05:33:11,463 [INFO] paper_trading.runner — [Runner] NASDAQ snapshot 로드: 217개 종목
[Unified PT] NASDAQ snapshot 로드: 217개 종목
[Unified PT] 합산 완료: 337개 종목 (SP500 129 + NASDAQ 217개, 중복 제거 후)
[Unified PT] 골든크로스임박 종목: 58개
2026-08-15 05:33:12,381 [INFO] paper_trading.candidate_selector — [전략점수 분포] ~4.0: 103 | 4.0~5.0: 30 | 5.0~5.5: 16 | 5.5~6.0: 14 | 6.0+: 174
2026-08-15 05:33:12,396 [INFO] paper_trading.candidate_selector — [CandidateSelector] Regime=bull | Filtered=6/337 | Selected: CVS (CCS=0.5833)
2026-08-15 05:33:12,408 [INFO] paper_trading.engine — [PaperTrading] 교체 기준 미달 — 매수 안 함
[Unified PT] 매도=0 매수=0 보유=3종목
[Unified PT] 레짐=bull | 필터={'전략점수<6.0': 163, '바닥반등_52주과열': 1, '판단등급_미달': 163, '과열_차단': 0, '유동성_부족': 0, '어닝_임박': 0, '보유_중복': 0, '모멘텀_ADX부족': 3, '바닥_RSI데드존': 1, '섹터_집중': 0, '_통과': 6, '_전체': 337}
[Unified PT] 스킵 사유: 교체_미달
[Unified PT] Top5 후보:
  CVS    CCS=0.5833 전략=📈 모멘텀 섹터=Healthcare
  LIF    CCS=0.5291 전략=📉 바닥반등 섹터=Technology
  HIVE   CCS=0.5193 전략=📉 바닥반등 섹터=Financial Services
  SOC    CCS=0.4869 전략=📉 바닥반등 섹터=Energy
  MNST   CCS=0.4839 전략=📉 바닥반등 섹터=Consumer Defensive
2026-08-15 05:33:13,524 [INFO] paper_trading.sheet_sync — [SheetSync] 포지션현황 업데이트: 3개 종목
2026-08-15 05:33:14,509 [INFO] paper_trading.sheet_sync — [SheetSync] 성과요약 업데이트: 37건 거래
[Unified PT] 구글 시트 동기화 완료
[시장분석] 64개 종목 데이터 수집 중...
2026-08-15 05:33:20,986 [WARNING] data.fetch — [fetch_analyst_data] SOC: 'dict' object has no attribute 'empty'
2026-08-15 05:33:21,128 [WARNING] data.fetch — [fetch_analyst_data] LIF: 'dict' object has no attribute 'empty'
2026-08-15 05:33:21,226 [WARNING] data.fetch — [fetch_analyst_data] MNST: 'dict' object has no attribute 'empty'
2026-08-15 05:33:21,272 [WARNING] data.fetch — [fetch_analyst_data] CVS: 'dict' object has no attribute 'empty'
2026-08-15 05:33:21,274 [WARNING] data.fetch — [fetch_analyst_data] HIVE: 'dict' object has no attribute 'empty'
2026-08-15 05:33:27,390 [WARNING] data.fetch — [fetch_analyst_data] UBER: 'dict' object has no attribute 'empty'
2026-08-15 05:33:27,569 [WARNING] data.fetch — [fetch_analyst_data] SMCI: 'dict' object has no attribute 'empty'
2026-08-15 05:33:27,675 [WARNING] data.fetch — [fetch_analyst_data] HD: 'dict' object has no attribute 'empty'
2026-08-15 05:33:27,711 [WARNING] data.fetch — [fetch_analyst_data] CPHI: 'dict' object has no attribute 'empty'
2026-08-15 05:33:27,758 [WARNING] data.fetch — [fetch_analyst_data] PG: 'dict' object has no attribute 'empty'
2026-08-15 05:33:33,740 [WARNING] data.fetch — [fetch_analyst_data] DUOL: 'dict' object has no attribute 'empty'
2026-08-15 05:33:34,000 [WARNING] data.fetch — [fetch_analyst_data] DHR: 'dict' object has no attribute 'empty'
2026-08-15 05:33:34,045 [WARNING] data.fetch — [fetch_analyst_data] MELI: 'dict' object has no attribute 'empty'
2026-08-15 05:33:34,214 [WARNING] data.fetch — [fetch_analyst_data] FISV: 'dict' object has no attribute 'empty'
2026-08-15 05:33:34,242 [WARNING] data.fetch — [fetch_analyst_data] SYK: 'dict' object has no attribute 'empty'
2026-08-15 05:33:40,126 [WARNING] data.fetch — [fetch_analyst_data] BSX: 'dict' object has no attribute 'empty'
2026-08-15 05:33:40,377 [WARNING] data.fetch — [fetch_analyst_data] CEG: 'dict' object has no attribute 'empty'
2026-08-15 05:33:40,460 [WARNING] data.fetch — [fetch_analyst_data] COST: 'dict' object has no attribute 'empty'
2026-08-15 05:33:40,565 [WARNING] data.fetch — [fetch_analyst_data] SOUN: 'dict' object has no attribute 'empty'
2026-08-15 05:33:40,677 [WARNING] data.fetch — [fetch_analyst_data] MCD: 'dict' object has no attribute 'empty'
2026-08-15 05:33:46,553 [WARNING] data.fetch — [fetch_analyst_data] ADI: 'dict' object has no attribute 'empty'
2026-08-15 05:33:46,755 [WARNING] data.fetch — [fetch_analyst_data] PEP: 'dict' object has no attribute 'empty'
2026-08-15 05:33:46,906 [WARNING] data.fetch — [fetch_analyst_data] DIS: 'dict' object has no attribute 'empty'
2026-08-15 05:33:46,968 [WARNING] data.fetch — [fetch_analyst_data] CMCSA: 'dict' object has no attribute 'empty'
2026-08-15 05:33:47,099 [WARNING] data.fetch — [fetch_analyst_data] TMUS: 'dict' object has no attribute 'empty'
2026-08-15 05:33:52,971 [WARNING] data.fetch — [fetch_analyst_data] TER: 'dict' object has no attribute 'empty'
2026-08-15 05:33:53,127 [WARNING] data.fetch — [fetch_analyst_data] MPWR: 'dict' object has no attribute 'empty'
2026-08-15 05:33:53,379 [WARNING] data.fetch — [fetch_analyst_data] ZG: 'dict' object has no attribute 'empty'
2026-08-15 05:33:53,406 [WARNING] data.fetch — [fetch_analyst_data] WMT: 'dict' object has no attribute 'empty'
2026-08-15 05:33:53,508 [WARNING] data.fetch — [fetch_analyst_data] KTOS: 'dict' object has no attribute 'empty'
2026-08-15 05:33:59,337 [WARNING] data.fetch — [fetch_analyst_data] PEGA: 'dict' object has no attribute 'empty'
2026-08-15 05:33:59,459 [WARNING] data.fetch — [fetch_analyst_data] Z: 'dict' object has no attribute 'empty'
2026-08-15 05:33:59,773 [WARNING] data.fetch — [fetch_analyst_data] HTFL: 'dict' object has no attribute 'empty'
2026-08-15 05:33:59,838 [WARNING] data.fetch — [fetch_analyst_data] INTU: 'dict' object has no attribute 'empty'
2026-08-15 05:33:59,883 [WARNING] data.fetch — [fetch_analyst_data] CSGP: 'dict' object has no attribute 'empty'
2026-08-15 05:34:05,761 [WARNING] data.fetch — [fetch_analyst_data] AVAV: 'dict' object has no attribute 'empty'
2026-08-15 05:34:05,792 [WARNING] data.fetch — [fetch_analyst_data] RGTI: 'dict' object has no attribute 'empty'
2026-08-15 05:34:06,199 [WARNING] data.fetch — [fetch_analyst_data] NBIS: 'dict' object has no attribute 'empty'
2026-08-15 05:34:06,265 [WARNING] data.fetch — [fetch_analyst_data] NFLX: 'dict' object has no attribute 'empty'
2026-08-15 05:34:06,351 [WARNING] data.fetch — [fetch_analyst_data] QUBT: 'dict' object has no attribute 'empty'
2026-08-15 05:34:12,198 [WARNING] data.fetch — [fetch_analyst_data] ISRG: 'dict' object has no attribute 'empty'
2026-08-15 05:34:12,206 [WARNING] data.fetch — [fetch_analyst_data] NEM: 'dict' object has no attribute 'empty'
2026-08-15 05:34:12,531 [WARNING] data.fetch — [fetch_analyst_data] FIGR: 'dict' object has no attribute 'empty'
2026-08-15 05:34:12,671 [WARNING] data.fetch — [fetch_analyst_data] ACHR: 'dict' object has no attribute 'empty'
2026-08-15 05:34:12,826 [WARNING] data.fetch — [fetch_analyst_data] IBM: 'dict' object has no attribute 'empty'
2026-08-15 05:34:18,538 [WARNING] data.fetch — [fetch_analyst_data] SYM: 'dict' object has no attribute 'empty'
2026-08-15 05:34:18,558 [WARNING] data.fetch — [fetch_analyst_data] HYMC: 'dict' object has no attribute 'empty'
2026-08-15 05:34:18,890 [WARNING] data.fetch — [fetch_analyst_data] MCHP: 'dict' object has no attribute 'empty'
2026-08-15 05:34:19,042 [WARNING] data.fetch — [fetch_analyst_data] HP: 'dict' object has no attribute 'empty'
2026-08-15 05:34:19,248 [WARNING] data.fetch — [fetch_analyst_data] ORCL: 'dict' object has no attribute 'empty'
2026-08-15 05:34:24,910 [WARNING] data.fetch — [fetch_analyst_data] BTDR: 'dict' object has no attribute 'empty'
2026-08-15 05:34:24,925 [WARNING] data.fetch — [fetch_analyst_data] LAES: 'dict' object has no attribute 'empty'
2026-08-15 05:34:25,272 [WARNING] data.fetch — [fetch_analyst_data] BKNG: 'dict' object has no attribute 'empty'
2026-08-15 05:34:25,374 [WARNING] data.fetch — [fetch_analyst_data] WDAY: 'dict' object has no attribute 'empty'
2026-08-15 05:34:25,576 [WARNING] data.fetch — [fetch_analyst_data] DASH: 'dict' object has no attribute 'empty'
2026-08-15 05:34:31,240 [WARNING] data.fetch — [fetch_analyst_data] LRN: 'dict' object has no attribute 'empty'
2026-08-15 05:34:31,297 [WARNING] data.fetch — [fetch_analyst_data] KLAR: 'dict' object has no attribute 'empty'
2026-08-15 05:34:31,654 [WARNING] data.fetch — [fetch_analyst_data] CHYM: 'dict' object has no attribute 'empty'
2026-08-15 05:34:31,793 [WARNING] data.fetch — [fetch_analyst_data] MSFT: 'dict' object has no attribute 'empty'
2026-08-15 05:34:31,994 [WARNING] data.fetch — [fetch_analyst_data] ABT: 'dict' object has no attribute 'empty'
2026-08-15 05:34:37,668 [WARNING] data.fetch — [fetch_analyst_data] SPGI: 'dict' object has no attribute 'empty'
2026-08-15 05:34:37,679 [WARNING] data.fetch — [fetch_analyst_data] PGY: 'dict' object has no attribute 'empty'
2026-08-15 05:34:38,075 [WARNING] data.fetch — [fetch_analyst_data] META: 'dict' object has no attribute 'empty'
2026-08-15 05:34:38,182 [WARNING] data.fetch — [fetch_analyst_data] ARWR: 'dict' object has no attribute 'empty'
[시장분석] enrichment 완료
[Email] 페이퍼 트레이딩 알림 발송 완료 (매도 0건, 매수 0건, 재평가 0건, 재평가실패 0건, 후보 5건) → chunghwan14@gmail.com, roykim0311@gmail.com, ssamjungtan@naver.com
============================================================
[Unified Paper Trading] 완료
============================================================
