============================================================
[Unified Paper Trading] SP500 + NASDAQ/NYSE 통합 실행 시작
============================================================
2026-06-20 08:51:22,815 [INFO] paper_trading.runner — [Runner] SP500 snapshot 로드: 129개 종목
[Unified PT] SP500 snapshot 로드: 129개 종목
2026-06-20 08:51:22,823 [INFO] paper_trading.runner — [Runner] NASDAQ snapshot 로드: 239개 종목
[Unified PT] NASDAQ snapshot 로드: 239개 종목
[Unified PT] 합산 완료: 348개 종목 (SP500 129 + NASDAQ 239개, 중복 제거 후)
[Unified PT] 골든크로스임박 종목: 39개
2026-06-20 08:51:23,494 [INFO] paper_trading.candidate_selector — [전략점수 분포] ~4.0: 82 | 4.0~5.0: 24 | 5.0~5.5: 19 | 5.5~6.0: 29 | 6.0+: 194
2026-06-20 08:51:23,512 [INFO] paper_trading.candidate_selector — [CandidateSelector] Regime=bull | Filtered=9/348 | Selected: PEB (CCS=0.5166)
2026-06-20 08:51:23,519 [INFO] paper_trading.engine — [PaperTrading] BUY PEB @ 19.06 (CCS=0.5166, RSI=74, upside P50=+5% P75=+8%)
[Unified PT] 매도=0 매수=1 보유=3종목
[Unified PT] 레짐=bull | 필터={'전략점수<6.0': 154, '바닥반등_52주과열': 1, '판단등급_미달': 134, '과열_차단': 38, '유동성_부족': 0, '어닝_임박': 0, '보유_중복': 1, '모멘텀_ADX부족': 10, '바닥_RSI데드존': 1, '섹터_집중': 0, '_통과': 9, '_전체': 348}
[Unified PT] Top5 후보:
  PEB    CCS=0.5166 전략=📈 모멘텀 섹터=Unknown
  EC     CCS=0.4998 전략=📈 모멘텀 섹터=Unknown
  SNPS   CCS=0.4955 전략=📉 바닥반등 섹터=Technology
  ATI    CCS=0.4812 전략=📈 모멘텀 섹터=Unknown
  BFH    CCS=0.4811 전략=📈 모멘텀 섹터=Unknown
2026-06-20 08:51:24,696 [INFO] paper_trading.sheet_sync — [SheetSync] 거래로그 append: BUY PEB
2026-06-20 08:51:25,878 [INFO] paper_trading.sheet_sync — [SheetSync] 포지션현황 업데이트: 3개 종목
2026-06-20 08:51:27,115 [INFO] paper_trading.sheet_sync — [SheetSync] 성과요약 업데이트: 23건 거래
[Unified PT] 구글 시트 동기화 완료
2026-06-20 08:51:27,376 [INFO] matplotlib.font_manager — Failed to extract font properties from /usr/share/fonts/truetype/noto/NotoColorEmoji.ttf: Non-scalable fonts are not supported
2026-06-20 08:51:27,402 [INFO] matplotlib.font_manager — generated new fontManager
2026-06-20 08:51:28,229 [WARNING] fpdf.output — Font MPDFAA+NanumGothic is missing the following glyphs: '📈' (\U0001f4c8), '📉' (\U0001f4c9)
2026-06-20 08:51:28,233 [INFO] fontTools.subset — maxp pruned
2026-06-20 08:51:28,233 [INFO] fontTools.subset — cmap pruned
2026-06-20 08:51:28,234 [INFO] fontTools.subset — post pruned
2026-06-20 08:51:28,234 [INFO] fontTools.subset — DSIG dropped
2026-06-20 08:51:28,234 [INFO] fontTools.subset — GPOS dropped
2026-06-20 08:51:28,235 [INFO] fontTools.subset — GSUB dropped
2026-06-20 08:51:28,235 [INFO] fontTools.subset — glyf pruned
2026-06-20 08:51:28,236 [INFO] fontTools.subset — Added gid0 to subset
2026-06-20 08:51:28,236 [INFO] fontTools.subset — Added first four glyphs to subset
2026-06-20 08:51:28,236 [INFO] fontTools.subset — Closing glyph list over 'glyf': 134 glyphs before
2026-06-20 08:51:28,236 [INFO] fontTools.subset — Glyph names: ['.notdef', 'A', 'B', 'C', 'D', 'E', 'F', 'G', 'H', 'I', 'L', 'M', 'N', 'O', 'P', 'Q', 'R', 'S', 'T', 'U', 'V', 'W', 'X', 'Y', 'a', 'arrowright', 'b', 'bar', 'c', 'colon', 'comma', 'copyright', 'd', 'dollar', 'e', 'eight', 'emdash', 'equal', 'exclam', 'f', 'five', 'four', 'g', 'h', 'hyphen', 'i', 'k', 'l', 'less', 'm', 'n', 'nine', 'numbersign', 'o', 'one', 'p', 'parenleft', 'parenright', 'percent', 'period', 'periodcentered', 'plus', 'q', 'quotedbl', 'r', 's', 'seven', 'six', 'slash', 'space', 't', 'three', 'triagup', 'two', 'u', 'underscore', 'uniAC00', 'uniAC04', 'uniAC15', 'uniAC70', 'uniACFC', 'uniAD50', 'uniAD6C', 'uniADFC', 'uniAE30', 'uniB294', 'uniB2E5', 'uniB3C4', 'uniB3CC', 'uniB4F1', 'uniB798', 'uniB7B5', 'uniB7C9', 'uniB808', 'uniB9C1', 'uniB9E4', 'uniBA58', 'uniBAA8', 'uniBAA9', 'uniBC14', 'uniBC18', 'uniBCF4', 'uniBD84', 'uniC11C', 'uniC138', 'uniC158', 'uniC18D', 'uniC190', 'uniC218', 'uniC5D0', 'uniC6A9', 'uniC720', 'uniC77C', 'uniC7A5', 'uniC801', 'uniC804', 'uniC808', 'uniC8FC', 'uniC9C0', 'uniCCB4', 'uniCD94', 'uniCDA9', 'uniD140', 'uniD2B8', 'uniD30C', 'uniD3EC', 'uniD45C', 'uniD569', 'uniD5C8', 'v', 'w', 'x', 'y', 'zero']
2026-06-20 08:51:28,236 [INFO] fontTools.subset — Glyph IDs:   [0, 1, 2, 3, 4, 5, 8, 9, 11, 12, 13, 14, 15, 16, 17, 18, 19, 20, 21, 22, 23, 24, 25, 26, 28, 29, 33, 34, 35, 36, 37, 38, 39, 40, 41, 44, 45, 46, 47, 48, 49, 50, 51, 52, 53, 54, 55, 56, 57, 63, 64, 65, 66, 67, 68, 69, 70, 71, 72, 74, 75, 76, 77, 78, 79, 80, 81, 82, 83, 84, 85, 86, 87, 88, 91, 96, 99, 104, 159, 162, 495, 497, 507, 531, 584, 607, 612, 645, 654, 904, 928, 985, 989, 1042, 1153, 1163, 1166, 1177, 1267, 1283, 1310, 1326, 1327, 1397, 1401, 1458, 1482, 1635, 1650, 1661, 1673, 1675, 1708, 1905, 1979, 2013, 2045, 2067, 2089, 2090, 2091, 2146, 2178, 2308, 2343, 2350, 2518, 2576, 2598, 2649, 2661, 2709, 2723, 13296]
2026-06-20 08:51:28,237 [INFO] fontTools.subset — Closed glyph list over 'glyf': 134 glyphs after
2026-06-20 08:51:28,237 [INFO] fontTools.subset — Glyph names: ['.notdef', 'A', 'B', 'C', 'D', 'E', 'F', 'G', 'H', 'I', 'L', 'M', 'N', 'O', 'P', 'Q', 'R', 'S', 'T', 'U', 'V', 'W', 'X', 'Y', 'a', 'arrowright', 'b', 'bar', 'c', 'colon', 'comma', 'copyright', 'd', 'dollar', 'e', 'eight', 'emdash', 'equal', 'exclam', 'f', 'five', 'four', 'g', 'h', 'hyphen', 'i', 'k', 'l', 'less', 'm', 'n', 'nine', 'numbersign', 'o', 'one', 'p', 'parenleft', 'parenright', 'percent', 'period', 'periodcentered', 'plus', 'q', 'quotedbl', 'r', 's', 'seven', 'six', 'slash', 'space', 't', 'three', 'triagup', 'two', 'u', 'underscore', 'uniAC00', 'uniAC04', 'uniAC15', 'uniAC70', 'uniACFC', 'uniAD50', 'uniAD6C', 'uniADFC', 'uniAE30', 'uniB294', 'uniB2E5', 'uniB3C4', 'uniB3CC', 'uniB4F1', 'uniB798', 'uniB7B5', 'uniB7C9', 'uniB808', 'uniB9C1', 'uniB9E4', 'uniBA58', 'uniBAA8', 'uniBAA9', 'uniBC14', 'uniBC18', 'uniBCF4', 'uniBD84', 'uniC11C', 'uniC138', 'uniC158', 'uniC18D', 'uniC190', 'uniC218', 'uniC5D0', 'uniC6A9', 'uniC720', 'uniC77C', 'uniC7A5', 'uniC801', 'uniC804', 'uniC808', 'uniC8FC', 'uniC9C0', 'uniCCB4', 'uniCD94', 'uniCDA9', 'uniD140', 'uniD2B8', 'uniD30C', 'uniD3EC', 'uniD45C', 'uniD569', 'uniD5C8', 'v', 'w', 'x', 'y', 'zero']
2026-06-20 08:51:28,237 [INFO] fontTools.subset — Glyph IDs:   [0, 1, 2, 3, 4, 5, 8, 9, 11, 12, 13, 14, 15, 16, 17, 18, 19, 20, 21, 22, 23, 24, 25, 26, 28, 29, 33, 34, 35, 36, 37, 38, 39, 40, 41, 44, 45, 46, 47, 48, 49, 50, 51, 52, 53, 54, 55, 56, 57, 63, 64, 65, 66, 67, 68, 69, 70, 71, 72, 74, 75, 76, 77, 78, 79, 80, 81, 82, 83, 84, 85, 86, 87, 88, 91, 96, 99, 104, 159, 162, 495, 497, 507, 531, 584, 607, 612, 645, 654, 904, 928, 985, 989, 1042, 1153, 1163, 1166, 1177, 1267, 1283, 1310, 1326, 1327, 1397, 1401, 1458, 1482, 1635, 1650, 1661, 1673, 1675, 1708, 1905, 1979, 2013, 2045, 2067, 2089, 2090, 2091, 2146, 2178, 2308, 2343, 2350, 2518, 2576, 2598, 2649, 2661, 2709, 2723, 13296]
2026-06-20 08:51:28,237 [INFO] fontTools.subset — Retaining 134 glyphs
2026-06-20 08:51:28,238 [INFO] fontTools.subset — head subsetting not needed
2026-06-20 08:51:28,238 [INFO] fontTools.subset — hhea subsetting not needed
2026-06-20 08:51:28,238 [INFO] fontTools.subset — maxp subsetting not needed
2026-06-20 08:51:28,238 [INFO] fontTools.subset — OS/2 subsetting not needed
2026-06-20 08:51:28,238 [INFO] fontTools.subset — hmtx subsetted
2026-06-20 08:51:28,240 [INFO] fontTools.subset — cmap subsetted
2026-06-20 08:51:28,240 [INFO] fontTools.subset — fpgm subsetting not needed
2026-06-20 08:51:28,240 [INFO] fontTools.subset — prep subsetting not needed
2026-06-20 08:51:28,240 [INFO] fontTools.subset — cvt  subsetting not needed
2026-06-20 08:51:28,240 [INFO] fontTools.subset — loca subsetting not needed
2026-06-20 08:51:28,240 [INFO] fontTools.subset — post subsetted
2026-06-20 08:51:28,240 [INFO] fontTools.subset — gasp subsetting not needed
2026-06-20 08:51:28,240 [INFO] fontTools.subset — name subsetting not needed
2026-06-20 08:51:28,243 [INFO] fontTools.subset — glyf subsetted
2026-06-20 08:51:28,243 [INFO] fontTools.subset — head pruned
2026-06-20 08:51:28,243 [INFO] fontTools.subset — OS/2 Unicode ranges pruned: [0, 1, 31, 37, 45, 56]
2026-06-20 08:51:28,243 [INFO] fontTools.subset — OS/2 CodePage ranges pruned: [0]
2026-06-20 08:51:28,245 [INFO] fontTools.subset — glyf pruned
2026-06-20 08:51:28,246 [INFO] fontTools.subset — name pruned
2026-06-20 08:51:28,273 [WARNING] fpdf.output — Font MPDFAA+NanumGothicBold is missing the following glyphs: '📉' (\U0001f4c9), '📈' (\U0001f4c8)
2026-06-20 08:51:28,274 [INFO] fontTools.subset — maxp pruned
2026-06-20 08:51:28,274 [INFO] fontTools.subset — cmap pruned
2026-06-20 08:51:28,274 [INFO] fontTools.subset — post pruned
2026-06-20 08:51:28,274 [INFO] fontTools.subset — DSIG dropped
2026-06-20 08:51:28,274 [INFO] fontTools.subset — GPOS dropped
2026-06-20 08:51:28,274 [INFO] fontTools.subset — GSUB dropped
2026-06-20 08:51:28,275 [INFO] fontTools.subset — glyf pruned
2026-06-20 08:51:28,276 [INFO] fontTools.subset — Added gid0 to subset
2026-06-20 08:51:28,276 [INFO] fontTools.subset — Added first four glyphs to subset
2026-06-20 08:51:28,276 [INFO] fontTools.subset — Closing glyph list over 'glyf': 93 glyphs before
2026-06-20 08:51:28,276 [INFO] fontTools.subset — Glyph names: ['.notdef', 'A', 'B', 'C', 'D', 'E', 'F', 'G', 'H', 'I', 'J', 'K', 'L', 'M', 'N', 'O', 'P', 'Q', 'R', 'S', 'T', 'U', 'V', 'W', 'X', 'Y', 'Z', 'a', 'ampersand', 'b', 'c', 'colon', 'd', 'dollar', 'e', 'eight', 'emdash', 'equal', 'exclam', 'f', 'five', 'four', 'g', 'h', 'hyphen', 'i', 'j', 'k', 'l', 'm', 'n', 'nine', 'numbersign', 'o', 'one', 'p', 'parenleft', 'parenright', 'percent', 'period', 'periodcentered', 'plus', 'q', 'quotedbl', 'quotesingle', 'r', 's', 'seven', 'six', 'slash', 'space', 't', 'three', 'two', 'u', 'uni2605', 'uniB2E5', 'uniB4F1', 'uniBA58', 'uniBAA8', 'uniBC14', 'uniBC18', 'uniBC30', 'uniC5F4', 'uniC644', 'uniC804', 'uniC815', 'uniD140', 'v', 'w', 'x', 'y', 'zero']
2026-06-20 08:51:28,276 [INFO] fontTools.subset — Glyph IDs:   [0, 1, 2, 3, 4, 5, 6, 7, 8, 9, 11, 13, 14, 15, 16, 17, 18, 19, 20, 21, 22, 23, 24, 25, 26, 29, 33, 34, 35, 36, 37, 38, 39, 40, 41, 42, 43, 44, 45, 46, 47, 48, 49, 50, 51, 52, 53, 54, 55, 56, 57, 58, 64, 65, 66, 67, 68, 69, 70, 71, 72, 73, 74, 75, 76, 77, 78, 79, 80, 81, 82, 83, 84, 85, 86, 87, 88, 99, 104, 150, 926, 1040, 1308, 1324, 1395, 1399, 1410, 1915, 1949, 2088, 2094, 2516, 13533]
2026-06-20 08:51:28,276 [INFO] fontTools.subset — Closed glyph list over 'glyf': 93 glyphs after
2026-06-20 08:51:28,276 [INFO] fontTools.subset — Glyph names: ['.notdef', 'A', 'B', 'C', 'D', 'E', 'F', 'G', 'H', 'I', 'J', 'K', 'L', 'M', 'N', 'O', 'P', 'Q', 'R', 'S', 'T', 'U', 'V', 'W', 'X', 'Y', 'Z', 'a', 'ampersand', 'b', 'c', 'colon', 'd', 'dollar', 'e', 'eight', 'emdash', 'equal', 'exclam', 'f', 'five', 'four', 'g', 'h', 'hyphen', 'i', 'j', 'k', 'l', 'm', 'n', 'nine', 'numbersign', 'o', 'one', 'p', 'parenleft', 'parenright', 'percent', 'period', 'periodcentered', 'plus', 'q', 'quotedbl', 'quotesingle', 'r', 's', 'seven', 'six', 'slash', 'space', 't', 'three', 'two', 'u', 'uni2605', 'uniB2E5', 'uniB4F1', 'uniBA58', 'uniBAA8', 'uniBC14', 'uniBC18', 'uniBC30', 'uniC5F4', 'uniC644', 'uniC804', 'uniC815', 'uniD140', 'v', 'w', 'x', 'y', 'zero']
2026-06-20 08:51:28,277 [INFO] fontTools.subset — Glyph IDs:   [0, 1, 2, 3, 4, 5, 6, 7, 8, 9, 11, 13, 14, 15, 16, 17, 18, 19, 20, 21, 22, 23, 24, 25, 26, 29, 33, 34, 35, 36, 37, 38, 39, 40, 41, 42, 43, 44, 45, 46, 47, 48, 49, 50, 51, 52, 53, 54, 55, 56, 57, 58, 64, 65, 66, 67, 68, 69, 70, 71, 72, 73, 74, 75, 76, 77, 78, 79, 80, 81, 82, 83, 84, 85, 86, 87, 88, 99, 104, 150, 926, 1040, 1308, 1324, 1395, 1399, 1410, 1915, 1949, 2088, 2094, 2516, 13533]
2026-06-20 08:51:28,277 [INFO] fontTools.subset — Retaining 93 glyphs
2026-06-20 08:51:28,277 [INFO] fontTools.subset — head subsetting not needed
2026-06-20 08:51:28,278 [INFO] fontTools.subset — hhea subsetting not needed
2026-06-20 08:51:28,278 [INFO] fontTools.subset — maxp subsetting not needed
2026-06-20 08:51:28,278 [INFO] fontTools.subset — OS/2 subsetting not needed
2026-06-20 08:51:28,278 [INFO] fontTools.subset — hmtx subsetted
2026-06-20 08:51:28,280 [INFO] fontTools.subset — cmap subsetted
2026-06-20 08:51:28,280 [INFO] fontTools.subset — fpgm subsetting not needed
2026-06-20 08:51:28,280 [INFO] fontTools.subset — prep subsetting not needed
2026-06-20 08:51:28,280 [INFO] fontTools.subset — cvt  subsetting not needed
2026-06-20 08:51:28,280 [INFO] fontTools.subset — loca subsetting not needed
2026-06-20 08:51:28,280 [INFO] fontTools.subset — post subsetted
2026-06-20 08:51:28,280 [INFO] fontTools.subset — gasp subsetting not needed
2026-06-20 08:51:28,280 [INFO] fontTools.subset — name subsetting not needed
2026-06-20 08:51:28,282 [INFO] fontTools.subset — glyf subsetted
2026-06-20 08:51:28,283 [INFO] fontTools.subset — head pruned
2026-06-20 08:51:28,283 [INFO] fontTools.subset — OS/2 Unicode ranges pruned: [0, 1, 31, 46, 56]
2026-06-20 08:51:28,283 [INFO] fontTools.subset — OS/2 CodePage ranges pruned: [0]
2026-06-20 08:51:28,284 [INFO] fontTools.subset — glyf pruned
2026-06-20 08:51:28,284 [INFO] fontTools.subset — name pruned
[Unified PT] PDF 리포트 생성 완료 (121,690 bytes)
[시장분석] 44개 종목 데이터 수집 중...
2026-06-20 08:51:34,749 [WARNING] data.fetch — [fetch_analyst_data] SNPS: 'dict' object has no attribute 'empty'
2026-06-20 08:51:34,860 [WARNING] data.fetch — [fetch_analyst_data] BFH: 'dict' object has no attribute 'empty'
2026-06-20 08:51:34,946 [WARNING] data.fetch — [fetch_analyst_data] ATI: 'dict' object has no attribute 'empty'
2026-06-20 08:51:34,953 [WARNING] data.fetch — [fetch_analyst_data] EC: 'dict' object has no attribute 'empty'
2026-06-20 08:51:35,268 [WARNING] data.fetch — [fetch_analyst_data] PEB: 'dict' object has no attribute 'empty'
2026-06-20 08:51:41,098 [WARNING] data.fetch — [fetch_analyst_data] SFM: 'dict' object has no attribute 'empty'
2026-06-20 08:51:41,234 [WARNING] data.fetch — [fetch_analyst_data] V: 'dict' object has no attribute 'empty'
2026-06-20 08:51:41,288 [WARNING] data.fetch — [fetch_analyst_data] LRN: 'dict' object has no attribute 'empty'
2026-06-20 08:51:41,334 [WARNING] data.fetch — [fetch_analyst_data] SMCI: 'dict' object has no attribute 'empty'
2026-06-20 08:51:41,606 [WARNING] data.fetch — [fetch_analyst_data] ORCL: 'dict' object has no attribute 'empty'
2026-06-20 08:51:47,499 [WARNING] data.fetch — [fetch_analyst_data] DIS: 'dict' object has no attribute 'empty'
2026-06-20 08:51:47,595 [WARNING] data.fetch — [fetch_analyst_data] COF: 'dict' object has no attribute 'empty'
2026-06-20 08:51:47,623 [WARNING] data.fetch — [fetch_analyst_data] AMGN: 'dict' object has no attribute 'empty'
2026-06-20 08:51:47,748 [WARNING] data.fetch — [fetch_analyst_data] HON: 'dict' object has no attribute 'empty'
2026-06-20 08:51:47,903 [WARNING] data.fetch — [fetch_analyst_data] NNE: 'dict' object has no attribute 'empty'
2026-06-20 08:51:53,886 [WARNING] data.fetch — [fetch_analyst_data] DE: 'dict' object has no attribute 'empty'
2026-06-20 08:51:54,030 [WARNING] data.fetch — [fetch_analyst_data] HD: 'dict' object has no attribute 'empty'
2026-06-20 08:51:54,045 [WARNING] data.fetch — [fetch_analyst_data] RTX: 'dict' object has no attribute 'empty'
2026-06-20 08:51:54,096 [WARNING] data.fetch — [fetch_analyst_data] SCHW: 'dict' object has no attribute 'empty'
2026-06-20 08:51:54,291 [WARNING] data.fetch — [fetch_analyst_data] PG: 'dict' object has no attribute 'empty'
2026-06-20 08:52:00,241 [WARNING] data.fetch — [fetch_analyst_data] BKNG: 'dict' object has no attribute 'empty'
2026-06-20 08:52:00,344 [WARNING] data.fetch — [fetch_analyst_data] BULL: 'dict' object has no attribute 'empty'
2026-06-20 08:52:00,380 [WARNING] data.fetch — [fetch_analyst_data] GEV: 'dict' object has no attribute 'empty'
2026-06-20 08:52:00,485 [WARNING] data.fetch — [fetch_analyst_data] AXP: 'dict' object has no attribute 'empty'
2026-06-20 08:52:00,640 [WARNING] data.fetch — [fetch_analyst_data] TEM: 'dict' object has no attribute 'empty'
2026-06-20 08:52:06,611 [WARNING] data.fetch — [fetch_analyst_data] WFC: 'dict' object has no attribute 'empty'
2026-06-20 08:52:06,829 [WARNING] data.fetch — [fetch_analyst_data] NKE: 'dict' object has no attribute 'empty'
2026-06-20 08:52:06,832 [WARNING] data.fetch — [fetch_analyst_data] SYK: 'dict' object has no attribute 'empty'
2026-06-20 08:52:06,873 [WARNING] data.fetch — [fetch_analyst_data] WWD: 'dict' object has no attribute 'empty'
2026-06-20 08:52:07,035 [WARNING] data.fetch — [fetch_analyst_data] CAR: 'dict' object has no attribute 'empty'
2026-06-20 08:52:12,942 [WARNING] data.fetch — [fetch_analyst_data] ELF: 'dict' object has no attribute 'empty'
2026-06-20 08:52:13,236 [WARNING] data.fetch — [fetch_analyst_data] WGS: 'dict' object has no attribute 'empty'
2026-06-20 08:52:13,243 [WARNING] data.fetch — [fetch_analyst_data] MRNA: 'dict' object has no attribute 'empty'
2026-06-20 08:52:13,261 [WARNING] data.fetch — [fetch_analyst_data] FRMI: 'dict' object has no attribute 'empty'
2026-06-20 08:52:13,413 [WARNING] data.fetch — [fetch_analyst_data] WING: 'dict' object has no attribute 'empty'
2026-06-20 08:52:19,242 [WARNING] data.fetch — [fetch_analyst_data] CRCL: 'dict' object has no attribute 'empty'
2026-06-20 08:52:19,583 [WARNING] data.fetch — [fetch_analyst_data] BRK-B: 'dict' object has no attribute 'empty'
2026-06-20 08:52:19,661 [WARNING] data.fetch — [fetch_analyst_data] TSLA: 'dict' object has no attribute 'empty'
2026-06-20 08:52:19,669 [WARNING] data.fetch — [fetch_analyst_data] MNTS: 'dict' object has no attribute 'empty'
2026-06-20 08:52:19,774 [WARNING] data.fetch — [fetch_analyst_data] LAC: 'dict' object has no attribute 'empty'
2026-06-20 08:52:25,584 [WARNING] data.fetch — [fetch_analyst_data] CRML: 'dict' object has no attribute 'empty'
2026-06-20 08:52:25,952 [WARNING] data.fetch — [fetch_analyst_data] META: 'dict' object has no attribute 'empty'
2026-06-20 08:52:25,993 [WARNING] data.fetch — [fetch_analyst_data] ENVX: 'dict' object has no attribute 'empty'
2026-06-20 08:52:26,047 [WARNING] data.fetch — [fetch_analyst_data] TKR: 'dict' object has no attribute 'empty'
[시장분석] enrichment 완료
[Email] 페이퍼 트레이딩 알림 발송 완료 (PDF 첨부) (매도 0건, 매수 1건, 재평가 0건, 재평가실패 0건, 후보 5건) → chunghwan14@gmail.com, roykim0311@gmail.com, ssamjungtan@naver.com
============================================================
[Unified Paper Trading] 완료
============================================================
