[OHLCV] 배치 다운로드 1/4 (150개 종목, period=5y)...
[OHLCV] 배치 다운로드 2/4 (150개 종목, period=5y)...
[OHLCV] 배치 다운로드 3/4 (150개 종목, period=5y)...
[OHLCV] 배치 다운로드 4/4 (68개 종목, period=5y)...
[DataValidator] 10건의 데이터 품질 경고 발생
Warning:  DAY: Close NaN 비율 100.0% (기준: 30%)
Warning:  GEHC: Close NaN 비율 30.0% (기준: 30%)
Warning:  GEV: Close NaN 비율 55.5% (기준: 30%)
Warning:  HOLX: Close NaN 비율 100.0% (기준: 30%)
Warning:  HOOD: 비정상 가격 변동 50.4% (2021-08-04) — 스플릿/데이터 오류 가능
Warning:  KVUE: Close NaN 비율 37.6% (기준: 30%)
Warning:  PDD: 비정상 가격 변동 56.1% (2022-03-16) — 스플릿/데이터 오류 가능
Warning:  SOLV: Close NaN 비율 55.4% (기준: 30%)
Warning:  VLTO: Close NaN 비율 45.9% (기준: 30%)
Warning:  GL: 비정상 가격 변동 53.1% (2024-04-11) — 스플릿/데이터 오류 가능
[[SP500 분석]] 강한 섹터: {'Industrials', 'Materials', 'Financials', 'Information Technology', 'Health Care'}
[[SP500 분석]] Extreme model 'label_low' walk-forward ROC 0.65, AP 0.38
[[SP500 분석]] Extreme model 'label_high' walk-forward ROC 0.59, AP 0.22
[[SP500 분석]] Google Sheets 업데이트 완료
[Email] 바닥반등 15개 + 모멘텀 74개 = 총 89개 종목 리스트를 chunghwan14@gmail.com, roykim0311@gmail.com, ssamjungtan@naver.com로 발송 완료
[[SP500 분석]] Signals 결과 기반 차트분석 종목 리스트 생성 중...
[Dynamic Portfolio] 생성된 차트분석 종목 리스트(92개): ['NBM.V', 'LRN', 'TKR', 'DELL', 'RTX', 'AXP', 'ANET', 'HOOD', 'PFE', 'CSCO', 'NVDA', 'CDNS', 'LLY', 'T', 'AMAT', 'DE', 'NFLX', 'TXN', 'NEE', 'DDOG', 'WDC', 'META', 'V', 'PM', 'AMZN', 'STX', 'GOOG', 'CRWD', 'AAPL', 'TSLA', 'IBM', 'MCHP', 'KLAC', 'ROST', 'SBUX', 'JNJ', 'HPE', 'GE', 'BRK-B', 'MRK', 'RCL', 'MU', 'SPY', 'C', 'ADBE', 'MPWR', 'BA', 'GEV', 'FTNT', 'INTC', 'MRVL', 'ORCL', 'LRCX', 'ADI', 'UNH', 'JPM', 'LIN', 'DIS', 'GOOGL', 'CME', 'APH', 'QQQ', 'QCOM', 'F', 'KO', 'MS', 'ON', 'WELL', 'CRM', 'ABBV', 'AZO', 'INTU', 'GLW', 'AMD', 'BAC', 'TER', 'FCX', 'IWM', 'SNPS', 'HON', 'SMCI', 'ETN', 'NXPI', 'TJX', 'AVGO', 'UNP', 'FSLR', 'PANW', 'ASML', 'PG', 'CAT', 'GS']
[[SP500 차트분석]] [SP500 분석] 결과 기반 [SP500 차트분석] 시트 생성 중 (92개 종목)...
[[SP500 차트분석]] [SP500 분석]에 없는 종목은 별도 분석: ['NBM.V', 'LRN', 'TKR']
[DataValidator] 2건의 데이터 품질 경고 발생
Warning:  LRN: 비정상 가격 변동 54.4% (2025-10-29) — 스플릿/데이터 오류 가능
Warning:  NBM.V: 비정상 가격 변동 56.3% (2024-09-25) — 스플릿/데이터 오류 가능
[[SP500 차트분석]] 강한 섹터: {'Industrials', 'Materials', 'Financials', 'Information Technology', 'Health Care'}
[[SP500 차트분석]] Extreme model 'global' skipped: insufficient_tickers
[[SP500 차트분석]] 기존 차트 파일 삭제 중...
[[SP500 차트분석]] 차트 저장 디렉토리 준비 완료: charts/screenshots
[[SP500 차트분석]] TradingView 차트 캡처 시작...
[[SP500 차트분석]] 92개 종목 차트 캡처 중...
[TradingView] ETN 브라우저 세션 시작  (로그인 세션)...
[TradingView] 1H 캡처 완료 (60)
[TradingView] 4H 캡처 완료 (240)
[TradingView] Daily 캡처 완료 (D)
[TradingView] Weekly 캡처 완료 (W)
[TradingView] Monthly 캡처 완료 (M)
[[SP500 차트분석]] ETN 차트 5개 처리 완료
[TradingView] GE 브라우저 세션 시작  (로그인 세션)...
[TradingView] 1H 캡처 완료 (60)
[TradingView] 4H 캡처 완료 (240)
[TradingView] Daily 캡처 완료 (D)
[TradingView] Weekly 캡처 완료 (W)
[TradingView] Monthly 캡처 완료 (M)
[[SP500 차트분석]] GE 차트 5개 처리 완료
[TradingView] DE 브라우저 세션 시작  (로그인 세션)...
[TradingView] 1H 캡처 완료 (60)
[TradingView] 4H 캡처 완료 (240)
[TradingView] Daily 캡처 완료 (D)
[TradingView] Weekly 캡처 완료 (W)
[TradingView] Monthly 캡처 완료 (M)
[[SP500 차트분석]] DE 차트 5개 처리 완료
[TradingView] CAT 브라우저 세션 시작  (로그인 세션)...
[TradingView] 1H 캡처 완료 (60)
[TradingView] 4H 캡처 완료 (240)
[TradingView] Daily 캡처 완료 (D)
[TradingView] Weekly 캡처 완료 (W)
[TradingView] Monthly 캡처 완료 (M)
[[SP500 차트분석]] CAT 차트 5개 처리 완료
[TradingView] GEV 브라우저 세션 시작  (로그인 세션)...
[TradingView] 1H 캡처 완료 (60)
[TradingView] 4H 캡처 완료 (240)
[TradingView] Daily 캡처 완료 (D)
[TradingView] Weekly 캡처 완료 (W)
[TradingView] Monthly 캡처 완료 (M)
[[SP500 차트분석]] GEV 차트 5개 처리 완료
[TradingView] UNH 브라우저 세션 시작  (로그인 세션)...
[TradingView] 1H 캡처 완료 (60)
[TradingView] 4H 캡처 완료 (240)
[TradingView] Daily 캡처 완료 (D)
[TradingView] Weekly 캡처 완료 (W)
[TradingView] Monthly 캡처 완료 (M)
[[SP500 차트분석]] UNH 차트 5개 처리 완료
[TradingView] ASML 브라우저 세션 시작  (로그인 세션)...
[TradingView] 1H 캡처 완료 (60)
[TradingView] 4H 캡처 완료 (240)
[TradingView] Daily 캡처 완료 (D)
[TradingView] Weekly 캡처 완료 (W)
[TradingView] Monthly 캡처 완료 (M)
[[SP500 차트분석]] ASML 차트 5개 처리 완료
[TradingView] MRVL 브라우저 세션 시작  (로그인 세션)...
[TradingView] 1H 캡처 완료 (60)
[TradingView] 4H 캡처 완료 (240)
[TradingView] Daily 캡처 완료 (D)
[TradingView] Weekly 캡처 완료 (W)
[TradingView] Monthly 캡처 완료 (M)
[[SP500 차트분석]] MRVL 차트 5개 처리 완료
[TradingView] DDOG 브라우저 세션 시작  (로그인 세션)...
[TradingView] 1H 캡처 완료 (60)
[TradingView] 4H 캡처 완료 (240)
[TradingView] Daily 캡처 완료 (D)
[TradingView] Weekly 캡처 완료 (W)
[TradingView] Monthly 캡처 완료 (M)
[[SP500 차트분석]] DDOG 차트 5개 처리 완료
[TradingView] BAC 브라우저 세션 시작  (로그인 세션)...
[TradingView] 1H 캡처 완료 (60)
[TradingView] 4H 캡처 완료 (240)
[TradingView] Daily 캡처 완료 (D)
[TradingView] Weekly 캡처 완료 (W)
[TradingView] Monthly 캡처 완료 (M)
[[SP500 차트분석]] BAC 차트 5개 처리 완료
[TradingView] C 브라우저 세션 시작  (로그인 세션)...
[TradingView] 1H 캡처 완료 (60)
[TradingView] 4H 캡처 완료 (240)
[TradingView] Daily 캡처 완료 (D)
[TradingView] Weekly 캡처 완료 (W)
[TradingView] Monthly 캡처 완료 (M)
[[SP500 차트분석]] C 차트 5개 처리 완료
[TradingView] CRWD 브라우저 세션 시작  (로그인 세션)...
[TradingView] 1H 캡처 완료 (60)
[TradingView] 4H 캡처 완료 (240)
[TradingView] Daily 캡처 완료 (D)
[TradingView] Weekly 캡처 완료 (W)
[TradingView] Monthly 캡처 완료 (M)
[[SP500 차트분석]] CRWD 차트 5개 처리 완료
[TradingView] CSCO 브라우저 세션 시작  (로그인 세션)...
[TradingView] 1H 캡처 완료 (60)
[TradingView] 4H 캡처 완료 (240)
[TradingView] Daily 캡처 완료 (D)
[TradingView] Weekly 캡처 완료 (W)
[TradingView] Monthly 캡처 완료 (M)
[[SP500 차트분석]] CSCO 차트 5개 처리 완료
[TradingView] FTNT 브라우저 세션 시작  (로그인 세션)...
[TradingView] 1H 캡처 완료 (60)
[TradingView] 4H 캡처 완료 (240)
[TradingView] Daily 캡처 완료 (D)
[TradingView] Weekly 캡처 완료 (W)
[TradingView] Monthly 캡처 완료 (M)
[[SP500 차트분석]] FTNT 차트 5개 처리 완료
[TradingView] GS 브라우저 세션 시작  (로그인 세션)...
[TradingView] 1H 캡처 완료 (60)
[TradingView] 4H 캡처 완료 (240)
[TradingView] Daily 캡처 완료 (D)
[TradingView] Weekly 캡처 완료 (W)
[TradingView] Monthly 캡처 완료 (M)
[[SP500 차트분석]] GS 차트 5개 처리 완료
[TradingView] HPE 브라우저 세션 시작  (로그인 세션)...
[TradingView] 1H 캡처 완료 (60)
[TradingView] 4H 캡처 완료 (240)
[TradingView] Daily 캡처 완료 (D)
[TradingView] Weekly 캡처 완료 (W)
[TradingView] Monthly 캡처 완료 (M)
[[SP500 차트분석]] HPE 차트 5개 처리 완료
[TradingView] JPM 브라우저 세션 시작  (로그인 세션)...
[TradingView] 1H 캡처 완료 (60)
[TradingView] 4H 캡처 완료 (240)
[TradingView] Daily 캡처 완료 (D)
[TradingView] Weekly 캡처 완료 (W)
[TradingView] Monthly 캡처 완료 (M)
[[SP500 차트분석]] JPM 차트 5개 처리 완료
[TradingView] LLY 브라우저 세션 시작  (로그인 세션)...
[TradingView] 1H 캡처 완료 (60)
[TradingView] 4H 캡처 완료 (240)
[TradingView] Daily 캡처 완료 (D)
[TradingView] Weekly 캡처 완료 (W)
[TradingView] Monthly 캡처 완료 (M)
[[SP500 차트분석]] LLY 차트 5개 처리 완료
[TradingView] MS 브라우저 세션 시작  (로그인 세션)...
[TradingView] 1H 캡처 완료 (60)
[TradingView] 4H 캡처 완료 (240)
[TradingView] Daily 캡처 완료 (D)
[TradingView] Weekly 캡처 완료 (W)
[TradingView] Monthly 캡처 완료 (M)
[[SP500 차트분석]] MS 차트 5개 처리 완료
[TradingView] PANW 브라우저 세션 시작  (로그인 세션)...
[TradingView] 1H 캡처 완료 (60)
[TradingView] 4H 캡처 완료 (240)
[TradingView] Daily 캡처 완료 (D)
[TradingView] Weekly 캡처 완료 (W)
[TradingView] Monthly 캡처 완료 (M)
[[SP500 차트분석]] PANW 차트 5개 처리 완료
[TradingView] HON 브라우저 세션 시작  (로그인 세션)...
[TradingView] 1H 캡처 완료 (60)
[TradingView] 4H 캡처 완료 (240)
[TradingView] Daily 캡처 완료 (D)
[TradingView] Weekly 캡처 완료 (W)
[TradingView] Monthly 캡처 완료 (M)
[[SP500 차트분석]] HON 차트 5개 처리 완료
[TradingView] ADI 브라우저 세션 시작  (로그인 세션)...
[TradingView] 1H 캡처 완료 (60)
[TradingView] 4H 캡처 완료 (240)
[TradingView] Daily 캡처 완료 (D)
[TradingView] Weekly 캡처 완료 (W)
[TradingView] Monthly 캡처 완료 (M)
[[SP500 차트분석]] ADI 차트 5개 처리 완료
[TradingView] INTC 브라우저 세션 시작  (로그인 세션)...
[TradingView] 1H 캡처 완료 (60)
[TradingView] 4H 캡처 완료 (240)
[TradingView] Daily 캡처 완료 (D)
[TradingView] Weekly 캡처 완료 (W)
[TradingView] Monthly 캡처 완료 (M)
[[SP500 차트분석]] INTC 차트 5개 처리 완료
[TradingView] KLAC 브라우저 세션 시작  (로그인 세션)...
[TradingView] 1H 캡처 완료 (60)
[TradingView] 4H 캡처 완료 (240)
[TradingView] Daily 캡처 완료 (D)
[TradingView] Weekly 캡처 완료 (W)
[TradingView] Monthly 캡처 완료 (M)
[[SP500 차트분석]] KLAC 차트 5개 처리 완료
[TradingView] AMD 브라우저 세션 시작  (로그인 세션)...
[TradingView] 1H 캡처 완료 (60)
[TradingView] 4H 캡처 완료 (240)
[TradingView] Daily 캡처 완료 (D)
[TradingView] Weekly 캡처 완료 (W)
[TradingView] Monthly 캡처 완료 (M)
[[SP500 차트분석]] AMD 차트 5개 처리 완료
[TradingView] ANET 브라우저 세션 시작  (로그인 세션)...
[TradingView] 1H 캡처 완료 (60)
[TradingView] 4H 캡처 완료 (240)
[TradingView] Daily 캡처 완료 (D)
[TradingView] Weekly 캡처 완료 (W)
[TradingView] Monthly 캡처 완료 (M)
[[SP500 차트분석]] ANET 차트 5개 처리 완료
[TradingView] APH 브라우저 세션 시작  (로그인 세션)...
[TradingView] 1H 캡처 완료 (60)
[TradingView] 4H 캡처 완료 (240)
[TradingView] Daily 캡처 완료 (D)
[TradingView] Weekly 캡처 완료 (W)
[TradingView] Monthly 캡처 완료 (M)
[[SP500 차트분석]] APH 차트 5개 처리 완료
[TradingView] DELL 브라우저 세션 시작  (로그인 세션)...
[TradingView] 1H 캡처 완료 (60)
[TradingView] 4H 캡처 완료 (240)
[TradingView] Daily 캡처 완료 (D)
[TradingView] Weekly 캡처 완료 (W)
[TradingView] Monthly 캡처 완료 (M)
[[SP500 차트분석]] DELL 차트 5개 처리 완료
[TradingView] MU 브라우저 세션 시작  (로그인 세션)...
[TradingView] 1H 캡처 완료 (60)
[TradingView] 4H 캡처 완료 (240)
[TradingView] Daily 캡처 완료 (D)
[TradingView] Weekly 캡처 완료 (W)
[TradingView] Monthly 캡처 완료 (M)
[[SP500 차트분석]] MU 차트 5개 처리 완료
[TradingView] LRCX 브라우저 세션 시작  (로그인 세션)...
[TradingView] 1H 캡처 완료 (60)
[TradingView] 4H 캡처 완료 (240)
[TradingView] Daily 캡처 완료 (D)
[TradingView] Weekly 캡처 완료 (W)
[TradingView] Monthly 캡처 완료 (M)
[[SP500 차트분석]] LRCX 차트 5개 처리 완료
[TradingView] AAPL 브라우저 세션 시작  (로그인 세션)...
[TradingView] 1H 캡처 완료 (60)
[TradingView] 4H 캡처 완료 (240)
[TradingView] Daily 캡처 완료 (D)
[TradingView] Weekly 캡처 완료 (W)
[TradingView] Monthly 캡처 완료 (M)
[[SP500 차트분석]] AAPL 차트 5개 처리 완료
[TradingView] F 브라우저 세션 시작  (로그인 세션)...
[TradingView] 1H 캡처 완료 (60)
[TradingView] 4H 캡처 완료 (240)
[TradingView] Daily 캡처 완료 (D)
[TradingView] Weekly 캡처 완료 (W)
[TradingView] Monthly 캡처 완료 (M)
[[SP500 차트분석]] F 차트 5개 처리 완료
[TradingView] GLW 브라우저 세션 시작  (로그인 세션)...
[TradingView] 1H 캡처 완료 (60)
[TradingView] 4H 캡처 완료 (240)
[TradingView] Daily 캡처 완료 (D)
[TradingView] Weekly 캡처 완료 (W)
[TradingView] Monthly 캡처 완료 (M)
[[SP500 차트분석]] GLW 차트 5개 처리 완료
[TradingView] TXN 브라우저 세션 시작  (로그인 세션)...
[TradingView] 1H 캡처 완료 (60)
[TradingView] 4H 캡처 완료 (240)
[TradingView] Daily 캡처 완료 (D)
[TradingView] Weekly 캡처 완료 (W)
[TradingView] Monthly 캡처 완료 (M)
[[SP500 차트분석]] TXN 차트 5개 처리 완료
[TradingView] FSLR 브라우저 세션 시작  (로그인 세션)...
[TradingView] 1H 캡처 완료 (60)
[TradingView] 4H 캡처 완료 (240)
[TradingView] Daily 캡처 완료 (D)
[TradingView] Weekly 캡처 완료 (W)
[TradingView] Monthly 캡처 완료 (M)
[[SP500 차트분석]] FSLR 차트 5개 처리 완료
[TradingView] QCOM 브라우저 세션 시작  (로그인 세션)...
[TradingView] 1H 캡처 완료 (60)
[TradingView] 4H 캡처 완료 (240)
[TradingView] Daily 캡처 완료 (D)
[TradingView] Weekly 캡처 완료 (W)
[TradingView] Monthly 캡처 완료 (M)
[[SP500 차트분석]] QCOM 차트 5개 처리 완료
[TradingView] CDNS 브라우저 세션 시작  (로그인 세션)...
[TradingView] 1H 캡처 완료 (60)
[TradingView] 4H 캡처 완료 (240)
[TradingView] Daily 캡처 완료 (D)
[TradingView] Weekly 캡처 완료 (W)
[TradingView] Monthly 캡처 완료 (M)
[[SP500 차트분석]] CDNS 차트 5개 처리 완료
[TradingView] FCX 브라우저 세션 시작  (로그인 세션)...
[TradingView] 1H 캡처 완료 (60)
[TradingView] 4H 캡처 완료 (240)
[TradingView] Daily 캡처 완료 (D)
[TradingView] Weekly 캡처 완료 (W)
[TradingView] Monthly 캡처 완료 (M)
[[SP500 차트분석]] FCX 차트 5개 처리 완료
[TradingView] ON 브라우저 세션 시작  (로그인 세션)...
[TradingView] 1H 캡처 완료 (60)
[TradingView] 4H 캡처 완료 (240)
[TradingView] Daily 캡처 완료 (D)
[TradingView] Weekly 캡처 완료 (W)
[TradingView] Monthly 캡처 완료 (M)
[[SP500 차트분석]] ON 차트 5개 처리 완료
[TradingView] RCL 브라우저 세션 시작  (로그인 세션)...
[TradingView] 1H 캡처 완료 (60)
[TradingView] 4H 캡처 완료 (240)
[TradingView] Daily 캡처 완료 (D)
[TradingView] Weekly 캡처 완료 (W)
[TradingView] Monthly 캡처 완료 (M)
[[SP500 차트분석]] RCL 차트 5개 처리 완료
[TradingView] TER 브라우저 세션 시작  (로그인 세션)...
[TradingView] 1H 캡처 완료 (60)
[TradingView] 4H 캡처 완료 (240)
[TradingView] Daily 캡처 완료 (D)
[TradingView] Weekly 캡처 완료 (W)
[TradingView] Monthly 캡처 완료 (M)
[[SP500 차트분석]] TER 차트 5개 처리 완료
[TradingView] STX 브라우저 세션 시작  (로그인 세션)...
[TradingView] 1H 캡처 완료 (60)
[TradingView] 4H 캡처 완료 (240)
[TradingView] Daily 캡처 완료 (D)
[TradingView] Weekly 캡처 완료 (W)
[TradingView] Monthly 캡처 완료 (M)
[[SP500 차트분석]] STX 차트 5개 처리 완료
[TradingView] IWM 브라우저 세션 시작  (로그인 세션)...
[TradingView] 1H 캡처 완료 (60)
[TradingView] 4H 캡처 완료 (240)
[TradingView] Daily 캡처 완료 (D)
[TradingView] Weekly 캡처 완료 (W)
[TradingView] Monthly 캡처 완료 (M)
[[SP500 차트분석]] IWM 차트 5개 처리 완료
[TradingView] HOOD 브라우저 세션 시작  (로그인 세션)...
[TradingView] 1H 캡처 완료 (60)
[TradingView] 4H 캡처 완료 (240)
[TradingView] Daily 캡처 완료 (D)
[TradingView] Weekly 캡처 완료 (W)
[TradingView] Monthly 캡처 완료 (M)
[[SP500 차트분석]] HOOD 차트 5개 처리 완료
[TradingView] AMAT 브라우저 세션 시작  (로그인 세션)...
[TradingView] 1H 캡처 완료 (60)
[TradingView] 4H 캡처 완료 (240)
[TradingView] Daily 캡처 완료 (D)
[TradingView] Weekly 캡처 완료 (W)
[TradingView] Monthly 캡처 완료 (M)
[[SP500 차트분석]] AMAT 차트 5개 처리 완료
[TradingView] NXPI 브라우저 세션 시작  (로그인 세션)...
[TradingView] 1H 캡처 완료 (60)
[TradingView] 4H 캡처 완료 (240)
[TradingView] Daily 캡처 완료 (D)
[TradingView] Weekly 캡처 완료 (W)
[TradingView] Monthly 캡처 완료 (M)
[[SP500 차트분석]] NXPI 차트 5개 처리 완료
[TradingView] GOOGL 브라우저 세션 시작  (로그인 세션)...
[TradingView] 1H 캡처 완료 (60)
[TradingView] 4H 캡처 완료 (240)
[TradingView] Daily 캡처 완료 (D)
[TradingView] Weekly 캡처 완료 (W)
[TradingView] Monthly 캡처 완료 (M)
[[SP500 차트분석]] GOOGL 차트 5개 처리 완료
[TradingView] GOOG 브라우저 세션 시작  (로그인 세션)...
[TradingView] 1H 캡처 완료 (60)
[TradingView] 4H 캡처 완료 (240)
[TradingView] Daily 캡처 완료 (D)
[TradingView] Weekly 캡처 완료 (W)
[TradingView] Monthly 캡처 완료 (M)
[[SP500 차트분석]] GOOG 차트 5개 처리 완료
[TradingView] MCHP 브라우저 세션 시작  (로그인 세션)...
[TradingView] 1H 캡처 완료 (60)
[TradingView] 4H 캡처 완료 (240)
[TradingView] Daily 캡처 완료 (D)
[TradingView] Weekly 캡처 완료 (W)
[TradingView] Monthly 캡처 완료 (M)
[[SP500 차트분석]] MCHP 차트 5개 처리 완료
[TradingView] TJX 브라우저 세션 시작  (로그인 세션)...
[TradingView] 1H 캡처 완료 (60)
[TradingView] 4H 캡처 완료 (240)
[TradingView] Daily 캡처 완료 (D)
[TradingView] Weekly 캡처 완료 (W)
[TradingView] Monthly 캡처 완료 (M)
[[SP500 차트분석]] TJX 차트 5개 처리 완료
[TradingView] MRK 브라우저 세션 시작  (로그인 세션)...
[TradingView] 1H 캡처 완료 (60)
[TradingView] 4H 캡처 완료 (240)
[TradingView] Daily 캡처 완료 (D)
[TradingView] Weekly 캡처 완료 (W)
[TradingView] Monthly 캡처 완료 (M)
[[SP500 차트분석]] MRK 차트 5개 처리 완료
[TradingView] SPY 브라우저 세션 시작  (로그인 세션)...
[TradingView] 1H 캡처 완료 (60)
[TradingView] 4H 캡처 완료 (240)
[TradingView] Daily 캡처 완료 (D)
[TradingView] Weekly 캡처 완료 (W)
[TradingView] Monthly 캡처 완료 (M)
[[SP500 차트분석]] SPY 차트 5개 처리 완료
[TradingView] SBUX 브라우저 세션 시작  (로그인 세션)...
[TradingView] 1H 캡처 완료 (60)
[TradingView] 4H 캡처 완료 (240)
[TradingView] Daily 캡처 완료 (D)
[TradingView] Weekly 캡처 완료 (W)
[TradingView] Monthly 캡처 완료 (M)
[[SP500 차트분석]] SBUX 차트 5개 처리 완료
[TradingView] WDC 브라우저 세션 시작  (로그인 세션)...
[TradingView] 1H 캡처 완료 (60)
[TradingView] 4H 캡처 완료 (240)
[TradingView] Daily 캡처 완료 (D)
[TradingView] Weekly 캡처 완료 (W)
[TradingView] Monthly 캡처 완료 (M)
[[SP500 차트분석]] WDC 차트 5개 처리 완료
[TradingView] MPWR 브라우저 세션 시작  (로그인 세션)...
[TradingView] 1H 캡처 완료 (60)
[TradingView] 4H 캡처 완료 (240)
[TradingView] Daily 캡처 완료 (D)
[TradingView] Weekly 캡처 완료 (W)
[TradingView] Monthly 캡처 완료 (M)
[[SP500 차트분석]] MPWR 차트 5개 처리 완료
[TradingView] AVGO 브라우저 세션 시작  (로그인 세션)...
[TradingView] 1H 캡처 완료 (60)
[TradingView] 4H 캡처 완료 (240)
[TradingView] Daily 캡처 완료 (D)
[TradingView] Weekly 캡처 완료 (W)
[TradingView] Monthly 캡처 완료 (M)
[[SP500 차트분석]] AVGO 차트 5개 처리 완료
[TradingView] ORCL 브라우저 세션 시작  (로그인 세션)...
[TradingView] 1H 캡처 완료 (60)
[TradingView] 4H 캡처 완료 (240)
[TradingView] Daily 캡처 완료 (D)
[TradingView] Weekly 캡처 완료 (W)
[TradingView] Monthly 캡처 완료 (M)
[[SP500 차트분석]] ORCL 차트 5개 처리 완료
[TradingView] QQQ 브라우저 세션 시작  (로그인 세션)...
[TradingView] 1H 캡처 완료 (60)
[TradingView] 4H 캡처 완료 (240)
[TradingView] Daily 캡처 완료 (D)
[TradingView] Weekly 캡처 완료 (W)
[TradingView] Monthly 캡처 완료 (M)
[[SP500 차트분석]] QQQ 차트 5개 처리 완료
[TradingView] AXP 브라우저 세션 시작  (로그인 세션)...
[TradingView] 1H 캡처 완료 (60)
[TradingView] 4H 캡처 완료 (240)
[TradingView] Daily 캡처 완료 (D)
[TradingView] Weekly 캡처 완료 (W)
[TradingView] Monthly 캡처 완료 (M)
[[SP500 차트분석]] AXP 차트 5개 처리 완료
[TradingView] AMZN 브라우저 세션 시작  (로그인 세션)...
[TradingView] 1H 캡처 완료 (60)
[TradingView] 4H 캡처 완료 (240)
[TradingView] Daily 캡처 완료 (D)
[TradingView] Weekly 캡처 완료 (W)
[TradingView] Monthly 캡처 완료 (M)
[[SP500 차트분석]] AMZN 차트 5개 처리 완료
[TradingView] TSLA 브라우저 세션 시작  (로그인 세션)...
[TradingView] 1H 캡처 완료 (60)
[TradingView] 4H 캡처 완료 (240)
[TradingView] Daily 캡처 완료 (D)
[TradingView] Weekly 캡처 완료 (W)
[TradingView] Monthly 캡처 완료 (M)
[[SP500 차트분석]] TSLA 차트 5개 처리 완료
[TradingView] ABBV 브라우저 세션 시작  (로그인 세션)...
[TradingView] 1H 캡처 완료 (60)
[TradingView] 4H 캡처 완료 (240)
[TradingView] Daily 캡처 완료 (D)
[TradingView] Weekly 캡처 완료 (W)
[TradingView] Monthly 캡처 완료 (M)
[[SP500 차트분석]] ABBV 차트 5개 처리 완료
[TradingView] NVDA 브라우저 세션 시작  (로그인 세션)...
[TradingView] 1H 캡처 완료 (60)
[TradingView] 4H 캡처 완료 (240)
[TradingView] Daily 캡처 완료 (D)
[TradingView] Weekly 캡처 완료 (W)
[TradingView] Monthly 캡처 완료 (M)
[[SP500 차트분석]] NVDA 차트 5개 처리 완료
[TradingView] IBM 브라우저 세션 시작  (로그인 세션)...
[TradingView] 1H 캡처 완료 (60)
[TradingView] 4H 캡처 완료 (240)
[TradingView] Daily 캡처 완료 (D)
[TradingView] Weekly 캡처 완료 (W)
[TradingView] Monthly 캡처 완료 (M)
[[SP500 차트분석]] IBM 차트 5개 처리 완료
[TradingView] LIN 브라우저 세션 시작  (로그인 세션)...
[TradingView] 1H 캡처 완료 (60)
[TradingView] 4H 캡처 완료 (240)
[TradingView] Daily 캡처 완료 (D)
[TradingView] Weekly 캡처 완료 (W)
[TradingView] Monthly 캡처 완료 (M)
[[SP500 차트분석]] LIN 차트 5개 처리 완료
[TradingView] ROST 브라우저 세션 시작  (로그인 세션)...
[TradingView] 1H 캡처 완료 (60)
[TradingView] 4H 캡처 완료 (240)
[TradingView] Daily 캡처 완료 (D)
[TradingView] Weekly 캡처 완료 (W)
[TradingView] Monthly 캡처 완료 (M)
[[SP500 차트분석]] ROST 차트 5개 처리 완료
[TradingView] PG 브라우저 세션 시작  (로그인 세션)...
[TradingView] 1H 캡처 완료 (60)
[TradingView] 4H 캡처 완료 (240)
[TradingView] Daily 캡처 완료 (D)
[TradingView] Weekly 캡처 완료 (W)
[TradingView] Monthly 캡처 완료 (M)
[[SP500 차트분석]] PG 차트 5개 처리 완료
[TradingView] KO 브라우저 세션 시작  (로그인 세션)...
[TradingView] 1H 캡처 완료 (60)
[TradingView] 4H 캡처 완료 (240)
[TradingView] Daily 캡처 완료 (D)
[TradingView] Weekly 캡처 완료 (W)
[TradingView] Monthly 캡처 완료 (M)
[[SP500 차트분석]] KO 차트 5개 처리 완료
[TradingView] V 브라우저 세션 시작  (로그인 세션)...
[TradingView] 1H 캡처 완료 (60)
[TradingView] 4H 캡처 완료 (240)
[TradingView] Daily 캡처 완료 (D)
[TradingView] Weekly 캡처 완료 (W)
[TradingView] Monthly 캡처 완료 (M)
[[SP500 차트분석]] V 차트 5개 처리 완료
[TradingView] SMCI 브라우저 세션 시작  (로그인 세션)...
[TradingView] 1H 캡처 완료 (60)
[TradingView] 4H 캡처 완료 (240)
[TradingView] Daily 캡처 완료 (D)
[TradingView] Weekly 캡처 완료 (W)
[TradingView] Monthly 캡처 완료 (M)
[[SP500 차트분석]] SMCI 차트 5개 처리 완료
[TradingView] WELL 브라우저 세션 시작  (로그인 세션)...
[TradingView] 1H 캡처 완료 (60)
[TradingView] 4H 캡처 완료 (240)
[TradingView] Daily 캡처 완료 (D)
[TradingView] Weekly 캡처 완료 (W)
[TradingView] Monthly 캡처 완료 (M)
[[SP500 차트분석]] WELL 차트 5개 처리 완료
[TradingView] PM 브라우저 세션 시작  (로그인 세션)...
[TradingView] 1H 캡처 완료 (60)
[TradingView] 4H 캡처 완료 (240)
[TradingView] Daily 캡처 완료 (D)
[TradingView] Weekly 캡처 완료 (W)
[TradingView] Monthly 캡처 완료 (M)
[[SP500 차트분석]] PM 차트 5개 처리 완료
[TradingView] RTX 브라우저 세션 시작  (로그인 세션)...
[TradingView] 1H 캡처 완료 (60)
[TradingView] 4H 캡처 완료 (240)
[TradingView] Daily 캡처 완료 (D)
[TradingView] Weekly 캡처 완료 (W)
[TradingView] Monthly 캡처 완료 (M)
[[SP500 차트분석]] RTX 차트 5개 처리 완료
[TradingView] BRK-B 브라우저 세션 시작  (로그인 세션)...
[TradingView] 1H 캡처 완료 (60)
[TradingView] 4H 캡처 완료 (240)
[TradingView] Daily 캡처 완료 (D)
[TradingView] Weekly 캡처 완료 (W)
[TradingView] Monthly 캡처 완료 (M)
[[SP500 차트분석]] BRK-B 차트 5개 처리 완료
[TradingView] JNJ 브라우저 세션 시작  (로그인 세션)...
[TradingView] 1H 캡처 완료 (60)
[TradingView] 4H 캡처 완료 (240)
[TradingView] Daily 캡처 완료 (D)
[TradingView] Weekly 캡처 완료 (W)
[TradingView] Monthly 캡처 완료 (M)
[[SP500 차트분석]] JNJ 차트 5개 처리 완료
[TradingView] BA 브라우저 세션 시작  (로그인 세션)...
[TradingView] 1H 캡처 완료 (60)
[TradingView] 4H 캡처 완료 (240)
[TradingView] Daily 캡처 완료 (D)
[TradingView] Weekly 캡처 완료 (W)
[TradingView] Monthly 캡처 완료 (M)
[[SP500 차트분석]] BA 차트 5개 처리 완료
[TradingView] UNP 브라우저 세션 시작  (로그인 세션)...
[TradingView] 1H 캡처 완료 (60)
[TradingView] 4H 캡처 완료 (240)
[TradingView] Daily 캡처 완료 (D)
[TradingView] Weekly 캡처 완료 (W)
[TradingView] Monthly 캡처 완료 (M)
[[SP500 차트분석]] UNP 차트 5개 처리 완료
[TradingView] PFE 브라우저 세션 시작  (로그인 세션)...
[TradingView] 1H 캡처 완료 (60)
[TradingView] 4H 캡처 완료 (240)
[TradingView] Daily 캡처 완료 (D)
[TradingView] Weekly 캡처 완료 (W)
[TradingView] Monthly 캡처 완료 (M)
[[SP500 차트분석]] PFE 차트 5개 처리 완료
[TradingView] NEE 브라우저 세션 시작  (로그인 세션)...
[TradingView] 1H 캡처 완료 (60)
[TradingView] 4H 캡처 완료 (240)
[TradingView] Daily 캡처 완료 (D)
[TradingView] Weekly 캡처 완료 (W)
[TradingView] Monthly 캡처 완료 (M)
[[SP500 차트분석]] NEE 차트 5개 처리 완료
[TradingView] DIS 브라우저 세션 시작  (로그인 세션)...
[TradingView] 1H 캡처 완료 (60)
[TradingView] 4H 캡처 완료 (240)
[TradingView] Daily 캡처 완료 (D)
[TradingView] Weekly 캡처 완료 (W)
[TradingView] Monthly 캡처 완료 (M)
[[SP500 차트분석]] DIS 차트 5개 처리 완료
[TradingView] SNPS 브라우저 세션 시작  (로그인 세션)...
[TradingView] 1H 캡처 완료 (60)
[TradingView] 4H 캡처 완료 (240)
[TradingView] Daily 캡처 완료 (D)
[TradingView] Weekly 캡처 완료 (W)
[TradingView] Monthly 캡처 완료 (M)
[[SP500 차트분석]] SNPS 차트 5개 처리 완료
[TradingView] META 브라우저 세션 시작  (로그인 세션)...
[TradingView] 1H 캡처 완료 (60)
[TradingView] 4H 캡처 완료 (240)
[TradingView] Daily 캡처 완료 (D)
[TradingView] Weekly 캡처 완료 (W)
[TradingView] Monthly 캡처 완료 (M)
[[SP500 차트분석]] META 차트 5개 처리 완료
[TradingView] NFLX 브라우저 세션 시작  (로그인 세션)...
[TradingView] 1H 캡처 완료 (60)
[TradingView] 4H 캡처 완료 (240)
[TradingView] Daily 캡처 완료 (D)
[TradingView] Weekly 캡처 완료 (W)
[TradingView] Monthly 캡처 완료 (M)
[[SP500 차트분석]] NFLX 차트 5개 처리 완료
[TradingView] T 브라우저 세션 시작  (로그인 세션)...
[TradingView] 1H 캡처 완료 (60)
[TradingView] 4H 캡처 완료 (240)
[TradingView] Daily 캡처 완료 (D)
[TradingView] Weekly 캡처 완료 (W)
[TradingView] Monthly 캡처 완료 (M)
[[SP500 차트분석]] T 차트 5개 처리 완료
[TradingView] AZO 브라우저 세션 시작  (로그인 세션)...
[TradingView] 1H 캡처 완료 (60)
[TradingView] 4H 캡처 완료 (240)
[TradingView] Daily 캡처 완료 (D)
[TradingView] Weekly 캡처 완료 (W)
[TradingView] Monthly 캡처 완료 (M)
[[SP500 차트분석]] AZO 차트 5개 처리 완료
[TradingView] CME 브라우저 세션 시작  (로그인 세션)...
[TradingView] 1H 캡처 완료 (60)
[TradingView] 4H 캡처 완료 (240)
[TradingView] Daily 캡처 완료 (D)
[TradingView] Weekly 캡처 완료 (W)
[TradingView] Monthly 캡처 완료 (M)
[[SP500 차트분석]] CME 차트 5개 처리 완료
[TradingView] ADBE 브라우저 세션 시작  (로그인 세션)...
[TradingView] 1H 캡처 완료 (60)
[TradingView] 4H 캡처 완료 (240)
[TradingView] Daily 캡처 완료 (D)
[TradingView] Weekly 캡처 완료 (W)
[TradingView] Monthly 캡처 완료 (M)
[[SP500 차트분석]] ADBE 차트 5개 처리 완료
[TradingView] CRM 브라우저 세션 시작  (로그인 세션)...
[TradingView] 1H 캡처 완료 (60)
[TradingView] 4H 캡처 완료 (240)
[TradingView] Daily 캡처 완료 (D)
[TradingView] Weekly 캡처 완료 (W)
[TradingView] Monthly 캡처 완료 (M)
[[SP500 차트분석]] CRM 차트 5개 처리 완료
[TradingView] INTU 브라우저 세션 시작  (로그인 세션)...
[TradingView] 1H 캡처 완료 (60)
[TradingView] 4H 캡처 완료 (240)
[TradingView] Daily 캡처 완료 (D)
[TradingView] Weekly 캡처 완료 (W)
[TradingView] Monthly 캡처 완료 (M)
[[SP500 차트분석]] INTU 차트 5개 처리 완료
[TradingView] TKR 브라우저 세션 시작  (로그인 세션)...
[TradingView] 1H 캡처 완료 (60)
[TradingView] 4H 캡처 완료 (240)
[TradingView] Daily 캡처 완료 (D)
[TradingView] Weekly 캡처 완료 (W)
[TradingView] Monthly 캡처 완료 (M)
[[SP500 차트분석]] TKR 차트 5개 처리 완료
[TradingView] LRN 브라우저 세션 시작  (로그인 세션)...
[TradingView] 1H 캡처 완료 (60)
[TradingView] 4H 캡처 완료 (240)
[TradingView] Daily 캡처 완료 (D)
[TradingView] Weekly 캡처 완료 (W)
[TradingView] Monthly 캡처 완료 (M)
[[SP500 차트분석]] LRN 차트 5개 처리 완료
[TradingView] 티커 매핑 적용: NBM.V -> NBM
[TradingView] NBM.V 브라우저 세션 시작  (로그인 세션)...
[TradingView] 1H 캡처 완료 (60)
[TradingView] 4H 캡처 완료 (240)
[TradingView] Daily 캡처 완료 (D)
[TradingView] Weekly 캡처 완료 (W)
[TradingView] Monthly 캡처 완료 (M)
[[SP500 차트분석]] NBM.V 차트 5개 처리 완료
[[SP500 차트분석]] 차트 캡처 완료
[[SP500 차트분석]] GitHub에 차트 이미지 푸시 중...
[main e0d6184] Update chart screenshots 1781936333
 898 files changed, 0 insertions(+), 0 deletions(-)
 delete mode 100644 charts/screenshots/AAPL/AAPL_1H_20260619_063717.png
 create mode 100644 charts/screenshots/AAPL/AAPL_1H_20260620_053734.png
 delete mode 100644 charts/screenshots/AAPL/AAPL_4H_20260619_063717.png
 create mode 100644 charts/screenshots/AAPL/AAPL_4H_20260620_053734.png
 delete mode 100644 charts/screenshots/AAPL/AAPL_Daily_20260619_063717.png
 create mode 100644 charts/screenshots/AAPL/AAPL_Daily_20260620_053734.png
 delete mode 100644 charts/screenshots/AAPL/AAPL_Monthly_20260619_063717.png
 create mode 100644 charts/screenshots/AAPL/AAPL_Monthly_20260620_053734.png
 delete mode 100644 charts/screenshots/AAPL/AAPL_Weekly_20260619_063717.png
 create mode 100644 charts/screenshots/AAPL/AAPL_Weekly_20260620_053734.png
 delete mode 100644 charts/screenshots/ABBV/ABBV_1H_20260619_065752.png
 create mode 100644 charts/screenshots/ABBV/ABBV_1H_20260620_055812.png
 delete mode 100644 charts/screenshots/ABBV/ABBV_4H_20260619_065752.png
 create mode 100644 charts/screenshots/ABBV/ABBV_4H_20260620_055812.png
 rename charts/screenshots/ABBV/{ABBV_Daily_20260619_065752.png => ABBV_Daily_20260620_055812.png} (96%)
 delete mode 100644 charts/screenshots/ABBV/ABBV_Monthly_20260619_065752.png
 create mode 100644 charts/screenshots/ABBV/ABBV_Monthly_20260620_055812.png
 delete mode 100644 charts/screenshots/ABBV/ABBV_Weekly_20260619_065752.png
 create mode 100644 charts/screenshots/ABBV/ABBV_Weekly_20260620_055812.png
 delete mode 100644 charts/screenshots/ADBE/ADBE_1H_20260619_071433.png
 create mode 100644 charts/screenshots/ADBE/ADBE_1H_20260620_061446.png
 delete mode 100644 charts/screenshots/ADBE/ADBE_4H_20260619_071433.png
 create mode 100644 charts/screenshots/ADBE/ADBE_4H_20260620_061446.png
 delete mode 100644 charts/screenshots/ADBE/ADBE_Daily_20260619_071433.png
 create mode 100644 charts/screenshots/ADBE/ADBE_Daily_20260620_061446.png
 delete mode 100644 charts/screenshots/ADBE/ADBE_Monthly_20260619_071433.png
 create mode 100644 charts/screenshots/ADBE/ADBE_Monthly_20260620_061446.png
 delete mode 100644 charts/screenshots/ADBE/ADBE_Weekly_20260619_071433.png
 create mode 100644 charts/screenshots/ADBE/ADBE_Weekly_20260620_061446.png
 delete mode 100644 charts/screenshots/ADI/ADI_1H_20260619_063119.png
 create mode 100644 charts/screenshots/ADI/ADI_1H_20260620_053130.png
 delete mode 100644 charts/screenshots/ADI/ADI_4H_20260619_063119.png
 create mode 100644 charts/screenshots/ADI/ADI_4H_20260620_053130.png
 delete mode 100644 charts/screenshots/ADI/ADI_Daily_20260619_063119.png
 create mode 100644 charts/screenshots/ADI/ADI_Daily_20260620_053130.png
 delete mode 100644 charts/screenshots/ADI/ADI_Monthly_20260619_063119.png
 create mode 100644 charts/screenshots/ADI/ADI_Monthly_20260620_053130.png
 delete mode 100644 charts/screenshots/ADI/ADI_Weekly_20260619_063119.png
 create mode 100644 charts/screenshots/ADI/ADI_Weekly_20260620_053130.png
 delete mode 100644 charts/screenshots/AMAT/AMAT_1H_20260619_064634.png
 create mode 100644 charts/screenshots/AMAT/AMAT_1H_20260620_054653.png
 delete mode 100644 charts/screenshots/AMAT/AMAT_4H_20260619_064634.png
 create mode 100644 charts/screenshots/AMAT/AMAT_4H_20260620_054653.png
 delete mode 100644 charts/screenshots/AMAT/AMAT_Daily_20260619_064634.png
 create mode 100644 charts/screenshots/AMAT/AMAT_Daily_20260620_054653.png
 delete mode 100644 charts/screenshots/AMAT/AMAT_Monthly_20260619_064634.png
 create mode 100644 charts/screenshots/AMAT/AMAT_Monthly_20260620_054653.png
 delete mode 100644 charts/screenshots/AMAT/AMAT_Weekly_20260619_064634.png
 create mode 100644 charts/screenshots/AMAT/AMAT_Weekly_20260620_054653.png
 delete mode 100644 charts/screenshots/AMD/AMD_1H_20260619_063318.png
 create mode 100644 charts/screenshots/AMD/AMD_1H_20260620_053329.png
 delete mode 100644 charts/screenshots/AMD/AMD_4H_20260619_063318.png
 create mode 100644 charts/screenshots/AMD/AMD_4H_20260620_053329.png
 delete mode 100644 charts/screenshots/AMD/AMD_Daily_20260619_063318.png
 create mode 100644 charts/screenshots/AMD/AMD_Daily_20260620_053329.png
 delete mode 100644 charts/screenshots/AMD/AMD_Monthly_20260619_063318.png
 create mode 100644 charts/screenshots/AMD/AMD_Monthly_20260620_053329.png
 delete mode 100644 charts/screenshots/AMD/AMD_Weekly_20260619_063318.png
 create mode 100644 charts/screenshots/AMD/AMD_Weekly_20260620_053329.png
 delete mode 100644 charts/screenshots/AMZN/AMZN_1H_20260619_065632.png
 create mode 100644 charts/screenshots/AMZN/AMZN_1H_20260620_055651.png
 rename charts/screenshots/AMZN/{AMZN_4H_20260619_065632.png => AMZN_4H_20260620_055651.png} (97%)
 delete mode 100644 charts/screenshots/AMZN/AMZN_Daily_20260619_065632.png
 create mode 100644 charts/screenshots/AMZN/AMZN_Daily_20260620_055651.png
 delete mode 100644 charts/screenshots/AMZN/AMZN_Monthly_20260619_065632.png
 create mode 100644 charts/screenshots/AMZN/AMZN_Monthly_20260620_055651.png
 delete mode 100644 charts/screenshots/AMZN/AMZN_Weekly_20260619_065632.png
 create mode 100644 charts/screenshots/AMZN/AMZN_Weekly_20260620_055651.png
 delete mode 100644 charts/screenshots/ANET/ANET_1H_20260619_063358.png
 create mode 100644 charts/screenshots/ANET/ANET_1H_20260620_053409.png
 delete mode 100644 charts/screenshots/ANET/ANET_4H_20260619_063358.png
 create mode 100644 charts/screenshots/ANET/ANET_4H_20260620_053409.png
 delete mode 100644 charts/screenshots/ANET/ANET_Daily_20260619_063358.png
 create mode 100644 charts/screenshots/ANET/ANET_Daily_20260620_053409.png
 delete mode 100644 charts/screenshots/ANET/ANET_Monthly_20260619_063358.png
 create mode 100644 charts/screenshots/ANET/ANET_Monthly_20260620_053409.png
 delete mode 100644 charts/screenshots/ANET/ANET_Weekly_20260619_063358.png
 create mode 100644 charts/screenshots/ANET/ANET_Weekly_20260620_053409.png
 delete mode 100644 charts/screenshots/APH/APH_1H_20260619_063438.png
 create mode 100644 charts/screenshots/APH/APH_1H_20260620_053449.png
 delete mode 100644 charts/screenshots/APH/APH_4H_20260619_063438.png
 create mode 100644 charts/screenshots/APH/APH_4H_20260620_053449.png
 delete mode 100644 charts/screenshots/APH/APH_Daily_20260619_063438.png
 create mode 100644 charts/screenshots/APH/APH_Daily_20260620_053449.png
 delete mode 100644 charts/screenshots/APH/APH_Monthly_20260619_063438.png
 create mode 100644 charts/screenshots/APH/APH_Monthly_20260620_053449.png
 delete mode 100644 charts/screenshots/APH/APH_Weekly_20260619_063438.png
 create mode 100644 charts/screenshots/APH/APH_Weekly_20260620_053449.png
 delete mode 100644 charts/screenshots/ASML/ASML_1H_20260619_062122.png
 create mode 100644 charts/screenshots/ASML/ASML_1H_20260620_052132.png
 delete mode 100644 charts/screenshots/ASML/ASML_4H_20260619_062122.png
 create mode 100644 charts/screenshots/ASML/ASML_4H_20260620_052132.png
 delete mode 100644 charts/screenshots/ASML/ASML_Daily_20260619_062122.png
 create mode 100644 charts/screenshots/ASML/ASML_Daily_20260620_052132.png
 delete mode 100644 charts/screenshots/ASML/ASML_Monthly_20260619_062122.png
 create mode 100644 charts/screenshots/ASML/ASML_Monthly_20260620_052132.png
 delete mode 100644 charts/screenshots/ASML/ASML_Weekly_20260619_062122.png
 create mode 100644 charts/screenshots/ASML/ASML_Weekly_20260620_052132.png
 delete mode 100644 charts/screenshots/AVGO/AVGO_1H_20260619_065352.png
 create mode 100644 charts/screenshots/AVGO/AVGO_1H_20260620_055411.png
 delete mode 100644 charts/screenshots/AVGO/AVGO_4H_20260619_065352.png
 create mode 100644 charts/screenshots/AVGO/AVGO_4H_20260620_055411.png
 delete mode 100644 charts/screenshots/AVGO/AVGO_Daily_20260619_065352.png
 create mode 100644 charts/screenshots/AVGO/AVGO_Daily_20260620_055411.png
 delete mode 100644 charts/screenshots/AVGO/AVGO_Monthly_20260619_065352.png
 create mode 100644 charts/screenshots/AVGO/AVGO_Monthly_20260620_055411.png
 delete mode 100644 charts/screenshots/AVGO/AVGO_Weekly_20260619_065352.png
 create mode 100644 charts/screenshots/AVGO/AVGO_Weekly_20260620_055411.png
 rename charts/screenshots/AXP/{AXP_1H_20260619_065552.png => AXP_1H_20260620_055611.png} (92%)
 delete mode 100644 charts/screenshots/AXP/AXP_4H_20260619_065552.png
 create mode 100644 charts/screenshots/AXP/AXP_4H_20260620_055611.png
 delete mode 100644 charts/screenshots/AXP/AXP_Daily_20260619_065552.png
 create mode 100644 charts/screenshots/AXP/AXP_Daily_20260620_055611.png
 delete mode 100644 charts/screenshots/AXP/AXP_Monthly_20260619_065552.png
 create mode 100644 charts/screenshots/AXP/AXP_Monthly_20260620_055611.png
 delete mode 100644 charts/screenshots/AXP/AXP_Weekly_20260619_065552.png
 create mode 100644 charts/screenshots/AXP/AXP_Weekly_20260620_055611.png
 delete mode 100644 charts/screenshots/AZO/AZO_1H_20260619_071313.png
 create mode 100644 charts/screenshots/AZO/AZO_1H_20260620_061326.png
 delete mode 100644 charts/screenshots/AZO/AZO_4H_20260619_071313.png
 create mode 100644 charts/screenshots/AZO/AZO_4H_20260620_061326.png
 delete mode 100644 charts/screenshots/AZO/AZO_Daily_20260619_071313.png
 create mode 100644 charts/screenshots/AZO/AZO_Daily_20260620_061326.png
 delete mode 100644 charts/screenshots/AZO/AZO_Monthly_20260619_071313.png
 create mode 100644 charts/screenshots/AZO/AZO_Monthly_20260620_061326.png
 delete mode 100644 charts/screenshots/AZO/AZO_Weekly_20260619_071313.png
 create mode 100644 charts/screenshots/AZO/AZO_Weekly_20260620_061326.png
 delete mode 100644 charts/screenshots/BA/BA_1H_20260619_070715.png
 create mode 100644 charts/screenshots/BA/BA_1H_20260620_060729.png
 delete mode 100644 charts/screenshots/BA/BA_4H_20260619_070715.png
 create mode 100644 charts/screenshots/BA/BA_4H_20260620_060729.png
 delete mode 100644 charts/screenshots/BA/BA_Daily_20260619_070715.png
 create mode 100644 charts/screenshots/BA/BA_Daily_20260620_060729.png
 delete mode 100644 charts/screenshots/BA/BA_Monthly_20260619_070715.png
 create mode 100644 charts/screenshots/BA/BA_Monthly_20260620_060729.png
 delete mode 100644 charts/screenshots/BA/BA_Weekly_20260619_070715.png
 create mode 100644 charts/screenshots/BA/BA_Weekly_20260620_060729.png
 delete mode 100644 charts/screenshots/BAC/BAC_1H_20260619_062322.png
 create mode 100644 charts/screenshots/BAC/BAC_1H_20260620_052332.png
 delete mode 100644 charts/screenshots/BAC/BAC_4H_20260619_062322.png
 create mode 100644 charts/screenshots/BAC/BAC_4H_20260620_052332.png
 delete mode 100644 charts/screenshots/BAC/BAC_Daily_20260619_062322.png
 create mode 100644 charts/screenshots/BAC/BAC_Daily_20260620_052332.png
 delete mode 100644 charts/screenshots/BAC/BAC_Monthly_20260619_062322.png
 create mode 100644 charts/screenshots/BAC/BAC_Monthly_20260620_052332.png
 delete mode 100644 charts/screenshots/BAC/BAC_Weekly_20260619_062322.png
 create mode 100644 charts/screenshots/BAC/BAC_Weekly_20260620_052332.png
 delete mode 100644 charts/screenshots/BRK-B/BRK-B_1H_20260619_070555.png
 create mode 100644 charts/screenshots/BRK-B/BRK-B_1H_20260620_060610.png
 delete mode 100644 charts/screenshots/BRK-B/BRK-B_4H_20260619_070555.png
 create mode 100644 charts/screenshots/BRK-B/BRK-B_4H_20260620_060610.png
 delete mode 100644 charts/screenshots/BRK-B/BRK-B_Daily_20260619_070555.png
 create mode 100644 charts/screenshots/BRK-B/BRK-B_Daily_20260620_060610.png
 delete mode 100644 charts/screenshots/BRK-B/BRK-B_Monthly_20260619_070555.png
 create mode 100644 charts/screenshots/BRK-B/BRK-B_Monthly_20260620_060610.png
 delete mode 100644 charts/screenshots/BRK-B/BRK-B_Weekly_20260619_070555.png
 create mode 100644 charts/screenshots/BRK-B/BRK-B_Weekly_20260620_060610.png
 delete mode 100644 charts/screenshots/C/C_1H_20260619_062401.png
 create mode 100644 charts/screenshots/C/C_1H_20260620_052413.png
 delete mode 100644 charts/screenshots/C/C_4H_20260619_062401.png
 create mode 100644 charts/screenshots/C/C_4H_20260620_052413.png
 delete mode 100644 charts/screenshots/C/C_Daily_20260619_062401.png
 create mode 100644 charts/screenshots/C/C_Daily_20260620_052413.png
 delete mode 100644 charts/screenshots/C/C_Monthly_20260619_062401.png
 create mode 100644 charts/screenshots/C/C_Monthly_20260620_052413.png
 delete mode 100644 charts/screenshots/C/C_Weekly_20260619_062401.png
 create mode 100644 charts/screenshots/C/C_Weekly_20260620_052413.png
 rename charts/screenshots/CAT/{CAT_1H_20260619_061921.png => CAT_1H_20260620_051931.png} (94%)
 delete mode 100644 charts/screenshots/CAT/CAT_4H_20260619_061921.png
 create mode 100644 charts/screenshots/CAT/CAT_4H_20260620_051931.png
 delete mode 100644 charts/screenshots/CAT/CAT_Daily_20260619_061921.png
 create mode 100644 charts/screenshots/CAT/CAT_Daily_20260620_051931.png
 delete mode 100644 charts/screenshots/CAT/CAT_Monthly_20260619_061921.png
 create mode 100644 charts/screenshots/CAT/CAT_Monthly_20260620_051931.png
 delete mode 100644 charts/screenshots/CAT/CAT_Weekly_20260619_061921.png
 create mode 100644 charts/screenshots/CAT/CAT_Weekly_20260620_051931.png
 delete mode 100644 charts/screenshots/CDNS/CDNS_1H_20260619_064115.png
 create mode 100644 charts/screenshots/CDNS/CDNS_1H_20260620_054133.png
 rename charts/screenshots/CDNS/{CDNS_4H_20260619_064115.png => CDNS_4H_20260620_054133.png} (97%)
 delete mode 100644 charts/screenshots/CDNS/CDNS_Daily_20260619_064115.png
 create mode 100644 charts/screenshots/CDNS/CDNS_Daily_20260620_054133.png
 delete mode 100644 charts/screenshots/CDNS/CDNS_Monthly_20260619_064115.png
 create mode 100644 charts/screenshots/CDNS/CDNS_Monthly_20260620_054133.png
 delete mode 100644 charts/screenshots/CDNS/CDNS_Weekly_20260619_064115.png
 create mode 100644 charts/screenshots/CDNS/CDNS_Weekly_20260620_054133.png
 delete mode 100644 charts/screenshots/CME/CME_1H_20260619_071353.png
 create mode 100644 charts/screenshots/CME/CME_1H_20260620_061406.png
 delete mode 100644 charts/screenshots/CME/CME_4H_20260619_071353.png
 create mode 100644 charts/screenshots/CME/CME_4H_20260620_061406.png
 delete mode 100644 charts/screenshots/CME/CME_Daily_20260619_071353.png
 create mode 100644 charts/screenshots/CME/CME_Daily_20260620_061406.png
 delete mode 100644 charts/screenshots/CME/CME_Monthly_20260619_071353.png
 create mode 100644 charts/screenshots/CME/CME_Monthly_20260620_061406.png
 delete mode 100644 charts/screenshots/CME/CME_Weekly_20260619_071353.png
 create mode 100644 charts/screenshots/CME/CME_Weekly_20260620_061406.png
 delete mode 100644 charts/screenshots/CRM/CRM_1H_20260619_071513.png
 create mode 100644 charts/screenshots/CRM/CRM_1H_20260620_061526.png
 delete mode 100644 charts/screenshots/CRM/CRM_4H_20260619_071513.png
 create mode 100644 charts/screenshots/CRM/CRM_4H_20260620_061526.png
 delete mode 100644 charts/screenshots/CRM/CRM_Daily_20260619_071513.png
 create mode 100644 charts/screenshots/CRM/CRM_Daily_20260620_061526.png
 delete mode 100644 charts/screenshots/CRM/CRM_Monthly_20260619_071513.png
 create mode 100644 charts/screenshots/CRM/CRM_Monthly_20260620_061526.png
 rename charts/screenshots/CRM/{CRM_Weekly_20260619_071513.png => CRM_Weekly_20260620_061526.png} (97%)
 delete mode 100644 charts/screenshots/CRWD/CRWD_1H_20260619_062440.png
 create mode 100644 charts/screenshots/CRWD/CRWD_1H_20260620_052452.png
 delete mode 100644 charts/screenshots/CRWD/CRWD_4H_20260619_062440.png
 create mode 100644 charts/screenshots/CRWD/CRWD_4H_20260620_052452.png
 delete mode 100644 charts/screenshots/CRWD/CRWD_Daily_20260619_062440.png
 create mode 100644 charts/screenshots/CRWD/CRWD_Daily_20260620_052452.png
 delete mode 100644 charts/screenshots/CRWD/CRWD_Monthly_20260619_062440.png
 create mode 100644 charts/screenshots/CRWD/CRWD_Monthly_20260620_052452.png
 delete mode 100644 charts/screenshots/CRWD/CRWD_Weekly_20260619_062440.png
 create mode 100644 charts/screenshots/CRWD/CRWD_Weekly_20260620_052452.png
 delete mode 100644 charts/screenshots/CSCO/CSCO_1H_20260619_062520.png
 create mode 100644 charts/screenshots/CSCO/CSCO_1H_20260620_052531.png
 delete mode 100644 charts/screenshots/CSCO/CSCO_4H_20260619_062520.png
 create mode 100644 charts/screenshots/CSCO/CSCO_4H_20260620_052531.png
 rename charts/screenshots/CSCO/{CSCO_Daily_20260619_062520.png => CSCO_Daily_20260620_052531.png} (66%)
 delete mode 100644 charts/screenshots/CSCO/CSCO_Monthly_20260619_062520.png
 create mode 100644 charts/screenshots/CSCO/CSCO_Monthly_20260620_052531.png
 delete mode 100644 charts/screenshots/CSCO/CSCO_Weekly_20260619_062520.png
 create mode 100644 charts/screenshots/CSCO/CSCO_Weekly_20260620_052531.png
 delete mode 100644 charts/screenshots/DDOG/DDOG_1H_20260619_062242.png
 create mode 100644 charts/screenshots/DDOG/DDOG_1H_20260620_052252.png
 delete mode 100644 charts/screenshots/DDOG/DDOG_4H_20260619_062242.png
 create mode 100644 charts/screenshots/DDOG/DDOG_4H_20260620_052252.png
 delete mode 100644 charts/screenshots/DDOG/DDOG_Daily_20260619_062242.png
 create mode 100644 charts/screenshots/DDOG/DDOG_Daily_20260620_052252.png
 delete mode 100644 charts/screenshots/DDOG/DDOG_Monthly_20260619_062242.png
 create mode 100644 charts/screenshots/DDOG/DDOG_Monthly_20260620_052252.png
 delete mode 100644 charts/screenshots/DDOG/DDOG_Weekly_20260619_062242.png
 create mode 100644 charts/screenshots/DDOG/DDOG_Weekly_20260620_052252.png
 delete mode 100644 charts/screenshots/DE/DE_1H_20260619_061841.png
 create mode 100644 charts/screenshots/DE/DE_1H_20260620_051852.png
 delete mode 100644 charts/screenshots/DE/DE_4H_20260619_061841.png
 create mode 100644 charts/screenshots/DE/DE_4H_20260620_051852.png
 delete mode 100644 charts/screenshots/DE/DE_Daily_20260619_061841.png
 create mode 100644 charts/screenshots/DE/DE_Daily_20260620_051852.png
 delete mode 100644 charts/screenshots/DE/DE_Monthly_20260619_061841.png
 create mode 100644 charts/screenshots/DE/DE_Monthly_20260620_051852.png
 delete mode 100644 charts/screenshots/DE/DE_Weekly_20260619_061841.png
 create mode 100644 charts/screenshots/DE/DE_Weekly_20260620_051852.png
 delete mode 100644 charts/screenshots/DELL/DELL_1H_20260619_063517.png
 create mode 100644 charts/screenshots/DELL/DELL_1H_20260620_053529.png
 delete mode 100644 charts/screenshots/DELL/DELL_4H_20260619_063517.png
 create mode 100644 charts/screenshots/DELL/DELL_4H_20260620_053529.png
 delete mode 100644 charts/screenshots/DELL/DELL_Daily_20260619_063517.png
 create mode 100644 charts/screenshots/DELL/DELL_Daily_20260620_053529.png
 delete mode 100644 charts/screenshots/DELL/DELL_Monthly_20260619_063517.png
 create mode 100644 charts/screenshots/DELL/DELL_Monthly_20260620_053529.png
 delete mode 100644 charts/screenshots/DELL/DELL_Weekly_20260619_063517.png
 create mode 100644 charts/screenshots/DELL/DELL_Weekly_20260620_053529.png
 delete mode 100644 charts/screenshots/DIS/DIS_1H_20260619_070954.png
 create mode 100644 charts/screenshots/DIS/DIS_1H_20260620_061007.png
 delete mode 100644 charts/screenshots/DIS/DIS_4H_20260619_070954.png
 create mode 100644 charts/screenshots/DIS/DIS_4H_20260620_061007.png
 delete mode 100644 charts/screenshots/DIS/DIS_Daily_20260619_070954.png
 create mode 100644 charts/screenshots/DIS/DIS_Daily_20260620_061007.png
 delete mode 100644 charts/screenshots/DIS/DIS_Monthly_20260619_070954.png
 create mode 100644 charts/screenshots/DIS/DIS_Monthly_20260620_061007.png
 delete mode 100644 charts/screenshots/DIS/DIS_Weekly_20260619_070954.png
 create mode 100644 charts/screenshots/DIS/DIS_Weekly_20260620_061007.png
 rename charts/screenshots/ETN/{ETN_1H_20260619_061721.png => ETN_1H_20260620_051732.png} (96%)
 delete mode 100644 charts/screenshots/ETN/ETN_4H_20260619_061721.png
 create mode 100644 charts/screenshots/ETN/ETN_4H_20260620_051732.png
 delete mode 100644 charts/screenshots/ETN/ETN_Daily_20260619_061721.png
 create mode 100644 charts/screenshots/ETN/ETN_Daily_20260620_051732.png
 delete mode 100644 charts/screenshots/ETN/ETN_Monthly_20260619_061721.png
 create mode 100644 charts/screenshots/ETN/ETN_Monthly_20260620_051732.png
 delete mode 100644 charts/screenshots/ETN/ETN_Weekly_20260619_061721.png
 create mode 100644 charts/screenshots/ETN/ETN_Weekly_20260620_051732.png
 delete mode 100644 charts/screenshots/F/F_1H_20260619_063756.png
 create mode 100644 charts/screenshots/F/F_1H_20260620_053814.png
 delete mode 100644 charts/screenshots/F/F_4H_20260619_063756.png
 create mode 100644 charts/screenshots/F/F_4H_20260620_053814.png
 delete mode 100644 charts/screenshots/F/F_Daily_20260619_063756.png
 create mode 100644 charts/screenshots/F/F_Daily_20260620_053814.png
 delete mode 100644 charts/screenshots/F/F_Monthly_20260619_063756.png
 create mode 100644 charts/screenshots/F/F_Monthly_20260620_053814.png
 delete mode 100644 charts/screenshots/F/F_Weekly_20260619_063756.png
 create mode 100644 charts/screenshots/F/F_Weekly_20260620_053814.png
 delete mode 100644 charts/screenshots/FCX/FCX_1H_20260619_064155.png
 create mode 100644 charts/screenshots/FCX/FCX_1H_20260620_054213.png
 delete mode 100644 charts/screenshots/FCX/FCX_4H_20260619_064155.png
 create mode 100644 charts/screenshots/FCX/FCX_4H_20260620_054213.png
 delete mode 100644 charts/screenshots/FCX/FCX_Daily_20260619_064155.png
 create mode 100644 charts/screenshots/FCX/FCX_Daily_20260620_054213.png
 delete mode 100644 charts/screenshots/FCX/FCX_Monthly_20260619_064155.png
 create mode 100644 charts/screenshots/FCX/FCX_Monthly_20260620_054213.png
 delete mode 100644 charts/screenshots/FCX/FCX_Weekly_20260619_064155.png
 create mode 100644 charts/screenshots/FCX/FCX_Weekly_20260620_054213.png
 delete mode 100644 charts/screenshots/FSLR/FSLR_1H_20260619_063955.png
 create mode 100644 charts/screenshots/FSLR/FSLR_1H_20260620_054014.png
 rename charts/screenshots/FSLR/{FSLR_4H_20260619_063955.png => FSLR_4H_20260620_054014.png} (94%)
 delete mode 100644 charts/screenshots/FSLR/FSLR_Daily_20260619_063955.png
 create mode 100644 charts/screenshots/FSLR/FSLR_Daily_20260620_054014.png
 delete mode 100644 charts/screenshots/FSLR/FSLR_Monthly_20260619_063955.png
 create mode 100644 charts/screenshots/FSLR/FSLR_Monthly_20260620_054014.png
 delete mode 100644 charts/screenshots/FSLR/FSLR_Weekly_20260619_063955.png
 create mode 100644 charts/screenshots/FSLR/FSLR_Weekly_20260620_054014.png
 delete mode 100644 charts/screenshots/FTNT/FTNT_1H_20260619_062601.png
 create mode 100644 charts/screenshots/FTNT/FTNT_1H_20260620_052610.png
 delete mode 100644 charts/screenshots/FTNT/FTNT_4H_20260619_062601.png
 create mode 100644 charts/screenshots/FTNT/FTNT_4H_20260620_052610.png
 delete mode 100644 charts/screenshots/FTNT/FTNT_Daily_20260619_062601.png
 create mode 100644 charts/screenshots/FTNT/FTNT_Daily_20260620_052610.png
 delete mode 100644 charts/screenshots/FTNT/FTNT_Monthly_20260619_062601.png
 create mode 100644 charts/screenshots/FTNT/FTNT_Monthly_20260620_052610.png
 delete mode 100644 charts/screenshots/FTNT/FTNT_Weekly_20260619_062601.png
 create mode 100644 charts/screenshots/FTNT/FTNT_Weekly_20260620_052610.png
 delete mode 100644 charts/screenshots/GE/GE_1H_20260619_061801.png
 create mode 100644 charts/screenshots/GE/GE_1H_20260620_051812.png
 delete mode 100644 charts/screenshots/GE/GE_4H_20260619_061801.png
 create mode 100644 charts/screenshots/GE/GE_4H_20260620_051812.png
 delete mode 100644 charts/screenshots/GE/GE_Daily_20260619_061801.png
 create mode 100644 charts/screenshots/GE/GE_Daily_20260620_051812.png
 delete mode 100644 charts/screenshots/GE/GE_Monthly_20260619_061801.png
 create mode 100644 charts/screenshots/GE/GE_Monthly_20260620_051812.png
 delete mode 100644 charts/screenshots/GE/GE_Weekly_20260619_061801.png
 create mode 100644 charts/screenshots/GE/GE_Weekly_20260620_051812.png
 rename charts/screenshots/GEV/{GEV_1H_20260619_062001.png => GEV_1H_20260620_052012.png} (67%)
 rename charts/screenshots/GEV/{GEV_4H_20260619_062001.png => GEV_4H_20260620_052012.png} (70%)
 delete mode 100644 charts/screenshots/GEV/GEV_Daily_20260619_062001.png
 create mode 100644 charts/screenshots/GEV/GEV_Daily_20260620_052012.png
 delete mode 100644 charts/screenshots/GEV/GEV_Monthly_20260619_062001.png
 create mode 100644 charts/screenshots/GEV/GEV_Monthly_20260620_052012.png
 delete mode 100644 charts/screenshots/GEV/GEV_Weekly_20260619_062001.png
 create mode 100644 charts/screenshots/GEV/GEV_Weekly_20260620_052012.png
 delete mode 100644 charts/screenshots/GLW/GLW_1H_20260619_063836.png
 create mode 100644 charts/screenshots/GLW/GLW_1H_20260620_053853.png
 delete mode 100644 charts/screenshots/GLW/GLW_4H_20260619_063836.png
 create mode 100644 charts/screenshots/GLW/GLW_4H_20260620_053853.png
 delete mode 100644 charts/screenshots/GLW/GLW_Daily_20260619_063836.png
 create mode 100644 charts/screenshots/GLW/GLW_Daily_20260620_053853.png
 delete mode 100644 charts/screenshots/GLW/GLW_Monthly_20260619_063836.png
 create mode 100644 charts/screenshots/GLW/GLW_Monthly_20260620_053853.png
 delete mode 100644 charts/screenshots/GLW/GLW_Weekly_20260619_063836.png
 create mode 100644 charts/screenshots/GLW/GLW_Weekly_20260620_053853.png
 delete mode 100644 charts/screenshots/GOOG/GOOG_1H_20260619_064833.png
 create mode 100644 charts/screenshots/GOOG/GOOG_1H_20260620_054851.png
 delete mode 100644 charts/screenshots/GOOG/GOOG_4H_20260619_064833.png
 create mode 100644 charts/screenshots/GOOG/GOOG_4H_20260620_054851.png
 delete mode 100644 charts/screenshots/GOOG/GOOG_Daily_20260619_064833.png
 create mode 100644 charts/screenshots/GOOG/GOOG_Daily_20260620_054851.png
 delete mode 100644 charts/screenshots/GOOG/GOOG_Monthly_20260619_064833.png
 create mode 100644 charts/screenshots/GOOG/GOOG_Monthly_20260620_054851.png
 delete mode 100644 charts/screenshots/GOOG/GOOG_Weekly_20260619_064833.png
 create mode 100644 charts/screenshots/GOOG/GOOG_Weekly_20260620_054851.png
 delete mode 100644 charts/screenshots/GOOGL/GOOGL_1H_20260619_064754.png
 create mode 100644 charts/screenshots/GOOGL/GOOGL_1H_20260620_054812.png
 delete mode 100644 charts/screenshots/GOOGL/GOOGL_4H_20260619_064754.png
 create mode 100644 charts/screenshots/GOOGL/GOOGL_4H_20260620_054812.png
 delete mode 100644 charts/screenshots/GOOGL/GOOGL_Daily_20260619_064754.png
 create mode 100644 charts/screenshots/GOOGL/GOOGL_Daily_20260620_054812.png
 delete mode 100644 charts/screenshots/GOOGL/GOOGL_Monthly_20260619_064754.png
 create mode 100644 charts/screenshots/GOOGL/GOOGL_Monthly_20260620_054812.png
 delete mode 100644 charts/screenshots/GOOGL/GOOGL_Weekly_20260619_064754.png
 create mode 100644 charts/screenshots/GOOGL/GOOGL_Weekly_20260620_054812.png
 delete mode 100644 charts/screenshots/GS/GS_1H_20260619_062641.png
 create mode 100644 charts/screenshots/GS/GS_1H_20260620_052649.png
 delete mode 100644 charts/screenshots/GS/GS_4H_20260619_062641.png
 create mode 100644 charts/screenshots/GS/GS_4H_20260620_052649.png
 delete mode 100644 charts/screenshots/GS/GS_Daily_20260619_062641.png
 create mode 100644 charts/screenshots/GS/GS_Daily_20260620_052649.png
 delete mode 100644 charts/screenshots/GS/GS_Monthly_20260619_062641.png
 create mode 100644 charts/screenshots/GS/GS_Monthly_20260620_052649.png
 delete mode 100644 charts/screenshots/GS/GS_Weekly_20260619_062641.png
 create mode 100644 charts/screenshots/GS/GS_Weekly_20260620_052649.png
 delete mode 100644 charts/screenshots/HON/HON_1H_20260619_063039.png
 create mode 100644 charts/screenshots/HON/HON_1H_20260620_053050.png
 delete mode 100644 charts/screenshots/HON/HON_4H_20260619_063039.png
 create mode 100644 charts/screenshots/HON/HON_4H_20260620_053050.png
 delete mode 100644 charts/screenshots/HON/HON_Daily_20260619_063039.png
 create mode 100644 charts/screenshots/HON/HON_Daily_20260620_053050.png
 delete mode 100644 charts/screenshots/HON/HON_Monthly_20260619_063039.png
 create mode 100644 charts/screenshots/HON/HON_Monthly_20260620_053050.png
 delete mode 100644 charts/screenshots/HON/HON_Weekly_20260619_063039.png
 create mode 100644 charts/screenshots/HON/HON_Weekly_20260620_053050.png
 delete mode 100644 charts/screenshots/HOOD/HOOD_1H_20260619_064554.png
 create mode 100644 charts/screenshots/HOOD/HOOD_1H_20260620_054612.png
 delete mode 100644 charts/screenshots/HOOD/HOOD_4H_20260619_064554.png
 create mode 100644 charts/screenshots/HOOD/HOOD_4H_20260620_054612.png
 delete mode 100644 charts/screenshots/HOOD/HOOD_Daily_20260619_064554.png
 create mode 100644 charts/screenshots/HOOD/HOOD_Daily_20260620_054612.png
 delete mode 100644 charts/screenshots/HOOD/HOOD_Monthly_20260619_064554.png
 create mode 100644 charts/screenshots/HOOD/HOOD_Monthly_20260620_054612.png
 delete mode 100644 charts/screenshots/HOOD/HOOD_Weekly_20260619_064554.png
 create mode 100644 charts/screenshots/HOOD/HOOD_Weekly_20260620_054612.png
 delete mode 100644 charts/screenshots/HPE/HPE_1H_20260619_062721.png
 create mode 100644 charts/screenshots/HPE/HPE_1H_20260620_052730.png
 delete mode 100644 charts/screenshots/HPE/HPE_4H_20260619_062721.png
 create mode 100644 charts/screenshots/HPE/HPE_4H_20260620_052730.png
 delete mode 100644 charts/screenshots/HPE/HPE_Daily_20260619_062721.png
 create mode 100644 charts/screenshots/HPE/HPE_Daily_20260620_052730.png
 delete mode 100644 charts/screenshots/HPE/HPE_Monthly_20260619_062721.png
 create mode 100644 charts/screenshots/HPE/HPE_Monthly_20260620_052730.png
 delete mode 100644 charts/screenshots/HPE/HPE_Weekly_20260619_062721.png
 create mode 100644 charts/screenshots/HPE/HPE_Weekly_20260620_052730.png
 delete mode 100644 charts/screenshots/IBM/IBM_1H_20260619_065911.png
 create mode 100644 charts/screenshots/IBM/IBM_1H_20260620_055931.png
 delete mode 100644 charts/screenshots/IBM/IBM_4H_20260619_065911.png
 create mode 100644 charts/screenshots/IBM/IBM_4H_20260620_055931.png
 delete mode 100644 charts/screenshots/IBM/IBM_Daily_20260619_065911.png
 create mode 100644 charts/screenshots/IBM/IBM_Daily_20260620_055931.png
 delete mode 100644 charts/screenshots/IBM/IBM_Monthly_20260619_065911.png
 create mode 100644 charts/screenshots/IBM/IBM_Monthly_20260620_055931.png
 delete mode 100644 charts/screenshots/IBM/IBM_Weekly_20260619_065911.png
 create mode 100644 charts/screenshots/IBM/IBM_Weekly_20260620_055931.png
 delete mode 100644 charts/screenshots/INTC/INTC_1H_20260619_063159.png
 create mode 100644 charts/screenshots/INTC/INTC_1H_20260620_053210.png
 delete mode 100644 charts/screenshots/INTC/INTC_4H_20260619_063159.png
 create mode 100644 charts/screenshots/INTC/INTC_4H_20260620_053210.png
 delete mode 100644 charts/screenshots/INTC/INTC_Daily_20260619_063159.png
 create mode 100644 charts/screenshots/INTC/INTC_Daily_20260620_053210.png
 delete mode 100644 charts/screenshots/INTC/INTC_Monthly_20260619_063159.png
 create mode 100644 charts/screenshots/INTC/INTC_Monthly_20260620_053210.png
 delete mode 100644 charts/screenshots/INTC/INTC_Weekly_20260619_063159.png
 create mode 100644 charts/screenshots/INTC/INTC_Weekly_20260620_053210.png
 delete mode 100644 charts/screenshots/INTU/INTU_1H_20260619_071553.png
 create mode 100644 charts/screenshots/INTU/INTU_1H_20260620_061605.png
 delete mode 100644 charts/screenshots/INTU/INTU_4H_20260619_071553.png
 create mode 100644 charts/screenshots/INTU/INTU_4H_20260620_061605.png
 delete mode 100644 charts/screenshots/INTU/INTU_Daily_20260619_071553.png
 create mode 100644 charts/screenshots/INTU/INTU_Daily_20260620_061605.png
 delete mode 100644 charts/screenshots/INTU/INTU_Monthly_20260619_071553.png
 create mode 100644 charts/screenshots/INTU/INTU_Monthly_20260620_061605.png
 delete mode 100644 charts/screenshots/INTU/INTU_Weekly_20260619_071553.png
 create mode 100644 charts/screenshots/INTU/INTU_Weekly_20260620_061605.png
 delete mode 100644 charts/screenshots/IWM/IWM_1H_20260619_064514.png
 create mode 100644 charts/screenshots/IWM/IWM_1H_20260620_054533.png
 delete mode 100644 charts/screenshots/IWM/IWM_4H_20260619_064514.png
 create mode 100644 charts/screenshots/IWM/IWM_4H_20260620_054533.png
 rename charts/screenshots/IWM/{IWM_Daily_20260619_064514.png => IWM_Daily_20260620_054533.png} (94%)
 delete mode 100644 charts/screenshots/IWM/IWM_Monthly_20260619_064514.png
 create mode 100644 charts/screenshots/IWM/IWM_Monthly_20260620_054533.png
 delete mode 100644 charts/screenshots/IWM/IWM_Weekly_20260619_064514.png
 create mode 100644 charts/screenshots/IWM/IWM_Weekly_20260620_054533.png
 delete mode 100644 charts/screenshots/JNJ/JNJ_1H_20260619_070635.png
 create mode 100644 charts/screenshots/JNJ/JNJ_1H_20260620_060650.png
 delete mode 100644 charts/screenshots/JNJ/JNJ_4H_20260619_070635.png
 create mode 100644 charts/screenshots/JNJ/JNJ_4H_20260620_060650.png
 delete mode 100644 charts/screenshots/JNJ/JNJ_Daily_20260619_070635.png
 create mode 100644 charts/screenshots/JNJ/JNJ_Daily_20260620_060650.png
 delete mode 100644 charts/screenshots/JNJ/JNJ_Monthly_20260619_070635.png
 create mode 100644 charts/screenshots/JNJ/JNJ_Monthly_20260620_060650.png
 delete mode 100644 charts/screenshots/JNJ/JNJ_Weekly_20260619_070635.png
 create mode 100644 charts/screenshots/JNJ/JNJ_Weekly_20260620_060650.png
 delete mode 100644 charts/screenshots/JPM/JPM_1H_20260619_062800.png
 create mode 100644 charts/screenshots/JPM/JPM_1H_20260620_052809.png
 delete mode 100644 charts/screenshots/JPM/JPM_4H_20260619_062800.png
 create mode 100644 charts/screenshots/JPM/JPM_4H_20260620_052809.png
 delete mode 100644 charts/screenshots/JPM/JPM_Daily_20260619_062800.png
 create mode 100644 charts/screenshots/JPM/JPM_Daily_20260620_052809.png
 delete mode 100644 charts/screenshots/JPM/JPM_Monthly_20260619_062800.png
 create mode 100644 charts/screenshots/JPM/JPM_Monthly_20260620_052809.png
 delete mode 100644 charts/screenshots/JPM/JPM_Weekly_20260619_062800.png
 create mode 100644 charts/screenshots/JPM/JPM_Weekly_20260620_052809.png
 delete mode 100644 charts/screenshots/KLAC/KLAC_1H_20260619_063239.png
 create mode 100644 charts/screenshots/KLAC/KLAC_1H_20260620_053249.png
 delete mode 100644 charts/screenshots/KLAC/KLAC_4H_20260619_063239.png
 create mode 100644 charts/screenshots/KLAC/KLAC_4H_20260620_053249.png
 delete mode 100644 charts/screenshots/KLAC/KLAC_Daily_20260619_063239.png
 create mode 100644 charts/screenshots/KLAC/KLAC_Daily_20260620_053249.png
 delete mode 100644 charts/screenshots/KLAC/KLAC_Monthly_20260619_063239.png
 create mode 100644 charts/screenshots/KLAC/KLAC_Monthly_20260620_053249.png
 delete mode 100644 charts/screenshots/KLAC/KLAC_Weekly_20260619_063239.png
 create mode 100644 charts/screenshots/KLAC/KLAC_Weekly_20260620_053249.png
 delete mode 100644 charts/screenshots/KO/KO_1H_20260619_070156.png
 create mode 100644 charts/screenshots/KO/KO_1H_20260620_060212.png
 delete mode 100644 charts/screenshots/KO/KO_4H_20260619_070156.png
 create mode 100644 charts/screenshots/KO/KO_4H_20260620_060212.png
 delete mode 100644 charts/screenshots/KO/KO_Daily_20260619_070156.png
 create mode 100644 charts/screenshots/KO/KO_Daily_20260620_060212.png
 delete mode 100644 charts/screenshots/KO/KO_Monthly_20260619_070156.png
 create mode 100644 charts/screenshots/KO/KO_Monthly_20260620_060212.png
 delete mode 100644 charts/screenshots/KO/KO_Weekly_20260619_070156.png
 create mode 100644 charts/screenshots/KO/KO_Weekly_20260620_060212.png
 delete mode 100644 charts/screenshots/LIN/LIN_1H_20260619_065952.png
 create mode 100644 charts/screenshots/LIN/LIN_1H_20260620_060011.png
 delete mode 100644 charts/screenshots/LIN/LIN_4H_20260619_065952.png
 create mode 100644 charts/screenshots/LIN/LIN_4H_20260620_060011.png
 delete mode 100644 charts/screenshots/LIN/LIN_Daily_20260619_065952.png
 create mode 100644 charts/screenshots/LIN/LIN_Daily_20260620_060011.png
 delete mode 100644 charts/screenshots/LIN/LIN_Monthly_20260619_065952.png
 create mode 100644 charts/screenshots/LIN/LIN_Monthly_20260620_060011.png
 delete mode 100644 charts/screenshots/LIN/LIN_Weekly_20260619_065952.png
 create mode 100644 charts/screenshots/LIN/LIN_Weekly_20260620_060011.png
 delete mode 100644 charts/screenshots/LLY/LLY_1H_20260619_062839.png
 create mode 100644 charts/screenshots/LLY/LLY_1H_20260620_052849.png
 delete mode 100644 charts/screenshots/LLY/LLY_4H_20260619_062839.png
 create mode 100644 charts/screenshots/LLY/LLY_4H_20260620_052849.png
 delete mode 100644 charts/screenshots/LLY/LLY_Daily_20260619_062839.png
 create mode 100644 charts/screenshots/LLY/LLY_Daily_20260620_052849.png
 delete mode 100644 charts/screenshots/LLY/LLY_Monthly_20260619_062839.png
 create mode 100644 charts/screenshots/LLY/LLY_Monthly_20260620_052849.png
 delete mode 100644 charts/screenshots/LLY/LLY_Weekly_20260619_062839.png
 create mode 100644 charts/screenshots/LLY/LLY_Weekly_20260620_052849.png
 delete mode 100644 charts/screenshots/LRCX/LRCX_1H_20260619_063637.png
 create mode 100644 charts/screenshots/LRCX/LRCX_1H_20260620_053653.png
 delete mode 100644 charts/screenshots/LRCX/LRCX_4H_20260619_063637.png
 create mode 100644 charts/screenshots/LRCX/LRCX_4H_20260620_053653.png
 delete mode 100644 charts/screenshots/LRCX/LRCX_Daily_20260619_063637.png
 create mode 100644 charts/screenshots/LRCX/LRCX_Daily_20260620_053653.png
 delete mode 100644 charts/screenshots/LRCX/LRCX_Monthly_20260619_063637.png
 create mode 100644 charts/screenshots/LRCX/LRCX_Monthly_20260620_053653.png
 delete mode 100644 charts/screenshots/LRCX/LRCX_Weekly_20260619_063637.png
 create mode 100644 charts/screenshots/LRCX/LRCX_Weekly_20260620_053653.png
 delete mode 100644 charts/screenshots/LRN/LRN_1H_20260619_071633.png
 create mode 100644 charts/screenshots/LRN/LRN_1H_20260620_061724.png
 delete mode 100644 charts/screenshots/LRN/LRN_4H_20260619_071633.png
 create mode 100644 charts/screenshots/LRN/LRN_4H_20260620_061724.png
 delete mode 100644 charts/screenshots/LRN/LRN_Daily_20260619_071633.png
 create mode 100644 charts/screenshots/LRN/LRN_Daily_20260620_061724.png
 delete mode 100644 charts/screenshots/LRN/LRN_Monthly_20260619_071633.png
 create mode 100644 charts/screenshots/LRN/LRN_Monthly_20260620_061724.png
 delete mode 100644 charts/screenshots/LRN/LRN_Weekly_20260619_071633.png
 create mode 100644 charts/screenshots/LRN/LRN_Weekly_20260620_061724.png
 delete mode 100644 charts/screenshots/MCHP/MCHP_1H_20260619_064913.png
 create mode 100644 charts/screenshots/MCHP/MCHP_1H_20260620_054931.png
 delete mode 100644 charts/screenshots/MCHP/MCHP_4H_20260619_064913.png
 create mode 100644 charts/screenshots/MCHP/MCHP_4H_20260620_054931.png
 delete mode 100644 charts/screenshots/MCHP/MCHP_Daily_20260619_064913.png
 create mode 100644 charts/screenshots/MCHP/MCHP_Daily_20260620_054931.png
 delete mode 100644 charts/screenshots/MCHP/MCHP_Monthly_20260619_064913.png
 create mode 100644 charts/screenshots/MCHP/MCHP_Monthly_20260620_054931.png
 delete mode 100644 charts/screenshots/MCHP/MCHP_Weekly_20260619_064913.png
 create mode 100644 charts/screenshots/MCHP/MCHP_Weekly_20260620_054931.png
 delete mode 100644 charts/screenshots/META/META_1H_20260619_071114.png
 create mode 100644 charts/screenshots/META/META_1H_20260620_061127.png
 delete mode 100644 charts/screenshots/META/META_4H_20260619_071114.png
 create mode 100644 charts/screenshots/META/META_4H_20260620_061127.png
 delete mode 100644 charts/screenshots/META/META_Daily_20260619_071114.png
 create mode 100644 charts/screenshots/META/META_Daily_20260620_061127.png
 delete mode 100644 charts/screenshots/META/META_Monthly_20260619_071114.png
 create mode 100644 charts/screenshots/META/META_Monthly_20260620_061127.png
 delete mode 100644 charts/screenshots/META/META_Weekly_20260619_071114.png
 create mode 100644 charts/screenshots/META/META_Weekly_20260620_061127.png
 delete mode 100644 charts/screenshots/MPWR/MPWR_1H_20260619_065312.png
 create mode 100644 charts/screenshots/MPWR/MPWR_1H_20260620_055331.png
 delete mode 100644 charts/screenshots/MPWR/MPWR_4H_20260619_065312.png
 create mode 100644 charts/screenshots/MPWR/MPWR_4H_20260620_055331.png
 delete mode 100644 charts/screenshots/MPWR/MPWR_Daily_20260619_065312.png
 create mode 100644 charts/screenshots/MPWR/MPWR_Daily_20260620_055331.png
 delete mode 100644 charts/screenshots/MPWR/MPWR_Monthly_20260619_065312.png
 create mode 100644 charts/screenshots/MPWR/MPWR_Monthly_20260620_055331.png
 delete mode 100644 charts/screenshots/MPWR/MPWR_Weekly_20260619_065312.png
 create mode 100644 charts/screenshots/MPWR/MPWR_Weekly_20260620_055331.png
 delete mode 100644 charts/screenshots/MRK/MRK_1H_20260619_065033.png
 create mode 100644 charts/screenshots/MRK/MRK_1H_20260620_055051.png
 delete mode 100644 charts/screenshots/MRK/MRK_4H_20260619_065033.png
 create mode 100644 charts/screenshots/MRK/MRK_4H_20260620_055051.png
 delete mode 100644 charts/screenshots/MRK/MRK_Daily_20260619_065033.png
 create mode 100644 charts/screenshots/MRK/MRK_Daily_20260620_055051.png
 delete mode 100644 charts/screenshots/MRK/MRK_Monthly_20260619_065033.png
 create mode 100644 charts/screenshots/MRK/MRK_Monthly_20260620_055051.png
 delete mode 100644 charts/screenshots/MRK/MRK_Weekly_20260619_065033.png
 create mode 100644 charts/screenshots/MRK/MRK_Weekly_20260620_055051.png
 delete mode 100644 charts/screenshots/MRVL/MRVL_1H_20260619_062202.png
 create mode 100644 charts/screenshots/MRVL/MRVL_1H_20260620_052211.png
 delete mode 100644 charts/screenshots/MRVL/MRVL_4H_20260619_062202.png
 create mode 100644 charts/screenshots/MRVL/MRVL_4H_20260620_052211.png
 delete mode 100644 charts/screenshots/MRVL/MRVL_Daily_20260619_062202.png
 create mode 100644 charts/screenshots/MRVL/MRVL_Daily_20260620_052211.png
 delete mode 100644 charts/screenshots/MRVL/MRVL_Monthly_20260619_062202.png
 create mode 100644 charts/screenshots/MRVL/MRVL_Monthly_20260620_052211.png
 delete mode 100644 charts/screenshots/MRVL/MRVL_Weekly_20260619_062202.png
 create mode 100644 charts/screenshots/MRVL/MRVL_Weekly_20260620_052211.png
 delete mode 100644 charts/screenshots/MS/MS_1H_20260619_062919.png
 create mode 100644 charts/screenshots/MS/MS_1H_20260620_052929.png
 delete mode 100644 charts/screenshots/MS/MS_4H_20260619_062919.png
 create mode 100644 charts/screenshots/MS/MS_4H_20260620_052929.png
 delete mode 100644 charts/screenshots/MS/MS_Daily_20260619_062919.png
 create mode 100644 charts/screenshots/MS/MS_Daily_20260620_052929.png
 delete mode 100644 charts/screenshots/MS/MS_Monthly_20260619_062919.png
 create mode 100644 charts/screenshots/MS/MS_Monthly_20260620_052929.png
 delete mode 100644 charts/screenshots/MS/MS_Weekly_20260619_062919.png
 create mode 100644 charts/screenshots/MS/MS_Weekly_20260620_052929.png
 delete mode 100644 charts/screenshots/MU/MU_1H_20260619_063557.png
 create mode 100644 charts/screenshots/MU/MU_1H_20260620_053609.png
 delete mode 100644 charts/screenshots/MU/MU_4H_20260619_063557.png
 create mode 100644 charts/screenshots/MU/MU_4H_20260620_053609.png
 delete mode 100644 charts/screenshots/MU/MU_Daily_20260619_063557.png
 create mode 100644 charts/screenshots/MU/MU_Daily_20260620_053609.png
 delete mode 100644 charts/screenshots/MU/MU_Monthly_20260619_063557.png
 create mode 100644 charts/screenshots/MU/MU_Monthly_20260620_053609.png
 delete mode 100644 charts/screenshots/MU/MU_Weekly_20260619_063557.png
 create mode 100644 charts/screenshots/MU/MU_Weekly_20260620_053609.png
 delete mode 100644 charts/screenshots/NBM.V/NBM.V_1H_20260619_071713.png
 create mode 100644 charts/screenshots/NBM.V/NBM.V_1H_20260620_061804.png
 delete mode 100644 charts/screenshots/NBM.V/NBM.V_4H_20260619_071713.png
 create mode 100644 charts/screenshots/NBM.V/NBM.V_4H_20260620_061804.png
 delete mode 100644 charts/screenshots/NBM.V/NBM.V_Daily_20260619_071713.png
 create mode 100644 charts/screenshots/NBM.V/NBM.V_Daily_20260620_061804.png
 delete mode 100644 charts/screenshots/NBM.V/NBM.V_Monthly_20260619_071713.png
 create mode 100644 charts/screenshots/NBM.V/NBM.V_Monthly_20260620_061804.png
 delete mode 100644 charts/screenshots/NBM.V/NBM.V_Weekly_20260619_071713.png
 create mode 100644 charts/screenshots/NBM.V/NBM.V_Weekly_20260620_061804.png
 delete mode 100644 charts/screenshots/NEE/NEE_1H_20260619_070914.png
 create mode 100644 charts/screenshots/NEE/NEE_1H_20260620_060928.png
 delete mode 100644 charts/screenshots/NEE/NEE_4H_20260619_070914.png
 create mode 100644 charts/screenshots/NEE/NEE_4H_20260620_060928.png
 delete mode 100644 charts/screenshots/NEE/NEE_Daily_20260619_070914.png
 create mode 100644 charts/screenshots/NEE/NEE_Daily_20260620_060928.png
 delete mode 100644 charts/screenshots/NEE/NEE_Monthly_20260619_070914.png
 create mode 100644 charts/screenshots/NEE/NEE_Monthly_20260620_060928.png
 delete mode 100644 charts/screenshots/NEE/NEE_Weekly_20260619_070914.png
 create mode 100644 charts/screenshots/NEE/NEE_Weekly_20260620_060928.png
 delete mode 100644 charts/screenshots/NFLX/NFLX_1H_20260619_071154.png
 create mode 100644 charts/screenshots/NFLX/NFLX_1H_20260620_061207.png
 delete mode 100644 charts/screenshots/NFLX/NFLX_4H_20260619_071154.png
 create mode 100644 charts/screenshots/NFLX/NFLX_4H_20260620_061207.png
 delete mode 100644 charts/screenshots/NFLX/NFLX_Daily_20260619_071154.png
 create mode 100644 charts/screenshots/NFLX/NFLX_Daily_20260620_061207.png
 delete mode 100644 charts/screenshots/NFLX/NFLX_Monthly_20260619_071154.png
 create mode 100644 charts/screenshots/NFLX/NFLX_Monthly_20260620_061207.png
 delete mode 100644 charts/screenshots/NFLX/NFLX_Weekly_20260619_071154.png
 create mode 100644 charts/screenshots/NFLX/NFLX_Weekly_20260620_061207.png
 delete mode 100644 charts/screenshots/NVDA/NVDA_1H_20260619_065831.png
 create mode 100644 charts/screenshots/NVDA/NVDA_1H_20260620_055851.png
 delete mode 100644 charts/screenshots/NVDA/NVDA_4H_20260619_065831.png
 create mode 100644 charts/screenshots/NVDA/NVDA_4H_20260620_055851.png
 delete mode 100644 charts/screenshots/NVDA/NVDA_Daily_20260619_065831.png
 create mode 100644 charts/screenshots/NVDA/NVDA_Daily_20260620_055851.png
 delete mode 100644 charts/screenshots/NVDA/NVDA_Monthly_20260619_065831.png
 create mode 100644 charts/screenshots/NVDA/NVDA_Monthly_20260620_055851.png
 delete mode 100644 charts/screenshots/NVDA/NVDA_Weekly_20260619_065831.png
 create mode 100644 charts/screenshots/NVDA/NVDA_Weekly_20260620_055851.png
 delete mode 100644 charts/screenshots/NXPI/NXPI_1H_20260619_064714.png
 create mode 100644 charts/screenshots/NXPI/NXPI_1H_20260620_054733.png
 delete mode 100644 charts/screenshots/NXPI/NXPI_4H_20260619_064714.png
 create mode 100644 charts/screenshots/NXPI/NXPI_4H_20260620_054733.png
 rename charts/screenshots/NXPI/{NXPI_Daily_20260619_064714.png => NXPI_Daily_20260620_054733.png} (69%)
 delete mode 100644 charts/screenshots/NXPI/NXPI_Monthly_20260619_064714.png
 create mode 100644 charts/screenshots/NXPI/NXPI_Monthly_20260620_054733.png
 delete mode 100644 charts/screenshots/NXPI/NXPI_Weekly_20260619_064714.png
 create mode 100644 charts/screenshots/NXPI/NXPI_Weekly_20260620_054733.png
 delete mode 100644 charts/screenshots/ON/ON_1H_20260619_064235.png
 create mode 100644 charts/screenshots/ON/ON_1H_20260620_054253.png
 delete mode 100644 charts/screenshots/ON/ON_4H_20260619_064235.png
 create mode 100644 charts/screenshots/ON/ON_4H_20260620_054253.png
 delete mode 100644 charts/screenshots/ON/ON_Daily_20260619_064235.png
 create mode 100644 charts/screenshots/ON/ON_Daily_20260620_054253.png
 delete mode 100644 charts/screenshots/ON/ON_Monthly_20260619_064235.png
 create mode 100644 charts/screenshots/ON/ON_Monthly_20260620_054253.png
 delete mode 100644 charts/screenshots/ON/ON_Weekly_20260619_064235.png
 create mode 100644 charts/screenshots/ON/ON_Weekly_20260620_054253.png
 delete mode 100644 charts/screenshots/ORCL/ORCL_1H_20260619_065432.png
 create mode 100644 charts/screenshots/ORCL/ORCL_1H_20260620_055451.png
 delete mode 100644 charts/screenshots/ORCL/ORCL_4H_20260619_065432.png
 create mode 100644 charts/screenshots/ORCL/ORCL_4H_20260620_055451.png
 delete mode 100644 charts/screenshots/ORCL/ORCL_Daily_20260619_065432.png
 create mode 100644 charts/screenshots/ORCL/ORCL_Daily_20260620_055451.png
 delete mode 100644 charts/screenshots/ORCL/ORCL_Monthly_20260619_065432.png
 create mode 100644 charts/screenshots/ORCL/ORCL_Monthly_20260620_055451.png
 delete mode 100644 charts/screenshots/ORCL/ORCL_Weekly_20260619_065432.png
 create mode 100644 charts/screenshots/ORCL/ORCL_Weekly_20260620_055451.png
 delete mode 100644 charts/screenshots/PANW/PANW_1H_20260619_062959.png
 create mode 100644 charts/screenshots/PANW/PANW_1H_20260620_053009.png
 delete mode 100644 charts/screenshots/PANW/PANW_4H_20260619_062959.png
 create mode 100644 charts/screenshots/PANW/PANW_4H_20260620_053009.png
 delete mode 100644 charts/screenshots/PANW/PANW_Daily_20260619_062959.png
 create mode 100644 charts/screenshots/PANW/PANW_Daily_20260620_053009.png
 delete mode 100644 charts/screenshots/PANW/PANW_Monthly_20260619_062959.png
 create mode 100644 charts/screenshots/PANW/PANW_Monthly_20260620_053009.png
 delete mode 100644 charts/screenshots/PANW/PANW_Weekly_20260619_062959.png
 create mode 100644 charts/screenshots/PANW/PANW_Weekly_20260620_053009.png
 delete mode 100644 charts/screenshots/PFE/PFE_1H_20260619_070834.png
 create mode 100644 charts/screenshots/PFE/PFE_1H_20260620_060848.png
 delete mode 100644 charts/screenshots/PFE/PFE_4H_20260619_070834.png
 create mode 100644 charts/screenshots/PFE/PFE_4H_20260620_060848.png
 delete mode 100644 charts/screenshots/PFE/PFE_Daily_20260619_070834.png
 create mode 100644 charts/screenshots/PFE/PFE_Daily_20260620_060848.png
 delete mode 100644 charts/screenshots/PFE/PFE_Monthly_20260619_070834.png
 create mode 100644 charts/screenshots/PFE/PFE_Monthly_20260620_060848.png
 delete mode 100644 charts/screenshots/PFE/PFE_Weekly_20260619_070834.png
 create mode 100644 charts/screenshots/PFE/PFE_Weekly_20260620_060848.png
 delete mode 100644 charts/screenshots/PG/PG_1H_20260619_070117.png
 create mode 100644 charts/screenshots/PG/PG_1H_20260620_060132.png
 delete mode 100644 charts/screenshots/PG/PG_4H_20260619_070117.png
 create mode 100644 charts/screenshots/PG/PG_4H_20260620_060132.png
 delete mode 100644 charts/screenshots/PG/PG_Daily_20260619_070117.png
 create mode 100644 charts/screenshots/PG/PG_Daily_20260620_060132.png
 delete mode 100644 charts/screenshots/PG/PG_Monthly_20260619_070117.png
 create mode 100644 charts/screenshots/PG/PG_Monthly_20260620_060132.png
 delete mode 100644 charts/screenshots/PG/PG_Weekly_20260619_070117.png
 create mode 100644 charts/screenshots/PG/PG_Weekly_20260620_060132.png
 delete mode 100644 charts/screenshots/PM/PM_1H_20260619_070436.png
 create mode 100644 charts/screenshots/PM/PM_1H_20260620_060451.png
 delete mode 100644 charts/screenshots/PM/PM_4H_20260619_070436.png
 create mode 100644 charts/screenshots/PM/PM_4H_20260620_060451.png
 delete mode 100644 charts/screenshots/PM/PM_Daily_20260619_070436.png
 create mode 100644 charts/screenshots/PM/PM_Daily_20260620_060451.png
 delete mode 100644 charts/screenshots/PM/PM_Monthly_20260619_070436.png
 create mode 100644 charts/screenshots/PM/PM_Monthly_20260620_060451.png
 delete mode 100644 charts/screenshots/PM/PM_Weekly_20260619_070436.png
 create mode 100644 charts/screenshots/PM/PM_Weekly_20260620_060451.png
 delete mode 100644 charts/screenshots/QCOM/QCOM_1H_20260619_064035.png
 create mode 100644 charts/screenshots/QCOM/QCOM_1H_20260620_054054.png
 delete mode 100644 charts/screenshots/QCOM/QCOM_4H_20260619_064035.png
 create mode 100644 charts/screenshots/QCOM/QCOM_4H_20260620_054054.png
 delete mode 100644 charts/screenshots/QCOM/QCOM_Daily_20260619_064035.png
 create mode 100644 charts/screenshots/QCOM/QCOM_Daily_20260620_054054.png
 delete mode 100644 charts/screenshots/QCOM/QCOM_Monthly_20260619_064035.png
 create mode 100644 charts/screenshots/QCOM/QCOM_Monthly_20260620_054054.png
 delete mode 100644 charts/screenshots/QCOM/QCOM_Weekly_20260619_064035.png
 create mode 100644 charts/screenshots/QCOM/QCOM_Weekly_20260620_054054.png
 delete mode 100644 charts/screenshots/QQQ/QQQ_1H_20260619_065511.png
 create mode 100644 charts/screenshots/QQQ/QQQ_1H_20260620_055531.png
 delete mode 100644 charts/screenshots/QQQ/QQQ_4H_20260619_065511.png
 create mode 100644 charts/screenshots/QQQ/QQQ_4H_20260620_055531.png
 delete mode 100644 charts/screenshots/QQQ/QQQ_Daily_20260619_065511.png
 create mode 100644 charts/screenshots/QQQ/QQQ_Daily_20260620_055531.png
 delete mode 100644 charts/screenshots/QQQ/QQQ_Monthly_20260619_065511.png
 create mode 100644 charts/screenshots/QQQ/QQQ_Monthly_20260620_055531.png
 delete mode 100644 charts/screenshots/QQQ/QQQ_Weekly_20260619_065511.png
 create mode 100644 charts/screenshots/QQQ/QQQ_Weekly_20260620_055531.png
 delete mode 100644 charts/screenshots/RCL/RCL_1H_20260619_064315.png
 create mode 100644 charts/screenshots/RCL/RCL_1H_20260620_054333.png
 delete mode 100644 charts/screenshots/RCL/RCL_4H_20260619_064315.png
 create mode 100644 charts/screenshots/RCL/RCL_4H_20260620_054333.png
 rename charts/screenshots/RCL/{RCL_Daily_20260619_064315.png => RCL_Daily_20260620_054333.png} (96%)
 delete mode 100644 charts/screenshots/RCL/RCL_Monthly_20260619_064315.png
 create mode 100644 charts/screenshots/RCL/RCL_Monthly_20260620_054333.png
 delete mode 100644 charts/screenshots/RCL/RCL_Weekly_20260619_064315.png
 create mode 100644 charts/screenshots/RCL/RCL_Weekly_20260620_054333.png
 delete mode 100644 charts/screenshots/ROST/ROST_1H_20260619_070036.png
 create mode 100644 charts/screenshots/ROST/ROST_1H_20260620_060051.png
 delete mode 100644 charts/screenshots/ROST/ROST_4H_20260619_070036.png
 create mode 100644 charts/screenshots/ROST/ROST_4H_20260620_060051.png
 delete mode 100644 charts/screenshots/ROST/ROST_Daily_20260619_070036.png
 create mode 100644 charts/screenshots/ROST/ROST_Daily_20260620_060051.png
 delete mode 100644 charts/screenshots/ROST/ROST_Monthly_20260619_070036.png
 create mode 100644 charts/screenshots/ROST/ROST_Monthly_20260620_060051.png
 delete mode 100644 charts/screenshots/ROST/ROST_Weekly_20260619_070036.png
 create mode 100644 charts/screenshots/ROST/ROST_Weekly_20260620_060051.png
 delete mode 100644 charts/screenshots/RTX/RTX_1H_20260619_070515.png
 create mode 100644 charts/screenshots/RTX/RTX_1H_20260620_060530.png
 delete mode 100644 charts/screenshots/RTX/RTX_4H_20260619_070515.png
 create mode 100644 charts/screenshots/RTX/RTX_4H_20260620_060530.png
 delete mode 100644 charts/screenshots/RTX/RTX_Daily_20260619_070515.png
 create mode 100644 charts/screenshots/RTX/RTX_Daily_20260620_060530.png
 delete mode 100644 charts/screenshots/RTX/RTX_Monthly_20260619_070515.png
 create mode 100644 charts/screenshots/RTX/RTX_Monthly_20260620_060530.png
 delete mode 100644 charts/screenshots/RTX/RTX_Weekly_20260619_070515.png
 create mode 100644 charts/screenshots/RTX/RTX_Weekly_20260620_060530.png
 delete mode 100644 charts/screenshots/SBUX/SBUX_1H_20260619_065153.png
 create mode 100644 charts/screenshots/SBUX/SBUX_1H_20260620_055212.png
 delete mode 100644 charts/screenshots/SBUX/SBUX_4H_20260619_065153.png
 create mode 100644 charts/screenshots/SBUX/SBUX_4H_20260620_055212.png
 delete mode 100644 charts/screenshots/SBUX/SBUX_Daily_20260619_065153.png
 create mode 100644 charts/screenshots/SBUX/SBUX_Daily_20260620_055212.png
 delete mode 100644 charts/screenshots/SBUX/SBUX_Monthly_20260619_065153.png
 create mode 100644 charts/screenshots/SBUX/SBUX_Monthly_20260620_055212.png
 delete mode 100644 charts/screenshots/SBUX/SBUX_Weekly_20260619_065153.png
 create mode 100644 charts/screenshots/SBUX/SBUX_Weekly_20260620_055212.png
 rename charts/screenshots/SMCI/{SMCI_1H_20260619_070316.png => SMCI_1H_20260620_060332.png} (98%)
 delete mode 100644 charts/screenshots/SMCI/SMCI_4H_20260619_070316.png
 create mode 100644 charts/screenshots/SMCI/SMCI_4H_20260620_060332.png
 delete mode 100644 charts/screenshots/SMCI/SMCI_Daily_20260619_070316.png
 create mode 100644 charts/screenshots/SMCI/SMCI_Daily_20260620_060332.png
 delete mode 100644 charts/screenshots/SMCI/SMCI_Monthly_20260619_070316.png
 create mode 100644 charts/screenshots/SMCI/SMCI_Monthly_20260620_060332.png
 delete mode 100644 charts/screenshots/SMCI/SMCI_Weekly_20260619_070316.png
 create mode 100644 charts/screenshots/SMCI/SMCI_Weekly_20260620_060332.png
 delete mode 100644 charts/screenshots/SNPS/SNPS_1H_20260619_071034.png
 create mode 100644 charts/screenshots/SNPS/SNPS_1H_20260620_061046.png
 delete mode 100644 charts/screenshots/SNPS/SNPS_4H_20260619_071034.png
 create mode 100644 charts/screenshots/SNPS/SNPS_4H_20260620_061046.png
 delete mode 100644 charts/screenshots/SNPS/SNPS_Daily_20260619_071034.png
 create mode 100644 charts/screenshots/SNPS/SNPS_Daily_20260620_061046.png
 delete mode 100644 charts/screenshots/SNPS/SNPS_Monthly_20260619_071034.png
 create mode 100644 charts/screenshots/SNPS/SNPS_Monthly_20260620_061046.png
 delete mode 100644 charts/screenshots/SNPS/SNPS_Weekly_20260619_071034.png
 create mode 100644 charts/screenshots/SNPS/SNPS_Weekly_20260620_061046.png
 delete mode 100644 charts/screenshots/SPY/SPY_1H_20260619_065113.png
 create mode 100644 charts/screenshots/SPY/SPY_1H_20260620_055132.png
 delete mode 100644 charts/screenshots/SPY/SPY_4H_20260619_065113.png
 create mode 100644 charts/screenshots/SPY/SPY_4H_20260620_055132.png
 delete mode 100644 charts/screenshots/SPY/SPY_Daily_20260619_065113.png
 create mode 100644 charts/screenshots/SPY/SPY_Daily_20260620_055132.png
 delete mode 100644 charts/screenshots/SPY/SPY_Monthly_20260619_065113.png
 create mode 100644 charts/screenshots/SPY/SPY_Monthly_20260620_055132.png
 delete mode 100644 charts/screenshots/SPY/SPY_Weekly_20260619_065113.png
 create mode 100644 charts/screenshots/SPY/SPY_Weekly_20260620_055132.png
 delete mode 100644 charts/screenshots/STX/STX_1H_20260619_064434.png
 create mode 100644 charts/screenshots/STX/STX_1H_20260620_054453.png
 rename charts/screenshots/STX/{STX_4H_20260619_064434.png => STX_4H_20260620_054453.png} (65%)
 delete mode 100644 charts/screenshots/STX/STX_Daily_20260619_064434.png
 create mode 100644 charts/screenshots/STX/STX_Daily_20260620_054453.png
 delete mode 100644 charts/screenshots/STX/STX_Monthly_20260619_064434.png
 create mode 100644 charts/screenshots/STX/STX_Monthly_20260620_054453.png
 delete mode 100644 charts/screenshots/STX/STX_Weekly_20260619_064434.png
 create mode 100644 charts/screenshots/STX/STX_Weekly_20260620_054453.png
 delete mode 100644 charts/screenshots/T/T_1H_20260619_071234.png
 create mode 100644 charts/screenshots/T/T_1H_20260620_061246.png
 delete mode 100644 charts/screenshots/T/T_4H_20260619_071234.png
 create mode 100644 charts/screenshots/T/T_4H_20260620_061246.png
 delete mode 100644 charts/screenshots/T/T_Daily_20260619_071234.png
 create mode 100644 charts/screenshots/T/T_Daily_20260620_061246.png
 delete mode 100644 charts/screenshots/T/T_Monthly_20260619_071234.png
 create mode 100644 charts/screenshots/T/T_Monthly_20260620_061246.png
 delete mode 100644 charts/screenshots/T/T_Weekly_20260619_071234.png
 create mode 100644 charts/screenshots/T/T_Weekly_20260620_061246.png
 delete mode 100644 charts/screenshots/TER/TER_1H_20260619_064354.png
 create mode 100644 charts/screenshots/TER/TER_1H_20260620_054413.png
 delete mode 100644 charts/screenshots/TER/TER_4H_20260619_064354.png
 create mode 100644 charts/screenshots/TER/TER_4H_20260620_054413.png
 delete mode 100644 charts/screenshots/TER/TER_Daily_20260619_064354.png
 create mode 100644 charts/screenshots/TER/TER_Daily_20260620_054413.png
 delete mode 100644 charts/screenshots/TER/TER_Monthly_20260619_064354.png
 create mode 100644 charts/screenshots/TER/TER_Monthly_20260620_054413.png
 delete mode 100644 charts/screenshots/TER/TER_Weekly_20260619_064354.png
 create mode 100644 charts/screenshots/TER/TER_Weekly_20260620_054413.png
 delete mode 100644 charts/screenshots/TJX/TJX_1H_20260619_064953.png
 create mode 100644 charts/screenshots/TJX/TJX_1H_20260620_055011.png
 delete mode 100644 charts/screenshots/TJX/TJX_4H_20260619_064953.png
 create mode 100644 charts/screenshots/TJX/TJX_4H_20260620_055011.png
 delete mode 100644 charts/screenshots/TJX/TJX_Daily_20260619_064953.png
 create mode 100644 charts/screenshots/TJX/TJX_Daily_20260620_055011.png
 delete mode 100644 charts/screenshots/TJX/TJX_Monthly_20260619_064953.png
 create mode 100644 charts/screenshots/TJX/TJX_Monthly_20260620_055011.png
 delete mode 100644 charts/screenshots/TJX/TJX_Weekly_20260619_064953.png
 create mode 100644 charts/screenshots/TJX/TJX_Weekly_20260620_055011.png
 create mode 100644 charts/screenshots/TKR/TKR_1H_20260620_061644.png
 create mode 100644 charts/screenshots/TKR/TKR_4H_20260620_061644.png
 create mode 100644 charts/screenshots/TKR/TKR_Daily_20260620_061644.png
 create mode 100644 charts/screenshots/TKR/TKR_Monthly_20260620_061644.png
 create mode 100644 charts/screenshots/TKR/TKR_Weekly_20260620_061644.png
 delete mode 100644 charts/screenshots/TSLA/TSLA_1H_20260619_065712.png
 create mode 100644 charts/screenshots/TSLA/TSLA_1H_20260620_055732.png
 delete mode 100644 charts/screenshots/TSLA/TSLA_4H_20260619_065712.png
 create mode 100644 charts/screenshots/TSLA/TSLA_4H_20260620_055732.png
 delete mode 100644 charts/screenshots/TSLA/TSLA_Daily_20260619_065712.png
 create mode 100644 charts/screenshots/TSLA/TSLA_Daily_20260620_055732.png
 delete mode 100644 charts/screenshots/TSLA/TSLA_Monthly_20260619_065712.png
 create mode 100644 charts/screenshots/TSLA/TSLA_Monthly_20260620_055732.png
 delete mode 100644 charts/screenshots/TSLA/TSLA_Weekly_20260619_065712.png
 create mode 100644 charts/screenshots/TSLA/TSLA_Weekly_20260620_055732.png
 delete mode 100644 charts/screenshots/TXN/TXN_1H_20260619_063915.png
 create mode 100644 charts/screenshots/TXN/TXN_1H_20260620_053933.png
 delete mode 100644 charts/screenshots/TXN/TXN_4H_20260619_063915.png
 create mode 100644 charts/screenshots/TXN/TXN_4H_20260620_053933.png
 delete mode 100644 charts/screenshots/TXN/TXN_Daily_20260619_063915.png
 create mode 100644 charts/screenshots/TXN/TXN_Daily_20260620_053933.png
 delete mode 100644 charts/screenshots/TXN/TXN_Monthly_20260619_063915.png
 create mode 100644 charts/screenshots/TXN/TXN_Monthly_20260620_053933.png
 delete mode 100644 charts/screenshots/TXN/TXN_Weekly_20260619_063915.png
 create mode 100644 charts/screenshots/TXN/TXN_Weekly_20260620_053933.png
 delete mode 100644 charts/screenshots/UNH/UNH_1H_20260619_062042.png
 create mode 100644 charts/screenshots/UNH/UNH_1H_20260620_052051.png
 delete mode 100644 charts/screenshots/UNH/UNH_4H_20260619_062042.png
 create mode 100644 charts/screenshots/UNH/UNH_4H_20260620_052051.png
 delete mode 100644 charts/screenshots/UNH/UNH_Daily_20260619_062042.png
 create mode 100644 charts/screenshots/UNH/UNH_Daily_20260620_052051.png
 delete mode 100644 charts/screenshots/UNH/UNH_Monthly_20260619_062042.png
 create mode 100644 charts/screenshots/UNH/UNH_Monthly_20260620_052051.png
 delete mode 100644 charts/screenshots/UNH/UNH_Weekly_20260619_062042.png
 create mode 100644 charts/screenshots/UNH/UNH_Weekly_20260620_052051.png
 delete mode 100644 charts/screenshots/UNP/UNP_1H_20260619_070755.png
 create mode 100644 charts/screenshots/UNP/UNP_1H_20260620_060809.png
 delete mode 100644 charts/screenshots/UNP/UNP_4H_20260619_070755.png
 create mode 100644 charts/screenshots/UNP/UNP_4H_20260620_060809.png
 delete mode 100644 charts/screenshots/UNP/UNP_Daily_20260619_070755.png
 create mode 100644 charts/screenshots/UNP/UNP_Daily_20260620_060809.png
 delete mode 100644 charts/screenshots/UNP/UNP_Monthly_20260619_070755.png
 create mode 100644 charts/screenshots/UNP/UNP_Monthly_20260620_060809.png
 delete mode 100644 charts/screenshots/UNP/UNP_Weekly_20260619_070755.png
 create mode 100644 charts/screenshots/UNP/UNP_Weekly_20260620_060809.png
 delete mode 100644 charts/screenshots/V/V_1H_20260619_070236.png
 create mode 100644 charts/screenshots/V/V_1H_20260620_060252.png
 delete mode 100644 charts/screenshots/V/V_4H_20260619_070236.png
 create mode 100644 charts/screenshots/V/V_4H_20260620_060252.png
 rename charts/screenshots/V/{V_Daily_20260619_070236.png => V_Daily_20260620_060252.png} (86%)
 delete mode 100644 charts/screenshots/V/V_Monthly_20260619_070236.png
 create mode 100644 charts/screenshots/V/V_Monthly_20260620_060252.png
 delete mode 100644 charts/screenshots/V/V_Weekly_20260619_070236.png
 create mode 100644 charts/screenshots/V/V_Weekly_20260620_060252.png
 delete mode 100644 charts/screenshots/WDC/WDC_1H_20260619_065233.png
 create mode 100644 charts/screenshots/WDC/WDC_1H_20260620_055252.png
 delete mode 100644 charts/screenshots/WDC/WDC_4H_20260619_065233.png
 create mode 100644 charts/screenshots/WDC/WDC_4H_20260620_055252.png
 delete mode 100644 charts/screenshots/WDC/WDC_Daily_20260619_065233.png
 create mode 100644 charts/screenshots/WDC/WDC_Daily_20260620_055252.png
 delete mode 100644 charts/screenshots/WDC/WDC_Monthly_20260619_065233.png
 create mode 100644 charts/screenshots/WDC/WDC_Monthly_20260620_055252.png
 delete mode 100644 charts/screenshots/WDC/WDC_Weekly_20260619_065233.png
 create mode 100644 charts/screenshots/WDC/WDC_Weekly_20260620_055252.png
 delete mode 100644 charts/screenshots/WELL/WELL_1H_20260619_070356.png
 create mode 100644 charts/screenshots/WELL/WELL_1H_20260620_060412.png
 delete mode 100644 charts/screenshots/WELL/WELL_4H_20260619_070356.png
 create mode 100644 charts/screenshots/WELL/WELL_4H_20260620_060412.png
 delete mode 100644 charts/screenshots/WELL/WELL_Daily_20260619_070356.png
 create mode 100644 charts/screenshots/WELL/WELL_Daily_20260620_060412.png
 delete mode 100644 charts/screenshots/WELL/WELL_Monthly_20260619_070356.png
 create mode 100644 charts/screenshots/WELL/WELL_Monthly_20260620_060412.png
 delete mode 100644 charts/screenshots/WELL/WELL_Weekly_20260619_070356.png
 create mode 100644 charts/screenshots/WELL/WELL_Weekly_20260620_060412.png
[[SP500 차트분석]] GitHub 푸시 완료
[[SP500 차트분석]] Google Sheets 업데이트 완료
[Paper Trading] SP500 ranked_df 스냅샷 저장 완료 (129개 종목)

[요약] 파이프라인 완료 – 총 4719.2초 (78.65분) 소요
