============================================================
[Unified Paper Trading] SP500 + NASDAQ/NYSE 통합 실행 시작
============================================================
2026-09-24 05:06:11,679 [INFO] paper_trading.runner — [Runner] SP500 snapshot 로드: 128개 종목
[Unified PT] SP500 snapshot 로드: 128개 종목
2026-09-24 05:06:11,688 [INFO] paper_trading.runner — [Runner] NASDAQ snapshot 로드: 214개 종목
[Unified PT] NASDAQ snapshot 로드: 214개 종목
[Unified PT] 합산 완료: 330개 종목 (SP500 128 + NASDAQ 214개, 중복 제거 후)
[Unified PT] 골든크로스임박 종목: 49개
2026-09-24 05:06:12,241 [INFO] paper_trading.candidate_selector — [전략점수 분포] ~4.0: 107 | 4.0~5.0: 31 | 5.0~5.5: 14 | 5.5~6.0: 36 | 6.0+: 142
2026-09-24 05:06:12,261 [INFO] paper_trading.candidate_selector — [CandidateSelector] Regime=bull | Filtered=13/330 | Selected: INSP (CCS=0.5730)
2026-09-24 05:06:12,268 [INFO] paper_trading.engine — [PaperTrading] BUY INSP @ 69.06 (CCS=0.5730, RSI=55, upside P50=+4% P75=+8%)
[Unified PT] 매도=0 매수=1 보유=3종목
[Unified PT] 레짐=bull | 필터={'전략점수<6.0': 188, '바닥반등_52주과열': 4, '판단등급_미달': 107, '과열_차단': 13, '유동성_부족': 0, '어닝_임박': 0, '보유_중복': 1, '모멘텀_ADX부족': 2, '바닥_RSI데드존': 2, '섹터_집중': 0, '_통과': 13, '_전체': 330}
[Unified PT] Top5 후보:
  GENI   CCS=0.5810 전략=📉 바닥반등 섹터=Unknown
  INSP   CCS=0.5730 전략=📈 모멘텀 섹터=Unknown
  UPST   CCS=0.4954 전략=📉 바닥반등 섹터=Unknown
  DASH   CCS=0.4804 전략=📈 모멘텀 섹터=Consumer Cyclical
  RBLX   CCS=0.4702 전략=📈 모멘텀 섹터=Unknown
2026-09-24 05:06:14,403 [INFO] paper_trading.sheet_sync — [SheetSync] 거래로그 append: BUY INSP
2026-09-24 05:06:17,009 [INFO] paper_trading.sheet_sync — [SheetSync] 포지션현황 업데이트: 3개 종목
2026-09-24 05:06:19,742 [INFO] paper_trading.sheet_sync — [SheetSync] 성과요약 업데이트: 49건 거래
[Unified PT] 구글 시트 동기화 완료
2026-09-24 05:06:20,065 [INFO] matplotlib.font_manager — Failed to extract font properties from /usr/share/fonts/truetype/noto/NotoColorEmoji.ttf: Non-scalable fonts are not supported
2026-09-24 05:06:20,083 [INFO] matplotlib.font_manager — generated new fontManager
2026-09-24 05:06:20,933 [WARNING] fpdf.output — Font MPDFAA+NanumGothic is missing the following glyphs: '📈' (\U0001f4c8), '📉' (\U0001f4c9)
2026-09-24 05:06:20,948 [INFO] fontTools.subset — maxp pruned
2026-09-24 05:06:20,948 [INFO] fontTools.subset — cmap pruned
2026-09-24 05:06:20,949 [INFO] fontTools.subset — post pruned
2026-09-24 05:06:20,950 [INFO] fontTools.subset — DSIG dropped
2026-09-24 05:06:20,950 [INFO] fontTools.subset — GPOS dropped
2026-09-24 05:06:20,950 [INFO] fontTools.subset — GSUB dropped
2026-09-24 05:06:20,950 [INFO] fontTools.subset — glyf pruned
2026-09-24 05:06:20,951 [INFO] fontTools.subset — Added gid0 to subset
2026-09-24 05:06:20,951 [INFO] fontTools.subset — Added first four glyphs to subset
2026-09-24 05:06:20,951 [INFO] fontTools.subset — Closing glyph list over 'glyf': 99 glyphs before
2026-09-24 05:06:20,951 [INFO] fontTools.subset — Glyph names: ['.notdef', 'A', 'B', 'C', 'D', 'E', 'F', 'G', 'H', 'I', 'L', 'M', 'N', 'O', 'P', 'Q', 'R', 'S', 'T', 'U', 'V', 'W', 'Y', 'a', 'arrowright', 'b', 'bar', 'c', 'colon', 'comma', 'copyright', 'd', 'dollar', 'e', 'eight', 'emdash', 'exclam', 'f', 'five', 'four', 'g', 'h', 'hyphen', 'i', 'k', 'l', 'm', 'n', 'nine', 'numbersign', 'o', 'one', 'p', 'parenleft', 'parenright', 'percent', 'period', 'periodcentered', 'plus', 'q', 'quotedbl', 'r', 's', 'seven', 'six', 'slash', 'space', 't', 'three', 'triagup', 'two', 'u', 'uniAC04', 'uniAD50', 'uniAE30', 'uniB2E5', 'uniB4F1', 'uniB808', 'uniB9C1', 'uniBA58', 'uniBAA8', 'uniBC14', 'uniBC18', 'uniBCF4', 'uniC190', 'uniC2DC', 'uniC720', 'uniC775', 'uniC77C', 'uniC7A5', 'uniC808', 'uniCCB4', 'uniD140', 'uniD2B8', 'v', 'w', 'x', 'y', 'zero']
2026-09-24 05:06:20,952 [INFO] fontTools.subset — Glyph IDs:   [0, 1, 2, 3, 4, 5, 8, 9, 11, 12, 13, 14, 15, 16, 17, 18, 19, 20, 21, 22, 23, 24, 25, 26, 33, 34, 35, 36, 37, 38, 39, 40, 41, 44, 45, 46, 47, 48, 49, 50, 51, 52, 53, 54, 55, 57, 64, 65, 66, 67, 68, 69, 70, 71, 72, 74, 75, 76, 77, 78, 79, 80, 81, 82, 83, 84, 85, 86, 87, 88, 91, 96, 99, 104, 159, 162, 497, 607, 654, 928, 1042, 1177, 1267, 1310, 1326, 1397, 1401, 1458, 1675, 1751, 2013, 2043, 2045, 2067, 2091, 2308, 2518, 2576, 13296]
2026-09-24 05:06:20,952 [INFO] fontTools.subset — Closed glyph list over 'glyf': 99 glyphs after
2026-09-24 05:06:20,952 [INFO] fontTools.subset — Glyph names: ['.notdef', 'A', 'B', 'C', 'D', 'E', 'F', 'G', 'H', 'I', 'L', 'M', 'N', 'O', 'P', 'Q', 'R', 'S', 'T', 'U', 'V', 'W', 'Y', 'a', 'arrowright', 'b', 'bar', 'c', 'colon', 'comma', 'copyright', 'd', 'dollar', 'e', 'eight', 'emdash', 'exclam', 'f', 'five', 'four', 'g', 'h', 'hyphen', 'i', 'k', 'l', 'm', 'n', 'nine', 'numbersign', 'o', 'one', 'p', 'parenleft', 'parenright', 'percent', 'period', 'periodcentered', 'plus', 'q', 'quotedbl', 'r', 's', 'seven', 'six', 'slash', 'space', 't', 'three', 'triagup', 'two', 'u', 'uniAC04', 'uniAD50', 'uniAE30', 'uniB2E5', 'uniB4F1', 'uniB808', 'uniB9C1', 'uniBA58', 'uniBAA8', 'uniBC14', 'uniBC18', 'uniBCF4', 'uniC190', 'uniC2DC', 'uniC720', 'uniC775', 'uniC77C', 'uniC7A5', 'uniC808', 'uniCCB4', 'uniD140', 'uniD2B8', 'v', 'w', 'x', 'y', 'zero']
2026-09-24 05:06:20,952 [INFO] fontTools.subset — Glyph IDs:   [0, 1, 2, 3, 4, 5, 8, 9, 11, 12, 13, 14, 15, 16, 17, 18, 19, 20, 21, 22, 23, 24, 25, 26, 33, 34, 35, 36, 37, 38, 39, 40, 41, 44, 45, 46, 47, 48, 49, 50, 51, 52, 53, 54, 55, 57, 64, 65, 66, 67, 68, 69, 70, 71, 72, 74, 75, 76, 77, 78, 79, 80, 81, 82, 83, 84, 85, 86, 87, 88, 91, 96, 99, 104, 159, 162, 497, 607, 654, 928, 1042, 1177, 1267, 1310, 1326, 1397, 1401, 1458, 1675, 1751, 2013, 2043, 2045, 2067, 2091, 2308, 2518, 2576, 13296]
2026-09-24 05:06:20,953 [INFO] fontTools.subset — Retaining 99 glyphs
2026-09-24 05:06:20,953 [INFO] fontTools.subset — head subsetting not needed
2026-09-24 05:06:20,953 [INFO] fontTools.subset — hhea subsetting not needed
2026-09-24 05:06:20,953 [INFO] fontTools.subset — maxp subsetting not needed
2026-09-24 05:06:20,953 [INFO] fontTools.subset — OS/2 subsetting not needed
2026-09-24 05:06:20,954 [INFO] fontTools.subset — hmtx subsetted
2026-09-24 05:06:20,955 [INFO] fontTools.subset — cmap subsetted
2026-09-24 05:06:20,955 [INFO] fontTools.subset — fpgm subsetting not needed
2026-09-24 05:06:20,955 [INFO] fontTools.subset — prep subsetting not needed
2026-09-24 05:06:20,956 [INFO] fontTools.subset — cvt  subsetting not needed
2026-09-24 05:06:20,956 [INFO] fontTools.subset — loca subsetting not needed
2026-09-24 05:06:20,956 [INFO] fontTools.subset — post subsetted
2026-09-24 05:06:20,956 [INFO] fontTools.subset — gasp subsetting not needed
2026-09-24 05:06:20,956 [INFO] fontTools.subset — name subsetting not needed
2026-09-24 05:06:20,958 [INFO] fontTools.subset — glyf subsetted
2026-09-24 05:06:20,958 [INFO] fontTools.subset — head pruned
2026-09-24 05:06:20,959 [INFO] fontTools.subset — OS/2 Unicode ranges pruned: [0, 1, 31, 37, 45, 56]
2026-09-24 05:06:20,959 [INFO] fontTools.subset — OS/2 CodePage ranges pruned: [0]
2026-09-24 05:06:20,960 [INFO] fontTools.subset — glyf pruned
2026-09-24 05:06:20,961 [INFO] fontTools.subset — name pruned
2026-09-24 05:06:20,980 [WARNING] fpdf.output — Font MPDFAA+NanumGothicBold is missing the following glyphs: '📈' (\U0001f4c8), '📉' (\U0001f4c9)
2026-09-24 05:06:20,981 [INFO] fontTools.subset — maxp pruned
2026-09-24 05:06:20,981 [INFO] fontTools.subset — cmap pruned
2026-09-24 05:06:20,981 [INFO] fontTools.subset — post pruned
2026-09-24 05:06:20,981 [INFO] fontTools.subset — DSIG dropped
2026-09-24 05:06:20,981 [INFO] fontTools.subset — GPOS dropped
2026-09-24 05:06:20,981 [INFO] fontTools.subset — GSUB dropped
2026-09-24 05:06:20,981 [INFO] fontTools.subset — glyf pruned
2026-09-24 05:06:20,982 [INFO] fontTools.subset — Added gid0 to subset
2026-09-24 05:06:20,982 [INFO] fontTools.subset — Added first four glyphs to subset
2026-09-24 05:06:20,983 [INFO] fontTools.subset — Closing glyph list over 'glyf': 101 glyphs before
2026-09-24 05:06:20,983 [INFO] fontTools.subset — Glyph names: ['.notdef', 'A', 'B', 'C', 'D', 'E', 'F', 'G', 'H', 'I', 'J', 'K', 'L', 'M', 'N', 'O', 'P', 'Q', 'R', 'S', 'T', 'U', 'V', 'W', 'X', 'Y', 'Z', 'a', 'ampersand', 'b', 'c', 'colon', 'd', 'dollar', 'e', 'eight', 'emdash', 'equal', 'exclam', 'f', 'five', 'four', 'g', 'h', 'hyphen', 'i', 'j', 'k', 'l', 'm', 'n', 'nine', 'numbersign', 'o', 'one', 'p', 'parenleft', 'parenright', 'percent', 'period', 'periodcentered', 'plus', 'q', 'quotedbl', 'quotesingle', 'r', 's', 'seven', 'six', 'slash', 'space', 't', 'three', 'two', 'u', 'uni2605', 'uniACE8', 'uniB2E5', 'uniB4E0', 'uniB4F1', 'uniB85C', 'uniBA58', 'uniBAA8', 'uniBC14', 'uniBC15', 'uniBC18', 'uniBC30', 'uniC131', 'uniC2A4', 'uniC5F4', 'uniC784', 'uniC815', 'uniC911', 'uniD06C', 'uniD140', 'uniD615', 'v', 'w', 'x', 'y', 'zero']
2026-09-24 05:06:20,983 [INFO] fontTools.subset — Glyph IDs:   [0, 1, 2, 3, 4, 5, 6, 7, 8, 9, 11, 13, 14, 15, 16, 17, 18, 19, 20, 21, 22, 23, 24, 25, 26, 29, 33, 34, 35, 36, 37, 38, 39, 40, 41, 42, 43, 44, 45, 46, 47, 48, 49, 50, 51, 52, 53, 54, 55, 56, 57, 58, 64, 65, 66, 67, 68, 69, 70, 71, 72, 73, 74, 75, 76, 77, 78, 79, 80, 81, 82, 83, 84, 85, 86, 87, 88, 99, 104, 150, 573, 926, 1033, 1040, 1196, 1308, 1324, 1395, 1396, 1399, 1410, 1646, 1740, 1915, 2047, 2094, 2153, 2475, 2516, 2746, 13533]
2026-09-24 05:06:20,983 [INFO] fontTools.subset — Closed glyph list over 'glyf': 101 glyphs after
2026-09-24 05:06:20,983 [INFO] fontTools.subset — Glyph names: ['.notdef', 'A', 'B', 'C', 'D', 'E', 'F', 'G', 'H', 'I', 'J', 'K', 'L', 'M', 'N', 'O', 'P', 'Q', 'R', 'S', 'T', 'U', 'V', 'W', 'X', 'Y', 'Z', 'a', 'ampersand', 'b', 'c', 'colon', 'd', 'dollar', 'e', 'eight', 'emdash', 'equal', 'exclam', 'f', 'five', 'four', 'g', 'h', 'hyphen', 'i', 'j', 'k', 'l', 'm', 'n', 'nine', 'numbersign', 'o', 'one', 'p', 'parenleft', 'parenright', 'percent', 'period', 'periodcentered', 'plus', 'q', 'quotedbl', 'quotesingle', 'r', 's', 'seven', 'six', 'slash', 'space', 't', 'three', 'two', 'u', 'uni2605', 'uniACE8', 'uniB2E5', 'uniB4E0', 'uniB4F1', 'uniB85C', 'uniBA58', 'uniBAA8', 'uniBC14', 'uniBC15', 'uniBC18', 'uniBC30', 'uniC131', 'uniC2A4', 'uniC5F4', 'uniC784', 'uniC815', 'uniC911', 'uniD06C', 'uniD140', 'uniD615', 'v', 'w', 'x', 'y', 'zero']
2026-09-24 05:06:20,983 [INFO] fontTools.subset — Glyph IDs:   [0, 1, 2, 3, 4, 5, 6, 7, 8, 9, 11, 13, 14, 15, 16, 17, 18, 19, 20, 21, 22, 23, 24, 25, 26, 29, 33, 34, 35, 36, 37, 38, 39, 40, 41, 42, 43, 44, 45, 46, 47, 48, 49, 50, 51, 52, 53, 54, 55, 56, 57, 58, 64, 65, 66, 67, 68, 69, 70, 71, 72, 73, 74, 75, 76, 77, 78, 79, 80, 81, 82, 83, 84, 85, 86, 87, 88, 99, 104, 150, 573, 926, 1033, 1040, 1196, 1308, 1324, 1395, 1396, 1399, 1410, 1646, 1740, 1915, 2047, 2094, 2153, 2475, 2516, 2746, 13533]
2026-09-24 05:06:20,984 [INFO] fontTools.subset — Retaining 101 glyphs
2026-09-24 05:06:20,984 [INFO] fontTools.subset — head subsetting not needed
2026-09-24 05:06:20,984 [INFO] fontTools.subset — hhea subsetting not needed
2026-09-24 05:06:20,984 [INFO] fontTools.subset — maxp subsetting not needed
2026-09-24 05:06:20,984 [INFO] fontTools.subset — OS/2 subsetting not needed
2026-09-24 05:06:20,985 [INFO] fontTools.subset — hmtx subsetted
2026-09-24 05:06:20,986 [INFO] fontTools.subset — cmap subsetted
2026-09-24 05:06:20,986 [INFO] fontTools.subset — fpgm subsetting not needed
2026-09-24 05:06:20,986 [INFO] fontTools.subset — prep subsetting not needed
2026-09-24 05:06:20,987 [INFO] fontTools.subset — cvt  subsetting not needed
2026-09-24 05:06:20,987 [INFO] fontTools.subset — loca subsetting not needed
2026-09-24 05:06:20,987 [INFO] fontTools.subset — post subsetted
2026-09-24 05:06:20,987 [INFO] fontTools.subset — gasp subsetting not needed
2026-09-24 05:06:20,987 [INFO] fontTools.subset — name subsetting not needed
2026-09-24 05:06:20,989 [INFO] fontTools.subset — glyf subsetted
2026-09-24 05:06:20,989 [INFO] fontTools.subset — head pruned
2026-09-24 05:06:20,990 [INFO] fontTools.subset — OS/2 Unicode ranges pruned: [0, 1, 31, 46, 56]
2026-09-24 05:06:20,990 [INFO] fontTools.subset — OS/2 CodePage ranges pruned: [0]
2026-09-24 05:06:20,991 [INFO] fontTools.subset — glyf pruned
2026-09-24 05:06:20,991 [INFO] fontTools.subset — name pruned
[Unified PT] PDF 리포트 생성 완료 (117,580 bytes)
[시장분석] 51개 종목 데이터 수집 중...
2026-09-24 05:06:27,281 [WARNING] data.fetch — [fetch_analyst_data] UPST: 'dict' object has no attribute 'empty'
2026-09-24 05:06:27,297 [WARNING] data.fetch — [fetch_analyst_data] RBLX: 'dict' object has no attribute 'empty'
2026-09-24 05:06:27,309 [WARNING] data.fetch — [fetch_analyst_data] DASH: 'dict' object has no attribute 'empty'
2026-09-24 05:06:27,311 [WARNING] data.fetch — [fetch_analyst_data] GENI: 'dict' object has no attribute 'empty'
2026-09-24 05:06:27,323 [WARNING] data.fetch — [fetch_analyst_data] INSP: 'dict' object has no attribute 'empty'
2026-09-24 05:06:33,518 [WARNING] data.fetch — [fetch_analyst_data] FIG: 'dict' object has no attribute 'empty'
2026-09-24 05:06:33,552 [WARNING] data.fetch — [fetch_analyst_data] WIX: 'dict' object has no attribute 'empty'
2026-09-24 05:06:33,562 [WARNING] data.fetch — [fetch_analyst_data] ADBE: 'dict' object has no attribute 'empty'
2026-09-24 05:06:33,568 [WARNING] data.fetch — [fetch_analyst_data] PG: 'dict' object has no attribute 'empty'
2026-09-24 05:06:33,616 [WARNING] data.fetch — [fetch_analyst_data] T: 'dict' object has no attribute 'empty'
2026-09-24 05:06:39,757 [WARNING] data.fetch — [fetch_analyst_data] MMYT: 'dict' object has no attribute 'empty'
2026-09-24 05:06:39,774 [WARNING] data.fetch — [fetch_analyst_data] MNDY: 'dict' object has no attribute 'empty'
2026-09-24 05:06:39,801 [WARNING] data.fetch — [fetch_analyst_data] MELI: 'dict' object has no attribute 'empty'
2026-09-24 05:06:39,824 [WARNING] data.fetch — [fetch_analyst_data] DIS: 'dict' object has no attribute 'empty'
2026-09-24 05:06:39,880 [WARNING] data.fetch — [fetch_analyst_data] ABT: 'dict' object has no attribute 'empty'
2026-09-24 05:06:46,006 [WARNING] data.fetch — [fetch_analyst_data] STX: 'dict' object has no attribute 'empty'
2026-09-24 05:06:46,049 [WARNING] data.fetch — [fetch_analyst_data] VKTX: 'dict' object has no attribute 'empty'
2026-09-24 05:06:46,064 [WARNING] data.fetch — [fetch_analyst_data] ETN: 'dict' object has no attribute 'empty'
2026-09-24 05:06:46,071 [WARNING] data.fetch — [fetch_analyst_data] AEMD: 'dict' object has no attribute 'empty'
2026-09-24 05:06:46,080 [WARNING] data.fetch — [fetch_analyst_data] TSLA: 'dict' object has no attribute 'empty'
2026-09-24 05:06:52,220 [WARNING] data.fetch — [fetch_analyst_data] BTDR: 'dict' object has no attribute 'empty'
2026-09-24 05:06:52,262 [WARNING] data.fetch — [fetch_analyst_data] ISRG: 'dict' object has no attribute 'empty'
2026-09-24 05:06:52,281 [WARNING] data.fetch — [fetch_analyst_data] HIVE: 'dict' object has no attribute 'empty'
2026-09-24 05:06:52,298 [WARNING] data.fetch — [fetch_analyst_data] ADI: 'dict' object has no attribute 'empty'
2026-09-24 05:06:52,333 [WARNING] data.fetch — [fetch_analyst_data] QUBT: 'dict' object has no attribute 'empty'
2026-09-24 05:06:58,427 [WARNING] data.fetch — [fetch_analyst_data] CRML: 'dict' object has no attribute 'empty'
2026-09-24 05:06:58,484 [WARNING] data.fetch — [fetch_analyst_data] BTBT: 'dict' object has no attribute 'empty'
2026-09-24 05:06:58,531 [WARNING] data.fetch — [fetch_analyst_data] WMT: 'dict' object has no attribute 'empty'
2026-09-24 05:06:58,551 [WARNING] data.fetch — [fetch_analyst_data] TXN: 'dict' object has no attribute 'empty'
2026-09-24 05:06:58,595 [WARNING] data.fetch — [fetch_analyst_data] GLW: 'dict' object has no attribute 'empty'
2026-09-24 05:07:04,700 [WARNING] data.fetch — [fetch_analyst_data] CAT: 'dict' object has no attribute 'empty'
2026-09-24 05:07:04,716 [WARNING] data.fetch — [fetch_analyst_data] RGTI: 'dict' object has no attribute 'empty'
2026-09-24 05:07:04,775 [WARNING] data.fetch — [fetch_analyst_data] INTC: 'dict' object has no attribute 'empty'
2026-09-24 05:07:04,831 [WARNING] data.fetch — [fetch_analyst_data] SRAD: 'dict' object has no attribute 'empty'
2026-09-24 05:07:04,901 [WARNING] data.fetch — [fetch_analyst_data] MPWR: 'dict' object has no attribute 'empty'
2026-09-24 05:07:10,942 [WARNING] data.fetch — [fetch_analyst_data] NXPI: 'dict' object has no attribute 'empty'
2026-09-24 05:07:10,954 [WARNING] data.fetch — [fetch_analyst_data] VEEE: 'dict' object has no attribute 'empty'
2026-09-24 05:07:10,985 [WARNING] data.fetch — [fetch_analyst_data] MEDS: 'dict' object has no attribute 'empty'
2026-09-24 05:07:11,083 [WARNING] data.fetch — [fetch_analyst_data] KLAC: 'dict' object has no attribute 'empty'
2026-09-24 05:07:11,163 [WARNING] data.fetch — [fetch_analyst_data] BKNG: 'dict' object has no attribute 'empty'
2026-09-24 05:07:17,221 [WARNING] data.fetch — [fetch_analyst_data] META: 'dict' object has no attribute 'empty'
2026-09-24 05:07:17,242 [WARNING] data.fetch — [fetch_analyst_data] MDT: 'dict' object has no attribute 'empty'
2026-09-24 05:07:17,256 [WARNING] data.fetch — [fetch_analyst_data] WFC: 'dict' object has no attribute 'empty'
2026-09-24 05:07:17,361 [WARNING] data.fetch — [fetch_analyst_data] SPGI: 'dict' object has no attribute 'empty'
2026-09-24 05:07:17,383 [WARNING] data.fetch — [fetch_analyst_data] COIN: 'dict' object has no attribute 'empty'
2026-09-24 05:07:23,435 [WARNING] data.fetch — [fetch_analyst_data] UBER: 'dict' object has no attribute 'empty'
2026-09-24 05:07:23,455 [WARNING] data.fetch — [fetch_analyst_data] BMNR: 'dict' object has no attribute 'empty'
2026-09-24 05:07:23,580 [WARNING] data.fetch — [fetch_analyst_data] MSTR: 'dict' object has no attribute 'empty'
2026-09-24 05:07:23,628 [WARNING] data.fetch — [fetch_analyst_data] DOCS: 'dict' object has no attribute 'empty'
2026-09-24 05:07:23,877 [WARNING] data.fetch — [fetch_analyst_data] CEG: 'dict' object has no attribute 'empty'
2026-09-24 05:07:29,645 [WARNING] data.fetch — [fetch_analyst_data] HUBS: 'dict' object has no attribute 'empty'
[시장분석] enrichment 완료
[Email] 페이퍼 트레이딩 알림 발송 완료 (PDF 첨부) (매도 0건, 매수 1건, 재평가 0건, 재평가실패 0건, 후보 5건) → chunghwan14@gmail.com, roykim0311@gmail.com, ssamjungtan@naver.com
============================================================
[Unified Paper Trading] 완료
============================================================
