============================================================
[Unified Paper Trading] SP500 + NASDAQ/NYSE 통합 실행 시작
============================================================
2026-05-25 04:07:13,306 [INFO] paper_trading.runner — [Runner] SP500 snapshot 로드: 130개 종목
[Unified PT] SP500 snapshot 로드: 130개 종목
2026-05-25 04:07:13,313 [INFO] paper_trading.runner — [Runner] NASDAQ snapshot 로드: 225개 종목
[Unified PT] NASDAQ snapshot 로드: 225개 종목
[Unified PT] 합산 완료: 335개 종목 (SP500 130 + NASDAQ 225개, 중복 제거 후)
[Unified PT] 골든크로스임박 종목: 24개
2026-05-25 04:07:14,389 [INFO] paper_trading.candidate_selector — [전략점수 분포] ~4.0: 88 | 4.0~5.0: 36 | 5.0~5.5: 31 | 5.5~6.0: 9 | 6.0+: 171
2026-05-25 04:07:14,404 [INFO] paper_trading.candidate_selector — [CandidateSelector] Regime=bull | Filtered=3/335 | Selected: DOCS (CCS=0.4607)
2026-05-25 04:07:14,415 [INFO] paper_trading.engine — [PaperTrading] 교체 기준 미달 — 매수 안 함
[Unified PT] 매도=0 매수=0 보유=3종목
[Unified PT] 레짐=bull | 필터={'전략점수<6.0': 164, '바닥반등_52주과열': 0, '판단등급_미달': 165, '과열_차단': 1, '유동성_부족': 0, '어닝_임박': 0, '보유_중복': 0, '모멘텀_ADX부족': 2, '바닥_RSI데드존': 0, '섹터_집중': 0, '_통과': 3, '_전체': 335}
[Unified PT] 스킵 사유: 교체_미달
[Unified PT] Top5 후보:
  DOCS   CCS=0.4607 전략=📉 바닥반등 섹터=Healthcare
  BRBR   CCS=0.4306 전략=📉 바닥반등 섹터=Consumer Defensive
  GPGI   CCS=0.4252 전략=📉 바닥반등 섹터=Industrials
2026-05-25 04:07:15,658 [INFO] paper_trading.sheet_sync — [SheetSync] 포지션현황 업데이트: 3개 종목
2026-05-25 04:07:16,931 [INFO] paper_trading.sheet_sync — [SheetSync] 성과요약 업데이트: 12건 거래
[Unified PT] 구글 시트 동기화 완료
[시장분석] 30개 종목 데이터 수집 중...
2026-05-25 04:07:23,749 [WARNING] data.fetch — [fetch_analyst_data] BRBR: 'dict' object has no attribute 'empty'
2026-05-25 04:07:23,758 [WARNING] data.fetch — [fetch_analyst_data] SNPS: 'dict' object has no attribute 'empty'
2026-05-25 04:07:23,833 [WARNING] data.fetch — [fetch_analyst_data] GPGI: 'dict' object has no attribute 'empty'
2026-05-25 04:07:23,834 [WARNING] data.fetch — [fetch_analyst_data] DOCS: 'dict' object has no attribute 'empty'
2026-05-25 04:07:23,873 [WARNING] data.fetch — [fetch_analyst_data] BRK-B: 'dict' object has no attribute 'empty'
2026-05-25 04:07:30,336 [WARNING] data.fetch — [fetch_analyst_data] EOSE: 'dict' object has no attribute 'empty'
2026-05-25 04:07:30,361 [WARNING] data.fetch — [fetch_analyst_data] ABBV: 'dict' object has no attribute 'empty'
2026-05-25 04:07:30,371 [WARNING] data.fetch — [fetch_analyst_data] ACHR: 'dict' object has no attribute 'empty'
2026-05-25 04:07:30,443 [WARNING] data.fetch — [fetch_analyst_data] JNJ: 'dict' object has no attribute 'empty'
2026-05-25 04:07:30,488 [WARNING] data.fetch — [fetch_analyst_data] HON: 'dict' object has no attribute 'empty'
2026-05-25 04:07:36,940 [WARNING] data.fetch — [fetch_analyst_data] GE: 'dict' object has no attribute 'empty'
2026-05-25 04:07:36,955 [WARNING] data.fetch — [fetch_analyst_data] AMGN: 'dict' object has no attribute 'empty'
2026-05-25 04:07:36,988 [WARNING] data.fetch — [fetch_analyst_data] KLAR: 'dict' object has no attribute 'empty'
2026-05-25 04:07:37,163 [WARNING] data.fetch — [fetch_analyst_data] TMUS: 'dict' object has no attribute 'empty'
2026-05-25 04:07:37,524 [WARNING] data.fetch — [fetch_analyst_data] MNDY: 'dict' object has no attribute 'empty'
2026-05-25 04:07:43,409 [WARNING] data.fetch — [fetch_analyst_data] IT: 'dict' object has no attribute 'empty'
2026-05-25 04:07:43,484 [WARNING] data.fetch — [fetch_analyst_data] GPK: 'dict' object has no attribute 'empty'
2026-05-25 04:07:43,539 [WARNING] data.fetch — [fetch_analyst_data] IBM: 'dict' object has no attribute 'empty'
2026-05-25 04:07:43,714 [WARNING] data.fetch — [fetch_analyst_data] FIG: 'dict' object has no attribute 'empty'
2026-05-25 04:07:44,152 [WARNING] data.fetch — [fetch_analyst_data] RTX: 'dict' object has no attribute 'empty'
2026-05-25 04:07:49,996 [WARNING] data.fetch — [fetch_analyst_data] NOW: 'dict' object has no attribute 'empty'
2026-05-25 04:07:50,030 [WARNING] data.fetch — [fetch_analyst_data] SYK: 'dict' object has no attribute 'empty'
2026-05-25 04:07:50,100 [WARNING] data.fetch — [fetch_analyst_data] MDT: 'dict' object has no attribute 'empty'
2026-05-25 04:07:50,187 [WARNING] data.fetch — [fetch_analyst_data] SRPT: 'dict' object has no attribute 'empty'
2026-05-25 04:07:50,543 [ERROR] yfinance — HTTP Error 404: {"quoteSummary":{"result":null,"error":{"code":"Not Found","description":"No fundamentals data found for symbol: VXX"}}}
2026-05-25 04:07:50,680 [WARNING] data.fetch — [fetch_analyst_data] HUM: 'dict' object has no attribute 'empty'
2026-05-25 04:07:53,884 [ERROR] yfinance — HTTP Error 404: {"quoteSummary":{"result":null,"error":{"code":"Not Found","description":"No fundamentals data found for symbol: VXX"}}}
2026-05-25 04:07:56,517 [WARNING] data.fetch — [fetch_analyst_data] V: 'dict' object has no attribute 'empty'
2026-05-25 04:07:56,632 [WARNING] data.fetch — [fetch_analyst_data] ANET: 'dict' object has no attribute 'empty'
2026-05-25 04:07:56,641 [WARNING] data.fetch — [fetch_analyst_data] SWKS: 'dict' object has no attribute 'empty'
2026-05-25 04:07:57,141 [ERROR] yfinance — HTTP Error 404: {"quoteSummary":{"result":null,"error":{"code":"Not Found","description":"No fundamentals data found for symbol: VXX"}}}
2026-05-25 04:07:57,141 [WARNING] data.fetch — [fetch_analyst_data] VXX: 'dict' object has no attribute 'empty'
2026-05-25 04:07:57,203 [WARNING] data.fetch — [fetch_analyst_data] ISRG: 'dict' object has no attribute 'empty'
[시장분석] enrichment 완료
[Email] 페이퍼 트레이딩 알림 발송 완료 (매도 0건, 매수 0건, 재평가 0건, 재평가실패 0건, 후보 3건) → chunghwan14@gmail.com, roykim0311@gmail.com, ssamjungtan@naver.com
============================================================
[Unified Paper Trading] 완료
============================================================
