============================================================
[Unified Paper Trading] SP500 + NASDAQ/NYSE 통합 실행 시작
============================================================
2026-07-30 22:18:55,857 [INFO] paper_trading.runner — [Runner] SP500 snapshot 로드: 129개 종목
[Unified PT] SP500 snapshot 로드: 129개 종목
2026-07-30 22:18:55,869 [INFO] paper_trading.runner — [Runner] NASDAQ snapshot 로드: 203개 종목
[Unified PT] NASDAQ snapshot 로드: 203개 종목
[Unified PT] 합산 완료: 326개 종목 (SP500 129 + NASDAQ 203개, 중복 제거 후)
[Unified PT] 골든크로스임박 종목: 58개
2026-07-30 22:18:56,621 [INFO] paper_trading.candidate_selector — [전략점수 분포] ~4.0: 87 | 4.0~5.0: 43 | 5.0~5.5: 39 | 5.5~6.0: 28 | 6.0+: 129
2026-07-30 22:18:56,643 [INFO] paper_trading.candidate_selector — [CandidateSelector] Regime=bull | Filtered=13/326 | Selected: C (CCS=0.5754)
2026-07-30 22:18:56,656 [INFO] paper_trading.engine — [PaperTrading] 교체 기준 미달 — 매수 안 함
[Unified PT] 매도=0 매수=0 보유=3종목
[Unified PT] 레짐=bull | 필터={'전략점수<6.0': 197, '바닥반등_52주과열': 2, '판단등급_미달': 100, '과열_차단': 5, '유동성_부족': 0, '어닝_임박': 0, '보유_중복': 0, '모멘텀_ADX부족': 4, '바닥_RSI데드존': 1, '섹터_집중': 4, '_통과': 13, '_전체': 326}
[Unified PT] 스킵 사유: 교체_미달
[Unified PT] Top5 후보:
  HIMS   CCS=0.5901 전략=📉 바닥반등 섹터=Healthcare
  C      CCS=0.5754 전략=📈 모멘텀 섹터=Financial Services
  LRN    CCS=0.5544 전략=📉 바닥반등 섹터=Consumer Defensive
  RDW    CCS=0.5541 전략=📉 바닥반등 섹터=Industrials
  FLY    CCS=0.5514 전략=📉 바닥반등 섹터=Industrials
2026-07-30 22:19:00,230 [INFO] paper_trading.sheet_sync — [SheetSync] 포지션현황 업데이트: 3개 종목
2026-07-30 22:19:03,997 [INFO] paper_trading.sheet_sync — [SheetSync] 성과요약 업데이트: 33건 거래
[Unified PT] 구글 시트 동기화 완료
[시장분석] 65개 종목 데이터 수집 중...
2026-07-30 22:19:10,597 [WARNING] data.fetch — [fetch_analyst_data] RDW: 'dict' object has no attribute 'empty'
2026-07-30 22:19:10,675 [WARNING] data.fetch — [fetch_analyst_data] LRN: 'dict' object has no attribute 'empty'
2026-07-30 22:19:10,712 [WARNING] data.fetch — [fetch_analyst_data] HIMS: 'dict' object has no attribute 'empty'
2026-07-30 22:19:10,724 [WARNING] data.fetch — [fetch_analyst_data] C: 'dict' object has no attribute 'empty'
2026-07-30 22:19:10,775 [WARNING] data.fetch — [fetch_analyst_data] FLY: 'dict' object has no attribute 'empty'
2026-07-30 22:19:16,959 [WARNING] data.fetch — [fetch_analyst_data] MSFT: 'dict' object has no attribute 'empty'
2026-07-30 22:19:17,102 [WARNING] data.fetch — [fetch_analyst_data] SMCI: 'dict' object has no attribute 'empty'
2026-07-30 22:19:17,196 [WARNING] data.fetch — [fetch_analyst_data] IBM: 'dict' object has no attribute 'empty'
2026-07-30 22:19:17,197 [WARNING] data.fetch — [fetch_analyst_data] SHW: 'dict' object has no attribute 'empty'
2026-07-30 22:19:17,261 [WARNING] data.fetch — [fetch_analyst_data] UTZ: 'dict' object has no attribute 'empty'
2026-07-30 22:19:23,258 [WARNING] data.fetch — [fetch_analyst_data] HOOD: 'dict' object has no attribute 'empty'
2026-07-30 22:19:23,483 [WARNING] data.fetch — [fetch_analyst_data] HD: 'dict' object has no attribute 'empty'
2026-07-30 22:19:23,558 [WARNING] data.fetch — [fetch_analyst_data] BKNG: 'dict' object has no attribute 'empty'
2026-07-30 22:19:23,568 [WARNING] data.fetch — [fetch_analyst_data] WHD: 'dict' object has no attribute 'empty'
2026-07-30 22:19:23,679 [WARNING] data.fetch — [fetch_analyst_data] NEE: 'dict' object has no attribute 'empty'
2026-07-30 22:19:29,540 [WARNING] data.fetch — [fetch_analyst_data] CRM: 'dict' object has no attribute 'empty'
2026-07-30 22:19:29,797 [WARNING] data.fetch — [fetch_analyst_data] GILD: 'dict' object has no attribute 'empty'
2026-07-30 22:19:29,851 [WARNING] data.fetch — [fetch_analyst_data] ADBE: 'dict' object has no attribute 'empty'
2026-07-30 22:19:29,999 [WARNING] data.fetch — [fetch_analyst_data] COP: 'dict' object has no attribute 'empty'
2026-07-30 22:19:30,172 [WARNING] data.fetch — [fetch_analyst_data] PODD: 'dict' object has no attribute 'empty'
2026-07-30 22:19:35,903 [WARNING] data.fetch — [fetch_analyst_data] PFE: 'dict' object has no attribute 'empty'
2026-07-30 22:19:36,144 [WARNING] data.fetch — [fetch_analyst_data] KD: 'dict' object has no attribute 'empty'
2026-07-30 22:19:36,170 [WARNING] data.fetch — [fetch_analyst_data] TME: 'dict' object has no attribute 'empty'
2026-07-30 22:19:36,314 [WARNING] data.fetch — [fetch_analyst_data] NOW: 'dict' object has no attribute 'empty'
2026-07-30 22:19:36,792 [WARNING] data.fetch — [fetch_analyst_data] HON: 'dict' object has no attribute 'empty'
2026-07-30 22:19:42,218 [WARNING] data.fetch — [fetch_analyst_data] AVGO: 'dict' object has no attribute 'empty'
2026-07-30 22:19:42,517 [WARNING] data.fetch — [fetch_analyst_data] IT: 'dict' object has no attribute 'empty'
2026-07-30 22:19:42,521 [WARNING] data.fetch — [fetch_analyst_data] COST: 'dict' object has no attribute 'empty'
2026-07-30 22:19:42,742 [WARNING] data.fetch — [fetch_analyst_data] XOM: 'dict' object has no attribute 'empty'
2026-07-30 22:19:43,313 [WARNING] data.fetch — [fetch_analyst_data] FISV: 'dict' object has no attribute 'empty'
2026-07-30 22:19:48,504 [WARNING] data.fetch — [fetch_analyst_data] CEG: 'dict' object has no attribute 'empty'
2026-07-30 22:19:48,838 [WARNING] data.fetch — [fetch_analyst_data] HCA: 'dict' object has no attribute 'empty'
2026-07-30 22:19:49,026 [WARNING] data.fetch — [fetch_analyst_data] PLNT: 'dict' object has no attribute 'empty'
2026-07-30 22:19:49,353 [WARNING] data.fetch — [fetch_analyst_data] PEP: 'dict' object has no attribute 'empty'
2026-07-30 22:19:49,885 [WARNING] data.fetch — [fetch_analyst_data] CMCSA: 'dict' object has no attribute 'empty'
2026-07-30 22:19:54,790 [WARNING] data.fetch — [fetch_analyst_data] CNXC: 'dict' object has no attribute 'empty'
2026-07-30 22:19:55,102 [WARNING] data.fetch — [fetch_analyst_data] HUBS: 'dict' object has no attribute 'empty'
2026-07-30 22:19:55,331 [WARNING] data.fetch — [fetch_analyst_data] GM: 'dict' object has no attribute 'empty'
2026-07-30 22:19:55,631 [WARNING] data.fetch — [fetch_analyst_data] COIN: 'dict' object has no attribute 'empty'
2026-07-30 22:19:56,179 [WARNING] data.fetch — [fetch_analyst_data] WIX: 'dict' object has no attribute 'empty'
2026-07-30 22:20:01,141 [WARNING] data.fetch — [fetch_analyst_data] BMNR: 'dict' object has no attribute 'empty'
2026-07-30 22:20:01,413 [WARNING] data.fetch — [fetch_analyst_data] EPAM: 'dict' object has no attribute 'empty'
2026-07-30 22:20:01,657 [WARNING] data.fetch — [fetch_analyst_data] ACN: 'dict' object has no attribute 'empty'
2026-07-30 22:20:02,152 [WARNING] data.fetch — [fetch_analyst_data] LEU: 'dict' object has no attribute 'empty'
2026-07-30 22:20:02,624 [WARNING] data.fetch — [fetch_analyst_data] LCID: 'dict' object has no attribute 'empty'
2026-07-30 22:20:07,436 [WARNING] data.fetch — [fetch_analyst_data] INTU: 'dict' object has no attribute 'empty'
2026-07-30 22:20:07,675 [WARNING] data.fetch — [fetch_analyst_data] Z: 'dict' object has no attribute 'empty'
2026-07-30 22:20:07,938 [WARNING] data.fetch — [fetch_analyst_data] ZG: 'dict' object has no attribute 'empty'
2026-07-30 22:20:08,465 [WARNING] data.fetch — [fetch_analyst_data] GLOB: 'dict' object has no attribute 'empty'
2026-07-30 22:20:08,983 [WARNING] data.fetch — [fetch_analyst_data] CLRO: 'dict' object has no attribute 'empty'
2026-07-30 22:20:13,813 [WARNING] data.fetch — [fetch_analyst_data] PG: 'dict' object has no attribute 'empty'
2026-07-30 22:20:13,967 [WARNING] data.fetch — [fetch_analyst_data] MA: 'dict' object has no attribute 'empty'
2026-07-30 22:20:14,231 [WARNING] data.fetch — [fetch_analyst_data] APP: 'dict' object has no attribute 'empty'
2026-07-30 22:20:14,867 [WARNING] data.fetch — [fetch_analyst_data] CRWV: 'dict' object has no attribute 'empty'
2026-07-30 22:20:15,280 [WARNING] data.fetch — [fetch_analyst_data] QUBT: 'dict' object has no attribute 'empty'
2026-07-30 22:20:20,084 [WARNING] data.fetch — [fetch_analyst_data] QBTS: 'dict' object has no attribute 'empty'
2026-07-30 22:20:20,229 [WARNING] data.fetch — [fetch_analyst_data] STUB: 'dict' object has no attribute 'empty'
2026-07-30 22:20:20,567 [WARNING] data.fetch — [fetch_analyst_data] COF: 'dict' object has no attribute 'empty'
2026-07-30 22:20:21,123 [WARNING] data.fetch — [fetch_analyst_data] BULL: 'dict' object has no attribute 'empty'
2026-07-30 22:20:21,760 [WARNING] data.fetch — [fetch_analyst_data] SPGI: 'dict' object has no attribute 'empty'
2026-07-30 22:20:26,391 [WARNING] data.fetch — [fetch_analyst_data] AMZN: 'dict' object has no attribute 'empty'
2026-07-30 22:20:26,494 [WARNING] data.fetch — [fetch_analyst_data] META: 'dict' object has no attribute 'empty'
2026-07-30 22:20:26,860 [WARNING] data.fetch — [fetch_analyst_data] CDNS: 'dict' object has no attribute 'empty'
2026-07-30 22:20:27,557 [WARNING] data.fetch — [fetch_analyst_data] PARR: 'dict' object has no attribute 'empty'
2026-07-30 22:20:28,376 [WARNING] data.fetch — [fetch_analyst_data] WDC: 'dict' object has no attribute 'empty'
[시장분석] enrichment 완료
[Email] 페이퍼 트레이딩 알림 발송 완료 (매도 0건, 매수 0건, 재평가 0건, 재평가실패 0건, 후보 5건) → chunghwan14@gmail.com, roykim0311@gmail.com, ssamjungtan@naver.com
============================================================
[Unified Paper Trading] 완료
============================================================
