============================================================
[Unified Paper Trading] SP500 + NASDAQ/NYSE 통합 실행 시작
============================================================
2026-05-19 21:55:03,676 [INFO] paper_trading.runner — [Runner] SP500 snapshot 로드: 130개 종목
[Unified PT] SP500 snapshot 로드: 130개 종목
2026-05-19 21:55:03,684 [INFO] paper_trading.runner — [Runner] NASDAQ snapshot 로드: 212개 종목
[Unified PT] NASDAQ snapshot 로드: 212개 종목
[Unified PT] 합산 완료: 332개 종목 (SP500 130 + NASDAQ 212개, 중복 제거 후)
[Unified PT] 골든크로스임박 종목: 5개
2026-05-19 21:55:05,083 [INFO] paper_trading.candidate_selector — [전략점수 분포] ~4.0: 99 | 4.0~5.0: 38 | 5.0~5.5: 25 | 5.5~6.0: 32 | 6.0+: 138
2026-05-19 21:55:05,096 [INFO] paper_trading.candidate_selector — [CandidateSelector] Regime=bull | Filtered=9/332 | Selected: JAZZ (CCS=0.4929)
2026-05-19 21:55:05,106 [INFO] paper_trading.engine — [PaperTrading] 교체 기준 미달 — 매수 안 함
[Unified PT] 매도=0 매수=0 보유=3종목
[Unified PT] 레짐=bull | 필터={'전략점수<6.0': 194, '바닥반등_52주과열': 2, '판단등급_미달': 116, '과열_차단': 7, '유동성_부족': 0, '어닝_임박': 0, '보유_중복': 0, '모멘텀_ADX부족': 3, '바닥_RSI데드존': 1, '섹터_집중': 0, '_통과': 9, '_전체': 332}
[Unified PT] 스킵 사유: 교체_미달
[Unified PT] Top5 후보:
  JAZZ   CCS=0.4929 전략=📈 모멘텀 섹터=Unknown
  SLNH   CCS=0.4807 전략=📈 모멘텀 섹터=Unknown
  T      CCS=0.4448 전략=📉 바닥반등 섹터=Communication Services
  CAI    CCS=0.4392 전략=📉 바닥반등 섹터=Unknown
  QURE   CCS=0.4322 전략=📈 모멘텀 섹터=Unknown
2026-05-19 21:55:07,319 [INFO] paper_trading.sheet_sync — [SheetSync] 포지션현황 업데이트: 3개 종목
2026-05-19 21:55:08,877 [INFO] paper_trading.sheet_sync — [SheetSync] 성과요약 업데이트: 12건 거래
[Unified PT] 구글 시트 동기화 완료
[시장분석] 8개 종목 데이터 수집 중...
2026-05-19 21:55:15,478 [WARNING] data.fetch — [fetch_analyst_data] JAZZ: 'dict' object has no attribute 'empty'
2026-05-19 21:55:15,545 [WARNING] data.fetch — [fetch_analyst_data] CAI: 'dict' object has no attribute 'empty'
2026-05-19 21:55:15,602 [WARNING] data.fetch — [fetch_analyst_data] SLNH: 'dict' object has no attribute 'empty'
2026-05-19 21:55:15,626 [WARNING] data.fetch — [fetch_analyst_data] T: 'dict' object has no attribute 'empty'
2026-05-19 21:55:15,661 [WARNING] data.fetch — [fetch_analyst_data] QURE: 'dict' object has no attribute 'empty'
2026-05-19 21:55:16,465 [ERROR] yfinance — HTTP Error 404: {"quoteSummary":{"result":null,"error":{"code":"Not Found","description":"No fundamentals data found for symbol: VXX"}}}
2026-05-19 21:55:19,647 [ERROR] yfinance — HTTP Error 404: {"quoteSummary":{"result":null,"error":{"code":"Not Found","description":"No fundamentals data found for symbol: VXX"}}}
2026-05-19 21:55:22,010 [WARNING] data.fetch — [fetch_analyst_data] ANET: 'dict' object has no attribute 'empty'
2026-05-19 21:55:22,115 [WARNING] data.fetch — [fetch_analyst_data] ISRG: 'dict' object has no attribute 'empty'
2026-05-19 21:55:22,843 [ERROR] yfinance — HTTP Error 404: {"quoteSummary":{"result":null,"error":{"code":"Not Found","description":"No fundamentals data found for symbol: VXX"}}}
2026-05-19 21:55:22,843 [WARNING] data.fetch — [fetch_analyst_data] VXX: 'dict' object has no attribute 'empty'
[시장분석] enrichment 완료
[Email] 페이퍼 트레이딩 알림 발송 완료 (매도 0건, 매수 0건, 재평가 0건, 재평가실패 0건, 후보 5건) → chunghwan14@gmail.com, roykim0311@gmail.com, ssamjungtan@naver.com
============================================================
[Unified Paper Trading] 완료
============================================================
