============================================================
[Unified Paper Trading] SP500 + NASDAQ/NYSE 통합 실행 시작
============================================================
2026-04-21 02:33:07,713 [INFO] paper_trading.runner — [Runner] SP500 snapshot 로드: 130개 종목
[Unified PT] SP500 snapshot 로드: 130개 종목
2026-04-21 02:33:07,720 [INFO] paper_trading.runner — [Runner] NASDAQ snapshot 로드: 234개 종목
[Unified PT] NASDAQ snapshot 로드: 234개 종목
[Unified PT] 합산 완료: 346개 종목 (SP500 130 + NASDAQ 234개, 중복 제거 후)
2026-04-21 02:33:09,297 [INFO] paper_trading.candidate_selector — [전략점수 분포] ~4.0: 118 | 4.0~5.0: 18 | 5.0~5.5: 7 | 5.5~6.0: 6 | 6.0+: 197
2026-04-21 02:33:09,309 [INFO] paper_trading.candidate_selector — [CandidateSelector] Regime=bull | Filtered=2/346 | Selected: VLO (CCS=0.5467)
2026-04-21 02:33:09,319 [INFO] paper_trading.engine — [PaperTrading] 교체 기준 미달 — 매수 안 함
[Unified PT] 매도=0 매수=0 보유=3종목
[Unified PT] 레짐=bull | 필터={'전략점수<6.0': 149, '바닥반등_52주과열': 2, '판단등급_미달': 187, '과열_차단': 5, '유동성_부족': 0, '어닝_임박': 0, '보유_중복': 1, '모멘텀_ADX부족': 0, '바닥_RSI데드존': 0, '섹터_집중': 0, '_통과': 2, '_전체': 346}
[Unified PT] 스킵 사유: 교체_미달
[Unified PT] Top5 후보:
  VLO    CCS=0.5467 전략=📈 모멘텀 섹터=Energy
  AVT    CCS=0.5049 전략=📈 모멘텀 섹터=Unknown
2026-04-21 02:33:11,672 [INFO] paper_trading.sheet_sync — [SheetSync] 포지션현황 업데이트: 3개 종목
2026-04-21 02:33:13,588 [INFO] paper_trading.sheet_sync — [SheetSync] 성과요약 업데이트: 3건 거래
[Unified PT] 구글 시트 동기화 완료
[Email] 페이퍼 트레이딩 알림 발송 완료 (매도 0건, 매수 0건, 재평가 0건, 재평가실패 0건, 후보 2건) → chunghwan14@gmail.com, roykim0311@gmail.com, ssamjungtan@naver.com
============================================================
[Unified Paper Trading] 완료
============================================================
