[OHLCV] 배치 다운로드 1/4 (150개 종목, period=5y)...
[OHLCV] 배치 다운로드 2/4 (150개 종목, period=5y)...
[OHLCV] 배치 다운로드 3/4 (150개 종목, period=5y)...
[OHLCV] 배치 다운로드 4/4 (68개 종목, period=5y)...
[DataValidator] 9건의 데이터 품질 경고 발생
Warning:  DAY: Close NaN 비율 100.0% (기준: 30%)
Warning:  GEV: Close NaN 비율 58.8% (기준: 30%)
Warning:  GEHC: Close NaN 비율 33.4% (기준: 30%)
Warning:  HOOD: 비정상 가격 변동 50.4% (2021-08-04) — 스플릿/데이터 오류 가능
Warning:  KVUE: Close NaN 비율 40.9% (기준: 30%)
Warning:  PDD: 비정상 가격 변동 56.1% (2022-03-16) — 스플릿/데이터 오류 가능
Warning:  VLTO: Close NaN 비율 49.3% (기준: 30%)
Warning:  GL: 비정상 가격 변동 53.1% (2024-04-11) — 스플릿/데이터 오류 가능
Warning:  SOLV: Close NaN 비율 58.8% (기준: 30%)
[[SP500 분석]] 강한 섹터: {'Real Estate', 'Materials', 'Consumer Discretionary', 'Information Technology'}
[[SP500 분석]] Extreme model 'label_low' walk-forward ROC 0.62, AP 0.30
[[SP500 분석]] Extreme model 'label_high' walk-forward ROC 0.63, AP 0.25
[[SP500 분석]] Google Sheets 업데이트 완료
[Email] 바닥반등 11개 + 모멘텀 56개 = 총 67개 종목 리스트를 chunghwan14@gmail.com, roykim0311@gmail.com, ssamjungtan@naver.com로 발송 완료
[[SP500 분석]] Signals 결과 기반 차트분석 종목 리스트 생성 중...
[Dynamic Portfolio] 생성된 차트분석 종목 리스트(68개): ['NBM.V', 'NKE', 'C', 'FANG', 'JPM', 'STX', 'PFE', 'AAPL', 'NVDA', 'LRCX', 'GLW', 'NEM', 'DVN', 'GOOG', 'IWM', 'AMAT', 'VLO', 'DAL', 'AMZN', 'MU', 'CAT', 'PEP', 'BAC', 'WBD', 'HON', 'UNH', 'COP', 'NFLX', 'GOOGL', 'CSCO', 'APH', 'TER', 'ETN', 'MS', 'RTX', 'AVGO', 'AMD', 'SLB', 'QQQ', 'NEE', 'AMGN', 'SBUX', 'LIN', 'WMT', 'TJX', 'OXY', 'INTC', 'GILD', 'KLAC', 'ADI', 'MRK', 'DELL', 'WDC', 'ANET', 'GS', 'GEV', 'UNP', 'MPWR', 'FCX', 'DE', 'MRVL', 'COST', 'TXN', 'T', 'ASML', 'SPY', 'CVX', 'VZ']
[[SP500 차트분석]] [SP500 분석] 결과 기반 [SP500 차트분석] 시트 생성 중 (68개 종목)...
[[SP500 차트분석]] [SP500 분석]에 없는 종목은 별도 분석: ['NBM.V']
[DataValidator] 1건의 데이터 품질 경고 발생
Warning:  NBM.V: 비정상 가격 변동 56.3% (2024-09-25) — 스플릿/데이터 오류 가능
[[SP500 차트분석]] 강한 섹터: {'Real Estate', 'Materials', 'Consumer Discretionary', 'Information Technology'}
[[SP500 차트분석]] Extreme model 'global' skipped: insufficient_tickers
[[SP500 차트분석]] 기존 차트 파일 삭제 중...
[[SP500 차트분석]] 차트 저장 디렉토리 준비 완료: charts/screenshots
[[SP500 차트분석]] TradingView 차트 캡처 시작...
[[SP500 차트분석]] 68개 종목 차트 캡처 중...
[TradingView] INTC 브라우저 세션 시작...
[TradingView] 1H 캡처 완료 (60)
[TradingView] 4H 캡처 완료 (240)
[TradingView] Daily 캡처 완료 (D)
[TradingView] Weekly 캡처 완료 (W)
[TradingView] Monthly 캡처 완료 (M)
[[SP500 차트분석]] INTC 차트 5개 처리 완료
[TradingView] AMZN 브라우저 세션 시작...
[TradingView] 1H 캡처 완료 (60)
[TradingView] 4H 캡처 완료 (240)
[TradingView] Daily 캡처 완료 (D)
[TradingView] Weekly 캡처 완료 (W)
[TradingView] Monthly 캡처 완료 (M)
[[SP500 차트분석]] AMZN 차트 5개 처리 완료
[TradingView] AVGO 브라우저 세션 시작...
[TradingView] 1H 캡처 완료 (60)
[TradingView] 4H 캡처 완료 (240)
[TradingView] Daily 캡처 완료 (D)
[TradingView] Weekly 캡처 완료 (W)
[TradingView] Monthly 캡처 완료 (M)
[[SP500 차트분석]] AVGO 차트 5개 처리 완료
[TradingView] STX 브라우저 세션 시작...
[TradingView] 1H 캡처 완료 (60)
[TradingView] 4H 캡처 완료 (240)
[TradingView] Daily 캡처 완료 (D)
[TradingView] Weekly 캡처 완료 (W)
[TradingView] Monthly 캡처 완료 (M)
[[SP500 차트분석]] STX 차트 5개 처리 완료
[TradingView] BAC 브라우저 세션 시작...
[TradingView] 1H 캡처 완료 (60)
[TradingView] 4H 캡처 완료 (240)
[TradingView] Daily 캡처 완료 (D)
[TradingView] Weekly 캡처 완료 (W)
[TradingView] Monthly 캡처 완료 (M)
[[SP500 차트분석]] BAC 차트 5개 처리 완료
[TradingView] WDC 브라우저 세션 시작...
[TradingView] 1H 캡처 완료 (60)
[TradingView] 4H 캡처 완료 (240)
[TradingView] Daily 캡처 완료 (D)
[TradingView] Weekly 캡처 완료 (W)
[TradingView] Monthly 캡처 완료 (M)
[[SP500 차트분석]] WDC 차트 5개 처리 완료
[TradingView] SLB 브라우저 세션 시작...
[TradingView] 1H 캡처 완료 (60)
[TradingView] 4H 캡처 완료 (240)
[TradingView] Daily 캡처 완료 (D)
[TradingView] Weekly 캡처 완료 (W)
[TradingView] Monthly 캡처 완료 (M)
[[SP500 차트분석]] SLB 차트 5개 처리 완료
[TradingView] GOOG 브라우저 세션 시작...
[TradingView] 1H 캡처 완료 (60)
[TradingView] 4H 캡처 완료 (240)
[TradingView] Daily 캡처 완료 (D)
[TradingView] Weekly 캡처 완료 (W)
[TradingView] Monthly 캡처 완료 (M)
[[SP500 차트분석]] GOOG 차트 5개 처리 완료
[TradingView] GOOGL 브라우저 세션 시작...
[TradingView] 1H 캡처 완료 (60)
[TradingView] 4H 캡처 완료 (240)
[TradingView] Daily 캡처 완료 (D)
[TradingView] Weekly 캡처 완료 (W)
[TradingView] Monthly 캡처 완료 (M)
[[SP500 차트분석]] GOOGL 차트 5개 처리 완료
[TradingView] ANET 브라우저 세션 시작...
[TradingView] 1H 캡처 완료 (60)
[TradingView] 4H 캡처 완료 (240)
[TradingView] Daily 캡처 완료 (D)
[TradingView] Weekly 캡처 완료 (W)
[TradingView] Monthly 캡처 완료 (M)
[[SP500 차트분석]] ANET 차트 5개 처리 완료
[TradingView] GLW 브라우저 세션 시작...
[TradingView] 1H 캡처 완료 (60)
[TradingView] 4H 캡처 완료 (240)
[TradingView] Daily 캡처 완료 (D)
[TradingView] Weekly 캡처 완료 (W)
[TradingView] Monthly 캡처 완료 (M)
[[SP500 차트분석]] GLW 차트 5개 처리 완료
[TradingView] FCX 브라우저 세션 시작...
[TradingView] 1H 캡처 완료 (60)
[TradingView] 4H 캡처 완료 (240)
[TradingView] Daily 캡처 완료 (D)
[TradingView] Weekly 캡처 완료 (W)
[TradingView] Monthly 캡처 완료 (M)
[[SP500 차트분석]] FCX 차트 5개 처리 완료
[TradingView] DELL 브라우저 세션 시작...
[TradingView] 1H 캡처 완료 (60)
[TradingView] 4H 캡처 완료 (240)
[TradingView] Daily 캡처 완료 (D)
[TradingView] Weekly 캡처 완료 (W)
[TradingView] Monthly 캡처 완료 (M)
[[SP500 차트분석]] DELL 차트 5개 처리 완료
[TradingView] APH 브라우저 세션 시작...
[TradingView] 1H 캡처 완료 (60)
[TradingView] 4H 캡처 완료 (240)
[TradingView] Daily 캡처 완료 (D)
[TradingView] Weekly 캡처 완료 (W)
[TradingView] Monthly 캡처 완료 (M)
[[SP500 차트분석]] APH 차트 5개 처리 완료
[TradingView] C 브라우저 세션 시작...
[TradingView] 1H 캡처 완료 (60)
[TradingView] 4H 캡처 완료 (240)
[TradingView] Daily 캡처 완료 (D)
[TradingView] Weekly 캡처 완료 (W)
[TradingView] Monthly 캡처 완료 (M)
[[SP500 차트분석]] C 차트 5개 처리 완료
[TradingView] ETN 브라우저 세션 시작...
[TradingView] 1H 캡처 완료 (60)
[TradingView] 4H 캡처 완료 (240)
[TradingView] Daily 캡처 완료 (D)
[TradingView] Weekly 캡처 완료 (W)
[TradingView] Monthly 캡처 완료 (M)
[[SP500 차트분석]] ETN 차트 5개 처리 완료
[TradingView] KLAC 브라우저 세션 시작...
[TradingView] 1H 캡처 완료 (60)
[TradingView] 4H 캡처 완료 (240)
[TradingView] Daily 캡처 완료 (D)
[TradingView] Weekly 캡처 완료 (W)
[TradingView] Monthly 캡처 완료 (M)
[[SP500 차트분석]] KLAC 차트 5개 처리 완료
[TradingView] TER 브라우저 세션 시작...
[TradingView] 1H 캡처 완료 (60)
[TradingView] 4H 캡처 완료 (240)
[TradingView] Daily 캡처 완료 (D)
[TradingView] Weekly 캡처 완료 (W)
[TradingView] Monthly 캡처 완료 (M)
[[SP500 차트분석]] TER 차트 5개 처리 완료
[TradingView] ASML 브라우저 세션 시작...
[TradingView] 1H 캡처 완료 (60)
[TradingView] 4H 캡처 완료 (240)
[TradingView] Daily 캡처 완료 (D)
[TradingView] Weekly 캡처 완료 (W)
[TradingView] Monthly 캡처 완료 (M)
[[SP500 차트분석]] ASML 차트 5개 처리 완료
[TradingView] NEM 브라우저 세션 시작...
[TradingView] 1H 캡처 완료 (60)
[TradingView] 4H 캡처 완료 (240)
[TradingView] Daily 캡처 완료 (D)
[TradingView] Weekly 캡처 완료 (W)
[TradingView] Monthly 캡처 완료 (M)
[[SP500 차트분석]] NEM 차트 5개 처리 완료
[TradingView] CAT 브라우저 세션 시작...
[TradingView] 1H 캡처 완료 (60)
[TradingView] 4H 캡처 완료 (240)
[TradingView] Daily 캡처 완료 (D)
[TradingView] Weekly 캡처 완료 (W)
[TradingView] Monthly 캡처 완료 (M)
[[SP500 차트분석]] CAT 차트 5개 처리 완료
[TradingView] GS 브라우저 세션 시작...
[TradingView] 1H 캡처 완료 (60)
[TradingView] 4H 캡처 완료 (240)
[TradingView] Daily 캡처 완료 (D)
[TradingView] Weekly 캡처 완료 (W)
[TradingView] Monthly 캡처 완료 (M)
[[SP500 차트분석]] GS 차트 5개 처리 완료
[TradingView] LRCX 브라우저 세션 시작...
[TradingView] 1H 캡처 완료 (60)
[TradingView] 4H 캡처 완료 (240)
[TradingView] Daily 캡처 완료 (D)
[TradingView] Weekly 캡처 완료 (W)
[TradingView] Monthly 캡처 완료 (M)
[[SP500 차트분석]] LRCX 차트 5개 처리 완료
[TradingView] GEV 브라우저 세션 시작...
[TradingView] 1H 캡처 완료 (60)
[TradingView] 4H 캡처 완료 (240)
[TradingView] Daily 캡처 완료 (D)
[TradingView] Weekly 캡처 완료 (W)
[TradingView] Monthly 캡처 완료 (M)
[[SP500 차트분석]] GEV 차트 5개 처리 완료
[TradingView] NVDA 브라우저 세션 시작...
[TradingView] 1H 캡처 완료 (60)
[TradingView] 4H 캡처 완료 (240)
[TradingView] Daily 캡처 완료 (D)
[TradingView] Weekly 캡처 완료 (W)
[TradingView] Monthly 캡처 완료 (M)
[[SP500 차트분석]] NVDA 차트 5개 처리 완료
[TradingView] JPM 브라우저 세션 시작...
[TradingView] 1H 캡처 완료 (60)
[TradingView] 4H 캡처 완료 (240)
[TradingView] Daily 캡처 완료 (D)
[TradingView] Weekly 캡처 완료 (W)
[TradingView] Monthly 캡처 완료 (M)
[[SP500 차트분석]] JPM 차트 5개 처리 완료
[TradingView] AMAT 브라우저 세션 시작...
[TradingView] 1H 캡처 완료 (60)
[TradingView] 4H 캡처 완료 (240)
[TradingView] Daily 캡처 완료 (D)
[TradingView] Weekly 캡처 완료 (W)
[TradingView] Monthly 캡처 완료 (M)
[[SP500 차트분석]] AMAT 차트 5개 처리 완료
[TradingView] MU 브라우저 세션 시작...
[TradingView] 1H 캡처 완료 (60)
[TradingView] 4H 캡처 완료 (240)
[TradingView] Daily 캡처 완료 (D)
[TradingView] Weekly 캡처 완료 (W)
[TradingView] Monthly 캡처 완료 (M)
[[SP500 차트분석]] MU 차트 5개 처리 완료
[TradingView] UNP 브라우저 세션 시작...
[TradingView] 1H 캡처 완료 (60)
[TradingView] 4H 캡처 완료 (240)
[TradingView] Daily 캡처 완료 (D)
[TradingView] Weekly 캡처 완료 (W)
[TradingView] Monthly 캡처 완료 (M)
[[SP500 차트분석]] UNP 차트 5개 처리 완료
[TradingView] SBUX 브라우저 세션 시작...
[TradingView] 1H 캡처 완료 (60)
[TradingView] 4H 캡처 완료 (240)
[TradingView] Daily 캡처 완료 (D)
[TradingView] Weekly 캡처 완료 (W)
[TradingView] Monthly 캡처 완료 (M)
[[SP500 차트분석]] SBUX 차트 5개 처리 완료
[TradingView] DE 브라우저 세션 시작...
[TradingView] 1H 캡처 완료 (60)
[TradingView] 4H 캡처 완료 (240)
[TradingView] Daily 캡처 완료 (D)
[TradingView] Weekly 캡처 완료 (W)
[TradingView] Monthly 캡처 완료 (M)
[[SP500 차트분석]] DE 차트 5개 처리 완료
[TradingView] MRVL 브라우저 세션 시작...
[TradingView] 1H 캡처 완료 (60)
[TradingView] 4H 캡처 완료 (240)
[TradingView] Daily 캡처 완료 (D)
[TradingView] Weekly 캡처 완료 (W)
[TradingView] Monthly 캡처 완료 (M)
[[SP500 차트분석]] MRVL 차트 5개 처리 완료
[TradingView] MPWR 브라우저 세션 시작...
[TradingView] 1H 캡처 완료 (60)
[TradingView] 4H 캡처 완료 (240)
[TradingView] Daily 캡처 완료 (D)
[TradingView] Weekly 캡처 완료 (W)
[TradingView] Monthly 캡처 완료 (M)
[[SP500 차트분석]] MPWR 차트 5개 처리 완료
[TradingView] AMD 브라우저 세션 시작...
[TradingView] 1H 캡처 완료 (60)
[TradingView] 4H 캡처 완료 (240)
[TradingView] Daily 캡처 완료 (D)
[TradingView] Weekly 캡처 완료 (W)
[TradingView] Monthly 캡처 완료 (M)
[[SP500 차트분석]] AMD 차트 5개 처리 완료
[TradingView] IWM 브라우저 세션 시작...
[TradingView] 1H 캡처 완료 (60)
[TradingView] 4H 캡처 완료 (240)
[TradingView] Daily 캡처 완료 (D)
[TradingView] Weekly 캡처 완료 (W)
[TradingView] Monthly 캡처 완료 (M)
[[SP500 차트분석]] IWM 차트 5개 처리 완료
[TradingView] QQQ 브라우저 세션 시작...
[TradingView] 1H 캡처 완료 (60)
[TradingView] 4H 캡처 완료 (240)
[TradingView] Daily 캡처 완료 (D)
[TradingView] Weekly 캡처 완료 (W)
[TradingView] Monthly 캡처 완료 (M)
[[SP500 차트분석]] QQQ 차트 5개 처리 완료
[TradingView] SPY 브라우저 세션 시작...
[TradingView] 1H 캡처 완료 (60)
[TradingView] 4H 캡처 완료 (240)
[TradingView] Daily 캡처 완료 (D)
[TradingView] Weekly 캡처 완료 (W)
[TradingView] Monthly 캡처 완료 (M)
[[SP500 차트분석]] SPY 차트 5개 처리 완료
[TradingView] MS 브라우저 세션 시작...
[TradingView] 1H 캡처 완료 (60)
[TradingView] 4H 캡처 완료 (240)
[TradingView] Daily 캡처 완료 (D)
[TradingView] Weekly 캡처 완료 (W)
[TradingView] Monthly 캡처 완료 (M)
[[SP500 차트분석]] MS 차트 5개 처리 완료
[TradingView] CSCO 브라우저 세션 시작...
[TradingView] 1H 캡처 완료 (60)
[TradingView] 4H 캡처 완료 (240)
[TradingView] Daily 캡처 완료 (D)
[TradingView] Weekly 캡처 완료 (W)
[TradingView] Monthly 캡처 완료 (M)
[[SP500 차트분석]] CSCO 차트 5개 처리 완료
[TradingView] WMT 브라우저 세션 시작...
[TradingView] 1H 캡처 완료 (60)
[TradingView] 4H 캡처 완료 (240)
[TradingView] Daily 캡처 완료 (D)
[TradingView] Weekly 캡처 완료 (W)
[TradingView] Monthly 캡처 완료 (M)
[[SP500 차트분석]] WMT 차트 5개 처리 완료
[TradingView] PFE 브라우저 세션 시작...
[TradingView] 1H 캡처 완료 (60)
[TradingView] 4H 캡처 완료 (240)
[TradingView] Daily 캡처 완료 (D)
[TradingView] Weekly 캡처 완료 (W)
[TradingView] Monthly 캡처 완료 (M)
[[SP500 차트분석]] PFE 차트 5개 처리 완료
[TradingView] VLO 브라우저 세션 시작...
[TradingView] 1H 캡처 완료 (60)
[TradingView] 4H 캡처 완료 (240)
[TradingView] Daily 캡처 완료 (D)
[TradingView] Weekly 캡처 완료 (W)
[TradingView] Monthly 캡처 완료 (M)
[[SP500 차트분석]] VLO 차트 5개 처리 완료
[TradingView] MRK 브라우저 세션 시작...
[TradingView] 1H 캡처 완료 (60)
[TradingView] 4H 캡처 완료 (240)
[TradingView] Daily 캡처 완료 (D)
[TradingView] Weekly 캡처 완료 (W)
[TradingView] Monthly 캡처 완료 (M)
[[SP500 차트분석]] MRK 차트 5개 처리 완료
[TradingView] NEE 브라우저 세션 시작...
[TradingView] 1H 캡처 완료 (60)
[TradingView] 4H 캡처 완료 (240)
[TradingView] Daily 캡처 완료 (D)
[TradingView] Weekly 캡처 완료 (W)
[TradingView] Monthly 캡처 완료 (M)
[[SP500 차트분석]] NEE 차트 5개 처리 완료
[TradingView] TXN 브라우저 세션 시작...
[TradingView] 1H 캡처 완료 (60)
[TradingView] 4H 캡처 완료 (240)
[TradingView] Daily 캡처 완료 (D)
[TradingView] Weekly 캡처 완료 (W)
[TradingView] Monthly 캡처 완료 (M)
[[SP500 차트분석]] TXN 차트 5개 처리 완료
[TradingView] ADI 브라우저 세션 시작...
[TradingView] 1H 캡처 완료 (60)
[TradingView] 4H 캡처 완료 (240)
[TradingView] Daily 캡처 완료 (D)
[TradingView] Weekly 캡처 완료 (W)
[TradingView] Monthly 캡처 완료 (M)
[[SP500 차트분석]] ADI 차트 5개 처리 완료
[TradingView] OXY 브라우저 세션 시작...
[TradingView] 1H 캡처 완료 (60)
[TradingView] 4H 캡처 완료 (240)
[TradingView] Daily 캡처 완료 (D)
[TradingView] Weekly 캡처 완료 (W)
[TradingView] Monthly 캡처 완료 (M)
[[SP500 차트분석]] OXY 차트 5개 처리 완료
[TradingView] VZ 브라우저 세션 시작...
[TradingView] 1H 캡처 완료 (60)
[TradingView] 4H 캡처 완료 (240)
[TradingView] Daily 캡처 완료 (D)
[TradingView] Weekly 캡처 완료 (W)
[TradingView] Monthly 캡처 완료 (M)
[[SP500 차트분석]] VZ 차트 5개 처리 완료
[TradingView] DAL 브라우저 세션 시작...
[TradingView] 1H 캡처 완료 (60)
[TradingView] 4H 캡처 완료 (240)
[TradingView] Daily 캡처 완료 (D)
[TradingView] Weekly 캡처 완료 (W)
[TradingView] Monthly 캡처 완료 (M)
[[SP500 차트분석]] DAL 차트 5개 처리 완료
[TradingView] AAPL 브라우저 세션 시작...
[TradingView] 1H 캡처 완료 (60)
[TradingView] 4H 캡처 완료 (240)
[TradingView] Daily 캡처 완료 (D)
[TradingView] Weekly 캡처 완료 (W)
[TradingView] Monthly 캡처 완료 (M)
[[SP500 차트분석]] AAPL 차트 5개 처리 완료
[TradingView] COST 브라우저 세션 시작...
[TradingView] 1H 캡처 완료 (60)
[TradingView] 4H 캡처 완료 (240)
[TradingView] Daily 캡처 완료 (D)
[TradingView] Weekly 캡처 완료 (W)
[TradingView] Monthly 캡처 완료 (M)
[[SP500 차트분석]] COST 차트 5개 처리 완료
[TradingView] DVN 브라우저 세션 시작...
[TradingView] 1H 캡처 완료 (60)
[TradingView] 4H 캡처 완료 (240)
[TradingView] Daily 캡처 완료 (D)
[TradingView] Weekly 캡처 완료 (W)
[TradingView] Monthly 캡처 완료 (M)
[[SP500 차트분석]] DVN 차트 5개 처리 완료
[TradingView] COP 브라우저 세션 시작...
[TradingView] 1H 캡처 완료 (60)
[TradingView] 4H 캡처 완료 (240)
[TradingView] Daily 캡처 완료 (D)
[TradingView] Weekly 캡처 완료 (W)
[TradingView] Monthly 캡처 완료 (M)
[[SP500 차트분석]] COP 차트 5개 처리 완료
[TradingView] UNH 브라우저 세션 시작...
[TradingView] 1H 캡처 완료 (60)
[TradingView] 4H 캡처 완료 (240)
[TradingView] Daily 캡처 완료 (D)
[TradingView] Weekly 캡처 완료 (W)
[TradingView] Monthly 캡처 완료 (M)
[[SP500 차트분석]] UNH 차트 5개 처리 완료
[TradingView] NFLX 브라우저 세션 시작...
[TradingView] 1H 캡처 완료 (60)
[TradingView] 4H 캡처 완료 (240)
[TradingView] Daily 캡처 완료 (D)
[TradingView] Weekly 캡처 완료 (W)
[TradingView] Monthly 캡처 완료 (M)
[[SP500 차트분석]] NFLX 차트 5개 처리 완료
[TradingView] HON 브라우저 세션 시작...
[TradingView] 1H 캡처 완료 (60)
[TradingView] 4H 캡처 완료 (240)
[TradingView] Daily 캡처 완료 (D)
[TradingView] Weekly 캡처 완료 (W)
[TradingView] Monthly 캡처 완료 (M)
[[SP500 차트분석]] HON 차트 5개 처리 완료
[TradingView] PEP 브라우저 세션 시작...
[TradingView] 1H 캡처 완료 (60)
[TradingView] 4H 캡처 완료 (240)
[TradingView] Daily 캡처 완료 (D)
[TradingView] Weekly 캡처 완료 (W)
[TradingView] Monthly 캡처 완료 (M)
[[SP500 차트분석]] PEP 차트 5개 처리 완료
[TradingView] LIN 브라우저 세션 시작...
[TradingView] 1H 캡처 완료 (60)
[TradingView] 4H 캡처 완료 (240)
[TradingView] Daily 캡처 완료 (D)
[TradingView] Weekly 캡처 완료 (W)
[TradingView] Monthly 캡처 완료 (M)
[[SP500 차트분석]] LIN 차트 5개 처리 완료
[TradingView] T 브라우저 세션 시작...
[TradingView] 1H 캡처 완료 (60)
[TradingView] 4H 캡처 완료 (240)
[TradingView] Daily 캡처 완료 (D)
[TradingView] Weekly 캡처 완료 (W)
[TradingView] Monthly 캡처 완료 (M)
[[SP500 차트분석]] T 차트 5개 처리 완료
[TradingView] FANG 브라우저 세션 시작...
[TradingView] 1H 캡처 완료 (60)
[TradingView] 4H 캡처 완료 (240)
[TradingView] Daily 캡처 완료 (D)
[TradingView] Weekly 캡처 완료 (W)
[TradingView] Monthly 캡처 완료 (M)
[[SP500 차트분석]] FANG 차트 5개 처리 완료
[TradingView] RTX 브라우저 세션 시작...
[TradingView] 1H 캡처 완료 (60)
[TradingView] 4H 캡처 완료 (240)
[TradingView] Daily 캡처 완료 (D)
[TradingView] Weekly 캡처 완료 (W)
[TradingView] Monthly 캡처 완료 (M)
[[SP500 차트분석]] RTX 차트 5개 처리 완료
[TradingView] NKE 브라우저 세션 시작...
[TradingView] 1H 캡처 완료 (60)
[TradingView] 4H 캡처 완료 (240)
[TradingView] Daily 캡처 완료 (D)
[TradingView] Weekly 캡처 완료 (W)
[TradingView] Monthly 캡처 완료 (M)
[[SP500 차트분석]] NKE 차트 5개 처리 완료
[TradingView] WBD 브라우저 세션 시작...
[TradingView] 1H 캡처 완료 (60)
[TradingView] 4H 캡처 완료 (240)
[TradingView] Daily 캡처 완료 (D)
[TradingView] Weekly 캡처 완료 (W)
[TradingView] Monthly 캡처 완료 (M)
[[SP500 차트분석]] WBD 차트 5개 처리 완료
[TradingView] TJX 브라우저 세션 시작...
[TradingView] 1H 캡처 완료 (60)
[TradingView] 4H 캡처 완료 (240)
[TradingView] Daily 캡처 완료 (D)
[TradingView] Weekly 캡처 완료 (W)
[TradingView] Monthly 캡처 완료 (M)
[[SP500 차트분석]] TJX 차트 5개 처리 완료
[TradingView] CVX 브라우저 세션 시작...
[TradingView] 1H 캡처 완료 (60)
[TradingView] 4H 캡처 완료 (240)
[TradingView] Daily 캡처 완료 (D)
[TradingView] Weekly 캡처 완료 (W)
[TradingView] Monthly 캡처 완료 (M)
[[SP500 차트분석]] CVX 차트 5개 처리 완료
[TradingView] AMGN 브라우저 세션 시작...
[TradingView] 1H 캡처 완료 (60)
[TradingView] 4H 캡처 완료 (240)
[TradingView] Daily 캡처 완료 (D)
[TradingView] Weekly 캡처 완료 (W)
[TradingView] Monthly 캡처 완료 (M)
[[SP500 차트분석]] AMGN 차트 5개 처리 완료
[TradingView] GILD 브라우저 세션 시작...
[TradingView] 1H 캡처 완료 (60)
[TradingView] 4H 캡처 완료 (240)
[TradingView] Daily 캡처 완료 (D)
[TradingView] Weekly 캡처 완료 (W)
[TradingView] Monthly 캡처 완료 (M)
[[SP500 차트분석]] GILD 차트 5개 처리 완료
[TradingView] 티커 매핑 적용: NBM.V -> NBM
[TradingView] NBM.V 브라우저 세션 시작...
[TradingView] 1H 캡처 완료 (60)
[TradingView] 4H 캡처 완료 (240)
[TradingView] Daily 캡처 완료 (D)
[TradingView] Weekly 캡처 완료 (W)
[TradingView] Monthly 캡처 완료 (M)
[[SP500 차트분석]] NBM.V 차트 5개 처리 완료
[[SP500 차트분석]] 차트 캡처 완료
[[SP500 차트분석]] GitHub에 차트 이미지 푸시 중...
[main 09afe5e] Update chart screenshots 1776731450
 725 files changed, 0 insertions(+), 0 deletions(-)
 create mode 100644 charts/screenshots/AAPL/AAPL_1H_20260421_002100.png
 create mode 100644 charts/screenshots/AAPL/AAPL_4H_20260421_002100.png
 create mode 100644 charts/screenshots/AAPL/AAPL_Daily_20260421_002100.png
 create mode 100644 charts/screenshots/AAPL/AAPL_Monthly_20260421_002100.png
 create mode 100644 charts/screenshots/AAPL/AAPL_Weekly_20260421_002100.png
 delete mode 100644 charts/screenshots/ABT/ABT_1H_20260401_231233.png
 delete mode 100644 charts/screenshots/ABT/ABT_4H_20260401_231233.png
 delete mode 100644 charts/screenshots/ABT/ABT_Daily_20260401_231233.png
 delete mode 100644 charts/screenshots/ABT/ABT_Monthly_20260401_231233.png
 delete mode 100644 charts/screenshots/ABT/ABT_Weekly_20260401_231233.png
 delete mode 100644 charts/screenshots/ADBE/ADBE_1H_20260401_231407.png
 delete mode 100644 charts/screenshots/ADBE/ADBE_4H_20260401_231407.png
 delete mode 100644 charts/screenshots/ADBE/ADBE_Daily_20260401_231407.png
 delete mode 100644 charts/screenshots/ADBE/ADBE_Monthly_20260401_231407.png
 delete mode 100644 charts/screenshots/ADBE/ADBE_Weekly_20260401_231407.png
 delete mode 100644 charts/screenshots/ADI/ADI_1H_20260401_224404.png
 create mode 100644 charts/screenshots/ADI/ADI_1H_20260421_001857.png
 delete mode 100644 charts/screenshots/ADI/ADI_4H_20260401_224404.png
 create mode 100644 charts/screenshots/ADI/ADI_4H_20260421_001857.png
 delete mode 100644 charts/screenshots/ADI/ADI_Daily_20260401_224404.png
 create mode 100644 charts/screenshots/ADI/ADI_Daily_20260421_001857.png
 delete mode 100644 charts/screenshots/ADI/ADI_Monthly_20260401_224404.png
 create mode 100644 charts/screenshots/ADI/ADI_Monthly_20260421_001857.png
 delete mode 100644 charts/screenshots/ADI/ADI_Weekly_20260401_224404.png
 create mode 100644 charts/screenshots/ADI/ADI_Weekly_20260421_001857.png
 delete mode 100644 charts/screenshots/AMAT/AMAT_1H_20260401_225058.png
 create mode 100644 charts/screenshots/AMAT/AMAT_1H_20260421_000905.png
 delete mode 100644 charts/screenshots/AMAT/AMAT_4H_20260401_225058.png
 create mode 100644 charts/screenshots/AMAT/AMAT_4H_20260421_000905.png
 delete mode 100644 charts/screenshots/AMAT/AMAT_Daily_20260401_225058.png
 create mode 100644 charts/screenshots/AMAT/AMAT_Daily_20260421_000905.png
 delete mode 100644 charts/screenshots/AMAT/AMAT_Monthly_20260401_225058.png
 create mode 100644 charts/screenshots/AMAT/AMAT_Monthly_20260421_000905.png
 delete mode 100644 charts/screenshots/AMAT/AMAT_Weekly_20260401_225058.png
 create mode 100644 charts/screenshots/AMAT/AMAT_Weekly_20260421_000905.png
 create mode 100644 charts/screenshots/AMD/AMD_1H_20260421_001244.png
 create mode 100644 charts/screenshots/AMD/AMD_4H_20260421_001244.png
 create mode 100644 charts/screenshots/AMD/AMD_Daily_20260421_001244.png
 create mode 100644 charts/screenshots/AMD/AMD_Monthly_20260421_001244.png
 create mode 100644 charts/screenshots/AMD/AMD_Weekly_20260421_001244.png
 delete mode 100644 charts/screenshots/AMGN/AMGN_1H_20260401_230541.png
 create mode 100644 charts/screenshots/AMGN/AMGN_1H_20260421_002916.png
 delete mode 100644 charts/screenshots/AMGN/AMGN_4H_20260401_230541.png
 create mode 100644 charts/screenshots/AMGN/AMGN_4H_20260421_002916.png
 delete mode 100644 charts/screenshots/AMGN/AMGN_Daily_20260401_230541.png
 create mode 100644 charts/screenshots/AMGN/AMGN_Daily_20260421_002916.png
 delete mode 100644 charts/screenshots/AMGN/AMGN_Monthly_20260401_230541.png
 create mode 100644 charts/screenshots/AMGN/AMGN_Monthly_20260421_002916.png
 delete mode 100644 charts/screenshots/AMGN/AMGN_Weekly_20260401_230541.png
 create mode 100644 charts/screenshots/AMGN/AMGN_Weekly_20260421_002916.png
 create mode 100644 charts/screenshots/AMZN/AMZN_1H_20260420_235607.png
 create mode 100644 charts/screenshots/AMZN/AMZN_4H_20260420_235607.png
 create mode 100644 charts/screenshots/AMZN/AMZN_Daily_20260420_235607.png
 create mode 100644 charts/screenshots/AMZN/AMZN_Monthly_20260420_235607.png
 create mode 100644 charts/screenshots/AMZN/AMZN_Weekly_20260420_235607.png
 create mode 100644 charts/screenshots/ANET/ANET_1H_20260421_000017.png
 create mode 100644 charts/screenshots/ANET/ANET_4H_20260421_000017.png
 create mode 100644 charts/screenshots/ANET/ANET_Daily_20260421_000017.png
 create mode 100644 charts/screenshots/ANET/ANET_Monthly_20260421_000017.png
 create mode 100644 charts/screenshots/ANET/ANET_Weekly_20260421_000017.png
 create mode 100644 charts/screenshots/APH/APH_1H_20260421_000221.png
 create mode 100644 charts/screenshots/APH/APH_4H_20260421_000221.png
 create mode 100644 charts/screenshots/APH/APH_Daily_20260421_000221.png
 create mode 100644 charts/screenshots/APH/APH_Monthly_20260421_000221.png
 create mode 100644 charts/screenshots/APH/APH_Weekly_20260421_000221.png
 delete mode 100644 charts/screenshots/APP/APP_1H_20260401_230125.png
 delete mode 100644 charts/screenshots/APP/APP_4H_20260401_230125.png
 delete mode 100644 charts/screenshots/APP/APP_Daily_20260401_230125.png
 delete mode 100644 charts/screenshots/APP/APP_Monthly_20260401_230125.png
 delete mode 100644 charts/screenshots/APP/APP_Weekly_20260401_230125.png
 delete mode 100644 charts/screenshots/ASML/ASML_1H_20260401_230408.png
 create mode 100644 charts/screenshots/ASML/ASML_1H_20260421_000456.png
 delete mode 100644 charts/screenshots/ASML/ASML_4H_20260401_230408.png
 create mode 100644 charts/screenshots/ASML/ASML_4H_20260421_000456.png
 delete mode 100644 charts/screenshots/ASML/ASML_Daily_20260401_230408.png
 create mode 100644 charts/screenshots/ASML/ASML_Daily_20260421_000456.png
 delete mode 100644 charts/screenshots/ASML/ASML_Monthly_20260401_230408.png
 create mode 100644 charts/screenshots/ASML/ASML_Monthly_20260421_000456.png
 delete mode 100644 charts/screenshots/ASML/ASML_Weekly_20260401_230408.png
 create mode 100644 charts/screenshots/ASML/ASML_Weekly_20260421_000456.png
 create mode 100644 charts/screenshots/AVGO/AVGO_1H_20260420_235639.png
 create mode 100644 charts/screenshots/AVGO/AVGO_4H_20260420_235639.png
 create mode 100644 charts/screenshots/AVGO/AVGO_Daily_20260420_235639.png
 create mode 100644 charts/screenshots/AVGO/AVGO_Monthly_20260420_235639.png
 create mode 100644 charts/screenshots/AVGO/AVGO_Weekly_20260420_235639.png
 create mode 100644 charts/screenshots/BAC/BAC_1H_20260420_235743.png
 create mode 100644 charts/screenshots/BAC/BAC_4H_20260420_235743.png
 create mode 100644 charts/screenshots/BAC/BAC_Daily_20260420_235743.png
 create mode 100644 charts/screenshots/BAC/BAC_Monthly_20260420_235743.png
 create mode 100644 charts/screenshots/BAC/BAC_Weekly_20260420_235743.png
 delete mode 100644 charts/screenshots/BMY/BMY_1H_20260401_225816.png
 delete mode 100644 charts/screenshots/BMY/BMY_4H_20260401_225816.png
 delete mode 100644 charts/screenshots/BMY/BMY_Daily_20260401_225816.png
 delete mode 100644 charts/screenshots/BMY/BMY_Monthly_20260401_225816.png
 delete mode 100644 charts/screenshots/BMY/BMY_Weekly_20260401_225816.png
 delete mode 100644 charts/screenshots/C/C_1H_20260401_230716.png
 create mode 100644 charts/screenshots/C/C_1H_20260421_000252.png
 delete mode 100644 charts/screenshots/C/C_4H_20260401_230716.png
 create mode 100644 charts/screenshots/C/C_4H_20260421_000252.png
 delete mode 100644 charts/screenshots/C/C_Daily_20260401_230716.png
 create mode 100644 charts/screenshots/C/C_Daily_20260421_000252.png
 delete mode 100644 charts/screenshots/C/C_Monthly_20260401_230716.png
 create mode 100644 charts/screenshots/C/C_Monthly_20260421_000252.png
 delete mode 100644 charts/screenshots/C/C_Weekly_20260401_230716.png
 create mode 100644 charts/screenshots/C/C_Weekly_20260421_000252.png
 delete mode 100644 charts/screenshots/CAT/CAT_1H_20260401_224850.png
 create mode 100644 charts/screenshots/CAT/CAT_1H_20260421_000558.png
 delete mode 100644 charts/screenshots/CAT/CAT_4H_20260401_224850.png
 create mode 100644 charts/screenshots/CAT/CAT_4H_20260421_000558.png
 delete mode 100644 charts/screenshots/CAT/CAT_Daily_20260401_224850.png
 create mode 100644 charts/screenshots/CAT/CAT_Daily_20260421_000558.png
 delete mode 100644 charts/screenshots/CAT/CAT_Monthly_20260401_224850.png
 create mode 100644 charts/screenshots/CAT/CAT_Monthly_20260421_000558.png
 delete mode 100644 charts/screenshots/CAT/CAT_Weekly_20260401_224850.png
 create mode 100644 charts/screenshots/CAT/CAT_Weekly_20260421_000558.png
 delete mode 100644 charts/screenshots/CEG/CEG_1H_20260401_230923.png
 delete mode 100644 charts/screenshots/CEG/CEG_4H_20260401_230923.png
 delete mode 100644 charts/screenshots/CEG/CEG_Daily_20260401_230923.png
 delete mode 100644 charts/screenshots/CEG/CEG_Monthly_20260401_230923.png
 delete mode 100644 charts/screenshots/CEG/CEG_Weekly_20260401_230923.png
 delete mode 100644 charts/screenshots/CF/CF_1H_20260401_224159.png
 delete mode 100644 charts/screenshots/CF/CF_4H_20260401_224159.png
 delete mode 100644 charts/screenshots/CF/CF_Daily_20260401_224159.png
 delete mode 100644 charts/screenshots/CF/CF_Monthly_20260401_224159.png
 delete mode 100644 charts/screenshots/CF/CF_Weekly_20260401_224159.png
 delete mode 100644 charts/screenshots/CMCSA/CMCSA_1H_20260401_230200.png
 delete mode 100644 charts/screenshots/CMCSA/CMCSA_4H_20260401_230200.png
 delete mode 100644 charts/screenshots/CMCSA/CMCSA_Daily_20260401_230200.png
 delete mode 100644 charts/screenshots/CMCSA/CMCSA_Monthly_20260401_230200.png
 delete mode 100644 charts/screenshots/CMCSA/CMCSA_Weekly_20260401_230200.png
 delete mode 100644 charts/screenshots/COP/COP_1H_20260401_224055.png
 create mode 100644 charts/screenshots/COP/COP_1H_20260421_002233.png
 delete mode 100644 charts/screenshots/COP/COP_4H_20260401_224055.png
 create mode 100644 charts/screenshots/COP/COP_4H_20260421_002233.png
 delete mode 100644 charts/screenshots/COP/COP_Daily_20260401_224055.png
 create mode 100644 charts/screenshots/COP/COP_Daily_20260421_002233.png
 delete mode 100644 charts/screenshots/COP/COP_Monthly_20260401_224055.png
 create mode 100644 charts/screenshots/COP/COP_Monthly_20260421_002233.png
 delete mode 100644 charts/screenshots/COP/COP_Weekly_20260401_224055.png
 create mode 100644 charts/screenshots/COP/COP_Weekly_20260421_002233.png
 delete mode 100644 charts/screenshots/COST/COST_1H_20260401_225744.png
 create mode 100644 charts/screenshots/COST/COST_1H_20260421_002131.png
 delete mode 100644 charts/screenshots/COST/COST_4H_20260401_225744.png
 create mode 100644 charts/screenshots/COST/COST_4H_20260421_002131.png
 delete mode 100644 charts/screenshots/COST/COST_Daily_20260401_225744.png
 create mode 100644 charts/screenshots/COST/COST_Daily_20260421_002131.png
 delete mode 100644 charts/screenshots/COST/COST_Monthly_20260401_225744.png
 create mode 100644 charts/screenshots/COST/COST_Monthly_20260421_002131.png
 delete mode 100644 charts/screenshots/COST/COST_Weekly_20260401_225744.png
 create mode 100644 charts/screenshots/COST/COST_Weekly_20260421_002131.png
 delete mode 100644 charts/screenshots/CRM/CRM_1H_20260401_230851.png
 delete mode 100644 charts/screenshots/CRM/CRM_4H_20260401_230851.png
 delete mode 100644 charts/screenshots/CRM/CRM_Daily_20260401_230851.png
 delete mode 100644 charts/screenshots/CRM/CRM_Monthly_20260401_230851.png
 delete mode 100644 charts/screenshots/CRM/CRM_Weekly_20260401_230851.png
 delete mode 100644 charts/screenshots/CSCO/CSCO_1H_20260401_230053.png
 create mode 100644 charts/screenshots/CSCO/CSCO_1H_20260421_001518.png
 delete mode 100644 charts/screenshots/CSCO/CSCO_4H_20260401_230053.png
 create mode 100644 charts/screenshots/CSCO/CSCO_4H_20260421_001518.png
 delete mode 100644 charts/screenshots/CSCO/CSCO_Daily_20260401_230053.png
 create mode 100644 charts/screenshots/CSCO/CSCO_Daily_20260421_001518.png
 delete mode 100644 charts/screenshots/CSCO/CSCO_Monthly_20260401_230053.png
 create mode 100644 charts/screenshots/CSCO/CSCO_Monthly_20260421_001518.png
 delete mode 100644 charts/screenshots/CSCO/CSCO_Weekly_20260401_230053.png
 create mode 100644 charts/screenshots/CSCO/CSCO_Weekly_20260421_001518.png
 delete mode 100644 charts/screenshots/CVX/CVX_1H_20260401_223818.png
 create mode 100644 charts/screenshots/CVX/CVX_1H_20260421_002844.png
 delete mode 100644 charts/screenshots/CVX/CVX_4H_20260401_223818.png
 create mode 100644 charts/screenshots/CVX/CVX_4H_20260421_002844.png
 delete mode 100644 charts/screenshots/CVX/CVX_Daily_20260401_223818.png
 create mode 100644 charts/screenshots/CVX/CVX_Daily_20260421_002844.png
 delete mode 100644 charts/screenshots/CVX/CVX_Monthly_20260401_223818.png
 create mode 100644 charts/screenshots/CVX/CVX_Monthly_20260421_002844.png
 delete mode 100644 charts/screenshots/CVX/CVX_Weekly_20260401_223818.png
 create mode 100644 charts/screenshots/CVX/CVX_Weekly_20260421_002844.png
 delete mode 100644 charts/screenshots/DAL/DAL_1H_20260401_230232.png
 create mode 100644 charts/screenshots/DAL/DAL_1H_20260421_002030.png
 delete mode 100644 charts/screenshots/DAL/DAL_4H_20260401_230232.png
 create mode 100644 charts/screenshots/DAL/DAL_4H_20260421_002030.png
 delete mode 100644 charts/screenshots/DAL/DAL_Daily_20260401_230232.png
 create mode 100644 charts/screenshots/DAL/DAL_Daily_20260421_002030.png
 delete mode 100644 charts/screenshots/DAL/DAL_Monthly_20260401_230232.png
 create mode 100644 charts/screenshots/DAL/DAL_Monthly_20260421_002030.png
 delete mode 100644 charts/screenshots/DAL/DAL_Weekly_20260401_230232.png
 create mode 100644 charts/screenshots/DAL/DAL_Weekly_20260421_002030.png
 delete mode 100644 charts/screenshots/DE/DE_1H_20260401_225540.png
 create mode 100644 charts/screenshots/DE/DE_1H_20260421_001111.png
 delete mode 100644 charts/screenshots/DE/DE_4H_20260401_225540.png
 create mode 100644 charts/screenshots/DE/DE_4H_20260421_001111.png
 delete mode 100644 charts/screenshots/DE/DE_Daily_20260401_225540.png
 create mode 100644 charts/screenshots/DE/DE_Daily_20260421_001111.png
 delete mode 100644 charts/screenshots/DE/DE_Monthly_20260401_225540.png
 create mode 100644 charts/screenshots/DE/DE_Monthly_20260421_001111.png
 delete mode 100644 charts/screenshots/DE/DE_Weekly_20260401_225540.png
 create mode 100644 charts/screenshots/DE/DE_Weekly_20260421_001111.png
 delete mode 100644 charts/screenshots/DELL/DELL_1H_20260401_224301.png
 create mode 100644 charts/screenshots/DELL/DELL_1H_20260421_000150.png
 delete mode 100644 charts/screenshots/DELL/DELL_4H_20260401_224301.png
 create mode 100644 charts/screenshots/DELL/DELL_4H_20260421_000150.png
 delete mode 100644 charts/screenshots/DELL/DELL_Daily_20260401_224301.png
 create mode 100644 charts/screenshots/DELL/DELL_Daily_20260421_000150.png
 delete mode 100644 charts/screenshots/DELL/DELL_Monthly_20260401_224301.png
 create mode 100644 charts/screenshots/DELL/DELL_Monthly_20260421_000150.png
 delete mode 100644 charts/screenshots/DELL/DELL_Weekly_20260401_224301.png
 create mode 100644 charts/screenshots/DELL/DELL_Weekly_20260421_000150.png
 delete mode 100644 charts/screenshots/DHR/DHR_1H_20260401_231612.png
 delete mode 100644 charts/screenshots/DHR/DHR_4H_20260401_231612.png
 delete mode 100644 charts/screenshots/DHR/DHR_Daily_20260401_231612.png
 delete mode 100644 charts/screenshots/DHR/DHR_Monthly_20260401_231612.png
 delete mode 100644 charts/screenshots/DHR/DHR_Weekly_20260401_231612.png
 delete mode 100644 charts/screenshots/DVN/DVN_1H_20260401_224127.png
 create mode 100644 charts/screenshots/DVN/DVN_1H_20260421_002202.png
 delete mode 100644 charts/screenshots/DVN/DVN_4H_20260401_224127.png
 create mode 100644 charts/screenshots/DVN/DVN_4H_20260421_002202.png
 delete mode 100644 charts/screenshots/DVN/DVN_Daily_20260401_224127.png
 create mode 100644 charts/screenshots/DVN/DVN_Daily_20260421_002202.png
 delete mode 100644 charts/screenshots/DVN/DVN_Monthly_20260401_224127.png
 create mode 100644 charts/screenshots/DVN/DVN_Monthly_20260421_002202.png
 delete mode 100644 charts/screenshots/DVN/DVN_Weekly_20260401_224127.png
 create mode 100644 charts/screenshots/DVN/DVN_Weekly_20260421_002202.png
 delete mode 100644 charts/screenshots/EOG/EOG_1H_20260401_223849.png
 delete mode 100644 charts/screenshots/EOG/EOG_4H_20260401_223849.png
 delete mode 100644 charts/screenshots/EOG/EOG_Daily_20260401_223849.png
 delete mode 100644 charts/screenshots/EOG/EOG_Monthly_20260401_223849.png
 delete mode 100644 charts/screenshots/EOG/EOG_Weekly_20260401_223849.png
 delete mode 100644 charts/screenshots/ETN/ETN_1H_20260401_230022.png
 create mode 100644 charts/screenshots/ETN/ETN_1H_20260421_000322.png
 delete mode 100644 charts/screenshots/ETN/ETN_4H_20260401_230022.png
 create mode 100644 charts/screenshots/ETN/ETN_4H_20260421_000322.png
 delete mode 100644 charts/screenshots/ETN/ETN_Daily_20260401_230022.png
 create mode 100644 charts/screenshots/ETN/ETN_Daily_20260421_000322.png
 delete mode 100644 charts/screenshots/ETN/ETN_Monthly_20260401_230022.png
 create mode 100644 charts/screenshots/ETN/ETN_Monthly_20260421_000322.png
 delete mode 100644 charts/screenshots/ETN/ETN_Weekly_20260401_230022.png
 create mode 100644 charts/screenshots/ETN/ETN_Weekly_20260421_000322.png
 delete mode 100644 charts/screenshots/FANG/FANG_1H_20260401_224023.png
 create mode 100644 charts/screenshots/FANG/FANG_1H_20260421_002609.png
 delete mode 100644 charts/screenshots/FANG/FANG_4H_20260401_224023.png
 create mode 100644 charts/screenshots/FANG/FANG_4H_20260421_002609.png
 delete mode 100644 charts/screenshots/FANG/FANG_Daily_20260401_224023.png
 create mode 100644 charts/screenshots/FANG/FANG_Daily_20260421_002609.png
 delete mode 100644 charts/screenshots/FANG/FANG_Monthly_20260401_224023.png
 create mode 100644 charts/screenshots/FANG/FANG_Monthly_20260421_002609.png
 delete mode 100644 charts/screenshots/FANG/FANG_Weekly_20260401_224023.png
 create mode 100644 charts/screenshots/FANG/FANG_Weekly_20260421_002609.png
 delete mode 100644 charts/screenshots/FCX/FCX_1H_20260401_224715.png
 create mode 100644 charts/screenshots/FCX/FCX_1H_20260421_000119.png
 delete mode 100644 charts/screenshots/FCX/FCX_4H_20260401_224715.png
 create mode 100644 charts/screenshots/FCX/FCX_4H_20260421_000119.png
 delete mode 100644 charts/screenshots/FCX/FCX_Daily_20260401_224715.png
 create mode 100644 charts/screenshots/FCX/FCX_Daily_20260421_000119.png
 delete mode 100644 charts/screenshots/FCX/FCX_Monthly_20260401_224715.png
 create mode 100644 charts/screenshots/FCX/FCX_Monthly_20260421_000119.png
 delete mode 100644 charts/screenshots/FCX/FCX_Weekly_20260401_224715.png
 create mode 100644 charts/screenshots/FCX/FCX_Weekly_20260421_000119.png
 delete mode 100644 charts/screenshots/FDX/FDX_1H_20260401_225436.png
 delete mode 100644 charts/screenshots/FDX/FDX_4H_20260401_225436.png
 delete mode 100644 charts/screenshots/FDX/FDX_Daily_20260401_225436.png
 delete mode 100644 charts/screenshots/FDX/FDX_Monthly_20260401_225436.png
 delete mode 100644 charts/screenshots/FDX/FDX_Weekly_20260401_225436.png
 delete mode 100644 charts/screenshots/GE/GE_1H_20260401_230510.png
 delete mode 100644 charts/screenshots/GE/GE_4H_20260401_230510.png
 delete mode 100644 charts/screenshots/GE/GE_Daily_20260401_230510.png
 delete mode 100644 charts/screenshots/GE/GE_Monthly_20260401_230510.png
 delete mode 100644 charts/screenshots/GE/GE_Weekly_20260401_230510.png
 delete mode 100644 charts/screenshots/GEV/GEV_1H_20260401_224954.png
 create mode 100644 charts/screenshots/GEV/GEV_1H_20260421_000731.png
 delete mode 100644 charts/screenshots/GEV/GEV_4H_20260401_224954.png
 create mode 100644 charts/screenshots/GEV/GEV_4H_20260421_000731.png
 delete mode 100644 charts/screenshots/GEV/GEV_Daily_20260401_224954.png
 create mode 100644 charts/screenshots/GEV/GEV_Daily_20260421_000731.png
 delete mode 100644 charts/screenshots/GEV/GEV_Monthly_20260401_224954.png
 create mode 100644 charts/screenshots/GEV/GEV_Monthly_20260421_000731.png
 delete mode 100644 charts/screenshots/GEV/GEV_Weekly_20260401_224954.png
 create mode 100644 charts/screenshots/GEV/GEV_Weekly_20260421_000731.png
 delete mode 100644 charts/screenshots/GILD/GILD_1H_20260401_225951.png
 create mode 100644 charts/screenshots/GILD/GILD_1H_20260421_002946.png
 delete mode 100644 charts/screenshots/GILD/GILD_4H_20260401_225951.png
 create mode 100644 charts/screenshots/GILD/GILD_4H_20260421_002946.png
 delete mode 100644 charts/screenshots/GILD/GILD_Daily_20260401_225951.png
 create mode 100644 charts/screenshots/GILD/GILD_Daily_20260421_002946.png
 delete mode 100644 charts/screenshots/GILD/GILD_Monthly_20260401_225951.png
 create mode 100644 charts/screenshots/GILD/GILD_Monthly_20260421_002946.png
 delete mode 100644 charts/screenshots/GILD/GILD_Weekly_20260401_225951.png
 create mode 100644 charts/screenshots/GILD/GILD_Weekly_20260421_002946.png
 delete mode 100644 charts/screenshots/GLW/GLW_1H_20260401_224818.png
 create mode 100644 charts/screenshots/GLW/GLW_1H_20260421_000048.png
 delete mode 100644 charts/screenshots/GLW/GLW_4H_20260401_224818.png
 create mode 100644 charts/screenshots/GLW/GLW_4H_20260421_000048.png
 delete mode 100644 charts/screenshots/GLW/GLW_Daily_20260401_224818.png
 create mode 100644 charts/screenshots/GLW/GLW_Daily_20260421_000048.png
 delete mode 100644 charts/screenshots/GLW/GLW_Monthly_20260401_224818.png
 create mode 100644 charts/screenshots/GLW/GLW_Monthly_20260421_000048.png
 delete mode 100644 charts/screenshots/GLW/GLW_Weekly_20260401_224818.png
 create mode 100644 charts/screenshots/GLW/GLW_Weekly_20260421_000048.png
 delete mode 100644 charts/screenshots/GOOG/GOOG_1H_20260401_231026.png
 create mode 100644 charts/screenshots/GOOG/GOOG_1H_20260420_235915.png
 delete mode 100644 charts/screenshots/GOOG/GOOG_4H_20260401_231026.png
 create mode 100644 charts/screenshots/GOOG/GOOG_4H_20260420_235915.png
 delete mode 100644 charts/screenshots/GOOG/GOOG_Daily_20260401_231026.png
 create mode 100644 charts/screenshots/GOOG/GOOG_Daily_20260420_235915.png
 delete mode 100644 charts/screenshots/GOOG/GOOG_Monthly_20260401_231026.png
 create mode 100644 charts/screenshots/GOOG/GOOG_Monthly_20260420_235915.png
 delete mode 100644 charts/screenshots/GOOG/GOOG_Weekly_20260401_231026.png
 create mode 100644 charts/screenshots/GOOG/GOOG_Weekly_20260420_235915.png
 delete mode 100644 charts/screenshots/GOOGL/GOOGL_1H_20260401_230305.png
 create mode 100644 charts/screenshots/GOOGL/GOOGL_1H_20260420_235946.png
 delete mode 100644 charts/screenshots/GOOGL/GOOGL_4H_20260401_230305.png
 create mode 100644 charts/screenshots/GOOGL/GOOGL_4H_20260420_235946.png
 delete mode 100644 charts/screenshots/GOOGL/GOOGL_Daily_20260401_230305.png
 create mode 100644 charts/screenshots/GOOGL/GOOGL_Daily_20260420_235946.png
 delete mode 100644 charts/screenshots/GOOGL/GOOGL_Monthly_20260401_230305.png
 create mode 100644 charts/screenshots/GOOGL/GOOGL_Monthly_20260420_235946.png
 delete mode 100644 charts/screenshots/GOOGL/GOOGL_Weekly_20260401_230305.png
 create mode 100644 charts/screenshots/GOOGL/GOOGL_Weekly_20260420_235946.png
 delete mode 100644 charts/screenshots/GS/GS_1H_20260401_231305.png
 create mode 100644 charts/screenshots/GS/GS_1H_20260421_000630.png
 delete mode 100644 charts/screenshots/GS/GS_4H_20260401_231305.png
 create mode 100644 charts/screenshots/GS/GS_4H_20260421_000630.png
 delete mode 100644 charts/screenshots/GS/GS_Daily_20260401_231305.png
 create mode 100644 charts/screenshots/GS/GS_Daily_20260421_000630.png
 delete mode 100644 charts/screenshots/GS/GS_Monthly_20260401_231305.png
 create mode 100644 charts/screenshots/GS/GS_Monthly_20260421_000630.png
 delete mode 100644 charts/screenshots/GS/GS_Weekly_20260401_231305.png
 create mode 100644 charts/screenshots/GS/GS_Weekly_20260421_000630.png
 delete mode 100644 charts/screenshots/HD/HD_1H_20260401_231336.png
 delete mode 100644 charts/screenshots/HD/HD_4H_20260401_231336.png
 delete mode 100644 charts/screenshots/HD/HD_Daily_20260401_231336.png
 delete mode 100644 charts/screenshots/HD/HD_Monthly_20260401_231336.png
 delete mode 100644 charts/screenshots/HD/HD_Weekly_20260401_231336.png
 delete mode 100644 charts/screenshots/HON/HON_1H_20260401_224612.png
 create mode 100644 charts/screenshots/HON/HON_1H_20260421_002405.png
 delete mode 100644 charts/screenshots/HON/HON_4H_20260401_224612.png
 create mode 100644 charts/screenshots/HON/HON_4H_20260421_002405.png
 delete mode 100644 charts/screenshots/HON/HON_Daily_20260401_224612.png
 create mode 100644 charts/screenshots/HON/HON_Daily_20260421_002405.png
 delete mode 100644 charts/screenshots/HON/HON_Monthly_20260401_224612.png
 create mode 100644 charts/screenshots/HON/HON_Monthly_20260421_002405.png
 delete mode 100644 charts/screenshots/HON/HON_Weekly_20260401_224612.png
 create mode 100644 charts/screenshots/HON/HON_Weekly_20260421_002405.png
 delete mode 100644 charts/screenshots/INTC/INTC_1H_20260401_224541.png
 create mode 100644 charts/screenshots/INTC/INTC_1H_20260420_235536.png
 delete mode 100644 charts/screenshots/INTC/INTC_4H_20260401_224541.png
 create mode 100644 charts/screenshots/INTC/INTC_4H_20260420_235536.png
 delete mode 100644 charts/screenshots/INTC/INTC_Daily_20260401_224541.png
 create mode 100644 charts/screenshots/INTC/INTC_Daily_20260420_235536.png
 delete mode 100644 charts/screenshots/INTC/INTC_Monthly_20260401_224541.png
 create mode 100644 charts/screenshots/INTC/INTC_Monthly_20260420_235536.png
 delete mode 100644 charts/screenshots/INTC/INTC_Weekly_20260401_224541.png
 create mode 100644 charts/screenshots/INTC/INTC_Weekly_20260420_235536.png
 delete mode 100644 charts/screenshots/ISRG/ISRG_1H_20260401_231540.png
 delete mode 100644 charts/screenshots/ISRG/ISRG_4H_20260401_231540.png
 delete mode 100644 charts/screenshots/ISRG/ISRG_Daily_20260401_231540.png
 delete mode 100644 charts/screenshots/ISRG/ISRG_Monthly_20260401_231540.png
 delete mode 100644 charts/screenshots/ISRG/ISRG_Weekly_20260401_231540.png
 delete mode 100644 charts/screenshots/IWM/IWM_1H_20260401_230439.png
 create mode 100644 charts/screenshots/IWM/IWM_1H_20260421_001315.png
 delete mode 100644 charts/screenshots/IWM/IWM_4H_20260401_230439.png
 create mode 100644 charts/screenshots/IWM/IWM_4H_20260421_001315.png
 delete mode 100644 charts/screenshots/IWM/IWM_Daily_20260401_230439.png
 create mode 100644 charts/screenshots/IWM/IWM_Daily_20260421_001315.png
 delete mode 100644 charts/screenshots/IWM/IWM_Monthly_20260401_230439.png
 create mode 100644 charts/screenshots/IWM/IWM_Monthly_20260421_001315.png
 delete mode 100644 charts/screenshots/IWM/IWM_Weekly_20260401_230439.png
 create mode 100644 charts/screenshots/IWM/IWM_Weekly_20260421_001315.png
 delete mode 100644 charts/screenshots/JNJ/JNJ_1H_20260401_225129.png
 delete mode 100644 charts/screenshots/JNJ/JNJ_4H_20260401_225129.png
 delete mode 100644 charts/screenshots/JNJ/JNJ_Daily_20260401_225129.png
 delete mode 100644 charts/screenshots/JNJ/JNJ_Monthly_20260401_225129.png
 delete mode 100644 charts/screenshots/JNJ/JNJ_Weekly_20260401_225129.png
 create mode 100644 charts/screenshots/JPM/JPM_1H_20260421_000834.png
 create mode 100644 charts/screenshots/JPM/JPM_4H_20260421_000834.png
 create mode 100644 charts/screenshots/JPM/JPM_Daily_20260421_000834.png
 create mode 100644 charts/screenshots/JPM/JPM_Monthly_20260421_000834.png
 create mode 100644 charts/screenshots/JPM/JPM_Weekly_20260421_000834.png
 delete mode 100644 charts/screenshots/KLAC/KLAC_1H_20260401_224922.png
 create mode 100644 charts/screenshots/KLAC/KLAC_1H_20260421_000354.png
 delete mode 100644 charts/screenshots/KLAC/KLAC_4H_20260401_224922.png
 create mode 100644 charts/screenshots/KLAC/KLAC_4H_20260421_000354.png
 delete mode 100644 charts/screenshots/KLAC/KLAC_Daily_20260401_224922.png
 create mode 100644 charts/screenshots/KLAC/KLAC_Daily_20260421_000354.png
 delete mode 100644 charts/screenshots/KLAC/KLAC_Monthly_20260401_224922.png
 create mode 100644 charts/screenshots/KLAC/KLAC_Monthly_20260421_000354.png
 delete mode 100644 charts/screenshots/KLAC/KLAC_Weekly_20260401_224922.png
 create mode 100644 charts/screenshots/KLAC/KLAC_Weekly_20260421_000354.png
 delete mode 100644 charts/screenshots/KO/KO_1H_20260401_225642.png
 delete mode 100644 charts/screenshots/KO/KO_4H_20260401_225642.png
 delete mode 100644 charts/screenshots/KO/KO_Daily_20260401_225642.png
 delete mode 100644 charts/screenshots/KO/KO_Monthly_20260401_225642.png
 delete mode 100644 charts/screenshots/KO/KO_Weekly_20260401_225642.png
 delete mode 100644 charts/screenshots/LIN/LIN_1H_20260401_230819.png
 create mode 100644 charts/screenshots/LIN/LIN_1H_20260421_002507.png
 delete mode 100644 charts/screenshots/LIN/LIN_4H_20260401_230819.png
 create mode 100644 charts/screenshots/LIN/LIN_4H_20260421_002507.png
 delete mode 100644 charts/screenshots/LIN/LIN_Daily_20260401_230819.png
 create mode 100644 charts/screenshots/LIN/LIN_Daily_20260421_002507.png
 delete mode 100644 charts/screenshots/LIN/LIN_Monthly_20260401_230819.png
 create mode 100644 charts/screenshots/LIN/LIN_Monthly_20260421_002507.png
 delete mode 100644 charts/screenshots/LIN/LIN_Weekly_20260401_230819.png
 create mode 100644 charts/screenshots/LIN/LIN_Weekly_20260421_002507.png
 delete mode 100644 charts/screenshots/LMT/LMT_1H_20260401_225712.png
 delete mode 100644 charts/screenshots/LMT/LMT_4H_20260401_225712.png
 delete mode 100644 charts/screenshots/LMT/LMT_Daily_20260401_225712.png
 delete mode 100644 charts/screenshots/LMT/LMT_Monthly_20260401_225712.png
 delete mode 100644 charts/screenshots/LMT/LMT_Weekly_20260401_225712.png
 delete mode 100644 charts/screenshots/LRCX/LRCX_1H_20260401_224643.png
 create mode 100644 charts/screenshots/LRCX/LRCX_1H_20260421_000700.png
 delete mode 100644 charts/screenshots/LRCX/LRCX_4H_20260401_224643.png
 create mode 100644 charts/screenshots/LRCX/LRCX_4H_20260421_000700.png
 delete mode 100644 charts/screenshots/LRCX/LRCX_Daily_20260401_224643.png
 create mode 100644 charts/screenshots/LRCX/LRCX_Daily_20260421_000700.png
 delete mode 100644 charts/screenshots/LRCX/LRCX_Monthly_20260401_224643.png
 create mode 100644 charts/screenshots/LRCX/LRCX_Monthly_20260421_000700.png
 delete mode 100644 charts/screenshots/LRCX/LRCX_Weekly_20260401_224643.png
 create mode 100644 charts/screenshots/LRCX/LRCX_Weekly_20260421_000700.png
 delete mode 100644 charts/screenshots/LYB/LYB_1H_20260401_224231.png
 delete mode 100644 charts/screenshots/LYB/LYB_4H_20260401_224231.png
 delete mode 100644 charts/screenshots/LYB/LYB_Daily_20260401_224231.png
 delete mode 100644 charts/screenshots/LYB/LYB_Monthly_20260401_224231.png
 delete mode 100644 charts/screenshots/LYB/LYB_Weekly_20260401_224231.png
 create mode 100644 charts/screenshots/MPWR/MPWR_1H_20260421_001213.png
 create mode 100644 charts/screenshots/MPWR/MPWR_4H_20260421_001213.png
 create mode 100644 charts/screenshots/MPWR/MPWR_Daily_20260421_001213.png
 create mode 100644 charts/screenshots/MPWR/MPWR_Monthly_20260421_001213.png
 create mode 100644 charts/screenshots/MPWR/MPWR_Weekly_20260421_001213.png
 delete mode 100644 charts/screenshots/MRK/MRK_1H_20260401_225301.png
 create mode 100644 charts/screenshots/MRK/MRK_1H_20260421_001724.png
 delete mode 100644 charts/screenshots/MRK/MRK_4H_20260401_225301.png
 create mode 100644 charts/screenshots/MRK/MRK_4H_20260421_001724.png
 delete mode 100644 charts/screenshots/MRK/MRK_Daily_20260401_225301.png
 create mode 100644 charts/screenshots/MRK/MRK_Daily_20260421_001724.png
 delete mode 100644 charts/screenshots/MRK/MRK_Monthly_20260401_225301.png
 create mode 100644 charts/screenshots/MRK/MRK_Monthly_20260421_001724.png
 delete mode 100644 charts/screenshots/MRK/MRK_Weekly_20260401_225301.png
 create mode 100644 charts/screenshots/MRK/MRK_Weekly_20260421_001724.png
 delete mode 100644 charts/screenshots/MRVL/MRVL_1H_20260401_224436.png
 create mode 100644 charts/screenshots/MRVL/MRVL_1H_20260421_001142.png
 delete mode 100644 charts/screenshots/MRVL/MRVL_4H_20260401_224436.png
 create mode 100644 charts/screenshots/MRVL/MRVL_4H_20260421_001142.png
 delete mode 100644 charts/screenshots/MRVL/MRVL_Daily_20260401_224436.png
 create mode 100644 charts/screenshots/MRVL/MRVL_Daily_20260421_001142.png
 delete mode 100644 charts/screenshots/MRVL/MRVL_Monthly_20260401_224436.png
 create mode 100644 charts/screenshots/MRVL/MRVL_Monthly_20260421_001142.png
 delete mode 100644 charts/screenshots/MRVL/MRVL_Weekly_20260401_224436.png
 create mode 100644 charts/screenshots/MRVL/MRVL_Weekly_20260421_001142.png
 create mode 100644 charts/screenshots/MS/MS_1H_20260421_001448.png
 create mode 100644 charts/screenshots/MS/MS_4H_20260421_001448.png
 create mode 100644 charts/screenshots/MS/MS_Daily_20260421_001448.png
 create mode 100644 charts/screenshots/MS/MS_Monthly_20260421_001448.png
 create mode 100644 charts/screenshots/MS/MS_Weekly_20260421_001448.png
 delete mode 100644 charts/screenshots/MSFT/MSFT_1H_20260401_231202.png
 delete mode 100644 charts/screenshots/MSFT/MSFT_4H_20260401_231202.png
 delete mode 100644 charts/screenshots/MSFT/MSFT_Daily_20260401_231202.png
 delete mode 100644 charts/screenshots/MSFT/MSFT_Monthly_20260401_231202.png
 delete mode 100644 charts/screenshots/MSFT/MSFT_Weekly_20260401_231202.png
 delete mode 100644 charts/screenshots/MU/MU_1H_20260401_225230.png
 create mode 100644 charts/screenshots/MU/MU_1H_20260421_000936.png
 delete mode 100644 charts/screenshots/MU/MU_4H_20260401_225230.png
 create mode 100644 charts/screenshots/MU/MU_4H_20260421_000936.png
 delete mode 100644 charts/screenshots/MU/MU_Daily_20260401_225230.png
 create mode 100644 charts/screenshots/MU/MU_Daily_20260421_000936.png
 delete mode 100644 charts/screenshots/MU/MU_Monthly_20260401_225230.png
 create mode 100644 charts/screenshots/MU/MU_Monthly_20260421_000936.png
 delete mode 100644 charts/screenshots/MU/MU_Weekly_20260401_225230.png
 create mode 100644 charts/screenshots/MU/MU_Weekly_20260421_000936.png
 delete mode 100644 charts/screenshots/NBM.V/NBM.V_1H_20260401_231715.png
 create mode 100644 charts/screenshots/NBM.V/NBM.V_1H_20260421_003018.png
 delete mode 100644 charts/screenshots/NBM.V/NBM.V_4H_20260401_231715.png
 create mode 100644 charts/screenshots/NBM.V/NBM.V_4H_20260421_003018.png
 delete mode 100644 charts/screenshots/NBM.V/NBM.V_Daily_20260401_231715.png
 create mode 100644 charts/screenshots/NBM.V/NBM.V_Daily_20260421_003018.png
 delete mode 100644 charts/screenshots/NBM.V/NBM.V_Monthly_20260401_231715.png
 create mode 100644 charts/screenshots/NBM.V/NBM.V_Monthly_20260421_003018.png
 delete mode 100644 charts/screenshots/NBM.V/NBM.V_Weekly_20260401_231715.png
 create mode 100644 charts/screenshots/NBM.V/NBM.V_Weekly_20260421_003018.png
 delete mode 100644 charts/screenshots/NEE/NEE_1H_20260401_224747.png
 create mode 100644 charts/screenshots/NEE/NEE_1H_20260421_001755.png
 delete mode 100644 charts/screenshots/NEE/NEE_4H_20260401_224747.png
 create mode 100644 charts/screenshots/NEE/NEE_4H_20260421_001755.png
 delete mode 100644 charts/screenshots/NEE/NEE_Daily_20260401_224747.png
 create mode 100644 charts/screenshots/NEE/NEE_Daily_20260421_001755.png
 delete mode 100644 charts/screenshots/NEE/NEE_Monthly_20260401_224747.png
 create mode 100644 charts/screenshots/NEE/NEE_Monthly_20260421_001755.png
 delete mode 100644 charts/screenshots/NEE/NEE_Weekly_20260401_224747.png
 create mode 100644 charts/screenshots/NEE/NEE_Weekly_20260421_001755.png
 delete mode 100644 charts/screenshots/NEM/NEM_1H_20260401_225405.png
 create mode 100644 charts/screenshots/NEM/NEM_1H_20260421_000527.png
 delete mode 100644 charts/screenshots/NEM/NEM_4H_20260401_225405.png
 create mode 100644 charts/screenshots/NEM/NEM_4H_20260421_000527.png
 delete mode 100644 charts/screenshots/NEM/NEM_Daily_20260401_225405.png
 create mode 100644 charts/screenshots/NEM/NEM_Daily_20260421_000527.png
 delete mode 100644 charts/screenshots/NEM/NEM_Monthly_20260401_225405.png
 create mode 100644 charts/screenshots/NEM/NEM_Monthly_20260421_000527.png
 delete mode 100644 charts/screenshots/NEM/NEM_Weekly_20260401_225405.png
 create mode 100644 charts/screenshots/NEM/NEM_Weekly_20260421_000527.png
 create mode 100644 charts/screenshots/NFLX/NFLX_1H_20260421_002334.png
 create mode 100644 charts/screenshots/NFLX/NFLX_4H_20260421_002334.png
 create mode 100644 charts/screenshots/NFLX/NFLX_Daily_20260421_002334.png
 create mode 100644 charts/screenshots/NFLX/NFLX_Monthly_20260421_002334.png
 create mode 100644 charts/screenshots/NFLX/NFLX_Weekly_20260421_002334.png
 delete mode 100644 charts/screenshots/NKE/NKE_1H_20260401_230336.png
 create mode 100644 charts/screenshots/NKE/NKE_1H_20260421_002711.png
 delete mode 100644 charts/screenshots/NKE/NKE_4H_20260401_230336.png
 create mode 100644 charts/screenshots/NKE/NKE_4H_20260421_002711.png
 delete mode 100644 charts/screenshots/NKE/NKE_Daily_20260401_230336.png
 create mode 100644 charts/screenshots/NKE/NKE_Daily_20260421_002711.png
 delete mode 100644 charts/screenshots/NKE/NKE_Monthly_20260401_230336.png
 create mode 100644 charts/screenshots/NKE/NKE_Monthly_20260421_002711.png
 delete mode 100644 charts/screenshots/NKE/NKE_Weekly_20260401_230336.png
 create mode 100644 charts/screenshots/NKE/NKE_Weekly_20260421_002711.png
 delete mode 100644 charts/screenshots/NOW/NOW_1H_20260401_230645.png
 delete mode 100644 charts/screenshots/NOW/NOW_4H_20260401_230645.png
 delete mode 100644 charts/screenshots/NOW/NOW_Daily_20260401_230645.png
 delete mode 100644 charts/screenshots/NOW/NOW_Monthly_20260401_230645.png
 delete mode 100644 charts/screenshots/NOW/NOW_Weekly_20260401_230645.png
 create mode 100644 charts/screenshots/NVDA/NVDA_1H_20260421_000802.png
 create mode 100644 charts/screenshots/NVDA/NVDA_4H_20260421_000802.png
 create mode 100644 charts/screenshots/NVDA/NVDA_Daily_20260421_000802.png
 create mode 100644 charts/screenshots/NVDA/NVDA_Monthly_20260421_000802.png
 create mode 100644 charts/screenshots/NVDA/NVDA_Weekly_20260421_000802.png
 delete mode 100644 charts/screenshots/ORCL/ORCL_1H_20260401_230747.png
 delete mode 100644 charts/screenshots/ORCL/ORCL_4H_20260401_230747.png
 delete mode 100644 charts/screenshots/ORCL/ORCL_Daily_20260401_230747.png
 delete mode 100644 charts/screenshots/ORCL/ORCL_Monthly_20260401_230747.png
 delete mode 100644 charts/screenshots/ORCL/ORCL_Weekly_20260401_230747.png
 delete mode 100644 charts/screenshots/OXY/OXY_1H_20260401_223920.png
 create mode 100644 charts/screenshots/OXY/OXY_1H_20260421_001927.png
 delete mode 100644 charts/screenshots/OXY/OXY_4H_20260401_223920.png
 create mode 100644 charts/screenshots/OXY/OXY_4H_20260421_001927.png
 delete mode 100644 charts/screenshots/OXY/OXY_Daily_20260401_223920.png
 create mode 100644 charts/screenshots/OXY/OXY_Daily_20260421_001927.png
 delete mode 100644 charts/screenshots/OXY/OXY_Monthly_20260401_223920.png
 create mode 100644 charts/screenshots/OXY/OXY_Monthly_20260421_001927.png
 delete mode 100644 charts/screenshots/OXY/OXY_Weekly_20260401_223920.png
 create mode 100644 charts/screenshots/OXY/OXY_Weekly_20260421_001927.png
 create mode 100644 charts/screenshots/PEP/PEP_1H_20260421_002436.png
 create mode 100644 charts/screenshots/PEP/PEP_4H_20260421_002436.png
 create mode 100644 charts/screenshots/PEP/PEP_Daily_20260421_002436.png
 create mode 100644 charts/screenshots/PEP/PEP_Monthly_20260421_002436.png
 create mode 100644 charts/screenshots/PEP/PEP_Weekly_20260421_002436.png
 delete mode 100644 charts/screenshots/PFE/PFE_1H_20260401_225919.png
 create mode 100644 charts/screenshots/PFE/PFE_1H_20260421_001621.png
 delete mode 100644 charts/screenshots/PFE/PFE_4H_20260401_225919.png
 create mode 100644 charts/screenshots/PFE/PFE_4H_20260421_001621.png
 delete mode 100644 charts/screenshots/PFE/PFE_Daily_20260401_225919.png
 create mode 100644 charts/screenshots/PFE/PFE_Daily_20260421_001621.png
 delete mode 100644 charts/screenshots/PFE/PFE_Monthly_20260401_225919.png
 create mode 100644 charts/screenshots/PFE/PFE_Monthly_20260421_001621.png
 delete mode 100644 charts/screenshots/PFE/PFE_Weekly_20260401_225919.png
 create mode 100644 charts/screenshots/PFE/PFE_Weekly_20260421_001621.png
 delete mode 100644 charts/screenshots/PG/PG_1H_20260401_225333.png
 delete mode 100644 charts/screenshots/PG/PG_4H_20260401_225333.png
 delete mode 100644 charts/screenshots/PG/PG_Daily_20260401_225333.png
 delete mode 100644 charts/screenshots/PG/PG_Monthly_20260401_225333.png
 delete mode 100644 charts/screenshots/PG/PG_Weekly_20260401_225333.png
 delete mode 100644 charts/screenshots/PM/PM_1H_20260401_231644.png
 delete mode 100644 charts/screenshots/PM/PM_4H_20260401_231644.png
 delete mode 100644 charts/screenshots/PM/PM_Daily_20260401_231644.png
 delete mode 100644 charts/screenshots/PM/PM_Monthly_20260401_231644.png
 delete mode 100644 charts/screenshots/PM/PM_Weekly_20260401_231644.png
 create mode 100644 charts/screenshots/QQQ/QQQ_1H_20260421_001346.png
 create mode 100644 charts/screenshots/QQQ/QQQ_4H_20260421_001346.png
 create mode 100644 charts/screenshots/QQQ/QQQ_Daily_20260421_001346.png
 create mode 100644 charts/screenshots/QQQ/QQQ_Monthly_20260421_001346.png
 create mode 100644 charts/screenshots/QQQ/QQQ_Weekly_20260421_001346.png
 delete mode 100644 charts/screenshots/RTX/RTX_1H_20260401_230954.png
 create mode 100644 charts/screenshots/RTX/RTX_1H_20260421_002640.png
 delete mode 100644 charts/screenshots/RTX/RTX_4H_20260401_230954.png
 create mode 100644 charts/screenshots/RTX/RTX_4H_20260421_002640.png
 delete mode 100644 charts/screenshots/RTX/RTX_Daily_20260401_230954.png
 create mode 100644 charts/screenshots/RTX/RTX_Daily_20260421_002640.png
 delete mode 100644 charts/screenshots/RTX/RTX_Monthly_20260401_230954.png
 create mode 100644 charts/screenshots/RTX/RTX_Monthly_20260421_002640.png
 delete mode 100644 charts/screenshots/RTX/RTX_Weekly_20260401_230954.png
 create mode 100644 charts/screenshots/RTX/RTX_Weekly_20260421_002640.png
 delete mode 100644 charts/screenshots/SBUX/SBUX_1H_20260401_231058.png
 create mode 100644 charts/screenshots/SBUX/SBUX_1H_20260421_001039.png
 delete mode 100644 charts/screenshots/SBUX/SBUX_4H_20260401_231058.png
 create mode 100644 charts/screenshots/SBUX/SBUX_4H_20260421_001039.png
 delete mode 100644 charts/screenshots/SBUX/SBUX_Daily_20260401_231058.png
 create mode 100644 charts/screenshots/SBUX/SBUX_Daily_20260421_001039.png
 delete mode 100644 charts/screenshots/SBUX/SBUX_Monthly_20260401_231058.png
 create mode 100644 charts/screenshots/SBUX/SBUX_Monthly_20260421_001039.png
 delete mode 100644 charts/screenshots/SBUX/SBUX_Weekly_20260401_231058.png
 create mode 100644 charts/screenshots/SBUX/SBUX_Weekly_20260421_001039.png
 delete mode 100644 charts/screenshots/SLB/SLB_1H_20260401_223746.png
 create mode 100644 charts/screenshots/SLB/SLB_1H_20260420_235844.png
 delete mode 100644 charts/screenshots/SLB/SLB_4H_20260401_223746.png
 create mode 100644 charts/screenshots/SLB/SLB_4H_20260420_235844.png
 delete mode 100644 charts/screenshots/SLB/SLB_Daily_20260401_223746.png
 create mode 100644 charts/screenshots/SLB/SLB_Daily_20260420_235844.png
 delete mode 100644 charts/screenshots/SLB/SLB_Monthly_20260401_223746.png
 create mode 100644 charts/screenshots/SLB/SLB_Monthly_20260420_235844.png
 delete mode 100644 charts/screenshots/SLB/SLB_Weekly_20260401_223746.png
 create mode 100644 charts/screenshots/SLB/SLB_Weekly_20260420_235844.png
 delete mode 100644 charts/screenshots/SMCI/SMCI_1H_20260401_231130.png
 delete mode 100644 charts/screenshots/SMCI/SMCI_4H_20260401_231130.png
 delete mode 100644 charts/screenshots/SMCI/SMCI_Daily_20260401_231130.png
 delete mode 100644 charts/screenshots/SMCI/SMCI_Monthly_20260401_231130.png
 delete mode 100644 charts/screenshots/SMCI/SMCI_Weekly_20260401_231130.png
 create mode 100644 charts/screenshots/SPY/SPY_1H_20260421_001417.png
 create mode 100644 charts/screenshots/SPY/SPY_4H_20260421_001417.png
 create mode 100644 charts/screenshots/SPY/SPY_Daily_20260421_001417.png
 create mode 100644 charts/screenshots/SPY/SPY_Monthly_20260421_001417.png
 create mode 100644 charts/screenshots/SPY/SPY_Weekly_20260421_001417.png
 delete mode 100644 charts/screenshots/STX/STX_1H_20260401_225200.png
 create mode 100644 charts/screenshots/STX/STX_1H_20260420_235710.png
 delete mode 100644 charts/screenshots/STX/STX_4H_20260401_225200.png
 create mode 100644 charts/screenshots/STX/STX_4H_20260420_235710.png
 delete mode 100644 charts/screenshots/STX/STX_Daily_20260401_225200.png
 create mode 100644 charts/screenshots/STX/STX_Daily_20260420_235710.png
 delete mode 100644 charts/screenshots/STX/STX_Monthly_20260401_225200.png
 create mode 100644 charts/screenshots/STX/STX_Monthly_20260420_235710.png
 delete mode 100644 charts/screenshots/STX/STX_Weekly_20260401_225200.png
 create mode 100644 charts/screenshots/STX/STX_Weekly_20260420_235710.png
 delete mode 100644 charts/screenshots/T/T_1H_20260401_225508.png
 create mode 100644 charts/screenshots/T/T_1H_20260421_002538.png
 delete mode 100644 charts/screenshots/T/T_4H_20260401_225508.png
 create mode 100644 charts/screenshots/T/T_4H_20260421_002538.png
 delete mode 100644 charts/screenshots/T/T_Daily_20260401_225508.png
 create mode 100644 charts/screenshots/T/T_Daily_20260421_002538.png
 delete mode 100644 charts/screenshots/T/T_Monthly_20260401_225508.png
 create mode 100644 charts/screenshots/T/T_Monthly_20260421_002538.png
 delete mode 100644 charts/screenshots/T/T_Weekly_20260401_225508.png
 create mode 100644 charts/screenshots/T/T_Weekly_20260421_002538.png
 delete mode 100644 charts/screenshots/TER/TER_1H_20260401_225026.png
 create mode 100644 charts/screenshots/TER/TER_1H_20260421_000425.png
 delete mode 100644 charts/screenshots/TER/TER_4H_20260401_225026.png
 create mode 100644 charts/screenshots/TER/TER_4H_20260421_000425.png
 delete mode 100644 charts/screenshots/TER/TER_Daily_20260401_225026.png
 create mode 100644 charts/screenshots/TER/TER_Daily_20260421_000425.png
 delete mode 100644 charts/screenshots/TER/TER_Monthly_20260401_225026.png
 create mode 100644 charts/screenshots/TER/TER_Monthly_20260421_000425.png
 delete mode 100644 charts/screenshots/TER/TER_Weekly_20260401_225026.png
 create mode 100644 charts/screenshots/TER/TER_Weekly_20260421_000425.png
 create mode 100644 charts/screenshots/TJX/TJX_1H_20260421_002813.png
 create mode 100644 charts/screenshots/TJX/TJX_4H_20260421_002813.png
 create mode 100644 charts/screenshots/TJX/TJX_Daily_20260421_002813.png
 create mode 100644 charts/screenshots/TJX/TJX_Monthly_20260421_002813.png
 create mode 100644 charts/screenshots/TJX/TJX_Weekly_20260421_002813.png
 delete mode 100644 charts/screenshots/TMUS/TMUS_1H_20260401_231438.png
 delete mode 100644 charts/screenshots/TMUS/TMUS_4H_20260401_231438.png
 delete mode 100644 charts/screenshots/TMUS/TMUS_Daily_20260401_231438.png
 delete mode 100644 charts/screenshots/TMUS/TMUS_Monthly_20260401_231438.png
 delete mode 100644 charts/screenshots/TMUS/TMUS_Weekly_20260401_231438.png
 delete mode 100644 charts/screenshots/TXN/TXN_1H_20260401_225611.png
 create mode 100644 charts/screenshots/TXN/TXN_1H_20260421_001826.png
 delete mode 100644 charts/screenshots/TXN/TXN_4H_20260401_225611.png
 create mode 100644 charts/screenshots/TXN/TXN_4H_20260421_001826.png
 delete mode 100644 charts/screenshots/TXN/TXN_Daily_20260401_225611.png
 create mode 100644 charts/screenshots/TXN/TXN_Daily_20260421_001826.png
 delete mode 100644 charts/screenshots/TXN/TXN_Monthly_20260401_225611.png
 create mode 100644 charts/screenshots/TXN/TXN_Monthly_20260421_001826.png
 delete mode 100644 charts/screenshots/TXN/TXN_Weekly_20260401_225611.png
 create mode 100644 charts/screenshots/TXN/TXN_Weekly_20260421_001826.png
 create mode 100644 charts/screenshots/UNH/UNH_1H_20260421_002304.png
 create mode 100644 charts/screenshots/UNH/UNH_4H_20260421_002304.png
 create mode 100644 charts/screenshots/UNH/UNH_Daily_20260421_002304.png
 create mode 100644 charts/screenshots/UNH/UNH_Monthly_20260421_002304.png
 create mode 100644 charts/screenshots/UNH/UNH_Weekly_20260421_002304.png
 create mode 100644 charts/screenshots/UNP/UNP_1H_20260421_001008.png
 create mode 100644 charts/screenshots/UNP/UNP_4H_20260421_001008.png
 create mode 100644 charts/screenshots/UNP/UNP_Daily_20260421_001008.png
 create mode 100644 charts/screenshots/UNP/UNP_Monthly_20260421_001008.png
 create mode 100644 charts/screenshots/UNP/UNP_Weekly_20260421_001008.png
 delete mode 100644 charts/screenshots/V/V_1H_20260401_231510.png
 delete mode 100644 charts/screenshots/V/V_4H_20260401_231510.png
 delete mode 100644 charts/screenshots/V/V_Daily_20260401_231510.png
 delete mode 100644 charts/screenshots/V/V_Monthly_20260401_231510.png
 delete mode 100644 charts/screenshots/V/V_Weekly_20260401_231510.png
 delete mode 100644 charts/screenshots/VLO/VLO_1H_20260401_223952.png
 create mode 100644 charts/screenshots/VLO/VLO_1H_20260421_001653.png
 delete mode 100644 charts/screenshots/VLO/VLO_4H_20260401_223952.png
 create mode 100644 charts/screenshots/VLO/VLO_4H_20260421_001653.png
 delete mode 100644 charts/screenshots/VLO/VLO_Daily_20260401_223952.png
 create mode 100644 charts/screenshots/VLO/VLO_Daily_20260421_001653.png
 delete mode 100644 charts/screenshots/VLO/VLO_Monthly_20260401_223952.png
 create mode 100644 charts/screenshots/VLO/VLO_Monthly_20260421_001653.png
 delete mode 100644 charts/screenshots/VLO/VLO_Weekly_20260401_223952.png
 create mode 100644 charts/screenshots/VLO/VLO_Weekly_20260421_001653.png
 delete mode 100644 charts/screenshots/VZ/VZ_1H_20260401_224333.png
 create mode 100644 charts/screenshots/VZ/VZ_1H_20260421_001959.png
 delete mode 100644 charts/screenshots/VZ/VZ_4H_20260401_224333.png
 create mode 100644 charts/screenshots/VZ/VZ_4H_20260421_001959.png
 delete mode 100644 charts/screenshots/VZ/VZ_Daily_20260401_224333.png
 create mode 100644 charts/screenshots/VZ/VZ_Daily_20260421_001959.png
 delete mode 100644 charts/screenshots/VZ/VZ_Monthly_20260401_224333.png
 create mode 100644 charts/screenshots/VZ/VZ_Monthly_20260421_001959.png
 delete mode 100644 charts/screenshots/VZ/VZ_Weekly_20260401_224333.png
 create mode 100644 charts/screenshots/VZ/VZ_Weekly_20260421_001959.png
 delete mode 100644 charts/screenshots/WBD/WBD_1H_20260401_230614.png
 create mode 100644 charts/screenshots/WBD/WBD_1H_20260421_002742.png
 delete mode 100644 charts/screenshots/WBD/WBD_4H_20260401_230614.png
 create mode 100644 charts/screenshots/WBD/WBD_4H_20260421_002742.png
 delete mode 100644 charts/screenshots/WBD/WBD_Daily_20260401_230614.png
 create mode 100644 charts/screenshots/WBD/WBD_Daily_20260421_002742.png
 delete mode 100644 charts/screenshots/WBD/WBD_Monthly_20260401_230614.png
 create mode 100644 charts/screenshots/WBD/WBD_Monthly_20260421_002742.png
 delete mode 100644 charts/screenshots/WBD/WBD_Weekly_20260401_230614.png
 create mode 100644 charts/screenshots/WBD/WBD_Weekly_20260421_002742.png
 delete mode 100644 charts/screenshots/WDC/WDC_1H_20260401_224508.png
 create mode 100644 charts/screenshots/WDC/WDC_1H_20260420_235814.png
 delete mode 100644 charts/screenshots/WDC/WDC_4H_20260401_224508.png
 create mode 100644 charts/screenshots/WDC/WDC_4H_20260420_235814.png
 delete mode 100644 charts/screenshots/WDC/WDC_Daily_20260401_224508.png
 create mode 100644 charts/screenshots/WDC/WDC_Daily_20260420_235814.png
 delete mode 100644 charts/screenshots/WDC/WDC_Monthly_20260401_224508.png
 create mode 100644 charts/screenshots/WDC/WDC_Monthly_20260420_235814.png
 delete mode 100644 charts/screenshots/WDC/WDC_Weekly_20260401_224508.png
 create mode 100644 charts/screenshots/WDC/WDC_Weekly_20260420_235814.png
 delete mode 100644 charts/screenshots/WMT/WMT_1H_20260401_225848.png
 create mode 100644 charts/screenshots/WMT/WMT_1H_20260421_001550.png
 delete mode 100644 charts/screenshots/WMT/WMT_4H_20260401_225848.png
 create mode 100644 charts/screenshots/WMT/WMT_4H_20260421_001550.png
 delete mode 100644 charts/screenshots/WMT/WMT_Daily_20260401_225848.png
 create mode 100644 charts/screenshots/WMT/WMT_Daily_20260421_001550.png
 delete mode 100644 charts/screenshots/WMT/WMT_Monthly_20260401_225848.png
 create mode 100644 charts/screenshots/WMT/WMT_Monthly_20260421_001550.png
 delete mode 100644 charts/screenshots/WMT/WMT_Weekly_20260401_225848.png
 create mode 100644 charts/screenshots/WMT/WMT_Weekly_20260421_001550.png
 delete mode 100644 charts/screenshots/XOM/XOM_1H_20260401_223715.png
 delete mode 100644 charts/screenshots/XOM/XOM_4H_20260401_223715.png
 delete mode 100644 charts/screenshots/XOM/XOM_Daily_20260401_223715.png
 delete mode 100644 charts/screenshots/XOM/XOM_Monthly_20260401_223715.png
 delete mode 100644 charts/screenshots/XOM/XOM_Weekly_20260401_223715.png
[[SP500 차트분석]] GitHub 푸시 완료
[[SP500 차트분석]] Google Sheets 업데이트 완료
[Paper Trading] SP500 ranked_df 스냅샷 저장 완료 (130개 종목)

[요약] 파이프라인 완료 – 총 2995.2초 (49.92분) 소요
