============================================================
[Unified Paper Trading] SP500 + NASDAQ/NYSE 통합 실행 시작
============================================================
2026-08-27 13:32:19,822 [INFO] paper_trading.runner — [Runner] SP500 snapshot 로드: 128개 종목
[Unified PT] SP500 snapshot 로드: 128개 종목
2026-08-27 13:32:19,832 [INFO] paper_trading.runner — [Runner] NASDAQ snapshot 로드: 214개 종목
[Unified PT] NASDAQ snapshot 로드: 214개 종목
[Unified PT] 합산 완료: 333개 종목 (SP500 128 + NASDAQ 214개, 중복 제거 후)
[Unified PT] 골든크로스임박 종목: 44개
2026-08-27 13:32:20,748 [INFO] paper_trading.engine — [PaperTrading] SELL ARWR @ 88.26 (장기보유(19일,+0.7%))
2026-08-27 13:32:20,751 [INFO] paper_trading.candidate_selector — [전략점수 분포] ~4.0: 121 | 4.0~5.0: 35 | 5.0~5.5: 20 | 5.5~6.0: 14 | 6.0+: 143
2026-08-27 13:32:20,760 [INFO] paper_trading.candidate_selector — [CandidateSelector] Regime=bull | Filtered=1/333 | Selected: NXPI (CCS=0.5128)
2026-08-27 13:32:20,765 [INFO] paper_trading.engine — [PaperTrading] BUY NXPI @ 223.15 (CCS=0.5128, RSI=36, upside P50=+5% P75=+8%)
[Unified PT] 매도=1 매수=1 보유=3종목
[Unified PT] 레짐=bull | 필터={'전략점수<6.0': 190, '바닥반등_52주과열': 1, '판단등급_미달': 139, '과열_차단': 1, '유동성_부족': 0, '어닝_임박': 0, '보유_중복': 0, '모멘텀_ADX부족': 1, '바닥_RSI데드존': 0, '섹터_집중': 0, '_통과': 1, '_전체': 333}
[Unified PT] Top5 후보:
  NXPI   CCS=0.5128 전략=📉 바닥반등 섹터=Technology
2026-08-27 13:32:22,263 [INFO] paper_trading.sheet_sync — [SheetSync] 거래로그 append: SELL ARWR
2026-08-27 13:32:23,503 [INFO] paper_trading.sheet_sync — [SheetSync] 거래로그 append: BUY NXPI
2026-08-27 13:32:24,675 [INFO] paper_trading.sheet_sync — [SheetSync] 포지션현황 업데이트: 3개 종목
2026-08-27 13:32:25,914 [INFO] paper_trading.sheet_sync — [SheetSync] 성과요약 업데이트: 40건 거래
[Unified PT] 구글 시트 동기화 완료
2026-08-27 13:32:26,319 [INFO] matplotlib.font_manager — Failed to extract font properties from /usr/share/fonts/truetype/noto/NotoColorEmoji.ttf: Non-scalable fonts are not supported
2026-08-27 13:32:26,336 [INFO] matplotlib.font_manager — generated new fontManager
2026-08-27 13:32:27,074 [WARNING] fpdf.output — Font MPDFAA+NanumGothic is missing the following glyphs: '📉' (\U0001f4c9), '📈' (\U0001f4c8)
2026-08-27 13:32:27,110 [INFO] fontTools.subset — maxp pruned
2026-08-27 13:32:27,111 [INFO] fontTools.subset — cmap pruned
2026-08-27 13:32:27,111 [INFO] fontTools.subset — post pruned
2026-08-27 13:32:27,111 [INFO] fontTools.subset — DSIG dropped
2026-08-27 13:32:27,111 [INFO] fontTools.subset — GPOS dropped
2026-08-27 13:32:27,112 [INFO] fontTools.subset — GSUB dropped
2026-08-27 13:32:27,112 [INFO] fontTools.subset — glyf pruned
2026-08-27 13:32:27,113 [INFO] fontTools.subset — Added gid0 to subset
2026-08-27 13:32:27,113 [INFO] fontTools.subset — Added first four glyphs to subset
2026-08-27 13:32:27,113 [INFO] fontTools.subset — Closing glyph list over 'glyf': 101 glyphs before
2026-08-27 13:32:27,113 [INFO] fontTools.subset — Glyph names: ['.notdef', 'A', 'B', 'C', 'D', 'E', 'F', 'G', 'H', 'I', 'L', 'M', 'N', 'O', 'P', 'Q', 'R', 'S', 'T', 'U', 'V', 'W', 'X', 'Y', 'a', 'arrowright', 'b', 'bar', 'c', 'colon', 'comma', 'copyright', 'd', 'dollar', 'e', 'eight', 'emdash', 'exclam', 'f', 'five', 'four', 'g', 'h', 'hyphen', 'i', 'k', 'l', 'm', 'n', 'nine', 'numbersign', 'o', 'one', 'p', 'parenleft', 'parenright', 'percent', 'period', 'periodcentered', 'plus', 'q', 'quotedbl', 'r', 's', 'seven', 'six', 'slash', 'space', 't', 'three', 'triagup', 'two', 'u', 'uniAC00', 'uniAC04', 'uniAE30', 'uniB2E5', 'uniB4F1', 'uniB808', 'uniB9C1', 'uniBA58', 'uniBAA8', 'uniBAA9', 'uniBC14', 'uniBC18', 'uniBCF4', 'uniC190', 'uniC2DC', 'uniC720', 'uniC775', 'uniC77C', 'uniC7A5', 'uniC808', 'uniD140', 'uniD2B8', 'uniD45C', 'v', 'w', 'x', 'y', 'zero']
2026-08-27 13:32:27,113 [INFO] fontTools.subset — Glyph IDs:   [0, 1, 2, 3, 4, 5, 8, 9, 11, 12, 13, 14, 15, 16, 17, 18, 19, 20, 21, 22, 23, 24, 25, 26, 33, 34, 35, 36, 37, 38, 39, 40, 41, 44, 45, 46, 47, 48, 49, 50, 51, 52, 53, 54, 55, 56, 57, 64, 65, 66, 67, 68, 69, 70, 71, 72, 74, 75, 76, 77, 78, 79, 80, 81, 82, 83, 84, 85, 86, 87, 88, 91, 96, 99, 104, 159, 162, 495, 497, 654, 928, 1042, 1177, 1267, 1310, 1326, 1327, 1397, 1401, 1458, 1675, 1751, 2013, 2043, 2045, 2067, 2091, 2518, 2576, 2661, 13296]
2026-08-27 13:32:27,114 [INFO] fontTools.subset — Closed glyph list over 'glyf': 101 glyphs after
2026-08-27 13:32:27,114 [INFO] fontTools.subset — Glyph names: ['.notdef', 'A', 'B', 'C', 'D', 'E', 'F', 'G', 'H', 'I', 'L', 'M', 'N', 'O', 'P', 'Q', 'R', 'S', 'T', 'U', 'V', 'W', 'X', 'Y', 'a', 'arrowright', 'b', 'bar', 'c', 'colon', 'comma', 'copyright', 'd', 'dollar', 'e', 'eight', 'emdash', 'exclam', 'f', 'five', 'four', 'g', 'h', 'hyphen', 'i', 'k', 'l', 'm', 'n', 'nine', 'numbersign', 'o', 'one', 'p', 'parenleft', 'parenright', 'percent', 'period', 'periodcentered', 'plus', 'q', 'quotedbl', 'r', 's', 'seven', 'six', 'slash', 'space', 't', 'three', 'triagup', 'two', 'u', 'uniAC00', 'uniAC04', 'uniAE30', 'uniB2E5', 'uniB4F1', 'uniB808', 'uniB9C1', 'uniBA58', 'uniBAA8', 'uniBAA9', 'uniBC14', 'uniBC18', 'uniBCF4', 'uniC190', 'uniC2DC', 'uniC720', 'uniC775', 'uniC77C', 'uniC7A5', 'uniC808', 'uniD140', 'uniD2B8', 'uniD45C', 'v', 'w', 'x', 'y', 'zero']
2026-08-27 13:32:27,114 [INFO] fontTools.subset — Glyph IDs:   [0, 1, 2, 3, 4, 5, 8, 9, 11, 12, 13, 14, 15, 16, 17, 18, 19, 20, 21, 22, 23, 24, 25, 26, 33, 34, 35, 36, 37, 38, 39, 40, 41, 44, 45, 46, 47, 48, 49, 50, 51, 52, 53, 54, 55, 56, 57, 64, 65, 66, 67, 68, 69, 70, 71, 72, 74, 75, 76, 77, 78, 79, 80, 81, 82, 83, 84, 85, 86, 87, 88, 91, 96, 99, 104, 159, 162, 495, 497, 654, 928, 1042, 1177, 1267, 1310, 1326, 1327, 1397, 1401, 1458, 1675, 1751, 2013, 2043, 2045, 2067, 2091, 2518, 2576, 2661, 13296]
2026-08-27 13:32:27,114 [INFO] fontTools.subset — Retaining 101 glyphs
2026-08-27 13:32:27,114 [INFO] fontTools.subset — head subsetting not needed
2026-08-27 13:32:27,114 [INFO] fontTools.subset — hhea subsetting not needed
2026-08-27 13:32:27,114 [INFO] fontTools.subset — maxp subsetting not needed
2026-08-27 13:32:27,115 [INFO] fontTools.subset — OS/2 subsetting not needed
2026-08-27 13:32:27,115 [INFO] fontTools.subset — hmtx subsetted
2026-08-27 13:32:27,116 [INFO] fontTools.subset — cmap subsetted
2026-08-27 13:32:27,116 [INFO] fontTools.subset — fpgm subsetting not needed
2026-08-27 13:32:27,116 [INFO] fontTools.subset — prep subsetting not needed
2026-08-27 13:32:27,116 [INFO] fontTools.subset — cvt  subsetting not needed
2026-08-27 13:32:27,116 [INFO] fontTools.subset — loca subsetting not needed
2026-08-27 13:32:27,116 [INFO] fontTools.subset — post subsetted
2026-08-27 13:32:27,116 [INFO] fontTools.subset — gasp subsetting not needed
2026-08-27 13:32:27,116 [INFO] fontTools.subset — name subsetting not needed
2026-08-27 13:32:27,118 [INFO] fontTools.subset — glyf subsetted
2026-08-27 13:32:27,119 [INFO] fontTools.subset — head pruned
2026-08-27 13:32:27,119 [INFO] fontTools.subset — OS/2 Unicode ranges pruned: [0, 1, 31, 37, 45, 56]
2026-08-27 13:32:27,119 [INFO] fontTools.subset — OS/2 CodePage ranges pruned: [0]
2026-08-27 13:32:27,120 [INFO] fontTools.subset — glyf pruned
2026-08-27 13:32:27,120 [INFO] fontTools.subset — name pruned
2026-08-27 13:32:27,135 [WARNING] fpdf.output — Font MPDFAA+NanumGothicBold is missing the following glyphs: '📈' (\U0001f4c8), '📉' (\U0001f4c9)
2026-08-27 13:32:27,135 [INFO] fontTools.subset — maxp pruned
2026-08-27 13:32:27,135 [INFO] fontTools.subset — cmap pruned
2026-08-27 13:32:27,135 [INFO] fontTools.subset — post pruned
2026-08-27 13:32:27,135 [INFO] fontTools.subset — DSIG dropped
2026-08-27 13:32:27,135 [INFO] fontTools.subset — GPOS dropped
2026-08-27 13:32:27,135 [INFO] fontTools.subset — GSUB dropped
2026-08-27 13:32:27,135 [INFO] fontTools.subset — glyf pruned
2026-08-27 13:32:27,136 [INFO] fontTools.subset — Added gid0 to subset
2026-08-27 13:32:27,136 [INFO] fontTools.subset — Added first four glyphs to subset
2026-08-27 13:32:27,136 [INFO] fontTools.subset — Closing glyph list over 'glyf': 90 glyphs before
2026-08-27 13:32:27,136 [INFO] fontTools.subset — Glyph names: ['.notdef', 'A', 'B', 'C', 'D', 'E', 'F', 'G', 'H', 'I', 'J', 'K', 'L', 'M', 'N', 'O', 'P', 'Q', 'R', 'S', 'T', 'U', 'V', 'W', 'X', 'Y', 'Z', 'a', 'ampersand', 'b', 'c', 'colon', 'd', 'dollar', 'e', 'eight', 'emdash', 'equal', 'exclam', 'f', 'five', 'four', 'g', 'h', 'hyphen', 'i', 'j', 'k', 'l', 'm', 'n', 'nine', 'numbersign', 'o', 'one', 'p', 'parenleft', 'parenright', 'percent', 'period', 'periodcentered', 'plus', 'q', 'quotedbl', 'quotesingle', 'r', 's', 'seven', 'six', 'slash', 'space', 't', 'three', 'two', 'u', 'uni2605', 'uniB2E5', 'uniB4F1', 'uniBA58', 'uniBAA8', 'uniBC14', 'uniBC18', 'uniC774', 'uniC911', 'uniD140', 'v', 'w', 'x', 'y', 'zero']
2026-08-27 13:32:27,137 [INFO] fontTools.subset — Glyph IDs:   [0, 1, 2, 3, 4, 5, 6, 7, 8, 9, 11, 13, 14, 15, 16, 17, 18, 19, 20, 21, 22, 23, 24, 25, 26, 29, 33, 34, 35, 36, 37, 38, 39, 40, 41, 42, 43, 44, 45, 46, 47, 48, 49, 50, 51, 52, 53, 54, 55, 56, 57, 58, 64, 65, 66, 67, 68, 69, 70, 71, 72, 73, 74, 75, 76, 77, 78, 79, 80, 81, 82, 83, 84, 85, 86, 87, 88, 99, 104, 150, 926, 1040, 1308, 1324, 1395, 1399, 2040, 2153, 2516, 13533]
2026-08-27 13:32:27,137 [INFO] fontTools.subset — Closed glyph list over 'glyf': 90 glyphs after
2026-08-27 13:32:27,137 [INFO] fontTools.subset — Glyph names: ['.notdef', 'A', 'B', 'C', 'D', 'E', 'F', 'G', 'H', 'I', 'J', 'K', 'L', 'M', 'N', 'O', 'P', 'Q', 'R', 'S', 'T', 'U', 'V', 'W', 'X', 'Y', 'Z', 'a', 'ampersand', 'b', 'c', 'colon', 'd', 'dollar', 'e', 'eight', 'emdash', 'equal', 'exclam', 'f', 'five', 'four', 'g', 'h', 'hyphen', 'i', 'j', 'k', 'l', 'm', 'n', 'nine', 'numbersign', 'o', 'one', 'p', 'parenleft', 'parenright', 'percent', 'period', 'periodcentered', 'plus', 'q', 'quotedbl', 'quotesingle', 'r', 's', 'seven', 'six', 'slash', 'space', 't', 'three', 'two', 'u', 'uni2605', 'uniB2E5', 'uniB4F1', 'uniBA58', 'uniBAA8', 'uniBC14', 'uniBC18', 'uniC774', 'uniC911', 'uniD140', 'v', 'w', 'x', 'y', 'zero']
2026-08-27 13:32:27,137 [INFO] fontTools.subset — Glyph IDs:   [0, 1, 2, 3, 4, 5, 6, 7, 8, 9, 11, 13, 14, 15, 16, 17, 18, 19, 20, 21, 22, 23, 24, 25, 26, 29, 33, 34, 35, 36, 37, 38, 39, 40, 41, 42, 43, 44, 45, 46, 47, 48, 49, 50, 51, 52, 53, 54, 55, 56, 57, 58, 64, 65, 66, 67, 68, 69, 70, 71, 72, 73, 74, 75, 76, 77, 78, 79, 80, 81, 82, 83, 84, 85, 86, 87, 88, 99, 104, 150, 926, 1040, 1308, 1324, 1395, 1399, 2040, 2153, 2516, 13533]
2026-08-27 13:32:27,137 [INFO] fontTools.subset — Retaining 90 glyphs
2026-08-27 13:32:27,137 [INFO] fontTools.subset — head subsetting not needed
2026-08-27 13:32:27,138 [INFO] fontTools.subset — hhea subsetting not needed
2026-08-27 13:32:27,138 [INFO] fontTools.subset — maxp subsetting not needed
2026-08-27 13:32:27,138 [INFO] fontTools.subset — OS/2 subsetting not needed
2026-08-27 13:32:27,138 [INFO] fontTools.subset — hmtx subsetted
2026-08-27 13:32:27,139 [INFO] fontTools.subset — cmap subsetted
2026-08-27 13:32:27,139 [INFO] fontTools.subset — fpgm subsetting not needed
2026-08-27 13:32:27,139 [INFO] fontTools.subset — prep subsetting not needed
2026-08-27 13:32:27,139 [INFO] fontTools.subset — cvt  subsetting not needed
2026-08-27 13:32:27,139 [INFO] fontTools.subset — loca subsetting not needed
2026-08-27 13:32:27,139 [INFO] fontTools.subset — post subsetted
2026-08-27 13:32:27,139 [INFO] fontTools.subset — gasp subsetting not needed
2026-08-27 13:32:27,139 [INFO] fontTools.subset — name subsetting not needed
2026-08-27 13:32:27,141 [INFO] fontTools.subset — glyf subsetted
2026-08-27 13:32:27,142 [INFO] fontTools.subset — head pruned
2026-08-27 13:32:27,142 [INFO] fontTools.subset — OS/2 Unicode ranges pruned: [0, 1, 31, 46, 56]
2026-08-27 13:32:27,142 [INFO] fontTools.subset — OS/2 CodePage ranges pruned: [0]
2026-08-27 13:32:27,143 [INFO] fontTools.subset — glyf pruned
2026-08-27 13:32:27,143 [INFO] fontTools.subset — name pruned
[Unified PT] PDF 리포트 생성 완료 (117,502 bytes)
[시장분석] 48개 종목 데이터 수집 중...
2026-08-27 13:32:33,687 [WARNING] data.fetch — [fetch_analyst_data] RZLV: 'dict' object has no attribute 'empty'
2026-08-27 13:32:33,710 [WARNING] data.fetch — [fetch_analyst_data] LRN: 'dict' object has no attribute 'empty'
2026-08-27 13:32:33,725 [WARNING] data.fetch — [fetch_analyst_data] ARWR: 'dict' object has no attribute 'empty'
2026-08-27 13:32:33,731 [WARNING] data.fetch — [fetch_analyst_data] NXPI: 'dict' object has no attribute 'empty'
2026-08-27 13:32:33,744 [WARNING] data.fetch — [fetch_analyst_data] HD: 'dict' object has no attribute 'empty'
2026-08-27 13:32:40,110 [WARNING] data.fetch — [fetch_analyst_data] SMCI: 'dict' object has no attribute 'empty'
2026-08-27 13:32:40,164 [WARNING] data.fetch — [fetch_analyst_data] MELI: 'dict' object has no attribute 'empty'
2026-08-27 13:32:40,182 [WARNING] data.fetch — [fetch_analyst_data] DHR: 'dict' object has no attribute 'empty'
2026-08-27 13:32:40,211 [WARNING] data.fetch — [fetch_analyst_data] LIF: 'dict' object has no attribute 'empty'
2026-08-27 13:32:40,437 [WARNING] data.fetch — [fetch_analyst_data] ABT: 'dict' object has no attribute 'empty'
2026-08-27 13:32:46,582 [WARNING] data.fetch — [fetch_analyst_data] DUOL: 'dict' object has no attribute 'empty'
2026-08-27 13:32:46,594 [WARNING] data.fetch — [fetch_analyst_data] NIQ: 'dict' object has no attribute 'empty'
2026-08-27 13:32:46,647 [WARNING] data.fetch — [fetch_analyst_data] WDAY: 'dict' object has no attribute 'empty'
2026-08-27 13:32:46,702 [WARNING] data.fetch — [fetch_analyst_data] SPGI: 'dict' object has no attribute 'empty'
2026-08-27 13:32:46,967 [WARNING] data.fetch — [fetch_analyst_data] SYK: 'dict' object has no attribute 'empty'
2026-08-27 13:32:53,048 [WARNING] data.fetch — [fetch_analyst_data] DIS: 'dict' object has no attribute 'empty'
2026-08-27 13:32:53,063 [WARNING] data.fetch — [fetch_analyst_data] SOUN: 'dict' object has no attribute 'empty'
2026-08-27 13:32:53,064 [WARNING] data.fetch — [fetch_analyst_data] UBER: 'dict' object has no attribute 'empty'
2026-08-27 13:32:53,163 [WARNING] data.fetch — [fetch_analyst_data] COST: 'dict' object has no attribute 'empty'
2026-08-27 13:32:53,448 [WARNING] data.fetch — [fetch_analyst_data] PEP: 'dict' object has no attribute 'empty'
2026-08-27 13:32:59,477 [WARNING] data.fetch — [fetch_analyst_data] NFLX: 'dict' object has no attribute 'empty'
2026-08-27 13:32:59,487 [WARNING] data.fetch — [fetch_analyst_data] Z: 'dict' object has no attribute 'empty'
2026-08-27 13:32:59,789 [WARNING] data.fetch — [fetch_analyst_data] CSGP: 'dict' object has no attribute 'empty'
2026-08-27 13:33:00,117 [WARNING] data.fetch — [fetch_analyst_data] HIMS: 'dict' object has no attribute 'empty'
2026-08-27 13:33:00,426 [WARNING] data.fetch — [fetch_analyst_data] COIN: 'dict' object has no attribute 'empty'
2026-08-27 13:33:05,950 [WARNING] data.fetch — [fetch_analyst_data] UPST: 'dict' object has no attribute 'empty'
2026-08-27 13:33:05,976 [WARNING] data.fetch — [fetch_analyst_data] ZG: 'dict' object has no attribute 'empty'
2026-08-27 13:33:06,199 [WARNING] data.fetch — [fetch_analyst_data] BLSH: 'dict' object has no attribute 'empty'
2026-08-27 13:33:06,606 [WARNING] data.fetch — [fetch_analyst_data] TMC: 'dict' object has no attribute 'empty'
2026-08-27 13:33:06,853 [WARNING] data.fetch — [fetch_analyst_data] MSTR: 'dict' object has no attribute 'empty'
2026-08-27 13:33:12,364 [WARNING] data.fetch — [fetch_analyst_data] PLNT: 'dict' object has no attribute 'empty'
2026-08-27 13:33:12,436 [WARNING] data.fetch — [fetch_analyst_data] CPNG: 'dict' object has no attribute 'empty'
2026-08-27 13:33:12,617 [WARNING] data.fetch — [fetch_analyst_data] XPON: 'dict' object has no attribute 'empty'
2026-08-27 13:33:13,023 [WARNING] data.fetch — [fetch_analyst_data] DXYZ: 'dict' object has no attribute 'empty'
2026-08-27 13:33:13,268 [WARNING] data.fetch — [fetch_analyst_data] USAR: 'dict' object has no attribute 'empty'
2026-08-27 13:33:18,786 [WARNING] data.fetch — [fetch_analyst_data] NTLA: 'dict' object has no attribute 'empty'
2026-08-27 13:33:18,897 [WARNING] data.fetch — [fetch_analyst_data] ORCL: 'dict' object has no attribute 'empty'
2026-08-27 13:33:19,157 [WARNING] data.fetch — [fetch_analyst_data] AZN: 'dict' object has no attribute 'empty'
2026-08-27 13:33:19,612 [WARNING] data.fetch — [fetch_analyst_data] FMC: 'dict' object has no attribute 'empty'
2026-08-27 13:33:19,679 [WARNING] data.fetch — [fetch_analyst_data] TSLA: 'dict' object has no attribute 'empty'
2026-08-27 13:33:25,203 [WARNING] data.fetch — [fetch_analyst_data] BTBT: 'dict' object has no attribute 'empty'
2026-08-27 13:33:25,368 [WARNING] data.fetch — [fetch_analyst_data] QCOM: 'dict' object has no attribute 'empty'
2026-08-27 13:33:25,582 [WARNING] data.fetch — [fetch_analyst_data] CLRO: 'dict' object has no attribute 'empty'
2026-08-27 13:33:26,088 [WARNING] data.fetch — [fetch_analyst_data] BTDR: 'dict' object has no attribute 'empty'
2026-08-27 13:33:26,097 [WARNING] data.fetch — [fetch_analyst_data] PG: 'dict' object has no attribute 'empty'
2026-08-27 13:33:31,774 [WARNING] data.fetch — [fetch_analyst_data] NOW: 'dict' object has no attribute 'empty'
2026-08-27 13:33:31,836 [WARNING] data.fetch — [fetch_analyst_data] CVS: 'dict' object has no attribute 'empty'
2026-08-27 13:33:32,000 [WARNING] data.fetch — [fetch_analyst_data] WYFI: 'dict' object has no attribute 'empty'
[시장분석] enrichment 완료
[Email] 페이퍼 트레이딩 알림 발송 완료 (PDF 첨부) (매도 1건, 매수 1건, 재평가 0건, 재평가실패 0건, 후보 1건) → chunghwan14@gmail.com, roykim0311@gmail.com, ssamjungtan@naver.com
============================================================
[Unified Paper Trading] 완료
============================================================
