[OHLCV] 배치 다운로드 1/4 (150개 종목, period=5y)...
[OHLCV] 배치 다운로드 2/4 (150개 종목, period=5y)...
[OHLCV] 배치 다운로드 3/4 (150개 종목, period=5y)...
[OHLCV] 배치 다운로드 4/4 (68개 종목, period=5y)...
[DataValidator] 9건의 데이터 품질 경고 발생
Warning:  GL: 비정상 가격 변동 53.1% (2024-04-11) — 스플릿/데이터 오류 가능
Warning:  DAY: Close NaN 비율 100.0% (기준: 30%)
Warning:  GEHC: Close NaN 비율 30.9% (기준: 30%)
Warning:  GEV: Close NaN 비율 56.4% (기준: 30%)
Warning:  HOOD: 비정상 가격 변동 50.4% (2021-08-04) — 스플릿/데이터 오류 가능
Warning:  KVUE: Close NaN 비율 38.5% (기준: 30%)
Warning:  PDD: 비정상 가격 변동 56.1% (2022-03-16) — 스플릿/데이터 오류 가능
Warning:  SOLV: Close NaN 비율 56.3% (기준: 30%)
Warning:  VLTO: Close NaN 비율 46.8% (기준: 30%)
[[SP500 분석]] 강한 섹터: {'Information Technology'}
[[SP500 분석]] Extreme model 'label_low' walk-forward ROC 0.66, AP 0.36
[[SP500 분석]] Extreme model 'label_high' walk-forward ROC 0.59, AP 0.23
[[SP500 분석]] Google Sheets 업데이트 완료
[Email] 바닥반등 23개 + 모멘텀 61개 = 총 84개 종목 리스트를 chunghwan14@gmail.com, roykim0311@gmail.com, ssamjungtan@naver.com로 발송 완료
[[SP500 분석]] Signals 결과 기반 차트분석 종목 리스트 생성 중...
[Dynamic Portfolio] 생성된 차트분석 종목 리스트(86개): ['NBM.V', 'GOOG', 'GOOGL', 'CRDO', 'LLY', 'QCOM', 'XOM', 'BRK-B', 'MCHP', 'KLAC', 'TXN', 'AKAM', 'ON', 'AVGO', 'AZO', 'ZTS', 'APP', 'SNPS', 'MU', 'ETN', 'LRCX', 'IBM', 'AMD', 'VZ', 'IWM', 'HPE', 'PFE', 'GLW', 'NEE', 'APH', 'PM', 'TER', 'CVS', 'FTNT', 'CVX', 'AAPL', 'ASML', 'AMAT', 'KO', 'MRVL', 'MSFT', 'MCD', 'NXPI', 'HON', 'C', 'DASH', 'WMT', 'NVDA', 'CRWD', 'DELL', 'F', 'ISRG', 'CDNS', 'CAT', 'MS', 'TSLA', 'AMZN', 'MCK', 'GS', 'QQQ', 'CSCO', 'INTU', 'DE', 'BAC', 'DDOG', 'LIN', 'WDC', 'SMCI', 'BA', 'ADI', 'COP', 'ORCL', 'FCX', 'UNH', 'STX', 'SPY', 'ROST', 'PDD', 'INTC', 'COST', 'GE', 'MPWR', 'PWR', 'UNP', 'PANW', 'ANET']
[[SP500 차트분석]] [SP500 분석] 결과 기반 [SP500 차트분석] 시트 생성 중 (86개 종목)...
[[SP500 차트분석]] [SP500 분석]에 없는 종목은 별도 분석: ['NBM.V', 'CRDO']
[DataValidator] 1건의 데이터 품질 경고 발생
Warning:  NBM.V: 비정상 가격 변동 56.3% (2024-09-25) — 스플릿/데이터 오류 가능
[[SP500 차트분석]] 강한 섹터: {'Information Technology'}
[[SP500 차트분석]] Extreme model 'global' skipped: insufficient_tickers
[[SP500 차트분석]] 기존 차트 파일 삭제 중...
[[SP500 차트분석]] 차트 저장 디렉토리 준비 완료: charts/screenshots
[[SP500 차트분석]] TradingView 차트 캡처 시작...
[[SP500 차트분석]] 86개 종목 차트 캡처 중...
[TradingView] PANW 브라우저 세션 시작  (로그인 세션)...
[TradingView] 1H 캡처 완료 (60)
[TradingView] 4H 캡처 완료 (240)
[TradingView] Daily 캡처 완료 (D)
[TradingView] Weekly 캡처 완료 (W)
[TradingView] Monthly 캡처 완료 (M)
[[SP500 차트분석]] PANW 차트 5개 처리 완료
[TradingView] IBM 브라우저 세션 시작  (로그인 세션)...
[TradingView] 1H 캡처 완료 (60)
[TradingView] 4H 캡처 완료 (240)
[TradingView] Daily 캡처 완료 (D)
[TradingView] Weekly 캡처 완료 (W)
[TradingView] Monthly 캡처 완료 (M)
[[SP500 차트분석]] IBM 차트 5개 처리 완료
[TradingView] SPY 브라우저 세션 시작  (로그인 세션)...
[TradingView] 1H 캡처 완료 (60)
[TradingView] 4H 캡처 완료 (240)
[TradingView] Daily 캡처 완료 (D)
[TradingView] Weekly 캡처 완료 (W)
[TradingView] Monthly 캡처 완료 (M)
[[SP500 차트분석]] SPY 차트 5개 처리 완료
[TradingView] INTC 브라우저 세션 시작  (로그인 세션)...
[TradingView] 1H 캡처 완료 (60)
[TradingView] 4H 캡처 완료 (240)
[TradingView] Daily 캡처 완료 (D)
[TradingView] Weekly 캡처 완료 (W)
[TradingView] Monthly 캡처 완료 (M)
[[SP500 차트분석]] INTC 차트 5개 처리 완료
[TradingView] GS 브라우저 세션 시작  (로그인 세션)...
[TradingView] 1H 캡처 완료 (60)
[TradingView] 4H 캡처 완료 (240)
[TradingView] Daily 캡처 완료 (D)
[TradingView] Weekly 캡처 완료 (W)
[TradingView] Monthly 캡처 완료 (M)
[[SP500 차트분석]] GS 차트 5개 처리 완료
[TradingView] UNH 브라우저 세션 시작  (로그인 세션)...
[TradingView] 1H 캡처 완료 (60)
[TradingView] 4H 캡처 완료 (240)
[TradingView] Daily 캡처 완료 (D)
[TradingView] Weekly 캡처 완료 (W)
[TradingView] Monthly 캡처 완료 (M)
[[SP500 차트분석]] UNH 차트 5개 처리 완료
[TradingView] F 브라우저 세션 시작  (로그인 세션)...
[TradingView] 1H 캡처 완료 (60)
[TradingView] 4H 캡처 완료 (240)
[TradingView] Daily 캡처 완료 (D)
[TradingView] Weekly 캡처 완료 (W)
[TradingView] Monthly 캡처 완료 (M)
[[SP500 차트분석]] F 차트 5개 처리 완료
[TradingView] NXPI 브라우저 세션 시작  (로그인 세션)...
[TradingView] 1H 캡처 완료 (60)
[TradingView] 4H 캡처 완료 (240)
[TradingView] Daily 캡처 완료 (D)
[TradingView] Weekly 캡처 완료 (W)
[TradingView] Monthly 캡처 완료 (M)
[[SP500 차트분석]] NXPI 차트 5개 처리 완료
[TradingView] AAPL 브라우저 세션 시작  (로그인 세션)...
[TradingView] 1H 캡처 완료 (60)
[TradingView] 4H 캡처 완료 (240)
[TradingView] Daily 캡처 완료 (D)
[TradingView] Weekly 캡처 완료 (W)
[TradingView] Monthly 캡처 완료 (M)
[[SP500 차트분석]] AAPL 차트 5개 처리 완료
[TradingView] AKAM 브라우저 세션 시작  (로그인 세션)...
[TradingView] 1H 캡처 완료 (60)
[TradingView] 4H 캡처 완료 (240)
[TradingView] Daily 캡처 완료 (D)
[TradingView] Weekly 캡처 완료 (W)
[TradingView] Monthly 캡처 완료 (M)
[[SP500 차트분석]] AKAM 차트 5개 처리 완료
[TradingView] APP 브라우저 세션 시작  (로그인 세션)...
[TradingView] 1H 캡처 완료 (60)
[TradingView] 4H 캡처 완료 (240)
[TradingView] Daily 캡처 완료 (D)
[TradingView] Weekly 캡처 완료 (W)
[TradingView] Monthly 캡처 완료 (M)
[[SP500 차트분석]] APP 차트 5개 처리 완료
[TradingView] CVS 브라우저 세션 시작  (로그인 세션)...
[TradingView] 1H 캡처 완료 (60)
[TradingView] 4H 캡처 완료 (240)
[TradingView] Daily 캡처 완료 (D)
[TradingView] Weekly 캡처 완료 (W)
[TradingView] Monthly 캡처 완료 (M)
[[SP500 차트분석]] CVS 차트 5개 처리 완료
[TradingView] DDOG 브라우저 세션 시작  (로그인 세션)...
[TradingView] 1H 캡처 완료 (60)
[TradingView] 4H 캡처 완료 (240)
[TradingView] Daily 캡처 완료 (D)
[TradingView] Weekly 캡처 완료 (W)
[TradingView] Monthly 캡처 완료 (M)
[[SP500 차트분석]] DDOG 차트 5개 처리 완료
[TradingView] LLY 브라우저 세션 시작  (로그인 세션)...
[TradingView] 1H 캡처 완료 (60)
[TradingView] 4H 캡처 완료 (240)
[TradingView] Daily 캡처 완료 (D)
[TradingView] Weekly 캡처 완료 (W)
[TradingView] Monthly 캡처 완료 (M)
[[SP500 차트분석]] LLY 차트 5개 처리 완료
[TradingView] MS 브라우저 세션 시작  (로그인 세션)...
[TradingView] 1H 캡처 완료 (60)
[TradingView] 4H 캡처 완료 (240)
[TradingView] Daily 캡처 완료 (D)
[TradingView] Weekly 캡처 완료 (W)
[TradingView] Monthly 캡처 완료 (M)
[[SP500 차트분석]] MS 차트 5개 처리 완료
[TradingView] QCOM 브라우저 세션 시작  (로그인 세션)...
[TradingView] 1H 캡처 완료 (60)
[TradingView] 4H 캡처 완료 (240)
[TradingView] Daily 캡처 완료 (D)
[TradingView] Weekly 캡처 완료 (W)
[TradingView] Monthly 캡처 완료 (M)
[[SP500 차트분석]] QCOM 차트 5개 처리 완료
[TradingView] TXN 브라우저 세션 시작  (로그인 세션)...
[TradingView] 1H 캡처 완료 (60)
[TradingView] 4H 캡처 완료 (240)
[TradingView] Daily 캡처 완료 (D)
[TradingView] Weekly 캡처 완료 (W)
[TradingView] Monthly 캡처 완료 (M)
[[SP500 차트분석]] TXN 차트 5개 처리 완료
[TradingView] AVGO 브라우저 세션 시작  (로그인 세션)...
[TradingView] 1H 캡처 완료 (60)
[TradingView] 4H 캡처 완료 (240)
[TradingView] Daily 캡처 완료 (D)
[TradingView] Weekly 캡처 완료 (W)
[TradingView] Monthly 캡처 완료 (M)
[[SP500 차트분석]] AVGO 차트 5개 처리 완료
[TradingView] CDNS 브라우저 세션 시작  (로그인 세션)...
[TradingView] 1H 캡처 완료 (60)
[TradingView] 4H 캡처 완료 (240)
[TradingView] Daily 캡처 완료 (D)
[TradingView] Weekly 캡처 완료 (W)
[TradingView] Monthly 캡처 완료 (M)
[[SP500 차트분석]] CDNS 차트 5개 처리 완료
[TradingView] CRWD 브라우저 세션 시작  (로그인 세션)...
[TradingView] 1H 캡처 완료 (60)
[TradingView] 4H 캡처 완료 (240)
[TradingView] Daily 캡처 완료 (D)
[TradingView] Weekly 캡처 완료 (W)
[TradingView] Monthly 캡처 완료 (M)
[[SP500 차트분석]] CRWD 차트 5개 처리 완료
[TradingView] GOOG 브라우저 세션 시작  (로그인 세션)...
[TradingView] 1H 캡처 완료 (60)
[TradingView] 4H 캡처 완료 (240)
[TradingView] Daily 캡처 완료 (D)
[TradingView] Weekly 캡처 완료 (W)
[TradingView] Monthly 캡처 완료 (M)
[[SP500 차트분석]] GOOG 차트 5개 처리 완료
[TradingView] GOOGL 브라우저 세션 시작  (로그인 세션)...
[TradingView] 1H 캡처 완료 (60)
[TradingView] 4H 캡처 완료 (240)
[TradingView] Daily 캡처 완료 (D)
[TradingView] Weekly 캡처 완료 (W)
[TradingView] Monthly 캡처 완료 (M)
[[SP500 차트분석]] GOOGL 차트 5개 처리 완료
[TradingView] C 브라우저 세션 시작  (로그인 세션)...
[TradingView] 1H 캡처 완료 (60)
[TradingView] 4H 캡처 완료 (240)
[TradingView] Daily 캡처 완료 (D)
[TradingView] Weekly 캡처 완료 (W)
[TradingView] Monthly 캡처 완료 (M)
[[SP500 차트분석]] C 차트 5개 처리 완료
[TradingView] ETN 브라우저 세션 시작  (로그인 세션)...
[TradingView] 1H 캡처 완료 (60)
[TradingView] 4H 캡처 완료 (240)
[TradingView] Daily 캡처 완료 (D)
[TradingView] Weekly 캡처 완료 (W)
[TradingView] Monthly 캡처 완료 (M)
[[SP500 차트분석]] ETN 차트 5개 처리 완료
[TradingView] HON 브라우저 세션 시작  (로그인 세션)...
[TradingView] 1H 캡처 완료 (60)
[TradingView] 4H 캡처 완료 (240)
[TradingView] Daily 캡처 완료 (D)
[TradingView] Weekly 캡처 완료 (W)
[TradingView] Monthly 캡처 완료 (M)
[[SP500 차트분석]] HON 차트 5개 처리 완료
[TradingView] ON 브라우저 세션 시작  (로그인 세션)...
[TradingView] 1H 캡처 완료 (60)
[TradingView] 4H 캡처 완료 (240)
[TradingView] Daily 캡처 완료 (D)
[TradingView] Weekly 캡처 완료 (W)
[TradingView] Monthly 캡처 완료 (M)
[[SP500 차트분석]] ON 차트 5개 처리 완료
[TradingView] QQQ 브라우저 세션 시작  (로그인 세션)...
[TradingView] 1H 캡처 완료 (60)
[TradingView] 4H 캡처 완료 (240)
[TradingView] Daily 캡처 완료 (D)
[TradingView] Weekly 캡처 완료 (W)
[TradingView] Monthly 캡처 완료 (M)
[[SP500 차트분석]] QQQ 차트 5개 처리 완료
[TradingView] APH 브라우저 세션 시작  (로그인 세션)...
[TradingView] 1H 캡처 완료 (60)
[TradingView] 4H 캡처 완료 (240)
[TradingView] Daily 캡처 완료 (D)
[TradingView] Weekly 캡처 완료 (W)
[TradingView] Monthly 캡처 완료 (M)
[[SP500 차트분석]] APH 차트 5개 처리 완료
[TradingView] GE 브라우저 세션 시작  (로그인 세션)...
[TradingView] 1H 캡처 완료 (60)
[TradingView] 4H 캡처 완료 (240)
[TradingView] Daily 캡처 완료 (D)
[TradingView] Weekly 캡처 완료 (W)
[TradingView] Monthly 캡처 완료 (M)
[[SP500 차트분석]] GE 차트 5개 처리 완료
[TradingView] CSCO 브라우저 세션 시작  (로그인 세션)...
[TradingView] 1H 캡처 완료 (60)
[TradingView] 4H 캡처 완료 (240)
[TradingView] Daily 캡처 완료 (D)
[TradingView] Weekly 캡처 완료 (W)
[TradingView] Monthly 캡처 완료 (M)
[[SP500 차트분석]] CSCO 차트 5개 처리 완료
[TradingView] ORCL 브라우저 세션 시작  (로그인 세션)...
[TradingView] 1H 캡처 완료 (60)
[TradingView] 4H 캡처 완료 (240)
[TradingView] Daily 캡처 완료 (D)
[TradingView] Weekly 캡처 완료 (W)
[TradingView] Monthly 캡처 완료 (M)
[[SP500 차트분석]] ORCL 차트 5개 처리 완료
[TradingView] SMCI 브라우저 세션 시작  (로그인 세션)...
[TradingView] 1H 캡처 완료 (60)
[TradingView] 4H 캡처 완료 (240)
[TradingView] Daily 캡처 완료 (D)
[TradingView] Weekly 캡처 완료 (W)
[TradingView] Monthly 캡처 완료 (M)
[[SP500 차트분석]] SMCI 차트 5개 처리 완료
[TradingView] DELL 브라우저 세션 시작  (로그인 세션)...
[TradingView] 1H 캡처 완료 (60)
[TradingView] 4H 캡처 완료 (240)
[TradingView] Daily 캡처 완료 (D)
[TradingView] Weekly 캡처 완료 (W)
[TradingView] Monthly 캡처 완료 (M)
[[SP500 차트분석]] DELL 차트 5개 처리 완료
[TradingView] FTNT 브라우저 세션 시작  (로그인 세션)...
[TradingView] 1H 캡처 완료 (60)
[TradingView] 4H 캡처 완료 (240)
[TradingView] Daily 캡처 완료 (D)
[TradingView] Weekly 캡처 완료 (W)
[TradingView] Monthly 캡처 완료 (M)
[[SP500 차트분석]] FTNT 차트 5개 처리 완료
[TradingView] PM 브라우저 세션 시작  (로그인 세션)...
[TradingView] 1H 캡처 완료 (60)
[TradingView] 4H 캡처 완료 (240)
[TradingView] Daily 캡처 완료 (D)
[TradingView] Weekly 캡처 완료 (W)
[TradingView] Monthly 캡처 완료 (M)
[[SP500 차트분석]] PM 차트 5개 처리 완료
[TradingView] MCHP 브라우저 세션 시작  (로그인 세션)...
[TradingView] 1H 캡처 완료 (60)
[TradingView] 4H 캡처 완료 (240)
[TradingView] Daily 캡처 완료 (D)
[TradingView] Weekly 캡처 완료 (W)
[TradingView] Monthly 캡처 완료 (M)
[[SP500 차트분석]] MCHP 차트 5개 처리 완료
[TradingView] TSLA 브라우저 세션 시작  (로그인 세션)...
[TradingView] 1H 캡처 완료 (60)
[TradingView] 4H 캡처 완료 (240)
[TradingView] Daily 캡처 완료 (D)
[TradingView] Weekly 캡처 완료 (W)
[TradingView] Monthly 캡처 완료 (M)
[[SP500 차트분석]] TSLA 차트 5개 처리 완료
[TradingView] AMAT 브라우저 세션 시작  (로그인 세션)...
[TradingView] 1H 캡처 완료 (60)
[TradingView] 4H 캡처 완료 (240)
[TradingView] Daily 캡처 완료 (D)
[TradingView] Weekly 캡처 완료 (W)
[TradingView] Monthly 캡처 완료 (M)
[[SP500 차트분석]] AMAT 차트 5개 처리 완료
[TradingView] ANET 브라우저 세션 시작  (로그인 세션)...
[TradingView] 1H 캡처 완료 (60)
[TradingView] 4H 캡처 완료 (240)
[TradingView] Daily 캡처 완료 (D)
[TradingView] Weekly 캡처 완료 (W)
[TradingView] Monthly 캡처 완료 (M)
[[SP500 차트분석]] ANET 차트 5개 처리 완료
[TradingView] ASML 브라우저 세션 시작  (로그인 세션)...
[TradingView] 1H 캡처 완료 (60)
[TradingView] 4H 캡처 완료 (240)
[TradingView] Daily 캡처 완료 (D)
[TradingView] Weekly 캡처 완료 (W)
[TradingView] Monthly 캡처 완료 (M)
[[SP500 차트분석]] ASML 차트 5개 처리 완료
[TradingView] FCX 브라우저 세션 시작  (로그인 세션)...
[TradingView] 1H 캡처 완료 (60)
[TradingView] 4H 캡처 완료 (240)
[TradingView] Daily 캡처 완료 (D)
[TradingView] Weekly 캡처 완료 (W)
[TradingView] Monthly 캡처 완료 (M)
[[SP500 차트분석]] FCX 차트 5개 처리 완료
[TradingView] KLAC 브라우저 세션 시작  (로그인 세션)...
[TradingView] 1H 캡처 완료 (60)
[TradingView] 4H 캡처 완료 (240)
[TradingView] Daily 캡처 완료 (D)
[TradingView] Weekly 캡처 완료 (W)
[TradingView] Monthly 캡처 완료 (M)
[[SP500 차트분석]] KLAC 차트 5개 처리 완료
[TradingView] LRCX 브라우저 세션 시작  (로그인 세션)...
[TradingView] 1H 캡처 완료 (60)
[TradingView] 4H 캡처 완료 (240)
[TradingView] Daily 캡처 완료 (D)
[TradingView] Weekly 캡처 완료 (W)
[TradingView] Monthly 캡처 완료 (M)
[[SP500 차트분석]] LRCX 차트 5개 처리 완료
[TradingView] TER 브라우저 세션 시작  (로그인 세션)...
[TradingView] 1H 캡처 완료 (60)
[TradingView] 4H 캡처 완료 (240)
[TradingView] Daily 캡처 완료 (D)
[TradingView] Weekly 캡처 완료 (W)
[TradingView] Monthly 캡처 완료 (M)
[[SP500 차트분석]] TER 차트 5개 처리 완료
[TradingView] DE 브라우저 세션 시작  (로그인 세션)...
[TradingView] 1H 캡처 완료 (60)
[TradingView] 4H 캡처 완료 (240)
[TradingView] Daily 캡처 완료 (D)
[TradingView] Weekly 캡처 완료 (W)
[TradingView] Monthly 캡처 완료 (M)
[[SP500 차트분석]] DE 차트 5개 처리 완료
[TradingView] AMD 브라우저 세션 시작  (로그인 세션)...
[TradingView] 1H 캡처 완료 (60)
[TradingView] 4H 캡처 완료 (240)
[TradingView] Daily 캡처 완료 (D)
[TradingView] Weekly 캡처 완료 (W)
[TradingView] Monthly 캡처 완료 (M)
[[SP500 차트분석]] AMD 차트 5개 처리 완료
[TradingView] HPE 브라우저 세션 시작  (로그인 세션)...
[TradingView] 1H 캡처 완료 (60)
[TradingView] 4H 캡처 완료 (240)
[TradingView] Daily 캡처 완료 (D)
[TradingView] Weekly 캡처 완료 (W)
[TradingView] Monthly 캡처 완료 (M)
[[SP500 차트분석]] HPE 차트 5개 처리 완료
[TradingView] MRVL 브라우저 세션 시작  (로그인 세션)...
[TradingView] 1H 캡처 완료 (60)
[TradingView] 4H 캡처 완료 (240)
[TradingView] Daily 캡처 완료 (D)
[TradingView] Weekly 캡처 완료 (W)
[TradingView] Monthly 캡처 완료 (M)
[[SP500 차트분석]] MRVL 차트 5개 처리 완료
[TradingView] MU 브라우저 세션 시작  (로그인 세션)...
[TradingView] 1H 캡처 완료 (60)
[TradingView] 4H 캡처 완료 (240)
[TradingView] Daily 캡처 완료 (D)
[TradingView] Weekly 캡처 완료 (W)
[TradingView] Monthly 캡처 완료 (M)
[[SP500 차트분석]] MU 차트 5개 처리 완료
[TradingView] STX 브라우저 세션 시작  (로그인 세션)...
[TradingView] 1H 캡처 완료 (60)
[TradingView] 4H 캡처 완료 (240)
[TradingView] Daily 캡처 완료 (D)
[TradingView] Weekly 캡처 완료 (W)
[TradingView] Monthly 캡처 완료 (M)
[[SP500 차트분석]] STX 차트 5개 처리 완료
[TradingView] WDC 브라우저 세션 시작  (로그인 세션)...
[TradingView] 1H 캡처 완료 (60)
[TradingView] 4H 캡처 완료 (240)
[TradingView] Daily 캡처 완료 (D)
[TradingView] Weekly 캡처 완료 (W)
[TradingView] Monthly 캡처 완료 (M)
[[SP500 차트분석]] WDC 차트 5개 처리 완료
[TradingView] KO 브라우저 세션 시작  (로그인 세션)...
[TradingView] 1H 캡처 완료 (60)
[TradingView] 4H 캡처 완료 (240)
[TradingView] Daily 캡처 완료 (D)
[TradingView] Weekly 캡처 완료 (W)
[TradingView] Monthly 캡처 완료 (M)
[[SP500 차트분석]] KO 차트 5개 처리 완료
[TradingView] AMZN 브라우저 세션 시작  (로그인 세션)...
[TradingView] 1H 캡처 완료 (60)
[TradingView] 4H 캡처 완료 (240)
[TradingView] Daily 캡처 완료 (D)
[TradingView] Weekly 캡처 완료 (W)
[TradingView] Monthly 캡처 완료 (M)
[[SP500 차트분석]] AMZN 차트 5개 처리 완료
[TradingView] ADI 브라우저 세션 시작  (로그인 세션)...
[TradingView] 1H 캡처 완료 (60)
[TradingView] 4H 캡처 완료 (240)
[TradingView] Daily 캡처 완료 (D)
[TradingView] Weekly 캡처 완료 (W)
[TradingView] Monthly 캡처 완료 (M)
[[SP500 차트분석]] ADI 차트 5개 처리 완료
[TradingView] VZ 브라우저 세션 시작  (로그인 세션)...
[TradingView] 1H 캡처 완료 (60)
[TradingView] 4H 캡처 완료 (240)
[TradingView] Daily 캡처 완료 (D)
[TradingView] Weekly 캡처 완료 (W)
[TradingView] Monthly 캡처 완료 (M)
[[SP500 차트분석]] VZ 차트 5개 처리 완료
[TradingView] MPWR 브라우저 세션 시작  (로그인 세션)...
[TradingView] 1H 캡처 완료 (60)
[TradingView] 4H 캡처 완료 (240)
[TradingView] Daily 캡처 완료 (D)
[TradingView] Weekly 캡처 완료 (W)
[TradingView] Monthly 캡처 완료 (M)
[[SP500 차트분석]] MPWR 차트 5개 처리 완료
[TradingView] ROST 브라우저 세션 시작  (로그인 세션)...
[TradingView] 1H 캡처 완료 (60)
[TradingView] 4H 캡처 완료 (240)
[TradingView] Daily 캡처 완료 (D)
[TradingView] Weekly 캡처 완료 (W)
[TradingView] Monthly 캡처 완료 (M)
[[SP500 차트분석]] ROST 차트 5개 처리 완료
[TradingView] IWM 브라우저 세션 시작  (로그인 세션)...
[TradingView] 1H 캡처 완료 (60)
[TradingView] 4H 캡처 완료 (240)
[TradingView] Daily 캡처 완료 (D)
[TradingView] Weekly 캡처 완료 (W)
[TradingView] Monthly 캡처 완료 (M)
[[SP500 차트분석]] IWM 차트 5개 처리 완료
[TradingView] NVDA 브라우저 세션 시작  (로그인 세션)...
[TradingView] 1H 캡처 완료 (60)
[TradingView] 4H 캡처 완료 (240)
[TradingView] Daily 캡처 완료 (D)
[TradingView] Weekly 캡처 완료 (W)
[TradingView] Monthly 캡처 완료 (M)
[[SP500 차트분석]] NVDA 차트 5개 처리 완료
[TradingView] PWR 브라우저 세션 시작  (로그인 세션)...
[TradingView] 1H 캡처 완료 (60)
[TradingView] 4H 캡처 완료 (240)
[TradingView] Daily 캡처 완료 (D)
[TradingView] Weekly 캡처 완료 (W)
[TradingView] Monthly 캡처 완료 (M)
[[SP500 차트분석]] PWR 차트 5개 처리 완료
[TradingView] CAT 브라우저 세션 시작  (로그인 세션)...
[TradingView] 1H 캡처 완료 (60)
[TradingView] 4H 캡처 완료 (240)
[TradingView] Daily 캡처 완료 (D)
[TradingView] Weekly 캡처 완료 (W)
[TradingView] Monthly 캡처 완료 (M)
[[SP500 차트분석]] CAT 차트 5개 처리 완료
[TradingView] BAC 브라우저 세션 시작  (로그인 세션)...
[TradingView] 1H 캡처 완료 (60)
[TradingView] 4H 캡처 완료 (240)
[TradingView] Daily 캡처 완료 (D)
[TradingView] Weekly 캡처 완료 (W)
[TradingView] Monthly 캡처 완료 (M)
[[SP500 차트분석]] BAC 차트 5개 처리 완료
[TradingView] GLW 브라우저 세션 시작  (로그인 세션)...
[TradingView] 1H 캡처 완료 (60)
[TradingView] 4H 캡처 완료 (240)
[TradingView] Daily 캡처 완료 (D)
[TradingView] Weekly 캡처 완료 (W)
[TradingView] Monthly 캡처 완료 (M)
[[SP500 차트분석]] GLW 차트 5개 처리 완료
[TradingView] COP 브라우저 세션 시작  (로그인 세션)...
[TradingView] 1H 캡처 완료 (60)
[TradingView] 4H 캡처 완료 (240)
[TradingView] Daily 캡처 완료 (D)
[TradingView] Weekly 캡처 완료 (W)
[TradingView] Monthly 캡처 완료 (M)
[[SP500 차트분석]] COP 차트 5개 처리 완료
[TradingView] CVX 브라우저 세션 시작  (로그인 세션)...
[TradingView] 1H 캡처 완료 (60)
[TradingView] 4H 캡처 완료 (240)
[TradingView] Daily 캡처 완료 (D)
[TradingView] Weekly 캡처 완료 (W)
[TradingView] Monthly 캡처 완료 (M)
[[SP500 차트분석]] CVX 차트 5개 처리 완료
[TradingView] SNPS 브라우저 세션 시작  (로그인 세션)...
[TradingView] 1H 캡처 완료 (60)
[TradingView] 4H 캡처 완료 (240)
[TradingView] Daily 캡처 완료 (D)
[TradingView] Weekly 캡처 완료 (W)
[TradingView] Monthly 캡처 완료 (M)
[[SP500 차트분석]] SNPS 차트 5개 처리 완료
[TradingView] XOM 브라우저 세션 시작  (로그인 세션)...
[TradingView] 1H 캡처 완료 (60)
[TradingView] 4H 캡처 완료 (240)
[TradingView] Daily 캡처 완료 (D)
[TradingView] Weekly 캡처 완료 (W)
[TradingView] Monthly 캡처 완료 (M)
[[SP500 차트분석]] XOM 차트 5개 처리 완료
[TradingView] LIN 브라우저 세션 시작  (로그인 세션)...
[TradingView] 1H 캡처 완료 (60)
[TradingView] 4H 캡처 완료 (240)
[TradingView] Daily 캡처 완료 (D)
[TradingView] Weekly 캡처 완료 (W)
[TradingView] Monthly 캡처 완료 (M)
[[SP500 차트분석]] LIN 차트 5개 처리 완료
[TradingView] MSFT 브라우저 세션 시작  (로그인 세션)...
[TradingView] 1H 캡처 완료 (60)
[TradingView] 4H 캡처 완료 (240)
[TradingView] Daily 캡처 완료 (D)
[TradingView] Weekly 캡처 완료 (W)
[TradingView] Monthly 캡처 완료 (M)
[[SP500 차트분석]] MSFT 차트 5개 처리 완료
[TradingView] UNP 브라우저 세션 시작  (로그인 세션)...
[TradingView] 1H 캡처 완료 (60)
[TradingView] 4H 캡처 완료 (240)
[TradingView] Daily 캡처 완료 (D)
[TradingView] Weekly 캡처 완료 (W)
[TradingView] Monthly 캡처 완료 (M)
[[SP500 차트분석]] UNP 차트 5개 처리 완료
[TradingView] PFE 브라우저 세션 시작  (로그인 세션)...
[TradingView] 1H 캡처 완료 (60)
[TradingView] 4H 캡처 완료 (240)
[TradingView] Daily 캡처 완료 (D)
[TradingView] Weekly 캡처 완료 (W)
[TradingView] Monthly 캡처 완료 (M)
[[SP500 차트분석]] PFE 차트 5개 처리 완료
[TradingView] BA 브라우저 세션 시작  (로그인 세션)...
[TradingView] 1H 캡처 완료 (60)
[TradingView] 4H 캡처 완료 (240)
[TradingView] Daily 캡처 완료 (D)
[TradingView] Weekly 캡처 완료 (W)
[TradingView] Monthly 캡처 완료 (M)
[[SP500 차트분석]] BA 차트 5개 처리 완료
[TradingView] WMT 브라우저 세션 시작  (로그인 세션)...
[TradingView] 1H 캡처 완료 (60)
[TradingView] 4H 캡처 완료 (240)
[TradingView] Daily 캡처 완료 (D)
[TradingView] Weekly 캡처 완료 (W)
[TradingView] Monthly 캡처 완료 (M)
[[SP500 차트분석]] WMT 차트 5개 처리 완료
[TradingView] BRK-B 브라우저 세션 시작  (로그인 세션)...
[TradingView] 1H 캡처 완료 (60)
[TradingView] 4H 캡처 완료 (240)
[TradingView] Daily 캡처 완료 (D)
[TradingView] Weekly 캡처 완료 (W)
[TradingView] Monthly 캡처 완료 (M)
[[SP500 차트분석]] BRK-B 차트 5개 처리 완료
[TradingView] ZTS 브라우저 세션 시작  (로그인 세션)...
[TradingView] 1H 캡처 완료 (60)
[TradingView] 4H 캡처 완료 (240)
[TradingView] Daily 캡처 완료 (D)
[TradingView] Weekly 캡처 완료 (W)
[TradingView] Monthly 캡처 완료 (M)
[[SP500 차트분석]] ZTS 차트 5개 처리 완료
[TradingView] AZO 브라우저 세션 시작  (로그인 세션)...
[TradingView] 1H 캡처 완료 (60)
[TradingView] 4H 캡처 완료 (240)
[TradingView] Daily 캡처 완료 (D)
[TradingView] Weekly 캡처 완료 (W)
[TradingView] Monthly 캡처 완료 (M)
[[SP500 차트분석]] AZO 차트 5개 처리 완료
[TradingView] ISRG 브라우저 세션 시작  (로그인 세션)...
[TradingView] 1H 캡처 완료 (60)
[TradingView] 4H 캡처 완료 (240)
[TradingView] Daily 캡처 완료 (D)
[TradingView] Weekly 캡처 완료 (W)
[TradingView] Monthly 캡처 완료 (M)
[[SP500 차트분석]] ISRG 차트 5개 처리 완료
[TradingView] MCK 브라우저 세션 시작  (로그인 세션)...
[TradingView] 1H 캡처 완료 (60)
[TradingView] 4H 캡처 완료 (240)
[TradingView] Daily 캡처 완료 (D)
[TradingView] Weekly 캡처 완료 (W)
[TradingView] Monthly 캡처 완료 (M)
[[SP500 차트분석]] MCK 차트 5개 처리 완료
[TradingView] NEE 브라우저 세션 시작  (로그인 세션)...
[TradingView] 1H 캡처 완료 (60)
[TradingView] 4H 캡처 완료 (240)
[TradingView] Daily 캡처 완료 (D)
[TradingView] Weekly 캡처 완료 (W)
[TradingView] Monthly 캡처 완료 (M)
[[SP500 차트분석]] NEE 차트 5개 처리 완료
[TradingView] DASH 브라우저 세션 시작  (로그인 세션)...
[TradingView] 1H 캡처 완료 (60)
[TradingView] 4H 캡처 완료 (240)
[TradingView] Daily 캡처 완료 (D)
[TradingView] Weekly 캡처 완료 (W)
[TradingView] Monthly 캡처 완료 (M)
[[SP500 차트분석]] DASH 차트 5개 처리 완료
[TradingView] COST 브라우저 세션 시작  (로그인 세션)...
[TradingView] 1H 캡처 완료 (60)
[TradingView] 4H 캡처 완료 (240)
[TradingView] Daily 캡처 완료 (D)
[TradingView] Weekly 캡처 완료 (W)
[TradingView] Monthly 캡처 완료 (M)
[[SP500 차트분석]] COST 차트 5개 처리 완료
[TradingView] INTU 브라우저 세션 시작  (로그인 세션)...
[TradingView] 1H 캡처 완료 (60)
[TradingView] 4H 캡처 완료 (240)
[TradingView] Daily 캡처 완료 (D)
[TradingView] Weekly 캡처 완료 (W)
[TradingView] Monthly 캡처 완료 (M)
[[SP500 차트분석]] INTU 차트 5개 처리 완료
[TradingView] MCD 브라우저 세션 시작  (로그인 세션)...
[TradingView] 1H 캡처 완료 (60)
[TradingView] 4H 캡처 완료 (240)
[TradingView] Daily 캡처 완료 (D)
[TradingView] Weekly 캡처 완료 (W)
[TradingView] Monthly 캡처 완료 (M)
[[SP500 차트분석]] MCD 차트 5개 처리 완료
[TradingView] PDD 브라우저 세션 시작  (로그인 세션)...
[TradingView] 1H 캡처 완료 (60)
[TradingView] 4H 캡처 완료 (240)
[TradingView] Daily 캡처 완료 (D)
[TradingView] Weekly 캡처 완료 (W)
[TradingView] Monthly 캡처 완료 (M)
[[SP500 차트분석]] PDD 차트 5개 처리 완료
[TradingView] CRDO 브라우저 세션 시작  (로그인 세션)...
[TradingView] 1H 캡처 완료 (60)
[TradingView] 4H 캡처 완료 (240)
[TradingView] Daily 캡처 완료 (D)
[TradingView] Weekly 캡처 완료 (W)
[TradingView] Monthly 캡처 완료 (M)
[[SP500 차트분석]] CRDO 차트 5개 처리 완료
[TradingView] 티커 매핑 적용: NBM.V -> NBM
[TradingView] NBM.V 브라우저 세션 시작  (로그인 세션)...
[TradingView] 1H 캡처 완료 (60)
[TradingView] 4H 캡처 완료 (240)
[TradingView] Daily 캡처 완료 (D)
[TradingView] Weekly 캡처 완료 (W)
[TradingView] Monthly 캡처 완료 (M)
[[SP500 차트분석]] NBM.V 차트 5개 처리 완료
[[SP500 차트분석]] 차트 캡처 완료
[[SP500 차트분석]] GitHub에 차트 이미지 푸시 중...
[main 0fc76ba] Update chart screenshots 1780555302
 835 files changed, 0 insertions(+), 0 deletions(-)
 delete mode 100644 charts/screenshots/AAPL/AAPL_1H_20260603_055650.png
 create mode 100644 charts/screenshots/AAPL/AAPL_1H_20260604_055037.png
 delete mode 100644 charts/screenshots/AAPL/AAPL_4H_20260603_055650.png
 create mode 100644 charts/screenshots/AAPL/AAPL_4H_20260604_055037.png
 delete mode 100644 charts/screenshots/AAPL/AAPL_Daily_20260603_055650.png
 create mode 100644 charts/screenshots/AAPL/AAPL_Daily_20260604_055037.png
 delete mode 100644 charts/screenshots/AAPL/AAPL_Monthly_20260603_055650.png
 create mode 100644 charts/screenshots/AAPL/AAPL_Monthly_20260604_055037.png
 delete mode 100644 charts/screenshots/AAPL/AAPL_Weekly_20260603_055650.png
 create mode 100644 charts/screenshots/AAPL/AAPL_Weekly_20260604_055037.png
 delete mode 100644 charts/screenshots/ADI/ADI_1H_20260603_062032.png
 create mode 100644 charts/screenshots/ADI/ADI_1H_20260604_061956.png
 delete mode 100644 charts/screenshots/ADI/ADI_4H_20260603_062032.png
 create mode 100644 charts/screenshots/ADI/ADI_4H_20260604_061956.png
 delete mode 100644 charts/screenshots/ADI/ADI_Daily_20260603_062032.png
 create mode 100644 charts/screenshots/ADI/ADI_Daily_20260604_061956.png
 delete mode 100644 charts/screenshots/ADI/ADI_Monthly_20260603_062032.png
 create mode 100644 charts/screenshots/ADI/ADI_Monthly_20260604_061956.png
 delete mode 100644 charts/screenshots/ADI/ADI_Weekly_20260603_062032.png
 create mode 100644 charts/screenshots/ADI/ADI_Weekly_20260604_061956.png
 delete mode 100644 charts/screenshots/AKAM/AKAM_1H_20260603_055254.png
 create mode 100644 charts/screenshots/AKAM/AKAM_1H_20260604_055116.png
 delete mode 100644 charts/screenshots/AKAM/AKAM_4H_20260603_055254.png
 create mode 100644 charts/screenshots/AKAM/AKAM_4H_20260604_055116.png
 delete mode 100644 charts/screenshots/AKAM/AKAM_Daily_20260603_055254.png
 create mode 100644 charts/screenshots/AKAM/AKAM_Daily_20260604_055116.png
 delete mode 100644 charts/screenshots/AKAM/AKAM_Monthly_20260603_055254.png
 create mode 100644 charts/screenshots/AKAM/AKAM_Monthly_20260604_055116.png
 delete mode 100644 charts/screenshots/AKAM/AKAM_Weekly_20260603_055254.png
 create mode 100644 charts/screenshots/AKAM/AKAM_Weekly_20260604_055116.png
 delete mode 100644 charts/screenshots/AMAT/AMAT_1H_20260603_060327.png
 create mode 100644 charts/screenshots/AMAT/AMAT_1H_20260604_060932.png
 delete mode 100644 charts/screenshots/AMAT/AMAT_4H_20260603_060327.png
 create mode 100644 charts/screenshots/AMAT/AMAT_4H_20260604_060932.png
 delete mode 100644 charts/screenshots/AMAT/AMAT_Daily_20260603_060327.png
 create mode 100644 charts/screenshots/AMAT/AMAT_Daily_20260604_060932.png
 delete mode 100644 charts/screenshots/AMAT/AMAT_Monthly_20260603_060327.png
 create mode 100644 charts/screenshots/AMAT/AMAT_Monthly_20260604_060932.png
 delete mode 100644 charts/screenshots/AMAT/AMAT_Weekly_20260603_060327.png
 create mode 100644 charts/screenshots/AMAT/AMAT_Weekly_20260604_060932.png
 delete mode 100644 charts/screenshots/AMD/AMD_1H_20260603_060605.png
 create mode 100644 charts/screenshots/AMD/AMD_1H_20260604_061445.png
 delete mode 100644 charts/screenshots/AMD/AMD_4H_20260603_060605.png
 create mode 100644 charts/screenshots/AMD/AMD_4H_20260604_061445.png
 delete mode 100644 charts/screenshots/AMD/AMD_Daily_20260603_060605.png
 create mode 100644 charts/screenshots/AMD/AMD_Daily_20260604_061445.png
 delete mode 100644 charts/screenshots/AMD/AMD_Monthly_20260603_060605.png
 create mode 100644 charts/screenshots/AMD/AMD_Monthly_20260604_061445.png
 delete mode 100644 charts/screenshots/AMD/AMD_Weekly_20260603_060605.png
 create mode 100644 charts/screenshots/AMD/AMD_Weekly_20260604_061445.png
 delete mode 100644 charts/screenshots/AMZN/AMZN_1H_20260603_061953.png
 create mode 100644 charts/screenshots/AMZN/AMZN_1H_20260604_061917.png
 delete mode 100644 charts/screenshots/AMZN/AMZN_4H_20260603_061953.png
 create mode 100644 charts/screenshots/AMZN/AMZN_4H_20260604_061917.png
 delete mode 100644 charts/screenshots/AMZN/AMZN_Daily_20260603_061953.png
 create mode 100644 charts/screenshots/AMZN/AMZN_Daily_20260604_061917.png
 delete mode 100644 charts/screenshots/AMZN/AMZN_Monthly_20260603_061953.png
 create mode 100644 charts/screenshots/AMZN/AMZN_Monthly_20260604_061917.png
 delete mode 100644 charts/screenshots/AMZN/AMZN_Weekly_20260603_061953.png
 create mode 100644 charts/screenshots/AMZN/AMZN_Weekly_20260604_061917.png
 delete mode 100644 charts/screenshots/ANET/ANET_1H_20260603_061200.png
 create mode 100644 charts/screenshots/ANET/ANET_1H_20260604_061011.png
 delete mode 100644 charts/screenshots/ANET/ANET_4H_20260603_061200.png
 create mode 100644 charts/screenshots/ANET/ANET_4H_20260604_061011.png
 delete mode 100644 charts/screenshots/ANET/ANET_Daily_20260603_061200.png
 create mode 100644 charts/screenshots/ANET/ANET_Daily_20260604_061011.png
 delete mode 100644 charts/screenshots/ANET/ANET_Monthly_20260603_061200.png
 create mode 100644 charts/screenshots/ANET/ANET_Monthly_20260604_061011.png
 delete mode 100644 charts/screenshots/ANET/ANET_Weekly_20260603_061200.png
 create mode 100644 charts/screenshots/ANET/ANET_Weekly_20260604_061011.png
 delete mode 100644 charts/screenshots/APH/APH_1H_20260603_060445.png
 create mode 100644 charts/screenshots/APH/APH_1H_20260604_060258.png
 delete mode 100644 charts/screenshots/APH/APH_4H_20260603_060445.png
 create mode 100644 charts/screenshots/APH/APH_4H_20260604_060258.png
 delete mode 100644 charts/screenshots/APH/APH_Daily_20260603_060445.png
 create mode 100644 charts/screenshots/APH/APH_Daily_20260604_060258.png
 delete mode 100644 charts/screenshots/APH/APH_Monthly_20260603_060445.png
 create mode 100644 charts/screenshots/APH/APH_Monthly_20260604_060258.png
 delete mode 100644 charts/screenshots/APH/APH_Weekly_20260603_060445.png
 create mode 100644 charts/screenshots/APH/APH_Weekly_20260604_060258.png
 delete mode 100644 charts/screenshots/APP/APP_1H_20260603_055730.png
 create mode 100644 charts/screenshots/APP/APP_1H_20260604_055157.png
 delete mode 100644 charts/screenshots/APP/APP_4H_20260603_055730.png
 create mode 100644 charts/screenshots/APP/APP_4H_20260604_055157.png
 delete mode 100644 charts/screenshots/APP/APP_Daily_20260603_055730.png
 create mode 100644 charts/screenshots/APP/APP_Daily_20260604_055157.png
 delete mode 100644 charts/screenshots/APP/APP_Monthly_20260603_055730.png
 create mode 100644 charts/screenshots/APP/APP_Monthly_20260604_055157.png
 delete mode 100644 charts/screenshots/APP/APP_Weekly_20260603_055730.png
 create mode 100644 charts/screenshots/APP/APP_Weekly_20260604_055157.png
 delete mode 100644 charts/screenshots/ASML/ASML_1H_20260603_061240.png
 create mode 100644 charts/screenshots/ASML/ASML_1H_20260604_061051.png
 delete mode 100644 charts/screenshots/ASML/ASML_4H_20260603_061240.png
 create mode 100644 charts/screenshots/ASML/ASML_4H_20260604_061051.png
 delete mode 100644 charts/screenshots/ASML/ASML_Daily_20260603_061240.png
 create mode 100644 charts/screenshots/ASML/ASML_Daily_20260604_061051.png
 delete mode 100644 charts/screenshots/ASML/ASML_Monthly_20260603_061240.png
 create mode 100644 charts/screenshots/ASML/ASML_Monthly_20260604_061051.png
 delete mode 100644 charts/screenshots/ASML/ASML_Weekly_20260603_061240.png
 create mode 100644 charts/screenshots/ASML/ASML_Weekly_20260604_061051.png
 delete mode 100644 charts/screenshots/AVGO/AVGO_1H_20260603_055413.png
 create mode 100644 charts/screenshots/AVGO/AVGO_1H_20260604_055628.png
 delete mode 100644 charts/screenshots/AVGO/AVGO_4H_20260603_055413.png
 create mode 100644 charts/screenshots/AVGO/AVGO_4H_20260604_055628.png
 delete mode 100644 charts/screenshots/AVGO/AVGO_Daily_20260603_055413.png
 create mode 100644 charts/screenshots/AVGO/AVGO_Daily_20260604_055628.png
 delete mode 100644 charts/screenshots/AVGO/AVGO_Monthly_20260603_055413.png
 create mode 100644 charts/screenshots/AVGO/AVGO_Monthly_20260604_055628.png
 delete mode 100644 charts/screenshots/AVGO/AVGO_Weekly_20260603_055413.png
 create mode 100644 charts/screenshots/AVGO/AVGO_Weekly_20260604_055628.png
 delete mode 100644 charts/screenshots/AZO/AZO_1H_20260603_063817.png
 create mode 100644 charts/screenshots/AZO/AZO_1H_20260604_063419.png
 delete mode 100644 charts/screenshots/AZO/AZO_4H_20260603_063817.png
 create mode 100644 charts/screenshots/AZO/AZO_4H_20260604_063419.png
 delete mode 100644 charts/screenshots/AZO/AZO_Daily_20260603_063817.png
 create mode 100644 charts/screenshots/AZO/AZO_Daily_20260604_063419.png
 delete mode 100644 charts/screenshots/AZO/AZO_Monthly_20260603_063817.png
 create mode 100644 charts/screenshots/AZO/AZO_Monthly_20260604_063419.png
 delete mode 100644 charts/screenshots/AZO/AZO_Weekly_20260603_063817.png
 create mode 100644 charts/screenshots/AZO/AZO_Weekly_20260604_063419.png
 create mode 100644 charts/screenshots/BA/BA_1H_20260604_063142.png
 create mode 100644 charts/screenshots/BA/BA_4H_20260604_063142.png
 create mode 100644 charts/screenshots/BA/BA_Daily_20260604_063142.png
 create mode 100644 charts/screenshots/BA/BA_Monthly_20260604_063142.png
 create mode 100644 charts/screenshots/BA/BA_Weekly_20260604_063142.png
 delete mode 100644 charts/screenshots/BAC/BAC_1H_20260603_063220.png
 create mode 100644 charts/screenshots/BAC/BAC_1H_20260604_062510.png
 delete mode 100644 charts/screenshots/BAC/BAC_4H_20260603_063220.png
 create mode 100644 charts/screenshots/BAC/BAC_4H_20260604_062510.png
 delete mode 100644 charts/screenshots/BAC/BAC_Daily_20260603_063220.png
 create mode 100644 charts/screenshots/BAC/BAC_Daily_20260604_062510.png
 delete mode 100644 charts/screenshots/BAC/BAC_Monthly_20260603_063220.png
 create mode 100644 charts/screenshots/BAC/BAC_Monthly_20260604_062510.png
 delete mode 100644 charts/screenshots/BAC/BAC_Weekly_20260603_063220.png
 create mode 100644 charts/screenshots/BAC/BAC_Weekly_20260604_062510.png
 create mode 100644 charts/screenshots/BRK-B/BRK-B_1H_20260604_063301.png
 create mode 100644 charts/screenshots/BRK-B/BRK-B_4H_20260604_063301.png
 create mode 100644 charts/screenshots/BRK-B/BRK-B_Daily_20260604_063301.png
 create mode 100644 charts/screenshots/BRK-B/BRK-B_Monthly_20260604_063301.png
 create mode 100644 charts/screenshots/BRK-B/BRK-B_Weekly_20260604_063301.png
 delete mode 100644 charts/screenshots/C/C_1H_20260603_061001.png
 create mode 100644 charts/screenshots/C/C_1H_20260604_055942.png
 delete mode 100644 charts/screenshots/C/C_4H_20260603_061001.png
 create mode 100644 charts/screenshots/C/C_4H_20260604_055942.png
 delete mode 100644 charts/screenshots/C/C_Daily_20260603_061001.png
 create mode 100644 charts/screenshots/C/C_Daily_20260604_055942.png
 delete mode 100644 charts/screenshots/C/C_Monthly_20260603_061001.png
 create mode 100644 charts/screenshots/C/C_Monthly_20260604_055942.png
 delete mode 100644 charts/screenshots/C/C_Weekly_20260603_061001.png
 create mode 100644 charts/screenshots/C/C_Weekly_20260604_055942.png
 delete mode 100644 charts/screenshots/CAT/CAT_1H_20260603_062628.png
 create mode 100644 charts/screenshots/CAT/CAT_1H_20260604_062431.png
 delete mode 100644 charts/screenshots/CAT/CAT_4H_20260603_062628.png
 create mode 100644 charts/screenshots/CAT/CAT_4H_20260604_062431.png
 delete mode 100644 charts/screenshots/CAT/CAT_Daily_20260603_062628.png
 create mode 100644 charts/screenshots/CAT/CAT_Daily_20260604_062431.png
 delete mode 100644 charts/screenshots/CAT/CAT_Monthly_20260603_062628.png
 create mode 100644 charts/screenshots/CAT/CAT_Monthly_20260604_062431.png
 delete mode 100644 charts/screenshots/CAT/CAT_Weekly_20260603_062628.png
 create mode 100644 charts/screenshots/CAT/CAT_Weekly_20260604_062431.png
 delete mode 100644 charts/screenshots/CDNS/CDNS_1H_20260603_061517.png
 create mode 100644 charts/screenshots/CDNS/CDNS_1H_20260604_055707.png
 delete mode 100644 charts/screenshots/CDNS/CDNS_4H_20260603_061517.png
 create mode 100644 charts/screenshots/CDNS/CDNS_4H_20260604_055707.png
 delete mode 100644 charts/screenshots/CDNS/CDNS_Daily_20260603_061517.png
 create mode 100644 charts/screenshots/CDNS/CDNS_Daily_20260604_055707.png
 delete mode 100644 charts/screenshots/CDNS/CDNS_Monthly_20260603_061517.png
 create mode 100644 charts/screenshots/CDNS/CDNS_Monthly_20260604_055707.png
 delete mode 100644 charts/screenshots/CDNS/CDNS_Weekly_20260603_061517.png
 create mode 100644 charts/screenshots/CDNS/CDNS_Weekly_20260604_055707.png
 delete mode 100644 charts/screenshots/CEG/CEG_1H_20260603_063857.png
 delete mode 100644 charts/screenshots/CEG/CEG_4H_20260603_063857.png
 delete mode 100644 charts/screenshots/CEG/CEG_Daily_20260603_063857.png
 delete mode 100644 charts/screenshots/CEG/CEG_Monthly_20260603_063857.png
 delete mode 100644 charts/screenshots/CEG/CEG_Weekly_20260603_063857.png
 delete mode 100644 charts/screenshots/COP/COP_1H_20260603_063657.png
 create mode 100644 charts/screenshots/COP/COP_1H_20260604_062629.png
 delete mode 100644 charts/screenshots/COP/COP_4H_20260603_063657.png
 create mode 100644 charts/screenshots/COP/COP_4H_20260604_062629.png
 delete mode 100644 charts/screenshots/COP/COP_Daily_20260603_063657.png
 create mode 100644 charts/screenshots/COP/COP_Daily_20260604_062629.png
 delete mode 100644 charts/screenshots/COP/COP_Monthly_20260603_063657.png
 create mode 100644 charts/screenshots/COP/COP_Monthly_20260604_062629.png
 delete mode 100644 charts/screenshots/COP/COP_Weekly_20260603_063657.png
 create mode 100644 charts/screenshots/COP/COP_Weekly_20260604_062629.png
 create mode 100644 charts/screenshots/COST/COST_1H_20260604_063737.png
 create mode 100644 charts/screenshots/COST/COST_4H_20260604_063737.png
 create mode 100644 charts/screenshots/COST/COST_Daily_20260604_063737.png
 create mode 100644 charts/screenshots/COST/COST_Monthly_20260604_063737.png
 create mode 100644 charts/screenshots/COST/COST_Weekly_20260604_063737.png
 create mode 100644 charts/screenshots/CRDO/CRDO_1H_20260604_064015.png
 create mode 100644 charts/screenshots/CRDO/CRDO_4H_20260604_064015.png
 create mode 100644 charts/screenshots/CRDO/CRDO_Daily_20260604_064015.png
 create mode 100644 charts/screenshots/CRDO/CRDO_Monthly_20260604_064015.png
 create mode 100644 charts/screenshots/CRDO/CRDO_Weekly_20260604_064015.png
 delete mode 100644 charts/screenshots/CRWD/CRWD_1H_20260603_060525.png
 create mode 100644 charts/screenshots/CRWD/CRWD_1H_20260604_055746.png
 delete mode 100644 charts/screenshots/CRWD/CRWD_4H_20260603_060525.png
 create mode 100644 charts/screenshots/CRWD/CRWD_4H_20260604_055746.png
 delete mode 100644 charts/screenshots/CRWD/CRWD_Daily_20260603_060525.png
 create mode 100644 charts/screenshots/CRWD/CRWD_Daily_20260604_055746.png
 delete mode 100644 charts/screenshots/CRWD/CRWD_Monthly_20260603_060525.png
 create mode 100644 charts/screenshots/CRWD/CRWD_Monthly_20260604_055746.png
 delete mode 100644 charts/screenshots/CRWD/CRWD_Weekly_20260603_060525.png
 create mode 100644 charts/screenshots/CRWD/CRWD_Weekly_20260604_055746.png
 delete mode 100644 charts/screenshots/CSCO/CSCO_1H_20260603_060644.png
 create mode 100644 charts/screenshots/CSCO/CSCO_1H_20260604_060417.png
 delete mode 100644 charts/screenshots/CSCO/CSCO_4H_20260603_060644.png
 create mode 100644 charts/screenshots/CSCO/CSCO_4H_20260604_060417.png
 delete mode 100644 charts/screenshots/CSCO/CSCO_Daily_20260603_060644.png
 create mode 100644 charts/screenshots/CSCO/CSCO_Daily_20260604_060417.png
 delete mode 100644 charts/screenshots/CSCO/CSCO_Monthly_20260603_060644.png
 create mode 100644 charts/screenshots/CSCO/CSCO_Monthly_20260604_060417.png
 delete mode 100644 charts/screenshots/CSCO/CSCO_Weekly_20260603_060644.png
 create mode 100644 charts/screenshots/CSCO/CSCO_Weekly_20260604_060417.png
 delete mode 100644 charts/screenshots/CVS/CVS_1H_20260603_055611.png
 create mode 100644 charts/screenshots/CVS/CVS_1H_20260604_055236.png
 delete mode 100644 charts/screenshots/CVS/CVS_4H_20260603_055611.png
 create mode 100644 charts/screenshots/CVS/CVS_4H_20260604_055236.png
 delete mode 100644 charts/screenshots/CVS/CVS_Daily_20260603_055611.png
 create mode 100644 charts/screenshots/CVS/CVS_Daily_20260604_055236.png
 delete mode 100644 charts/screenshots/CVS/CVS_Monthly_20260603_055611.png
 create mode 100644 charts/screenshots/CVS/CVS_Monthly_20260604_055236.png
 delete mode 100644 charts/screenshots/CVS/CVS_Weekly_20260603_055611.png
 create mode 100644 charts/screenshots/CVS/CVS_Weekly_20260604_055236.png
 delete mode 100644 charts/screenshots/CVX/CVX_1H_20260603_063141.png
 create mode 100644 charts/screenshots/CVX/CVX_1H_20260604_062708.png
 delete mode 100644 charts/screenshots/CVX/CVX_4H_20260603_063141.png
 create mode 100644 charts/screenshots/CVX/CVX_4H_20260604_062708.png
 delete mode 100644 charts/screenshots/CVX/CVX_Daily_20260603_063141.png
 create mode 100644 charts/screenshots/CVX/CVX_Daily_20260604_062708.png
 delete mode 100644 charts/screenshots/CVX/CVX_Monthly_20260603_063141.png
 create mode 100644 charts/screenshots/CVX/CVX_Monthly_20260604_062708.png
 delete mode 100644 charts/screenshots/CVX/CVX_Weekly_20260603_063141.png
 create mode 100644 charts/screenshots/CVX/CVX_Weekly_20260604_062708.png
 delete mode 100644 charts/screenshots/DASH/DASH_1H_20260603_064214.png
 create mode 100644 charts/screenshots/DASH/DASH_1H_20260604_063657.png
 delete mode 100644 charts/screenshots/DASH/DASH_4H_20260603_064214.png
 create mode 100644 charts/screenshots/DASH/DASH_4H_20260604_063657.png
 delete mode 100644 charts/screenshots/DASH/DASH_Daily_20260603_064214.png
 create mode 100644 charts/screenshots/DASH/DASH_Daily_20260604_063657.png
 delete mode 100644 charts/screenshots/DASH/DASH_Monthly_20260603_064214.png
 create mode 100644 charts/screenshots/DASH/DASH_Monthly_20260604_063657.png
 delete mode 100644 charts/screenshots/DASH/DASH_Weekly_20260603_064214.png
 create mode 100644 charts/screenshots/DASH/DASH_Weekly_20260604_063657.png
 delete mode 100644 charts/screenshots/DDOG/DDOG_1H_20260603_062351.png
 create mode 100644 charts/screenshots/DDOG/DDOG_1H_20260604_055314.png
 delete mode 100644 charts/screenshots/DDOG/DDOG_4H_20260603_062351.png
 create mode 100644 charts/screenshots/DDOG/DDOG_4H_20260604_055314.png
 delete mode 100644 charts/screenshots/DDOG/DDOG_Daily_20260603_062351.png
 create mode 100644 charts/screenshots/DDOG/DDOG_Daily_20260604_055314.png
 delete mode 100644 charts/screenshots/DDOG/DDOG_Monthly_20260603_062351.png
 create mode 100644 charts/screenshots/DDOG/DDOG_Monthly_20260604_055314.png
 delete mode 100644 charts/screenshots/DDOG/DDOG_Weekly_20260603_062351.png
 create mode 100644 charts/screenshots/DDOG/DDOG_Weekly_20260604_055314.png
 create mode 100644 charts/screenshots/DE/DE_1H_20260604_061406.png
 create mode 100644 charts/screenshots/DE/DE_4H_20260604_061406.png
 create mode 100644 charts/screenshots/DE/DE_Daily_20260604_061406.png
 create mode 100644 charts/screenshots/DE/DE_Monthly_20260604_061406.png
 create mode 100644 charts/screenshots/DE/DE_Weekly_20260604_061406.png
 delete mode 100644 charts/screenshots/DELL/DELL_1H_20260603_061556.png
 create mode 100644 charts/screenshots/DELL/DELL_1H_20260604_060615.png
 delete mode 100644 charts/screenshots/DELL/DELL_4H_20260603_061556.png
 create mode 100644 charts/screenshots/DELL/DELL_4H_20260604_060615.png
 delete mode 100644 charts/screenshots/DELL/DELL_Daily_20260603_061556.png
 create mode 100644 charts/screenshots/DELL/DELL_Daily_20260604_060615.png
 delete mode 100644 charts/screenshots/DELL/DELL_Monthly_20260603_061556.png
 create mode 100644 charts/screenshots/DELL/DELL_Monthly_20260604_060615.png
 delete mode 100644 charts/screenshots/DELL/DELL_Weekly_20260603_061556.png
 create mode 100644 charts/screenshots/DELL/DELL_Weekly_20260604_060615.png
 delete mode 100644 charts/screenshots/DIS/DIS_1H_20260603_063538.png
 delete mode 100644 charts/screenshots/DIS/DIS_4H_20260603_063538.png
 delete mode 100644 charts/screenshots/DIS/DIS_Daily_20260603_063538.png
 delete mode 100644 charts/screenshots/DIS/DIS_Monthly_20260603_063538.png
 delete mode 100644 charts/screenshots/DIS/DIS_Weekly_20260603_063538.png
 delete mode 100644 charts/screenshots/ETN/ETN_1H_20260603_062112.png
 create mode 100644 charts/screenshots/ETN/ETN_1H_20260604_060021.png
 delete mode 100644 charts/screenshots/ETN/ETN_4H_20260603_062112.png
 create mode 100644 charts/screenshots/ETN/ETN_4H_20260604_060021.png
 delete mode 100644 charts/screenshots/ETN/ETN_Daily_20260603_062112.png
 create mode 100644 charts/screenshots/ETN/ETN_Daily_20260604_060021.png
 delete mode 100644 charts/screenshots/ETN/ETN_Monthly_20260603_062112.png
 create mode 100644 charts/screenshots/ETN/ETN_Monthly_20260604_060021.png
 delete mode 100644 charts/screenshots/ETN/ETN_Weekly_20260603_062112.png
 create mode 100644 charts/screenshots/ETN/ETN_Weekly_20260604_060021.png
 delete mode 100644 charts/screenshots/F/F_1H_20260603_055452.png
 create mode 100644 charts/screenshots/F/F_1H_20260604_054919.png
 delete mode 100644 charts/screenshots/F/F_4H_20260603_055452.png
 create mode 100644 charts/screenshots/F/F_4H_20260604_054919.png
 delete mode 100644 charts/screenshots/F/F_Daily_20260603_055452.png
 create mode 100644 charts/screenshots/F/F_Daily_20260604_054919.png
 delete mode 100644 charts/screenshots/F/F_Monthly_20260603_055452.png
 create mode 100644 charts/screenshots/F/F_Monthly_20260604_054919.png
 delete mode 100644 charts/screenshots/F/F_Weekly_20260603_055452.png
 create mode 100644 charts/screenshots/F/F_Weekly_20260604_054919.png
 delete mode 100644 charts/screenshots/FCX/FCX_1H_20260603_060406.png
 create mode 100644 charts/screenshots/FCX/FCX_1H_20260604_061130.png
 delete mode 100644 charts/screenshots/FCX/FCX_4H_20260603_060406.png
 create mode 100644 charts/screenshots/FCX/FCX_4H_20260604_061130.png
 delete mode 100644 charts/screenshots/FCX/FCX_Daily_20260603_060406.png
 create mode 100644 charts/screenshots/FCX/FCX_Daily_20260604_061130.png
 delete mode 100644 charts/screenshots/FCX/FCX_Monthly_20260603_060406.png
 create mode 100644 charts/screenshots/FCX/FCX_Monthly_20260604_061130.png
 delete mode 100644 charts/screenshots/FCX/FCX_Weekly_20260603_060406.png
 create mode 100644 charts/screenshots/FCX/FCX_Weekly_20260604_061130.png
 delete mode 100644 charts/screenshots/FTNT/FTNT_1H_20260603_060724.png
 create mode 100644 charts/screenshots/FTNT/FTNT_1H_20260604_060654.png
 delete mode 100644 charts/screenshots/FTNT/FTNT_4H_20260603_060724.png
 create mode 100644 charts/screenshots/FTNT/FTNT_4H_20260604_060654.png
 delete mode 100644 charts/screenshots/FTNT/FTNT_Daily_20260603_060724.png
 create mode 100644 charts/screenshots/FTNT/FTNT_Daily_20260604_060654.png
 delete mode 100644 charts/screenshots/FTNT/FTNT_Monthly_20260603_060724.png
 create mode 100644 charts/screenshots/FTNT/FTNT_Monthly_20260604_060654.png
 delete mode 100644 charts/screenshots/FTNT/FTNT_Weekly_20260603_060724.png
 create mode 100644 charts/screenshots/FTNT/FTNT_Weekly_20260604_060654.png
 delete mode 100644 charts/screenshots/GE/GE_1H_20260603_060049.png
 create mode 100644 charts/screenshots/GE/GE_1H_20260604_060338.png
 delete mode 100644 charts/screenshots/GE/GE_4H_20260603_060049.png
 create mode 100644 charts/screenshots/GE/GE_4H_20260604_060338.png
 delete mode 100644 charts/screenshots/GE/GE_Daily_20260603_060049.png
 create mode 100644 charts/screenshots/GE/GE_Daily_20260604_060338.png
 delete mode 100644 charts/screenshots/GE/GE_Monthly_20260603_060049.png
 create mode 100644 charts/screenshots/GE/GE_Monthly_20260604_060338.png
 delete mode 100644 charts/screenshots/GE/GE_Weekly_20260603_060049.png
 create mode 100644 charts/screenshots/GE/GE_Weekly_20260604_060338.png
 delete mode 100644 charts/screenshots/GEV/GEV_1H_20260603_063617.png
 delete mode 100644 charts/screenshots/GEV/GEV_4H_20260603_063617.png
 delete mode 100644 charts/screenshots/GEV/GEV_Daily_20260603_063617.png
 delete mode 100644 charts/screenshots/GEV/GEV_Monthly_20260603_063617.png
 delete mode 100644 charts/screenshots/GEV/GEV_Weekly_20260603_063617.png
 delete mode 100644 charts/screenshots/GLW/GLW_1H_20260603_062905.png
 create mode 100644 charts/screenshots/GLW/GLW_1H_20260604_062549.png
 delete mode 100644 charts/screenshots/GLW/GLW_4H_20260603_062905.png
 create mode 100644 charts/screenshots/GLW/GLW_4H_20260604_062549.png
 delete mode 100644 charts/screenshots/GLW/GLW_Daily_20260603_062905.png
 create mode 100644 charts/screenshots/GLW/GLW_Daily_20260604_062549.png
 delete mode 100644 charts/screenshots/GLW/GLW_Monthly_20260603_062905.png
 create mode 100644 charts/screenshots/GLW/GLW_Monthly_20260604_062549.png
 delete mode 100644 charts/screenshots/GLW/GLW_Weekly_20260603_062905.png
 create mode 100644 charts/screenshots/GLW/GLW_Weekly_20260604_062549.png
 delete mode 100644 charts/screenshots/GOOG/GOOG_1H_20260603_060008.png
 create mode 100644 charts/screenshots/GOOG/GOOG_1H_20260604_055825.png
 delete mode 100644 charts/screenshots/GOOG/GOOG_4H_20260603_060008.png
 create mode 100644 charts/screenshots/GOOG/GOOG_4H_20260604_055825.png
 delete mode 100644 charts/screenshots/GOOG/GOOG_Daily_20260603_060008.png
 create mode 100644 charts/screenshots/GOOG/GOOG_Daily_20260604_055825.png
 delete mode 100644 charts/screenshots/GOOG/GOOG_Monthly_20260603_060008.png
 create mode 100644 charts/screenshots/GOOG/GOOG_Monthly_20260604_055825.png
 delete mode 100644 charts/screenshots/GOOG/GOOG_Weekly_20260603_060008.png
 create mode 100644 charts/screenshots/GOOG/GOOG_Weekly_20260604_055825.png
 delete mode 100644 charts/screenshots/GOOGL/GOOGL_1H_20260603_055135.png
 create mode 100644 charts/screenshots/GOOGL/GOOGL_1H_20260604_055903.png
 delete mode 100644 charts/screenshots/GOOGL/GOOGL_4H_20260603_055135.png
 create mode 100644 charts/screenshots/GOOGL/GOOGL_4H_20260604_055903.png
 delete mode 100644 charts/screenshots/GOOGL/GOOGL_Daily_20260603_055135.png
 create mode 100644 charts/screenshots/GOOGL/GOOGL_Daily_20260604_055903.png
 delete mode 100644 charts/screenshots/GOOGL/GOOGL_Monthly_20260603_055135.png
 create mode 100644 charts/screenshots/GOOGL/GOOGL_Monthly_20260604_055903.png
 delete mode 100644 charts/screenshots/GOOGL/GOOGL_Weekly_20260603_055135.png
 create mode 100644 charts/screenshots/GOOGL/GOOGL_Weekly_20260604_055903.png
 delete mode 100644 charts/screenshots/GS/GS_1H_20260603_062430.png
 create mode 100644 charts/screenshots/GS/GS_1H_20260604_054801.png
 delete mode 100644 charts/screenshots/GS/GS_4H_20260603_062430.png
 create mode 100644 charts/screenshots/GS/GS_4H_20260604_054801.png
 delete mode 100644 charts/screenshots/GS/GS_Daily_20260603_062430.png
 create mode 100644 charts/screenshots/GS/GS_Daily_20260604_054801.png
 delete mode 100644 charts/screenshots/GS/GS_Monthly_20260603_062430.png
 create mode 100644 charts/screenshots/GS/GS_Monthly_20260604_054801.png
 delete mode 100644 charts/screenshots/GS/GS_Weekly_20260603_062430.png
 create mode 100644 charts/screenshots/GS/GS_Weekly_20260604_054801.png
 delete mode 100644 charts/screenshots/HON/HON_1H_20260603_055056.png
 create mode 100644 charts/screenshots/HON/HON_1H_20260604_060100.png
 delete mode 100644 charts/screenshots/HON/HON_4H_20260603_055056.png
 create mode 100644 charts/screenshots/HON/HON_4H_20260604_060100.png
 delete mode 100644 charts/screenshots/HON/HON_Daily_20260603_055056.png
 create mode 100644 charts/screenshots/HON/HON_Daily_20260604_060100.png
 delete mode 100644 charts/screenshots/HON/HON_Monthly_20260603_055056.png
 create mode 100644 charts/screenshots/HON/HON_Monthly_20260604_060100.png
 delete mode 100644 charts/screenshots/HON/HON_Weekly_20260603_055056.png
 create mode 100644 charts/screenshots/HON/HON_Weekly_20260604_060100.png
 delete mode 100644 charts/screenshots/HOOD/HOOD_1H_20260603_063339.png
 delete mode 100644 charts/screenshots/HOOD/HOOD_4H_20260603_063339.png
 delete mode 100644 charts/screenshots/HOOD/HOOD_Daily_20260603_063339.png
 delete mode 100644 charts/screenshots/HOOD/HOOD_Monthly_20260603_063339.png
 delete mode 100644 charts/screenshots/HOOD/HOOD_Weekly_20260603_063339.png
 delete mode 100644 charts/screenshots/HPE/HPE_1H_20260603_061636.png
 create mode 100644 charts/screenshots/HPE/HPE_1H_20260604_061523.png
 delete mode 100644 charts/screenshots/HPE/HPE_4H_20260603_061636.png
 create mode 100644 charts/screenshots/HPE/HPE_4H_20260604_061523.png
 delete mode 100644 charts/screenshots/HPE/HPE_Daily_20260603_061636.png
 create mode 100644 charts/screenshots/HPE/HPE_Daily_20260604_061523.png
 delete mode 100644 charts/screenshots/HPE/HPE_Monthly_20260603_061636.png
 create mode 100644 charts/screenshots/HPE/HPE_Monthly_20260604_061523.png
 delete mode 100644 charts/screenshots/HPE/HPE_Weekly_20260603_061636.png
 create mode 100644 charts/screenshots/HPE/HPE_Weekly_20260604_061523.png
 delete mode 100644 charts/screenshots/IBM/IBM_1H_20260603_061358.png
 create mode 100644 charts/screenshots/IBM/IBM_1H_20260604_054605.png
 delete mode 100644 charts/screenshots/IBM/IBM_4H_20260603_061358.png
 create mode 100644 charts/screenshots/IBM/IBM_4H_20260604_054605.png
 delete mode 100644 charts/screenshots/IBM/IBM_Daily_20260603_061358.png
 create mode 100644 charts/screenshots/IBM/IBM_Daily_20260604_054605.png
 delete mode 100644 charts/screenshots/IBM/IBM_Monthly_20260603_061358.png
 create mode 100644 charts/screenshots/IBM/IBM_Monthly_20260604_054605.png
 delete mode 100644 charts/screenshots/IBM/IBM_Weekly_20260603_061358.png
 create mode 100644 charts/screenshots/IBM/IBM_Weekly_20260604_054605.png
 delete mode 100644 charts/screenshots/INTC/INTC_1H_20260603_055215.png
 create mode 100644 charts/screenshots/INTC/INTC_1H_20260604_054722.png
 delete mode 100644 charts/screenshots/INTC/INTC_4H_20260603_055215.png
 create mode 100644 charts/screenshots/INTC/INTC_4H_20260604_054722.png
 delete mode 100644 charts/screenshots/INTC/INTC_Daily_20260603_055215.png
 create mode 100644 charts/screenshots/INTC/INTC_Daily_20260604_054722.png
 delete mode 100644 charts/screenshots/INTC/INTC_Monthly_20260603_055215.png
 create mode 100644 charts/screenshots/INTC/INTC_Monthly_20260604_054722.png
 delete mode 100644 charts/screenshots/INTC/INTC_Weekly_20260603_055215.png
 create mode 100644 charts/screenshots/INTC/INTC_Weekly_20260604_054722.png
 delete mode 100644 charts/screenshots/INTU/INTU_1H_20260603_063937.png
 create mode 100644 charts/screenshots/INTU/INTU_1H_20260604_063816.png
 delete mode 100644 charts/screenshots/INTU/INTU_4H_20260603_063937.png
 create mode 100644 charts/screenshots/INTU/INTU_4H_20260604_063816.png
 delete mode 100644 charts/screenshots/INTU/INTU_Daily_20260603_063937.png
 create mode 100644 charts/screenshots/INTU/INTU_Daily_20260604_063816.png
 delete mode 100644 charts/screenshots/INTU/INTU_Monthly_20260603_063937.png
 create mode 100644 charts/screenshots/INTU/INTU_Monthly_20260604_063816.png
 delete mode 100644 charts/screenshots/INTU/INTU_Weekly_20260603_063937.png
 create mode 100644 charts/screenshots/INTU/INTU_Weekly_20260604_063816.png
 create mode 100644 charts/screenshots/ISRG/ISRG_1H_20260604_063457.png
 create mode 100644 charts/screenshots/ISRG/ISRG_4H_20260604_063457.png
 create mode 100644 charts/screenshots/ISRG/ISRG_Daily_20260604_063457.png
 create mode 100644 charts/screenshots/ISRG/ISRG_Monthly_20260604_063457.png
 create mode 100644 charts/screenshots/ISRG/ISRG_Weekly_20260604_063457.png
 delete mode 100644 charts/screenshots/IWM/IWM_1H_20260603_062312.png
 create mode 100644 charts/screenshots/IWM/IWM_1H_20260604_062234.png
 delete mode 100644 charts/screenshots/IWM/IWM_4H_20260603_062312.png
 create mode 100644 charts/screenshots/IWM/IWM_4H_20260604_062234.png
 delete mode 100644 charts/screenshots/IWM/IWM_Daily_20260603_062312.png
 create mode 100644 charts/screenshots/IWM/IWM_Daily_20260604_062234.png
 delete mode 100644 charts/screenshots/IWM/IWM_Monthly_20260603_062312.png
 create mode 100644 charts/screenshots/IWM/IWM_Monthly_20260604_062234.png
 delete mode 100644 charts/screenshots/IWM/IWM_Weekly_20260603_062312.png
 create mode 100644 charts/screenshots/IWM/IWM_Weekly_20260604_062234.png
 delete mode 100644 charts/screenshots/KLAC/KLAC_1H_20260603_061041.png
 create mode 100644 charts/screenshots/KLAC/KLAC_1H_20260604_061209.png
 delete mode 100644 charts/screenshots/KLAC/KLAC_4H_20260603_061041.png
 create mode 100644 charts/screenshots/KLAC/KLAC_4H_20260604_061209.png
 delete mode 100644 charts/screenshots/KLAC/KLAC_Daily_20260603_061041.png
 create mode 100644 charts/screenshots/KLAC/KLAC_Daily_20260604_061209.png
 delete mode 100644 charts/screenshots/KLAC/KLAC_Monthly_20260603_061041.png
 create mode 100644 charts/screenshots/KLAC/KLAC_Monthly_20260604_061209.png
 delete mode 100644 charts/screenshots/KLAC/KLAC_Weekly_20260603_061041.png
 create mode 100644 charts/screenshots/KLAC/KLAC_Weekly_20260604_061209.png
 delete mode 100644 charts/screenshots/KO/KO_1H_20260603_063102.png
 create mode 100644 charts/screenshots/KO/KO_1H_20260604_061838.png
 delete mode 100644 charts/screenshots/KO/KO_4H_20260603_063102.png
 create mode 100644 charts/screenshots/KO/KO_4H_20260604_061838.png
 delete mode 100644 charts/screenshots/KO/KO_Daily_20260603_063102.png
 create mode 100644 charts/screenshots/KO/KO_Daily_20260604_061838.png
 delete mode 100644 charts/screenshots/KO/KO_Monthly_20260603_063102.png
 create mode 100644 charts/screenshots/KO/KO_Monthly_20260604_061838.png
 delete mode 100644 charts/screenshots/KO/KO_Weekly_20260603_063102.png
 create mode 100644 charts/screenshots/KO/KO_Weekly_20260604_061838.png
 delete mode 100644 charts/screenshots/LIN/LIN_1H_20260603_062707.png
 create mode 100644 charts/screenshots/LIN/LIN_1H_20260604_062905.png
 delete mode 100644 charts/screenshots/LIN/LIN_4H_20260603_062707.png
 create mode 100644 charts/screenshots/LIN/LIN_4H_20260604_062905.png
 delete mode 100644 charts/screenshots/LIN/LIN_Daily_20260603_062707.png
 create mode 100644 charts/screenshots/LIN/LIN_Daily_20260604_062905.png
 delete mode 100644 charts/screenshots/LIN/LIN_Monthly_20260603_062707.png
 create mode 100644 charts/screenshots/LIN/LIN_Monthly_20260604_062905.png
 delete mode 100644 charts/screenshots/LIN/LIN_Weekly_20260603_062707.png
 create mode 100644 charts/screenshots/LIN/LIN_Weekly_20260604_062905.png
 delete mode 100644 charts/screenshots/LLY/LLY_1H_20260603_055810.png
 create mode 100644 charts/screenshots/LLY/LLY_1H_20260604_055353.png
 delete mode 100644 charts/screenshots/LLY/LLY_4H_20260603_055810.png
 create mode 100644 charts/screenshots/LLY/LLY_4H_20260604_055353.png
 delete mode 100644 charts/screenshots/LLY/LLY_Daily_20260603_055810.png
 create mode 100644 charts/screenshots/LLY/LLY_Daily_20260604_055353.png
 delete mode 100644 charts/screenshots/LLY/LLY_Monthly_20260603_055810.png
 create mode 100644 charts/screenshots/LLY/LLY_Monthly_20260604_055353.png
 delete mode 100644 charts/screenshots/LLY/LLY_Weekly_20260603_055810.png
 create mode 100644 charts/screenshots/LLY/LLY_Weekly_20260604_055353.png
 delete mode 100644 charts/screenshots/LRCX/LRCX_1H_20260603_061318.png
 create mode 100644 charts/screenshots/LRCX/LRCX_1H_20260604_061249.png
 delete mode 100644 charts/screenshots/LRCX/LRCX_4H_20260603_061318.png
 create mode 100644 charts/screenshots/LRCX/LRCX_4H_20260604_061249.png
 delete mode 100644 charts/screenshots/LRCX/LRCX_Daily_20260603_061318.png
 create mode 100644 charts/screenshots/LRCX/LRCX_Daily_20260604_061249.png
 delete mode 100644 charts/screenshots/LRCX/LRCX_Monthly_20260603_061318.png
 create mode 100644 charts/screenshots/LRCX/LRCX_Monthly_20260604_061249.png
 delete mode 100644 charts/screenshots/LRCX/LRCX_Weekly_20260603_061318.png
 create mode 100644 charts/screenshots/LRCX/LRCX_Weekly_20260604_061249.png
 delete mode 100644 charts/screenshots/MCD/MCD_1H_20260603_064056.png
 create mode 100644 charts/screenshots/MCD/MCD_1H_20260604_063856.png
 delete mode 100644 charts/screenshots/MCD/MCD_4H_20260603_064056.png
 create mode 100644 charts/screenshots/MCD/MCD_4H_20260604_063856.png
 delete mode 100644 charts/screenshots/MCD/MCD_Daily_20260603_064056.png
 create mode 100644 charts/screenshots/MCD/MCD_Daily_20260604_063856.png
 delete mode 100644 charts/screenshots/MCD/MCD_Monthly_20260603_064056.png
 create mode 100644 charts/screenshots/MCD/MCD_Monthly_20260604_063856.png
 delete mode 100644 charts/screenshots/MCD/MCD_Weekly_20260603_064056.png
 create mode 100644 charts/screenshots/MCD/MCD_Weekly_20260604_063856.png
 delete mode 100644 charts/screenshots/MCHP/MCHP_1H_20260603_060841.png
 create mode 100644 charts/screenshots/MCHP/MCHP_1H_20260604_060814.png
 delete mode 100644 charts/screenshots/MCHP/MCHP_4H_20260603_060841.png
 create mode 100644 charts/screenshots/MCHP/MCHP_4H_20260604_060814.png
 delete mode 100644 charts/screenshots/MCHP/MCHP_Daily_20260603_060841.png
 create mode 100644 charts/screenshots/MCHP/MCHP_Daily_20260604_060814.png
 delete mode 100644 charts/screenshots/MCHP/MCHP_Monthly_20260603_060841.png
 create mode 100644 charts/screenshots/MCHP/MCHP_Monthly_20260604_060814.png
 delete mode 100644 charts/screenshots/MCHP/MCHP_Weekly_20260603_060841.png
 create mode 100644 charts/screenshots/MCHP/MCHP_Weekly_20260604_060814.png
 create mode 100644 charts/screenshots/MCK/MCK_1H_20260604_063537.png
 create mode 100644 charts/screenshots/MCK/MCK_4H_20260604_063537.png
 create mode 100644 charts/screenshots/MCK/MCK_Daily_20260604_063537.png
 create mode 100644 charts/screenshots/MCK/MCK_Monthly_20260604_063537.png
 create mode 100644 charts/screenshots/MCK/MCK_Weekly_20260604_063537.png
 delete mode 100644 charts/screenshots/MPWR/MPWR_1H_20260603_062152.png
 create mode 100644 charts/screenshots/MPWR/MPWR_1H_20260604_062115.png
 delete mode 100644 charts/screenshots/MPWR/MPWR_4H_20260603_062152.png
 create mode 100644 charts/screenshots/MPWR/MPWR_4H_20260604_062115.png
 delete mode 100644 charts/screenshots/MPWR/MPWR_Daily_20260603_062152.png
 create mode 100644 charts/screenshots/MPWR/MPWR_Daily_20260604_062115.png
 delete mode 100644 charts/screenshots/MPWR/MPWR_Monthly_20260603_062152.png
 create mode 100644 charts/screenshots/MPWR/MPWR_Monthly_20260604_062115.png
 delete mode 100644 charts/screenshots/MPWR/MPWR_Weekly_20260603_062152.png
 create mode 100644 charts/screenshots/MPWR/MPWR_Weekly_20260604_062115.png
 delete mode 100644 charts/screenshots/MRK/MRK_1H_20260603_063259.png
 delete mode 100644 charts/screenshots/MRK/MRK_4H_20260603_063259.png
 delete mode 100644 charts/screenshots/MRK/MRK_Daily_20260603_063259.png
 delete mode 100644 charts/screenshots/MRK/MRK_Monthly_20260603_063259.png
 delete mode 100644 charts/screenshots/MRK/MRK_Weekly_20260603_063259.png
 delete mode 100644 charts/screenshots/MRVL/MRVL_1H_20260603_061715.png
 create mode 100644 charts/screenshots/MRVL/MRVL_1H_20260604_061602.png
 delete mode 100644 charts/screenshots/MRVL/MRVL_4H_20260603_061715.png
 create mode 100644 charts/screenshots/MRVL/MRVL_4H_20260604_061602.png
 delete mode 100644 charts/screenshots/MRVL/MRVL_Daily_20260603_061715.png
 create mode 100644 charts/screenshots/MRVL/MRVL_Daily_20260604_061602.png
 delete mode 100644 charts/screenshots/MRVL/MRVL_Monthly_20260603_061715.png
 create mode 100644 charts/screenshots/MRVL/MRVL_Monthly_20260604_061602.png
 delete mode 100644 charts/screenshots/MRVL/MRVL_Weekly_20260603_061715.png
 create mode 100644 charts/screenshots/MRVL/MRVL_Weekly_20260604_061602.png
 delete mode 100644 charts/screenshots/MS/MS_1H_20260603_060803.png
 create mode 100644 charts/screenshots/MS/MS_1H_20260604_055433.png
 delete mode 100644 charts/screenshots/MS/MS_4H_20260603_060803.png
 create mode 100644 charts/screenshots/MS/MS_4H_20260604_055433.png
 delete mode 100644 charts/screenshots/MS/MS_Daily_20260603_060803.png
 create mode 100644 charts/screenshots/MS/MS_Daily_20260604_055433.png
 delete mode 100644 charts/screenshots/MS/MS_Monthly_20260603_060803.png
 create mode 100644 charts/screenshots/MS/MS_Monthly_20260604_055433.png
 delete mode 100644 charts/screenshots/MS/MS_Weekly_20260603_060803.png
 create mode 100644 charts/screenshots/MS/MS_Weekly_20260604_055433.png
 delete mode 100644 charts/screenshots/MSFT/MSFT_1H_20260603_062826.png
 create mode 100644 charts/screenshots/MSFT/MSFT_1H_20260604_062944.png
 delete mode 100644 charts/screenshots/MSFT/MSFT_4H_20260603_062826.png
 create mode 100644 charts/screenshots/MSFT/MSFT_4H_20260604_062944.png
 delete mode 100644 charts/screenshots/MSFT/MSFT_Daily_20260603_062826.png
 create mode 100644 charts/screenshots/MSFT/MSFT_Daily_20260604_062944.png
 delete mode 100644 charts/screenshots/MSFT/MSFT_Monthly_20260603_062826.png
 create mode 100644 charts/screenshots/MSFT/MSFT_Monthly_20260604_062944.png
 delete mode 100644 charts/screenshots/MSFT/MSFT_Weekly_20260603_062826.png
 create mode 100644 charts/screenshots/MSFT/MSFT_Weekly_20260604_062944.png
 delete mode 100644 charts/screenshots/MU/MU_1H_20260603_061755.png
 create mode 100644 charts/screenshots/MU/MU_1H_20260604_061641.png
 delete mode 100644 charts/screenshots/MU/MU_4H_20260603_061755.png
 create mode 100644 charts/screenshots/MU/MU_4H_20260604_061641.png
 delete mode 100644 charts/screenshots/MU/MU_Daily_20260603_061755.png
 create mode 100644 charts/screenshots/MU/MU_Daily_20260604_061641.png
 delete mode 100644 charts/screenshots/MU/MU_Monthly_20260603_061755.png
 create mode 100644 charts/screenshots/MU/MU_Monthly_20260604_061641.png
 delete mode 100644 charts/screenshots/MU/MU_Weekly_20260603_061755.png
 create mode 100644 charts/screenshots/MU/MU_Weekly_20260604_061641.png
 delete mode 100644 charts/screenshots/NBM.V/NBM.V_1H_20260603_064254.png
 create mode 100644 charts/screenshots/NBM.V/NBM.V_1H_20260604_064055.png
 delete mode 100644 charts/screenshots/NBM.V/NBM.V_4H_20260603_064254.png
 create mode 100644 charts/screenshots/NBM.V/NBM.V_4H_20260604_064055.png
 delete mode 100644 charts/screenshots/NBM.V/NBM.V_Daily_20260603_064254.png
 create mode 100644 charts/screenshots/NBM.V/NBM.V_Daily_20260604_064055.png
 delete mode 100644 charts/screenshots/NBM.V/NBM.V_Monthly_20260603_064254.png
 create mode 100644 charts/screenshots/NBM.V/NBM.V_Monthly_20260604_064055.png
 delete mode 100644 charts/screenshots/NBM.V/NBM.V_Weekly_20260603_064254.png
 create mode 100644 charts/screenshots/NBM.V/NBM.V_Weekly_20260604_064055.png
 delete mode 100644 charts/screenshots/NEE/NEE_1H_20260603_064016.png
 create mode 100644 charts/screenshots/NEE/NEE_1H_20260604_063617.png
 delete mode 100644 charts/screenshots/NEE/NEE_4H_20260603_064016.png
 create mode 100644 charts/screenshots/NEE/NEE_4H_20260604_063617.png
 delete mode 100644 charts/screenshots/NEE/NEE_Daily_20260603_064016.png
 create mode 100644 charts/screenshots/NEE/NEE_Daily_20260604_063617.png
 delete mode 100644 charts/screenshots/NEE/NEE_Monthly_20260603_064016.png
 create mode 100644 charts/screenshots/NEE/NEE_Monthly_20260604_063617.png
 delete mode 100644 charts/screenshots/NEE/NEE_Weekly_20260603_064016.png
 create mode 100644 charts/screenshots/NEE/NEE_Weekly_20260604_063617.png
 delete mode 100644 charts/screenshots/NEM/NEM_1H_20260603_063458.png
 delete mode 100644 charts/screenshots/NEM/NEM_4H_20260603_063458.png
 delete mode 100644 charts/screenshots/NEM/NEM_Daily_20260603_063458.png
 delete mode 100644 charts/screenshots/NEM/NEM_Monthly_20260603_063458.png
 delete mode 100644 charts/screenshots/NEM/NEM_Weekly_20260603_063458.png
 delete mode 100644 charts/screenshots/NVDA/NVDA_1H_20260603_062746.png
 create mode 100644 charts/screenshots/NVDA/NVDA_1H_20260604_062313.png
 delete mode 100644 charts/screenshots/NVDA/NVDA_4H_20260603_062746.png
 create mode 100644 charts/screenshots/NVDA/NVDA_4H_20260604_062313.png
 delete mode 100644 charts/screenshots/NVDA/NVDA_Daily_20260603_062746.png
 create mode 100644 charts/screenshots/NVDA/NVDA_Daily_20260604_062313.png
 delete mode 100644 charts/screenshots/NVDA/NVDA_Monthly_20260603_062746.png
 create mode 100644 charts/screenshots/NVDA/NVDA_Monthly_20260604_062313.png
 delete mode 100644 charts/screenshots/NVDA/NVDA_Weekly_20260603_062746.png
 create mode 100644 charts/screenshots/NVDA/NVDA_Weekly_20260604_062313.png
 delete mode 100644 charts/screenshots/NXPI/NXPI_1H_20260603_055532.png
 create mode 100644 charts/screenshots/NXPI/NXPI_1H_20260604_054958.png
 delete mode 100644 charts/screenshots/NXPI/NXPI_4H_20260603_055532.png
 create mode 100644 charts/screenshots/NXPI/NXPI_4H_20260604_054958.png
 delete mode 100644 charts/screenshots/NXPI/NXPI_Daily_20260603_055532.png
 create mode 100644 charts/screenshots/NXPI/NXPI_Daily_20260604_054958.png
 delete mode 100644 charts/screenshots/NXPI/NXPI_Monthly_20260603_055532.png
 create mode 100644 charts/screenshots/NXPI/NXPI_Monthly_20260604_054958.png
 delete mode 100644 charts/screenshots/NXPI/NXPI_Weekly_20260603_055532.png
 create mode 100644 charts/screenshots/NXPI/NXPI_Weekly_20260604_054958.png
 delete mode 100644 charts/screenshots/ON/ON_1H_20260603_055849.png
 create mode 100644 charts/screenshots/ON/ON_1H_20260604_060139.png
 delete mode 100644 charts/screenshots/ON/ON_4H_20260603_055849.png
 create mode 100644 charts/screenshots/ON/ON_4H_20260604_060139.png
 delete mode 100644 charts/screenshots/ON/ON_Daily_20260603_055849.png
 create mode 100644 charts/screenshots/ON/ON_Daily_20260604_060139.png
 delete mode 100644 charts/screenshots/ON/ON_Monthly_20260603_055849.png
 create mode 100644 charts/screenshots/ON/ON_Monthly_20260604_060139.png
 delete mode 100644 charts/screenshots/ON/ON_Weekly_20260603_055849.png
 create mode 100644 charts/screenshots/ON/ON_Weekly_20260604_060139.png
 delete mode 100644 charts/screenshots/ORCL/ORCL_1H_20260603_062232.png
 create mode 100644 charts/screenshots/ORCL/ORCL_1H_20260604_060456.png
 delete mode 100644 charts/screenshots/ORCL/ORCL_4H_20260603_062232.png
 create mode 100644 charts/screenshots/ORCL/ORCL_4H_20260604_060456.png
 delete mode 100644 charts/screenshots/ORCL/ORCL_Daily_20260603_062232.png
 create mode 100644 charts/screenshots/ORCL/ORCL_Daily_20260604_060456.png
 delete mode 100644 charts/screenshots/ORCL/ORCL_Monthly_20260603_062232.png
 create mode 100644 charts/screenshots/ORCL/ORCL_Monthly_20260604_060456.png
 delete mode 100644 charts/screenshots/ORCL/ORCL_Weekly_20260603_062232.png
 create mode 100644 charts/screenshots/ORCL/ORCL_Weekly_20260604_060456.png
 delete mode 100644 charts/screenshots/PANW/PANW_1H_20260603_060128.png
 create mode 100644 charts/screenshots/PANW/PANW_1H_20260604_054525.png
 delete mode 100644 charts/screenshots/PANW/PANW_4H_20260603_060128.png
 create mode 100644 charts/screenshots/PANW/PANW_4H_20260604_054525.png
 delete mode 100644 charts/screenshots/PANW/PANW_Daily_20260603_060128.png
 create mode 100644 charts/screenshots/PANW/PANW_Daily_20260604_054525.png
 delete mode 100644 charts/screenshots/PANW/PANW_Monthly_20260603_060128.png
 create mode 100644 charts/screenshots/PANW/PANW_Monthly_20260604_054525.png
 delete mode 100644 charts/screenshots/PANW/PANW_Weekly_20260603_060128.png
 create mode 100644 charts/screenshots/PANW/PANW_Weekly_20260604_054525.png
 delete mode 100644 charts/screenshots/PDD/PDD_1H_20260603_064135.png
 create mode 100644 charts/screenshots/PDD/PDD_1H_20260604_063935.png
 delete mode 100644 charts/screenshots/PDD/PDD_4H_20260603_064135.png
 create mode 100644 charts/screenshots/PDD/PDD_4H_20260604_063935.png
 delete mode 100644 charts/screenshots/PDD/PDD_Daily_20260603_064135.png
 create mode 100644 charts/screenshots/PDD/PDD_Daily_20260604_063935.png
 delete mode 100644 charts/screenshots/PDD/PDD_Monthly_20260603_064135.png
 create mode 100644 charts/screenshots/PDD/PDD_Monthly_20260604_063935.png
 delete mode 100644 charts/screenshots/PDD/PDD_Weekly_20260603_064135.png
 create mode 100644 charts/screenshots/PDD/PDD_Weekly_20260604_063935.png
 create mode 100644 charts/screenshots/PFE/PFE_1H_20260604_063103.png
 create mode 100644 charts/screenshots/PFE/PFE_4H_20260604_063103.png
 create mode 100644 charts/screenshots/PFE/PFE_Daily_20260604_063103.png
 create mode 100644 charts/screenshots/PFE/PFE_Monthly_20260604_063103.png
 create mode 100644 charts/screenshots/PFE/PFE_Weekly_20260604_063103.png
 delete mode 100644 charts/screenshots/PM/PM_1H_20260603_060921.png
 create mode 100644 charts/screenshots/PM/PM_1H_20260604_060734.png
 delete mode 100644 charts/screenshots/PM/PM_4H_20260603_060921.png
 create mode 100644 charts/screenshots/PM/PM_4H_20260604_060734.png
 delete mode 100644 charts/screenshots/PM/PM_Daily_20260603_060921.png
 create mode 100644 charts/screenshots/PM/PM_Daily_20260604_060734.png
 delete mode 100644 charts/screenshots/PM/PM_Monthly_20260603_060921.png
 create mode 100644 charts/screenshots/PM/PM_Monthly_20260604_060734.png
 delete mode 100644 charts/screenshots/PM/PM_Weekly_20260603_060921.png
 create mode 100644 charts/screenshots/PM/PM_Weekly_20260604_060734.png
 delete mode 100644 charts/screenshots/PWR/PWR_1H_20260603_062510.png
 create mode 100644 charts/screenshots/PWR/PWR_1H_20260604_062352.png
 delete mode 100644 charts/screenshots/PWR/PWR_4H_20260603_062510.png
 create mode 100644 charts/screenshots/PWR/PWR_4H_20260604_062352.png
 delete mode 100644 charts/screenshots/PWR/PWR_Daily_20260603_062510.png
 create mode 100644 charts/screenshots/PWR/PWR_Daily_20260604_062352.png
 delete mode 100644 charts/screenshots/PWR/PWR_Monthly_20260603_062510.png
 create mode 100644 charts/screenshots/PWR/PWR_Monthly_20260604_062352.png
 delete mode 100644 charts/screenshots/PWR/PWR_Weekly_20260603_062510.png
 create mode 100644 charts/screenshots/PWR/PWR_Weekly_20260604_062352.png
 delete mode 100644 charts/screenshots/QCOM/QCOM_1H_20260603_055929.png
 create mode 100644 charts/screenshots/QCOM/QCOM_1H_20260604_055511.png
 delete mode 100644 charts/screenshots/QCOM/QCOM_4H_20260603_055929.png
 create mode 100644 charts/screenshots/QCOM/QCOM_4H_20260604_055511.png
 delete mode 100644 charts/screenshots/QCOM/QCOM_Daily_20260603_055929.png
 create mode 100644 charts/screenshots/QCOM/QCOM_Daily_20260604_055511.png
 delete mode 100644 charts/screenshots/QCOM/QCOM_Monthly_20260603_055929.png
 create mode 100644 charts/screenshots/QCOM/QCOM_Monthly_20260604_055511.png
 delete mode 100644 charts/screenshots/QCOM/QCOM_Weekly_20260603_055929.png
 create mode 100644 charts/screenshots/QCOM/QCOM_Weekly_20260604_055511.png
 delete mode 100644 charts/screenshots/QQQ/QQQ_1H_20260603_061437.png
 create mode 100644 charts/screenshots/QQQ/QQQ_1H_20260604_060218.png
 delete mode 100644 charts/screenshots/QQQ/QQQ_4H_20260603_061437.png
 create mode 100644 charts/screenshots/QQQ/QQQ_4H_20260604_060218.png
 delete mode 100644 charts/screenshots/QQQ/QQQ_Daily_20260603_061437.png
 create mode 100644 charts/screenshots/QQQ/QQQ_Daily_20260604_060218.png
 delete mode 100644 charts/screenshots/QQQ/QQQ_Monthly_20260603_061437.png
 create mode 100644 charts/screenshots/QQQ/QQQ_Monthly_20260604_060218.png
 delete mode 100644 charts/screenshots/QQQ/QQQ_Weekly_20260603_061437.png
 create mode 100644 charts/screenshots/QQQ/QQQ_Weekly_20260604_060218.png
 create mode 100644 charts/screenshots/ROST/ROST_1H_20260604_062155.png
 create mode 100644 charts/screenshots/ROST/ROST_4H_20260604_062155.png
 create mode 100644 charts/screenshots/ROST/ROST_Daily_20260604_062155.png
 create mode 100644 charts/screenshots/ROST/ROST_Monthly_20260604_062155.png
 create mode 100644 charts/screenshots/ROST/ROST_Weekly_20260604_062155.png
 delete mode 100644 charts/screenshots/SMCI/SMCI_1H_20260603_062943.png
 create mode 100644 charts/screenshots/SMCI/SMCI_1H_20260604_060536.png
 delete mode 100644 charts/screenshots/SMCI/SMCI_4H_20260603_062943.png
 create mode 100644 charts/screenshots/SMCI/SMCI_4H_20260604_060536.png
 delete mode 100644 charts/screenshots/SMCI/SMCI_Daily_20260603_062943.png
 create mode 100644 charts/screenshots/SMCI/SMCI_Daily_20260604_060536.png
 delete mode 100644 charts/screenshots/SMCI/SMCI_Monthly_20260603_062943.png
 create mode 100644 charts/screenshots/SMCI/SMCI_Monthly_20260604_060536.png
 delete mode 100644 charts/screenshots/SMCI/SMCI_Weekly_20260603_062943.png
 create mode 100644 charts/screenshots/SMCI/SMCI_Weekly_20260604_060536.png
 delete mode 100644 charts/screenshots/SNPS/SNPS_1H_20260603_062550.png
 create mode 100644 charts/screenshots/SNPS/SNPS_1H_20260604_062747.png
 delete mode 100644 charts/screenshots/SNPS/SNPS_4H_20260603_062550.png
 create mode 100644 charts/screenshots/SNPS/SNPS_4H_20260604_062747.png
 delete mode 100644 charts/screenshots/SNPS/SNPS_Daily_20260603_062550.png
 create mode 100644 charts/screenshots/SNPS/SNPS_Daily_20260604_062747.png
 delete mode 100644 charts/screenshots/SNPS/SNPS_Monthly_20260603_062550.png
 create mode 100644 charts/screenshots/SNPS/SNPS_Monthly_20260604_062747.png
 delete mode 100644 charts/screenshots/SNPS/SNPS_Weekly_20260603_062550.png
 create mode 100644 charts/screenshots/SNPS/SNPS_Weekly_20260604_062747.png
 delete mode 100644 charts/screenshots/SPY/SPY_1H_20260603_060247.png
 create mode 100644 charts/screenshots/SPY/SPY_1H_20260604_054644.png
 delete mode 100644 charts/screenshots/SPY/SPY_4H_20260603_060247.png
 create mode 100644 charts/screenshots/SPY/SPY_4H_20260604_054644.png
 delete mode 100644 charts/screenshots/SPY/SPY_Daily_20260603_060247.png
 create mode 100644 charts/screenshots/SPY/SPY_Daily_20260604_054644.png
 delete mode 100644 charts/screenshots/SPY/SPY_Monthly_20260603_060247.png
 create mode 100644 charts/screenshots/SPY/SPY_Monthly_20260604_054644.png
 delete mode 100644 charts/screenshots/SPY/SPY_Weekly_20260603_060247.png
 create mode 100644 charts/screenshots/SPY/SPY_Weekly_20260604_054644.png
 delete mode 100644 charts/screenshots/STX/STX_1H_20260603_061834.png
 create mode 100644 charts/screenshots/STX/STX_1H_20260604_061720.png
 delete mode 100644 charts/screenshots/STX/STX_4H_20260603_061834.png
 create mode 100644 charts/screenshots/STX/STX_4H_20260604_061720.png
 delete mode 100644 charts/screenshots/STX/STX_Daily_20260603_061834.png
 create mode 100644 charts/screenshots/STX/STX_Daily_20260604_061720.png
 delete mode 100644 charts/screenshots/STX/STX_Monthly_20260603_061834.png
 create mode 100644 charts/screenshots/STX/STX_Monthly_20260604_061720.png
 delete mode 100644 charts/screenshots/STX/STX_Weekly_20260603_061834.png
 create mode 100644 charts/screenshots/STX/STX_Weekly_20260604_061720.png
 delete mode 100644 charts/screenshots/TER/TER_1H_20260603_060207.png
 create mode 100644 charts/screenshots/TER/TER_1H_20260604_061328.png
 delete mode 100644 charts/screenshots/TER/TER_4H_20260603_060207.png
 create mode 100644 charts/screenshots/TER/TER_4H_20260604_061328.png
 delete mode 100644 charts/screenshots/TER/TER_Daily_20260603_060207.png
 create mode 100644 charts/screenshots/TER/TER_Daily_20260604_061328.png
 delete mode 100644 charts/screenshots/TER/TER_Monthly_20260603_060207.png
 create mode 100644 charts/screenshots/TER/TER_Monthly_20260604_061328.png
 delete mode 100644 charts/screenshots/TER/TER_Weekly_20260603_060207.png
 create mode 100644 charts/screenshots/TER/TER_Weekly_20260604_061328.png
 delete mode 100644 charts/screenshots/TSLA/TSLA_1H_20260603_061121.png
 create mode 100644 charts/screenshots/TSLA/TSLA_1H_20260604_060853.png
 delete mode 100644 charts/screenshots/TSLA/TSLA_4H_20260603_061121.png
 create mode 100644 charts/screenshots/TSLA/TSLA_4H_20260604_060853.png
 delete mode 100644 charts/screenshots/TSLA/TSLA_Daily_20260603_061121.png
 create mode 100644 charts/screenshots/TSLA/TSLA_Daily_20260604_060853.png
 delete mode 100644 charts/screenshots/TSLA/TSLA_Monthly_20260603_061121.png
 create mode 100644 charts/screenshots/TSLA/TSLA_Monthly_20260604_060853.png
 delete mode 100644 charts/screenshots/TSLA/TSLA_Weekly_20260603_061121.png
 create mode 100644 charts/screenshots/TSLA/TSLA_Weekly_20260604_060853.png
 delete mode 100644 charts/screenshots/TXN/TXN_1H_20260603_055016.png
 create mode 100644 charts/screenshots/TXN/TXN_1H_20260604_055549.png
 delete mode 100644 charts/screenshots/TXN/TXN_4H_20260603_055016.png
 create mode 100644 charts/screenshots/TXN/TXN_4H_20260604_055549.png
 delete mode 100644 charts/screenshots/TXN/TXN_Daily_20260603_055016.png
 create mode 100644 charts/screenshots/TXN/TXN_Daily_20260604_055549.png
 delete mode 100644 charts/screenshots/TXN/TXN_Monthly_20260603_055016.png
 create mode 100644 charts/screenshots/TXN/TXN_Monthly_20260604_055549.png
 delete mode 100644 charts/screenshots/TXN/TXN_Weekly_20260603_055016.png
 create mode 100644 charts/screenshots/TXN/TXN_Weekly_20260604_055549.png
 delete mode 100644 charts/screenshots/UNH/UNH_1H_20260603_055333.png
 create mode 100644 charts/screenshots/UNH/UNH_1H_20260604_054840.png
 delete mode 100644 charts/screenshots/UNH/UNH_4H_20260603_055333.png
 create mode 100644 charts/screenshots/UNH/UNH_4H_20260604_054840.png
 delete mode 100644 charts/screenshots/UNH/UNH_Daily_20260603_055333.png
 create mode 100644 charts/screenshots/UNH/UNH_Daily_20260604_054840.png
 delete mode 100644 charts/screenshots/UNH/UNH_Monthly_20260603_055333.png
 create mode 100644 charts/screenshots/UNH/UNH_Monthly_20260604_054840.png
 delete mode 100644 charts/screenshots/UNH/UNH_Weekly_20260603_055333.png
 create mode 100644 charts/screenshots/UNH/UNH_Weekly_20260604_054840.png
 delete mode 100644 charts/screenshots/UNP/UNP_1H_20260603_063418.png
 create mode 100644 charts/screenshots/UNP/UNP_1H_20260604_063023.png
 delete mode 100644 charts/screenshots/UNP/UNP_4H_20260603_063418.png
 create mode 100644 charts/screenshots/UNP/UNP_4H_20260604_063023.png
 delete mode 100644 charts/screenshots/UNP/UNP_Daily_20260603_063418.png
 create mode 100644 charts/screenshots/UNP/UNP_Daily_20260604_063023.png
 delete mode 100644 charts/screenshots/UNP/UNP_Monthly_20260603_063418.png
 create mode 100644 charts/screenshots/UNP/UNP_Monthly_20260604_063023.png
 delete mode 100644 charts/screenshots/UNP/UNP_Weekly_20260603_063418.png
 create mode 100644 charts/screenshots/UNP/UNP_Weekly_20260604_063023.png
 delete mode 100644 charts/screenshots/V/V_1H_20260603_063022.png
 delete mode 100644 charts/screenshots/V/V_4H_20260603_063022.png
 delete mode 100644 charts/screenshots/V/V_Daily_20260603_063022.png
 delete mode 100644 charts/screenshots/V/V_Monthly_20260603_063022.png
 delete mode 100644 charts/screenshots/V/V_Weekly_20260603_063022.png
 create mode 100644 charts/screenshots/VZ/VZ_1H_20260604_062035.png
 create mode 100644 charts/screenshots/VZ/VZ_4H_20260604_062035.png
 create mode 100644 charts/screenshots/VZ/VZ_Daily_20260604_062035.png
 create mode 100644 charts/screenshots/VZ/VZ_Monthly_20260604_062035.png
 create mode 100644 charts/screenshots/VZ/VZ_Weekly_20260604_062035.png
 delete mode 100644 charts/screenshots/WDC/WDC_1H_20260603_061914.png
 create mode 100644 charts/screenshots/WDC/WDC_1H_20260604_061759.png
 delete mode 100644 charts/screenshots/WDC/WDC_4H_20260603_061914.png
 create mode 100644 charts/screenshots/WDC/WDC_4H_20260604_061759.png
 delete mode 100644 charts/screenshots/WDC/WDC_Daily_20260603_061914.png
 create mode 100644 charts/screenshots/WDC/WDC_Daily_20260604_061759.png
 delete mode 100644 charts/screenshots/WDC/WDC_Monthly_20260603_061914.png
 create mode 100644 charts/screenshots/WDC/WDC_Monthly_20260604_061759.png
 delete mode 100644 charts/screenshots/WDC/WDC_Weekly_20260603_061914.png
 create mode 100644 charts/screenshots/WDC/WDC_Weekly_20260604_061759.png
 create mode 100644 charts/screenshots/WMT/WMT_1H_20260604_063222.png
 create mode 100644 charts/screenshots/WMT/WMT_4H_20260604_063222.png
 create mode 100644 charts/screenshots/WMT/WMT_Daily_20260604_063222.png
 create mode 100644 charts/screenshots/WMT/WMT_Monthly_20260604_063222.png
 create mode 100644 charts/screenshots/WMT/WMT_Weekly_20260604_063222.png
 create mode 100644 charts/screenshots/XOM/XOM_1H_20260604_062826.png
 create mode 100644 charts/screenshots/XOM/XOM_4H_20260604_062826.png
 create mode 100644 charts/screenshots/XOM/XOM_Daily_20260604_062826.png
 create mode 100644 charts/screenshots/XOM/XOM_Monthly_20260604_062826.png
 create mode 100644 charts/screenshots/XOM/XOM_Weekly_20260604_062826.png
 delete mode 100644 charts/screenshots/ZTS/ZTS_1H_20260603_063738.png
 create mode 100644 charts/screenshots/ZTS/ZTS_1H_20260604_063340.png
 delete mode 100644 charts/screenshots/ZTS/ZTS_4H_20260603_063738.png
 create mode 100644 charts/screenshots/ZTS/ZTS_4H_20260604_063340.png
 delete mode 100644 charts/screenshots/ZTS/ZTS_Daily_20260603_063738.png
 create mode 100644 charts/screenshots/ZTS/ZTS_Daily_20260604_063340.png
 delete mode 100644 charts/screenshots/ZTS/ZTS_Monthly_20260603_063738.png
 create mode 100644 charts/screenshots/ZTS/ZTS_Monthly_20260604_063340.png
 delete mode 100644 charts/screenshots/ZTS/ZTS_Weekly_20260603_063738.png
 create mode 100644 charts/screenshots/ZTS/ZTS_Weekly_20260604_063340.png
[[SP500 차트분석]] GitHub 푸시 완료
[[SP500 차트분석]] Google Sheets 업데이트 완료
[Paper Trading] SP500 ranked_df 스냅샷 저장 완료 (130개 종목)

[요약] 파이프라인 완료 – 총 4415.8초 (73.60분) 소요
