============================================================
[Unified Paper Trading] SP500 + NASDAQ/NYSE 통합 실행 시작
============================================================
2026-09-24 08:06:44,027 [INFO] paper_trading.runner — [Runner] SP500 snapshot 로드: 128개 종목
[Unified PT] SP500 snapshot 로드: 128개 종목
2026-09-24 08:06:44,037 [INFO] paper_trading.runner — [Runner] NASDAQ snapshot 로드: 214개 종목
[Unified PT] NASDAQ snapshot 로드: 214개 종목
[Unified PT] 합산 완료: 330개 종목 (SP500 128 + NASDAQ 214개, 중복 제거 후)
[Unified PT] 골든크로스임박 종목: 49개
2026-09-24 08:06:44,689 [INFO] paper_trading.candidate_selector — [전략점수 분포] ~4.0: 107 | 4.0~5.0: 31 | 5.0~5.5: 14 | 5.5~6.0: 36 | 6.0+: 142
2026-09-24 08:06:44,709 [INFO] paper_trading.candidate_selector — [CandidateSelector] Regime=bull | Filtered=12/330 | Selected: GENI (CCS=0.5310)
2026-09-24 08:06:44,721 [INFO] paper_trading.engine — [PaperTrading] 교체 기준 미달 — 매수 안 함
[Unified PT] 매도=0 매수=0 보유=3종목
[Unified PT] 레짐=bull | 필터={'전략점수<6.0': 188, '바닥반등_52주과열': 4, '판단등급_미달': 107, '과열_차단': 13, '유동성_부족': 0, '어닝_임박': 0, '보유_중복': 2, '모멘텀_ADX부족': 2, '바닥_RSI데드존': 2, '섹터_집중': 0, '_통과': 12, '_전체': 330}
[Unified PT] 스킵 사유: 교체_미달
[Unified PT] Top5 후보:
  GENI   CCS=0.5310 전략=📉 바닥반등 섹터=Unknown
  DASH   CCS=0.4804 전략=📈 모멘텀 섹터=Consumer Cyclical
  UPST   CCS=0.4454 전략=📉 바닥반등 섹터=Unknown
  DIS    CCS=0.4429 전략=📉 바닥반등 섹터=Communication Services
  RBLX   CCS=0.4202 전략=📈 모멘텀 섹터=Unknown
2026-09-24 08:06:45,961 [INFO] paper_trading.sheet_sync — [SheetSync] 포지션현황 업데이트: 3개 종목
2026-09-24 08:06:47,251 [INFO] paper_trading.sheet_sync — [SheetSync] 성과요약 업데이트: 49건 거래
[Unified PT] 구글 시트 동기화 완료
[시장분석] 51개 종목 데이터 수집 중...
2026-09-24 08:06:53,518 [WARNING] data.fetch — [fetch_analyst_data] GENI: 'dict' object has no attribute 'empty'
2026-09-24 08:06:53,524 [WARNING] data.fetch — [fetch_analyst_data] UPST: 'dict' object has no attribute 'empty'
2026-09-24 08:06:53,548 [WARNING] data.fetch — [fetch_analyst_data] DASH: 'dict' object has no attribute 'empty'
2026-09-24 08:06:53,561 [WARNING] data.fetch — [fetch_analyst_data] RBLX: 'dict' object has no attribute 'empty'
2026-09-24 08:06:53,642 [WARNING] data.fetch — [fetch_analyst_data] DIS: 'dict' object has no attribute 'empty'
2026-09-24 08:06:59,740 [WARNING] data.fetch — [fetch_analyst_data] ADBE: 'dict' object has no attribute 'empty'
2026-09-24 08:06:59,786 [WARNING] data.fetch — [fetch_analyst_data] PG: 'dict' object has no attribute 'empty'
2026-09-24 08:06:59,795 [WARNING] data.fetch — [fetch_analyst_data] FIG: 'dict' object has no attribute 'empty'
2026-09-24 08:06:59,821 [WARNING] data.fetch — [fetch_analyst_data] INSP: 'dict' object has no attribute 'empty'
2026-09-24 08:06:59,850 [WARNING] data.fetch — [fetch_analyst_data] WIX: 'dict' object has no attribute 'empty'
2026-09-24 08:07:05,995 [WARNING] data.fetch — [fetch_analyst_data] T: 'dict' object has no attribute 'empty'
2026-09-24 08:07:06,028 [WARNING] data.fetch — [fetch_analyst_data] MMYT: 'dict' object has no attribute 'empty'
2026-09-24 08:07:06,036 [WARNING] data.fetch — [fetch_analyst_data] MELI: 'dict' object has no attribute 'empty'
2026-09-24 08:07:06,054 [WARNING] data.fetch — [fetch_analyst_data] MNDY: 'dict' object has no attribute 'empty'
2026-09-24 08:07:06,099 [WARNING] data.fetch — [fetch_analyst_data] ABT: 'dict' object has no attribute 'empty'
2026-09-24 08:07:12,247 [WARNING] data.fetch — [fetch_analyst_data] VKTX: 'dict' object has no attribute 'empty'
2026-09-24 08:07:12,274 [WARNING] data.fetch — [fetch_analyst_data] STX: 'dict' object has no attribute 'empty'
2026-09-24 08:07:12,294 [WARNING] data.fetch — [fetch_analyst_data] AEMD: 'dict' object has no attribute 'empty'
2026-09-24 08:07:12,308 [WARNING] data.fetch — [fetch_analyst_data] ETN: 'dict' object has no attribute 'empty'
2026-09-24 08:07:12,327 [WARNING] data.fetch — [fetch_analyst_data] TSLA: 'dict' object has no attribute 'empty'
2026-09-24 08:07:18,483 [WARNING] data.fetch — [fetch_analyst_data] ISRG: 'dict' object has no attribute 'empty'
2026-09-24 08:07:18,499 [WARNING] data.fetch — [fetch_analyst_data] BTDR: 'dict' object has no attribute 'empty'
2026-09-24 08:07:18,525 [WARNING] data.fetch — [fetch_analyst_data] QUBT: 'dict' object has no attribute 'empty'
2026-09-24 08:07:18,562 [WARNING] data.fetch — [fetch_analyst_data] HIVE: 'dict' object has no attribute 'empty'
2026-09-24 08:07:18,563 [WARNING] data.fetch — [fetch_analyst_data] ADI: 'dict' object has no attribute 'empty'
2026-09-24 08:07:24,749 [WARNING] data.fetch — [fetch_analyst_data] CRML: 'dict' object has no attribute 'empty'
2026-09-24 08:07:24,780 [WARNING] data.fetch — [fetch_analyst_data] WMT: 'dict' object has no attribute 'empty'
2026-09-24 08:07:24,781 [WARNING] data.fetch — [fetch_analyst_data] BTBT: 'dict' object has no attribute 'empty'
2026-09-24 08:07:24,822 [WARNING] data.fetch — [fetch_analyst_data] GLW: 'dict' object has no attribute 'empty'
2026-09-24 08:07:24,870 [WARNING] data.fetch — [fetch_analyst_data] TXN: 'dict' object has no attribute 'empty'
2026-09-24 08:07:31,014 [WARNING] data.fetch — [fetch_analyst_data] INTC: 'dict' object has no attribute 'empty'
2026-09-24 08:07:31,033 [WARNING] data.fetch — [fetch_analyst_data] CAT: 'dict' object has no attribute 'empty'
2026-09-24 08:07:31,044 [WARNING] data.fetch — [fetch_analyst_data] RGTI: 'dict' object has no attribute 'empty'
2026-09-24 08:07:31,069 [WARNING] data.fetch — [fetch_analyst_data] SRAD: 'dict' object has no attribute 'empty'
2026-09-24 08:07:31,105 [WARNING] data.fetch — [fetch_analyst_data] MPWR: 'dict' object has no attribute 'empty'
2026-09-24 08:07:37,248 [WARNING] data.fetch — [fetch_analyst_data] VEEE: 'dict' object has no attribute 'empty'
2026-09-24 08:07:37,266 [WARNING] data.fetch — [fetch_analyst_data] NXPI: 'dict' object has no attribute 'empty'
2026-09-24 08:07:37,289 [WARNING] data.fetch — [fetch_analyst_data] MEDS: 'dict' object has no attribute 'empty'
2026-09-24 08:07:37,354 [WARNING] data.fetch — [fetch_analyst_data] KLAC: 'dict' object has no attribute 'empty'
2026-09-24 08:07:37,379 [WARNING] data.fetch — [fetch_analyst_data] BKNG: 'dict' object has no attribute 'empty'
2026-09-24 08:07:43,511 [WARNING] data.fetch — [fetch_analyst_data] MDT: 'dict' object has no attribute 'empty'
2026-09-24 08:07:43,517 [WARNING] data.fetch — [fetch_analyst_data] META: 'dict' object has no attribute 'empty'
2026-09-24 08:07:43,560 [WARNING] data.fetch — [fetch_analyst_data] WFC: 'dict' object has no attribute 'empty'
2026-09-24 08:07:43,634 [WARNING] data.fetch — [fetch_analyst_data] COIN: 'dict' object has no attribute 'empty'
2026-09-24 08:07:43,642 [WARNING] data.fetch — [fetch_analyst_data] SPGI: 'dict' object has no attribute 'empty'
2026-09-24 08:07:49,712 [WARNING] data.fetch — [fetch_analyst_data] UBER: 'dict' object has no attribute 'empty'
2026-09-24 08:07:49,739 [WARNING] data.fetch — [fetch_analyst_data] BMNR: 'dict' object has no attribute 'empty'
2026-09-24 08:07:49,794 [WARNING] data.fetch — [fetch_analyst_data] CEG: 'dict' object has no attribute 'empty'
2026-09-24 08:07:49,836 [WARNING] data.fetch — [fetch_analyst_data] MSTR: 'dict' object has no attribute 'empty'
2026-09-24 08:07:49,882 [WARNING] data.fetch — [fetch_analyst_data] DOCS: 'dict' object has no attribute 'empty'
2026-09-24 08:07:55,940 [WARNING] data.fetch — [fetch_analyst_data] HUBS: 'dict' object has no attribute 'empty'
[시장분석] enrichment 완료
[Email] 페이퍼 트레이딩 알림 발송 완료 (매도 0건, 매수 0건, 재평가 0건, 재평가실패 0건, 후보 5건) → chunghwan14@gmail.com, roykim0311@gmail.com, ssamjungtan@naver.com
============================================================
[Unified Paper Trading] 완료
============================================================
