============================================================
[Unified Paper Trading] SP500 + NASDAQ/NYSE 통합 실행 시작
============================================================
2026-07-30 06:33:57,709 [INFO] paper_trading.runner — [Runner] SP500 snapshot 로드: 129개 종목
[Unified PT] SP500 snapshot 로드: 129개 종목
2026-07-30 06:33:57,715 [INFO] paper_trading.runner — [Runner] NASDAQ snapshot 로드: 213개 종목
[Unified PT] NASDAQ snapshot 로드: 213개 종목
[Unified PT] 합산 완료: 336개 종목 (SP500 129 + NASDAQ 213개, 중복 제거 후)
[Unified PT] 골든크로스임박 종목: 57개
2026-07-30 06:33:58,681 [INFO] paper_trading.engine — [PaperTrading] SELL UUUU @ 10.74 (손절(-10.6%))
2026-07-30 06:33:58,684 [INFO] paper_trading.candidate_selector — [전략점수 분포] ~4.0: 115 | 4.0~5.0: 39 | 5.0~5.5: 18 | 5.5~6.0: 27 | 6.0+: 137
2026-07-30 06:33:58,694 [INFO] paper_trading.candidate_selector — [CandidateSelector] Regime=neutral | Filtered=6/336 | Selected: WDC (CCS=0.5326)
2026-07-30 06:33:58,698 [INFO] paper_trading.engine — [PaperTrading] BUY WDC @ 462.04 (CCS=0.5326, RSI=39, upside P50=+5% P75=+8%)
[Unified PT] 매도=1 매수=1 보유=3종목
[Unified PT] 레짐=neutral | 필터={'전략점수<6.0': 199, '바닥반등_52주과열': 1, '판단등급_미달': 124, '과열_차단': 3, '유동성_부족': 0, '어닝_임박': 0, '보유_중복': 1, '모멘텀_ADX부족': 1, '바닥_RSI데드존': 1, '섹터_집중': 0, '_통과': 6, '_전체': 336}
[Unified PT] Top5 후보:
  WDC    CCS=0.5326 전략=📉 바닥반등 섹터=Technology
  CAR    CCS=0.5080 전략=📉 바닥반등 섹터=Industrials
  SG     CCS=0.4989 전략=📉 바닥반등 섹터=Consumer Cyclical
  LAES   CCS=0.4602 전략=📉 바닥반등 섹터=Technology
  IBM    CCS=0.4059 전략=📉 바닥반등 섹터=Technology
2026-07-30 06:34:00,016 [INFO] paper_trading.sheet_sync — [SheetSync] 거래로그 append: SELL UUUU
2026-07-30 06:34:00,984 [INFO] paper_trading.sheet_sync — [SheetSync] 거래로그 append: BUY WDC
2026-07-30 06:34:01,916 [INFO] paper_trading.sheet_sync — [SheetSync] 포지션현황 업데이트: 3개 종목
2026-07-30 06:34:02,782 [INFO] paper_trading.sheet_sync — [SheetSync] 성과요약 업데이트: 33건 거래
[Unified PT] 구글 시트 동기화 완료
2026-07-30 06:34:03,085 [INFO] matplotlib.font_manager — Failed to extract font properties from /usr/share/fonts/truetype/noto/NotoColorEmoji.ttf: Non-scalable fonts are not supported
2026-07-30 06:34:03,099 [INFO] matplotlib.font_manager — generated new fontManager
2026-07-30 06:34:03,739 [WARNING] fpdf.output — Font MPDFAA+NanumGothic is missing the following glyphs: '📉' (\U0001f4c9), '📈' (\U0001f4c8)
2026-07-30 06:34:03,750 [INFO] fontTools.subset — maxp pruned
2026-07-30 06:34:03,750 [INFO] fontTools.subset — cmap pruned
2026-07-30 06:34:03,751 [INFO] fontTools.subset — post pruned
2026-07-30 06:34:03,751 [INFO] fontTools.subset — DSIG dropped
2026-07-30 06:34:03,751 [INFO] fontTools.subset — GPOS dropped
2026-07-30 06:34:03,751 [INFO] fontTools.subset — GSUB dropped
2026-07-30 06:34:03,751 [INFO] fontTools.subset — glyf pruned
2026-07-30 06:34:03,752 [INFO] fontTools.subset — Added gid0 to subset
2026-07-30 06:34:03,752 [INFO] fontTools.subset — Added first four glyphs to subset
2026-07-30 06:34:03,752 [INFO] fontTools.subset — Closing glyph list over 'glyf': 99 glyphs before
2026-07-30 06:34:03,753 [INFO] fontTools.subset — Glyph names: ['.notdef', 'A', 'B', 'C', 'D', 'E', 'F', 'G', 'H', 'I', 'L', 'M', 'N', 'O', 'P', 'Q', 'R', 'S', 'T', 'U', 'V', 'W', 'Y', 'a', 'arrowright', 'b', 'bar', 'c', 'colon', 'comma', 'copyright', 'd', 'dollar', 'e', 'eight', 'emdash', 'exclam', 'f', 'five', 'four', 'g', 'h', 'hyphen', 'i', 'k', 'l', 'm', 'n', 'nine', 'numbersign', 'o', 'one', 'p', 'parenleft', 'parenright', 'percent', 'period', 'periodcentered', 'plus', 'q', 'quotedbl', 'r', 's', 'seven', 'six', 'slash', 'space', 't', 'three', 'triagup', 'two', 'u', 'uniAC04', 'uniAD50', 'uniAE30', 'uniB2E5', 'uniB4F1', 'uniB808', 'uniB9C1', 'uniBA58', 'uniBAA8', 'uniBC14', 'uniBC18', 'uniBCF4', 'uniC190', 'uniC2DC', 'uniC720', 'uniC775', 'uniC77C', 'uniC7A5', 'uniC808', 'uniCCB4', 'uniD140', 'uniD2B8', 'v', 'w', 'x', 'y', 'zero']
2026-07-30 06:34:03,753 [INFO] fontTools.subset — Glyph IDs:   [0, 1, 2, 3, 4, 5, 8, 9, 11, 12, 13, 14, 15, 16, 17, 18, 19, 20, 21, 22, 23, 24, 25, 26, 33, 34, 35, 36, 37, 38, 39, 40, 41, 44, 45, 46, 47, 48, 49, 50, 51, 52, 53, 54, 55, 57, 64, 65, 66, 67, 68, 69, 70, 71, 72, 74, 75, 76, 77, 78, 79, 80, 81, 82, 83, 84, 85, 86, 87, 88, 91, 96, 99, 104, 159, 162, 497, 607, 654, 928, 1042, 1177, 1267, 1310, 1326, 1397, 1401, 1458, 1675, 1751, 2013, 2043, 2045, 2067, 2091, 2308, 2518, 2576, 13296]
2026-07-30 06:34:03,753 [INFO] fontTools.subset — Closed glyph list over 'glyf': 99 glyphs after
2026-07-30 06:34:03,753 [INFO] fontTools.subset — Glyph names: ['.notdef', 'A', 'B', 'C', 'D', 'E', 'F', 'G', 'H', 'I', 'L', 'M', 'N', 'O', 'P', 'Q', 'R', 'S', 'T', 'U', 'V', 'W', 'Y', 'a', 'arrowright', 'b', 'bar', 'c', 'colon', 'comma', 'copyright', 'd', 'dollar', 'e', 'eight', 'emdash', 'exclam', 'f', 'five', 'four', 'g', 'h', 'hyphen', 'i', 'k', 'l', 'm', 'n', 'nine', 'numbersign', 'o', 'one', 'p', 'parenleft', 'parenright', 'percent', 'period', 'periodcentered', 'plus', 'q', 'quotedbl', 'r', 's', 'seven', 'six', 'slash', 'space', 't', 'three', 'triagup', 'two', 'u', 'uniAC04', 'uniAD50', 'uniAE30', 'uniB2E5', 'uniB4F1', 'uniB808', 'uniB9C1', 'uniBA58', 'uniBAA8', 'uniBC14', 'uniBC18', 'uniBCF4', 'uniC190', 'uniC2DC', 'uniC720', 'uniC775', 'uniC77C', 'uniC7A5', 'uniC808', 'uniCCB4', 'uniD140', 'uniD2B8', 'v', 'w', 'x', 'y', 'zero']
2026-07-30 06:34:03,753 [INFO] fontTools.subset — Glyph IDs:   [0, 1, 2, 3, 4, 5, 8, 9, 11, 12, 13, 14, 15, 16, 17, 18, 19, 20, 21, 22, 23, 24, 25, 26, 33, 34, 35, 36, 37, 38, 39, 40, 41, 44, 45, 46, 47, 48, 49, 50, 51, 52, 53, 54, 55, 57, 64, 65, 66, 67, 68, 69, 70, 71, 72, 74, 75, 76, 77, 78, 79, 80, 81, 82, 83, 84, 85, 86, 87, 88, 91, 96, 99, 104, 159, 162, 497, 607, 654, 928, 1042, 1177, 1267, 1310, 1326, 1397, 1401, 1458, 1675, 1751, 2013, 2043, 2045, 2067, 2091, 2308, 2518, 2576, 13296]
2026-07-30 06:34:03,754 [INFO] fontTools.subset — Retaining 99 glyphs
2026-07-30 06:34:03,754 [INFO] fontTools.subset — head subsetting not needed
2026-07-30 06:34:03,754 [INFO] fontTools.subset — hhea subsetting not needed
2026-07-30 06:34:03,754 [INFO] fontTools.subset — maxp subsetting not needed
2026-07-30 06:34:03,754 [INFO] fontTools.subset — OS/2 subsetting not needed
2026-07-30 06:34:03,754 [INFO] fontTools.subset — hmtx subsetted
2026-07-30 06:34:03,755 [INFO] fontTools.subset — cmap subsetted
2026-07-30 06:34:03,755 [INFO] fontTools.subset — fpgm subsetting not needed
2026-07-30 06:34:03,755 [INFO] fontTools.subset — prep subsetting not needed
2026-07-30 06:34:03,755 [INFO] fontTools.subset — cvt  subsetting not needed
2026-07-30 06:34:03,755 [INFO] fontTools.subset — loca subsetting not needed
2026-07-30 06:34:03,756 [INFO] fontTools.subset — post subsetted
2026-07-30 06:34:03,756 [INFO] fontTools.subset — gasp subsetting not needed
2026-07-30 06:34:03,756 [INFO] fontTools.subset — name subsetting not needed
2026-07-30 06:34:03,757 [INFO] fontTools.subset — glyf subsetted
2026-07-30 06:34:03,757 [INFO] fontTools.subset — head pruned
2026-07-30 06:34:03,758 [INFO] fontTools.subset — OS/2 Unicode ranges pruned: [0, 1, 31, 37, 45, 56]
2026-07-30 06:34:03,758 [INFO] fontTools.subset — OS/2 CodePage ranges pruned: [0]
2026-07-30 06:34:03,758 [INFO] fontTools.subset — glyf pruned
2026-07-30 06:34:03,759 [INFO] fontTools.subset — name pruned
2026-07-30 06:34:03,771 [WARNING] fpdf.output — Font MPDFAA+NanumGothicBold is missing the following glyphs: '📉' (\U0001f4c9), '📈' (\U0001f4c8)
2026-07-30 06:34:03,771 [INFO] fontTools.subset — maxp pruned
2026-07-30 06:34:03,771 [INFO] fontTools.subset — cmap pruned
2026-07-30 06:34:03,771 [INFO] fontTools.subset — post pruned
2026-07-30 06:34:03,771 [INFO] fontTools.subset — DSIG dropped
2026-07-30 06:34:03,771 [INFO] fontTools.subset — GPOS dropped
2026-07-30 06:34:03,771 [INFO] fontTools.subset — GSUB dropped
2026-07-30 06:34:03,771 [INFO] fontTools.subset — glyf pruned
2026-07-30 06:34:03,772 [INFO] fontTools.subset — Added gid0 to subset
2026-07-30 06:34:03,772 [INFO] fontTools.subset — Added first four glyphs to subset
2026-07-30 06:34:03,772 [INFO] fontTools.subset — Closing glyph list over 'glyf': 101 glyphs before
2026-07-30 06:34:03,772 [INFO] fontTools.subset — Glyph names: ['.notdef', 'A', 'B', 'C', 'D', 'E', 'F', 'G', 'H', 'I', 'J', 'K', 'L', 'M', 'N', 'O', 'P', 'Q', 'R', 'S', 'T', 'U', 'V', 'W', 'X', 'Y', 'Z', 'a', 'ampersand', 'b', 'c', 'colon', 'd', 'dollar', 'e', 'eight', 'emdash', 'equal', 'exclam', 'f', 'five', 'four', 'g', 'h', 'hyphen', 'i', 'j', 'k', 'l', 'm', 'n', 'nine', 'numbersign', 'o', 'one', 'p', 'parenleft', 'parenright', 'percent', 'period', 'periodcentered', 'plus', 'q', 'quotedbl', 'quotesingle', 'r', 's', 'seven', 'six', 'slash', 'space', 't', 'three', 'two', 'u', 'uni2605', 'uniB20C', 'uniB2E5', 'uniB370', 'uniB4DC', 'uniB4F1', 'uniB85C', 'uniB9BC', 'uniBA58', 'uniBAA8', 'uniBAA9', 'uniBC14', 'uniBC15', 'uniBC18', 'uniBC30', 'uniC2A4', 'uniC5F4', 'uniC784', 'uniC815', 'uniD06C', 'uniD140', 'v', 'w', 'x', 'y', 'zero']
2026-07-30 06:34:03,772 [INFO] fontTools.subset — Glyph IDs:   [0, 1, 2, 3, 4, 5, 6, 7, 8, 9, 11, 13, 14, 15, 16, 17, 18, 19, 20, 21, 22, 23, 24, 25, 26, 29, 33, 34, 35, 36, 37, 38, 39, 40, 41, 42, 43, 44, 45, 46, 47, 48, 49, 50, 51, 52, 53, 54, 55, 56, 57, 58, 64, 65, 66, 67, 68, 69, 70, 71, 72, 73, 74, 75, 76, 77, 78, 79, 80, 81, 82, 83, 84, 85, 86, 87, 88, 99, 104, 150, 881, 926, 967, 1031, 1040, 1196, 1262, 1308, 1324, 1325, 1395, 1396, 1399, 1410, 1740, 1915, 2047, 2094, 2475, 2516, 13533]
2026-07-30 06:34:03,772 [INFO] fontTools.subset — Closed glyph list over 'glyf': 101 glyphs after
2026-07-30 06:34:03,772 [INFO] fontTools.subset — Glyph names: ['.notdef', 'A', 'B', 'C', 'D', 'E', 'F', 'G', 'H', 'I', 'J', 'K', 'L', 'M', 'N', 'O', 'P', 'Q', 'R', 'S', 'T', 'U', 'V', 'W', 'X', 'Y', 'Z', 'a', 'ampersand', 'b', 'c', 'colon', 'd', 'dollar', 'e', 'eight', 'emdash', 'equal', 'exclam', 'f', 'five', 'four', 'g', 'h', 'hyphen', 'i', 'j', 'k', 'l', 'm', 'n', 'nine', 'numbersign', 'o', 'one', 'p', 'parenleft', 'parenright', 'percent', 'period', 'periodcentered', 'plus', 'q', 'quotedbl', 'quotesingle', 'r', 's', 'seven', 'six', 'slash', 'space', 't', 'three', 'two', 'u', 'uni2605', 'uniB20C', 'uniB2E5', 'uniB370', 'uniB4DC', 'uniB4F1', 'uniB85C', 'uniB9BC', 'uniBA58', 'uniBAA8', 'uniBAA9', 'uniBC14', 'uniBC15', 'uniBC18', 'uniBC30', 'uniC2A4', 'uniC5F4', 'uniC784', 'uniC815', 'uniD06C', 'uniD140', 'v', 'w', 'x', 'y', 'zero']
2026-07-30 06:34:03,772 [INFO] fontTools.subset — Glyph IDs:   [0, 1, 2, 3, 4, 5, 6, 7, 8, 9, 11, 13, 14, 15, 16, 17, 18, 19, 20, 21, 22, 23, 24, 25, 26, 29, 33, 34, 35, 36, 37, 38, 39, 40, 41, 42, 43, 44, 45, 46, 47, 48, 49, 50, 51, 52, 53, 54, 55, 56, 57, 58, 64, 65, 66, 67, 68, 69, 70, 71, 72, 73, 74, 75, 76, 77, 78, 79, 80, 81, 82, 83, 84, 85, 86, 87, 88, 99, 104, 150, 881, 926, 967, 1031, 1040, 1196, 1262, 1308, 1324, 1325, 1395, 1396, 1399, 1410, 1740, 1915, 2047, 2094, 2475, 2516, 13533]
2026-07-30 06:34:03,773 [INFO] fontTools.subset — Retaining 101 glyphs
2026-07-30 06:34:03,773 [INFO] fontTools.subset — head subsetting not needed
2026-07-30 06:34:03,773 [INFO] fontTools.subset — hhea subsetting not needed
2026-07-30 06:34:03,773 [INFO] fontTools.subset — maxp subsetting not needed
2026-07-30 06:34:03,773 [INFO] fontTools.subset — OS/2 subsetting not needed
2026-07-30 06:34:03,773 [INFO] fontTools.subset — hmtx subsetted
2026-07-30 06:34:03,774 [INFO] fontTools.subset — cmap subsetted
2026-07-30 06:34:03,774 [INFO] fontTools.subset — fpgm subsetting not needed
2026-07-30 06:34:03,774 [INFO] fontTools.subset — prep subsetting not needed
2026-07-30 06:34:03,774 [INFO] fontTools.subset — cvt  subsetting not needed
2026-07-30 06:34:03,774 [INFO] fontTools.subset — loca subsetting not needed
2026-07-30 06:34:03,775 [INFO] fontTools.subset — post subsetted
2026-07-30 06:34:03,775 [INFO] fontTools.subset — gasp subsetting not needed
2026-07-30 06:34:03,775 [INFO] fontTools.subset — name subsetting not needed
2026-07-30 06:34:03,776 [INFO] fontTools.subset — glyf subsetted
2026-07-30 06:34:03,776 [INFO] fontTools.subset — head pruned
2026-07-30 06:34:03,777 [INFO] fontTools.subset — OS/2 Unicode ranges pruned: [0, 1, 31, 46, 56]
2026-07-30 06:34:03,777 [INFO] fontTools.subset — OS/2 CodePage ranges pruned: [0]
2026-07-30 06:34:03,777 [INFO] fontTools.subset — glyf pruned
2026-07-30 06:34:03,778 [INFO] fontTools.subset — name pruned
[Unified PT] PDF 리포트 생성 완료 (150,127 bytes)
[시장분석] 64개 종목 데이터 수집 중...
2026-07-30 06:34:10,350 [WARNING] data.fetch — [fetch_analyst_data] LAES: 'dict' object has no attribute 'empty'
2026-07-30 06:34:10,433 [WARNING] data.fetch — [fetch_analyst_data] WDC: 'dict' object has no attribute 'empty'
2026-07-30 06:34:10,452 [WARNING] data.fetch — [fetch_analyst_data] SG: 'dict' object has no attribute 'empty'
2026-07-30 06:34:10,530 [WARNING] data.fetch — [fetch_analyst_data] CAR: 'dict' object has no attribute 'empty'
2026-07-30 06:34:10,560 [WARNING] data.fetch — [fetch_analyst_data] IBM: 'dict' object has no attribute 'empty'
2026-07-30 06:34:16,717 [WARNING] data.fetch — [fetch_analyst_data] UUUU: 'dict' object has no attribute 'empty'
2026-07-30 06:34:17,014 [WARNING] data.fetch — [fetch_analyst_data] SHW: 'dict' object has no attribute 'empty'
2026-07-30 06:34:17,050 [WARNING] data.fetch — [fetch_analyst_data] MA: 'dict' object has no attribute 'empty'
2026-07-30 06:34:17,071 [WARNING] data.fetch — [fetch_analyst_data] UTZ: 'dict' object has no attribute 'empty'
2026-07-30 06:34:17,108 [WARNING] data.fetch — [fetch_analyst_data] GPN: 'dict' object has no attribute 'empty'
2026-07-30 06:34:23,138 [WARNING] data.fetch — [fetch_analyst_data] HOOD: 'dict' object has no attribute 'empty'
2026-07-30 06:34:23,588 [WARNING] data.fetch — [fetch_analyst_data] NEE: 'dict' object has no attribute 'empty'
2026-07-30 06:34:23,602 [WARNING] data.fetch — [fetch_analyst_data] HD: 'dict' object has no attribute 'empty'
2026-07-30 06:34:23,634 [WARNING] data.fetch — [fetch_analyst_data] BKNG: 'dict' object has no attribute 'empty'
2026-07-30 06:34:23,717 [WARNING] data.fetch — [fetch_analyst_data] VZ: 'dict' object has no attribute 'empty'
2026-07-30 06:34:29,601 [WARNING] data.fetch — [fetch_analyst_data] KD: 'dict' object has no attribute 'empty'
2026-07-30 06:34:30,035 [WARNING] data.fetch — [fetch_analyst_data] NOW: 'dict' object has no attribute 'empty'
2026-07-30 06:34:30,175 [WARNING] data.fetch — [fetch_analyst_data] CRM: 'dict' object has no attribute 'empty'
2026-07-30 06:34:30,180 [WARNING] data.fetch — [fetch_analyst_data] COP: 'dict' object has no attribute 'empty'
2026-07-30 06:34:30,237 [WARNING] data.fetch — [fetch_analyst_data] PODD: 'dict' object has no attribute 'empty'
2026-07-30 06:34:36,130 [WARNING] data.fetch — [fetch_analyst_data] HON: 'dict' object has no attribute 'empty'
2026-07-30 06:34:36,625 [WARNING] data.fetch — [fetch_analyst_data] SBET: 'dict' object has no attribute 'empty'
2026-07-30 06:34:36,643 [WARNING] data.fetch — [fetch_analyst_data] PFE: 'dict' object has no attribute 'empty'
2026-07-30 06:34:36,657 [WARNING] data.fetch — [fetch_analyst_data] ORLY: 'dict' object has no attribute 'empty'
2026-07-30 06:34:36,894 [WARNING] data.fetch — [fetch_analyst_data] T: 'dict' object has no attribute 'empty'
2026-07-30 06:34:42,675 [WARNING] data.fetch — [fetch_analyst_data] MSFT: 'dict' object has no attribute 'empty'
2026-07-30 06:34:43,115 [WARNING] data.fetch — [fetch_analyst_data] TME: 'dict' object has no attribute 'empty'
2026-07-30 06:34:43,207 [WARNING] data.fetch — [fetch_analyst_data] STAK: 'dict' object has no attribute 'empty'
2026-07-30 06:34:43,271 [WARNING] data.fetch — [fetch_analyst_data] CVX: 'dict' object has no attribute 'empty'
2026-07-30 06:34:43,586 [WARNING] data.fetch — [fetch_analyst_data] XOM: 'dict' object has no attribute 'empty'
2026-07-30 06:34:49,179 [WARNING] data.fetch — [fetch_analyst_data] COST: 'dict' object has no attribute 'empty'
2026-07-30 06:34:49,643 [WARNING] data.fetch — [fetch_analyst_data] IT: 'dict' object has no attribute 'empty'
2026-07-30 06:34:49,810 [WARNING] data.fetch — [fetch_analyst_data] DIS: 'dict' object has no attribute 'empty'
2026-07-30 06:34:49,902 [WARNING] data.fetch — [fetch_analyst_data] HUBS: 'dict' object has no attribute 'empty'
2026-07-30 06:34:50,050 [WARNING] data.fetch — [fetch_analyst_data] FISV: 'dict' object has no attribute 'empty'
2026-07-30 06:34:55,627 [WARNING] data.fetch — [fetch_analyst_data] PEP: 'dict' object has no attribute 'empty'
2026-07-30 06:34:56,212 [WARNING] data.fetch — [fetch_analyst_data] NKE: 'dict' object has no attribute 'empty'
2026-07-30 06:34:56,415 [WARNING] data.fetch — [fetch_analyst_data] GM: 'dict' object has no attribute 'empty'
2026-07-30 06:34:56,485 [WARNING] data.fetch — [fetch_analyst_data] HCA: 'dict' object has no attribute 'empty'
2026-07-30 06:34:56,560 [WARNING] data.fetch — [fetch_analyst_data] CME: 'dict' object has no attribute 'empty'
2026-07-30 06:35:02,084 [WARNING] data.fetch — [fetch_analyst_data] CMCSA: 'dict' object has no attribute 'empty'
2026-07-30 06:35:02,755 [WARNING] data.fetch — [fetch_analyst_data] LCID: 'dict' object has no attribute 'empty'
2026-07-30 06:35:03,009 [WARNING] data.fetch — [fetch_analyst_data] CNXC: 'dict' object has no attribute 'empty'
2026-07-30 06:35:03,100 [WARNING] data.fetch — [fetch_analyst_data] WIX: 'dict' object has no attribute 'empty'
2026-07-30 06:35:03,102 [WARNING] data.fetch — [fetch_analyst_data] WMT: 'dict' object has no attribute 'empty'
2026-07-30 06:35:08,653 [WARNING] data.fetch — [fetch_analyst_data] ACN: 'dict' object has no attribute 'empty'
2026-07-30 06:35:09,313 [WARNING] data.fetch — [fetch_analyst_data] EPAM: 'dict' object has no attribute 'empty'
2026-07-30 06:35:09,570 [WARNING] data.fetch — [fetch_analyst_data] INTU: 'dict' object has no attribute 'empty'
2026-07-30 06:35:09,638 [WARNING] data.fetch — [fetch_analyst_data] IREN: 'dict' object has no attribute 'empty'
2026-07-30 06:35:09,697 [WARNING] data.fetch — [fetch_analyst_data] PG: 'dict' object has no attribute 'empty'
2026-07-30 06:35:15,053 [WARNING] data.fetch — [fetch_analyst_data] CLRO: 'dict' object has no attribute 'empty'
2026-07-30 06:35:15,837 [WARNING] data.fetch — [fetch_analyst_data] QBTS: 'dict' object has no attribute 'empty'
2026-07-30 06:35:16,059 [WARNING] data.fetch — [fetch_analyst_data] APP: 'dict' object has no attribute 'empty'
2026-07-30 06:35:16,102 [WARNING] data.fetch — [fetch_analyst_data] HIMS: 'dict' object has no attribute 'empty'
2026-07-30 06:35:16,209 [WARNING] data.fetch — [fetch_analyst_data] SMCI: 'dict' object has no attribute 'empty'
2026-07-30 06:35:21,523 [WARNING] data.fetch — [fetch_analyst_data] STUB: 'dict' object has no attribute 'empty'
2026-07-30 06:35:22,315 [WARNING] data.fetch — [fetch_analyst_data] AMZN: 'dict' object has no attribute 'empty'
2026-07-30 06:35:22,586 [WARNING] data.fetch — [fetch_analyst_data] COF: 'dict' object has no attribute 'empty'
2026-07-30 06:35:22,639 [WARNING] data.fetch — [fetch_analyst_data] BULL: 'dict' object has no attribute 'empty'
2026-07-30 06:35:22,827 [WARNING] data.fetch — [fetch_analyst_data] META: 'dict' object has no attribute 'empty'
2026-07-30 06:35:27,950 [WARNING] data.fetch — [fetch_analyst_data] SPGI: 'dict' object has no attribute 'empty'
2026-07-30 06:35:28,790 [WARNING] data.fetch — [fetch_analyst_data] QUBT: 'dict' object has no attribute 'empty'
2026-07-30 06:35:29,170 [WARNING] data.fetch — [fetch_analyst_data] CDNS: 'dict' object has no attribute 'empty'
2026-07-30 06:35:29,244 [WARNING] data.fetch — [fetch_analyst_data] PARR: 'dict' object has no attribute 'empty'
[시장분석] enrichment 완료
[Email] 페이퍼 트레이딩 알림 발송 완료 (PDF 첨부) (매도 1건, 매수 1건, 재평가 0건, 재평가실패 0건, 후보 5건) → chunghwan14@gmail.com, roykim0311@gmail.com, ssamjungtan@naver.com
============================================================
[Unified Paper Trading] 완료
============================================================
