============================================================
[Unified Paper Trading] SP500 + NASDAQ/NYSE 통합 실행 시작
============================================================
2026-07-17 07:06:38,250 [INFO] paper_trading.runner — [Runner] SP500 snapshot 로드: 129개 종목
[Unified PT] SP500 snapshot 로드: 129개 종목
2026-07-17 07:06:38,261 [INFO] paper_trading.runner — [Runner] NASDAQ snapshot 로드: 226개 종목
[Unified PT] NASDAQ snapshot 로드: 226개 종목
[Unified PT] 합산 완료: 348개 종목 (SP500 129 + NASDAQ 226개, 중복 제거 후)
[Unified PT] 골든크로스임박 종목: 61개
2026-07-17 07:06:39,091 [INFO] paper_trading.candidate_selector — [전략점수 분포] ~4.0: 130 | 4.0~5.0: 41 | 5.0~5.5: 14 | 5.5~6.0: 31 | 6.0+: 132
2026-07-17 07:06:39,104 [INFO] paper_trading.engine — [PaperTrading] 오늘 매수 후보 없음
[Unified PT] 매도=0 매수=0 보유=3종목
[Unified PT] 레짐=bull | 필터={'전략점수<6.0': 216, '바닥반등_52주과열': 3, '판단등급_미달': 121, '과열_차단': 6, '유동성_부족': 0, '어닝_임박': 0, '보유_중복': 1, '모멘텀_ADX부족': 0, '바닥_RSI데드존': 0, '섹터_집중': 1, '_통과': 0, '_전체': 348}
[Unified PT] 스킵 사유: 후보_없음
2026-07-17 07:06:40,267 [INFO] paper_trading.sheet_sync — [SheetSync] 포지션현황 업데이트: 3개 종목
2026-07-17 07:06:41,330 [INFO] paper_trading.sheet_sync — [SheetSync] 성과요약 업데이트: 28건 거래
[Unified PT] 구글 시트 동기화 완료
[시장분석] 63개 종목 데이터 수집 중...
2026-07-17 07:06:47,878 [WARNING] data.fetch — [fetch_analyst_data] META: 'dict' object has no attribute 'empty'
2026-07-17 07:06:48,001 [WARNING] data.fetch — [fetch_analyst_data] QBTS: 'dict' object has no attribute 'empty'
2026-07-17 07:06:48,013 [WARNING] data.fetch — [fetch_analyst_data] APP: 'dict' object has no attribute 'empty'
2026-07-17 07:06:48,068 [WARNING] data.fetch — [fetch_analyst_data] MA: 'dict' object has no attribute 'empty'
2026-07-17 07:06:48,070 [WARNING] data.fetch — [fetch_analyst_data] PGR: 'dict' object has no attribute 'empty'
2026-07-17 07:06:54,301 [WARNING] data.fetch — [fetch_analyst_data] IBM: 'dict' object has no attribute 'empty'
2026-07-17 07:06:54,447 [WARNING] data.fetch — [fetch_analyst_data] UBER: 'dict' object has no attribute 'empty'
2026-07-17 07:06:54,487 [WARNING] data.fetch — [fetch_analyst_data] SFM: 'dict' object has no attribute 'empty'
2026-07-17 07:06:54,542 [WARNING] data.fetch — [fetch_analyst_data] SHW: 'dict' object has no attribute 'empty'
2026-07-17 07:06:54,543 [WARNING] data.fetch — [fetch_analyst_data] BLK: 'dict' object has no attribute 'empty'
2026-07-17 07:07:00,681 [WARNING] data.fetch — [fetch_analyst_data] NVDA: 'dict' object has no attribute 'empty'
2026-07-17 07:07:00,883 [WARNING] data.fetch — [fetch_analyst_data] ZS: 'dict' object has no attribute 'empty'
2026-07-17 07:07:00,919 [WARNING] data.fetch — [fetch_analyst_data] MCK: 'dict' object has no attribute 'empty'
2026-07-17 07:07:00,942 [WARNING] data.fetch — [fetch_analyst_data] ABT: 'dict' object has no attribute 'empty'
2026-07-17 07:07:00,973 [WARNING] data.fetch — [fetch_analyst_data] BRBR: 'dict' object has no attribute 'empty'
2026-07-17 07:07:07,005 [WARNING] data.fetch — [fetch_analyst_data] KVYO: 'dict' object has no attribute 'empty'
2026-07-17 07:07:07,255 [WARNING] data.fetch — [fetch_analyst_data] INSP: 'dict' object has no attribute 'empty'
2026-07-17 07:07:07,354 [WARNING] data.fetch — [fetch_analyst_data] NEE: 'dict' object has no attribute 'empty'
2026-07-17 07:07:07,368 [WARNING] data.fetch — [fetch_analyst_data] FLUT: 'dict' object has no attribute 'empty'
2026-07-17 07:07:07,380 [WARNING] data.fetch — [fetch_analyst_data] DJT: 'dict' object has no attribute 'empty'
2026-07-17 07:07:13,360 [WARNING] data.fetch — [fetch_analyst_data] TMUS: 'dict' object has no attribute 'empty'
2026-07-17 07:07:13,590 [WARNING] data.fetch — [fetch_analyst_data] FIG: 'dict' object has no attribute 'empty'
2026-07-17 07:07:13,679 [WARNING] data.fetch — [fetch_analyst_data] TEAM: 'dict' object has no attribute 'empty'
2026-07-17 07:07:13,730 [WARNING] data.fetch — [fetch_analyst_data] OWL: 'dict' object has no attribute 'empty'
2026-07-17 07:07:13,757 [WARNING] data.fetch — [fetch_analyst_data] TRI: 'dict' object has no attribute 'empty'
2026-07-17 07:07:19,791 [WARNING] data.fetch — [fetch_analyst_data] CVX: 'dict' object has no attribute 'empty'
2026-07-17 07:07:19,899 [WARNING] data.fetch — [fetch_analyst_data] DOCS: 'dict' object has no attribute 'empty'
2026-07-17 07:07:20,004 [WARNING] data.fetch — [fetch_analyst_data] PRGO: 'dict' object has no attribute 'empty'
2026-07-17 07:07:20,069 [WARNING] data.fetch — [fetch_analyst_data] MSFT: 'dict' object has no attribute 'empty'
2026-07-17 07:07:20,159 [WARNING] data.fetch — [fetch_analyst_data] XOM: 'dict' object has no attribute 'empty'
2026-07-17 07:07:26,078 [WARNING] data.fetch — [fetch_analyst_data] HUBS: 'dict' object has no attribute 'empty'
2026-07-17 07:07:26,276 [WARNING] data.fetch — [fetch_analyst_data] MCD: 'dict' object has no attribute 'empty'
2026-07-17 07:07:26,378 [WARNING] data.fetch — [fetch_analyst_data] NKE: 'dict' object has no attribute 'empty'
2026-07-17 07:07:26,505 [WARNING] data.fetch — [fetch_analyst_data] PFE: 'dict' object has no attribute 'empty'
2026-07-17 07:07:26,512 [WARNING] data.fetch — [fetch_analyst_data] SKYQ: 'dict' object has no attribute 'empty'
2026-07-17 07:07:32,446 [WARNING] data.fetch — [fetch_analyst_data] COP: 'dict' object has no attribute 'empty'
2026-07-17 07:07:32,621 [WARNING] data.fetch — [fetch_analyst_data] PLTR: 'dict' object has no attribute 'empty'
2026-07-17 07:07:32,720 [WARNING] data.fetch — [fetch_analyst_data] KD: 'dict' object has no attribute 'empty'
2026-07-17 07:07:32,880 [WARNING] data.fetch — [fetch_analyst_data] PYPL: 'dict' object has no attribute 'empty'
2026-07-17 07:07:32,891 [WARNING] data.fetch — [fetch_analyst_data] CRM: 'dict' object has no attribute 'empty'
2026-07-17 07:07:38,755 [WARNING] data.fetch — [fetch_analyst_data] PODD: 'dict' object has no attribute 'empty'
2026-07-17 07:07:39,105 [WARNING] data.fetch — [fetch_analyst_data] WMT: 'dict' object has no attribute 'empty'
2026-07-17 07:07:39,126 [WARNING] data.fetch — [fetch_analyst_data] JXN: 'dict' object has no attribute 'empty'
2026-07-17 07:07:39,296 [WARNING] data.fetch — [fetch_analyst_data] ADBE: 'dict' object has no attribute 'empty'
2026-07-17 07:07:39,323 [WARNING] data.fetch — [fetch_analyst_data] CMCSA: 'dict' object has no attribute 'empty'
2026-07-17 07:07:45,070 [WARNING] data.fetch — [fetch_analyst_data] FIGR: 'dict' object has no attribute 'empty'
2026-07-17 07:07:45,477 [WARNING] data.fetch — [fetch_analyst_data] TME: 'dict' object has no attribute 'empty'
2026-07-17 07:07:45,502 [WARNING] data.fetch — [fetch_analyst_data] FISV: 'dict' object has no attribute 'empty'
2026-07-17 07:07:45,580 [WARNING] data.fetch — [fetch_analyst_data] IT: 'dict' object has no attribute 'empty'
2026-07-17 07:07:45,765 [WARNING] data.fetch — [fetch_analyst_data] PG: 'dict' object has no attribute 'empty'
2026-07-17 07:07:51,392 [WARNING] data.fetch — [fetch_analyst_data] TSLA: 'dict' object has no attribute 'empty'
2026-07-17 07:07:51,780 [WARNING] data.fetch — [fetch_analyst_data] RZLV: 'dict' object has no attribute 'empty'
2026-07-17 07:07:51,819 [WARNING] data.fetch — [fetch_analyst_data] SNPS: 'dict' object has no attribute 'empty'
2026-07-17 07:07:51,878 [WARNING] data.fetch — [fetch_analyst_data] CRWV: 'dict' object has no attribute 'empty'
2026-07-17 07:07:52,065 [WARNING] data.fetch — [fetch_analyst_data] SMCI: 'dict' object has no attribute 'empty'
2026-07-17 07:07:57,777 [WARNING] data.fetch — [fetch_analyst_data] HD: 'dict' object has no attribute 'empty'
2026-07-17 07:07:58,094 [WARNING] data.fetch — [fetch_analyst_data] IREN: 'dict' object has no attribute 'empty'
2026-07-17 07:07:58,131 [WARNING] data.fetch — [fetch_analyst_data] QUBT: 'dict' object has no attribute 'empty'
2026-07-17 07:07:58,198 [WARNING] data.fetch — [fetch_analyst_data] BKNG: 'dict' object has no attribute 'empty'
2026-07-17 07:07:58,348 [WARNING] data.fetch — [fetch_analyst_data] FLNC: 'dict' object has no attribute 'empty'
2026-07-17 07:08:04,066 [WARNING] data.fetch — [fetch_analyst_data] ALOY: 'dict' object has no attribute 'empty'
2026-07-17 07:08:04,411 [WARNING] data.fetch — [fetch_analyst_data] ACA: 'dict' object has no attribute 'empty'
2026-07-17 07:08:04,541 [WARNING] data.fetch — [fetch_analyst_data] RTX: 'dict' object has no attribute 'empty'
[시장분석] enrichment 완료
[Email] 페이퍼 트레이딩 알림 발송 완료 (매도 0건, 매수 0건, 재평가 0건, 재평가실패 0건, 후보 0건) → chunghwan14@gmail.com, roykim0311@gmail.com, ssamjungtan@naver.com
============================================================
[Unified Paper Trading] 완료
============================================================
