============================================================
[Unified Paper Trading] SP500 + NASDAQ/NYSE 통합 실행 시작
============================================================
2026-09-05 07:56:26,851 [INFO] paper_trading.runner — [Runner] SP500 snapshot 로드: 128개 종목
[Unified PT] SP500 snapshot 로드: 128개 종목
2026-09-05 07:56:26,862 [INFO] paper_trading.runner — [Runner] NASDAQ snapshot 로드: 209개 종목
[Unified PT] NASDAQ snapshot 로드: 209개 종목
[Unified PT] 합산 완료: 326개 종목 (SP500 128 + NASDAQ 209개, 중복 제거 후)
[Unified PT] 골든크로스임박 종목: 42개
2026-09-05 07:56:27,791 [INFO] paper_trading.engine — [PaperTrading] DEFER SKIP MPC: rsi_not_overbought, volume_strong (RSI=78.2, ADX=43.5, vol_mult=0.73, vol_z=-1.16, ret_5d=+5.44%, bb_pband=0.90)
2026-09-05 07:56:27,791 [INFO] paper_trading.engine — [PaperTrading] SELL MPC @ 388.90 (시간익절(8일,+7.0%))
2026-09-05 07:56:27,794 [INFO] paper_trading.candidate_selector — [전략점수 분포] ~4.0: 103 | 4.0~5.0: 35 | 5.0~5.5: 35 | 5.5~6.0: 30 | 6.0+: 123
2026-09-05 07:56:27,809 [INFO] paper_trading.candidate_selector — [CandidateSelector] Regime=bull | Filtered=8/326 | Selected: DHT (CCS=0.6125)
2026-09-05 07:56:27,816 [INFO] paper_trading.engine — [PaperTrading] BUY DHT @ 20.87 (CCS=0.6125, RSI=71, upside P50=+4% P75=+8%)
[Unified PT] 매도=1 매수=1 보유=3종목
[Unified PT] 레짐=bull | 필터={'전략점수<6.0': 203, '바닥반등_52주과열': 1, '판단등급_미달': 104, '과열_차단': 4, '유동성_부족': 0, '어닝_임박': 0, '보유_중복': 1, '모멘텀_ADX부족': 4, '바닥_RSI데드존': 1, '섹터_집중': 0, '_통과': 8, '_전체': 326}
[Unified PT] Top5 후보:
  DHT    CCS=0.6125 전략=📈 모멘텀 섹터=Energy
  FRO    CCS=0.6002 전략=📈 모멘텀 섹터=Energy
  SNPS   CCS=0.5343 전략=📉 바닥반등 섹터=Technology
  ARRY   CCS=0.4591 전략=📉 바닥반등 섹터=Unknown
  COIN   CCS=0.4585 전략=📈 모멘텀 섹터=Unknown
2026-09-05 07:56:29,845 [INFO] paper_trading.sheet_sync — [SheetSync] 거래로그 append: SELL MPC
2026-09-05 07:56:31,466 [INFO] paper_trading.sheet_sync — [SheetSync] 거래로그 append: BUY DHT
2026-09-05 07:56:33,017 [INFO] paper_trading.sheet_sync — [SheetSync] 포지션현황 업데이트: 3개 종목
2026-09-05 07:56:34,940 [INFO] paper_trading.sheet_sync — [SheetSync] 성과요약 업데이트: 44건 거래
[Unified PT] 구글 시트 동기화 완료
2026-09-05 07:56:35,221 [INFO] matplotlib.font_manager — Failed to extract font properties from /usr/share/fonts/truetype/noto/NotoColorEmoji.ttf: Non-scalable fonts are not supported
2026-09-05 07:56:35,233 [INFO] matplotlib.font_manager — generated new fontManager
2026-09-05 07:56:36,043 [WARNING] fpdf.output — Font MPDFAA+NanumGothic is missing the following glyphs: '📈' (\U0001f4c8), '📉' (\U0001f4c9)
2026-09-05 07:56:36,056 [INFO] fontTools.subset — maxp pruned
2026-09-05 07:56:36,057 [INFO] fontTools.subset — cmap pruned
2026-09-05 07:56:36,058 [INFO] fontTools.subset — post pruned
2026-09-05 07:56:36,058 [INFO] fontTools.subset — DSIG dropped
2026-09-05 07:56:36,058 [INFO] fontTools.subset — GPOS dropped
2026-09-05 07:56:36,058 [INFO] fontTools.subset — GSUB dropped
2026-09-05 07:56:36,058 [INFO] fontTools.subset — glyf pruned
2026-09-05 07:56:36,059 [INFO] fontTools.subset — Added gid0 to subset
2026-09-05 07:56:36,059 [INFO] fontTools.subset — Added first four glyphs to subset
2026-09-05 07:56:36,059 [INFO] fontTools.subset — Closing glyph list over 'glyf': 136 glyphs before
2026-09-05 07:56:36,060 [INFO] fontTools.subset — Glyph names: ['.notdef', 'A', 'B', 'C', 'D', 'E', 'F', 'G', 'H', 'I', 'L', 'M', 'N', 'O', 'P', 'Q', 'R', 'S', 'T', 'U', 'V', 'W', 'X', 'Y', 'a', 'arrowright', 'b', 'bar', 'c', 'colon', 'comma', 'copyright', 'd', 'dollar', 'e', 'eight', 'emdash', 'equal', 'exclam', 'f', 'five', 'four', 'g', 'h', 'hyphen', 'i', 'k', 'l', 'less', 'm', 'n', 'nine', 'numbersign', 'o', 'one', 'p', 'parenleft', 'parenright', 'percent', 'period', 'periodcentered', 'plus', 'q', 'quotedbl', 'r', 's', 'seven', 'six', 'slash', 'space', 't', 'three', 'triagup', 'two', 'u', 'underscore', 'uniAC00', 'uniAC04', 'uniAC15', 'uniAC70', 'uniACFC', 'uniAD50', 'uniAD6C', 'uniADFC', 'uniAE30', 'uniB294', 'uniB2E5', 'uniB3C4', 'uniB3CC', 'uniB4F1', 'uniB798', 'uniB7B5', 'uniB7C9', 'uniB808', 'uniB9C1', 'uniB9E4', 'uniBA58', 'uniBAA8', 'uniBAA9', 'uniBC14', 'uniBC18', 'uniBCF4', 'uniBD84', 'uniC11C', 'uniC138', 'uniC158', 'uniC18D', 'uniC190', 'uniC218', 'uniC2DC', 'uniC5D0', 'uniC6A9', 'uniC720', 'uniC775', 'uniC77C', 'uniC7A5', 'uniC801', 'uniC804', 'uniC808', 'uniC8FC', 'uniC9C0', 'uniCCB4', 'uniCD94', 'uniCDA9', 'uniD140', 'uniD2B8', 'uniD30C', 'uniD3EC', 'uniD45C', 'uniD569', 'uniD5C8', 'v', 'w', 'x', 'y', 'zero']
2026-09-05 07:56:36,060 [INFO] fontTools.subset — Glyph IDs:   [0, 1, 2, 3, 4, 5, 8, 9, 11, 12, 13, 14, 15, 16, 17, 18, 19, 20, 21, 22, 23, 24, 25, 26, 28, 29, 33, 34, 35, 36, 37, 38, 39, 40, 41, 44, 45, 46, 47, 48, 49, 50, 51, 52, 53, 54, 55, 56, 57, 63, 64, 65, 66, 67, 68, 69, 70, 71, 72, 74, 75, 76, 77, 78, 79, 80, 81, 82, 83, 84, 85, 86, 87, 88, 91, 96, 99, 104, 159, 162, 495, 497, 507, 531, 584, 607, 612, 645, 654, 904, 928, 985, 989, 1042, 1153, 1163, 1166, 1177, 1267, 1283, 1310, 1326, 1327, 1397, 1401, 1458, 1482, 1635, 1650, 1661, 1673, 1675, 1708, 1751, 1905, 1979, 2013, 2043, 2045, 2067, 2089, 2090, 2091, 2146, 2178, 2308, 2343, 2350, 2518, 2576, 2598, 2649, 2661, 2709, 2723, 13296]
2026-09-05 07:56:36,060 [INFO] fontTools.subset — Closed glyph list over 'glyf': 136 glyphs after
2026-09-05 07:56:36,060 [INFO] fontTools.subset — Glyph names: ['.notdef', 'A', 'B', 'C', 'D', 'E', 'F', 'G', 'H', 'I', 'L', 'M', 'N', 'O', 'P', 'Q', 'R', 'S', 'T', 'U', 'V', 'W', 'X', 'Y', 'a', 'arrowright', 'b', 'bar', 'c', 'colon', 'comma', 'copyright', 'd', 'dollar', 'e', 'eight', 'emdash', 'equal', 'exclam', 'f', 'five', 'four', 'g', 'h', 'hyphen', 'i', 'k', 'l', 'less', 'm', 'n', 'nine', 'numbersign', 'o', 'one', 'p', 'parenleft', 'parenright', 'percent', 'period', 'periodcentered', 'plus', 'q', 'quotedbl', 'r', 's', 'seven', 'six', 'slash', 'space', 't', 'three', 'triagup', 'two', 'u', 'underscore', 'uniAC00', 'uniAC04', 'uniAC15', 'uniAC70', 'uniACFC', 'uniAD50', 'uniAD6C', 'uniADFC', 'uniAE30', 'uniB294', 'uniB2E5', 'uniB3C4', 'uniB3CC', 'uniB4F1', 'uniB798', 'uniB7B5', 'uniB7C9', 'uniB808', 'uniB9C1', 'uniB9E4', 'uniBA58', 'uniBAA8', 'uniBAA9', 'uniBC14', 'uniBC18', 'uniBCF4', 'uniBD84', 'uniC11C', 'uniC138', 'uniC158', 'uniC18D', 'uniC190', 'uniC218', 'uniC2DC', 'uniC5D0', 'uniC6A9', 'uniC720', 'uniC775', 'uniC77C', 'uniC7A5', 'uniC801', 'uniC804', 'uniC808', 'uniC8FC', 'uniC9C0', 'uniCCB4', 'uniCD94', 'uniCDA9', 'uniD140', 'uniD2B8', 'uniD30C', 'uniD3EC', 'uniD45C', 'uniD569', 'uniD5C8', 'v', 'w', 'x', 'y', 'zero']
2026-09-05 07:56:36,060 [INFO] fontTools.subset — Glyph IDs:   [0, 1, 2, 3, 4, 5, 8, 9, 11, 12, 13, 14, 15, 16, 17, 18, 19, 20, 21, 22, 23, 24, 25, 26, 28, 29, 33, 34, 35, 36, 37, 38, 39, 40, 41, 44, 45, 46, 47, 48, 49, 50, 51, 52, 53, 54, 55, 56, 57, 63, 64, 65, 66, 67, 68, 69, 70, 71, 72, 74, 75, 76, 77, 78, 79, 80, 81, 82, 83, 84, 85, 86, 87, 88, 91, 96, 99, 104, 159, 162, 495, 497, 507, 531, 584, 607, 612, 645, 654, 904, 928, 985, 989, 1042, 1153, 1163, 1166, 1177, 1267, 1283, 1310, 1326, 1327, 1397, 1401, 1458, 1482, 1635, 1650, 1661, 1673, 1675, 1708, 1751, 1905, 1979, 2013, 2043, 2045, 2067, 2089, 2090, 2091, 2146, 2178, 2308, 2343, 2350, 2518, 2576, 2598, 2649, 2661, 2709, 2723, 13296]
2026-09-05 07:56:36,061 [INFO] fontTools.subset — Retaining 136 glyphs
2026-09-05 07:56:36,061 [INFO] fontTools.subset — head subsetting not needed
2026-09-05 07:56:36,061 [INFO] fontTools.subset — hhea subsetting not needed
2026-09-05 07:56:36,061 [INFO] fontTools.subset — maxp subsetting not needed
2026-09-05 07:56:36,061 [INFO] fontTools.subset — OS/2 subsetting not needed
2026-09-05 07:56:36,062 [INFO] fontTools.subset — hmtx subsetted
2026-09-05 07:56:36,063 [INFO] fontTools.subset — cmap subsetted
2026-09-05 07:56:36,063 [INFO] fontTools.subset — fpgm subsetting not needed
2026-09-05 07:56:36,063 [INFO] fontTools.subset — prep subsetting not needed
2026-09-05 07:56:36,063 [INFO] fontTools.subset — cvt  subsetting not needed
2026-09-05 07:56:36,063 [INFO] fontTools.subset — loca subsetting not needed
2026-09-05 07:56:36,063 [INFO] fontTools.subset — post subsetted
2026-09-05 07:56:36,063 [INFO] fontTools.subset — gasp subsetting not needed
2026-09-05 07:56:36,063 [INFO] fontTools.subset — name subsetting not needed
2026-09-05 07:56:36,065 [INFO] fontTools.subset — glyf subsetted
2026-09-05 07:56:36,065 [INFO] fontTools.subset — head pruned
2026-09-05 07:56:36,065 [INFO] fontTools.subset — OS/2 Unicode ranges pruned: [0, 1, 31, 37, 45, 56]
2026-09-05 07:56:36,066 [INFO] fontTools.subset — OS/2 CodePage ranges pruned: [0]
2026-09-05 07:56:36,067 [INFO] fontTools.subset — glyf pruned
2026-09-05 07:56:36,067 [INFO] fontTools.subset — name pruned
2026-09-05 07:56:36,091 [WARNING] fpdf.output — Font MPDFAA+NanumGothicBold is missing the following glyphs: '📈' (\U0001f4c8)
2026-09-05 07:56:36,092 [INFO] fontTools.subset — maxp pruned
2026-09-05 07:56:36,092 [INFO] fontTools.subset — cmap pruned
2026-09-05 07:56:36,092 [INFO] fontTools.subset — post pruned
2026-09-05 07:56:36,092 [INFO] fontTools.subset — DSIG dropped
2026-09-05 07:56:36,092 [INFO] fontTools.subset — GPOS dropped
2026-09-05 07:56:36,092 [INFO] fontTools.subset — GSUB dropped
2026-09-05 07:56:36,092 [INFO] fontTools.subset — glyf pruned
2026-09-05 07:56:36,093 [INFO] fontTools.subset — Added gid0 to subset
2026-09-05 07:56:36,093 [INFO] fontTools.subset — Added first four glyphs to subset
2026-09-05 07:56:36,093 [INFO] fontTools.subset — Closing glyph list over 'glyf': 89 glyphs before
2026-09-05 07:56:36,093 [INFO] fontTools.subset — Glyph names: ['.notdef', 'A', 'B', 'C', 'D', 'E', 'F', 'G', 'H', 'I', 'J', 'K', 'L', 'M', 'N', 'O', 'P', 'Q', 'R', 'S', 'T', 'U', 'V', 'W', 'X', 'Y', 'Z', 'a', 'ampersand', 'b', 'c', 'colon', 'd', 'dollar', 'e', 'eight', 'emdash', 'equal', 'exclam', 'f', 'five', 'four', 'g', 'h', 'hyphen', 'i', 'j', 'k', 'l', 'm', 'n', 'nine', 'numbersign', 'o', 'one', 'p', 'parenleft', 'parenright', 'percent', 'period', 'periodcentered', 'plus', 'q', 'quotedbl', 'quotesingle', 'r', 's', 'seven', 'six', 'slash', 'space', 't', 'three', 'two', 'u', 'uni2605', 'uniBA58', 'uniBAA8', 'uniBC30', 'uniC5F4', 'uniC644', 'uniC804', 'uniC815', 'uniD140', 'v', 'w', 'x', 'y', 'zero']
2026-09-05 07:56:36,094 [INFO] fontTools.subset — Glyph IDs:   [0, 1, 2, 3, 4, 5, 6, 7, 8, 9, 11, 13, 14, 15, 16, 17, 18, 19, 20, 21, 22, 23, 24, 25, 26, 29, 33, 34, 35, 36, 37, 38, 39, 40, 41, 42, 43, 44, 45, 46, 47, 48, 49, 50, 51, 52, 53, 54, 55, 56, 57, 58, 64, 65, 66, 67, 68, 69, 70, 71, 72, 73, 74, 75, 76, 77, 78, 79, 80, 81, 82, 83, 84, 85, 86, 87, 88, 99, 104, 150, 1308, 1324, 1410, 1915, 1949, 2088, 2094, 2516, 13533]
2026-09-05 07:56:36,094 [INFO] fontTools.subset — Closed glyph list over 'glyf': 89 glyphs after
2026-09-05 07:56:36,094 [INFO] fontTools.subset — Glyph names: ['.notdef', 'A', 'B', 'C', 'D', 'E', 'F', 'G', 'H', 'I', 'J', 'K', 'L', 'M', 'N', 'O', 'P', 'Q', 'R', 'S', 'T', 'U', 'V', 'W', 'X', 'Y', 'Z', 'a', 'ampersand', 'b', 'c', 'colon', 'd', 'dollar', 'e', 'eight', 'emdash', 'equal', 'exclam', 'f', 'five', 'four', 'g', 'h', 'hyphen', 'i', 'j', 'k', 'l', 'm', 'n', 'nine', 'numbersign', 'o', 'one', 'p', 'parenleft', 'parenright', 'percent', 'period', 'periodcentered', 'plus', 'q', 'quotedbl', 'quotesingle', 'r', 's', 'seven', 'six', 'slash', 'space', 't', 'three', 'two', 'u', 'uni2605', 'uniBA58', 'uniBAA8', 'uniBC30', 'uniC5F4', 'uniC644', 'uniC804', 'uniC815', 'uniD140', 'v', 'w', 'x', 'y', 'zero']
2026-09-05 07:56:36,094 [INFO] fontTools.subset — Glyph IDs:   [0, 1, 2, 3, 4, 5, 6, 7, 8, 9, 11, 13, 14, 15, 16, 17, 18, 19, 20, 21, 22, 23, 24, 25, 26, 29, 33, 34, 35, 36, 37, 38, 39, 40, 41, 42, 43, 44, 45, 46, 47, 48, 49, 50, 51, 52, 53, 54, 55, 56, 57, 58, 64, 65, 66, 67, 68, 69, 70, 71, 72, 73, 74, 75, 76, 77, 78, 79, 80, 81, 82, 83, 84, 85, 86, 87, 88, 99, 104, 150, 1308, 1324, 1410, 1915, 1949, 2088, 2094, 2516, 13533]
2026-09-05 07:56:36,094 [INFO] fontTools.subset — Retaining 89 glyphs
2026-09-05 07:56:36,095 [INFO] fontTools.subset — head subsetting not needed
2026-09-05 07:56:36,095 [INFO] fontTools.subset — hhea subsetting not needed
2026-09-05 07:56:36,095 [INFO] fontTools.subset — maxp subsetting not needed
2026-09-05 07:56:36,095 [INFO] fontTools.subset — OS/2 subsetting not needed
2026-09-05 07:56:36,095 [INFO] fontTools.subset — hmtx subsetted
2026-09-05 07:56:36,096 [INFO] fontTools.subset — cmap subsetted
2026-09-05 07:56:36,096 [INFO] fontTools.subset — fpgm subsetting not needed
2026-09-05 07:56:36,096 [INFO] fontTools.subset — prep subsetting not needed
2026-09-05 07:56:36,096 [INFO] fontTools.subset — cvt  subsetting not needed
2026-09-05 07:56:36,096 [INFO] fontTools.subset — loca subsetting not needed
2026-09-05 07:56:36,097 [INFO] fontTools.subset — post subsetted
2026-09-05 07:56:36,097 [INFO] fontTools.subset — gasp subsetting not needed
2026-09-05 07:56:36,097 [INFO] fontTools.subset — name subsetting not needed
2026-09-05 07:56:36,099 [INFO] fontTools.subset — glyf subsetted
2026-09-05 07:56:36,099 [INFO] fontTools.subset — head pruned
2026-09-05 07:56:36,099 [INFO] fontTools.subset — OS/2 Unicode ranges pruned: [0, 1, 31, 46, 56]
2026-09-05 07:56:36,099 [INFO] fontTools.subset — OS/2 CodePage ranges pruned: [0]
2026-09-05 07:56:36,100 [INFO] fontTools.subset — glyf pruned
2026-09-05 07:56:36,100 [INFO] fontTools.subset — name pruned
[Unified PT] PDF 리포트 생성 완료 (153,212 bytes)
[시장분석] 48개 종목 데이터 수집 중...
2026-09-05 07:56:42,789 [WARNING] data.fetch — [fetch_analyst_data] COIN: 'dict' object has no attribute 'empty'
2026-09-05 07:56:42,802 [WARNING] data.fetch — [fetch_analyst_data] ARRY: 'dict' object has no attribute 'empty'
2026-09-05 07:56:42,813 [WARNING] data.fetch — [fetch_analyst_data] SNPS: 'dict' object has no attribute 'empty'
2026-09-05 07:56:42,841 [WARNING] data.fetch — [fetch_analyst_data] FRO: 'dict' object has no attribute 'empty'
2026-09-05 07:56:42,895 [WARNING] data.fetch — [fetch_analyst_data] DHT: 'dict' object has no attribute 'empty'
2026-09-05 07:56:49,243 [WARNING] data.fetch — [fetch_analyst_data] META: 'dict' object has no attribute 'empty'
2026-09-05 07:56:49,260 [WARNING] data.fetch — [fetch_analyst_data] MPC: 'dict' object has no attribute 'empty'
2026-09-05 07:56:49,309 [WARNING] data.fetch — [fetch_analyst_data] SPGI: 'dict' object has no attribute 'empty'
2026-09-05 07:56:49,357 [WARNING] data.fetch — [fetch_analyst_data] DIS: 'dict' object has no attribute 'empty'
2026-09-05 07:56:49,378 [WARNING] data.fetch — [fetch_analyst_data] AXP: 'dict' object has no attribute 'empty'
2026-09-05 07:56:55,641 [WARNING] data.fetch — [fetch_analyst_data] MELI: 'dict' object has no attribute 'empty'
2026-09-05 07:56:55,704 [WARNING] data.fetch — [fetch_analyst_data] UBER: 'dict' object has no attribute 'empty'
2026-09-05 07:56:55,730 [WARNING] data.fetch — [fetch_analyst_data] ABT: 'dict' object has no attribute 'empty'
2026-09-05 07:56:55,779 [WARNING] data.fetch — [fetch_analyst_data] SYK: 'dict' object has no attribute 'empty'
2026-09-05 07:56:55,909 [WARNING] data.fetch — [fetch_analyst_data] FMC: 'dict' object has no attribute 'empty'
2026-09-05 07:57:02,093 [WARNING] data.fetch — [fetch_analyst_data] ORCL: 'dict' object has no attribute 'empty'
2026-09-05 07:57:02,123 [WARNING] data.fetch — [fetch_analyst_data] NTLA: 'dict' object has no attribute 'empty'
2026-09-05 07:57:02,129 [WARNING] data.fetch — [fetch_analyst_data] SMR: 'dict' object has no attribute 'empty'
2026-09-05 07:57:02,172 [WARNING] data.fetch — [fetch_analyst_data] FLUT: 'dict' object has no attribute 'empty'
2026-09-05 07:57:02,332 [WARNING] data.fetch — [fetch_analyst_data] METC: 'dict' object has no attribute 'empty'
2026-09-05 07:57:08,558 [WARNING] data.fetch — [fetch_analyst_data] BTBT: 'dict' object has no attribute 'empty'
2026-09-05 07:57:08,597 [WARNING] data.fetch — [fetch_analyst_data] IBM: 'dict' object has no attribute 'empty'
2026-09-05 07:57:08,600 [WARNING] data.fetch — [fetch_analyst_data] PODD: 'dict' object has no attribute 'empty'
2026-09-05 07:57:08,619 [WARNING] data.fetch — [fetch_analyst_data] QCOM: 'dict' object has no attribute 'empty'
2026-09-05 07:57:08,772 [WARNING] data.fetch — [fetch_analyst_data] SYM: 'dict' object has no attribute 'empty'
2026-09-05 07:57:14,958 [WARNING] data.fetch — [fetch_analyst_data] MARA: 'dict' object has no attribute 'empty'
2026-09-05 07:57:14,997 [WARNING] data.fetch — [fetch_analyst_data] HIVE: 'dict' object has no attribute 'empty'
2026-09-05 07:57:15,066 [WARNING] data.fetch — [fetch_analyst_data] LIF: 'dict' object has no attribute 'empty'
2026-09-05 07:57:15,088 [WARNING] data.fetch — [fetch_analyst_data] MDT: 'dict' object has no attribute 'empty'
2026-09-05 07:57:15,246 [WARNING] data.fetch — [fetch_analyst_data] FIG: 'dict' object has no attribute 'empty'
2026-09-05 07:57:21,457 [WARNING] data.fetch — [fetch_analyst_data] HD: 'dict' object has no attribute 'empty'
2026-09-05 07:57:21,461 [WARNING] data.fetch — [fetch_analyst_data] ADBE: 'dict' object has no attribute 'empty'
2026-09-05 07:57:21,494 [WARNING] data.fetch — [fetch_analyst_data] PG: 'dict' object has no attribute 'empty'
2026-09-05 07:57:21,534 [WARNING] data.fetch — [fetch_analyst_data] CRM: 'dict' object has no attribute 'empty'
2026-09-05 07:57:21,669 [WARNING] data.fetch — [fetch_analyst_data] WIX: 'dict' object has no attribute 'empty'
2026-09-05 07:57:27,891 [WARNING] data.fetch — [fetch_analyst_data] NOW: 'dict' object has no attribute 'empty'
2026-09-05 07:57:27,896 [WARNING] data.fetch — [fetch_analyst_data] CRE: 'dict' object has no attribute 'empty'
2026-09-05 07:57:27,924 [WARNING] data.fetch — [fetch_analyst_data] INSP: 'dict' object has no attribute 'empty'
2026-09-05 07:57:27,957 [WARNING] data.fetch — [fetch_analyst_data] COUR: 'dict' object has no attribute 'empty'
2026-09-05 07:57:28,106 [WARNING] data.fetch — [fetch_analyst_data] MNDY: 'dict' object has no attribute 'empty'
2026-09-05 07:57:34,330 [WARNING] data.fetch — [fetch_analyst_data] HUBS: 'dict' object has no attribute 'empty'
2026-09-05 07:57:34,335 [WARNING] data.fetch — [fetch_analyst_data] SMCI: 'dict' object has no attribute 'empty'
2026-09-05 07:57:34,368 [WARNING] data.fetch — [fetch_analyst_data] CEG: 'dict' object has no attribute 'empty'
2026-09-05 07:57:34,391 [WARNING] data.fetch — [fetch_analyst_data] T: 'dict' object has no attribute 'empty'
2026-09-05 07:57:34,585 [WARNING] data.fetch — [fetch_analyst_data] PEP: 'dict' object has no attribute 'empty'
2026-09-05 07:57:40,765 [WARNING] data.fetch — [fetch_analyst_data] RZLV: 'dict' object has no attribute 'empty'
2026-09-05 07:57:40,824 [WARNING] data.fetch — [fetch_analyst_data] DUOL: 'dict' object has no attribute 'empty'
2026-09-05 07:57:40,865 [WARNING] data.fetch — [fetch_analyst_data] BAC: 'dict' object has no attribute 'empty'
[시장분석] enrichment 완료
[Email] 페이퍼 트레이딩 알림 발송 완료 (PDF 첨부) (매도 1건, 매수 1건, 재평가 0건, 재평가실패 1건, 후보 5건) → chunghwan14@gmail.com, roykim0311@gmail.com, ssamjungtan@naver.com
============================================================
[Unified Paper Trading] 완료
============================================================
