============================================================
[Unified Paper Trading] SP500 + NASDAQ/NYSE 통합 실행 시작
============================================================
2026-07-12 07:29:52,884 [INFO] paper_trading.runner — [Runner] SP500 snapshot 로드: 129개 종목
[Unified PT] SP500 snapshot 로드: 129개 종목
2026-07-12 07:29:52,895 [INFO] paper_trading.runner — [Runner] NASDAQ snapshot 로드: 212개 종목
[Unified PT] NASDAQ snapshot 로드: 212개 종목
[Unified PT] 합산 완료: 334개 종목 (SP500 129 + NASDAQ 212개, 중복 제거 후)
[Unified PT] 골든크로스임박 종목: 58개
2026-07-12 07:29:53,836 [INFO] paper_trading.candidate_selector — [전략점수 분포] ~4.0: 118 | 4.0~5.0: 29 | 5.0~5.5: 31 | 5.5~6.0: 18 | 6.0+: 138
2026-07-12 07:29:53,854 [INFO] paper_trading.candidate_selector — [CandidateSelector] Regime=bull | Filtered=1/334 | Selected: UPC (CCS=0.4277)
2026-07-12 07:29:53,865 [INFO] paper_trading.engine — [PaperTrading] 교체 기준 미달 — 매수 안 함
[Unified PT] 매도=0 매수=0 보유=3종목
[Unified PT] 레짐=bull | 필터={'전략점수<6.0': 196, '바닥반등_52주과열': 1, '판단등급_미달': 129, '과열_차단': 0, '유동성_부족': 0, '어닝_임박': 0, '보유_중복': 1, '모멘텀_ADX부족': 5, '바닥_RSI데드존': 0, '섹터_집중': 1, '_통과': 1, '_전체': 334}
[Unified PT] 스킵 사유: 교체_미달
[Unified PT] Top5 후보:
  UPC    CCS=0.4277 전략=📈 모멘텀 섹터=Healthcare
2026-07-12 07:29:55,135 [INFO] paper_trading.sheet_sync — [SheetSync] 포지션현황 업데이트: 3개 종목
2026-07-12 07:29:56,332 [INFO] paper_trading.sheet_sync — [SheetSync] 성과요약 업데이트: 27건 거래
[Unified PT] 구글 시트 동기화 완료
[시장분석] 60개 종목 데이터 수집 중...
2026-07-12 07:30:02,846 [WARNING] data.fetch — [fetch_analyst_data] UPC: 'dict' object has no attribute 'empty'
2026-07-12 07:30:02,973 [WARNING] data.fetch — [fetch_analyst_data] SMCI: 'dict' object has no attribute 'empty'
2026-07-12 07:30:03,017 [WARNING] data.fetch — [fetch_analyst_data] QUBT: 'dict' object has no attribute 'empty'
2026-07-12 07:30:03,039 [WARNING] data.fetch — [fetch_analyst_data] TSLA: 'dict' object has no attribute 'empty'
2026-07-12 07:30:03,076 [WARNING] data.fetch — [fetch_analyst_data] META: 'dict' object has no attribute 'empty'
2026-07-12 07:30:09,315 [WARNING] data.fetch — [fetch_analyst_data] SHW: 'dict' object has no attribute 'empty'
2026-07-12 07:30:09,399 [WARNING] data.fetch — [fetch_analyst_data] MA: 'dict' object has no attribute 'empty'
2026-07-12 07:30:09,500 [WARNING] data.fetch — [fetch_analyst_data] UBER: 'dict' object has no attribute 'empty'
2026-07-12 07:30:09,502 [WARNING] data.fetch — [fetch_analyst_data] SFM: 'dict' object has no attribute 'empty'
2026-07-12 07:30:09,545 [WARNING] data.fetch — [fetch_analyst_data] ABT: 'dict' object has no attribute 'empty'
2026-07-12 07:30:15,671 [WARNING] data.fetch — [fetch_analyst_data] SMPL: 'dict' object has no attribute 'empty'
2026-07-12 07:30:15,872 [WARNING] data.fetch — [fetch_analyst_data] NOW: 'dict' object has no attribute 'empty'
2026-07-12 07:30:15,955 [WARNING] data.fetch — [fetch_analyst_data] TRI: 'dict' object has no attribute 'empty'
2026-07-12 07:30:15,968 [WARNING] data.fetch — [fetch_analyst_data] BA: 'dict' object has no attribute 'empty'
2026-07-12 07:30:15,993 [WARNING] data.fetch — [fetch_analyst_data] SYK: 'dict' object has no attribute 'empty'
2026-07-12 07:30:22,063 [WARNING] data.fetch — [fetch_analyst_data] MCK: 'dict' object has no attribute 'empty'
2026-07-12 07:30:22,323 [WARNING] data.fetch — [fetch_analyst_data] NEE: 'dict' object has no attribute 'empty'
2026-07-12 07:30:22,358 [WARNING] data.fetch — [fetch_analyst_data] INSP: 'dict' object has no attribute 'empty'
2026-07-12 07:30:22,399 [WARNING] data.fetch — [fetch_analyst_data] COTY: 'dict' object has no attribute 'empty'
2026-07-12 07:30:22,418 [WARNING] data.fetch — [fetch_analyst_data] MNDY: 'dict' object has no attribute 'empty'
2026-07-12 07:30:28,369 [WARNING] data.fetch — [fetch_analyst_data] SPSC: 'dict' object has no attribute 'empty'
2026-07-12 07:30:28,699 [WARNING] data.fetch — [fetch_analyst_data] LHAI: 'dict' object has no attribute 'empty'
2026-07-12 07:30:28,749 [WARNING] data.fetch — [fetch_analyst_data] KMPR: 'dict' object has no attribute 'empty'
2026-07-12 07:30:28,784 [WARNING] data.fetch — [fetch_analyst_data] CRVO: 'dict' object has no attribute 'empty'
2026-07-12 07:30:28,828 [WARNING] data.fetch — [fetch_analyst_data] SPGI: 'dict' object has no attribute 'empty'
2026-07-12 07:30:34,685 [WARNING] data.fetch — [fetch_analyst_data] FIG: 'dict' object has no attribute 'empty'
2026-07-12 07:30:35,046 [WARNING] data.fetch — [fetch_analyst_data] KVYO: 'dict' object has no attribute 'empty'
2026-07-12 07:30:35,094 [WARNING] data.fetch — [fetch_analyst_data] TMUS: 'dict' object has no attribute 'empty'
2026-07-12 07:30:35,141 [WARNING] data.fetch — [fetch_analyst_data] RBLX: 'dict' object has no attribute 'empty'
2026-07-12 07:30:35,204 [WARNING] data.fetch — [fetch_analyst_data] KB: 'dict' object has no attribute 'empty'
2026-07-12 07:30:41,068 [WARNING] data.fetch — [fetch_analyst_data] OWL: 'dict' object has no attribute 'empty'
2026-07-12 07:30:41,441 [WARNING] data.fetch — [fetch_analyst_data] DOCS: 'dict' object has no attribute 'empty'
2026-07-12 07:30:41,480 [WARNING] data.fetch — [fetch_analyst_data] NKE: 'dict' object has no attribute 'empty'
2026-07-12 07:30:41,516 [WARNING] data.fetch — [fetch_analyst_data] NTSK: 'dict' object has no attribute 'empty'
2026-07-12 07:30:41,562 [WARNING] data.fetch — [fetch_analyst_data] LHSW: 'dict' object has no attribute 'empty'
2026-07-12 07:30:47,432 [WARNING] data.fetch — [fetch_analyst_data] KD: 'dict' object has no attribute 'empty'
2026-07-12 07:30:47,753 [WARNING] data.fetch — [fetch_analyst_data] BL: 'dict' object has no attribute 'empty'
2026-07-12 07:30:47,788 [WARNING] data.fetch — [fetch_analyst_data] DJT: 'dict' object has no attribute 'empty'
2026-07-12 07:30:47,941 [WARNING] data.fetch — [fetch_analyst_data] CMCSA: 'dict' object has no attribute 'empty'
2026-07-12 07:30:47,999 [WARNING] data.fetch — [fetch_analyst_data] FIGR: 'dict' object has no attribute 'empty'
2026-07-12 07:30:53,757 [WARNING] data.fetch — [fetch_analyst_data] CRM: 'dict' object has no attribute 'empty'
2026-07-12 07:30:54,073 [WARNING] data.fetch — [fetch_analyst_data] PODD: 'dict' object has no attribute 'empty'
2026-07-12 07:30:54,108 [WARNING] data.fetch — [fetch_analyst_data] HUBS: 'dict' object has no attribute 'empty'
2026-07-12 07:30:54,312 [WARNING] data.fetch — [fetch_analyst_data] TME: 'dict' object has no attribute 'empty'
2026-07-12 07:30:54,337 [WARNING] data.fetch — [fetch_analyst_data] LEU: 'dict' object has no attribute 'empty'
2026-07-12 07:31:00,117 [WARNING] data.fetch — [fetch_analyst_data] ADBE: 'dict' object has no attribute 'empty'
2026-07-12 07:31:00,394 [WARNING] data.fetch — [fetch_analyst_data] ABVX: 'dict' object has no attribute 'empty'
2026-07-12 07:31:00,538 [WARNING] data.fetch — [fetch_analyst_data] PG: 'dict' object has no attribute 'empty'
2026-07-12 07:31:00,698 [WARNING] data.fetch — [fetch_analyst_data] RZLV: 'dict' object has no attribute 'empty'
2026-07-12 07:31:00,705 [WARNING] data.fetch — [fetch_analyst_data] QBTS: 'dict' object has no attribute 'empty'
2026-07-12 07:31:06,413 [WARNING] data.fetch — [fetch_analyst_data] SNPS: 'dict' object has no attribute 'empty'
2026-07-12 07:31:06,771 [WARNING] data.fetch — [fetch_analyst_data] VOR: 'dict' object has no attribute 'empty'
2026-07-12 07:31:06,868 [WARNING] data.fetch — [fetch_analyst_data] ARQQ: 'dict' object has no attribute 'empty'
2026-07-12 07:31:07,024 [WARNING] data.fetch — [fetch_analyst_data] APP: 'dict' object has no attribute 'empty'
2026-07-12 07:31:07,130 [WARNING] data.fetch — [fetch_analyst_data] HD: 'dict' object has no attribute 'empty'
2026-07-12 07:31:12,817 [WARNING] data.fetch — [fetch_analyst_data] CHE: 'dict' object has no attribute 'empty'
2026-07-12 07:31:13,132 [WARNING] data.fetch — [fetch_analyst_data] COF: 'dict' object has no attribute 'empty'
2026-07-12 07:31:13,225 [WARNING] data.fetch — [fetch_analyst_data] TMO: 'dict' object has no attribute 'empty'
2026-07-12 07:31:13,361 [WARNING] data.fetch — [fetch_analyst_data] ACA: 'dict' object has no attribute 'empty'
2026-07-12 07:31:13,568 [WARNING] data.fetch — [fetch_analyst_data] RTX: 'dict' object has no attribute 'empty'
[시장분석] enrichment 완료
[Email] 페이퍼 트레이딩 알림 발송 완료 (매도 0건, 매수 0건, 재평가 0건, 재평가실패 0건, 후보 1건) → chunghwan14@gmail.com, roykim0311@gmail.com, ssamjungtan@naver.com
============================================================
[Unified Paper Trading] 완료
============================================================
