============================================================
[1단계] 전 종목 리스트 수집 및 기본 필터링
============================================================
[ticker_fetcher] 나스닥 FTP 서버에서 종목 리스트 다운로드 중...
[ticker_fetcher] 총 7384개 종목 로드 → 비표준 심볼 1178개 제거 → 6206개 보통주
[ticker_fetcher] 1단계 필터링 배치 1/42 (150개 종목)...
[ticker_fetcher] 1단계 필터링 배치 2/42 (150개 종목)...
[ticker_fetcher] 1단계 필터링 배치 3/42 (150개 종목)...
[ticker_fetcher] 1단계 필터링 배치 4/42 (150개 종목)...
[ticker_fetcher] 1단계 필터링 배치 5/42 (150개 종목)...
[ticker_fetcher] 1단계 필터링 배치 6/42 (150개 종목)...
[ticker_fetcher] 1단계 필터링 배치 7/42 (150개 종목)...
[ticker_fetcher] 1단계 필터링 배치 8/42 (150개 종목)...
[ticker_fetcher] 1단계 필터링 배치 9/42 (150개 종목)...
[ticker_fetcher] 1단계 필터링 배치 10/42 (150개 종목)...
[ticker_fetcher] 1단계 필터링 배치 11/42 (150개 종목)...
[ticker_fetcher] 1단계 필터링 배치 12/42 (150개 종목)...
[ticker_fetcher] 1단계 필터링 배치 13/42 (150개 종목)...
[ticker_fetcher] 1단계 필터링 배치 14/42 (150개 종목)...
[ticker_fetcher] 1단계 필터링 배치 15/42 (150개 종목)...
[ticker_fetcher] 1단계 필터링 배치 16/42 (150개 종목)...
[ticker_fetcher] 1단계 필터링 배치 17/42 (150개 종목)...
[ticker_fetcher] 1단계 필터링 배치 18/42 (150개 종목)...
[ticker_fetcher] 1단계 필터링 배치 19/42 (150개 종목)...
[ticker_fetcher] 1단계 필터링 배치 20/42 (150개 종목)...
[ticker_fetcher] 1단계 필터링 배치 21/42 (150개 종목)...
[ticker_fetcher] 1단계 필터링 배치 22/42 (150개 종목)...
[ticker_fetcher] 1단계 필터링 배치 23/42 (150개 종목)...
[ticker_fetcher] 1단계 필터링 배치 24/42 (150개 종목)...
[ticker_fetcher] 1단계 필터링 배치 25/42 (150개 종목)...
[ticker_fetcher] 1단계 필터링 배치 26/42 (150개 종목)...
[ticker_fetcher] 1단계 필터링 배치 27/42 (150개 종목)...
[ticker_fetcher] 1단계 필터링 배치 28/42 (150개 종목)...
[ticker_fetcher] 1단계 필터링 배치 29/42 (150개 종목)...
[ticker_fetcher] 1단계 필터링 배치 30/42 (150개 종목)...
[ticker_fetcher] 1단계 필터링 배치 31/42 (150개 종목)...
[ticker_fetcher] 1단계 필터링 배치 32/42 (150개 종목)...
[ticker_fetcher] 1단계 필터링 배치 33/42 (150개 종목)...
[ticker_fetcher] 1단계 필터링 배치 34/42 (150개 종목)...
[ticker_fetcher] 1단계 필터링 배치 35/42 (150개 종목)...
[ticker_fetcher] 1단계 필터링 배치 36/42 (150개 종목)...
[ticker_fetcher] 1단계 필터링 배치 37/42 (150개 종목)...
[ticker_fetcher] 1단계 필터링 배치 38/42 (150개 종목)...
[ticker_fetcher] 1단계 필터링 배치 39/42 (150개 종목)...
[ticker_fetcher] 1단계 필터링 배치 40/42 (150개 종목)...
[ticker_fetcher] 1단계 필터링 배치 41/42 (150개 종목)...
[ticker_fetcher] 1단계 필터링 배치 42/42 (56개 종목)...
[ticker_fetcher] 1단계 필터링 완료: 6206개 → 4117개 (가격 ≥ $1.0, 평균 거래량 ≥ 100,000)

============================================================
[2단계] 바닥 탈출 / 강세 돌파 후보 선별
============================================================
[2단계] 배치 1/28 (150개 종목 분석 중)...
[2단계] 배치 2/28 (150개 종목 분석 중)...
[2단계] 배치 3/28 (150개 종목 분석 중)...
[2단계] 배치 4/28 (150개 종목 분석 중)...
[2단계] 배치 5/28 (150개 종목 분석 중)...
[2단계] 배치 6/28 (150개 종목 분석 중)...
[2단계] 배치 7/28 (150개 종목 분석 중)...
[2단계] 배치 8/28 (150개 종목 분석 중)...
[2단계] 배치 9/28 (150개 종목 분석 중)...
[2단계] 배치 10/28 (150개 종목 분석 중)...
[2단계] 배치 11/28 (150개 종목 분석 중)...
[2단계] 배치 12/28 (150개 종목 분석 중)...
[2단계] 배치 13/28 (150개 종목 분석 중)...
[2단계] 배치 14/28 (150개 종목 분석 중)...
[2단계] 배치 15/28 (150개 종목 분석 중)...
[2단계] 배치 16/28 (150개 종목 분석 중)...
[2단계] 배치 17/28 (150개 종목 분석 중)...
[2단계] 배치 18/28 (150개 종목 분석 중)...
[2단계] 배치 19/28 (150개 종목 분석 중)...
[2단계] 배치 20/28 (150개 종목 분석 중)...
[2단계] 배치 21/28 (150개 종목 분석 중)...
[2단계] 배치 22/28 (150개 종목 분석 중)...
[2단계] 배치 23/28 (150개 종목 분석 중)...
[2단계] 배치 24/28 (150개 종목 분석 중)...
[2단계] 배치 25/28 (150개 종목 분석 중)...
[2단계] 배치 26/28 (150개 종목 분석 중)...
[2단계] 배치 27/28 (150개 종목 분석 중)...
[2단계] 배치 28/28 (67개 종목 분석 중)...
[2단계] 필터링 완료: 4117개 → 868개 후보 선별

============================================================
[3단계] 868개 후보 종목 정밀 분석
============================================================
[[NASDAQ/NYSE 분석]] 강한 섹터: {'Information Technology', 'Consumer Discretionary', 'Materials', 'Financials'}
[[NASDAQ/NYSE 분석]] Extreme model 'label_low' ROC 0.59, AP 0.47
[[NASDAQ/NYSE 분석]] Extreme model 'label_high' ROC 0.62, AP 0.48
[[NASDAQ/NYSE 분석]] Google Sheets 업데이트 완료 (217개 종목)
[Email] 바닥반등 10개 + 모멘텀 115개 = 총 125개 종목 리스트를 chunghwan14@gmail.com, ssamjungtan@naver.com로 발송 완료

============================================================
[[NASDAQ/NYSE 차트분석]] 이메일 대상 종목 차트 분석 시작
============================================================
[[NASDAQ/NYSE 차트분석]] 차트분석 대상 125개 종목: ['TSEM', 'VSAT', 'CIEN', 'CC', 'ERAS', 'APPF', 'SKM', 'XPO', 'AXTI', 'SFM', 'CENX', 'POWL', 'ONTO', 'ASX', 'SAIA', 'ESI', 'HUN', 'LUNR', 'VIRT', 'AUGO', 'SQM', 'ANNA', 'AMD', 'INTU', 'STX', 'MTSI', 'RVMD', 'FLEX', 'ON', 'TNGX', 'SYRE', 'ROKU', 'INTC', 'JBL', 'DELL', 'SATL', 'ACLS', 'CYCN', 'UCTT', 'AAOI', 'MS', 'ARW', 'CRUS', 'LITE', 'APLS', 'JBHT', 'ANET', 'IRDM', 'MPWR', 'AEHR', 'DBD', 'ITUB', 'C', 'BBD', 'STT', 'AMZN', 'SGML', 'TWST', 'LSCC', 'TER', 'CLS', 'FCX', 'BATL', 'BW', 'NTRS', 'VALE', 'SNDK', 'MRVL', 'CNTA', 'SNEX', 'TXN', 'FN', 'SITM', 'SMPL', 'ELVN', 'GSAT', 'CAR', 'STM', 'SNX', 'VRDN', 'SPHR', 'DNTH', 'GFS', 'UGRO', 'APGE', 'ALM', 'AMKR', 'LGN', 'PL', 'BK', 'AGX', 'WCC', 'CSTM', 'SMTC', 'NOK', 'R', 'SIDU', 'KNX', 'LFUS', 'IBKR', 'MYRG', 'LWLG', 'FORM', 'ORKA', 'ENS', 'RIO', 'ACHC', 'ENTG', 'NBIS', 'HPE', 'SATS', 'NUE', 'PCVX', 'HUT', 'ODFL', 'WEX', 'VIAV', 'TXG', 'ALB', 'WIX', 'COHR', 'SRPT', 'AVT', 'BE', 'BKSY']
[[NASDAQ/NYSE 차트분석]] Google Sheets 업데이트 완료 (125개 종목)
[Paper Trading] NASDAQ ranked_df 스냅샷 저장 완료 (217개 종목)

[요약] 전 종목 스캔 완료 – 총 2198.5초 (36.64분) 소요
