============================================================
[Unified Paper Trading] PT-1 실행 시작
============================================================
2026-10-11 09:48:44,785 [INFO] paper_trading.runner — [Runner] SP500 snapshot 로드: 130개 종목
[Unified PT] SP500 snapshot 로드: 130개 종목
2026-10-11 09:48:44,794 [INFO] paper_trading.runner — [Runner] NASDAQ snapshot 로드: 221개 종목
[Unified PT] NASDAQ snapshot 로드: 221개 종목
[Unified PT] 합산 완료: 337개 종목 (SP500 130 + NASDAQ 221개, 중복 제거 후)
[Unified PT] 거래일(일봉 날짜): 2026-10-09
[Unified PT] 골든크로스임박 종목: 48개
2026-10-11 09:48:45,340 [INFO] paper_trading.candidate_selector — [전략점수 분포] ~4.0: 88 | 4.0~5.0: 40 | 5.0~5.5: 33 | 5.5~6.0: 37 | 6.0+: 139
2026-10-11 09:48:45,363 [INFO] paper_trading.candidate_selector — [CandidateSelector] Regime=bull | Filtered=8/337 | Selected: ABT (CCS=0.5392)
2026-10-11 09:48:45,370 [INFO] paper_trading.engine — [PaperTrading] BUY ABT @ 99.60 (CCS=0.5392, RSI=42, upside P50=+5% P75=+8%)
[Unified PT] 매도=0 매수=1 보유=3종목
[Unified PT] 레짐=bull | 필터={'전략점수<6.0': 198, '바닥반등_52주과열': 3, '판단등급_미달': 110, '과열_차단': 6, '유동성_부족': 0, '어닝_임박': 1, '보유_중복': 0, '같은회사_중복': 0, '모멘텀_ADX부족': 7, '바닥_RSI데드존': 2, '섹터_집중': 2, '_통과': 8, '_전체': 337}
[Unified PT] Top5 후보:
  ABT    CCS=0.5392 전략=📉 바닥반등 섹터=Healthcare
  SCHW   CCS=0.5086 전략=📉 바닥반등 섹터=Financial Services
  TE     CCS=0.4975 전략=📉 바닥반등 섹터=Industrials
  FIGR   CCS=0.4864 전략=📉 바닥반등 섹터=Financial Services
  WULF   CCS=0.4820 전략=📉 바닥반등 섹터=Financial Services
2026-10-11 09:48:46,885 [INFO] paper_trading.sheet_sync — [SheetSync] 거래로그 append: BUY ABT
2026-10-11 09:48:48,159 [INFO] paper_trading.sheet_sync — [SheetSync] 포지션현황 업데이트: 3개 종목
2026-10-11 09:48:49,908 [INFO] paper_trading.sheet_sync — [SheetSync] 성과요약 업데이트: 52건 거래
[Unified PT] 구글 시트 동기화 완료
[OHLCV] 배치 다운로드 1/2 (50개 종목, period=2y)...
[OHLCV] 배치 다운로드 2/2 (3개 종목, period=2y)...
2026-10-11 09:48:54,597 [WARNING] data.validators — [DataValidator] 8건의 데이터 품질 경고 발생
2026-10-11 09:48:54,598 [WARNING] data.validators — [WARNING] BULL: 비정상 가격 변동 374.7% (2025-04-14) — 스플릿/데이터 오류 가능
2026-10-11 09:48:54,598 [WARNING] data.validators — [WARNING] CRCL: Close NaN 비율 32.3% (기준: 30%)
2026-10-11 09:48:54,598 [WARNING] data.validators — [WARNING] CRML: 비정상 가격 변동 55.4% (2025-10-13) — 스플릿/데이터 오류 가능
2026-10-11 09:48:54,598 [WARNING] data.validators — [WARNING] FIG: Close NaN 비율 39.9% (기준: 30%)
2026-10-11 09:48:54,598 [WARNING] data.validators — [WARNING] HTZ: 비정상 가격 변동 56.4% (2025-04-16) — 스플릿/데이터 오류 가능
2026-10-11 09:48:54,598 [WARNING] data.validators — [WARNING] LRN: 비정상 가격 변동 54.4% (2025-10-29) — 스플릿/데이터 오류 가능
2026-10-11 09:48:54,598 [WARNING] data.validators — [WARNING] QBTS: 비정상 가격 변동 51.2% (2025-05-08) — 스플릿/데이터 오류 가능
2026-10-11 09:48:54,598 [WARNING] data.validators — [WARNING] WYFI: Close NaN 비율 40.9% (기준: 30%)
[DataValidator] 8건의 데이터 품질 경고 발생
Warning:  BULL: 비정상 가격 변동 374.7% (2025-04-14) — 스플릿/데이터 오류 가능
Warning:  CRCL: Close NaN 비율 32.3% (기준: 30%)
Warning:  CRML: 비정상 가격 변동 55.4% (2025-10-13) — 스플릿/데이터 오류 가능
Warning:  FIG: Close NaN 비율 39.9% (기준: 30%)
Warning:  HTZ: 비정상 가격 변동 56.4% (2025-04-16) — 스플릿/데이터 오류 가능
Warning:  LRN: 비정상 가격 변동 54.4% (2025-10-29) — 스플릿/데이터 오류 가능
Warning:  QBTS: 비정상 가격 변동 51.2% (2025-05-08) — 스플릿/데이터 오류 가능
Warning:  WYFI: Close NaN 비율 40.9% (기준: 30%)
[Unified PT] $5,000 계좌 탭 '페이퍼_계좌' 동기화 완료
2026-10-11 09:48:56,158 [INFO] matplotlib.font_manager — Failed to extract font properties from /usr/share/fonts/truetype/noto/NotoColorEmoji.ttf: Non-scalable fonts are not supported
2026-10-11 09:48:56,169 [INFO] matplotlib.font_manager — generated new fontManager
2026-10-11 09:48:56,988 [WARNING] fpdf.output — Font MPDFAA+NanumGothic is missing the following glyphs: '📉' (\U0001f4c9), '📈' (\U0001f4c8)
2026-10-11 09:48:57,002 [INFO] fontTools.subset — maxp pruned
2026-10-11 09:48:57,002 [INFO] fontTools.subset — cmap pruned
2026-10-11 09:48:57,003 [INFO] fontTools.subset — post pruned
2026-10-11 09:48:57,003 [INFO] fontTools.subset — DSIG dropped
2026-10-11 09:48:57,003 [INFO] fontTools.subset — GPOS dropped
2026-10-11 09:48:57,003 [INFO] fontTools.subset — GSUB dropped
2026-10-11 09:48:57,003 [INFO] fontTools.subset — glyf pruned
2026-10-11 09:48:57,005 [INFO] fontTools.subset — Added gid0 to subset
2026-10-11 09:48:57,005 [INFO] fontTools.subset — Added first four glyphs to subset
2026-10-11 09:48:57,005 [INFO] fontTools.subset — Closing glyph list over 'glyf': 98 glyphs before
2026-10-11 09:48:57,005 [INFO] fontTools.subset — Glyph names: ['.notdef', 'A', 'B', 'C', 'D', 'E', 'F', 'G', 'H', 'I', 'L', 'M', 'N', 'O', 'P', 'Q', 'R', 'S', 'T', 'U', 'V', 'W', 'Y', 'a', 'arrowright', 'b', 'bar', 'c', 'colon', 'comma', 'copyright', 'd', 'dollar', 'e', 'eight', 'emdash', 'exclam', 'f', 'five', 'four', 'g', 'h', 'hyphen', 'i', 'k', 'l', 'm', 'n', 'nine', 'numbersign', 'o', 'one', 'p', 'parenleft', 'parenright', 'percent', 'period', 'periodcentered', 'plus', 'q', 'quotedbl', 'r', 's', 'seven', 'six', 'slash', 'space', 't', 'three', 'triagup', 'two', 'u', 'uniAC04', 'uniAD50', 'uniAE30', 'uniB2E5', 'uniB4F1', 'uniB808', 'uniB9C1', 'uniBA58', 'uniBAA8', 'uniBC14', 'uniBC18', 'uniBCF4', 'uniC2DC', 'uniC720', 'uniC775', 'uniC77C', 'uniC7A5', 'uniC808', 'uniCCB4', 'uniD140', 'uniD2B8', 'v', 'w', 'x', 'y', 'zero']
2026-10-11 09:48:57,005 [INFO] fontTools.subset — Glyph IDs:   [0, 1, 2, 3, 4, 5, 8, 9, 11, 12, 13, 14, 15, 16, 17, 18, 19, 20, 21, 22, 23, 24, 25, 26, 33, 34, 35, 36, 37, 38, 39, 40, 41, 44, 45, 46, 47, 48, 49, 50, 51, 52, 53, 54, 55, 57, 64, 65, 66, 67, 68, 69, 70, 71, 72, 74, 75, 76, 77, 78, 79, 80, 81, 82, 83, 84, 85, 86, 87, 88, 91, 96, 99, 104, 159, 162, 497, 607, 654, 928, 1042, 1177, 1267, 1310, 1326, 1397, 1401, 1458, 1751, 2013, 2043, 2045, 2067, 2091, 2308, 2518, 2576, 13296]
2026-10-11 09:48:57,005 [INFO] fontTools.subset — Closed glyph list over 'glyf': 98 glyphs after
2026-10-11 09:48:57,006 [INFO] fontTools.subset — Glyph names: ['.notdef', 'A', 'B', 'C', 'D', 'E', 'F', 'G', 'H', 'I', 'L', 'M', 'N', 'O', 'P', 'Q', 'R', 'S', 'T', 'U', 'V', 'W', 'Y', 'a', 'arrowright', 'b', 'bar', 'c', 'colon', 'comma', 'copyright', 'd', 'dollar', 'e', 'eight', 'emdash', 'exclam', 'f', 'five', 'four', 'g', 'h', 'hyphen', 'i', 'k', 'l', 'm', 'n', 'nine', 'numbersign', 'o', 'one', 'p', 'parenleft', 'parenright', 'percent', 'period', 'periodcentered', 'plus', 'q', 'quotedbl', 'r', 's', 'seven', 'six', 'slash', 'space', 't', 'three', 'triagup', 'two', 'u', 'uniAC04', 'uniAD50', 'uniAE30', 'uniB2E5', 'uniB4F1', 'uniB808', 'uniB9C1', 'uniBA58', 'uniBAA8', 'uniBC14', 'uniBC18', 'uniBCF4', 'uniC2DC', 'uniC720', 'uniC775', 'uniC77C', 'uniC7A5', 'uniC808', 'uniCCB4', 'uniD140', 'uniD2B8', 'v', 'w', 'x', 'y', 'zero']
2026-10-11 09:48:57,006 [INFO] fontTools.subset — Glyph IDs:   [0, 1, 2, 3, 4, 5, 8, 9, 11, 12, 13, 14, 15, 16, 17, 18, 19, 20, 21, 22, 23, 24, 25, 26, 33, 34, 35, 36, 37, 38, 39, 40, 41, 44, 45, 46, 47, 48, 49, 50, 51, 52, 53, 54, 55, 57, 64, 65, 66, 67, 68, 69, 70, 71, 72, 74, 75, 76, 77, 78, 79, 80, 81, 82, 83, 84, 85, 86, 87, 88, 91, 96, 99, 104, 159, 162, 497, 607, 654, 928, 1042, 1177, 1267, 1310, 1326, 1397, 1401, 1458, 1751, 2013, 2043, 2045, 2067, 2091, 2308, 2518, 2576, 13296]
2026-10-11 09:48:57,006 [INFO] fontTools.subset — Retaining 98 glyphs
2026-10-11 09:48:57,007 [INFO] fontTools.subset — head subsetting not needed
2026-10-11 09:48:57,007 [INFO] fontTools.subset — hhea subsetting not needed
2026-10-11 09:48:57,007 [INFO] fontTools.subset — maxp subsetting not needed
2026-10-11 09:48:57,007 [INFO] fontTools.subset — OS/2 subsetting not needed
2026-10-11 09:48:57,008 [INFO] fontTools.subset — hmtx subsetted
2026-10-11 09:48:57,009 [INFO] fontTools.subset — cmap subsetted
2026-10-11 09:48:57,010 [INFO] fontTools.subset — fpgm subsetting not needed
2026-10-11 09:48:57,010 [INFO] fontTools.subset — prep subsetting not needed
2026-10-11 09:48:57,010 [INFO] fontTools.subset — cvt  subsetting not needed
2026-10-11 09:48:57,010 [INFO] fontTools.subset — loca subsetting not needed
2026-10-11 09:48:57,010 [INFO] fontTools.subset — post subsetted
2026-10-11 09:48:57,010 [INFO] fontTools.subset — gasp subsetting not needed
2026-10-11 09:48:57,010 [INFO] fontTools.subset — name subsetting not needed
2026-10-11 09:48:57,012 [INFO] fontTools.subset — glyf subsetted
2026-10-11 09:48:57,013 [INFO] fontTools.subset — head pruned
2026-10-11 09:48:57,013 [INFO] fontTools.subset — OS/2 Unicode ranges pruned: [0, 1, 31, 37, 45, 56]
2026-10-11 09:48:57,013 [INFO] fontTools.subset — OS/2 CodePage ranges pruned: [0]
2026-10-11 09:48:57,014 [INFO] fontTools.subset — glyf pruned
2026-10-11 09:48:57,015 [INFO] fontTools.subset — name pruned
2026-10-11 09:48:57,035 [WARNING] fpdf.output — Font MPDFAA+NanumGothicBold is missing the following glyphs: '📉' (\U0001f4c9), '📈' (\U0001f4c8)
2026-10-11 09:48:57,035 [INFO] fontTools.subset — maxp pruned
2026-10-11 09:48:57,035 [INFO] fontTools.subset — cmap pruned
2026-10-11 09:48:57,036 [INFO] fontTools.subset — post pruned
2026-10-11 09:48:57,036 [INFO] fontTools.subset — DSIG dropped
2026-10-11 09:48:57,036 [INFO] fontTools.subset — GPOS dropped
2026-10-11 09:48:57,036 [INFO] fontTools.subset — GSUB dropped
2026-10-11 09:48:57,036 [INFO] fontTools.subset — glyf pruned
2026-10-11 09:48:57,037 [INFO] fontTools.subset — Added gid0 to subset
2026-10-11 09:48:57,037 [INFO] fontTools.subset — Added first four glyphs to subset
2026-10-11 09:48:57,037 [INFO] fontTools.subset — Closing glyph list over 'glyf': 98 glyphs before
2026-10-11 09:48:57,037 [INFO] fontTools.subset — Glyph names: ['.notdef', 'A', 'B', 'C', 'D', 'E', 'F', 'G', 'H', 'I', 'J', 'K', 'L', 'M', 'N', 'O', 'P', 'Q', 'R', 'S', 'T', 'U', 'V', 'W', 'X', 'Y', 'Z', 'a', 'ampersand', 'b', 'c', 'colon', 'd', 'dollar', 'e', 'eight', 'emdash', 'equal', 'exclam', 'f', 'five', 'four', 'g', 'h', 'hyphen', 'i', 'j', 'k', 'l', 'm', 'n', 'nine', 'numbersign', 'o', 'one', 'p', 'parenleft', 'parenright', 'percent', 'period', 'periodcentered', 'plus', 'q', 'quotedbl', 'quotesingle', 'r', 's', 'seven', 'six', 'slash', 'space', 't', 'three', 'two', 'u', 'uni2605', 'uniAC15', 'uniAC78', 'uniACE8', 'uniB2E5', 'uniB4E0', 'uniB4F1', 'uniB85C', 'uniBA58', 'uniBAA8', 'uniBC14', 'uniBC18', 'uniC138', 'uniC2A4', 'uniC789', 'uniD06C', 'uniD140', 'uniD551', 'v', 'w', 'x', 'y', 'zero']
2026-10-11 09:48:57,037 [INFO] fontTools.subset — Glyph IDs:   [0, 1, 2, 3, 4, 5, 6, 7, 8, 9, 11, 13, 14, 15, 16, 17, 18, 19, 20, 21, 22, 23, 24, 25, 26, 29, 33, 34, 35, 36, 37, 38, 39, 40, 41, 42, 43, 44, 45, 46, 47, 48, 49, 50, 51, 52, 53, 54, 55, 56, 57, 58, 64, 65, 66, 67, 68, 69, 70, 71, 72, 73, 74, 75, 76, 77, 78, 79, 80, 81, 82, 83, 84, 85, 86, 87, 88, 99, 104, 150, 505, 533, 573, 926, 1033, 1040, 1196, 1308, 1324, 1395, 1399, 1648, 1740, 2051, 2475, 2516, 2700, 13533]
2026-10-11 09:48:57,038 [INFO] fontTools.subset — Closed glyph list over 'glyf': 98 glyphs after
2026-10-11 09:48:57,038 [INFO] fontTools.subset — Glyph names: ['.notdef', 'A', 'B', 'C', 'D', 'E', 'F', 'G', 'H', 'I', 'J', 'K', 'L', 'M', 'N', 'O', 'P', 'Q', 'R', 'S', 'T', 'U', 'V', 'W', 'X', 'Y', 'Z', 'a', 'ampersand', 'b', 'c', 'colon', 'd', 'dollar', 'e', 'eight', 'emdash', 'equal', 'exclam', 'f', 'five', 'four', 'g', 'h', 'hyphen', 'i', 'j', 'k', 'l', 'm', 'n', 'nine', 'numbersign', 'o', 'one', 'p', 'parenleft', 'parenright', 'percent', 'period', 'periodcentered', 'plus', 'q', 'quotedbl', 'quotesingle', 'r', 's', 'seven', 'six', 'slash', 'space', 't', 'three', 'two', 'u', 'uni2605', 'uniAC15', 'uniAC78', 'uniACE8', 'uniB2E5', 'uniB4E0', 'uniB4F1', 'uniB85C', 'uniBA58', 'uniBAA8', 'uniBC14', 'uniBC18', 'uniC138', 'uniC2A4', 'uniC789', 'uniD06C', 'uniD140', 'uniD551', 'v', 'w', 'x', 'y', 'zero']
2026-10-11 09:48:57,038 [INFO] fontTools.subset — Glyph IDs:   [0, 1, 2, 3, 4, 5, 6, 7, 8, 9, 11, 13, 14, 15, 16, 17, 18, 19, 20, 21, 22, 23, 24, 25, 26, 29, 33, 34, 35, 36, 37, 38, 39, 40, 41, 42, 43, 44, 45, 46, 47, 48, 49, 50, 51, 52, 53, 54, 55, 56, 57, 58, 64, 65, 66, 67, 68, 69, 70, 71, 72, 73, 74, 75, 76, 77, 78, 79, 80, 81, 82, 83, 84, 85, 86, 87, 88, 99, 104, 150, 505, 533, 573, 926, 1033, 1040, 1196, 1308, 1324, 1395, 1399, 1648, 1740, 2051, 2475, 2516, 2700, 13533]
2026-10-11 09:48:57,039 [INFO] fontTools.subset — Retaining 98 glyphs
2026-10-11 09:48:57,039 [INFO] fontTools.subset — head subsetting not needed
2026-10-11 09:48:57,039 [INFO] fontTools.subset — hhea subsetting not needed
2026-10-11 09:48:57,039 [INFO] fontTools.subset — maxp subsetting not needed
2026-10-11 09:48:57,039 [INFO] fontTools.subset — OS/2 subsetting not needed
2026-10-11 09:48:57,040 [INFO] fontTools.subset — hmtx subsetted
2026-10-11 09:48:57,042 [INFO] fontTools.subset — cmap subsetted
2026-10-11 09:48:57,042 [INFO] fontTools.subset — fpgm subsetting not needed
2026-10-11 09:48:57,042 [INFO] fontTools.subset — prep subsetting not needed
2026-10-11 09:48:57,042 [INFO] fontTools.subset — cvt  subsetting not needed
2026-10-11 09:48:57,042 [INFO] fontTools.subset — loca subsetting not needed
2026-10-11 09:48:57,042 [INFO] fontTools.subset — post subsetted
2026-10-11 09:48:57,042 [INFO] fontTools.subset — gasp subsetting not needed
2026-10-11 09:48:57,042 [INFO] fontTools.subset — name subsetting not needed
2026-10-11 09:48:57,045 [INFO] fontTools.subset — glyf subsetted
2026-10-11 09:48:57,045 [INFO] fontTools.subset — head pruned
2026-10-11 09:48:57,045 [INFO] fontTools.subset — OS/2 Unicode ranges pruned: [0, 1, 31, 46, 56]
2026-10-11 09:48:57,045 [INFO] fontTools.subset — OS/2 CodePage ranges pruned: [0]
2026-10-11 09:48:57,046 [INFO] fontTools.subset — glyf pruned
2026-10-11 09:48:57,047 [INFO] fontTools.subset — name pruned
[Unified PT] PDF 리포트 생성 완료 (114,178 bytes)
[시장분석] 51개 종목 데이터 수집 중...
[시장분석] enrichment 완료
[Email] 페이퍼 트레이딩 알림 발송 완료 (PDF 첨부) (매도 0건, 매수 1건, 재평가 0건, 재평가실패 0건, 후보 5건) → chunghwan14@gmail.com
============================================================
[Unified Paper Trading] 완료
============================================================
