============================================================
[Unified Paper Trading] SP500 + NASDAQ/NYSE 통합 실행 시작
============================================================
2026-08-01 07:02:11,772 [INFO] paper_trading.runner — [Runner] SP500 snapshot 로드: 129개 종목
[Unified PT] SP500 snapshot 로드: 129개 종목
2026-08-01 07:02:11,781 [INFO] paper_trading.runner — [Runner] NASDAQ snapshot 로드: 199개 종목
[Unified PT] NASDAQ snapshot 로드: 199개 종목
[Unified PT] 합산 완료: 322개 종목 (SP500 129 + NASDAQ 199개, 중복 제거 후)
[Unified PT] 골든크로스임박 종목: 66개
2026-08-01 07:02:12,656 [INFO] paper_trading.candidate_selector — [전략점수 분포] ~4.0: 93 | 4.0~5.0: 50 | 5.0~5.5: 36 | 5.5~6.0: 20 | 6.0+: 123
2026-08-01 07:02:12,675 [INFO] paper_trading.candidate_selector — [CandidateSelector] Regime=bull | Filtered=11/322 | Selected: C (CCS=0.5781)
2026-08-01 07:02:12,687 [INFO] paper_trading.engine — [PaperTrading] 교체 기준 미달 — 매수 안 함
[Unified PT] 매도=0 매수=0 보유=3종목
[Unified PT] 레짐=bull | 필터={'전략점수<6.0': 199, '바닥반등_52주과열': 0, '판단등급_미달': 97, '과열_차단': 2, '유동성_부족': 0, '어닝_임박': 0, '보유_중복': 2, '모멘텀_ADX부족': 5, '바닥_RSI데드존': 1, '섹터_집중': 5, '_통과': 11, '_전체': 322}
[Unified PT] 스킵 사유: 교체_미달
[Unified PT] Top5 후보:
  C      CCS=0.5781 전략=📈 모멘텀 섹터=Financial Services
  PWR    CCS=0.5699 전략=📈 모멘텀 섹터=Industrials
  LRN    CCS=0.5518 전략=📉 바닥반등 섹터=Consumer Defensive
  IREN   CCS=0.4763 전략=📉 바닥반등 섹터=Financial Services
  BBAI   CCS=0.4689 전략=📉 바닥반등 섹터=Unknown
2026-08-01 07:02:14,031 [INFO] paper_trading.sheet_sync — [SheetSync] 포지션현황 업데이트: 3개 종목
2026-08-01 07:02:15,239 [INFO] paper_trading.sheet_sync — [SheetSync] 성과요약 업데이트: 33건 거래
[Unified PT] 구글 시트 동기화 완료
[시장분석] 73개 종목 데이터 수집 중...
2026-08-01 07:02:21,695 [WARNING] data.fetch — [fetch_analyst_data] LRN: 'dict' object has no attribute 'empty'
2026-08-01 07:02:21,821 [WARNING] data.fetch — [fetch_analyst_data] IREN: 'dict' object has no attribute 'empty'
2026-08-01 07:02:21,924 [WARNING] data.fetch — [fetch_analyst_data] BBAI: 'dict' object has no attribute 'empty'
2026-08-01 07:02:21,933 [WARNING] data.fetch — [fetch_analyst_data] PWR: 'dict' object has no attribute 'empty'
2026-08-01 07:02:21,960 [WARNING] data.fetch — [fetch_analyst_data] C: 'dict' object has no attribute 'empty'
2026-08-01 07:02:28,097 [WARNING] data.fetch — [fetch_analyst_data] MSFT: 'dict' object has no attribute 'empty'
2026-08-01 07:02:28,180 [WARNING] data.fetch — [fetch_analyst_data] SMCI: 'dict' object has no attribute 'empty'
2026-08-01 07:02:28,304 [WARNING] data.fetch — [fetch_analyst_data] MA: 'dict' object has no attribute 'empty'
2026-08-01 07:02:28,373 [WARNING] data.fetch — [fetch_analyst_data] IBM: 'dict' object has no attribute 'empty'
2026-08-01 07:02:28,416 [WARNING] data.fetch — [fetch_analyst_data] SHW: 'dict' object has no attribute 'empty'
2026-08-01 07:02:34,416 [WARNING] data.fetch — [fetch_analyst_data] UTZ: 'dict' object has no attribute 'empty'
2026-08-01 07:02:34,620 [WARNING] data.fetch — [fetch_analyst_data] HD: 'dict' object has no attribute 'empty'
2026-08-01 07:02:34,658 [WARNING] data.fetch — [fetch_analyst_data] BKNG: 'dict' object has no attribute 'empty'
2026-08-01 07:02:34,841 [WARNING] data.fetch — [fetch_analyst_data] CRM: 'dict' object has no attribute 'empty'
2026-08-01 07:02:34,846 [WARNING] data.fetch — [fetch_analyst_data] TJX: 'dict' object has no attribute 'empty'
2026-08-01 07:02:40,750 [WARNING] data.fetch — [fetch_analyst_data] GILD: 'dict' object has no attribute 'empty'
2026-08-01 07:02:41,039 [WARNING] data.fetch — [fetch_analyst_data] VZ: 'dict' object has no attribute 'empty'
2026-08-01 07:02:41,060 [WARNING] data.fetch — [fetch_analyst_data] PODD: 'dict' object has no attribute 'empty'
2026-08-01 07:02:41,202 [WARNING] data.fetch — [fetch_analyst_data] TME: 'dict' object has no attribute 'empty'
2026-08-01 07:02:41,268 [WARNING] data.fetch — [fetch_analyst_data] PFE: 'dict' object has no attribute 'empty'
2026-08-01 07:02:47,050 [WARNING] data.fetch — [fetch_analyst_data] IT: 'dict' object has no attribute 'empty'
2026-08-01 07:02:47,397 [WARNING] data.fetch — [fetch_analyst_data] ORLY: 'dict' object has no attribute 'empty'
2026-08-01 07:02:47,439 [WARNING] data.fetch — [fetch_analyst_data] COP: 'dict' object has no attribute 'empty'
2026-08-01 07:02:47,599 [WARNING] data.fetch — [fetch_analyst_data] FCX: 'dict' object has no attribute 'empty'
2026-08-01 07:02:47,652 [WARNING] data.fetch — [fetch_analyst_data] ADBE: 'dict' object has no attribute 'empty'
2026-08-01 07:02:53,421 [WARNING] data.fetch — [fetch_analyst_data] AVGO: 'dict' object has no attribute 'empty'
2026-08-01 07:02:53,770 [WARNING] data.fetch — [fetch_analyst_data] WHD: 'dict' object has no attribute 'empty'
2026-08-01 07:02:53,886 [WARNING] data.fetch — [fetch_analyst_data] HON: 'dict' object has no attribute 'empty'
2026-08-01 07:02:54,000 [WARNING] data.fetch — [fetch_analyst_data] NOW: 'dict' object has no attribute 'empty'
2026-08-01 07:02:54,024 [WARNING] data.fetch — [fetch_analyst_data] COST: 'dict' object has no attribute 'empty'
2026-08-01 07:02:59,754 [WARNING] data.fetch — [fetch_analyst_data] FISV: 'dict' object has no attribute 'empty'
2026-08-01 07:03:00,083 [WARNING] data.fetch — [fetch_analyst_data] KD: 'dict' object has no attribute 'empty'
2026-08-01 07:03:00,285 [WARNING] data.fetch — [fetch_analyst_data] PEP: 'dict' object has no attribute 'empty'
2026-08-01 07:03:00,324 [WARNING] data.fetch — [fetch_analyst_data] PLNT: 'dict' object has no attribute 'empty'
2026-08-01 07:03:00,378 [WARNING] data.fetch — [fetch_analyst_data] HCA: 'dict' object has no attribute 'empty'
2026-08-01 07:03:06,133 [WARNING] data.fetch — [fetch_analyst_data] MCD: 'dict' object has no attribute 'empty'
2026-08-01 07:03:06,635 [WARNING] data.fetch — [fetch_analyst_data] CMCSA: 'dict' object has no attribute 'empty'
2026-08-01 07:03:06,709 [WARNING] data.fetch — [fetch_analyst_data] CNXC: 'dict' object has no attribute 'empty'
2026-08-01 07:03:06,719 [WARNING] data.fetch — [fetch_analyst_data] WIX: 'dict' object has no attribute 'empty'
2026-08-01 07:03:06,746 [WARNING] data.fetch — [fetch_analyst_data] EPAM: 'dict' object has no attribute 'empty'
2026-08-01 07:03:12,485 [WARNING] data.fetch — [fetch_analyst_data] ACN: 'dict' object has no attribute 'empty'
2026-08-01 07:03:13,034 [WARNING] data.fetch — [fetch_analyst_data] BMNR: 'dict' object has no attribute 'empty'
2026-08-01 07:03:13,065 [WARNING] data.fetch — [fetch_analyst_data] HUBS: 'dict' object has no attribute 'empty'
2026-08-01 07:03:13,135 [WARNING] data.fetch — [fetch_analyst_data] MPWR: 'dict' object has no attribute 'empty'
2026-08-01 07:03:13,159 [WARNING] data.fetch — [fetch_analyst_data] LEU: 'dict' object has no attribute 'empty'
2026-08-01 07:03:18,823 [WARNING] data.fetch — [fetch_analyst_data] INTU: 'dict' object has no attribute 'empty'
2026-08-01 07:03:19,467 [WARNING] data.fetch — [fetch_analyst_data] TSCO: 'dict' object has no attribute 'empty'
2026-08-01 07:03:19,473 [WARNING] data.fetch — [fetch_analyst_data] LCID: 'dict' object has no attribute 'empty'
2026-08-01 07:03:19,529 [WARNING] data.fetch — [fetch_analyst_data] GLOB: 'dict' object has no attribute 'empty'
2026-08-01 07:03:19,539 [WARNING] data.fetch — [fetch_analyst_data] ZG: 'dict' object has no attribute 'empty'
2026-08-01 07:03:25,125 [WARNING] data.fetch — [fetch_analyst_data] Z: 'dict' object has no attribute 'empty'
2026-08-01 07:03:25,783 [WARNING] data.fetch — [fetch_analyst_data] SYM: 'dict' object has no attribute 'empty'
2026-08-01 07:03:25,876 [WARNING] data.fetch — [fetch_analyst_data] SNAP: 'dict' object has no attribute 'empty'
2026-08-01 07:03:25,886 [WARNING] data.fetch — [fetch_analyst_data] CLRO: 'dict' object has no attribute 'empty'
2026-08-01 07:03:25,917 [WARNING] data.fetch — [fetch_analyst_data] CRK: 'dict' object has no attribute 'empty'
2026-08-01 07:03:31,431 [WARNING] data.fetch — [fetch_analyst_data] HIMS: 'dict' object has no attribute 'empty'
2026-08-01 07:03:32,290 [WARNING] data.fetch — [fetch_analyst_data] PG: 'dict' object has no attribute 'empty'
2026-08-01 07:03:32,305 [WARNING] data.fetch — [fetch_analyst_data] GLXY: 'dict' object has no attribute 'empty'
2026-08-01 07:03:32,362 [WARNING] data.fetch — [fetch_analyst_data] HOOD: 'dict' object has no attribute 'empty'
2026-08-01 07:03:32,365 [WARNING] data.fetch — [fetch_analyst_data] CRWV: 'dict' object has no attribute 'empty'
2026-08-01 07:03:37,747 [WARNING] data.fetch — [fetch_analyst_data] APP: 'dict' object has no attribute 'empty'
2026-08-01 07:03:38,707 [WARNING] data.fetch — [fetch_analyst_data] QUBT: 'dict' object has no attribute 'empty'
2026-08-01 07:03:38,738 [WARNING] data.fetch — [fetch_analyst_data] PGY: 'dict' object has no attribute 'empty'
2026-08-01 07:03:38,775 [WARNING] data.fetch — [fetch_analyst_data] QBTS: 'dict' object has no attribute 'empty'
2026-08-01 07:03:38,789 [WARNING] data.fetch — [fetch_analyst_data] STUB: 'dict' object has no attribute 'empty'
2026-08-01 07:03:44,101 [WARNING] data.fetch — [fetch_analyst_data] COF: 'dict' object has no attribute 'empty'
2026-08-01 07:03:45,036 [WARNING] data.fetch — [fetch_analyst_data] BULL: 'dict' object has no attribute 'empty'
2026-08-01 07:03:45,080 [WARNING] data.fetch — [fetch_analyst_data] ADVB: 'dict' object has no attribute 'empty'
2026-08-01 07:03:45,116 [WARNING] data.fetch — [fetch_analyst_data] META: 'dict' object has no attribute 'empty'
2026-08-01 07:03:45,165 [WARNING] data.fetch — [fetch_analyst_data] SPGI: 'dict' object has no attribute 'empty'
2026-08-01 07:03:50,420 [WARNING] data.fetch — [fetch_analyst_data] CDNS: 'dict' object has no attribute 'empty'
2026-08-01 07:03:51,368 [WARNING] data.fetch — [fetch_analyst_data] PARR: 'dict' object has no attribute 'empty'
2026-08-01 07:03:51,419 [WARNING] data.fetch — [fetch_analyst_data] WDC: 'dict' object has no attribute 'empty'
[시장분석] enrichment 완료
[Email] 페이퍼 트레이딩 알림 발송 완료 (매도 0건, 매수 0건, 재평가 0건, 재평가실패 0건, 후보 5건) → chunghwan14@gmail.com, roykim0311@gmail.com, ssamjungtan@naver.com
============================================================
[Unified Paper Trading] 완료
============================================================
