============================================================
[Unified Paper Trading] SP500 + NASDAQ/NYSE 통합 실행 시작
============================================================
2026-06-06 07:42:03,802 [INFO] paper_trading.runner — [Runner] SP500 snapshot 로드: 130개 종목
[Unified PT] SP500 snapshot 로드: 130개 종목
2026-06-06 07:42:03,811 [INFO] paper_trading.runner — [Runner] NASDAQ snapshot 로드: 199개 종목
[Unified PT] NASDAQ snapshot 로드: 199개 종목
[Unified PT] 합산 완료: 324개 종목 (SP500 130 + NASDAQ 199개, 중복 제거 후)
[Unified PT] 골든크로스임박 종목: 52개
2026-06-06 07:42:04,756 [INFO] paper_trading.candidate_selector — [전략점수 분포] ~4.0: 117 | 4.0~5.0: 28 | 5.0~5.5: 23 | 5.5~6.0: 29 | 6.0+: 127
2026-06-06 07:42:04,775 [INFO] paper_trading.candidate_selector — [CandidateSelector] Regime=bull | Filtered=9/324 | Selected: AVGO (CCS=0.6656)
2026-06-06 07:42:04,787 [INFO] paper_trading.engine — [PaperTrading] REPLACE CRDO → AVGO @ 385.73
[Unified PT] 매도=1 매수=1 보유=3종목
[Unified PT] 레짐=bull | 필터={'전략점수<6.0': 197, '바닥반등_52주과열': 2, '판단등급_미달': 110, '과열_차단': 1, '유동성_부족': 0, '어닝_임박': 0, '보유_중복': 3, '모멘텀_ADX부족': 1, '바닥_RSI데드존': 1, '섹터_집중': 0, '_통과': 9, '_전체': 324}
[Unified PT] Top5 후보:
  AVGO   CCS=0.6656 전략=📉 바닥반등 섹터=Technology
  MCHP   CCS=0.6032 전략=📈 모멘텀 섹터=Technology
  LEU    CCS=0.5035 전략=📉 바닥반등 섹터=Energy
  CBRL   CCS=0.4868 전략=📈 모멘텀 섹터=Unknown
  ASPI   CCS=0.4855 전략=📈 모멘텀 섹터=Unknown
2026-06-06 07:42:05,837 [INFO] paper_trading.sheet_sync — [SheetSync] 거래로그 append: SELL CRDO
2026-06-06 07:42:06,643 [INFO] paper_trading.sheet_sync — [SheetSync] 거래로그 append: BUY AVGO
2026-06-06 07:42:07,848 [INFO] paper_trading.sheet_sync — [SheetSync] 포지션현황 업데이트: 3개 종목
2026-06-06 07:42:09,095 [INFO] paper_trading.sheet_sync — [SheetSync] 성과요약 업데이트: 19건 거래
[Unified PT] 구글 시트 동기화 완료
2026-06-06 07:42:09,360 [INFO] matplotlib.font_manager — Failed to extract font properties from /usr/share/fonts/truetype/noto/NotoColorEmoji.ttf: Can not load face (unknown file format; error code 0x2)
2026-06-06 07:42:09,377 [INFO] matplotlib.font_manager — generated new fontManager
2026-06-06 07:42:10,236 [WARNING] fpdf.output — Font MPDFAA+NanumGothic is missing the following glyphs: '📉' (\U0001f4c9), '📈' (\U0001f4c8)
2026-06-06 07:42:10,238 [INFO] fontTools.subset — maxp pruned
2026-06-06 07:42:10,239 [INFO] fontTools.subset — cmap pruned
2026-06-06 07:42:10,240 [INFO] fontTools.subset — post pruned
2026-06-06 07:42:10,240 [INFO] fontTools.subset — DSIG dropped
2026-06-06 07:42:10,240 [INFO] fontTools.subset — GPOS dropped
2026-06-06 07:42:10,240 [INFO] fontTools.subset — GSUB dropped
2026-06-06 07:42:10,240 [INFO] fontTools.subset — glyf pruned
2026-06-06 07:42:10,241 [INFO] fontTools.subset — Added gid0 to subset
2026-06-06 07:42:10,241 [INFO] fontTools.subset — Added first four glyphs to subset
2026-06-06 07:42:10,242 [INFO] fontTools.subset — Closing glyph list over 'glyf': 98 glyphs before
2026-06-06 07:42:10,242 [INFO] fontTools.subset — Glyph names: ['.notdef', 'A', 'B', 'C', 'D', 'E', 'F', 'G', 'H', 'I', 'L', 'M', 'N', 'O', 'P', 'Q', 'R', 'S', 'T', 'U', 'V', 'W', 'Y', 'a', 'arrowright', 'b', 'bar', 'c', 'colon', 'comma', 'copyright', 'd', 'dollar', 'e', 'eight', 'emdash', 'exclam', 'f', 'five', 'four', 'g', 'h', 'hyphen', 'i', 'k', 'l', 'm', 'n', 'nine', 'numbersign', 'o', 'one', 'p', 'parenleft', 'parenright', 'percent', 'period', 'periodcentered', 'plus', 'q', 'quotedbl', 'r', 's', 'seven', 'six', 'slash', 'space', 't', 'three', 'triagup', 'two', 'u', 'uniAC00', 'uniAC04', 'uniAD50', 'uniB2E5', 'uniB4F1', 'uniB808', 'uniB9C1', 'uniBA58', 'uniBAA8', 'uniBAA9', 'uniBC14', 'uniBC18', 'uniC190', 'uniC2DC', 'uniC775', 'uniC77C', 'uniC808', 'uniCCB4', 'uniD140', 'uniD2B8', 'uniD45C', 'v', 'w', 'x', 'y', 'zero']
2026-06-06 07:42:10,242 [INFO] fontTools.subset — Glyph IDs:   [0, 1, 2, 3, 4, 5, 8, 9, 11, 12, 13, 14, 15, 16, 17, 18, 19, 20, 21, 22, 23, 24, 25, 26, 33, 34, 35, 36, 37, 38, 39, 40, 41, 44, 45, 46, 47, 48, 49, 50, 51, 52, 53, 54, 55, 57, 64, 65, 66, 67, 68, 69, 70, 71, 72, 74, 75, 76, 77, 78, 79, 80, 81, 82, 83, 84, 85, 86, 87, 88, 91, 96, 99, 104, 159, 162, 495, 497, 607, 928, 1042, 1177, 1267, 1310, 1326, 1327, 1397, 1401, 1675, 1751, 2043, 2045, 2091, 2308, 2518, 2576, 2661, 13296]
2026-06-06 07:42:10,243 [INFO] fontTools.subset — Closed glyph list over 'glyf': 98 glyphs after
2026-06-06 07:42:10,243 [INFO] fontTools.subset — Glyph names: ['.notdef', 'A', 'B', 'C', 'D', 'E', 'F', 'G', 'H', 'I', 'L', 'M', 'N', 'O', 'P', 'Q', 'R', 'S', 'T', 'U', 'V', 'W', 'Y', 'a', 'arrowright', 'b', 'bar', 'c', 'colon', 'comma', 'copyright', 'd', 'dollar', 'e', 'eight', 'emdash', 'exclam', 'f', 'five', 'four', 'g', 'h', 'hyphen', 'i', 'k', 'l', 'm', 'n', 'nine', 'numbersign', 'o', 'one', 'p', 'parenleft', 'parenright', 'percent', 'period', 'periodcentered', 'plus', 'q', 'quotedbl', 'r', 's', 'seven', 'six', 'slash', 'space', 't', 'three', 'triagup', 'two', 'u', 'uniAC00', 'uniAC04', 'uniAD50', 'uniB2E5', 'uniB4F1', 'uniB808', 'uniB9C1', 'uniBA58', 'uniBAA8', 'uniBAA9', 'uniBC14', 'uniBC18', 'uniC190', 'uniC2DC', 'uniC775', 'uniC77C', 'uniC808', 'uniCCB4', 'uniD140', 'uniD2B8', 'uniD45C', 'v', 'w', 'x', 'y', 'zero']
2026-06-06 07:42:10,243 [INFO] fontTools.subset — Glyph IDs:   [0, 1, 2, 3, 4, 5, 8, 9, 11, 12, 13, 14, 15, 16, 17, 18, 19, 20, 21, 22, 23, 24, 25, 26, 33, 34, 35, 36, 37, 38, 39, 40, 41, 44, 45, 46, 47, 48, 49, 50, 51, 52, 53, 54, 55, 57, 64, 65, 66, 67, 68, 69, 70, 71, 72, 74, 75, 76, 77, 78, 79, 80, 81, 82, 83, 84, 85, 86, 87, 88, 91, 96, 99, 104, 159, 162, 495, 497, 607, 928, 1042, 1177, 1267, 1310, 1326, 1327, 1397, 1401, 1675, 1751, 2043, 2045, 2091, 2308, 2518, 2576, 2661, 13296]
2026-06-06 07:42:10,243 [INFO] fontTools.subset — Retaining 98 glyphs
2026-06-06 07:42:10,244 [INFO] fontTools.subset — head subsetting not needed
2026-06-06 07:42:10,244 [INFO] fontTools.subset — hhea subsetting not needed
2026-06-06 07:42:10,244 [INFO] fontTools.subset — maxp subsetting not needed
2026-06-06 07:42:10,244 [INFO] fontTools.subset — OS/2 subsetting not needed
2026-06-06 07:42:10,244 [INFO] fontTools.subset — hmtx subsetted
2026-06-06 07:42:10,246 [INFO] fontTools.subset — cmap subsetted
2026-06-06 07:42:10,246 [INFO] fontTools.subset — fpgm subsetting not needed
2026-06-06 07:42:10,246 [INFO] fontTools.subset — prep subsetting not needed
2026-06-06 07:42:10,246 [INFO] fontTools.subset — cvt  subsetting not needed
2026-06-06 07:42:10,246 [INFO] fontTools.subset — loca subsetting not needed
2026-06-06 07:42:10,246 [INFO] fontTools.subset — post subsetted
2026-06-06 07:42:10,246 [INFO] fontTools.subset — gasp subsetting not needed
2026-06-06 07:42:10,246 [INFO] fontTools.subset — name subsetting not needed
2026-06-06 07:42:10,248 [INFO] fontTools.subset — glyf subsetted
2026-06-06 07:42:10,249 [INFO] fontTools.subset — head pruned
2026-06-06 07:42:10,249 [INFO] fontTools.subset — OS/2 Unicode ranges pruned: [0, 1, 31, 37, 45, 56]
2026-06-06 07:42:10,249 [INFO] fontTools.subset — OS/2 CodePage ranges pruned: [0]
2026-06-06 07:42:10,250 [INFO] fontTools.subset — glyf pruned
2026-06-06 07:42:10,251 [INFO] fontTools.subset — name pruned
2026-06-06 07:42:10,271 [WARNING] fpdf.output — Font MPDFAA+NanumGothicBold is missing the following glyphs: '📈' (\U0001f4c8), '📉' (\U0001f4c9)
2026-06-06 07:42:10,271 [INFO] fontTools.subset — maxp pruned
2026-06-06 07:42:10,271 [INFO] fontTools.subset — cmap pruned
2026-06-06 07:42:10,271 [INFO] fontTools.subset — post pruned
2026-06-06 07:42:10,272 [INFO] fontTools.subset — DSIG dropped
2026-06-06 07:42:10,272 [INFO] fontTools.subset — GPOS dropped
2026-06-06 07:42:10,272 [INFO] fontTools.subset — GSUB dropped
2026-06-06 07:42:10,272 [INFO] fontTools.subset — glyf pruned
2026-06-06 07:42:10,273 [INFO] fontTools.subset — Added gid0 to subset
2026-06-06 07:42:10,273 [INFO] fontTools.subset — Added first four glyphs to subset
2026-06-06 07:42:10,273 [INFO] fontTools.subset — Closing glyph list over 'glyf': 94 glyphs before
2026-06-06 07:42:10,273 [INFO] fontTools.subset — Glyph names: ['.notdef', 'A', 'B', 'C', 'D', 'E', 'F', 'G', 'H', 'I', 'J', 'K', 'L', 'M', 'N', 'O', 'P', 'Q', 'R', 'S', 'T', 'U', 'V', 'W', 'X', 'Y', 'Z', 'a', 'ampersand', 'b', 'c', 'colon', 'd', 'dollar', 'e', 'eight', 'emdash', 'equal', 'exclam', 'f', 'five', 'four', 'g', 'h', 'hyphen', 'i', 'j', 'k', 'l', 'm', 'n', 'nine', 'numbersign', 'o', 'one', 'p', 'parenleft', 'parenright', 'percent', 'period', 'periodcentered', 'plus', 'q', 'quotedbl', 'quotesingle', 'r', 's', 'seven', 'six', 'slash', 'space', 't', 'three', 'two', 'u', 'uni2605', 'uniB20C', 'uniB2E5', 'uniB4F1', 'uniB9BC', 'uniBA58', 'uniBAA8', 'uniBAA9', 'uniBC14', 'uniBC18', 'uniBC30', 'uniC5F4', 'uniC815', 'uniD140', 'v', 'w', 'x', 'y', 'zero']
2026-06-06 07:42:10,273 [INFO] fontTools.subset — Glyph IDs:   [0, 1, 2, 3, 4, 5, 6, 7, 8, 9, 11, 13, 14, 15, 16, 17, 18, 19, 20, 21, 22, 23, 24, 25, 26, 29, 33, 34, 35, 36, 37, 38, 39, 40, 41, 42, 43, 44, 45, 46, 47, 48, 49, 50, 51, 52, 53, 54, 55, 56, 57, 58, 64, 65, 66, 67, 68, 69, 70, 71, 72, 73, 74, 75, 76, 77, 78, 79, 80, 81, 82, 83, 84, 85, 86, 87, 88, 99, 104, 150, 881, 926, 1040, 1262, 1308, 1324, 1325, 1395, 1399, 1410, 1915, 2094, 2516, 13533]
2026-06-06 07:42:10,273 [INFO] fontTools.subset — Closed glyph list over 'glyf': 94 glyphs after
2026-06-06 07:42:10,274 [INFO] fontTools.subset — Glyph names: ['.notdef', 'A', 'B', 'C', 'D', 'E', 'F', 'G', 'H', 'I', 'J', 'K', 'L', 'M', 'N', 'O', 'P', 'Q', 'R', 'S', 'T', 'U', 'V', 'W', 'X', 'Y', 'Z', 'a', 'ampersand', 'b', 'c', 'colon', 'd', 'dollar', 'e', 'eight', 'emdash', 'equal', 'exclam', 'f', 'five', 'four', 'g', 'h', 'hyphen', 'i', 'j', 'k', 'l', 'm', 'n', 'nine', 'numbersign', 'o', 'one', 'p', 'parenleft', 'parenright', 'percent', 'period', 'periodcentered', 'plus', 'q', 'quotedbl', 'quotesingle', 'r', 's', 'seven', 'six', 'slash', 'space', 't', 'three', 'two', 'u', 'uni2605', 'uniB20C', 'uniB2E5', 'uniB4F1', 'uniB9BC', 'uniBA58', 'uniBAA8', 'uniBAA9', 'uniBC14', 'uniBC18', 'uniBC30', 'uniC5F4', 'uniC815', 'uniD140', 'v', 'w', 'x', 'y', 'zero']
2026-06-06 07:42:10,274 [INFO] fontTools.subset — Glyph IDs:   [0, 1, 2, 3, 4, 5, 6, 7, 8, 9, 11, 13, 14, 15, 16, 17, 18, 19, 20, 21, 22, 23, 24, 25, 26, 29, 33, 34, 35, 36, 37, 38, 39, 40, 41, 42, 43, 44, 45, 46, 47, 48, 49, 50, 51, 52, 53, 54, 55, 56, 57, 58, 64, 65, 66, 67, 68, 69, 70, 71, 72, 73, 74, 75, 76, 77, 78, 79, 80, 81, 82, 83, 84, 85, 86, 87, 88, 99, 104, 150, 881, 926, 1040, 1262, 1308, 1324, 1325, 1395, 1399, 1410, 1915, 2094, 2516, 13533]
2026-06-06 07:42:10,274 [INFO] fontTools.subset — Retaining 94 glyphs
2026-06-06 07:42:10,275 [INFO] fontTools.subset — head subsetting not needed
2026-06-06 07:42:10,275 [INFO] fontTools.subset — hhea subsetting not needed
2026-06-06 07:42:10,275 [INFO] fontTools.subset — maxp subsetting not needed
2026-06-06 07:42:10,275 [INFO] fontTools.subset — OS/2 subsetting not needed
2026-06-06 07:42:10,275 [INFO] fontTools.subset — hmtx subsetted
2026-06-06 07:42:10,277 [INFO] fontTools.subset — cmap subsetted
2026-06-06 07:42:10,277 [INFO] fontTools.subset — fpgm subsetting not needed
2026-06-06 07:42:10,277 [INFO] fontTools.subset — prep subsetting not needed
2026-06-06 07:42:10,277 [INFO] fontTools.subset — cvt  subsetting not needed
2026-06-06 07:42:10,277 [INFO] fontTools.subset — loca subsetting not needed
2026-06-06 07:42:10,277 [INFO] fontTools.subset — post subsetted
2026-06-06 07:42:10,277 [INFO] fontTools.subset — gasp subsetting not needed
2026-06-06 07:42:10,277 [INFO] fontTools.subset — name subsetting not needed
2026-06-06 07:42:10,280 [INFO] fontTools.subset — glyf subsetted
2026-06-06 07:42:10,280 [INFO] fontTools.subset — head pruned
2026-06-06 07:42:10,280 [INFO] fontTools.subset — OS/2 Unicode ranges pruned: [0, 1, 31, 46, 56]
2026-06-06 07:42:10,280 [INFO] fontTools.subset — OS/2 CodePage ranges pruned: [0]
2026-06-06 07:42:10,281 [INFO] fontTools.subset — glyf pruned
2026-06-06 07:42:10,282 [INFO] fontTools.subset — name pruned
[Unified PT] PDF 리포트 생성 완료 (119,055 bytes)
[시장분석] 59개 종목 데이터 수집 중...
2026-06-06 07:42:16,788 [WARNING] data.fetch — [fetch_analyst_data] ASPI: 'dict' object has no attribute 'empty'
2026-06-06 07:42:16,878 [WARNING] data.fetch — [fetch_analyst_data] LEU: 'dict' object has no attribute 'empty'
2026-06-06 07:42:16,950 [WARNING] data.fetch — [fetch_analyst_data] AVGO: 'dict' object has no attribute 'empty'
2026-06-06 07:42:16,991 [WARNING] data.fetch — [fetch_analyst_data] MCHP: 'dict' object has no attribute 'empty'
2026-06-06 07:42:17,041 [WARNING] data.fetch — [fetch_analyst_data] CBRL: 'dict' object has no attribute 'empty'
2026-06-06 07:42:23,139 [WARNING] data.fetch — [fetch_analyst_data] CRDO: 'dict' object has no attribute 'empty'
2026-06-06 07:42:23,262 [WARNING] data.fetch — [fetch_analyst_data] TMHC: 'dict' object has no attribute 'empty'
2026-06-06 07:42:23,330 [WARNING] data.fetch — [fetch_analyst_data] CRCL: 'dict' object has no attribute 'empty'
2026-06-06 07:42:23,393 [WARNING] data.fetch — [fetch_analyst_data] SNPS: 'dict' object has no attribute 'empty'
2026-06-06 07:42:23,426 [WARNING] data.fetch — [fetch_analyst_data] V: 'dict' object has no attribute 'empty'
2026-06-06 07:42:29,440 [WARNING] data.fetch — [fetch_analyst_data] UPST: 'dict' object has no attribute 'empty'
2026-06-06 07:42:29,665 [WARNING] data.fetch — [fetch_analyst_data] TJX: 'dict' object has no attribute 'empty'
2026-06-06 07:42:29,692 [WARNING] data.fetch — [fetch_analyst_data] NTLA: 'dict' object has no attribute 'empty'
2026-06-06 07:42:29,782 [WARNING] data.fetch — [fetch_analyst_data] JPM: 'dict' object has no attribute 'empty'
2026-06-06 07:42:29,888 [WARNING] data.fetch — [fetch_analyst_data] CVX: 'dict' object has no attribute 'empty'
2026-06-06 07:42:35,772 [WARNING] data.fetch — [fetch_analyst_data] GPK: 'dict' object has no attribute 'empty'
2026-06-06 07:42:36,003 [WARNING] data.fetch — [fetch_analyst_data] IT: 'dict' object has no attribute 'empty'
2026-06-06 07:42:36,042 [WARNING] data.fetch — [fetch_analyst_data] FIG: 'dict' object has no attribute 'empty'
2026-06-06 07:42:36,188 [WARNING] data.fetch — [fetch_analyst_data] JNJ: 'dict' object has no attribute 'empty'
2026-06-06 07:42:36,276 [WARNING] data.fetch — [fetch_analyst_data] BAC: 'dict' object has no attribute 'empty'
2026-06-06 07:42:42,096 [WARNING] data.fetch — [fetch_analyst_data] AMGN: 'dict' object has no attribute 'empty'
2026-06-06 07:42:42,467 [WARNING] data.fetch — [fetch_analyst_data] PFE: 'dict' object has no attribute 'empty'
2026-06-06 07:42:42,496 [WARNING] data.fetch — [fetch_analyst_data] PG: 'dict' object has no attribute 'empty'
2026-06-06 07:42:42,561 [WARNING] data.fetch — [fetch_analyst_data] APH: 'dict' object has no attribute 'empty'
2026-06-06 07:42:42,725 [WARNING] data.fetch — [fetch_analyst_data] WFC: 'dict' object has no attribute 'empty'
2026-06-06 07:42:48,389 [WARNING] data.fetch — [fetch_analyst_data] LIF: 'dict' object has no attribute 'empty'
2026-06-06 07:42:48,812 [WARNING] data.fetch — [fetch_analyst_data] HOOD: 'dict' object has no attribute 'empty'
2026-06-06 07:42:48,897 [WARNING] data.fetch — [fetch_analyst_data] PGY: 'dict' object has no attribute 'empty'
2026-06-06 07:42:48,945 [WARNING] data.fetch — [fetch_analyst_data] SPGI: 'dict' object has no attribute 'empty'
2026-06-06 07:42:49,170 [WARNING] data.fetch — [fetch_analyst_data] CNXC: 'dict' object has no attribute 'empty'
2026-06-06 07:42:54,716 [WARNING] data.fetch — [fetch_analyst_data] BKNG: 'dict' object has no attribute 'empty'
2026-06-06 07:42:55,252 [WARNING] data.fetch — [fetch_analyst_data] RTX: 'dict' object has no attribute 'empty'
2026-06-06 07:42:55,302 [WARNING] data.fetch — [fetch_analyst_data] DHR: 'dict' object has no attribute 'empty'
2026-06-06 07:42:55,364 [WARNING] data.fetch — [fetch_analyst_data] HD: 'dict' object has no attribute 'empty'
2026-06-06 07:42:55,544 [WARNING] data.fetch — [fetch_analyst_data] INTA: 'dict' object has no attribute 'empty'
2026-06-06 07:43:01,009 [WARNING] data.fetch — [fetch_analyst_data] MNDY: 'dict' object has no attribute 'empty'
2026-06-06 07:43:01,696 [WARNING] data.fetch — [fetch_analyst_data] GENI: 'dict' object has no attribute 'empty'
2026-06-06 07:43:01,729 [WARNING] data.fetch — [fetch_analyst_data] MCD: 'dict' object has no attribute 'empty'
2026-06-06 07:43:01,765 [WARNING] data.fetch — [fetch_analyst_data] SYK: 'dict' object has no attribute 'empty'
2026-06-06 07:43:01,932 [WARNING] data.fetch — [fetch_analyst_data] COUR: 'dict' object has no attribute 'empty'
2026-06-06 07:43:07,318 [WARNING] data.fetch — [fetch_analyst_data] NOW: 'dict' object has no attribute 'empty'
2026-06-06 07:43:08,198 [WARNING] data.fetch — [fetch_analyst_data] MDT: 'dict' object has no attribute 'empty'
2026-06-06 07:43:08,215 [WARNING] data.fetch — [fetch_analyst_data] RYAN: 'dict' object has no attribute 'empty'
2026-06-06 07:43:08,227 [WARNING] data.fetch — [fetch_analyst_data] MCK: 'dict' object has no attribute 'empty'
2026-06-06 07:43:08,308 [WARNING] data.fetch — [fetch_analyst_data] ABT: 'dict' object has no attribute 'empty'
2026-06-06 07:43:13,660 [WARNING] data.fetch — [fetch_analyst_data] SFM: 'dict' object has no attribute 'empty'
2026-06-06 07:43:14,512 [WARNING] data.fetch — [fetch_analyst_data] GRPN: 'dict' object has no attribute 'empty'
2026-06-06 07:43:14,590 [WARNING] data.fetch — [fetch_analyst_data] SLNH: 'dict' object has no attribute 'empty'
2026-06-06 07:43:14,620 [WARNING] data.fetch — [fetch_analyst_data] BA: 'dict' object has no attribute 'empty'
2026-06-06 07:43:14,653 [WARNING] data.fetch — [fetch_analyst_data] CRML: 'dict' object has no attribute 'empty'
2026-06-06 07:43:19,964 [WARNING] data.fetch — [fetch_analyst_data] LAC: 'dict' object has no attribute 'empty'
2026-06-06 07:43:20,830 [WARNING] data.fetch — [fetch_analyst_data] ENVX: 'dict' object has no attribute 'empty'
2026-06-06 07:43:20,981 [WARNING] data.fetch — [fetch_analyst_data] TSLA: 'dict' object has no attribute 'empty'
2026-06-06 07:43:21,050 [WARNING] data.fetch — [fetch_analyst_data] META: 'dict' object has no attribute 'empty'
2026-06-06 07:43:21,060 [WARNING] data.fetch — [fetch_analyst_data] DIS: 'dict' object has no attribute 'empty'
2026-06-06 07:43:26,328 [WARNING] data.fetch — [fetch_analyst_data] MSFT: 'dict' object has no attribute 'empty'
2026-06-06 07:43:27,238 [WARNING] data.fetch — [fetch_analyst_data] AXP: 'dict' object has no attribute 'empty'
2026-06-06 07:43:27,317 [WARNING] data.fetch — [fetch_analyst_data] GOOG: 'dict' object has no attribute 'empty'
2026-06-06 07:43:27,382 [WARNING] data.fetch — [fetch_analyst_data] GOOGL: 'dict' object has no attribute 'empty'
[시장분석] enrichment 완료
[Email] 페이퍼 트레이딩 알림 발송 완료 (PDF 첨부) (매도 1건, 매수 1건, 재평가 0건, 재평가실패 0건, 후보 5건) → chunghwan14@gmail.com, roykim0311@gmail.com, ssamjungtan@naver.com
============================================================
[Unified Paper Trading] 완료
============================================================
