============================================================
[Unified Paper Trading] SP500 + NASDAQ/NYSE 통합 실행 시작
============================================================
2026-04-27 03:07:15,410 [INFO] paper_trading.runner — [Runner] SP500 snapshot 로드: 130개 종목
[Unified PT] SP500 snapshot 로드: 130개 종목
2026-04-27 03:07:15,417 [INFO] paper_trading.runner — [Runner] NASDAQ snapshot 로드: 244개 종목
[Unified PT] NASDAQ snapshot 로드: 244개 종목
[Unified PT] 합산 완료: 343개 종목 (SP500 130 + NASDAQ 244개, 중복 제거 후)
2026-04-27 03:07:16,259 [INFO] paper_trading.candidate_selector — [전략점수 분포] ~4.0: 112 | 4.0~5.0: 25 | 5.0~5.5: 14 | 5.5~6.0: 8 | 6.0+: 184
2026-04-27 03:07:16,271 [INFO] paper_trading.engine — [PaperTrading] 오늘 매수 후보 없음
[Unified PT] 매도=0 매수=0 보유=2종목
[Unified PT] 레짐=bull | 필터={'전략점수<6.0': 159, '바닥반등_52주과열': 1, '판단등급_미달': 182, '과열_차단': 0, '유동성_부족': 0, '어닝_임박': 0, '보유_중복': 0, '모멘텀_ADX부족': 1, '바닥_RSI데드존': 0, '섹터_집중': 0, '_통과': 0, '_전체': 343}
[Unified PT] 스킵 사유: 후보_없음
2026-04-27 03:07:17,355 [INFO] paper_trading.sheet_sync — [SheetSync] 포지션현황 업데이트: 2개 종목
2026-04-27 03:07:18,326 [INFO] paper_trading.sheet_sync — [SheetSync] 성과요약 업데이트: 5건 거래
[Unified PT] 구글 시트 동기화 완료
[시장분석] 2개 종목 데이터 수집 중...
2026-04-27 03:07:24,867 [WARNING] data.fetch — [fetch_analyst_data] T: 'dict' object has no attribute 'empty'
2026-04-27 03:07:24,925 [WARNING] data.fetch — [fetch_analyst_data] VLO: 'dict' object has no attribute 'empty'
[시장분석] enrichment 완료
[Email] 페이퍼 트레이딩 알림 발송 완료 (매도 0건, 매수 0건, 재평가 0건, 재평가실패 0건, 후보 0건) → chunghwan14@gmail.com, roykim0311@gmail.com, ssamjungtan@naver.com
============================================================
[Unified Paper Trading] 완료
============================================================
