[OHLCV] 배치 다운로드 1/4 (150개 종목, period=5y)...
[OHLCV] 배치 다운로드 2/4 (150개 종목, period=5y)...
[OHLCV] 배치 다운로드 3/4 (150개 종목, period=5y)...
[OHLCV] 배치 다운로드 4/4 (68개 종목, period=5y)...
[DataValidator] 9건의 데이터 품질 경고 발생
Warning:  DAY: Close NaN 비율 100.0% (기준: 30%)
Warning:  HOOD: 비정상 가격 변동 50.4% (2021-08-04) — 스플릿/데이터 오류 가능
Warning:  KVUE: Close NaN 비율 40.6% (기준: 30%)
Warning:  SOLV: Close NaN 비율 58.4% (기준: 30%)
Warning:  GEV: Close NaN 비율 58.5% (기준: 30%)
Warning:  PDD: 비정상 가격 변동 56.1% (2022-03-16) — 스플릿/데이터 오류 가능
Warning:  VLTO: Close NaN 비율 49.0% (기준: 30%)
Warning:  GEHC: Close NaN 비율 33.0% (기준: 30%)
Warning:  GL: 비정상 가격 변동 53.1% (2024-04-11) — 스플릿/데이터 오류 가능
[[SP500 분석]] 강한 섹터: {'Information Technology'}
[[SP500 분석]] Extreme model 'label_low' walk-forward ROC 0.62, AP 0.30
[[SP500 분석]] Extreme model 'label_high' walk-forward ROC 0.63, AP 0.26
[[SP500 분석]] Google Sheets 업데이트 완료
[Email] 바닥반등 11개 + 모멘텀 61개 = 총 72개 종목 리스트를 chunghwan14@gmail.com, roykim0311@gmail.com, ssamjungtan@naver.com로 발송 완료
[[SP500 분석]] Signals 결과 기반 차트분석 종목 리스트 생성 중...
[Dynamic Portfolio] 생성된 차트분석 종목 리스트(73개): ['NBM.V', 'ASML', 'C', 'IWM', 'CVX', 'GEV', 'TMUS', 'COP', 'XOM', 'MDT', 'CDNS', 'MCHP', 'T', 'DAL', 'JNJ', 'MPWR', 'SBUX', 'TXN', 'LIN', 'LRCX', 'IBM', 'GS', 'GOOGL', 'NEE', 'JPM', 'LLY', 'AMD', 'NVDA', 'AVGO', 'KLAC', 'DELL', 'INTC', 'WMT', 'WDC', 'VLO', 'ANET', 'GOOG', 'SPY', 'OXY', 'DVN', 'AMZN', 'CMCSA', 'FANG', 'BAC', 'MRVL', 'ADI', 'NEM', 'STX', 'UNH', 'MRK', 'CAT', 'TMO', 'APH', 'TJX', 'UNP', 'GLW', 'SLB', 'ETN', 'ON', 'COST', 'KO', 'DE', 'BA', 'VZ', 'TER', 'AMAT', 'PFE', 'CSCO', 'QQQ', 'FCX', 'MU', 'MS', 'AAPL']
[[SP500 차트분석]] [SP500 분석] 결과 기반 [SP500 차트분석] 시트 생성 중 (73개 종목)...
[[SP500 차트분석]] [SP500 분석]에 없는 종목은 별도 분석: ['NBM.V']
[DataValidator] 1건의 데이터 품질 경고 발생
Warning:  NBM.V: 비정상 가격 변동 56.3% (2024-09-25) — 스플릿/데이터 오류 가능
[[SP500 차트분석]] 강한 섹터: {'Information Technology'}
[[SP500 차트분석]] Extreme model 'global' skipped: insufficient_tickers
[[SP500 차트분석]] 기존 차트 파일 삭제 중...
[[SP500 차트분석]] 차트 저장 디렉토리 준비 완료: charts/screenshots
[[SP500 차트분석]] TradingView 차트 캡처 시작...
[[SP500 차트분석]] 73개 종목 차트 캡처 중...
[TradingView] QQQ 브라우저 세션 시작...
[TradingView] 1H 캡처 완료 (60)
[TradingView] 4H 캡처 완료 (240)
[TradingView] Daily 캡처 완료 (D)
[TradingView] Weekly 캡처 완료 (W)
[TradingView] Monthly 캡처 완료 (M)
[[SP500 차트분석]] QQQ 차트 5개 처리 완료
[TradingView] IWM 브라우저 세션 시작...
[TradingView] 1H 캡처 완료 (60)
[TradingView] 4H 캡처 완료 (240)
[TradingView] Daily 캡처 완료 (D)
[TradingView] Weekly 캡처 완료 (W)
[TradingView] Monthly 캡처 완료 (M)
[[SP500 차트분석]] IWM 차트 5개 처리 완료
[TradingView] SPY 브라우저 세션 시작...
[TradingView] 1H 캡처 완료 (60)
[TradingView] 4H 캡처 완료 (240)
[TradingView] Daily 캡처 완료 (D)
[TradingView] Weekly 캡처 완료 (W)
[TradingView] Monthly 캡처 완료 (M)
[[SP500 차트분석]] SPY 차트 5개 처리 완료
[TradingView] ANET 브라우저 세션 시작...
[TradingView] 1H 캡처 완료 (60)
[TradingView] 4H 캡처 완료 (240)
[TradingView] Daily 캡처 완료 (D)
[TradingView] Weekly 캡처 완료 (W)
[TradingView] Monthly 캡처 완료 (M)
[[SP500 차트분석]] ANET 차트 5개 처리 완료
[TradingView] NVDA 브라우저 세션 시작...
[TradingView] 1H 캡처 완료 (60)
[TradingView] 4H 캡처 완료 (240)
[TradingView] Daily 캡처 완료 (D)
[TradingView] Weekly 캡처 완료 (W)
[TradingView] Monthly 캡처 완료 (M)
[[SP500 차트분석]] NVDA 차트 5개 처리 완료
[TradingView] GOOGL 브라우저 세션 시작...
[TradingView] 1H 캡처 완료 (60)
[TradingView] 4H 캡처 완료 (240)
[TradingView] Daily 캡처 완료 (D)
[TradingView] Weekly 캡처 완료 (W)
[TradingView] Monthly 캡처 완료 (M)
[[SP500 차트분석]] GOOGL 차트 5개 처리 완료
[TradingView] LRCX 브라우저 세션 시작...
[TradingView] 1H 캡처 완료 (60)
[TradingView] 4H 캡처 완료 (240)
[TradingView] Daily 캡처 완료 (D)
[TradingView] Weekly 캡처 완료 (W)
[TradingView] Monthly 캡처 완료 (M)
[[SP500 차트분석]] LRCX 차트 5개 처리 완료
[TradingView] GOOG 브라우저 세션 시작...
[TradingView] 1H 캡처 완료 (60)
[TradingView] 4H 캡처 완료 (240)
[TradingView] Daily 캡처 완료 (D)
[TradingView] Weekly 캡처 완료 (W)
[TradingView] Monthly 캡처 완료 (M)
[[SP500 차트분석]] GOOG 차트 5개 처리 완료
[TradingView] DELL 브라우저 세션 시작...
[TradingView] 1H 캡처 완료 (60)
[TradingView] 4H 캡처 완료 (240)
[TradingView] Daily 캡처 완료 (D)
[TradingView] Weekly 캡처 완료 (W)
[TradingView] Monthly 캡처 완료 (M)
[[SP500 차트분석]] DELL 차트 5개 처리 완료
[TradingView] MS 브라우저 세션 시작...
[TradingView] 1H 캡처 완료 (60)
[TradingView] 4H 캡처 완료 (240)
[TradingView] Daily 캡처 완료 (D)
[TradingView] Weekly 캡처 완료 (W)
[TradingView] Monthly 캡처 완료 (M)
[[SP500 차트분석]] MS 차트 5개 처리 완료
[TradingView] SLB 브라우저 세션 시작...
[TradingView] 1H 캡처 완료 (60)
[TradingView] 4H 캡처 완료 (240)
[TradingView] Daily 캡처 완료 (D)
[TradingView] Weekly 캡처 완료 (W)
[TradingView] Monthly 캡처 완료 (M)
[[SP500 차트분석]] SLB 차트 5개 처리 완료
[TradingView] MPWR 브라우저 세션 시작...
[TradingView] 1H 캡처 완료 (60)
[TradingView] 4H 캡처 완료 (240)
[TradingView] Daily 캡처 완료 (D)
[TradingView] Weekly 캡처 완료 (W)
[TradingView] Monthly 캡처 완료 (M)
[[SP500 차트분석]] MPWR 차트 5개 처리 완료
[TradingView] MRVL 브라우저 세션 시작...
[TradingView] 1H 캡처 완료 (60)
[TradingView] 4H 캡처 완료 (240)
[TradingView] Daily 캡처 완료 (D)
[TradingView] Weekly 캡처 완료 (W)
[TradingView] Monthly 캡처 완료 (M)
[[SP500 차트분석]] MRVL 차트 5개 처리 완료
[TradingView] ADI 브라우저 세션 시작...
[TradingView] 1H 캡처 완료 (60)
[TradingView] 4H 캡처 완료 (240)
[TradingView] Daily 캡처 완료 (D)
[TradingView] Weekly 캡처 완료 (W)
[TradingView] Monthly 캡처 완료 (M)
[[SP500 차트분석]] ADI 차트 5개 처리 완료
[TradingView] NEM 브라우저 세션 시작...
[TradingView] 1H 캡처 완료 (60)
[TradingView] 4H 캡처 완료 (240)
[TradingView] Daily 캡처 완료 (D)
[TradingView] Weekly 캡처 완료 (W)
[TradingView] Monthly 캡처 완료 (M)
[[SP500 차트분석]] NEM 차트 5개 처리 완료
[TradingView] MU 브라우저 세션 시작...
[TradingView] 1H 캡처 완료 (60)
[TradingView] 4H 캡처 완료 (240)
[TradingView] Daily 캡처 완료 (D)
[TradingView] Weekly 캡처 완료 (W)
[TradingView] Monthly 캡처 완료 (M)
[[SP500 차트분석]] MU 차트 5개 처리 완료
[TradingView] GLW 브라우저 세션 시작...
[TradingView] 1H 캡처 완료 (60)
[TradingView] 4H 캡처 완료 (240)
[TradingView] Daily 캡처 완료 (D)
[TradingView] Weekly 캡처 완료 (W)
[TradingView] Monthly 캡처 완료 (M)
[[SP500 차트분석]] GLW 차트 5개 처리 완료
[TradingView] APH 브라우저 세션 시작...
[TradingView] 1H 캡처 완료 (60)
[TradingView] 4H 캡처 완료 (240)
[TradingView] Daily 캡처 완료 (D)
[TradingView] Weekly 캡처 완료 (W)
[TradingView] Monthly 캡처 완료 (M)
[[SP500 차트분석]] APH 차트 5개 처리 완료
[TradingView] ETN 브라우저 세션 시작...
[TradingView] 1H 캡처 완료 (60)
[TradingView] 4H 캡처 완료 (240)
[TradingView] Daily 캡처 완료 (D)
[TradingView] Weekly 캡처 완료 (W)
[TradingView] Monthly 캡처 완료 (M)
[[SP500 차트분석]] ETN 차트 5개 처리 완료
[TradingView] BA 브라우저 세션 시작...
[TradingView] 1H 캡처 완료 (60)
[TradingView] 4H 캡처 완료 (240)
[TradingView] Daily 캡처 완료 (D)
[TradingView] Weekly 캡처 완료 (W)
[TradingView] Monthly 캡처 완료 (M)
[[SP500 차트분석]] BA 차트 5개 처리 완료
[TradingView] AMAT 브라우저 세션 시작...
[TradingView] 1H 캡처 완료 (60)
[TradingView] 4H 캡처 완료 (240)
[TradingView] Daily 캡처 완료 (D)
[TradingView] Weekly 캡처 완료 (W)
[TradingView] Monthly 캡처 완료 (M)
[[SP500 차트분석]] AMAT 차트 5개 처리 완료
[TradingView] C 브라우저 세션 시작...
[TradingView] 1H 캡처 완료 (60)
[TradingView] 4H 캡처 완료 (240)
[TradingView] Daily 캡처 완료 (D)
[TradingView] Weekly 캡처 완료 (W)
[TradingView] Monthly 캡처 완료 (M)
[[SP500 차트분석]] C 차트 5개 처리 완료
[TradingView] CAT 브라우저 세션 시작...
[TradingView] 1H 캡처 완료 (60)
[TradingView] 4H 캡처 완료 (240)
[TradingView] Daily 캡처 완료 (D)
[TradingView] Weekly 캡처 완료 (W)
[TradingView] Monthly 캡처 완료 (M)
[[SP500 차트분석]] CAT 차트 5개 처리 완료
[TradingView] ASML 브라우저 세션 시작...
[TradingView] 1H 캡처 완료 (60)
[TradingView] 4H 캡처 완료 (240)
[TradingView] Daily 캡처 완료 (D)
[TradingView] Weekly 캡처 완료 (W)
[TradingView] Monthly 캡처 완료 (M)
[[SP500 차트분석]] ASML 차트 5개 처리 완료
[TradingView] CSCO 브라우저 세션 시작...
[TradingView] 1H 캡처 완료 (60)
[TradingView] 4H 캡처 완료 (240)
[TradingView] Daily 캡처 완료 (D)
[TradingView] Weekly 캡처 완료 (W)
[TradingView] Monthly 캡처 완료 (M)
[[SP500 차트분석]] CSCO 차트 5개 처리 완료
[TradingView] GS 브라우저 세션 시작...
[TradingView] 1H 캡처 완료 (60)
[TradingView] 4H 캡처 완료 (240)
[TradingView] Daily 캡처 완료 (D)
[TradingView] Weekly 캡처 완료 (W)
[TradingView] Monthly 캡처 완료 (M)
[[SP500 차트분석]] GS 차트 5개 처리 완료
[TradingView] ON 브라우저 세션 시작...
[TradingView] 1H 캡처 완료 (60)
[TradingView] 4H 캡처 완료 (240)
[TradingView] Daily 캡처 완료 (D)
[TradingView] Weekly 캡처 완료 (W)
[TradingView] Monthly 캡처 완료 (M)
[[SP500 차트분석]] ON 차트 5개 처리 완료
[TradingView] MCHP 브라우저 세션 시작...
[TradingView] 1H 캡처 완료 (60)
[TradingView] 4H 캡처 완료 (240)
[TradingView] Daily 캡처 완료 (D)
[TradingView] Weekly 캡처 완료 (W)
[TradingView] Monthly 캡처 완료 (M)
[[SP500 차트분석]] MCHP 차트 5개 처리 완료
[TradingView] STX 브라우저 세션 시작...
[TradingView] 1H 캡처 완료 (60)
[TradingView] 4H 캡처 완료 (240)
[TradingView] Daily 캡처 완료 (D)
[TradingView] Weekly 캡처 완료 (W)
[TradingView] Monthly 캡처 완료 (M)
[[SP500 차트분석]] STX 차트 5개 처리 완료
[TradingView] AVGO 브라우저 세션 시작...
[TradingView] 1H 캡처 완료 (60)
[TradingView] 4H 캡처 완료 (240)
[TradingView] Daily 캡처 완료 (D)
[TradingView] Weekly 캡처 완료 (W)
[TradingView] Monthly 캡처 완료 (M)
[[SP500 차트분석]] AVGO 차트 5개 처리 완료
[TradingView] AMZN 브라우저 세션 시작...
[TradingView] 1H 캡처 완료 (60)
[TradingView] 4H 캡처 완료 (240)
[TradingView] Daily 캡처 완료 (D)
[TradingView] Weekly 캡처 완료 (W)
[TradingView] Monthly 캡처 완료 (M)
[[SP500 차트분석]] AMZN 차트 5개 처리 완료
[TradingView] GEV 브라우저 세션 시작...
[TradingView] 1H 캡처 완료 (60)
[TradingView] 4H 캡처 완료 (240)
[TradingView] Daily 캡처 완료 (D)
[TradingView] Weekly 캡처 완료 (W)
[TradingView] Monthly 캡처 완료 (M)
[[SP500 차트분석]] GEV 차트 5개 처리 완료
[TradingView] WDC 브라우저 세션 시작...
[TradingView] 1H 캡처 완료 (60)
[TradingView] 4H 캡처 완료 (240)
[TradingView] Daily 캡처 완료 (D)
[TradingView] Weekly 캡처 완료 (W)
[TradingView] Monthly 캡처 완료 (M)
[[SP500 차트분석]] WDC 차트 5개 처리 완료
[TradingView] KLAC 브라우저 세션 시작...
[TradingView] 1H 캡처 완료 (60)
[TradingView] 4H 캡처 완료 (240)
[TradingView] Daily 캡처 완료 (D)
[TradingView] Weekly 캡처 완료 (W)
[TradingView] Monthly 캡처 완료 (M)
[[SP500 차트분석]] KLAC 차트 5개 처리 완료
[TradingView] VZ 브라우저 세션 시작...
[TradingView] 1H 캡처 완료 (60)
[TradingView] 4H 캡처 완료 (240)
[TradingView] Daily 캡처 완료 (D)
[TradingView] Weekly 캡처 완료 (W)
[TradingView] Monthly 캡처 완료 (M)
[[SP500 차트분석]] VZ 차트 5개 처리 완료
[TradingView] UNH 브라우저 세션 시작...
[TradingView] 1H 캡처 완료 (60)
[TradingView] 4H 캡처 완료 (240)
[TradingView] Daily 캡처 완료 (D)
[TradingView] Weekly 캡처 완료 (W)
[TradingView] Monthly 캡처 완료 (M)
[[SP500 차트분석]] UNH 차트 5개 처리 완료
[TradingView] FCX 브라우저 세션 시작...
[TradingView] 1H 캡처 완료 (60)
[TradingView] 4H 캡처 완료 (240)
[TradingView] Daily 캡처 완료 (D)
[TradingView] Weekly 캡처 완료 (W)
[TradingView] Monthly 캡처 완료 (M)
[[SP500 차트분석]] FCX 차트 5개 처리 완료
[TradingView] UNP 브라우저 세션 시작...
[TradingView] 1H 캡처 완료 (60)
[TradingView] 4H 캡처 완료 (240)
[TradingView] Daily 캡처 완료 (D)
[TradingView] Weekly 캡처 완료 (W)
[TradingView] Monthly 캡처 완료 (M)
[[SP500 차트분석]] UNP 차트 5개 처리 완료
[TradingView] BAC 브라우저 세션 시작...
[TradingView] 1H 캡처 완료 (60)
[TradingView] 4H 캡처 완료 (240)
[TradingView] Daily 캡처 완료 (D)
[TradingView] Weekly 캡처 완료 (W)
[TradingView] Monthly 캡처 완료 (M)
[[SP500 차트분석]] BAC 차트 5개 처리 완료
[TradingView] SBUX 브라우저 세션 시작...
[TradingView] 1H 캡처 완료 (60)
[TradingView] 4H 캡처 완료 (240)
[TradingView] Daily 캡처 완료 (D)
[TradingView] Weekly 캡처 완료 (W)
[TradingView] Monthly 캡처 완료 (M)
[[SP500 차트분석]] SBUX 차트 5개 처리 완료
[TradingView] NEE 브라우저 세션 시작...
[TradingView] 1H 캡처 완료 (60)
[TradingView] 4H 캡처 완료 (240)
[TradingView] Daily 캡처 완료 (D)
[TradingView] Weekly 캡처 완료 (W)
[TradingView] Monthly 캡처 완료 (M)
[[SP500 차트분석]] NEE 차트 5개 처리 완료
[TradingView] WMT 브라우저 세션 시작...
[TradingView] 1H 캡처 완료 (60)
[TradingView] 4H 캡처 완료 (240)
[TradingView] Daily 캡처 완료 (D)
[TradingView] Weekly 캡처 완료 (W)
[TradingView] Monthly 캡처 완료 (M)
[[SP500 차트분석]] WMT 차트 5개 처리 완료
[TradingView] INTC 브라우저 세션 시작...
[TradingView] 1H 캡처 완료 (60)
[TradingView] 4H 캡처 완료 (240)
[TradingView] Daily 캡처 완료 (D)
[TradingView] Weekly 캡처 완료 (W)
[TradingView] Monthly 캡처 완료 (M)
[[SP500 차트분석]] INTC 차트 5개 처리 완료
[TradingView] TXN 브라우저 세션 시작...
[TradingView] 1H 캡처 완료 (60)
[TradingView] 4H 캡처 완료 (240)
[TradingView] Daily 캡처 완료 (D)
[TradingView] Weekly 캡처 완료 (W)
[TradingView] Monthly 캡처 완료 (M)
[[SP500 차트분석]] TXN 차트 5개 처리 완료
[TradingView] AMD 브라우저 세션 시작...
[TradingView] 1H 캡처 완료 (60)
[TradingView] 4H 캡처 완료 (240)
[TradingView] Daily 캡처 완료 (D)
[TradingView] Weekly 캡처 완료 (W)
[TradingView] Monthly 캡처 완료 (M)
[[SP500 차트분석]] AMD 차트 5개 처리 완료
[TradingView] TER 브라우저 세션 시작...
[TradingView] 1H 캡처 완료 (60)
[TradingView] 4H 캡처 완료 (240)
[TradingView] Daily 캡처 완료 (D)
[TradingView] Weekly 캡처 완료 (W)
[TradingView] Monthly 캡처 완료 (M)
[[SP500 차트분석]] TER 차트 5개 처리 완료
[TradingView] JPM 브라우저 세션 시작...
[TradingView] 1H 캡처 완료 (60)
[TradingView] 4H 캡처 완료 (240)
[TradingView] Daily 캡처 완료 (D)
[TradingView] Weekly 캡처 완료 (W)
[TradingView] Monthly 캡처 완료 (M)
[[SP500 차트분석]] JPM 차트 5개 처리 완료
[TradingView] PFE 브라우저 세션 시작...
[TradingView] 1H 캡처 완료 (60)
[TradingView] 4H 캡처 완료 (240)
[TradingView] Daily 캡처 완료 (D)
[TradingView] Weekly 캡처 완료 (W)
[TradingView] Monthly 캡처 완료 (M)
[[SP500 차트분석]] PFE 차트 5개 처리 완료
[TradingView] COST 브라우저 세션 시작...
[TradingView] 1H 캡처 완료 (60)
[TradingView] 4H 캡처 완료 (240)
[TradingView] Daily 캡처 완료 (D)
[TradingView] Weekly 캡처 완료 (W)
[TradingView] Monthly 캡처 완료 (M)
[[SP500 차트분석]] COST 차트 5개 처리 완료
[TradingView] CVX 브라우저 세션 시작...
[TradingView] 1H 캡처 완료 (60)
[TradingView] 4H 캡처 완료 (240)
[TradingView] Daily 캡처 완료 (D)
[TradingView] Weekly 캡처 완료 (W)
[TradingView] Monthly 캡처 완료 (M)
[[SP500 차트분석]] CVX 차트 5개 처리 완료
[TradingView] DVN 브라우저 세션 시작...
[TradingView] 1H 캡처 완료 (60)
[TradingView] 4H 캡처 완료 (240)
[TradingView] Daily 캡처 완료 (D)
[TradingView] Weekly 캡처 완료 (W)
[TradingView] Monthly 캡처 완료 (M)
[[SP500 차트분석]] DVN 차트 5개 처리 완료
[TradingView] OXY 브라우저 세션 시작...
[TradingView] 1H 캡처 완료 (60)
[TradingView] 4H 캡처 완료 (240)
[TradingView] Daily 캡처 완료 (D)
[TradingView] Weekly 캡처 완료 (W)
[TradingView] Monthly 캡처 완료 (M)
[[SP500 차트분석]] OXY 차트 5개 처리 완료
[TradingView] JNJ 브라우저 세션 시작...
[TradingView] 1H 캡처 완료 (60)
[TradingView] 4H 캡처 완료 (240)
[TradingView] Daily 캡처 완료 (D)
[TradingView] Weekly 캡처 완료 (W)
[TradingView] Monthly 캡처 완료 (M)
[[SP500 차트분석]] JNJ 차트 5개 처리 완료
[TradingView] CMCSA 브라우저 세션 시작...
[TradingView] 1H 캡처 완료 (60)
[TradingView] 4H 캡처 완료 (240)
[TradingView] Daily 캡처 완료 (D)
[TradingView] Weekly 캡처 완료 (W)
[TradingView] Monthly 캡처 완료 (M)
[[SP500 차트분석]] CMCSA 차트 5개 처리 완료
[TradingView] AAPL 브라우저 세션 시작...
[TradingView] 1H 캡처 완료 (60)
[TradingView] 4H 캡처 완료 (240)
[TradingView] Daily 캡처 완료 (D)
[TradingView] Weekly 캡처 완료 (W)
[TradingView] Monthly 캡처 완료 (M)
[[SP500 차트분석]] AAPL 차트 5개 처리 완료
[TradingView] TJX 브라우저 세션 시작...
[TradingView] 1H 캡처 완료 (60)
[TradingView] 4H 캡처 완료 (240)
[TradingView] Daily 캡처 완료 (D)
[TradingView] Weekly 캡처 완료 (W)
[TradingView] Monthly 캡처 완료 (M)
[[SP500 차트분석]] TJX 차트 5개 처리 완료
[TradingView] T 브라우저 세션 시작...
[TradingView] 1H 캡처 완료 (60)
[TradingView] 4H 캡처 완료 (240)
[TradingView] Daily 캡처 완료 (D)
[TradingView] Weekly 캡처 완료 (W)
[TradingView] Monthly 캡처 완료 (M)
[[SP500 차트분석]] T 차트 5개 처리 완료
[TradingView] FANG 브라우저 세션 시작...
[TradingView] 1H 캡처 완료 (60)
[TradingView] 4H 캡처 완료 (240)
[TradingView] Daily 캡처 완료 (D)
[TradingView] Weekly 캡처 완료 (W)
[TradingView] Monthly 캡처 완료 (M)
[[SP500 차트분석]] FANG 차트 5개 처리 완료
[TradingView] COP 브라우저 세션 시작...
[TradingView] 1H 캡처 완료 (60)
[TradingView] 4H 캡처 완료 (240)
[TradingView] Daily 캡처 완료 (D)
[TradingView] Weekly 캡처 완료 (W)
[TradingView] Monthly 캡처 완료 (M)
[[SP500 차트분석]] COP 차트 5개 처리 완료
[TradingView] XOM 브라우저 세션 시작...
[TradingView] 1H 캡처 완료 (60)
[TradingView] 4H 캡처 완료 (240)
[TradingView] Daily 캡처 완료 (D)
[TradingView] Weekly 캡처 완료 (W)
[TradingView] Monthly 캡처 완료 (M)
[[SP500 차트분석]] XOM 차트 5개 처리 완료
[TradingView] TMO 브라우저 세션 시작...
[TradingView] 1H 캡처 완료 (60)
[TradingView] 4H 캡처 완료 (240)
[TradingView] Daily 캡처 완료 (D)
[TradingView] Weekly 캡처 완료 (W)
[TradingView] Monthly 캡처 완료 (M)
[[SP500 차트분석]] TMO 차트 5개 처리 완료
[TradingView] IBM 브라우저 세션 시작...
[TradingView] 1H 캡처 완료 (60)
[TradingView] 4H 캡처 완료 (240)
[TradingView] Daily 캡처 완료 (D)
[TradingView] Weekly 캡처 완료 (W)
[TradingView] Monthly 캡처 완료 (M)
[[SP500 차트분석]] IBM 차트 5개 처리 완료
[TradingView] CDNS 브라우저 세션 시작...
[TradingView] 1H 캡처 완료 (60)
[TradingView] 4H 캡처 완료 (240)
[TradingView] Daily 캡처 완료 (D)
[TradingView] Weekly 캡처 완료 (W)
[TradingView] Monthly 캡처 완료 (M)
[[SP500 차트분석]] CDNS 차트 5개 처리 완료
[TradingView] DAL 브라우저 세션 시작...
[TradingView] 1H 캡처 완료 (60)
[TradingView] 4H 캡처 완료 (240)
[TradingView] Daily 캡처 완료 (D)
[TradingView] Weekly 캡처 완료 (W)
[TradingView] Monthly 캡처 완료 (M)
[[SP500 차트분석]] DAL 차트 5개 처리 완료
[TradingView] LLY 브라우저 세션 시작...
[TradingView] 1H 캡처 완료 (60)
[TradingView] 4H 캡처 완료 (240)
[TradingView] Daily 캡처 완료 (D)
[TradingView] Weekly 캡처 완료 (W)
[TradingView] Monthly 캡처 완료 (M)
[[SP500 차트분석]] LLY 차트 5개 처리 완료
[TradingView] TMUS 브라우저 세션 시작...
[TradingView] 1H 캡처 완료 (60)
[TradingView] 4H 캡처 완료 (240)
[TradingView] Daily 캡처 완료 (D)
[TradingView] Weekly 캡처 완료 (W)
[TradingView] Monthly 캡처 완료 (M)
[[SP500 차트분석]] TMUS 차트 5개 처리 완료
[TradingView] MDT 브라우저 세션 시작...
[TradingView] 1H 캡처 완료 (60)
[TradingView] 4H 캡처 완료 (240)
[TradingView] Daily 캡처 완료 (D)
[TradingView] Weekly 캡처 완료 (W)
[TradingView] Monthly 캡처 완료 (M)
[[SP500 차트분석]] MDT 차트 5개 처리 완료
[TradingView] KO 브라우저 세션 시작...
[TradingView] 1H 캡처 완료 (60)
[TradingView] 4H 캡처 완료 (240)
[TradingView] Daily 캡처 완료 (D)
[TradingView] Weekly 캡처 완료 (W)
[TradingView] Monthly 캡처 완료 (M)
[[SP500 차트분석]] KO 차트 5개 처리 완료
[TradingView] DE 브라우저 세션 시작...
[TradingView] 1H 캡처 완료 (60)
[TradingView] 4H 캡처 완료 (240)
[TradingView] Daily 캡처 완료 (D)
[TradingView] Weekly 캡처 완료 (W)
[TradingView] Monthly 캡처 완료 (M)
[[SP500 차트분석]] DE 차트 5개 처리 완료
[TradingView] LIN 브라우저 세션 시작...
[TradingView] 1H 캡처 완료 (60)
[TradingView] 4H 캡처 완료 (240)
[TradingView] Daily 캡처 완료 (D)
[TradingView] Weekly 캡처 완료 (W)
[TradingView] Monthly 캡처 완료 (M)
[[SP500 차트분석]] LIN 차트 5개 처리 완료
[TradingView] MRK 브라우저 세션 시작...
[TradingView] 1H 캡처 완료 (60)
[TradingView] 4H 캡처 완료 (240)
[TradingView] Daily 캡처 완료 (D)
[TradingView] Weekly 캡처 완료 (W)
[TradingView] Monthly 캡처 완료 (M)
[[SP500 차트분석]] MRK 차트 5개 처리 완료
[TradingView] VLO 브라우저 세션 시작...
[TradingView] 1H 캡처 완료 (60)
[TradingView] 4H 캡처 완료 (240)
[TradingView] Daily 캡처 완료 (D)
[TradingView] Weekly 캡처 완료 (W)
[TradingView] Monthly 캡처 완료 (M)
[[SP500 차트분석]] VLO 차트 5개 처리 완료
[TradingView] 티커 매핑 적용: NBM.V -> NBM
[TradingView] NBM.V 브라우저 세션 시작...
[TradingView] 1H 캡처 완료 (60)
[TradingView] 4H 캡처 완료 (240)
[TradingView] Daily 캡처 완료 (D)
[TradingView] Weekly 캡처 완료 (W)
[TradingView] Monthly 캡처 완료 (M)
[[SP500 차트분석]] NBM.V 차트 5개 처리 완료
[[SP500 차트분석]] 차트 캡처 완료
[[SP500 차트분석]] GitHub에 차트 이미지 푸시 중...
[main 06dd15d] Update chart screenshots 1777251679
 709 files changed, 0 insertions(+), 0 deletions(-)
 delete mode 100644 charts/screenshots/AAPL/AAPL_1H_20260426_050226.png
 create mode 100644 charts/screenshots/AAPL/AAPL_1H_20260427_005149.png
 delete mode 100644 charts/screenshots/AAPL/AAPL_4H_20260426_050226.png
 create mode 100644 charts/screenshots/AAPL/AAPL_4H_20260427_005149.png
 delete mode 100644 charts/screenshots/AAPL/AAPL_Daily_20260426_050226.png
 create mode 100644 charts/screenshots/AAPL/AAPL_Daily_20260427_005149.png
 delete mode 100644 charts/screenshots/AAPL/AAPL_Monthly_20260426_050226.png
 create mode 100644 charts/screenshots/AAPL/AAPL_Monthly_20260427_005149.png
 delete mode 100644 charts/screenshots/AAPL/AAPL_Weekly_20260426_050226.png
 create mode 100644 charts/screenshots/AAPL/AAPL_Weekly_20260427_005149.png
 delete mode 100644 charts/screenshots/ADI/ADI_1H_20260426_044112.png
 create mode 100644 charts/screenshots/ADI/ADI_1H_20260427_003105.png
 delete mode 100644 charts/screenshots/ADI/ADI_4H_20260426_044112.png
 create mode 100644 charts/screenshots/ADI/ADI_4H_20260427_003105.png
 delete mode 100644 charts/screenshots/ADI/ADI_Daily_20260426_044112.png
 create mode 100644 charts/screenshots/ADI/ADI_Daily_20260427_003105.png
 delete mode 100644 charts/screenshots/ADI/ADI_Monthly_20260426_044112.png
 create mode 100644 charts/screenshots/ADI/ADI_Monthly_20260427_003105.png
 delete mode 100644 charts/screenshots/ADI/ADI_Weekly_20260426_044112.png
 create mode 100644 charts/screenshots/ADI/ADI_Weekly_20260427_003105.png
 delete mode 100644 charts/screenshots/AMAT/AMAT_1H_20260426_044448.png
 create mode 100644 charts/screenshots/AMAT/AMAT_1H_20260427_003444.png
 delete mode 100644 charts/screenshots/AMAT/AMAT_4H_20260426_044448.png
 create mode 100644 charts/screenshots/AMAT/AMAT_4H_20260427_003444.png
 delete mode 100644 charts/screenshots/AMAT/AMAT_Daily_20260426_044448.png
 create mode 100644 charts/screenshots/AMAT/AMAT_Daily_20260427_003444.png
 delete mode 100644 charts/screenshots/AMAT/AMAT_Monthly_20260426_044448.png
 create mode 100644 charts/screenshots/AMAT/AMAT_Monthly_20260427_003444.png
 delete mode 100644 charts/screenshots/AMAT/AMAT_Weekly_20260426_044448.png
 create mode 100644 charts/screenshots/AMAT/AMAT_Weekly_20260427_003444.png
 delete mode 100644 charts/screenshots/AMD/AMD_1H_20260426_045715.png
 create mode 100644 charts/screenshots/AMD/AMD_1H_20260427_004649.png
 rename charts/screenshots/AMD/{AMD_4H_20260426_045715.png => AMD_4H_20260427_004649.png} (100%)
 delete mode 100644 charts/screenshots/AMD/AMD_Daily_20260426_045715.png
 create mode 100644 charts/screenshots/AMD/AMD_Daily_20260427_004649.png
 delete mode 100644 charts/screenshots/AMD/AMD_Monthly_20260426_045715.png
 create mode 100644 charts/screenshots/AMD/AMD_Monthly_20260427_004649.png
 delete mode 100644 charts/screenshots/AMD/AMD_Weekly_20260426_045715.png
 create mode 100644 charts/screenshots/AMD/AMD_Weekly_20260427_004649.png
 delete mode 100644 charts/screenshots/AMZN/AMZN_1H_20260426_044958.png
 create mode 100644 charts/screenshots/AMZN/AMZN_1H_20260427_003948.png
 rename charts/screenshots/AMZN/{AMZN_4H_20260426_044958.png => AMZN_4H_20260427_003948.png} (81%)
 delete mode 100644 charts/screenshots/AMZN/AMZN_Daily_20260426_044958.png
 create mode 100644 charts/screenshots/AMZN/AMZN_Daily_20260427_003948.png
 delete mode 100644 charts/screenshots/AMZN/AMZN_Monthly_20260426_044958.png
 create mode 100644 charts/screenshots/AMZN/AMZN_Monthly_20260427_003948.png
 delete mode 100644 charts/screenshots/AMZN/AMZN_Weekly_20260426_044958.png
 create mode 100644 charts/screenshots/AMZN/AMZN_Weekly_20260427_003948.png
 delete mode 100644 charts/screenshots/ANET/ANET_1H_20260426_043600.png
 create mode 100644 charts/screenshots/ANET/ANET_1H_20260427_002554.png
 delete mode 100644 charts/screenshots/ANET/ANET_4H_20260426_043600.png
 create mode 100644 charts/screenshots/ANET/ANET_4H_20260427_002554.png
 delete mode 100644 charts/screenshots/ANET/ANET_Daily_20260426_043600.png
 create mode 100644 charts/screenshots/ANET/ANET_Daily_20260427_002554.png
 delete mode 100644 charts/screenshots/ANET/ANET_Monthly_20260426_043600.png
 create mode 100644 charts/screenshots/ANET/ANET_Monthly_20260427_002554.png
 delete mode 100644 charts/screenshots/ANET/ANET_Weekly_20260426_043600.png
 create mode 100644 charts/screenshots/ANET/ANET_Weekly_20260427_002554.png
 delete mode 100644 charts/screenshots/APH/APH_1H_20260426_044316.png
 create mode 100644 charts/screenshots/APH/APH_1H_20260427_003310.png
 delete mode 100644 charts/screenshots/APH/APH_4H_20260426_044316.png
 create mode 100644 charts/screenshots/APH/APH_4H_20260427_003310.png
 delete mode 100644 charts/screenshots/APH/APH_Daily_20260426_044316.png
 create mode 100644 charts/screenshots/APH/APH_Daily_20260427_003310.png
 delete mode 100644 charts/screenshots/APH/APH_Monthly_20260426_044316.png
 create mode 100644 charts/screenshots/APH/APH_Monthly_20260427_003310.png
 delete mode 100644 charts/screenshots/APH/APH_Weekly_20260426_044316.png
 create mode 100644 charts/screenshots/APH/APH_Weekly_20260427_003310.png
 delete mode 100644 charts/screenshots/ASML/ASML_1H_20260426_044622.png
 create mode 100644 charts/screenshots/ASML/ASML_1H_20260427_003616.png
 delete mode 100644 charts/screenshots/ASML/ASML_4H_20260426_044622.png
 create mode 100644 charts/screenshots/ASML/ASML_4H_20260427_003616.png
 delete mode 100644 charts/screenshots/ASML/ASML_Daily_20260426_044622.png
 create mode 100644 charts/screenshots/ASML/ASML_Daily_20260427_003616.png
 delete mode 100644 charts/screenshots/ASML/ASML_Monthly_20260426_044622.png
 create mode 100644 charts/screenshots/ASML/ASML_Monthly_20260427_003616.png
 delete mode 100644 charts/screenshots/ASML/ASML_Weekly_20260426_044622.png
 create mode 100644 charts/screenshots/ASML/ASML_Weekly_20260427_003616.png
 rename charts/screenshots/AVGO/{AVGO_1H_20260426_044927.png => AVGO_1H_20260427_003917.png} (100%)
 delete mode 100644 charts/screenshots/AVGO/AVGO_4H_20260426_044927.png
 create mode 100644 charts/screenshots/AVGO/AVGO_4H_20260427_003917.png
 delete mode 100644 charts/screenshots/AVGO/AVGO_Daily_20260426_044927.png
 create mode 100644 charts/screenshots/AVGO/AVGO_Daily_20260427_003917.png
 delete mode 100644 charts/screenshots/AVGO/AVGO_Monthly_20260426_044927.png
 create mode 100644 charts/screenshots/AVGO/AVGO_Monthly_20260427_003917.png
 delete mode 100644 charts/screenshots/AVGO/AVGO_Weekly_20260426_044927.png
 create mode 100644 charts/screenshots/AVGO/AVGO_Weekly_20260427_003917.png
 delete mode 100644 charts/screenshots/BA/BA_1H_20260426_044418.png
 create mode 100644 charts/screenshots/BA/BA_1H_20260427_003413.png
 delete mode 100644 charts/screenshots/BA/BA_4H_20260426_044418.png
 create mode 100644 charts/screenshots/BA/BA_4H_20260427_003413.png
 delete mode 100644 charts/screenshots/BA/BA_Daily_20260426_044418.png
 create mode 100644 charts/screenshots/BA/BA_Daily_20260427_003413.png
 delete mode 100644 charts/screenshots/BA/BA_Monthly_20260426_044418.png
 create mode 100644 charts/screenshots/BA/BA_Monthly_20260427_003413.png
 delete mode 100644 charts/screenshots/BA/BA_Weekly_20260426_044418.png
 create mode 100644 charts/screenshots/BA/BA_Weekly_20260427_003413.png
 delete mode 100644 charts/screenshots/BAC/BAC_1H_20260426_045407.png
 create mode 100644 charts/screenshots/BAC/BAC_1H_20260427_004350.png
 rename charts/screenshots/BAC/{BAC_4H_20260426_045407.png => BAC_4H_20260427_004350.png} (100%)
 delete mode 100644 charts/screenshots/BAC/BAC_Daily_20260426_045407.png
 create mode 100644 charts/screenshots/BAC/BAC_Daily_20260427_004350.png
 delete mode 100644 charts/screenshots/BAC/BAC_Monthly_20260426_045407.png
 create mode 100644 charts/screenshots/BAC/BAC_Monthly_20260427_004350.png
 delete mode 100644 charts/screenshots/BAC/BAC_Weekly_20260426_045407.png
 create mode 100644 charts/screenshots/BAC/BAC_Weekly_20260427_004350.png
 delete mode 100644 charts/screenshots/C/C_1H_20260426_044519.png
 create mode 100644 charts/screenshots/C/C_1H_20260427_003515.png
 delete mode 100644 charts/screenshots/C/C_4H_20260426_044519.png
 create mode 100644 charts/screenshots/C/C_4H_20260427_003515.png
 delete mode 100644 charts/screenshots/C/C_Daily_20260426_044519.png
 create mode 100644 charts/screenshots/C/C_Daily_20260427_003515.png
 delete mode 100644 charts/screenshots/C/C_Monthly_20260426_044519.png
 create mode 100644 charts/screenshots/C/C_Monthly_20260427_003515.png
 delete mode 100644 charts/screenshots/C/C_Weekly_20260426_044519.png
 create mode 100644 charts/screenshots/C/C_Weekly_20260427_003515.png
 delete mode 100644 charts/screenshots/CAT/CAT_1H_20260426_044551.png
 create mode 100644 charts/screenshots/CAT/CAT_1H_20260427_003545.png
 rename charts/screenshots/CAT/{CAT_4H_20260426_044551.png => CAT_4H_20260427_003545.png} (57%)
 rename charts/screenshots/CAT/{CAT_Daily_20260426_044551.png => CAT_Daily_20260427_003545.png} (100%)
 delete mode 100644 charts/screenshots/CAT/CAT_Monthly_20260426_044551.png
 create mode 100644 charts/screenshots/CAT/CAT_Monthly_20260427_003545.png
 delete mode 100644 charts/screenshots/CAT/CAT_Weekly_20260426_044551.png
 create mode 100644 charts/screenshots/CAT/CAT_Weekly_20260427_003545.png
 delete mode 100644 charts/screenshots/CDNS/CDNS_1H_20260426_050637.png
 create mode 100644 charts/screenshots/CDNS/CDNS_1H_20260427_005548.png
 delete mode 100644 charts/screenshots/CDNS/CDNS_4H_20260426_050637.png
 create mode 100644 charts/screenshots/CDNS/CDNS_4H_20260427_005548.png
 delete mode 100644 charts/screenshots/CDNS/CDNS_Daily_20260426_050637.png
 create mode 100644 charts/screenshots/CDNS/CDNS_Daily_20260427_005548.png
 delete mode 100644 charts/screenshots/CDNS/CDNS_Monthly_20260426_050637.png
 create mode 100644 charts/screenshots/CDNS/CDNS_Monthly_20260427_005548.png
 delete mode 100644 charts/screenshots/CDNS/CDNS_Weekly_20260426_050637.png
 create mode 100644 charts/screenshots/CDNS/CDNS_Weekly_20260427_005548.png
 delete mode 100644 charts/screenshots/CMCSA/CMCSA_1H_20260426_050155.png
 create mode 100644 charts/screenshots/CMCSA/CMCSA_1H_20260427_005118.png
 delete mode 100644 charts/screenshots/CMCSA/CMCSA_4H_20260426_050155.png
 create mode 100644 charts/screenshots/CMCSA/CMCSA_4H_20260427_005118.png
 delete mode 100644 charts/screenshots/CMCSA/CMCSA_Daily_20260426_050155.png
 create mode 100644 charts/screenshots/CMCSA/CMCSA_Daily_20260427_005118.png
 delete mode 100644 charts/screenshots/CMCSA/CMCSA_Monthly_20260426_050155.png
 create mode 100644 charts/screenshots/CMCSA/CMCSA_Monthly_20260427_005118.png
 delete mode 100644 charts/screenshots/CMCSA/CMCSA_Weekly_20260426_050155.png
 create mode 100644 charts/screenshots/CMCSA/CMCSA_Weekly_20260427_005118.png
 delete mode 100644 charts/screenshots/COP/COP_1H_20260426_050430.png
 create mode 100644 charts/screenshots/COP/COP_1H_20260427_005346.png
 delete mode 100644 charts/screenshots/COP/COP_4H_20260426_050430.png
 create mode 100644 charts/screenshots/COP/COP_4H_20260427_005346.png
 delete mode 100644 charts/screenshots/COP/COP_Daily_20260426_050430.png
 create mode 100644 charts/screenshots/COP/COP_Daily_20260427_005346.png
 delete mode 100644 charts/screenshots/COP/COP_Monthly_20260426_050430.png
 create mode 100644 charts/screenshots/COP/COP_Monthly_20260427_005346.png
 delete mode 100644 charts/screenshots/COP/COP_Weekly_20260426_050430.png
 create mode 100644 charts/screenshots/COP/COP_Weekly_20260427_005346.png
 delete mode 100644 charts/screenshots/COST/COST_1H_20260426_045918.png
 create mode 100644 charts/screenshots/COST/COST_1H_20260427_004845.png
 delete mode 100644 charts/screenshots/COST/COST_4H_20260426_045918.png
 create mode 100644 charts/screenshots/COST/COST_4H_20260427_004845.png
 delete mode 100644 charts/screenshots/COST/COST_Daily_20260426_045918.png
 create mode 100644 charts/screenshots/COST/COST_Daily_20260427_004845.png
 delete mode 100644 charts/screenshots/COST/COST_Monthly_20260426_045918.png
 create mode 100644 charts/screenshots/COST/COST_Monthly_20260427_004845.png
 delete mode 100644 charts/screenshots/COST/COST_Weekly_20260426_045918.png
 create mode 100644 charts/screenshots/COST/COST_Weekly_20260427_004845.png
 delete mode 100644 charts/screenshots/CSCO/CSCO_1H_20260426_044653.png
 create mode 100644 charts/screenshots/CSCO/CSCO_1H_20260427_003647.png
 delete mode 100644 charts/screenshots/CSCO/CSCO_4H_20260426_044653.png
 create mode 100644 charts/screenshots/CSCO/CSCO_4H_20260427_003647.png
 delete mode 100644 charts/screenshots/CSCO/CSCO_Daily_20260426_044653.png
 create mode 100644 charts/screenshots/CSCO/CSCO_Daily_20260427_003647.png
 delete mode 100644 charts/screenshots/CSCO/CSCO_Monthly_20260426_044653.png
 create mode 100644 charts/screenshots/CSCO/CSCO_Monthly_20260427_003647.png
 delete mode 100644 charts/screenshots/CSCO/CSCO_Weekly_20260426_044653.png
 create mode 100644 charts/screenshots/CSCO/CSCO_Weekly_20260427_003647.png
 delete mode 100644 charts/screenshots/CVX/CVX_1H_20260426_045950.png
 create mode 100644 charts/screenshots/CVX/CVX_1H_20260427_004915.png
 delete mode 100644 charts/screenshots/CVX/CVX_4H_20260426_045950.png
 create mode 100644 charts/screenshots/CVX/CVX_4H_20260427_004915.png
 delete mode 100644 charts/screenshots/CVX/CVX_Daily_20260426_045950.png
 create mode 100644 charts/screenshots/CVX/CVX_Daily_20260427_004915.png
 delete mode 100644 charts/screenshots/CVX/CVX_Monthly_20260426_045950.png
 create mode 100644 charts/screenshots/CVX/CVX_Monthly_20260427_004915.png
 delete mode 100644 charts/screenshots/CVX/CVX_Weekly_20260426_045950.png
 create mode 100644 charts/screenshots/CVX/CVX_Weekly_20260427_004915.png
 rename charts/screenshots/DAL/{DAL_1H_20260426_050708.png => DAL_1H_20260427_005618.png} (100%)
 rename charts/screenshots/DAL/{DAL_4H_20260426_050708.png => DAL_4H_20260427_005618.png} (100%)
 delete mode 100644 charts/screenshots/DAL/DAL_Daily_20260426_050708.png
 create mode 100644 charts/screenshots/DAL/DAL_Daily_20260427_005618.png
 delete mode 100644 charts/screenshots/DAL/DAL_Monthly_20260426_050708.png
 create mode 100644 charts/screenshots/DAL/DAL_Monthly_20260427_005618.png
 delete mode 100644 charts/screenshots/DAL/DAL_Weekly_20260426_050708.png
 create mode 100644 charts/screenshots/DAL/DAL_Weekly_20260427_005618.png
 delete mode 100644 charts/screenshots/DE/DE_1H_20260426_050942.png
 create mode 100644 charts/screenshots/DE/DE_1H_20260427_005845.png
 delete mode 100644 charts/screenshots/DE/DE_4H_20260426_050942.png
 create mode 100644 charts/screenshots/DE/DE_4H_20260427_005845.png
 delete mode 100644 charts/screenshots/DE/DE_Daily_20260426_050942.png
 create mode 100644 charts/screenshots/DE/DE_Daily_20260427_005845.png
 delete mode 100644 charts/screenshots/DE/DE_Monthly_20260426_050942.png
 create mode 100644 charts/screenshots/DE/DE_Monthly_20260427_005845.png
 delete mode 100644 charts/screenshots/DE/DE_Weekly_20260426_050942.png
 create mode 100644 charts/screenshots/DE/DE_Weekly_20260427_005845.png
 delete mode 100644 charts/screenshots/DELL/DELL_1H_20260426_043836.png
 create mode 100644 charts/screenshots/DELL/DELL_1H_20260427_002830.png
 delete mode 100644 charts/screenshots/DELL/DELL_4H_20260426_043836.png
 create mode 100644 charts/screenshots/DELL/DELL_4H_20260427_002830.png
 delete mode 100644 charts/screenshots/DELL/DELL_Daily_20260426_043836.png
 create mode 100644 charts/screenshots/DELL/DELL_Daily_20260427_002830.png
 delete mode 100644 charts/screenshots/DELL/DELL_Monthly_20260426_043836.png
 create mode 100644 charts/screenshots/DELL/DELL_Monthly_20260427_002830.png
 rename charts/screenshots/DELL/{DELL_Weekly_20260426_043836.png => DELL_Weekly_20260427_002830.png} (100%)
 delete mode 100644 charts/screenshots/DVN/DVN_1H_20260426_050022.png
 create mode 100644 charts/screenshots/DVN/DVN_1H_20260427_004946.png
 delete mode 100644 charts/screenshots/DVN/DVN_4H_20260426_050022.png
 create mode 100644 charts/screenshots/DVN/DVN_4H_20260427_004946.png
 delete mode 100644 charts/screenshots/DVN/DVN_Daily_20260426_050022.png
 create mode 100644 charts/screenshots/DVN/DVN_Daily_20260427_004946.png
 delete mode 100644 charts/screenshots/DVN/DVN_Monthly_20260426_050022.png
 create mode 100644 charts/screenshots/DVN/DVN_Monthly_20260427_004946.png
 delete mode 100644 charts/screenshots/DVN/DVN_Weekly_20260426_050022.png
 create mode 100644 charts/screenshots/DVN/DVN_Weekly_20260427_004946.png
 delete mode 100644 charts/screenshots/ETN/ETN_1H_20260426_044347.png
 create mode 100644 charts/screenshots/ETN/ETN_1H_20260427_003341.png
 delete mode 100644 charts/screenshots/ETN/ETN_4H_20260426_044347.png
 create mode 100644 charts/screenshots/ETN/ETN_4H_20260427_003341.png
 delete mode 100644 charts/screenshots/ETN/ETN_Daily_20260426_044347.png
 create mode 100644 charts/screenshots/ETN/ETN_Daily_20260427_003341.png
 delete mode 100644 charts/screenshots/ETN/ETN_Monthly_20260426_044347.png
 create mode 100644 charts/screenshots/ETN/ETN_Monthly_20260427_003341.png
 delete mode 100644 charts/screenshots/ETN/ETN_Weekly_20260426_044347.png
 create mode 100644 charts/screenshots/ETN/ETN_Weekly_20260427_003341.png
 delete mode 100644 charts/screenshots/FANG/FANG_1H_20260426_050359.png
 create mode 100644 charts/screenshots/FANG/FANG_1H_20260427_005317.png
 delete mode 100644 charts/screenshots/FANG/FANG_4H_20260426_050359.png
 create mode 100644 charts/screenshots/FANG/FANG_4H_20260427_005317.png
 delete mode 100644 charts/screenshots/FANG/FANG_Daily_20260426_050359.png
 create mode 100644 charts/screenshots/FANG/FANG_Daily_20260427_005317.png
 delete mode 100644 charts/screenshots/FANG/FANG_Monthly_20260426_050359.png
 create mode 100644 charts/screenshots/FANG/FANG_Monthly_20260427_005317.png
 delete mode 100644 charts/screenshots/FANG/FANG_Weekly_20260426_050359.png
 create mode 100644 charts/screenshots/FANG/FANG_Weekly_20260427_005317.png
 delete mode 100644 charts/screenshots/FCX/FCX_1H_20260426_045305.png
 create mode 100644 charts/screenshots/FCX/FCX_1H_20260427_004249.png
 delete mode 100644 charts/screenshots/FCX/FCX_4H_20260426_045305.png
 create mode 100644 charts/screenshots/FCX/FCX_4H_20260427_004249.png
 delete mode 100644 charts/screenshots/FCX/FCX_Daily_20260426_045305.png
 create mode 100644 charts/screenshots/FCX/FCX_Daily_20260427_004249.png
 delete mode 100644 charts/screenshots/FCX/FCX_Monthly_20260426_045305.png
 create mode 100644 charts/screenshots/FCX/FCX_Monthly_20260427_004249.png
 delete mode 100644 charts/screenshots/FCX/FCX_Weekly_20260426_045305.png
 create mode 100644 charts/screenshots/FCX/FCX_Weekly_20260427_004249.png
 delete mode 100644 charts/screenshots/GEV/GEV_1H_20260426_045029.png
 create mode 100644 charts/screenshots/GEV/GEV_1H_20260427_004019.png
 delete mode 100644 charts/screenshots/GEV/GEV_4H_20260426_045029.png
 create mode 100644 charts/screenshots/GEV/GEV_4H_20260427_004019.png
 delete mode 100644 charts/screenshots/GEV/GEV_Daily_20260426_045029.png
 create mode 100644 charts/screenshots/GEV/GEV_Daily_20260427_004019.png
 delete mode 100644 charts/screenshots/GEV/GEV_Monthly_20260426_045029.png
 create mode 100644 charts/screenshots/GEV/GEV_Monthly_20260427_004019.png
 delete mode 100644 charts/screenshots/GEV/GEV_Weekly_20260426_045029.png
 create mode 100644 charts/screenshots/GEV/GEV_Weekly_20260427_004019.png
 delete mode 100644 charts/screenshots/GLW/GLW_1H_20260426_044245.png
 create mode 100644 charts/screenshots/GLW/GLW_1H_20260427_003239.png
 delete mode 100644 charts/screenshots/GLW/GLW_4H_20260426_044245.png
 create mode 100644 charts/screenshots/GLW/GLW_4H_20260427_003239.png
 delete mode 100644 charts/screenshots/GLW/GLW_Daily_20260426_044245.png
 create mode 100644 charts/screenshots/GLW/GLW_Daily_20260427_003239.png
 delete mode 100644 charts/screenshots/GLW/GLW_Monthly_20260426_044245.png
 create mode 100644 charts/screenshots/GLW/GLW_Monthly_20260427_003239.png
 delete mode 100644 charts/screenshots/GLW/GLW_Weekly_20260426_044245.png
 create mode 100644 charts/screenshots/GLW/GLW_Weekly_20260427_003239.png
 delete mode 100644 charts/screenshots/GOOG/GOOG_1H_20260426_043805.png
 create mode 100644 charts/screenshots/GOOG/GOOG_1H_20260427_002759.png
 delete mode 100644 charts/screenshots/GOOG/GOOG_4H_20260426_043805.png
 create mode 100644 charts/screenshots/GOOG/GOOG_4H_20260427_002759.png
 delete mode 100644 charts/screenshots/GOOG/GOOG_Daily_20260426_043805.png
 create mode 100644 charts/screenshots/GOOG/GOOG_Daily_20260427_002759.png
 delete mode 100644 charts/screenshots/GOOG/GOOG_Monthly_20260426_043805.png
 create mode 100644 charts/screenshots/GOOG/GOOG_Monthly_20260427_002759.png
 delete mode 100644 charts/screenshots/GOOG/GOOG_Weekly_20260426_043805.png
 create mode 100644 charts/screenshots/GOOG/GOOG_Weekly_20260427_002759.png
 delete mode 100644 charts/screenshots/GOOGL/GOOGL_1H_20260426_043703.png
 create mode 100644 charts/screenshots/GOOGL/GOOGL_1H_20260427_002656.png
 rename charts/screenshots/GOOGL/{GOOGL_4H_20260426_043703.png => GOOGL_4H_20260427_002656.png} (100%)
 delete mode 100644 charts/screenshots/GOOGL/GOOGL_Daily_20260426_043703.png
 create mode 100644 charts/screenshots/GOOGL/GOOGL_Daily_20260427_002656.png
 delete mode 100644 charts/screenshots/GOOGL/GOOGL_Monthly_20260426_043703.png
 create mode 100644 charts/screenshots/GOOGL/GOOGL_Monthly_20260427_002656.png
 delete mode 100644 charts/screenshots/GOOGL/GOOGL_Weekly_20260426_043703.png
 create mode 100644 charts/screenshots/GOOGL/GOOGL_Weekly_20260427_002656.png
 delete mode 100644 charts/screenshots/GS/GS_1H_20260426_044724.png
 create mode 100644 charts/screenshots/GS/GS_1H_20260427_003718.png
 delete mode 100644 charts/screenshots/GS/GS_4H_20260426_044724.png
 create mode 100644 charts/screenshots/GS/GS_4H_20260427_003718.png
 delete mode 100644 charts/screenshots/GS/GS_Daily_20260426_044724.png
 create mode 100644 charts/screenshots/GS/GS_Daily_20260427_003718.png
 delete mode 100644 charts/screenshots/GS/GS_Monthly_20260426_044724.png
 create mode 100644 charts/screenshots/GS/GS_Monthly_20260427_003718.png
 delete mode 100644 charts/screenshots/GS/GS_Weekly_20260426_044724.png
 create mode 100644 charts/screenshots/GS/GS_Weekly_20260427_003718.png
 delete mode 100644 charts/screenshots/IBM/IBM_1H_20260426_050605.png
 create mode 100644 charts/screenshots/IBM/IBM_1H_20260427_005518.png
 delete mode 100644 charts/screenshots/IBM/IBM_4H_20260426_050605.png
 create mode 100644 charts/screenshots/IBM/IBM_4H_20260427_005518.png
 delete mode 100644 charts/screenshots/IBM/IBM_Daily_20260426_050605.png
 create mode 100644 charts/screenshots/IBM/IBM_Daily_20260427_005518.png
 delete mode 100644 charts/screenshots/IBM/IBM_Monthly_20260426_050605.png
 create mode 100644 charts/screenshots/IBM/IBM_Monthly_20260427_005518.png
 delete mode 100644 charts/screenshots/IBM/IBM_Weekly_20260426_050605.png
 create mode 100644 charts/screenshots/IBM/IBM_Weekly_20260427_005518.png
 delete mode 100644 charts/screenshots/INTC/INTC_1H_20260426_045612.png
 create mode 100644 charts/screenshots/INTC/INTC_1H_20260427_004549.png
 delete mode 100644 charts/screenshots/INTC/INTC_4H_20260426_045612.png
 create mode 100644 charts/screenshots/INTC/INTC_4H_20260427_004549.png
 delete mode 100644 charts/screenshots/INTC/INTC_Daily_20260426_045612.png
 create mode 100644 charts/screenshots/INTC/INTC_Daily_20260427_004549.png
 delete mode 100644 charts/screenshots/INTC/INTC_Monthly_20260426_045612.png
 create mode 100644 charts/screenshots/INTC/INTC_Monthly_20260427_004549.png
 delete mode 100644 charts/screenshots/INTC/INTC_Weekly_20260426_045612.png
 create mode 100644 charts/screenshots/INTC/INTC_Weekly_20260427_004549.png
 rename charts/screenshots/IWM/{IWM_1H_20260426_043458.png => IWM_1H_20260427_002453.png} (100%)
 rename charts/screenshots/IWM/{IWM_4H_20260426_043458.png => IWM_4H_20260427_002453.png} (100%)
 delete mode 100644 charts/screenshots/IWM/IWM_Daily_20260426_043458.png
 create mode 100644 charts/screenshots/IWM/IWM_Daily_20260427_002453.png
 delete mode 100644 charts/screenshots/IWM/IWM_Monthly_20260426_043458.png
 create mode 100644 charts/screenshots/IWM/IWM_Monthly_20260427_002453.png
 delete mode 100644 charts/screenshots/IWM/IWM_Weekly_20260426_043458.png
 create mode 100644 charts/screenshots/IWM/IWM_Weekly_20260427_002453.png
 delete mode 100644 charts/screenshots/JNJ/JNJ_1H_20260426_050123.png
 create mode 100644 charts/screenshots/JNJ/JNJ_1H_20260427_005047.png
 delete mode 100644 charts/screenshots/JNJ/JNJ_4H_20260426_050123.png
 create mode 100644 charts/screenshots/JNJ/JNJ_4H_20260427_005047.png
 delete mode 100644 charts/screenshots/JNJ/JNJ_Daily_20260426_050123.png
 create mode 100644 charts/screenshots/JNJ/JNJ_Daily_20260427_005047.png
 delete mode 100644 charts/screenshots/JNJ/JNJ_Monthly_20260426_050123.png
 create mode 100644 charts/screenshots/JNJ/JNJ_Monthly_20260427_005047.png
 delete mode 100644 charts/screenshots/JNJ/JNJ_Weekly_20260426_050123.png
 create mode 100644 charts/screenshots/JNJ/JNJ_Weekly_20260427_005047.png
 delete mode 100644 charts/screenshots/JPM/JPM_1H_20260426_045817.png
 create mode 100644 charts/screenshots/JPM/JPM_1H_20260427_004747.png
 delete mode 100644 charts/screenshots/JPM/JPM_4H_20260426_045817.png
 create mode 100644 charts/screenshots/JPM/JPM_4H_20260427_004747.png
 delete mode 100644 charts/screenshots/JPM/JPM_Daily_20260426_045817.png
 create mode 100644 charts/screenshots/JPM/JPM_Daily_20260427_004747.png
 delete mode 100644 charts/screenshots/JPM/JPM_Monthly_20260426_045817.png
 create mode 100644 charts/screenshots/JPM/JPM_Monthly_20260427_004747.png
 delete mode 100644 charts/screenshots/JPM/JPM_Weekly_20260426_045817.png
 create mode 100644 charts/screenshots/JPM/JPM_Weekly_20260427_004747.png
 delete mode 100644 charts/screenshots/KLAC/KLAC_1H_20260426_045132.png
 create mode 100644 charts/screenshots/KLAC/KLAC_1H_20260427_004118.png
 delete mode 100644 charts/screenshots/KLAC/KLAC_4H_20260426_045132.png
 create mode 100644 charts/screenshots/KLAC/KLAC_4H_20260427_004118.png
 delete mode 100644 charts/screenshots/KLAC/KLAC_Daily_20260426_045132.png
 create mode 100644 charts/screenshots/KLAC/KLAC_Daily_20260427_004118.png
 delete mode 100644 charts/screenshots/KLAC/KLAC_Monthly_20260426_045132.png
 create mode 100644 charts/screenshots/KLAC/KLAC_Monthly_20260427_004118.png
 delete mode 100644 charts/screenshots/KLAC/KLAC_Weekly_20260426_045132.png
 create mode 100644 charts/screenshots/KLAC/KLAC_Weekly_20260427_004118.png
 delete mode 100644 charts/screenshots/KO/KO_1H_20260426_050911.png
 create mode 100644 charts/screenshots/KO/KO_1H_20260427_005814.png
 rename charts/screenshots/KO/{KO_4H_20260426_050911.png => KO_4H_20260427_005814.png} (100%)
 delete mode 100644 charts/screenshots/KO/KO_Daily_20260426_050911.png
 create mode 100644 charts/screenshots/KO/KO_Daily_20260427_005814.png
 delete mode 100644 charts/screenshots/KO/KO_Monthly_20260426_050911.png
 create mode 100644 charts/screenshots/KO/KO_Monthly_20260427_005814.png
 delete mode 100644 charts/screenshots/KO/KO_Weekly_20260426_050911.png
 create mode 100644 charts/screenshots/KO/KO_Weekly_20260427_005814.png
 delete mode 100644 charts/screenshots/LIN/LIN_1H_20260426_051013.png
 create mode 100644 charts/screenshots/LIN/LIN_1H_20260427_005915.png
 delete mode 100644 charts/screenshots/LIN/LIN_4H_20260426_051013.png
 create mode 100644 charts/screenshots/LIN/LIN_4H_20260427_005915.png
 delete mode 100644 charts/screenshots/LIN/LIN_Daily_20260426_051013.png
 create mode 100644 charts/screenshots/LIN/LIN_Daily_20260427_005915.png
 delete mode 100644 charts/screenshots/LIN/LIN_Monthly_20260426_051013.png
 create mode 100644 charts/screenshots/LIN/LIN_Monthly_20260427_005915.png
 delete mode 100644 charts/screenshots/LIN/LIN_Weekly_20260426_051013.png
 create mode 100644 charts/screenshots/LIN/LIN_Weekly_20260427_005915.png
 delete mode 100644 charts/screenshots/LLY/LLY_1H_20260426_050738.png
 create mode 100644 charts/screenshots/LLY/LLY_1H_20260427_005646.png
 rename charts/screenshots/LLY/{LLY_4H_20260426_050738.png => LLY_4H_20260427_005646.png} (100%)
 delete mode 100644 charts/screenshots/LLY/LLY_Daily_20260426_050738.png
 create mode 100644 charts/screenshots/LLY/LLY_Daily_20260427_005646.png
 delete mode 100644 charts/screenshots/LLY/LLY_Monthly_20260426_050738.png
 create mode 100644 charts/screenshots/LLY/LLY_Monthly_20260427_005646.png
 delete mode 100644 charts/screenshots/LLY/LLY_Weekly_20260426_050738.png
 create mode 100644 charts/screenshots/LLY/LLY_Weekly_20260427_005646.png
 delete mode 100644 charts/screenshots/LRCX/LRCX_1H_20260426_043734.png
 create mode 100644 charts/screenshots/LRCX/LRCX_1H_20260427_002728.png
 delete mode 100644 charts/screenshots/LRCX/LRCX_4H_20260426_043734.png
 create mode 100644 charts/screenshots/LRCX/LRCX_4H_20260427_002728.png
 delete mode 100644 charts/screenshots/LRCX/LRCX_Daily_20260426_043734.png
 create mode 100644 charts/screenshots/LRCX/LRCX_Daily_20260427_002728.png
 delete mode 100644 charts/screenshots/LRCX/LRCX_Monthly_20260426_043734.png
 create mode 100644 charts/screenshots/LRCX/LRCX_Monthly_20260427_002728.png
 delete mode 100644 charts/screenshots/LRCX/LRCX_Weekly_20260426_043734.png
 create mode 100644 charts/screenshots/LRCX/LRCX_Weekly_20260427_002728.png
 delete mode 100644 charts/screenshots/MCHP/MCHP_1H_20260426_044825.png
 create mode 100644 charts/screenshots/MCHP/MCHP_1H_20260427_003818.png
 delete mode 100644 charts/screenshots/MCHP/MCHP_4H_20260426_044825.png
 create mode 100644 charts/screenshots/MCHP/MCHP_4H_20260427_003818.png
 delete mode 100644 charts/screenshots/MCHP/MCHP_Daily_20260426_044825.png
 create mode 100644 charts/screenshots/MCHP/MCHP_Daily_20260427_003818.png
 delete mode 100644 charts/screenshots/MCHP/MCHP_Monthly_20260426_044825.png
 create mode 100644 charts/screenshots/MCHP/MCHP_Monthly_20260427_003818.png
 delete mode 100644 charts/screenshots/MCHP/MCHP_Weekly_20260426_044825.png
 create mode 100644 charts/screenshots/MCHP/MCHP_Weekly_20260427_003818.png
 delete mode 100644 charts/screenshots/MDT/MDT_1H_20260426_050840.png
 create mode 100644 charts/screenshots/MDT/MDT_1H_20260427_005744.png
 delete mode 100644 charts/screenshots/MDT/MDT_4H_20260426_050840.png
 create mode 100644 charts/screenshots/MDT/MDT_4H_20260427_005744.png
 delete mode 100644 charts/screenshots/MDT/MDT_Daily_20260426_050840.png
 create mode 100644 charts/screenshots/MDT/MDT_Daily_20260427_005744.png
 delete mode 100644 charts/screenshots/MDT/MDT_Monthly_20260426_050840.png
 create mode 100644 charts/screenshots/MDT/MDT_Monthly_20260427_005744.png
 delete mode 100644 charts/screenshots/MDT/MDT_Weekly_20260426_050840.png
 create mode 100644 charts/screenshots/MDT/MDT_Weekly_20260427_005744.png
 delete mode 100644 charts/screenshots/MPWR/MPWR_1H_20260426_044009.png
 create mode 100644 charts/screenshots/MPWR/MPWR_1H_20260427_003003.png
 delete mode 100644 charts/screenshots/MPWR/MPWR_4H_20260426_044009.png
 create mode 100644 charts/screenshots/MPWR/MPWR_4H_20260427_003003.png
 delete mode 100644 charts/screenshots/MPWR/MPWR_Daily_20260426_044009.png
 create mode 100644 charts/screenshots/MPWR/MPWR_Daily_20260427_003003.png
 delete mode 100644 charts/screenshots/MPWR/MPWR_Monthly_20260426_044009.png
 create mode 100644 charts/screenshots/MPWR/MPWR_Monthly_20260427_003003.png
 delete mode 100644 charts/screenshots/MPWR/MPWR_Weekly_20260426_044009.png
 create mode 100644 charts/screenshots/MPWR/MPWR_Weekly_20260427_003003.png
 delete mode 100644 charts/screenshots/MRK/MRK_1H_20260426_051044.png
 create mode 100644 charts/screenshots/MRK/MRK_1H_20260427_005946.png
 delete mode 100644 charts/screenshots/MRK/MRK_4H_20260426_051044.png
 create mode 100644 charts/screenshots/MRK/MRK_4H_20260427_005946.png
 rename charts/screenshots/MRK/{MRK_Daily_20260426_051044.png => MRK_Daily_20260427_005946.png} (100%)
 delete mode 100644 charts/screenshots/MRK/MRK_Monthly_20260426_051044.png
 create mode 100644 charts/screenshots/MRK/MRK_Monthly_20260427_005946.png
 delete mode 100644 charts/screenshots/MRK/MRK_Weekly_20260426_051044.png
 create mode 100644 charts/screenshots/MRK/MRK_Weekly_20260427_005946.png
 delete mode 100644 charts/screenshots/MRVL/MRVL_1H_20260426_044040.png
 create mode 100644 charts/screenshots/MRVL/MRVL_1H_20260427_003035.png
 delete mode 100644 charts/screenshots/MRVL/MRVL_4H_20260426_044040.png
 create mode 100644 charts/screenshots/MRVL/MRVL_4H_20260427_003035.png
 delete mode 100644 charts/screenshots/MRVL/MRVL_Daily_20260426_044040.png
 create mode 100644 charts/screenshots/MRVL/MRVL_Daily_20260427_003035.png
 delete mode 100644 charts/screenshots/MRVL/MRVL_Monthly_20260426_044040.png
 create mode 100644 charts/screenshots/MRVL/MRVL_Monthly_20260427_003035.png
 delete mode 100644 charts/screenshots/MRVL/MRVL_Weekly_20260426_044040.png
 create mode 100644 charts/screenshots/MRVL/MRVL_Weekly_20260427_003035.png
 delete mode 100644 charts/screenshots/MS/MS_1H_20260426_043907.png
 create mode 100644 charts/screenshots/MS/MS_1H_20260427_002901.png
 delete mode 100644 charts/screenshots/MS/MS_4H_20260426_043907.png
 create mode 100644 charts/screenshots/MS/MS_4H_20260427_002901.png
 delete mode 100644 charts/screenshots/MS/MS_Daily_20260426_043907.png
 create mode 100644 charts/screenshots/MS/MS_Daily_20260427_002901.png
 delete mode 100644 charts/screenshots/MS/MS_Monthly_20260426_043907.png
 create mode 100644 charts/screenshots/MS/MS_Monthly_20260427_002901.png
 delete mode 100644 charts/screenshots/MS/MS_Weekly_20260426_043907.png
 create mode 100644 charts/screenshots/MS/MS_Weekly_20260427_002901.png
 delete mode 100644 charts/screenshots/MU/MU_1H_20260426_044214.png
 create mode 100644 charts/screenshots/MU/MU_1H_20260427_003208.png
 rename charts/screenshots/MU/{MU_4H_20260426_044214.png => MU_4H_20260427_003208.png} (83%)
 delete mode 100644 charts/screenshots/MU/MU_Daily_20260426_044214.png
 create mode 100644 charts/screenshots/MU/MU_Daily_20260427_003208.png
 delete mode 100644 charts/screenshots/MU/MU_Monthly_20260426_044214.png
 create mode 100644 charts/screenshots/MU/MU_Monthly_20260427_003208.png
 delete mode 100644 charts/screenshots/MU/MU_Weekly_20260426_044214.png
 create mode 100644 charts/screenshots/MU/MU_Weekly_20260427_003208.png
 delete mode 100644 charts/screenshots/NBM.V/NBM.V_1H_20260426_051147.png
 create mode 100644 charts/screenshots/NBM.V/NBM.V_1H_20260427_010048.png
 delete mode 100644 charts/screenshots/NBM.V/NBM.V_4H_20260426_051147.png
 create mode 100644 charts/screenshots/NBM.V/NBM.V_4H_20260427_010048.png
 delete mode 100644 charts/screenshots/NBM.V/NBM.V_Daily_20260426_051147.png
 create mode 100644 charts/screenshots/NBM.V/NBM.V_Daily_20260427_010048.png
 delete mode 100644 charts/screenshots/NBM.V/NBM.V_Monthly_20260426_051147.png
 create mode 100644 charts/screenshots/NBM.V/NBM.V_Monthly_20260427_010048.png
 delete mode 100644 charts/screenshots/NBM.V/NBM.V_Weekly_20260426_051147.png
 create mode 100644 charts/screenshots/NBM.V/NBM.V_Weekly_20260427_010048.png
 delete mode 100644 charts/screenshots/NEE/NEE_1H_20260426_045510.png
 create mode 100644 charts/screenshots/NEE/NEE_1H_20260427_004449.png
 delete mode 100644 charts/screenshots/NEE/NEE_4H_20260426_045510.png
 create mode 100644 charts/screenshots/NEE/NEE_4H_20260427_004449.png
 delete mode 100644 charts/screenshots/NEE/NEE_Daily_20260426_045510.png
 create mode 100644 charts/screenshots/NEE/NEE_Daily_20260427_004449.png
 delete mode 100644 charts/screenshots/NEE/NEE_Monthly_20260426_045510.png
 create mode 100644 charts/screenshots/NEE/NEE_Monthly_20260427_004449.png
 delete mode 100644 charts/screenshots/NEE/NEE_Weekly_20260426_045510.png
 create mode 100644 charts/screenshots/NEE/NEE_Weekly_20260427_004449.png
 delete mode 100644 charts/screenshots/NEM/NEM_1H_20260426_044142.png
 create mode 100644 charts/screenshots/NEM/NEM_1H_20260427_003137.png
 delete mode 100644 charts/screenshots/NEM/NEM_4H_20260426_044142.png
 create mode 100644 charts/screenshots/NEM/NEM_4H_20260427_003137.png
 delete mode 100644 charts/screenshots/NEM/NEM_Daily_20260426_044142.png
 create mode 100644 charts/screenshots/NEM/NEM_Daily_20260427_003137.png
 delete mode 100644 charts/screenshots/NEM/NEM_Monthly_20260426_044142.png
 create mode 100644 charts/screenshots/NEM/NEM_Monthly_20260427_003137.png
 delete mode 100644 charts/screenshots/NEM/NEM_Weekly_20260426_044142.png
 create mode 100644 charts/screenshots/NEM/NEM_Weekly_20260427_003137.png
 delete mode 100644 charts/screenshots/NVDA/NVDA_1H_20260426_043631.png
 create mode 100644 charts/screenshots/NVDA/NVDA_1H_20260427_002625.png
 delete mode 100644 charts/screenshots/NVDA/NVDA_4H_20260426_043631.png
 create mode 100644 charts/screenshots/NVDA/NVDA_4H_20260427_002625.png
 rename charts/screenshots/NVDA/{NVDA_Daily_20260426_043631.png => NVDA_Daily_20260427_002625.png} (100%)
 delete mode 100644 charts/screenshots/NVDA/NVDA_Monthly_20260426_043631.png
 create mode 100644 charts/screenshots/NVDA/NVDA_Monthly_20260427_002625.png
 delete mode 100644 charts/screenshots/NVDA/NVDA_Weekly_20260426_043631.png
 create mode 100644 charts/screenshots/NVDA/NVDA_Weekly_20260427_002625.png
 delete mode 100644 charts/screenshots/ON/ON_1H_20260426_044755.png
 create mode 100644 charts/screenshots/ON/ON_1H_20260427_003748.png
 delete mode 100644 charts/screenshots/ON/ON_4H_20260426_044755.png
 create mode 100644 charts/screenshots/ON/ON_4H_20260427_003748.png
 delete mode 100644 charts/screenshots/ON/ON_Daily_20260426_044755.png
 create mode 100644 charts/screenshots/ON/ON_Daily_20260427_003748.png
 delete mode 100644 charts/screenshots/ON/ON_Monthly_20260426_044755.png
 create mode 100644 charts/screenshots/ON/ON_Monthly_20260427_003748.png
 delete mode 100644 charts/screenshots/ON/ON_Weekly_20260426_044755.png
 create mode 100644 charts/screenshots/ON/ON_Weekly_20260427_003748.png
 delete mode 100644 charts/screenshots/OXY/OXY_1H_20260426_050052.png
 create mode 100644 charts/screenshots/OXY/OXY_1H_20260427_005016.png
 delete mode 100644 charts/screenshots/OXY/OXY_4H_20260426_050052.png
 create mode 100644 charts/screenshots/OXY/OXY_4H_20260427_005016.png
 delete mode 100644 charts/screenshots/OXY/OXY_Daily_20260426_050052.png
 create mode 100644 charts/screenshots/OXY/OXY_Daily_20260427_005016.png
 delete mode 100644 charts/screenshots/OXY/OXY_Monthly_20260426_050052.png
 create mode 100644 charts/screenshots/OXY/OXY_Monthly_20260427_005016.png
 delete mode 100644 charts/screenshots/OXY/OXY_Weekly_20260426_050052.png
 create mode 100644 charts/screenshots/OXY/OXY_Weekly_20260427_005016.png
 delete mode 100644 charts/screenshots/PFE/PFE_1H_20260426_045848.png
 create mode 100644 charts/screenshots/PFE/PFE_1H_20260427_004817.png
 delete mode 100644 charts/screenshots/PFE/PFE_4H_20260426_045848.png
 create mode 100644 charts/screenshots/PFE/PFE_4H_20260427_004817.png
 delete mode 100644 charts/screenshots/PFE/PFE_Daily_20260426_045848.png
 create mode 100644 charts/screenshots/PFE/PFE_Daily_20260427_004817.png
 delete mode 100644 charts/screenshots/PFE/PFE_Monthly_20260426_045848.png
 create mode 100644 charts/screenshots/PFE/PFE_Monthly_20260427_004817.png
 delete mode 100644 charts/screenshots/PFE/PFE_Weekly_20260426_045848.png
 create mode 100644 charts/screenshots/PFE/PFE_Weekly_20260427_004817.png
 delete mode 100644 charts/screenshots/QQQ/QQQ_1H_20260426_043426.png
 create mode 100644 charts/screenshots/QQQ/QQQ_1H_20260427_002422.png
 delete mode 100644 charts/screenshots/QQQ/QQQ_4H_20260426_043426.png
 create mode 100644 charts/screenshots/QQQ/QQQ_4H_20260427_002422.png
 delete mode 100644 charts/screenshots/QQQ/QQQ_Daily_20260426_043426.png
 create mode 100644 charts/screenshots/QQQ/QQQ_Daily_20260427_002422.png
 delete mode 100644 charts/screenshots/QQQ/QQQ_Monthly_20260426_043426.png
 create mode 100644 charts/screenshots/QQQ/QQQ_Monthly_20260427_002422.png
 delete mode 100644 charts/screenshots/QQQ/QQQ_Weekly_20260426_043426.png
 create mode 100644 charts/screenshots/QQQ/QQQ_Weekly_20260427_002422.png
 delete mode 100644 charts/screenshots/SBUX/SBUX_1H_20260426_045438.png
 create mode 100644 charts/screenshots/SBUX/SBUX_1H_20260427_004419.png
 delete mode 100644 charts/screenshots/SBUX/SBUX_4H_20260426_045438.png
 create mode 100644 charts/screenshots/SBUX/SBUX_4H_20260427_004419.png
 delete mode 100644 charts/screenshots/SBUX/SBUX_Daily_20260426_045438.png
 create mode 100644 charts/screenshots/SBUX/SBUX_Daily_20260427_004419.png
 delete mode 100644 charts/screenshots/SBUX/SBUX_Monthly_20260426_045438.png
 create mode 100644 charts/screenshots/SBUX/SBUX_Monthly_20260427_004419.png
 delete mode 100644 charts/screenshots/SBUX/SBUX_Weekly_20260426_045438.png
 create mode 100644 charts/screenshots/SBUX/SBUX_Weekly_20260427_004419.png
 delete mode 100644 charts/screenshots/SLB/SLB_1H_20260426_043938.png
 create mode 100644 charts/screenshots/SLB/SLB_1H_20260427_002933.png
 delete mode 100644 charts/screenshots/SLB/SLB_4H_20260426_043938.png
 create mode 100644 charts/screenshots/SLB/SLB_4H_20260427_002933.png
 delete mode 100644 charts/screenshots/SLB/SLB_Daily_20260426_043938.png
 create mode 100644 charts/screenshots/SLB/SLB_Daily_20260427_002933.png
 delete mode 100644 charts/screenshots/SLB/SLB_Monthly_20260426_043938.png
 create mode 100644 charts/screenshots/SLB/SLB_Monthly_20260427_002933.png
 delete mode 100644 charts/screenshots/SLB/SLB_Weekly_20260426_043938.png
 create mode 100644 charts/screenshots/SLB/SLB_Weekly_20260427_002933.png
 delete mode 100644 charts/screenshots/SPY/SPY_1H_20260426_043528.png
 create mode 100644 charts/screenshots/SPY/SPY_1H_20260427_002523.png
 delete mode 100644 charts/screenshots/SPY/SPY_4H_20260426_043528.png
 create mode 100644 charts/screenshots/SPY/SPY_4H_20260427_002523.png
 delete mode 100644 charts/screenshots/SPY/SPY_Daily_20260426_043528.png
 create mode 100644 charts/screenshots/SPY/SPY_Daily_20260427_002523.png
 delete mode 100644 charts/screenshots/SPY/SPY_Monthly_20260426_043528.png
 create mode 100644 charts/screenshots/SPY/SPY_Monthly_20260427_002523.png
 delete mode 100644 charts/screenshots/SPY/SPY_Weekly_20260426_043528.png
 create mode 100644 charts/screenshots/SPY/SPY_Weekly_20260427_002523.png
 delete mode 100644 charts/screenshots/STX/STX_1H_20260426_044856.png
 create mode 100644 charts/screenshots/STX/STX_1H_20260427_003847.png
 delete mode 100644 charts/screenshots/STX/STX_4H_20260426_044856.png
 create mode 100644 charts/screenshots/STX/STX_4H_20260427_003847.png
 delete mode 100644 charts/screenshots/STX/STX_Daily_20260426_044856.png
 create mode 100644 charts/screenshots/STX/STX_Daily_20260427_003847.png
 delete mode 100644 charts/screenshots/STX/STX_Monthly_20260426_044856.png
 create mode 100644 charts/screenshots/STX/STX_Monthly_20260427_003847.png
 delete mode 100644 charts/screenshots/STX/STX_Weekly_20260426_044856.png
 create mode 100644 charts/screenshots/STX/STX_Weekly_20260427_003847.png
 delete mode 100644 charts/screenshots/T/T_1H_20260426_050328.png
 create mode 100644 charts/screenshots/T/T_1H_20260427_005249.png
 delete mode 100644 charts/screenshots/T/T_4H_20260426_050328.png
 create mode 100644 charts/screenshots/T/T_4H_20260427_005249.png
 delete mode 100644 charts/screenshots/T/T_Daily_20260426_050328.png
 create mode 100644 charts/screenshots/T/T_Daily_20260427_005249.png
 delete mode 100644 charts/screenshots/T/T_Monthly_20260426_050328.png
 create mode 100644 charts/screenshots/T/T_Monthly_20260427_005249.png
 delete mode 100644 charts/screenshots/T/T_Weekly_20260426_050328.png
 create mode 100644 charts/screenshots/T/T_Weekly_20260427_005249.png
 delete mode 100644 charts/screenshots/TER/TER_1H_20260426_045746.png
 create mode 100644 charts/screenshots/TER/TER_1H_20260427_004718.png
 rename charts/screenshots/TER/{TER_4H_20260426_045746.png => TER_4H_20260427_004718.png} (100%)
 delete mode 100644 charts/screenshots/TER/TER_Daily_20260426_045746.png
 create mode 100644 charts/screenshots/TER/TER_Daily_20260427_004718.png
 delete mode 100644 charts/screenshots/TER/TER_Monthly_20260426_045746.png
 create mode 100644 charts/screenshots/TER/TER_Monthly_20260427_004718.png
 delete mode 100644 charts/screenshots/TER/TER_Weekly_20260426_045746.png
 create mode 100644 charts/screenshots/TER/TER_Weekly_20260427_004718.png
 rename charts/screenshots/TJX/{TJX_1H_20260426_050257.png => TJX_1H_20260427_005220.png} (100%)
 delete mode 100644 charts/screenshots/TJX/TJX_4H_20260426_050257.png
 create mode 100644 charts/screenshots/TJX/TJX_4H_20260427_005220.png
 delete mode 100644 charts/screenshots/TJX/TJX_Daily_20260426_050257.png
 create mode 100644 charts/screenshots/TJX/TJX_Daily_20260427_005220.png
 delete mode 100644 charts/screenshots/TJX/TJX_Monthly_20260426_050257.png
 create mode 100644 charts/screenshots/TJX/TJX_Monthly_20260427_005220.png
 delete mode 100644 charts/screenshots/TJX/TJX_Weekly_20260426_050257.png
 create mode 100644 charts/screenshots/TJX/TJX_Weekly_20260427_005220.png
 delete mode 100644 charts/screenshots/TMO/TMO_1H_20260426_050533.png
 create mode 100644 charts/screenshots/TMO/TMO_1H_20260427_005449.png
 delete mode 100644 charts/screenshots/TMO/TMO_4H_20260426_050533.png
 create mode 100644 charts/screenshots/TMO/TMO_4H_20260427_005449.png
 delete mode 100644 charts/screenshots/TMO/TMO_Daily_20260426_050533.png
 create mode 100644 charts/screenshots/TMO/TMO_Daily_20260427_005449.png
 delete mode 100644 charts/screenshots/TMO/TMO_Monthly_20260426_050533.png
 create mode 100644 charts/screenshots/TMO/TMO_Monthly_20260427_005449.png
 delete mode 100644 charts/screenshots/TMO/TMO_Weekly_20260426_050533.png
 create mode 100644 charts/screenshots/TMO/TMO_Weekly_20260427_005449.png
 delete mode 100644 charts/screenshots/TMUS/TMUS_1H_20260426_050809.png
 create mode 100644 charts/screenshots/TMUS/TMUS_1H_20260427_005716.png
 delete mode 100644 charts/screenshots/TMUS/TMUS_4H_20260426_050809.png
 create mode 100644 charts/screenshots/TMUS/TMUS_4H_20260427_005716.png
 delete mode 100644 charts/screenshots/TMUS/TMUS_Daily_20260426_050809.png
 create mode 100644 charts/screenshots/TMUS/TMUS_Daily_20260427_005716.png
 delete mode 100644 charts/screenshots/TMUS/TMUS_Monthly_20260426_050809.png
 create mode 100644 charts/screenshots/TMUS/TMUS_Monthly_20260427_005716.png
 delete mode 100644 charts/screenshots/TMUS/TMUS_Weekly_20260426_050809.png
 create mode 100644 charts/screenshots/TMUS/TMUS_Weekly_20260427_005716.png
 delete mode 100644 charts/screenshots/TXN/TXN_1H_20260426_045643.png
 create mode 100644 charts/screenshots/TXN/TXN_1H_20260427_004620.png
 rename charts/screenshots/TXN/{TXN_4H_20260426_045643.png => TXN_4H_20260427_004620.png} (100%)
 delete mode 100644 charts/screenshots/TXN/TXN_Daily_20260426_045643.png
 create mode 100644 charts/screenshots/TXN/TXN_Daily_20260427_004620.png
 delete mode 100644 charts/screenshots/TXN/TXN_Monthly_20260426_045643.png
 create mode 100644 charts/screenshots/TXN/TXN_Monthly_20260427_004620.png
 delete mode 100644 charts/screenshots/TXN/TXN_Weekly_20260426_045643.png
 create mode 100644 charts/screenshots/TXN/TXN_Weekly_20260427_004620.png
 delete mode 100644 charts/screenshots/UNH/UNH_1H_20260426_045234.png
 create mode 100644 charts/screenshots/UNH/UNH_1H_20260427_004218.png
 delete mode 100644 charts/screenshots/UNH/UNH_4H_20260426_045234.png
 create mode 100644 charts/screenshots/UNH/UNH_4H_20260427_004218.png
 delete mode 100644 charts/screenshots/UNH/UNH_Daily_20260426_045234.png
 create mode 100644 charts/screenshots/UNH/UNH_Daily_20260427_004218.png
 delete mode 100644 charts/screenshots/UNH/UNH_Monthly_20260426_045234.png
 create mode 100644 charts/screenshots/UNH/UNH_Monthly_20260427_004218.png
 delete mode 100644 charts/screenshots/UNH/UNH_Weekly_20260426_045234.png
 create mode 100644 charts/screenshots/UNH/UNH_Weekly_20260427_004218.png
 delete mode 100644 charts/screenshots/UNP/UNP_1H_20260426_045336.png
 create mode 100644 charts/screenshots/UNP/UNP_1H_20260427_004319.png
 delete mode 100644 charts/screenshots/UNP/UNP_4H_20260426_045336.png
 create mode 100644 charts/screenshots/UNP/UNP_4H_20260427_004319.png
 delete mode 100644 charts/screenshots/UNP/UNP_Daily_20260426_045336.png
 create mode 100644 charts/screenshots/UNP/UNP_Daily_20260427_004319.png
 delete mode 100644 charts/screenshots/UNP/UNP_Monthly_20260426_045336.png
 create mode 100644 charts/screenshots/UNP/UNP_Monthly_20260427_004319.png
 delete mode 100644 charts/screenshots/UNP/UNP_Weekly_20260426_045336.png
 create mode 100644 charts/screenshots/UNP/UNP_Weekly_20260427_004319.png
 delete mode 100644 charts/screenshots/VLO/VLO_1H_20260426_051116.png
 create mode 100644 charts/screenshots/VLO/VLO_1H_20260427_010017.png
 delete mode 100644 charts/screenshots/VLO/VLO_4H_20260426_051116.png
 create mode 100644 charts/screenshots/VLO/VLO_4H_20260427_010017.png
 delete mode 100644 charts/screenshots/VLO/VLO_Daily_20260426_051116.png
 create mode 100644 charts/screenshots/VLO/VLO_Daily_20260427_010017.png
 delete mode 100644 charts/screenshots/VLO/VLO_Monthly_20260426_051116.png
 create mode 100644 charts/screenshots/VLO/VLO_Monthly_20260427_010017.png
 rename charts/screenshots/VLO/{VLO_Weekly_20260426_051116.png => VLO_Weekly_20260427_010017.png} (51%)
 delete mode 100644 charts/screenshots/VZ/VZ_1H_20260426_045203.png
 create mode 100644 charts/screenshots/VZ/VZ_1H_20260427_004147.png
 delete mode 100644 charts/screenshots/VZ/VZ_4H_20260426_045203.png
 create mode 100644 charts/screenshots/VZ/VZ_4H_20260427_004147.png
 delete mode 100644 charts/screenshots/VZ/VZ_Daily_20260426_045203.png
 create mode 100644 charts/screenshots/VZ/VZ_Daily_20260427_004147.png
 delete mode 100644 charts/screenshots/VZ/VZ_Monthly_20260426_045203.png
 create mode 100644 charts/screenshots/VZ/VZ_Monthly_20260427_004147.png
 delete mode 100644 charts/screenshots/VZ/VZ_Weekly_20260426_045203.png
 create mode 100644 charts/screenshots/VZ/VZ_Weekly_20260427_004147.png
 delete mode 100644 charts/screenshots/WDC/WDC_1H_20260426_045100.png
 create mode 100644 charts/screenshots/WDC/WDC_1H_20260427_004048.png
 delete mode 100644 charts/screenshots/WDC/WDC_4H_20260426_045100.png
 create mode 100644 charts/screenshots/WDC/WDC_4H_20260427_004048.png
 delete mode 100644 charts/screenshots/WDC/WDC_Daily_20260426_045100.png
 create mode 100644 charts/screenshots/WDC/WDC_Daily_20260427_004048.png
 delete mode 100644 charts/screenshots/WDC/WDC_Monthly_20260426_045100.png
 create mode 100644 charts/screenshots/WDC/WDC_Monthly_20260427_004048.png
 delete mode 100644 charts/screenshots/WDC/WDC_Weekly_20260426_045100.png
 create mode 100644 charts/screenshots/WDC/WDC_Weekly_20260427_004048.png
 delete mode 100644 charts/screenshots/WMT/WMT_1H_20260426_045541.png
 create mode 100644 charts/screenshots/WMT/WMT_1H_20260427_004518.png
 delete mode 100644 charts/screenshots/WMT/WMT_4H_20260426_045541.png
 create mode 100644 charts/screenshots/WMT/WMT_4H_20260427_004518.png
 delete mode 100644 charts/screenshots/WMT/WMT_Daily_20260426_045541.png
 create mode 100644 charts/screenshots/WMT/WMT_Daily_20260427_004518.png
 delete mode 100644 charts/screenshots/WMT/WMT_Monthly_20260426_045541.png
 create mode 100644 charts/screenshots/WMT/WMT_Monthly_20260427_004518.png
 delete mode 100644 charts/screenshots/WMT/WMT_Weekly_20260426_045541.png
 create mode 100644 charts/screenshots/WMT/WMT_Weekly_20260427_004518.png
 delete mode 100644 charts/screenshots/XOM/XOM_1H_20260426_050502.png
 create mode 100644 charts/screenshots/XOM/XOM_1H_20260427_005417.png
 delete mode 100644 charts/screenshots/XOM/XOM_4H_20260426_050502.png
 create mode 100644 charts/screenshots/XOM/XOM_4H_20260427_005417.png
 delete mode 100644 charts/screenshots/XOM/XOM_Daily_20260426_050502.png
 create mode 100644 charts/screenshots/XOM/XOM_Daily_20260427_005417.png
 delete mode 100644 charts/screenshots/XOM/XOM_Monthly_20260426_050502.png
 create mode 100644 charts/screenshots/XOM/XOM_Monthly_20260427_005417.png
 delete mode 100644 charts/screenshots/XOM/XOM_Weekly_20260426_050502.png
 create mode 100644 charts/screenshots/XOM/XOM_Weekly_20260427_005417.png
[[SP500 차트분석]] GitHub 푸시 완료
[[SP500 차트분석]] Google Sheets 업데이트 완료
[Paper Trading] SP500 ranked_df 스냅샷 저장 완료 (130개 종목)

[요약] 파이프라인 완료 – 총 3219.1초 (53.65분) 소요
