============================================================
[PT-2 골든크로스 스윙] 실행 시작 (pt2-v0)
============================================================
[Unified PT] SP500 snapshot 로드: 128개 종목
[Unified PT] NASDAQ snapshot 로드: 225개 종목
[Unified PT] 합산 완료: 343개 종목 (SP500 128 + NASDAQ 225개, 중복 제거 후)
[PT-2 골든크로스 스윙] 거래일 2026-10-06 | 일봉 다운로드 4종목
[PT-2 골든크로스 스윙] 2026-10-06 | 매수 2 · 매도 0 · 취소 0 · 예약 2 | 보유 3 | 평가액 $4,968.98 (현금 $2,002.94)
  BUY  ASML   @ 1870.00 손절 1771.29 (골든크로스(일봉직후))
  BUY  DIS    @ 103.42 손절 99.15 (골든크로스(주봉직후, 월봉직후))
  예약 SELL DIS    (다음 시가) 추세이탈(50일선 아래 4일)
  예약 BUY  MDT    (다음 시가) 골든크로스(월봉직후)
  후보 선정: {'regime': 'bull', '골든크로스': 56, '통과': 5, '탈락': {'과열': 3, '200일선 아래': 14, '보유·제외': 2, '진입유형': 32}}
  후보 AMAT   점수 0.632 골든크로스(일봉직후)
  후보 LRCX   점수 0.602 골든크로스(일봉직후)
  후보 MPWR   점수 0.600 골든크로스(일봉직후)
  후보 CDNS   점수 0.595 골든크로스(일봉직후)
  후보 MDT    점수 0.477 골든크로스(월봉직후)
[PT-2 골든크로스 스윙] 구글 시트 동기화 완료
[PT-2 골든크로스 스윙] 이메일 발송 완료 → 1명
