[OHLCV] 배치 다운로드 1/11 (50개 종목, period=5y)...
[OHLCV] 배치 다운로드 2/11 (50개 종목, period=5y)...
[OHLCV] 배치 다운로드 3/11 (50개 종목, period=5y)...
[OHLCV] 배치 다운로드 4/11 (50개 종목, period=5y)...
[OHLCV] 배치 다운로드 5/11 (50개 종목, period=5y)...
[OHLCV] 배치 다운로드 6/11 (50개 종목, period=5y)...
[OHLCV] 배치 다운로드 7/11 (50개 종목, period=5y)...
[OHLCV] 배치 다운로드 8/11 (50개 종목, period=5y)...
[OHLCV] 배치 다운로드 9/11 (50개 종목, period=5y)...
[OHLCV] 배치 다운로드 10/11 (50개 종목, period=5y)...
[OHLCV] 배치 다운로드 11/11 (18개 종목, period=5y)...
[DataValidator] 17건의 데이터 품질 경고 발생
Warning:  GL: 비정상 가격 변동 53.1% (2024-04-11) — 스플릿/데이터 오류 가능
Warning:  MRNA: 비정상 가격 변동 177.0% (2026-08-19) — 스플릿/데이터 오류 가능
Warning:  PDD: 비정상 가격 변동 56.1% (2022-03-16) — 스플릿/데이터 오류 가능
Warning:  VLTO: Close NaN 비율 39.9% (기준: 30%)
Warning:  AVB: Close NaN 비율 99.9% (기준: 30%)
Warning:  CTVA: 비정상 가격 변동 83.8% (2026-10-01) — 스플릿/데이터 오류 가능
Warning:  SOLV: Close NaN 비율 49.4% (기준: 30%)
Warning:  GEV: Close NaN 비율 49.5% (기준: 30%)
Warning:  CTRA: Close NaN 비율 100.0% (기준: 30%)
Warning:  DAY: Close NaN 비율 100.0% (기준: 30%)
Warning:  EA: Close NaN 비율 99.9% (기준: 30%)
Warning:  KVUE: Close NaN 비율 31.6% (기준: 30%)
Warning:  PSKY: Close NaN 비율 99.4% (기준: 30%)
Warning:  PSKY: 거래량 0 연속 18일 (기준: 5일) — 상장폐지/거래정지 가능
Warning:  EQR: Close NaN 비율 99.9% (기준: 30%)
Warning:  HOLX: Close NaN 비율 100.0% (기준: 30%)
Warning:  BK: Close NaN 비율 100.0% (기준: 30%)
[[SP500 분석]] 강한 섹터: {'Information Technology'}
[OHLCV] 배치 다운로드 1/3 (50개 종목, period=2y)...
[OHLCV] 배치 다운로드 2/3 (50개 종목, period=2y)...
[OHLCV] 배치 다운로드 3/3 (28개 종목, period=2y)...
[DataValidator] 1건의 데이터 품질 경고 발생
Warning:  MRNA: 비정상 가격 변동 177.0% (2026-08-19) — 스플릿/데이터 오류 가능
[[SP500 분석]] Extreme model 'label_low' walk-forward ROC 0.64, AP 0.41
[[SP500 분석]] Extreme model 'label_high' walk-forward ROC 0.63, AP 0.34
[[SP500 분석]] Google Sheets 업데이트 완료
[Email] 바닥반등 43개 + 모멘텀 58개 = 총 101개 종목 리스트를 chunghwan14@gmail.com로 발송 완료
[[SP500 분석]] Signals 결과 기반 차트분석 종목 리스트 생성 중...
[Dynamic Portfolio] 생성된 차트분석 종목 리스트(104개): ['NBM.V', 'T', 'INSP', 'FIG', 'MRNA', 'INTU', 'AMAT', 'ETN', 'PANW', 'LRCX', 'CAT', 'PEP', 'STX', 'GS', 'JPM', 'BAC', 'DELL', 'TMUS', 'TMO', 'NVDA', 'HD', 'XOM', 'BSX', 'PFE', 'ABBV', 'AMGN', 'HPE', 'BMY', 'ADI', 'MDT', 'V', 'DE', 'PSX', 'NOW', 'GEV', 'DASH', 'FCX', 'SPGI', 'AMD', 'GE', 'UBER', 'PG', 'MELI', 'SCHW', 'MPWR', 'NKE', 'CSCO', 'MRVL', 'ASML', 'SWKS', 'MU', 'WBD', 'MCK', 'APP', 'APH', 'MA', 'KO', 'BKNG', 'ABNB', 'MCD', 'MSFT', 'WFC', 'AAPL', 'DHR', 'COIN', 'QQQ', 'WDC', 'KLAC', 'ACN', 'MRK', 'NFLX', 'CRWD', 'CVX', 'SNPS', 'SMCI', 'OKTA', 'UNH', 'QCOM', 'META', 'TER', 'PM', 'BA', 'NEE', 'DIS', 'ABT', 'ANET', 'ON', 'DDOG', 'MPC', 'AMZN', 'VZ', 'TXN', 'CDNS', 'NEM', 'RTX', 'BRK-B', 'CVS', 'MS', 'PLTR', 'VLO', 'GILD', 'INTC', 'CRM', 'LLY']
[[SP500 차트분석]] [SP500 분석] 결과 기반 [SP500 차트분석] 시트 생성 중 (104개 종목)...
[[SP500 차트분석]] [SP500 분석]에 없는 종목은 별도 분석: ['NBM.V', 'INSP', 'FIG']
[DataValidator] 2건의 데이터 품질 경고 발생
Warning:  FIG: Close NaN 비율 76.8% (기준: 30%)
Warning:  NBM.V: 비정상 가격 변동 56.3% (2024-09-25) — 스플릿/데이터 오류 가능
[[SP500 차트분석]] 강한 섹터: {'Information Technology'}
[[SP500 차트분석]] Extreme model 'global' skipped: insufficient_tickers
[[SP500 차트분석]] Google Sheets 업데이트 완료
[Paper Trading] SP500 ranked_df 스냅샷 저장 완료 (128개 종목)

[요약] 파이프라인 완료 – 총 1060.0초 (17.67분) 소요
