============================================================
[Unified Paper Trading] SP500 + NASDAQ/NYSE 통합 실행 시작
============================================================
2026-09-22 08:29:36,034 [INFO] paper_trading.runner — [Runner] SP500 snapshot 로드: 128개 종목
[Unified PT] SP500 snapshot 로드: 128개 종목
2026-09-22 08:29:36,044 [INFO] paper_trading.runner — [Runner] NASDAQ snapshot 로드: 208개 종목
[Unified PT] NASDAQ snapshot 로드: 208개 종목
[Unified PT] 합산 완료: 324개 종목 (SP500 128 + NASDAQ 208개, 중복 제거 후)
[Unified PT] 골든크로스임박 종목: 39개
2026-09-22 08:29:36,744 [INFO] paper_trading.candidate_selector — [전략점수 분포] ~4.0: 101 | 4.0~5.0: 26 | 5.0~5.5: 46 | 5.5~6.0: 34 | 6.0+: 117
2026-09-22 08:29:36,762 [INFO] paper_trading.candidate_selector — [CandidateSelector] Regime=bull | Filtered=6/324 | Selected: MELI (CCS=0.5854)
2026-09-22 08:29:36,773 [INFO] paper_trading.engine — [PaperTrading] 교체 기준 미달 — 매수 안 함
[Unified PT] 매도=0 매수=0 보유=3종목
[Unified PT] 레짐=bull | 필터={'전략점수<6.0': 207, '바닥반등_52주과열': 3, '판단등급_미달': 97, '과열_차단': 5, '유동성_부족': 0, '어닝_임박': 0, '보유_중복': 2, '모멘텀_ADX부족': 2, '바닥_RSI데드존': 2, '섹터_집중': 0, '_통과': 6, '_전체': 324}
[Unified PT] 스킵 사유: 교체_미달
[Unified PT] Top5 후보:
  MELI   CCS=0.5854 전략=📉 바닥반등 섹터=Consumer Cyclical
  ADBE   CCS=0.5272 전략=📉 바닥반등 섹터=Technology
  DASH   CCS=0.4926 전략=📈 모멘텀 섹터=Consumer Cyclical
  PONY   CCS=0.4517 전략=📉 바닥반등 섹터=Technology
  DIS    CCS=0.4377 전략=📉 바닥반등 섹터=Communication Services
2026-09-22 08:29:37,980 [INFO] paper_trading.sheet_sync — [SheetSync] 포지션현황 업데이트: 3개 종목
2026-09-22 08:29:39,188 [INFO] paper_trading.sheet_sync — [SheetSync] 성과요약 업데이트: 48건 거래
[Unified PT] 구글 시트 동기화 완료
[시장분석] 42개 종목 데이터 수집 중...
2026-09-22 08:29:45,467 [WARNING] data.fetch — [fetch_analyst_data] PONY: 'dict' object has no attribute 'empty'
2026-09-22 08:29:45,491 [WARNING] data.fetch — [fetch_analyst_data] DASH: 'dict' object has no attribute 'empty'
2026-09-22 08:29:45,500 [WARNING] data.fetch — [fetch_analyst_data] ADBE: 'dict' object has no attribute 'empty'
2026-09-22 08:29:45,515 [WARNING] data.fetch — [fetch_analyst_data] MELI: 'dict' object has no attribute 'empty'
2026-09-22 08:29:45,616 [WARNING] data.fetch — [fetch_analyst_data] DIS: 'dict' object has no attribute 'empty'
2026-09-22 08:29:51,723 [WARNING] data.fetch — [fetch_analyst_data] FIG: 'dict' object has no attribute 'empty'
2026-09-22 08:29:51,736 [WARNING] data.fetch — [fetch_analyst_data] WIX: 'dict' object has no attribute 'empty'
2026-09-22 08:29:51,757 [WARNING] data.fetch — [fetch_analyst_data] PG: 'dict' object has no attribute 'empty'
2026-09-22 08:29:51,806 [WARNING] data.fetch — [fetch_analyst_data] T: 'dict' object has no attribute 'empty'
2026-09-22 08:29:51,871 [WARNING] data.fetch — [fetch_analyst_data] MMYT: 'dict' object has no attribute 'empty'
2026-09-22 08:29:57,950 [WARNING] data.fetch — [fetch_analyst_data] MNDY: 'dict' object has no attribute 'empty'
2026-09-22 08:29:57,979 [WARNING] data.fetch — [fetch_analyst_data] HIVE: 'dict' object has no attribute 'empty'
2026-09-22 08:29:58,017 [WARNING] data.fetch — [fetch_analyst_data] ABT: 'dict' object has no attribute 'empty'
2026-09-22 08:29:58,043 [WARNING] data.fetch — [fetch_analyst_data] BTBT: 'dict' object has no attribute 'empty'
2026-09-22 08:29:58,155 [WARNING] data.fetch — [fetch_analyst_data] GOOGL: 'dict' object has no attribute 'empty'
2026-09-22 08:30:04,205 [WARNING] data.fetch — [fetch_analyst_data] GOOG: 'dict' object has no attribute 'empty'
2026-09-22 08:30:04,208 [WARNING] data.fetch — [fetch_analyst_data] ISRG: 'dict' object has no attribute 'empty'
2026-09-22 08:30:04,268 [WARNING] data.fetch — [fetch_analyst_data] RBLX: 'dict' object has no attribute 'empty'
2026-09-22 08:30:04,333 [WARNING] data.fetch — [fetch_analyst_data] INTC: 'dict' object has no attribute 'empty'
2026-09-22 08:30:04,426 [WARNING] data.fetch — [fetch_analyst_data] ADI: 'dict' object has no attribute 'empty'
2026-09-22 08:30:10,470 [WARNING] data.fetch — [fetch_analyst_data] QCOM: 'dict' object has no attribute 'empty'
2026-09-22 08:30:10,499 [WARNING] data.fetch — [fetch_analyst_data] WMT: 'dict' object has no attribute 'empty'
2026-09-22 08:30:10,554 [WARNING] data.fetch — [fetch_analyst_data] TXN: 'dict' object has no attribute 'empty'
2026-09-22 08:30:10,558 [WARNING] data.fetch — [fetch_analyst_data] QUBT: 'dict' object has no attribute 'empty'
2026-09-22 08:30:10,688 [WARNING] data.fetch — [fetch_analyst_data] MEDS: 'dict' object has no attribute 'empty'
2026-09-22 08:30:16,779 [WARNING] data.fetch — [fetch_analyst_data] CAT: 'dict' object has no attribute 'empty'
2026-09-22 08:30:16,786 [WARNING] data.fetch — [fetch_analyst_data] GLW: 'dict' object has no attribute 'empty'
2026-09-22 08:30:16,801 [WARNING] data.fetch — [fetch_analyst_data] RGTI: 'dict' object has no attribute 'empty'
2026-09-22 08:30:16,805 [WARNING] data.fetch — [fetch_analyst_data] CRML: 'dict' object has no attribute 'empty'
2026-09-22 08:30:16,930 [WARNING] data.fetch — [fetch_analyst_data] NXPI: 'dict' object has no attribute 'empty'
2026-09-22 08:30:23,010 [WARNING] data.fetch — [fetch_analyst_data] GENI: 'dict' object has no attribute 'empty'
2026-09-22 08:30:23,066 [WARNING] data.fetch — [fetch_analyst_data] COIN: 'dict' object has no attribute 'empty'
2026-09-22 08:30:23,077 [WARNING] data.fetch — [fetch_analyst_data] META: 'dict' object has no attribute 'empty'
2026-09-22 08:30:23,138 [WARNING] data.fetch — [fetch_analyst_data] SPGI: 'dict' object has no attribute 'empty'
2026-09-22 08:30:23,186 [WARNING] data.fetch — [fetch_analyst_data] BKNG: 'dict' object has no attribute 'empty'
2026-09-22 08:30:29,236 [WARNING] data.fetch — [fetch_analyst_data] UBER: 'dict' object has no attribute 'empty'
2026-09-22 08:30:29,358 [WARNING] data.fetch — [fetch_analyst_data] MSTR: 'dict' object has no attribute 'empty'
2026-09-22 08:30:29,388 [WARNING] data.fetch — [fetch_analyst_data] GPRO: 'dict' object has no attribute 'empty'
2026-09-22 08:30:29,440 [WARNING] data.fetch — [fetch_analyst_data] CEG: 'dict' object has no attribute 'empty'
2026-09-22 08:30:29,447 [WARNING] data.fetch — [fetch_analyst_data] BMNR: 'dict' object has no attribute 'empty'
2026-09-22 08:30:35,509 [WARNING] data.fetch — [fetch_analyst_data] DOCS: 'dict' object has no attribute 'empty'
2026-09-22 08:30:35,686 [WARNING] data.fetch — [fetch_analyst_data] VLO: 'dict' object has no attribute 'empty'
[시장분석] enrichment 완료
[Email] 페이퍼 트레이딩 알림 발송 완료 (매도 0건, 매수 0건, 재평가 0건, 재평가실패 0건, 후보 5건) → chunghwan14@gmail.com, roykim0311@gmail.com, ssamjungtan@naver.com
============================================================
[Unified Paper Trading] 완료
============================================================
