============================================================
[내계좌] 포트폴리오 일일 리포트 시작
============================================================
[내계좌] '내계좌' 시트 신규 생성
[내계좌] 시트 초기화 완료 — 총 25컬럼
  입력 컬럼: ['티커', '회사명', '거래소', '섹터', '매수가', '수량', '매수일', '메모']
  분석 컬럼: ['현재가', '[1H] RSI', '[1H] MACD', '[1H] 거래량', '[4H] RSI', '[4H] MACD', '[4H] 거래량', '[Daily] RSI', '[Daily] MACD', '[Daily] 거래량', '[Weekly] RSI', '[Weekly] MACD', '[Weekly] 거래량', '[Monthly] RSI', '[Monthly] MACD', '[Monthly] 거래량', '업데이트']
[내계좌] 1개 종목: ['NBM.V']

[내계좌] ▶ NBM.V 분석 중...
    1H     : RSI=44.3     MACD=-0.00194      Vol=0.31x  ✅
    4H     : RSI=43.6     MACD=-0.00014      Vol=0.39x  ✅
    Daily  : RSI=39.0     MACD=+0.00269      Vol=0.52x  ✅
    Weekly : RSI=30.4     MACD=-0.01898      Vol=0.08x  ✅
    Monthly: RSI=40.7     MACD=-0.04306      Vol=0.31x  ✅
    현재가: $0.275

[내계좌] 시트 업데이트 중...
    [시트] NBM.V 행 2 업데이트 완료
[내계좌] ✅ 이메일 발송 → chunghwan14@gmail.com (1개 종목)

============================================================
[내계좌] 완료 — 이메일 ✅ 성공
============================================================
