============================================================
[PT-2 골든크로스 스윙] 실행 시작 (pt2-v0)
============================================================
[Unified PT] SP500 snapshot 로드: 128개 종목
[Unified PT] NASDAQ snapshot 로드: 226개 종목
[Unified PT] 합산 완료: 344개 종목 (SP500 128 + NASDAQ 226개, 중복 제거 후)
[PT-2 골든크로스 스윙] 거래일 2026-10-07 | 일봉 다운로드 5종목
[PT-2 골든크로스 스윙] 2026-10-07 | 매수 1 · 매도 1 · 취소 0 · 예약 3 | 보유 3 | 평가액 $4,941.16 (현금 $2,006.26)
  SELL DIS    @ 103.48 추세이탈(50일선 아래 4일)(-0.1%)
  BUY  MDT    @ 87.40 손절 83.22 (골든크로스(월봉직후))
  예약 SELL MDT    (다음 시가) 추세이탈(50일선 아래 7일)
  예약 BUY  LLY    (다음 시가) 골든크로스(일봉직후)
  예약 BUY  DIS    (다음 시가) 골든크로스(주봉직후, 월봉직후)
  후보 선정: {'regime': 'bull', '골든크로스': 57, '통과': 9, '탈락': {'과열': 3, '200일선 아래': 14, '보유·제외': 2, '진입유형': 29}}
  후보 LLY    점수 0.664 골든크로스(일봉직후)
  후보 TXN    점수 0.624 골든크로스(일봉직후)
  후보 AMAT   점수 0.622 골든크로스(일봉직후)
  후보 MPWR   점수 0.612 골든크로스(일봉직후)
  후보 CDNS   점수 0.606 골든크로스(일봉직후)
[PT-2 골든크로스 스윙] 구글 시트 동기화 완료
[PT-2 골든크로스 스윙] 이메일 발송 완료 → 1명
