============================================================
[Unified Paper Trading] SP500 + NASDAQ/NYSE 통합 실행 시작
============================================================
2026-06-29 09:30:22,222 [INFO] paper_trading.runner — [Runner] SP500 snapshot 로드: 129개 종목
[Unified PT] SP500 snapshot 로드: 129개 종목
2026-06-29 09:30:22,230 [INFO] paper_trading.runner — [Runner] NASDAQ snapshot 로드: 252개 종목
[Unified PT] NASDAQ snapshot 로드: 252개 종목
[Unified PT] 합산 완료: 372개 종목 (SP500 129 + NASDAQ 252개, 중복 제거 후)
[Unified PT] 골든크로스임박 종목: 47개
2026-06-29 09:30:23,685 [INFO] paper_trading.candidate_selector — [전략점수 분포] ~4.0: 79 | 4.0~5.0: 33 | 5.0~5.5: 35 | 5.5~6.0: 22 | 6.0+: 203
2026-06-29 09:30:23,703 [INFO] paper_trading.candidate_selector — [CandidateSelector] Regime=bull | Filtered=13/372 | Selected: CAT (CCS=0.6277)
2026-06-29 09:30:23,714 [INFO] paper_trading.engine — [PaperTrading] 교체 기준 미달 — 매수 안 함
[Unified PT] 매도=0 매수=0 보유=3종목
[Unified PT] 레짐=bull | 필터={'전략점수<6.0': 169, '바닥반등_52주과열': 6, '판단등급_미달': 166, '과열_차단': 11, '유동성_부족': 0, '어닝_임박': 0, '보유_중복': 0, '모멘텀_ADX부족': 7, '바닥_RSI데드존': 0, '섹터_집중': 0, '_통과': 13, '_전체': 372}
[Unified PT] 스킵 사유: 교체_미달
[Unified PT] Top5 후보:
  CAT    CCS=0.6277 전략=📈 모멘텀 섹터=Industrials
  MRAM   CCS=0.5825 전략=📉 바닥반등 섹터=Technology
  MAC    CCS=0.5743 전략=📈 모멘텀 섹터=Real Estate
  AXTI   CCS=0.5661 전략=📉 바닥반등 섹터=Technology
  SBET   CCS=0.5565 전략=📉 바닥반등 섹터=Financial Services
2026-06-29 09:30:25,578 [INFO] paper_trading.sheet_sync — [SheetSync] 포지션현황 업데이트: 3개 종목
2026-06-29 09:30:27,335 [INFO] paper_trading.sheet_sync — [SheetSync] 성과요약 업데이트: 23건 거래
[Unified PT] 구글 시트 동기화 완료
[시장분석] 55개 종목 데이터 수집 중...
2026-06-29 09:30:34,262 [WARNING] data.fetch — [fetch_analyst_data] SBET: 'dict' object has no attribute 'empty'
2026-06-29 09:30:34,398 [WARNING] data.fetch — [fetch_analyst_data] MRAM: 'dict' object has no attribute 'empty'
2026-06-29 09:30:34,505 [WARNING] data.fetch — [fetch_analyst_data] CAT: 'dict' object has no attribute 'empty'
2026-06-29 09:30:34,558 [WARNING] data.fetch — [fetch_analyst_data] MAC: 'dict' object has no attribute 'empty'
2026-06-29 09:30:34,658 [WARNING] data.fetch — [fetch_analyst_data] AXTI: 'dict' object has no attribute 'empty'
2026-06-29 09:30:40,873 [WARNING] data.fetch — [fetch_analyst_data] SFM: 'dict' object has no attribute 'empty'
2026-06-29 09:30:41,173 [WARNING] data.fetch — [fetch_analyst_data] SMCI: 'dict' object has no attribute 'empty'
2026-06-29 09:30:41,256 [WARNING] data.fetch — [fetch_analyst_data] TMO: 'dict' object has no attribute 'empty'
2026-06-29 09:30:41,327 [WARNING] data.fetch — [fetch_analyst_data] WGS: 'dict' object has no attribute 'empty'
2026-06-29 09:30:41,372 [WARNING] data.fetch — [fetch_analyst_data] RTX: 'dict' object has no attribute 'empty'
2026-06-29 09:30:47,476 [WARNING] data.fetch — [fetch_analyst_data] SE: 'dict' object has no attribute 'empty'
2026-06-29 09:30:47,960 [WARNING] data.fetch — [fetch_analyst_data] ELF: 'dict' object has no attribute 'empty'
2026-06-29 09:30:48,062 [WARNING] data.fetch — [fetch_analyst_data] BKNG: 'dict' object has no attribute 'empty'
2026-06-29 09:30:48,131 [WARNING] data.fetch — [fetch_analyst_data] CGON: 'dict' object has no attribute 'empty'
2026-06-29 09:30:48,177 [WARNING] data.fetch — [fetch_analyst_data] SHW: 'dict' object has no attribute 'empty'
2026-06-29 09:30:54,253 [WARNING] data.fetch — [fetch_analyst_data] HD: 'dict' object has no attribute 'empty'
2026-06-29 09:30:54,788 [WARNING] data.fetch — [fetch_analyst_data] MA: 'dict' object has no attribute 'empty'
2026-06-29 09:30:54,843 [WARNING] data.fetch — [fetch_analyst_data] DASH: 'dict' object has no attribute 'empty'
2026-06-29 09:30:54,874 [WARNING] data.fetch — [fetch_analyst_data] CAI: 'dict' object has no attribute 'empty'
2026-06-29 09:30:54,975 [WARNING] data.fetch — [fetch_analyst_data] UBER: 'dict' object has no attribute 'empty'
2026-06-29 09:31:00,847 [WARNING] data.fetch — [fetch_analyst_data] ASND: 'dict' object has no attribute 'empty'
2026-06-29 09:31:01,631 [WARNING] data.fetch — [fetch_analyst_data] COF: 'dict' object has no attribute 'empty'
2026-06-29 09:31:01,640 [WARNING] data.fetch — [fetch_analyst_data] SYK: 'dict' object has no attribute 'empty'
2026-06-29 09:31:01,728 [WARNING] data.fetch — [fetch_analyst_data] MDT: 'dict' object has no attribute 'empty'
2026-06-29 09:31:01,779 [WARNING] data.fetch — [fetch_analyst_data] SPSC: 'dict' object has no attribute 'empty'
2026-06-29 09:31:07,593 [WARNING] data.fetch — [fetch_analyst_data] NEE: 'dict' object has no attribute 'empty'
2026-06-29 09:31:08,422 [WARNING] data.fetch — [fetch_analyst_data] KNF: 'dict' object has no attribute 'empty'
2026-06-29 09:31:08,429 [WARNING] data.fetch — [fetch_analyst_data] NIC: 'dict' object has no attribute 'empty'
2026-06-29 09:31:08,491 [WARNING] data.fetch — [fetch_analyst_data] ABT: 'dict' object has no attribute 'empty'
2026-06-29 09:31:08,563 [WARNING] data.fetch — [fetch_analyst_data] SMG: 'dict' object has no attribute 'empty'
2026-06-29 09:31:14,401 [WARNING] data.fetch — [fetch_analyst_data] GILD: 'dict' object has no attribute 'empty'
2026-06-29 09:31:15,188 [WARNING] data.fetch — [fetch_analyst_data] FOUR: 'dict' object has no attribute 'empty'
2026-06-29 09:31:15,246 [WARNING] data.fetch — [fetch_analyst_data] MELI: 'dict' object has no attribute 'empty'
2026-06-29 09:31:15,272 [WARNING] data.fetch — [fetch_analyst_data] WING: 'dict' object has no attribute 'empty'
2026-06-29 09:31:15,366 [WARNING] data.fetch — [fetch_analyst_data] AZO: 'dict' object has no attribute 'empty'
2026-06-29 09:31:20,993 [WARNING] data.fetch — [fetch_analyst_data] CRVO: 'dict' object has no attribute 'empty'
2026-06-29 09:31:21,899 [WARNING] data.fetch — [fetch_analyst_data] RBLX: 'dict' object has no attribute 'empty'
2026-06-29 09:31:21,997 [WARNING] data.fetch — [fetch_analyst_data] XOS: 'dict' object has no attribute 'empty'
2026-06-29 09:31:22,123 [WARNING] data.fetch — [fetch_analyst_data] MTH: 'dict' object has no attribute 'empty'
2026-06-29 09:31:22,212 [WARNING] data.fetch — [fetch_analyst_data] V: 'dict' object has no attribute 'empty'
2026-06-29 09:31:27,611 [WARNING] data.fetch — [fetch_analyst_data] CRML: 'dict' object has no attribute 'empty'
2026-06-29 09:31:28,614 [WARNING] data.fetch — [fetch_analyst_data] BLK: 'dict' object has no attribute 'empty'
2026-06-29 09:31:28,891 [WARNING] data.fetch — [fetch_analyst_data] BRK-B: 'dict' object has no attribute 'empty'
2026-06-29 09:31:28,893 [WARNING] data.fetch — [fetch_analyst_data] PCT: 'dict' object has no attribute 'empty'
2026-06-29 09:31:28,943 [WARNING] data.fetch — [fetch_analyst_data] TSLA: 'dict' object has no attribute 'empty'
2026-06-29 09:31:34,380 [WARNING] data.fetch — [fetch_analyst_data] BA: 'dict' object has no attribute 'empty'
2026-06-29 09:31:35,334 [WARNING] data.fetch — [fetch_analyst_data] STI: 'dict' object has no attribute 'empty'
2026-06-29 09:31:35,826 [WARNING] data.fetch — [fetch_analyst_data] DIS: 'dict' object has no attribute 'empty'
2026-06-29 09:31:35,851 [WARNING] data.fetch — [fetch_analyst_data] ORCL: 'dict' object has no attribute 'empty'
2026-06-29 09:31:35,855 [WARNING] data.fetch — [fetch_analyst_data] WFC: 'dict' object has no attribute 'empty'
2026-06-29 09:31:40,959 [WARNING] data.fetch — [fetch_analyst_data] SNPS: 'dict' object has no attribute 'empty'
2026-06-29 09:31:42,197 [WARNING] data.fetch — [fetch_analyst_data] AXP: 'dict' object has no attribute 'empty'
2026-06-29 09:31:42,622 [WARNING] data.fetch — [fetch_analyst_data] TKR: 'dict' object has no attribute 'empty'
2026-06-29 09:31:42,665 [WARNING] data.fetch — [fetch_analyst_data] LRN: 'dict' object has no attribute 'empty'
2026-06-29 09:31:42,686 [WARNING] data.fetch — [fetch_analyst_data] PEB: 'dict' object has no attribute 'empty'
[시장분석] enrichment 완료
[Email] 페이퍼 트레이딩 알림 발송 완료 (매도 0건, 매수 0건, 재평가 0건, 재평가실패 0건, 후보 5건) → chunghwan14@gmail.com, roykim0311@gmail.com, ssamjungtan@naver.com
============================================================
[Unified Paper Trading] 완료
============================================================
