[OHLCV] 배치 다운로드 1/4 (150개 종목, period=5y)...
[OHLCV] 배치 다운로드 2/4 (150개 종목, period=5y)...
[OHLCV] 배치 다운로드 3/4 (150개 종목, period=5y)...
[OHLCV] 배치 다운로드 4/4 (68개 종목, period=5y)...
[DataValidator] 10건의 데이터 품질 경고 발생
Warning:  DAY: Close NaN 비율 100.0% (기준: 30%)
Warning:  HOLX: Close NaN 비율 100.0% (기준: 30%)
Warning:  HON: 비정상 가격 변동 100.3% (2026-06-18) — 스플릿/데이터 오류 가능
Warning:  GL: 비정상 가격 변동 53.1% (2024-04-11) — 스플릿/데이터 오류 가능
Warning:  HOOD: 비정상 가격 변동 50.4% (2021-08-04) — 스플릿/데이터 오류 가능
Warning:  KVUE: Close NaN 비율 37.1% (기준: 30%)
Warning:  SOLV: Close NaN 비율 55.0% (기준: 30%)
Warning:  GEV: Close NaN 비율 55.1% (기준: 30%)
Warning:  PDD: 비정상 가격 변동 56.1% (2022-03-16) — 스플릿/데이터 오류 가능
Warning:  VLTO: Close NaN 비율 45.5% (기준: 30%)
[[SP500 분석]] 강한 섹터: {'Industrials', 'Health Care', 'Real Estate', 'Materials', 'Consumer Staples', 'Financials', 'Utilities', 'Information Technology'}
[DataValidator] 1건의 데이터 품질 경고 발생
Warning:  HON: 비정상 가격 변동 100.3% (2026-06-18) — 스플릿/데이터 오류 가능
[[SP500 분석]] Extreme model 'label_low' walk-forward ROC 0.66, AP 0.40
[[SP500 분석]] Extreme model 'label_high' walk-forward ROC 0.58, AP 0.26
[[SP500 분석]] Google Sheets 업데이트 완료
[Email] 바닥반등 35개 + 모멘텀 56개 = 총 91개 종목 리스트를 chunghwan14@gmail.com, roykim0311@gmail.com, ssamjungtan@naver.com로 발송 완료
[[SP500 분석]] Signals 결과 기반 차트분석 종목 리스트 생성 중...
[Dynamic Portfolio] 생성된 차트분석 종목 리스트(95개): ['NBM.V', 'LRN', 'TKR', 'PEB', 'HON', 'CSCO', 'SPGI', 'ACN', 'NEE', 'TXN', 'WDC', 'SLB', 'TJX', 'AMAT', 'SHW', 'HOOD', 'GE', 'AMD', 'C', 'BRK-B', 'T', 'PFE', 'ROST', 'SNPS', 'GLW', 'GOOG', 'DELL', 'INTU', 'LIN', 'ADI', 'COIN', 'APH', 'QCOM', 'VLO', 'DASH', 'HD', 'JNJ', 'NXPI', 'FTNT', 'FCX', 'PM', 'GS', 'AAPL', 'PWR', 'HPE', 'META', 'PANW', 'PLTR', 'ETN', 'AMZN', 'STX', 'UNH', 'MRK', 'MCHP', 'KO', 'LRCX', 'AXP', 'CVS', 'ANET', 'CRWD', 'NFLX', 'IBM', 'APP', 'INTC', 'ASML', 'DIS', 'WFC', 'BLK', 'BAC', 'RTX', 'MS', 'MRVL', 'ABBV', 'MU', 'V', 'TER', 'CDNS', 'DDOG', 'DE', 'JPM', 'ADBE', 'QQQ', 'SPY', 'CAT', 'HWM', 'LLY', 'RCL', 'IWM', 'GEV', 'NVDA', 'KLAC', 'TSLA', 'WELL', 'AMGN', 'GOOGL']
[[SP500 차트분석]] [SP500 분석] 결과 기반 [SP500 차트분석] 시트 생성 중 (95개 종목)...
[[SP500 차트분석]] [SP500 분석]에 없는 종목은 별도 분석: ['NBM.V', 'LRN', 'TKR', 'PEB']
[DataValidator] 2건의 데이터 품질 경고 발생
Warning:  LRN: 비정상 가격 변동 54.4% (2025-10-29) — 스플릿/데이터 오류 가능
Warning:  NBM.V: 비정상 가격 변동 56.3% (2024-09-25) — 스플릿/데이터 오류 가능
[[SP500 차트분석]] 강한 섹터: {'Industrials', 'Health Care', 'Real Estate', 'Materials', 'Consumer Staples', 'Financials', 'Utilities', 'Information Technology'}
[[SP500 차트분석]] Extreme model 'global' skipped: insufficient_tickers
[[SP500 차트분석]] 기존 차트 파일 삭제 중...
[[SP500 차트분석]] 차트 저장 디렉토리 준비 완료: charts/screenshots
[[SP500 차트분석]] TradingView 차트 캡처 시작...
[[SP500 차트분석]] 95개 종목 차트 캡처 중...
[TradingView] CAT 브라우저 세션 시작  (로그인 세션)...
[TradingView] 1H 캡처 완료 (60)
[TradingView] 4H 캡처 완료 (240)
[TradingView] Daily 캡처 완료 (D)
[TradingView] Weekly 캡처 완료 (W)
[TradingView] Monthly 캡처 완료 (M)
[[SP500 차트분석]] CAT 차트 5개 처리 완료
[TradingView] GE 브라우저 세션 시작  (로그인 세션)...
[TradingView] 1H 캡처 완료 (60)
[TradingView] 4H 캡처 완료 (240)
[TradingView] Daily 캡처 완료 (D)
[TradingView] Weekly 캡처 완료 (W)
[TradingView] Monthly 캡처 완료 (M)
[[SP500 차트분석]] GE 차트 5개 처리 완료
[TradingView] DE 브라우저 세션 시작  (로그인 세션)...
[TradingView] 1H 캡처 완료 (60)
[TradingView] 4H 캡처 완료 (240)
[TradingView] Daily 캡처 완료 (D)
[TradingView] Weekly 캡처 완료 (W)
[TradingView] Monthly 캡처 완료 (M)
[[SP500 차트분석]] DE 차트 5개 처리 완료
[TradingView] HWM 브라우저 세션 시작  (로그인 세션)...
[TradingView] 1H 캡처 완료 (60)
[TradingView] 4H 캡처 완료 (240)
[TradingView] Daily 캡처 완료 (D)
[TradingView] Weekly 캡처 완료 (W)
[TradingView] Monthly 캡처 완료 (M)
[[SP500 차트분석]] HWM 차트 5개 처리 완료
[TradingView] HON 브라우저 세션 시작  (로그인 세션)...
[TradingView] 1H 캡처 완료 (60)
[TradingView] 4H 캡처 완료 (240)
[TradingView] Daily 캡처 완료 (D)
[TradingView] Weekly 캡처 완료 (W)
[TradingView] Monthly 캡처 완료 (M)
[[SP500 차트분석]] HON 차트 5개 처리 완료
[TradingView] GEV 브라우저 세션 시작  (로그인 세션)...
[TradingView] 1H 캡처 완료 (60)
[TradingView] 4H 캡처 완료 (240)
[TradingView] Daily 캡처 완료 (D)
[TradingView] Weekly 캡처 완료 (W)
[TradingView] Monthly 캡처 완료 (M)
[[SP500 차트분석]] GEV 차트 5개 처리 완료
[TradingView] STX 브라우저 세션 시작  (로그인 세션)...
[TradingView] 1H 캡처 완료 (60)
[TradingView] 4H 캡처 완료 (240)
[TradingView] Daily 캡처 완료 (D)
[TradingView] Weekly 캡처 완료 (W)
[TradingView] Monthly 캡처 완료 (M)
[[SP500 차트분석]] STX 차트 5개 처리 완료
[TradingView] MS 브라우저 세션 시작  (로그인 세션)...
[TradingView] 1H 캡처 완료 (60)
[TradingView] 4H 캡처 완료 (240)
[TradingView] Daily 캡처 완료 (D)
[TradingView] Weekly 캡처 완료 (W)
[TradingView] Monthly 캡처 완료 (M)
[[SP500 차트분석]] MS 차트 5개 처리 완료
[TradingView] AMAT 브라우저 세션 시작  (로그인 세션)...
[TradingView] 1H 캡처 완료 (60)
[TradingView] 4H 캡처 완료 (240)
[TradingView] Daily 캡처 완료 (D)
[TradingView] Weekly 캡처 완료 (W)
[TradingView] Monthly 캡처 완료 (M)
[[SP500 차트분석]] AMAT 차트 5개 처리 완료
[TradingView] BAC 브라우저 세션 시작  (로그인 세션)...
[TradingView] 1H 캡처 완료 (60)
[TradingView] 4H 캡처 완료 (240)
[TradingView] Daily 캡처 완료 (D)
[TradingView] Weekly 캡처 완료 (W)
[TradingView] Monthly 캡처 완료 (M)
[[SP500 차트분석]] BAC 차트 5개 처리 완료
[TradingView] C 브라우저 세션 시작  (로그인 세션)...
[TradingView] 1H 캡처 완료 (60)
[TradingView] 4H 캡처 완료 (240)
[TradingView] Daily 캡처 완료 (D)
[TradingView] Weekly 캡처 완료 (W)
[TradingView] Monthly 캡처 완료 (M)
[[SP500 차트분석]] C 차트 5개 처리 완료
[TradingView] FTNT 브라우저 세션 시작  (로그인 세션)...
[TradingView] 1H 캡처 완료 (60)
[TradingView] 4H 캡처 완료 (240)
[TradingView] Daily 캡처 완료 (D)
[TradingView] Weekly 캡처 완료 (W)
[TradingView] Monthly 캡처 완료 (M)
[[SP500 차트분석]] FTNT 차트 5개 처리 완료
[TradingView] JPM 브라우저 세션 시작  (로그인 세션)...
[TradingView] 1H 캡처 완료 (60)
[TradingView] 4H 캡처 완료 (240)
[TradingView] Daily 캡처 완료 (D)
[TradingView] Weekly 캡처 완료 (W)
[TradingView] Monthly 캡처 완료 (M)
[[SP500 차트분석]] JPM 차트 5개 처리 완료
[TradingView] KLAC 브라우저 세션 시작  (로그인 세션)...
[TradingView] 1H 캡처 완료 (60)
[TradingView] 4H 캡처 완료 (240)
[TradingView] Daily 캡처 완료 (D)
[TradingView] Weekly 캡처 완료 (W)
[TradingView] Monthly 캡처 완료 (M)
[[SP500 차트분석]] KLAC 차트 5개 처리 완료
[TradingView] LRCX 브라우저 세션 시작  (로그인 세션)...
[TradingView] 1H 캡처 완료 (60)
[TradingView] 4H 캡처 완료 (240)
[TradingView] Daily 캡처 완료 (D)
[TradingView] Weekly 캡처 완료 (W)
[TradingView] Monthly 캡처 완료 (M)
[[SP500 차트분석]] LRCX 차트 5개 처리 완료
[TradingView] CSCO 브라우저 세션 시작  (로그인 세션)...
[TradingView] 1H 캡처 완료 (60)
[TradingView] 4H 캡처 완료 (240)
[TradingView] Daily 캡처 완료 (D)
[TradingView] Weekly 캡처 완료 (W)
[TradingView] Monthly 캡처 완료 (M)
[[SP500 차트분석]] CSCO 차트 5개 처리 완료
[TradingView] GS 브라우저 세션 시작  (로그인 세션)...
[TradingView] 1H 캡처 완료 (60)
[TradingView] 4H 캡처 완료 (240)
[TradingView] Daily 캡처 완료 (D)
[TradingView] Weekly 캡처 완료 (W)
[TradingView] Monthly 캡처 완료 (M)
[[SP500 차트분석]] GS 차트 5개 처리 완료
[TradingView] CVS 브라우저 세션 시작  (로그인 세션)...
[TradingView] 1H 캡처 완료 (60)
[TradingView] 4H 캡처 완료 (240)
[TradingView] Daily 캡처 완료 (D)
[TradingView] Weekly 캡처 완료 (W)
[TradingView] Monthly 캡처 완료 (M)
[[SP500 차트분석]] CVS 차트 5개 처리 완료
[TradingView] MRVL 브라우저 세션 시작  (로그인 세션)...
[TradingView] 1H 캡처 완료 (60)
[TradingView] 4H 캡처 완료 (240)
[TradingView] Daily 캡처 완료 (D)
[TradingView] Weekly 캡처 완료 (W)
[TradingView] Monthly 캡처 완료 (M)
[[SP500 차트분석]] MRVL 차트 5개 처리 완료
[TradingView] HPE 브라우저 세션 시작  (로그인 세션)...
[TradingView] 1H 캡처 완료 (60)
[TradingView] 4H 캡처 완료 (240)
[TradingView] Daily 캡처 완료 (D)
[TradingView] Weekly 캡처 완료 (W)
[TradingView] Monthly 캡처 완료 (M)
[[SP500 차트분석]] HPE 차트 5개 처리 완료
[TradingView] WDC 브라우저 세션 시작  (로그인 세션)...
[TradingView] 1H 캡처 완료 (60)
[TradingView] 4H 캡처 완료 (240)
[TradingView] Daily 캡처 완료 (D)
[TradingView] Weekly 캡처 완료 (W)
[TradingView] Monthly 캡처 완료 (M)
[[SP500 차트분석]] WDC 차트 5개 처리 완료
[TradingView] APH 브라우저 세션 시작  (로그인 세션)...
[TradingView] 1H 캡처 완료 (60)
[TradingView] 4H 캡처 완료 (240)
[TradingView] Daily 캡처 완료 (D)
[TradingView] Weekly 캡처 완료 (W)
[TradingView] Monthly 캡처 완료 (M)
[[SP500 차트분석]] APH 차트 5개 처리 완료
[TradingView] ASML 브라우저 세션 시작  (로그인 세션)...
[TradingView] 1H 캡처 완료 (60)
[TradingView] 4H 캡처 완료 (240)
[TradingView] Daily 캡처 완료 (D)
[TradingView] Weekly 캡처 완료 (W)
[TradingView] Monthly 캡처 완료 (M)
[[SP500 차트분석]] ASML 차트 5개 처리 완료
[TradingView] DDOG 브라우저 세션 시작  (로그인 세션)...
[TradingView] 1H 캡처 완료 (60)
[TradingView] 4H 캡처 완료 (240)
[TradingView] Daily 캡처 완료 (D)
[TradingView] Weekly 캡처 완료 (W)
[TradingView] Monthly 캡처 완료 (M)
[[SP500 차트분석]] DDOG 차트 5개 처리 완료
[TradingView] DELL 브라우저 세션 시작  (로그인 세션)...
[TradingView] 1H 캡처 완료 (60)
[TradingView] 4H 캡처 완료 (240)
[TradingView] Daily 캡처 완료 (D)
[TradingView] Weekly 캡처 완료 (W)
[TradingView] Monthly 캡처 완료 (M)
[[SP500 차트분석]] DELL 차트 5개 처리 완료
[TradingView] INTC 브라우저 세션 시작  (로그인 세션)...
[TradingView] 1H 캡처 완료 (60)
[TradingView] 4H 캡처 완료 (240)
[TradingView] Daily 캡처 완료 (D)
[TradingView] Weekly 캡처 완료 (W)
[TradingView] Monthly 캡처 완료 (M)
[[SP500 차트분석]] INTC 차트 5개 처리 완료
[TradingView] MU 브라우저 세션 시작  (로그인 세션)...
[TradingView] 1H 캡처 완료 (60)
[TradingView] 4H 캡처 완료 (240)
[TradingView] Daily 캡처 완료 (D)
[TradingView] Weekly 캡처 완료 (W)
[TradingView] Monthly 캡처 완료 (M)
[[SP500 차트분석]] MU 차트 5개 처리 완료
[TradingView] RCL 브라우저 세션 시작  (로그인 세션)...
[TradingView] 1H 캡처 완료 (60)
[TradingView] 4H 캡처 완료 (240)
[TradingView] Daily 캡처 완료 (D)
[TradingView] Weekly 캡처 완료 (W)
[TradingView] Monthly 캡처 완료 (M)
[[SP500 차트분석]] RCL 차트 5개 처리 완료
[TradingView] TER 브라우저 세션 시작  (로그인 세션)...
[TradingView] 1H 캡처 완료 (60)
[TradingView] 4H 캡처 완료 (240)
[TradingView] Daily 캡처 완료 (D)
[TradingView] Weekly 캡처 완료 (W)
[TradingView] Monthly 캡처 완료 (M)
[[SP500 차트분석]] TER 차트 5개 처리 완료
[TradingView] UNH 브라우저 세션 시작  (로그인 세션)...
[TradingView] 1H 캡처 완료 (60)
[TradingView] 4H 캡처 완료 (240)
[TradingView] Daily 캡처 완료 (D)
[TradingView] Weekly 캡처 완료 (W)
[TradingView] Monthly 캡처 완료 (M)
[[SP500 차트분석]] UNH 차트 5개 처리 완료
[TradingView] LLY 브라우저 세션 시작  (로그인 세션)...
[TradingView] 1H 캡처 완료 (60)
[TradingView] 4H 캡처 완료 (240)
[TradingView] Daily 캡처 완료 (D)
[TradingView] Weekly 캡처 완료 (W)
[TradingView] Monthly 캡처 완료 (M)
[[SP500 차트분석]] LLY 차트 5개 처리 완료
[TradingView] PM 브라우저 세션 시작  (로그인 세션)...
[TradingView] 1H 캡처 완료 (60)
[TradingView] 4H 캡처 완료 (240)
[TradingView] Daily 캡처 완료 (D)
[TradingView] Weekly 캡처 완료 (W)
[TradingView] Monthly 캡처 완료 (M)
[[SP500 차트분석]] PM 차트 5개 처리 완료
[TradingView] ETN 브라우저 세션 시작  (로그인 세션)...
[TradingView] 1H 캡처 완료 (60)
[TradingView] 4H 캡처 완료 (240)
[TradingView] Daily 캡처 완료 (D)
[TradingView] Weekly 캡처 완료 (W)
[TradingView] Monthly 캡처 완료 (M)
[[SP500 차트분석]] ETN 차트 5개 처리 완료
[TradingView] IWM 브라우저 세션 시작  (로그인 세션)...
[TradingView] 1H 캡처 완료 (60)
[TradingView] 4H 캡처 완료 (240)
[TradingView] Daily 캡처 완료 (D)
[TradingView] Weekly 캡처 완료 (W)
[TradingView] Monthly 캡처 완료 (M)
[[SP500 차트분석]] IWM 차트 5개 처리 완료
[TradingView] VLO 브라우저 세션 시작  (로그인 세션)...
[TradingView] 1H 캡처 완료 (60)
[TradingView] 4H 캡처 완료 (240)
[TradingView] Daily 캡처 완료 (D)
[TradingView] Weekly 캡처 완료 (W)
[TradingView] Monthly 캡처 완료 (M)
[[SP500 차트분석]] VLO 차트 5개 처리 완료
[TradingView] CDNS 브라우저 세션 시작  (로그인 세션)...
[TradingView] 1H 캡처 완료 (60)
[TradingView] 4H 캡처 완료 (240)
[TradingView] Daily 캡처 완료 (D)
[TradingView] Weekly 캡처 완료 (W)
[TradingView] Monthly 캡처 완료 (M)
[[SP500 차트분석]] CDNS 차트 5개 처리 완료
[TradingView] KO 브라우저 세션 시작  (로그인 세션)...
[TradingView] 1H 캡처 완료 (60)
[TradingView] 4H 캡처 완료 (240)
[TradingView] Daily 캡처 완료 (D)
[TradingView] Weekly 캡처 완료 (W)
[TradingView] Monthly 캡처 완료 (M)
[[SP500 차트분석]] KO 차트 5개 처리 완료
[TradingView] MRK 브라우저 세션 시작  (로그인 세션)...
[TradingView] 1H 캡처 완료 (60)
[TradingView] 4H 캡처 완료 (240)
[TradingView] Daily 캡처 완료 (D)
[TradingView] Weekly 캡처 완료 (W)
[TradingView] Monthly 캡처 완료 (M)
[[SP500 차트분석]] MRK 차트 5개 처리 완료
[TradingView] WFC 브라우저 세션 시작  (로그인 세션)...
[TradingView] 1H 캡처 완료 (60)
[TradingView] 4H 캡처 완료 (240)
[TradingView] Daily 캡처 완료 (D)
[TradingView] Weekly 캡처 완료 (W)
[TradingView] Monthly 캡처 완료 (M)
[[SP500 차트분석]] WFC 차트 5개 처리 완료
[TradingView] ANET 브라우저 세션 시작  (로그인 세션)...
[TradingView] 1H 캡처 완료 (60)
[TradingView] 4H 캡처 완료 (240)
[TradingView] Daily 캡처 완료 (D)
[TradingView] Weekly 캡처 완료 (W)
[TradingView] Monthly 캡처 완료 (M)
[[SP500 차트분석]] ANET 차트 5개 처리 완료
[TradingView] JNJ 브라우저 세션 시작  (로그인 세션)...
[TradingView] 1H 캡처 완료 (60)
[TradingView] 4H 캡처 완료 (240)
[TradingView] Daily 캡처 완료 (D)
[TradingView] Weekly 캡처 완료 (W)
[TradingView] Monthly 캡처 완료 (M)
[[SP500 차트분석]] JNJ 차트 5개 처리 완료
[TradingView] HOOD 브라우저 세션 시작  (로그인 세션)...
[TradingView] 1H 캡처 완료 (60)
[TradingView] 4H 캡처 완료 (240)
[TradingView] Daily 캡처 완료 (D)
[TradingView] Weekly 캡처 완료 (W)
[TradingView] Monthly 캡처 완료 (M)
[[SP500 차트분석]] HOOD 차트 5개 처리 완료
[TradingView] AMD 브라우저 세션 시작  (로그인 세션)...
[TradingView] 1H 캡처 완료 (60)
[TradingView] 4H 캡처 완료 (240)
[TradingView] Daily 캡처 완료 (D)
[TradingView] Weekly 캡처 완료 (W)
[TradingView] Monthly 캡처 완료 (M)
[[SP500 차트분석]] AMD 차트 5개 처리 완료
[TradingView] AXP 브라우저 세션 시작  (로그인 세션)...
[TradingView] 1H 캡처 완료 (60)
[TradingView] 4H 캡처 완료 (240)
[TradingView] Daily 캡처 완료 (D)
[TradingView] Weekly 캡처 완료 (W)
[TradingView] Monthly 캡처 완료 (M)
[[SP500 차트분석]] AXP 차트 5개 처리 완료
[TradingView] CRWD 브라우저 세션 시작  (로그인 세션)...
[TradingView] 1H 캡처 완료 (60)
[TradingView] 4H 캡처 완료 (240)
[TradingView] Daily 캡처 완료 (D)
[TradingView] Weekly 캡처 완료 (W)
[TradingView] Monthly 캡처 완료 (M)
[[SP500 차트분석]] CRWD 차트 5개 처리 완료
[TradingView] GLW 브라우저 세션 시작  (로그인 세션)...
[TradingView] 1H 캡처 완료 (60)
[TradingView] 4H 캡처 완료 (240)
[TradingView] Daily 캡처 완료 (D)
[TradingView] Weekly 캡처 완료 (W)
[TradingView] Monthly 캡처 완료 (M)
[[SP500 차트분석]] GLW 차트 5개 처리 완료
[TradingView] PANW 브라우저 세션 시작  (로그인 세션)...
[TradingView] 1H 캡처 완료 (60)
[TradingView] 4H 캡처 완료 (240)
[TradingView] Daily 캡처 완료 (D)
[TradingView] Weekly 캡처 완료 (W)
[TradingView] Monthly 캡처 완료 (M)
[[SP500 차트분석]] PANW 차트 5개 처리 완료
[TradingView] WELL 브라우저 세션 시작  (로그인 세션)...
[TradingView] 1H 캡처 완료 (60)
[TradingView] 4H 캡처 완료 (240)
[TradingView] Daily 캡처 완료 (D)
[TradingView] Weekly 캡처 완료 (W)
[TradingView] Monthly 캡처 완료 (M)
[[SP500 차트분석]] WELL 차트 5개 처리 완료
[TradingView] RTX 브라우저 세션 시작  (로그인 세션)...
[TradingView] 1H 캡처 완료 (60)
[TradingView] 4H 캡처 완료 (240)
[TradingView] Daily 캡처 완료 (D)
[TradingView] Weekly 캡처 완료 (W)
[TradingView] Monthly 캡처 완료 (M)
[[SP500 차트분석]] RTX 차트 5개 처리 완료
[TradingView] ADI 브라우저 세션 시작  (로그인 세션)...
[TradingView] 1H 캡처 완료 (60)
[TradingView] 4H 캡처 완료 (240)
[TradingView] Daily 캡처 완료 (D)
[TradingView] Weekly 캡처 완료 (W)
[TradingView] Monthly 캡처 완료 (M)
[[SP500 차트분석]] ADI 차트 5개 처리 완료
[TradingView] TJX 브라우저 세션 시작  (로그인 세션)...
[TradingView] 1H 캡처 완료 (60)
[TradingView] 4H 캡처 완료 (240)
[TradingView] Daily 캡처 완료 (D)
[TradingView] Weekly 캡처 완료 (W)
[TradingView] Monthly 캡처 완료 (M)
[[SP500 차트분석]] TJX 차트 5개 처리 완료
[TradingView] ABBV 브라우저 세션 시작  (로그인 세션)...
[TradingView] 1H 캡처 완료 (60)
[TradingView] 4H 캡처 완료 (240)
[TradingView] Daily 캡처 완료 (D)
[TradingView] Weekly 캡처 완료 (W)
[TradingView] Monthly 캡처 완료 (M)
[[SP500 차트분석]] ABBV 차트 5개 처리 완료
[TradingView] AMZN 브라우저 세션 시작  (로그인 세션)...
[TradingView] 1H 캡처 완료 (60)
[TradingView] 4H 캡처 완료 (240)
[TradingView] Daily 캡처 완료 (D)
[TradingView] Weekly 캡처 완료 (W)
[TradingView] Monthly 캡처 완료 (M)
[[SP500 차트분석]] AMZN 차트 5개 처리 완료
[TradingView] LIN 브라우저 세션 시작  (로그인 세션)...
[TradingView] 1H 캡처 완료 (60)
[TradingView] 4H 캡처 완료 (240)
[TradingView] Daily 캡처 완료 (D)
[TradingView] Weekly 캡처 완료 (W)
[TradingView] Monthly 캡처 완료 (M)
[[SP500 차트분석]] LIN 차트 5개 처리 완료
[TradingView] PWR 브라우저 세션 시작  (로그인 세션)...
[TradingView] 1H 캡처 완료 (60)
[TradingView] 4H 캡처 완료 (240)
[TradingView] Daily 캡처 완료 (D)
[TradingView] Weekly 캡처 완료 (W)
[TradingView] Monthly 캡처 완료 (M)
[[SP500 차트분석]] PWR 차트 5개 처리 완료
[TradingView] SHW 브라우저 세션 시작  (로그인 세션)...
[TradingView] 1H 캡처 완료 (60)
[TradingView] 4H 캡처 완료 (240)
[TradingView] Daily 캡처 완료 (D)
[TradingView] Weekly 캡처 완료 (W)
[TradingView] Monthly 캡처 완료 (M)
[[SP500 차트분석]] SHW 차트 5개 처리 완료
[TradingView] MCHP 브라우저 세션 시작  (로그인 세션)...
[TradingView] 1H 캡처 완료 (60)
[TradingView] 4H 캡처 완료 (240)
[TradingView] Daily 캡처 완료 (D)
[TradingView] Weekly 캡처 완료 (W)
[TradingView] Monthly 캡처 완료 (M)
[[SP500 차트분석]] MCHP 차트 5개 처리 완료
[TradingView] TXN 브라우저 세션 시작  (로그인 세션)...
[TradingView] 1H 캡처 완료 (60)
[TradingView] 4H 캡처 완료 (240)
[TradingView] Daily 캡처 완료 (D)
[TradingView] Weekly 캡처 완료 (W)
[TradingView] Monthly 캡처 완료 (M)
[[SP500 차트분석]] TXN 차트 5개 처리 완료
[TradingView] GOOGL 브라우저 세션 시작  (로그인 세션)...
[TradingView] 1H 캡처 완료 (60)
[TradingView] 4H 캡처 완료 (240)
[TradingView] Daily 캡처 완료 (D)
[TradingView] Weekly 캡처 완료 (W)
[TradingView] Monthly 캡처 완료 (M)
[[SP500 차트분석]] GOOGL 차트 5개 처리 완료
[TradingView] AMGN 브라우저 세션 시작  (로그인 세션)...
[TradingView] 1H 캡처 완료 (60)
[TradingView] 4H 캡처 완료 (240)
[TradingView] Daily 캡처 완료 (D)
[TradingView] Weekly 캡처 완료 (W)
[TradingView] Monthly 캡처 완료 (M)
[[SP500 차트분석]] AMGN 차트 5개 처리 완료
[TradingView] BRK-B 브라우저 세션 시작  (로그인 세션)...
[TradingView] 1H 캡처 완료 (60)
[TradingView] 4H 캡처 완료 (240)
[TradingView] Daily 캡처 완료 (D)
[TradingView] Weekly 캡처 완료 (W)
[TradingView] Monthly 캡처 완료 (M)
[[SP500 차트분석]] BRK-B 차트 5개 처리 완료
[TradingView] NEE 브라우저 세션 시작  (로그인 세션)...
[TradingView] 1H 캡처 완료 (60)
[TradingView] 4H 캡처 완료 (240)
[TradingView] Daily 캡처 완료 (D)
[TradingView] Weekly 캡처 완료 (W)
[TradingView] Monthly 캡처 완료 (M)
[[SP500 차트분석]] NEE 차트 5개 처리 완료
[TradingView] HD 브라우저 세션 시작  (로그인 세션)...
[TradingView] 1H 캡처 완료 (60)
[TradingView] 4H 캡처 완료 (240)
[TradingView] Daily 캡처 완료 (D)
[TradingView] Weekly 캡처 완료 (W)
[TradingView] Monthly 캡처 완료 (M)
[[SP500 차트분석]] HD 차트 5개 처리 완료
[TradingView] NXPI 브라우저 세션 시작  (로그인 세션)...
[TradingView] 1H 캡처 완료 (60)
[TradingView] 4H 캡처 완료 (240)
[TradingView] Daily 캡처 완료 (D)
[TradingView] Weekly 캡처 완료 (W)
[TradingView] Monthly 캡처 완료 (M)
[[SP500 차트분석]] NXPI 차트 5개 처리 완료
[TradingView] FCX 브라우저 세션 시작  (로그인 세션)...
[TradingView] 1H 캡처 완료 (60)
[TradingView] 4H 캡처 완료 (240)
[TradingView] Daily 캡처 완료 (D)
[TradingView] Weekly 캡처 완료 (W)
[TradingView] Monthly 캡처 완료 (M)
[[SP500 차트분석]] FCX 차트 5개 처리 완료
[TradingView] QQQ 브라우저 세션 시작  (로그인 세션)...
[TradingView] 1H 캡처 완료 (60)
[TradingView] 4H 캡처 완료 (240)
[TradingView] Daily 캡처 완료 (D)
[TradingView] Weekly 캡처 완료 (W)
[TradingView] Monthly 캡처 완료 (M)
[[SP500 차트분석]] QQQ 차트 5개 처리 완료
[TradingView] SPY 브라우저 세션 시작  (로그인 세션)...
[TradingView] 1H 캡처 완료 (60)
[TradingView] 4H 캡처 완료 (240)
[TradingView] Daily 캡처 완료 (D)
[TradingView] Weekly 캡처 완료 (W)
[TradingView] Monthly 캡처 완료 (M)
[[SP500 차트분석]] SPY 차트 5개 처리 완료
[TradingView] DASH 브라우저 세션 시작  (로그인 세션)...
[TradingView] 1H 캡처 완료 (60)
[TradingView] 4H 캡처 완료 (240)
[TradingView] Daily 캡처 완료 (D)
[TradingView] Weekly 캡처 완료 (W)
[TradingView] Monthly 캡처 완료 (M)
[[SP500 차트분석]] DASH 차트 5개 처리 완료
[TradingView] QCOM 브라우저 세션 시작  (로그인 세션)...
[TradingView] 1H 캡처 완료 (60)
[TradingView] 4H 캡처 완료 (240)
[TradingView] Daily 캡처 완료 (D)
[TradingView] Weekly 캡처 완료 (W)
[TradingView] Monthly 캡처 완료 (M)
[[SP500 차트분석]] QCOM 차트 5개 처리 완료
[TradingView] AAPL 브라우저 세션 시작  (로그인 세션)...
[TradingView] 1H 캡처 완료 (60)
[TradingView] 4H 캡처 완료 (240)
[TradingView] Daily 캡처 완료 (D)
[TradingView] Weekly 캡처 완료 (W)
[TradingView] Monthly 캡처 완료 (M)
[[SP500 차트분석]] AAPL 차트 5개 처리 완료
[TradingView] IBM 브라우저 세션 시작  (로그인 세션)...
[TradingView] 1H 캡처 완료 (60)
[TradingView] 4H 캡처 완료 (240)
[TradingView] Daily 캡처 완료 (D)
[TradingView] Weekly 캡처 완료 (W)
[TradingView] Monthly 캡처 완료 (M)
[[SP500 차트분석]] IBM 차트 5개 처리 완료
[TradingView] V 브라우저 세션 시작  (로그인 세션)...
[TradingView] 1H 캡처 완료 (60)
[TradingView] 4H 캡처 완료 (240)
[TradingView] Daily 캡처 완료 (D)
[TradingView] Weekly 캡처 완료 (W)
[TradingView] Monthly 캡처 완료 (M)
[[SP500 차트분석]] V 차트 5개 처리 완료
[TradingView] GOOG 브라우저 세션 시작  (로그인 세션)...
[TradingView] 1H 캡처 완료 (60)
[TradingView] 4H 캡처 완료 (240)
[TradingView] Daily 캡처 완료 (D)
[TradingView] Weekly 캡처 완료 (W)
[TradingView] Monthly 캡처 완료 (M)
[[SP500 차트분석]] GOOG 차트 5개 처리 완료
[TradingView] SNPS 브라우저 세션 시작  (로그인 세션)...
[TradingView] 1H 캡처 완료 (60)
[TradingView] 4H 캡처 완료 (240)
[TradingView] Daily 캡처 완료 (D)
[TradingView] Weekly 캡처 완료 (W)
[TradingView] Monthly 캡처 완료 (M)
[[SP500 차트분석]] SNPS 차트 5개 처리 완료
[TradingView] ROST 브라우저 세션 시작  (로그인 세션)...
[TradingView] 1H 캡처 완료 (60)
[TradingView] 4H 캡처 완료 (240)
[TradingView] Daily 캡처 완료 (D)
[TradingView] Weekly 캡처 완료 (W)
[TradingView] Monthly 캡처 완료 (M)
[[SP500 차트분석]] ROST 차트 5개 처리 완료
[TradingView] NVDA 브라우저 세션 시작  (로그인 세션)...
[TradingView] 1H 캡처 완료 (60)
[TradingView] 4H 캡처 완료 (240)
[TradingView] Daily 캡처 완료 (D)
[TradingView] Weekly 캡처 완료 (W)
[TradingView] Monthly 캡처 완료 (M)
[[SP500 차트분석]] NVDA 차트 5개 처리 완료
[TradingView] BLK 브라우저 세션 시작  (로그인 세션)...
[TradingView] 1H 캡처 완료 (60)
[TradingView] 4H 캡처 완료 (240)
[TradingView] Daily 캡처 완료 (D)
[TradingView] Weekly 캡처 완료 (W)
[TradingView] Monthly 캡처 완료 (M)
[[SP500 차트분석]] BLK 차트 5개 처리 완료
[TradingView] T 브라우저 세션 시작  (로그인 세션)...
[TradingView] 1H 캡처 완료 (60)
[TradingView] 4H 캡처 완료 (240)
[TradingView] Daily 캡처 완료 (D)
[TradingView] Weekly 캡처 완료 (W)
[TradingView] Monthly 캡처 완료 (M)
[[SP500 차트분석]] T 차트 5개 처리 완료
[TradingView] DIS 브라우저 세션 시작  (로그인 세션)...
[TradingView] 1H 캡처 완료 (60)
[TradingView] 4H 캡처 완료 (240)
[TradingView] Daily 캡처 완료 (D)
[TradingView] Weekly 캡처 완료 (W)
[TradingView] Monthly 캡처 완료 (M)
[[SP500 차트분석]] DIS 차트 5개 처리 완료
[TradingView] ACN 브라우저 세션 시작  (로그인 세션)...
[TradingView] 1H 캡처 완료 (60)
[TradingView] 4H 캡처 완료 (240)
[TradingView] Daily 캡처 완료 (D)
[TradingView] Weekly 캡처 완료 (W)
[TradingView] Monthly 캡처 완료 (M)
[[SP500 차트분석]] ACN 차트 5개 처리 완료
[TradingView] SLB 브라우저 세션 시작  (로그인 세션)...
[TradingView] 1H 캡처 완료 (60)
[TradingView] 4H 캡처 완료 (240)
[TradingView] Daily 캡처 완료 (D)
[TradingView] Weekly 캡처 완료 (W)
[TradingView] Monthly 캡처 완료 (M)
[[SP500 차트분석]] SLB 차트 5개 처리 완료
[TradingView] NFLX 브라우저 세션 시작  (로그인 세션)...
[TradingView] 1H 캡처 완료 (60)
[TradingView] 4H 캡처 완료 (240)
[TradingView] Daily 캡처 완료 (D)
[TradingView] Weekly 캡처 완료 (W)
[TradingView] Monthly 캡처 완료 (M)
[[SP500 차트분석]] NFLX 차트 5개 처리 완료
[TradingView] TSLA 브라우저 세션 시작  (로그인 세션)...
[TradingView] 1H 캡처 완료 (60)
[TradingView] 4H 캡처 완료 (240)
[TradingView] Daily 캡처 완료 (D)
[TradingView] Weekly 캡처 완료 (W)
[TradingView] Monthly 캡처 완료 (M)
[[SP500 차트분석]] TSLA 차트 5개 처리 완료
[TradingView] APP 브라우저 세션 시작  (로그인 세션)...
[TradingView] 1H 캡처 완료 (60)
[TradingView] 4H 캡처 완료 (240)
[TradingView] Daily 캡처 완료 (D)
[TradingView] Weekly 캡처 완료 (W)
[TradingView] Monthly 캡처 완료 (M)
[[SP500 차트분석]] APP 차트 5개 처리 완료
[TradingView] SPGI 브라우저 세션 시작  (로그인 세션)...
[TradingView] 1H 캡처 완료 (60)
[TradingView] 4H 캡처 완료 (240)
[TradingView] Daily 캡처 완료 (D)
[TradingView] Weekly 캡처 완료 (W)
[TradingView] Monthly 캡처 완료 (M)
[[SP500 차트분석]] SPGI 차트 5개 처리 완료
[TradingView] PLTR 브라우저 세션 시작  (로그인 세션)...
[TradingView] 1H 캡처 완료 (60)
[TradingView] 4H 캡처 완료 (240)
[TradingView] Daily 캡처 완료 (D)
[TradingView] Weekly 캡처 완료 (W)
[TradingView] Monthly 캡처 완료 (M)
[[SP500 차트분석]] PLTR 차트 5개 처리 완료
[TradingView] ADBE 브라우저 세션 시작  (로그인 세션)...
[TradingView] 1H 캡처 완료 (60)
[TradingView] 4H 캡처 완료 (240)
[TradingView] Daily 캡처 완료 (D)
[TradingView] Weekly 캡처 완료 (W)
[TradingView] Monthly 캡처 완료 (M)
[[SP500 차트분석]] ADBE 차트 5개 처리 완료
[TradingView] INTU 브라우저 세션 시작  (로그인 세션)...
[TradingView] 1H 캡처 완료 (60)
[TradingView] 4H 캡처 완료 (240)
[TradingView] Daily 캡처 완료 (D)
[TradingView] Weekly 캡처 완료 (W)
[TradingView] Monthly 캡처 완료 (M)
[[SP500 차트분석]] INTU 차트 5개 처리 완료
[TradingView] PFE 브라우저 세션 시작  (로그인 세션)...
[TradingView] 1H 캡처 완료 (60)
[TradingView] 4H 캡처 완료 (240)
[TradingView] Daily 캡처 완료 (D)
[TradingView] Weekly 캡처 완료 (W)
[TradingView] Monthly 캡처 완료 (M)
[[SP500 차트분석]] PFE 차트 5개 처리 완료
[TradingView] COIN 브라우저 세션 시작  (로그인 세션)...
[TradingView] 1H 캡처 완료 (60)
[TradingView] 4H 캡처 완료 (240)
[TradingView] Daily 캡처 완료 (D)
[TradingView] Weekly 캡처 완료 (W)
[TradingView] Monthly 캡처 완료 (M)
[[SP500 차트분석]] COIN 차트 5개 처리 완료
[TradingView] META 브라우저 세션 시작  (로그인 세션)...
[TradingView] 1H 캡처 완료 (60)
[TradingView] 4H 캡처 완료 (240)
[TradingView] Daily 캡처 완료 (D)
[TradingView] Weekly 캡처 완료 (W)
[TradingView] Monthly 캡처 완료 (M)
[[SP500 차트분석]] META 차트 5개 처리 완료
[TradingView] TKR 브라우저 세션 시작  (로그인 세션)...
[TradingView] 1H 캡처 완료 (60)
[TradingView] 4H 캡처 완료 (240)
[TradingView] Daily 캡처 완료 (D)
[TradingView] Weekly 캡처 완료 (W)
[TradingView] Monthly 캡처 완료 (M)
[[SP500 차트분석]] TKR 차트 5개 처리 완료
[TradingView] PEB 브라우저 세션 시작  (로그인 세션)...
[TradingView] 1H 캡처 완료 (60)
[TradingView] 4H 캡처 완료 (240)
[TradingView] Daily 캡처 완료 (D)
[TradingView] Weekly 캡처 완료 (W)
[TradingView] Monthly 캡처 완료 (M)
[[SP500 차트분석]] PEB 차트 5개 처리 완료
[TradingView] LRN 브라우저 세션 시작  (로그인 세션)...
[TradingView] 1H 캡처 완료 (60)
[TradingView] 4H 캡처 완료 (240)
[TradingView] Daily 캡처 완료 (D)
[TradingView] Weekly 캡처 완료 (W)
[TradingView] Monthly 캡처 완료 (M)
[[SP500 차트분석]] LRN 차트 5개 처리 완료
[TradingView] 티커 매핑 적용: NBM.V -> NBM
[TradingView] NBM.V 브라우저 세션 시작  (로그인 세션)...
[TradingView] 1H 캡처 완료 (60)
[TradingView] 4H 캡처 완료 (240)
[TradingView] Daily 캡처 완료 (D)
[TradingView] Weekly 캡처 완료 (W)
[TradingView] Monthly 캡처 완료 (M)
[[SP500 차트분석]] NBM.V 차트 5개 처리 완료
[[SP500 차트분석]] 차트 캡처 완료
[[SP500 차트분석]] GitHub에 차트 이미지 푸시 중...
[main e1b33df] Update chart screenshots 1782715366
 929 files changed, 0 insertions(+), 0 deletions(-)
 delete mode 100644 charts/screenshots/AAPL/AAPL_1H_20260628_061336.png
 create mode 100644 charts/screenshots/AAPL/AAPL_1H_20260629_062524.png
 delete mode 100644 charts/screenshots/AAPL/AAPL_4H_20260628_061336.png
 create mode 100644 charts/screenshots/AAPL/AAPL_4H_20260629_062524.png
 delete mode 100644 charts/screenshots/AAPL/AAPL_Daily_20260628_061336.png
 create mode 100644 charts/screenshots/AAPL/AAPL_Daily_20260629_062524.png
 delete mode 100644 charts/screenshots/AAPL/AAPL_Monthly_20260628_061336.png
 create mode 100644 charts/screenshots/AAPL/AAPL_Monthly_20260629_062524.png
 delete mode 100644 charts/screenshots/AAPL/AAPL_Weekly_20260628_061336.png
 create mode 100644 charts/screenshots/AAPL/AAPL_Weekly_20260629_062524.png
 delete mode 100644 charts/screenshots/ABBV/ABBV_1H_20260628_060145.png
 create mode 100644 charts/screenshots/ABBV/ABBV_1H_20260629_061323.png
 delete mode 100644 charts/screenshots/ABBV/ABBV_4H_20260628_060145.png
 create mode 100644 charts/screenshots/ABBV/ABBV_4H_20260629_061323.png
 delete mode 100644 charts/screenshots/ABBV/ABBV_Daily_20260628_060145.png
 create mode 100644 charts/screenshots/ABBV/ABBV_Daily_20260629_061323.png
 delete mode 100644 charts/screenshots/ABBV/ABBV_Monthly_20260628_060145.png
 create mode 100644 charts/screenshots/ABBV/ABBV_Monthly_20260629_061323.png
 delete mode 100644 charts/screenshots/ABBV/ABBV_Weekly_20260628_060145.png
 create mode 100644 charts/screenshots/ABBV/ABBV_Weekly_20260629_061323.png
 delete mode 100644 charts/screenshots/ACN/ACN_1H_20260628_062012.png
 create mode 100644 charts/screenshots/ACN/ACN_1H_20260629_063200.png
 delete mode 100644 charts/screenshots/ACN/ACN_4H_20260628_062012.png
 create mode 100644 charts/screenshots/ACN/ACN_4H_20260629_063200.png
 delete mode 100644 charts/screenshots/ACN/ACN_Daily_20260628_062012.png
 create mode 100644 charts/screenshots/ACN/ACN_Daily_20260629_063200.png
 rename charts/screenshots/ACN/{ACN_Monthly_20260628_062012.png => ACN_Monthly_20260629_063200.png} (53%)
 delete mode 100644 charts/screenshots/ACN/ACN_Weekly_20260628_062012.png
 create mode 100644 charts/screenshots/ACN/ACN_Weekly_20260629_063200.png
 delete mode 100644 charts/screenshots/ADBE/ADBE_1H_20260628_062450.png
 create mode 100644 charts/screenshots/ADBE/ADBE_1H_20260629_063638.png
 delete mode 100644 charts/screenshots/ADBE/ADBE_4H_20260628_062450.png
 create mode 100644 charts/screenshots/ADBE/ADBE_4H_20260629_063638.png
 delete mode 100644 charts/screenshots/ADBE/ADBE_Daily_20260628_062450.png
 create mode 100644 charts/screenshots/ADBE/ADBE_Daily_20260629_063638.png
 delete mode 100644 charts/screenshots/ADBE/ADBE_Monthly_20260628_062450.png
 create mode 100644 charts/screenshots/ADBE/ADBE_Monthly_20260629_063638.png
 delete mode 100644 charts/screenshots/ADBE/ADBE_Weekly_20260628_062450.png
 create mode 100644 charts/screenshots/ADBE/ADBE_Weekly_20260629_063638.png
 delete mode 100644 charts/screenshots/ADI/ADI_1H_20260628_060029.png
 create mode 100644 charts/screenshots/ADI/ADI_1H_20260629_061202.png
 delete mode 100644 charts/screenshots/ADI/ADI_4H_20260628_060029.png
 create mode 100644 charts/screenshots/ADI/ADI_4H_20260629_061202.png
 delete mode 100644 charts/screenshots/ADI/ADI_Daily_20260628_060029.png
 create mode 100644 charts/screenshots/ADI/ADI_Daily_20260629_061202.png
 delete mode 100644 charts/screenshots/ADI/ADI_Monthly_20260628_060029.png
 create mode 100644 charts/screenshots/ADI/ADI_Monthly_20260629_061202.png
 delete mode 100644 charts/screenshots/ADI/ADI_Weekly_20260628_060029.png
 create mode 100644 charts/screenshots/ADI/ADI_Weekly_20260629_061202.png
 delete mode 100644 charts/screenshots/AMAT/AMAT_1H_20260628_053242.png
 create mode 100644 charts/screenshots/AMAT/AMAT_1H_20260629_054450.png
 delete mode 100644 charts/screenshots/AMAT/AMAT_4H_20260628_053242.png
 create mode 100644 charts/screenshots/AMAT/AMAT_4H_20260629_054450.png
 delete mode 100644 charts/screenshots/AMAT/AMAT_Daily_20260628_053242.png
 create mode 100644 charts/screenshots/AMAT/AMAT_Daily_20260629_054450.png
 delete mode 100644 charts/screenshots/AMAT/AMAT_Monthly_20260628_053242.png
 create mode 100644 charts/screenshots/AMAT/AMAT_Monthly_20260629_054450.png
 delete mode 100644 charts/screenshots/AMAT/AMAT_Weekly_20260628_053242.png
 create mode 100644 charts/screenshots/AMAT/AMAT_Weekly_20260629_054450.png
 delete mode 100644 charts/screenshots/AMD/AMD_1H_20260628_055549.png
 create mode 100644 charts/screenshots/AMD/AMD_1H_20260629_060722.png
 delete mode 100644 charts/screenshots/AMD/AMD_4H_20260628_055549.png
 create mode 100644 charts/screenshots/AMD/AMD_4H_20260629_060722.png
 delete mode 100644 charts/screenshots/AMD/AMD_Daily_20260628_055549.png
 create mode 100644 charts/screenshots/AMD/AMD_Daily_20260629_060722.png
 delete mode 100644 charts/screenshots/AMD/AMD_Monthly_20260628_055549.png
 create mode 100644 charts/screenshots/AMD/AMD_Monthly_20260629_060722.png
 delete mode 100644 charts/screenshots/AMD/AMD_Weekly_20260628_055549.png
 create mode 100644 charts/screenshots/AMD/AMD_Weekly_20260629_060722.png
 delete mode 100644 charts/screenshots/AMGN/AMGN_1H_20260628_060658.png
 create mode 100644 charts/screenshots/AMGN/AMGN_1H_20260629_061842.png
 delete mode 100644 charts/screenshots/AMGN/AMGN_4H_20260628_060658.png
 create mode 100644 charts/screenshots/AMGN/AMGN_4H_20260629_061842.png
 delete mode 100644 charts/screenshots/AMGN/AMGN_Daily_20260628_060658.png
 create mode 100644 charts/screenshots/AMGN/AMGN_Daily_20260629_061842.png
 delete mode 100644 charts/screenshots/AMGN/AMGN_Monthly_20260628_060658.png
 create mode 100644 charts/screenshots/AMGN/AMGN_Monthly_20260629_061842.png
 delete mode 100644 charts/screenshots/AMGN/AMGN_Weekly_20260628_060658.png
 create mode 100644 charts/screenshots/AMGN/AMGN_Weekly_20260629_061842.png
 delete mode 100644 charts/screenshots/AMZN/AMZN_1H_20260628_060220.png
 create mode 100644 charts/screenshots/AMZN/AMZN_1H_20260629_061403.png
 delete mode 100644 charts/screenshots/AMZN/AMZN_4H_20260628_060220.png
 create mode 100644 charts/screenshots/AMZN/AMZN_4H_20260629_061403.png
 delete mode 100644 charts/screenshots/AMZN/AMZN_Daily_20260628_060220.png
 create mode 100644 charts/screenshots/AMZN/AMZN_Daily_20260629_061403.png
 delete mode 100644 charts/screenshots/AMZN/AMZN_Monthly_20260628_060220.png
 create mode 100644 charts/screenshots/AMZN/AMZN_Monthly_20260629_061403.png
 delete mode 100644 charts/screenshots/AMZN/AMZN_Weekly_20260628_060220.png
 create mode 100644 charts/screenshots/AMZN/AMZN_Weekly_20260629_061403.png
 delete mode 100644 charts/screenshots/ANET/ANET_1H_20260628_055308.png
 create mode 100644 charts/screenshots/ANET/ANET_1H_20260629_060523.png
 delete mode 100644 charts/screenshots/ANET/ANET_4H_20260628_055308.png
 create mode 100644 charts/screenshots/ANET/ANET_4H_20260629_060523.png
 delete mode 100644 charts/screenshots/ANET/ANET_Daily_20260628_055308.png
 create mode 100644 charts/screenshots/ANET/ANET_Daily_20260629_060523.png
 delete mode 100644 charts/screenshots/ANET/ANET_Monthly_20260628_055308.png
 create mode 100644 charts/screenshots/ANET/ANET_Monthly_20260629_060523.png
 delete mode 100644 charts/screenshots/ANET/ANET_Weekly_20260628_055308.png
 create mode 100644 charts/screenshots/ANET/ANET_Weekly_20260629_060523.png
 delete mode 100644 charts/screenshots/APH/APH_1H_20260628_054115.png
 create mode 100644 charts/screenshots/APH/APH_1H_20260629_055326.png
 delete mode 100644 charts/screenshots/APH/APH_4H_20260628_054115.png
 create mode 100644 charts/screenshots/APH/APH_4H_20260629_055326.png
 delete mode 100644 charts/screenshots/APH/APH_Daily_20260628_054115.png
 create mode 100644 charts/screenshots/APH/APH_Daily_20260629_055326.png
 delete mode 100644 charts/screenshots/APH/APH_Monthly_20260628_054115.png
 create mode 100644 charts/screenshots/APH/APH_Monthly_20260629_055326.png
 delete mode 100644 charts/screenshots/APH/APH_Weekly_20260628_054115.png
 create mode 100644 charts/screenshots/APH/APH_Weekly_20260629_055326.png
 delete mode 100644 charts/screenshots/APP/APP_1H_20260628_062249.png
 create mode 100644 charts/screenshots/APP/APP_1H_20260629_063438.png
 delete mode 100644 charts/screenshots/APP/APP_4H_20260628_062249.png
 create mode 100644 charts/screenshots/APP/APP_4H_20260629_063438.png
 delete mode 100644 charts/screenshots/APP/APP_Daily_20260628_062249.png
 create mode 100644 charts/screenshots/APP/APP_Daily_20260629_063438.png
 delete mode 100644 charts/screenshots/APP/APP_Monthly_20260628_062249.png
 create mode 100644 charts/screenshots/APP/APP_Monthly_20260629_063438.png
 delete mode 100644 charts/screenshots/APP/APP_Weekly_20260628_062249.png
 create mode 100644 charts/screenshots/APP/APP_Weekly_20260629_063438.png
 delete mode 100644 charts/screenshots/ASML/ASML_1H_20260628_054155.png
 create mode 100644 charts/screenshots/ASML/ASML_1H_20260629_055405.png
 delete mode 100644 charts/screenshots/ASML/ASML_4H_20260628_054155.png
 create mode 100644 charts/screenshots/ASML/ASML_4H_20260629_055405.png
 delete mode 100644 charts/screenshots/ASML/ASML_Daily_20260628_054155.png
 create mode 100644 charts/screenshots/ASML/ASML_Daily_20260629_055405.png
 delete mode 100644 charts/screenshots/ASML/ASML_Monthly_20260628_054155.png
 create mode 100644 charts/screenshots/ASML/ASML_Monthly_20260629_055405.png
 delete mode 100644 charts/screenshots/ASML/ASML_Weekly_20260628_054155.png
 create mode 100644 charts/screenshots/ASML/ASML_Weekly_20260629_055405.png
 delete mode 100644 charts/screenshots/AXP/AXP_1H_20260628_055629.png
 create mode 100644 charts/screenshots/AXP/AXP_1H_20260629_060802.png
 delete mode 100644 charts/screenshots/AXP/AXP_4H_20260628_055629.png
 create mode 100644 charts/screenshots/AXP/AXP_4H_20260629_060802.png
 delete mode 100644 charts/screenshots/AXP/AXP_Daily_20260628_055629.png
 create mode 100644 charts/screenshots/AXP/AXP_Daily_20260629_060802.png
 delete mode 100644 charts/screenshots/AXP/AXP_Monthly_20260628_055629.png
 create mode 100644 charts/screenshots/AXP/AXP_Monthly_20260629_060802.png
 delete mode 100644 charts/screenshots/AXP/AXP_Weekly_20260628_055629.png
 create mode 100644 charts/screenshots/AXP/AXP_Weekly_20260629_060802.png
 rename charts/screenshots/BAC/{BAC_1H_20260628_053322.png => BAC_1H_20260629_054530.png} (93%)
 delete mode 100644 charts/screenshots/BAC/BAC_4H_20260628_053322.png
 create mode 100644 charts/screenshots/BAC/BAC_4H_20260629_054530.png
 delete mode 100644 charts/screenshots/BAC/BAC_Daily_20260628_053322.png
 create mode 100644 charts/screenshots/BAC/BAC_Daily_20260629_054530.png
 delete mode 100644 charts/screenshots/BAC/BAC_Monthly_20260628_053322.png
 create mode 100644 charts/screenshots/BAC/BAC_Monthly_20260629_054530.png
 rename charts/screenshots/BAC/{BAC_Weekly_20260628_053322.png => BAC_Weekly_20260629_054530.png} (51%)
 delete mode 100644 charts/screenshots/BLK/BLK_1H_20260628_061813.png
 create mode 100644 charts/screenshots/BLK/BLK_1H_20260629_063000.png
 delete mode 100644 charts/screenshots/BLK/BLK_4H_20260628_061813.png
 create mode 100644 charts/screenshots/BLK/BLK_4H_20260629_063000.png
 delete mode 100644 charts/screenshots/BLK/BLK_Daily_20260628_061813.png
 create mode 100644 charts/screenshots/BLK/BLK_Daily_20260629_063000.png
 delete mode 100644 charts/screenshots/BLK/BLK_Monthly_20260628_061813.png
 create mode 100644 charts/screenshots/BLK/BLK_Monthly_20260629_063000.png
 delete mode 100644 charts/screenshots/BLK/BLK_Weekly_20260628_061813.png
 create mode 100644 charts/screenshots/BLK/BLK_Weekly_20260629_063000.png
 delete mode 100644 charts/screenshots/BRK-B/BRK-B_1H_20260628_060737.png
 create mode 100644 charts/screenshots/BRK-B/BRK-B_1H_20260629_061922.png
 delete mode 100644 charts/screenshots/BRK-B/BRK-B_4H_20260628_060737.png
 create mode 100644 charts/screenshots/BRK-B/BRK-B_4H_20260629_061922.png
 delete mode 100644 charts/screenshots/BRK-B/BRK-B_Daily_20260628_060737.png
 create mode 100644 charts/screenshots/BRK-B/BRK-B_Daily_20260629_061922.png
 delete mode 100644 charts/screenshots/BRK-B/BRK-B_Monthly_20260628_060737.png
 create mode 100644 charts/screenshots/BRK-B/BRK-B_Monthly_20260629_061922.png
 delete mode 100644 charts/screenshots/BRK-B/BRK-B_Weekly_20260628_060737.png
 create mode 100644 charts/screenshots/BRK-B/BRK-B_Weekly_20260629_061922.png
 rename charts/screenshots/C/{C_1H_20260628_053401.png => C_1H_20260629_054610.png} (58%)
 delete mode 100644 charts/screenshots/C/C_4H_20260628_053401.png
 create mode 100644 charts/screenshots/C/C_4H_20260629_054610.png
 delete mode 100644 charts/screenshots/C/C_Daily_20260628_053401.png
 create mode 100644 charts/screenshots/C/C_Daily_20260629_054610.png
 delete mode 100644 charts/screenshots/C/C_Monthly_20260628_053401.png
 create mode 100644 charts/screenshots/C/C_Monthly_20260629_054610.png
 rename charts/screenshots/C/{C_Weekly_20260628_053401.png => C_Weekly_20260629_054610.png} (93%)
 delete mode 100644 charts/screenshots/CAT/CAT_1H_20260628_055428.png
 create mode 100644 charts/screenshots/CAT/CAT_1H_20260629_053932.png
 delete mode 100644 charts/screenshots/CAT/CAT_4H_20260628_055428.png
 create mode 100644 charts/screenshots/CAT/CAT_4H_20260629_053932.png
 delete mode 100644 charts/screenshots/CAT/CAT_Daily_20260628_055428.png
 create mode 100644 charts/screenshots/CAT/CAT_Daily_20260629_053932.png
 delete mode 100644 charts/screenshots/CAT/CAT_Monthly_20260628_055428.png
 create mode 100644 charts/screenshots/CAT/CAT_Monthly_20260629_053932.png
 delete mode 100644 charts/screenshots/CAT/CAT_Weekly_20260628_055428.png
 create mode 100644 charts/screenshots/CAT/CAT_Weekly_20260629_053932.png
 delete mode 100644 charts/screenshots/CDNS/CDNS_1H_20260628_055031.png
 create mode 100644 charts/screenshots/CDNS/CDNS_1H_20260629_060245.png
 delete mode 100644 charts/screenshots/CDNS/CDNS_4H_20260628_055031.png
 create mode 100644 charts/screenshots/CDNS/CDNS_4H_20260629_060245.png
 delete mode 100644 charts/screenshots/CDNS/CDNS_Daily_20260628_055031.png
 create mode 100644 charts/screenshots/CDNS/CDNS_Daily_20260629_060245.png
 delete mode 100644 charts/screenshots/CDNS/CDNS_Monthly_20260628_055031.png
 create mode 100644 charts/screenshots/CDNS/CDNS_Monthly_20260629_060245.png
 delete mode 100644 charts/screenshots/CDNS/CDNS_Weekly_20260628_055031.png
 create mode 100644 charts/screenshots/CDNS/CDNS_Weekly_20260629_060245.png
 delete mode 100644 charts/screenshots/COIN/COIN_1H_20260628_062648.png
 create mode 100644 charts/screenshots/COIN/COIN_1H_20260629_063837.png
 delete mode 100644 charts/screenshots/COIN/COIN_4H_20260628_062648.png
 create mode 100644 charts/screenshots/COIN/COIN_4H_20260629_063837.png
 delete mode 100644 charts/screenshots/COIN/COIN_Daily_20260628_062648.png
 create mode 100644 charts/screenshots/COIN/COIN_Daily_20260629_063837.png
 delete mode 100644 charts/screenshots/COIN/COIN_Monthly_20260628_062648.png
 create mode 100644 charts/screenshots/COIN/COIN_Monthly_20260629_063837.png
 rename charts/screenshots/COIN/{COIN_Weekly_20260628_062648.png => COIN_Weekly_20260629_063837.png} (63%)
 delete mode 100644 charts/screenshots/CRWD/CRWD_1H_20260628_055709.png
 create mode 100644 charts/screenshots/CRWD/CRWD_1H_20260629_060842.png
 delete mode 100644 charts/screenshots/CRWD/CRWD_4H_20260628_055709.png
 create mode 100644 charts/screenshots/CRWD/CRWD_4H_20260629_060842.png
 delete mode 100644 charts/screenshots/CRWD/CRWD_Daily_20260628_055709.png
 create mode 100644 charts/screenshots/CRWD/CRWD_Daily_20260629_060842.png
 delete mode 100644 charts/screenshots/CRWD/CRWD_Monthly_20260628_055709.png
 create mode 100644 charts/screenshots/CRWD/CRWD_Monthly_20260629_060842.png
 delete mode 100644 charts/screenshots/CRWD/CRWD_Weekly_20260628_055709.png
 create mode 100644 charts/screenshots/CRWD/CRWD_Weekly_20260629_060842.png
 delete mode 100644 charts/screenshots/CSCO/CSCO_1H_20260628_053719.png
 create mode 100644 charts/screenshots/CSCO/CSCO_1H_20260629_054928.png
 delete mode 100644 charts/screenshots/CSCO/CSCO_4H_20260628_053719.png
 create mode 100644 charts/screenshots/CSCO/CSCO_4H_20260629_054928.png
 delete mode 100644 charts/screenshots/CSCO/CSCO_Daily_20260628_053719.png
 create mode 100644 charts/screenshots/CSCO/CSCO_Daily_20260629_054928.png
 delete mode 100644 charts/screenshots/CSCO/CSCO_Monthly_20260628_053719.png
 create mode 100644 charts/screenshots/CSCO/CSCO_Monthly_20260629_054928.png
 delete mode 100644 charts/screenshots/CSCO/CSCO_Weekly_20260628_053719.png
 create mode 100644 charts/screenshots/CSCO/CSCO_Weekly_20260629_054928.png
 delete mode 100644 charts/screenshots/CVS/CVS_1H_20260628_053837.png
 create mode 100644 charts/screenshots/CVS/CVS_1H_20260629_055047.png
 delete mode 100644 charts/screenshots/CVS/CVS_4H_20260628_053837.png
 create mode 100644 charts/screenshots/CVS/CVS_4H_20260629_055047.png
 delete mode 100644 charts/screenshots/CVS/CVS_Daily_20260628_053837.png
 create mode 100644 charts/screenshots/CVS/CVS_Daily_20260629_055047.png
 delete mode 100644 charts/screenshots/CVS/CVS_Monthly_20260628_053837.png
 create mode 100644 charts/screenshots/CVS/CVS_Monthly_20260629_055047.png
 delete mode 100644 charts/screenshots/CVS/CVS_Weekly_20260628_053837.png
 create mode 100644 charts/screenshots/CVS/CVS_Weekly_20260629_055047.png
 delete mode 100644 charts/screenshots/DASH/DASH_1H_20260628_061216.png
 create mode 100644 charts/screenshots/DASH/DASH_1H_20260629_062404.png
 delete mode 100644 charts/screenshots/DASH/DASH_4H_20260628_061216.png
 create mode 100644 charts/screenshots/DASH/DASH_4H_20260629_062404.png
 delete mode 100644 charts/screenshots/DASH/DASH_Daily_20260628_061216.png
 create mode 100644 charts/screenshots/DASH/DASH_Daily_20260629_062404.png
 delete mode 100644 charts/screenshots/DASH/DASH_Monthly_20260628_061216.png
 create mode 100644 charts/screenshots/DASH/DASH_Monthly_20260629_062404.png
 delete mode 100644 charts/screenshots/DASH/DASH_Weekly_20260628_061216.png
 create mode 100644 charts/screenshots/DASH/DASH_Weekly_20260629_062404.png
 delete mode 100644 charts/screenshots/DDOG/DDOG_1H_20260628_054235.png
 create mode 100644 charts/screenshots/DDOG/DDOG_1H_20260629_055445.png
 delete mode 100644 charts/screenshots/DDOG/DDOG_4H_20260628_054235.png
 create mode 100644 charts/screenshots/DDOG/DDOG_4H_20260629_055445.png
 delete mode 100644 charts/screenshots/DDOG/DDOG_Daily_20260628_054235.png
 create mode 100644 charts/screenshots/DDOG/DDOG_Daily_20260629_055445.png
 delete mode 100644 charts/screenshots/DDOG/DDOG_Monthly_20260628_054235.png
 create mode 100644 charts/screenshots/DDOG/DDOG_Monthly_20260629_055445.png
 delete mode 100644 charts/screenshots/DDOG/DDOG_Weekly_20260628_054235.png
 create mode 100644 charts/screenshots/DDOG/DDOG_Weekly_20260629_055445.png
 delete mode 100644 charts/screenshots/DE/DE_1H_20260628_052844.png
 create mode 100644 charts/screenshots/DE/DE_1H_20260629_054052.png
 delete mode 100644 charts/screenshots/DE/DE_4H_20260628_052844.png
 create mode 100644 charts/screenshots/DE/DE_4H_20260629_054052.png
 delete mode 100644 charts/screenshots/DE/DE_Daily_20260628_052844.png
 create mode 100644 charts/screenshots/DE/DE_Daily_20260629_054052.png
 delete mode 100644 charts/screenshots/DE/DE_Monthly_20260628_052844.png
 create mode 100644 charts/screenshots/DE/DE_Monthly_20260629_054052.png
 delete mode 100644 charts/screenshots/DE/DE_Weekly_20260628_052844.png
 create mode 100644 charts/screenshots/DE/DE_Weekly_20260629_054052.png
 delete mode 100644 charts/screenshots/DELL/DELL_1H_20260628_054315.png
 create mode 100644 charts/screenshots/DELL/DELL_1H_20260629_055526.png
 delete mode 100644 charts/screenshots/DELL/DELL_4H_20260628_054315.png
 create mode 100644 charts/screenshots/DELL/DELL_4H_20260629_055526.png
 delete mode 100644 charts/screenshots/DELL/DELL_Daily_20260628_054315.png
 create mode 100644 charts/screenshots/DELL/DELL_Daily_20260629_055526.png
 delete mode 100644 charts/screenshots/DELL/DELL_Monthly_20260628_054315.png
 create mode 100644 charts/screenshots/DELL/DELL_Monthly_20260629_055526.png
 delete mode 100644 charts/screenshots/DELL/DELL_Weekly_20260628_054315.png
 create mode 100644 charts/screenshots/DELL/DELL_Weekly_20260629_055526.png
 delete mode 100644 charts/screenshots/DIS/DIS_1H_20260628_061933.png
 create mode 100644 charts/screenshots/DIS/DIS_1H_20260629_063120.png
 delete mode 100644 charts/screenshots/DIS/DIS_4H_20260628_061933.png
 create mode 100644 charts/screenshots/DIS/DIS_4H_20260629_063120.png
 delete mode 100644 charts/screenshots/DIS/DIS_Daily_20260628_061933.png
 create mode 100644 charts/screenshots/DIS/DIS_Daily_20260629_063120.png
 delete mode 100644 charts/screenshots/DIS/DIS_Monthly_20260628_061933.png
 create mode 100644 charts/screenshots/DIS/DIS_Monthly_20260629_063120.png
 delete mode 100644 charts/screenshots/DIS/DIS_Weekly_20260628_061933.png
 create mode 100644 charts/screenshots/DIS/DIS_Weekly_20260629_063120.png
 delete mode 100644 charts/screenshots/ETN/ETN_1H_20260628_054831.png
 create mode 100644 charts/screenshots/ETN/ETN_1H_20260629_060046.png
 rename charts/screenshots/ETN/{ETN_4H_20260628_054831.png => ETN_4H_20260629_060046.png} (96%)
 delete mode 100644 charts/screenshots/ETN/ETN_Daily_20260628_054831.png
 create mode 100644 charts/screenshots/ETN/ETN_Daily_20260629_060046.png
 delete mode 100644 charts/screenshots/ETN/ETN_Monthly_20260628_054831.png
 create mode 100644 charts/screenshots/ETN/ETN_Monthly_20260629_060046.png
 delete mode 100644 charts/screenshots/ETN/ETN_Weekly_20260628_054831.png
 create mode 100644 charts/screenshots/ETN/ETN_Weekly_20260629_060046.png
 delete mode 100644 charts/screenshots/FCX/FCX_1H_20260628_061016.png
 create mode 100644 charts/screenshots/FCX/FCX_1H_20260629_062203.png
 delete mode 100644 charts/screenshots/FCX/FCX_4H_20260628_061016.png
 create mode 100644 charts/screenshots/FCX/FCX_4H_20260629_062203.png
 delete mode 100644 charts/screenshots/FCX/FCX_Daily_20260628_061016.png
 create mode 100644 charts/screenshots/FCX/FCX_Daily_20260629_062203.png
 delete mode 100644 charts/screenshots/FCX/FCX_Monthly_20260628_061016.png
 create mode 100644 charts/screenshots/FCX/FCX_Monthly_20260629_062203.png
 rename charts/screenshots/FCX/{FCX_Weekly_20260628_061016.png => FCX_Weekly_20260629_062203.png} (95%)
 delete mode 100644 charts/screenshots/FTNT/FTNT_1H_20260628_053441.png
 create mode 100644 charts/screenshots/FTNT/FTNT_1H_20260629_054649.png
 delete mode 100644 charts/screenshots/FTNT/FTNT_4H_20260628_053441.png
 create mode 100644 charts/screenshots/FTNT/FTNT_4H_20260629_054649.png
 delete mode 100644 charts/screenshots/FTNT/FTNT_Daily_20260628_053441.png
 create mode 100644 charts/screenshots/FTNT/FTNT_Daily_20260629_054649.png
 delete mode 100644 charts/screenshots/FTNT/FTNT_Monthly_20260628_053441.png
 create mode 100644 charts/screenshots/FTNT/FTNT_Monthly_20260629_054649.png
 delete mode 100644 charts/screenshots/FTNT/FTNT_Weekly_20260628_053441.png
 create mode 100644 charts/screenshots/FTNT/FTNT_Weekly_20260629_054649.png
 delete mode 100644 charts/screenshots/GE/GE_1H_20260628_052805.png
 create mode 100644 charts/screenshots/GE/GE_1H_20260629_054012.png
 delete mode 100644 charts/screenshots/GE/GE_4H_20260628_052805.png
 create mode 100644 charts/screenshots/GE/GE_4H_20260629_054012.png
 delete mode 100644 charts/screenshots/GE/GE_Daily_20260628_052805.png
 create mode 100644 charts/screenshots/GE/GE_Daily_20260629_054012.png
 delete mode 100644 charts/screenshots/GE/GE_Monthly_20260628_052805.png
 create mode 100644 charts/screenshots/GE/GE_Monthly_20260629_054012.png
 delete mode 100644 charts/screenshots/GE/GE_Weekly_20260628_052805.png
 create mode 100644 charts/screenshots/GE/GE_Weekly_20260629_054012.png
 delete mode 100644 charts/screenshots/GEV/GEV_1H_20260628_053043.png
 create mode 100644 charts/screenshots/GEV/GEV_1H_20260629_054252.png
 delete mode 100644 charts/screenshots/GEV/GEV_4H_20260628_053043.png
 create mode 100644 charts/screenshots/GEV/GEV_4H_20260629_054252.png
 delete mode 100644 charts/screenshots/GEV/GEV_Daily_20260628_053043.png
 create mode 100644 charts/screenshots/GEV/GEV_Daily_20260629_054252.png
 delete mode 100644 charts/screenshots/GEV/GEV_Monthly_20260628_053043.png
 create mode 100644 charts/screenshots/GEV/GEV_Monthly_20260629_054252.png
 delete mode 100644 charts/screenshots/GEV/GEV_Weekly_20260628_053043.png
 create mode 100644 charts/screenshots/GEV/GEV_Weekly_20260629_054252.png
 delete mode 100644 charts/screenshots/GLW/GLW_1H_20260628_055748.png
 create mode 100644 charts/screenshots/GLW/GLW_1H_20260629_060923.png
 delete mode 100644 charts/screenshots/GLW/GLW_4H_20260628_055748.png
 create mode 100644 charts/screenshots/GLW/GLW_4H_20260629_060923.png
 delete mode 100644 charts/screenshots/GLW/GLW_Daily_20260628_055748.png
 create mode 100644 charts/screenshots/GLW/GLW_Daily_20260629_060923.png
 delete mode 100644 charts/screenshots/GLW/GLW_Monthly_20260628_055748.png
 create mode 100644 charts/screenshots/GLW/GLW_Monthly_20260629_060923.png
 delete mode 100644 charts/screenshots/GLW/GLW_Weekly_20260628_055748.png
 create mode 100644 charts/screenshots/GLW/GLW_Weekly_20260629_060923.png
 delete mode 100644 charts/screenshots/GOOG/GOOG_1H_20260628_061534.png
 create mode 100644 charts/screenshots/GOOG/GOOG_1H_20260629_062722.png
 delete mode 100644 charts/screenshots/GOOG/GOOG_4H_20260628_061534.png
 create mode 100644 charts/screenshots/GOOG/GOOG_4H_20260629_062722.png
 delete mode 100644 charts/screenshots/GOOG/GOOG_Daily_20260628_061534.png
 create mode 100644 charts/screenshots/GOOG/GOOG_Daily_20260629_062722.png
 delete mode 100644 charts/screenshots/GOOG/GOOG_Monthly_20260628_061534.png
 create mode 100644 charts/screenshots/GOOG/GOOG_Monthly_20260629_062722.png
 delete mode 100644 charts/screenshots/GOOG/GOOG_Weekly_20260628_061534.png
 create mode 100644 charts/screenshots/GOOG/GOOG_Weekly_20260629_062722.png
 delete mode 100644 charts/screenshots/GOOGL/GOOGL_1H_20260628_060618.png
 create mode 100644 charts/screenshots/GOOGL/GOOGL_1H_20260629_061802.png
 delete mode 100644 charts/screenshots/GOOGL/GOOGL_4H_20260628_060618.png
 create mode 100644 charts/screenshots/GOOGL/GOOGL_4H_20260629_061802.png
 delete mode 100644 charts/screenshots/GOOGL/GOOGL_Daily_20260628_060618.png
 create mode 100644 charts/screenshots/GOOGL/GOOGL_Daily_20260629_061802.png
 delete mode 100644 charts/screenshots/GOOGL/GOOGL_Monthly_20260628_060618.png
 create mode 100644 charts/screenshots/GOOGL/GOOGL_Monthly_20260629_061802.png
 rename charts/screenshots/GOOGL/{GOOGL_Weekly_20260628_060618.png => GOOGL_Weekly_20260629_061802.png} (96%)
 delete mode 100644 charts/screenshots/GS/GS_1H_20260628_053758.png
 create mode 100644 charts/screenshots/GS/GS_1H_20260629_055007.png
 delete mode 100644 charts/screenshots/GS/GS_4H_20260628_053758.png
 create mode 100644 charts/screenshots/GS/GS_4H_20260629_055007.png
 delete mode 100644 charts/screenshots/GS/GS_Daily_20260628_053758.png
 create mode 100644 charts/screenshots/GS/GS_Daily_20260629_055007.png
 delete mode 100644 charts/screenshots/GS/GS_Monthly_20260628_053758.png
 create mode 100644 charts/screenshots/GS/GS_Monthly_20260629_055007.png
 delete mode 100644 charts/screenshots/GS/GS_Weekly_20260628_053758.png
 create mode 100644 charts/screenshots/GS/GS_Weekly_20260629_055007.png
 delete mode 100644 charts/screenshots/HD/HD_1H_20260628_060857.png
 create mode 100644 charts/screenshots/HD/HD_1H_20260629_062043.png
 delete mode 100644 charts/screenshots/HD/HD_4H_20260628_060857.png
 create mode 100644 charts/screenshots/HD/HD_4H_20260629_062043.png
 delete mode 100644 charts/screenshots/HD/HD_Daily_20260628_060857.png
 create mode 100644 charts/screenshots/HD/HD_Daily_20260629_062043.png
 delete mode 100644 charts/screenshots/HD/HD_Monthly_20260628_060857.png
 create mode 100644 charts/screenshots/HD/HD_Monthly_20260629_062043.png
 delete mode 100644 charts/screenshots/HD/HD_Weekly_20260628_060857.png
 create mode 100644 charts/screenshots/HD/HD_Weekly_20260629_062043.png
 delete mode 100644 charts/screenshots/HON/HON_1H_20260628_053003.png
 create mode 100644 charts/screenshots/HON/HON_1H_20260629_054212.png
 delete mode 100644 charts/screenshots/HON/HON_4H_20260628_053003.png
 create mode 100644 charts/screenshots/HON/HON_4H_20260629_054212.png
 delete mode 100644 charts/screenshots/HON/HON_Daily_20260628_053003.png
 create mode 100644 charts/screenshots/HON/HON_Daily_20260629_054212.png
 delete mode 100644 charts/screenshots/HON/HON_Monthly_20260628_053003.png
 create mode 100644 charts/screenshots/HON/HON_Monthly_20260629_054212.png
 delete mode 100644 charts/screenshots/HON/HON_Weekly_20260628_053003.png
 create mode 100644 charts/screenshots/HON/HON_Weekly_20260629_054212.png
 rename charts/screenshots/HOOD/{HOOD_1H_20260628_055508.png => HOOD_1H_20260629_060642.png} (96%)
 delete mode 100644 charts/screenshots/HOOD/HOOD_4H_20260628_055508.png
 create mode 100644 charts/screenshots/HOOD/HOOD_4H_20260629_060642.png
 delete mode 100644 charts/screenshots/HOOD/HOOD_Daily_20260628_055508.png
 create mode 100644 charts/screenshots/HOOD/HOOD_Daily_20260629_060642.png
 delete mode 100644 charts/screenshots/HOOD/HOOD_Monthly_20260628_055508.png
 create mode 100644 charts/screenshots/HOOD/HOOD_Monthly_20260629_060642.png
 delete mode 100644 charts/screenshots/HOOD/HOOD_Weekly_20260628_055508.png
 create mode 100644 charts/screenshots/HOOD/HOOD_Weekly_20260629_060642.png
 delete mode 100644 charts/screenshots/HPE/HPE_1H_20260628_053956.png
 create mode 100644 charts/screenshots/HPE/HPE_1H_20260629_055206.png
 delete mode 100644 charts/screenshots/HPE/HPE_4H_20260628_053956.png
 create mode 100644 charts/screenshots/HPE/HPE_4H_20260629_055206.png
 delete mode 100644 charts/screenshots/HPE/HPE_Daily_20260628_053956.png
 create mode 100644 charts/screenshots/HPE/HPE_Daily_20260629_055206.png
 delete mode 100644 charts/screenshots/HPE/HPE_Monthly_20260628_053956.png
 create mode 100644 charts/screenshots/HPE/HPE_Monthly_20260629_055206.png
 delete mode 100644 charts/screenshots/HPE/HPE_Weekly_20260628_053956.png
 create mode 100644 charts/screenshots/HPE/HPE_Weekly_20260629_055206.png
 delete mode 100644 charts/screenshots/HWM/HWM_1H_20260628_052923.png
 create mode 100644 charts/screenshots/HWM/HWM_1H_20260629_054132.png
 delete mode 100644 charts/screenshots/HWM/HWM_4H_20260628_052923.png
 create mode 100644 charts/screenshots/HWM/HWM_4H_20260629_054132.png
 delete mode 100644 charts/screenshots/HWM/HWM_Daily_20260628_052923.png
 create mode 100644 charts/screenshots/HWM/HWM_Daily_20260629_054132.png
 delete mode 100644 charts/screenshots/HWM/HWM_Monthly_20260628_052923.png
 create mode 100644 charts/screenshots/HWM/HWM_Monthly_20260629_054132.png
 delete mode 100644 charts/screenshots/HWM/HWM_Weekly_20260628_052923.png
 create mode 100644 charts/screenshots/HWM/HWM_Weekly_20260629_054132.png
 delete mode 100644 charts/screenshots/IBM/IBM_1H_20260628_061415.png
 create mode 100644 charts/screenshots/IBM/IBM_1H_20260629_062603.png
 delete mode 100644 charts/screenshots/IBM/IBM_4H_20260628_061415.png
 create mode 100644 charts/screenshots/IBM/IBM_4H_20260629_062603.png
 delete mode 100644 charts/screenshots/IBM/IBM_Daily_20260628_061415.png
 create mode 100644 charts/screenshots/IBM/IBM_Daily_20260629_062603.png
 delete mode 100644 charts/screenshots/IBM/IBM_Monthly_20260628_061415.png
 create mode 100644 charts/screenshots/IBM/IBM_Monthly_20260629_062603.png
 delete mode 100644 charts/screenshots/IBM/IBM_Weekly_20260628_061415.png
 create mode 100644 charts/screenshots/IBM/IBM_Weekly_20260629_062603.png
 delete mode 100644 charts/screenshots/INTC/INTC_1H_20260628_054354.png
 create mode 100644 charts/screenshots/INTC/INTC_1H_20260629_055606.png
 delete mode 100644 charts/screenshots/INTC/INTC_4H_20260628_054354.png
 create mode 100644 charts/screenshots/INTC/INTC_4H_20260629_055606.png
 delete mode 100644 charts/screenshots/INTC/INTC_Daily_20260628_054354.png
 create mode 100644 charts/screenshots/INTC/INTC_Daily_20260629_055606.png
 delete mode 100644 charts/screenshots/INTC/INTC_Monthly_20260628_054354.png
 create mode 100644 charts/screenshots/INTC/INTC_Monthly_20260629_055606.png
 delete mode 100644 charts/screenshots/INTC/INTC_Weekly_20260628_054354.png
 create mode 100644 charts/screenshots/INTC/INTC_Weekly_20260629_055606.png
 delete mode 100644 charts/screenshots/INTU/INTU_1H_20260628_062529.png
 create mode 100644 charts/screenshots/INTU/INTU_1H_20260629_063718.png
 delete mode 100644 charts/screenshots/INTU/INTU_4H_20260628_062529.png
 create mode 100644 charts/screenshots/INTU/INTU_4H_20260629_063718.png
 delete mode 100644 charts/screenshots/INTU/INTU_Daily_20260628_062529.png
 create mode 100644 charts/screenshots/INTU/INTU_Daily_20260629_063718.png
 delete mode 100644 charts/screenshots/INTU/INTU_Monthly_20260628_062529.png
 create mode 100644 charts/screenshots/INTU/INTU_Monthly_20260629_063718.png
 delete mode 100644 charts/screenshots/INTU/INTU_Weekly_20260628_062529.png
 create mode 100644 charts/screenshots/INTU/INTU_Weekly_20260629_063718.png
 delete mode 100644 charts/screenshots/IWM/IWM_1H_20260628_054911.png
 create mode 100644 charts/screenshots/IWM/IWM_1H_20260629_060125.png
 delete mode 100644 charts/screenshots/IWM/IWM_4H_20260628_054911.png
 create mode 100644 charts/screenshots/IWM/IWM_4H_20260629_060125.png
 delete mode 100644 charts/screenshots/IWM/IWM_Daily_20260628_054911.png
 create mode 100644 charts/screenshots/IWM/IWM_Daily_20260629_060125.png
 delete mode 100644 charts/screenshots/IWM/IWM_Monthly_20260628_054911.png
 create mode 100644 charts/screenshots/IWM/IWM_Monthly_20260629_060125.png
 delete mode 100644 charts/screenshots/IWM/IWM_Weekly_20260628_054911.png
 create mode 100644 charts/screenshots/IWM/IWM_Weekly_20260629_060125.png
 delete mode 100644 charts/screenshots/JNJ/JNJ_1H_20260628_055348.png
 create mode 100644 charts/screenshots/JNJ/JNJ_1H_20260629_060603.png
 delete mode 100644 charts/screenshots/JNJ/JNJ_4H_20260628_055348.png
 create mode 100644 charts/screenshots/JNJ/JNJ_4H_20260629_060603.png
 delete mode 100644 charts/screenshots/JNJ/JNJ_Daily_20260628_055348.png
 create mode 100644 charts/screenshots/JNJ/JNJ_Daily_20260629_060603.png
 delete mode 100644 charts/screenshots/JNJ/JNJ_Monthly_20260628_055348.png
 create mode 100644 charts/screenshots/JNJ/JNJ_Monthly_20260629_060603.png
 rename charts/screenshots/JNJ/{JNJ_Weekly_20260628_055348.png => JNJ_Weekly_20260629_060603.png} (94%)
 delete mode 100644 charts/screenshots/JPM/JPM_1H_20260628_053520.png
 create mode 100644 charts/screenshots/JPM/JPM_1H_20260629_054729.png
 delete mode 100644 charts/screenshots/JPM/JPM_4H_20260628_053520.png
 create mode 100644 charts/screenshots/JPM/JPM_4H_20260629_054729.png
 delete mode 100644 charts/screenshots/JPM/JPM_Daily_20260628_053520.png
 create mode 100644 charts/screenshots/JPM/JPM_Daily_20260629_054729.png
 delete mode 100644 charts/screenshots/JPM/JPM_Monthly_20260628_053520.png
 create mode 100644 charts/screenshots/JPM/JPM_Monthly_20260629_054729.png
 delete mode 100644 charts/screenshots/JPM/JPM_Weekly_20260628_053520.png
 create mode 100644 charts/screenshots/JPM/JPM_Weekly_20260629_054729.png
 delete mode 100644 charts/screenshots/KLAC/KLAC_1H_20260628_053600.png
 create mode 100644 charts/screenshots/KLAC/KLAC_1H_20260629_054808.png
 delete mode 100644 charts/screenshots/KLAC/KLAC_4H_20260628_053600.png
 create mode 100644 charts/screenshots/KLAC/KLAC_4H_20260629_054808.png
 delete mode 100644 charts/screenshots/KLAC/KLAC_Daily_20260628_053600.png
 create mode 100644 charts/screenshots/KLAC/KLAC_Daily_20260629_054808.png
 delete mode 100644 charts/screenshots/KLAC/KLAC_Monthly_20260628_053600.png
 create mode 100644 charts/screenshots/KLAC/KLAC_Monthly_20260629_054808.png
 delete mode 100644 charts/screenshots/KLAC/KLAC_Weekly_20260628_053600.png
 create mode 100644 charts/screenshots/KLAC/KLAC_Weekly_20260629_054808.png
 delete mode 100644 charts/screenshots/KO/KO_1H_20260628_055110.png
 create mode 100644 charts/screenshots/KO/KO_1H_20260629_060325.png
 delete mode 100644 charts/screenshots/KO/KO_4H_20260628_055110.png
 create mode 100644 charts/screenshots/KO/KO_4H_20260629_060325.png
 delete mode 100644 charts/screenshots/KO/KO_Daily_20260628_055110.png
 create mode 100644 charts/screenshots/KO/KO_Daily_20260629_060325.png
 delete mode 100644 charts/screenshots/KO/KO_Monthly_20260628_055110.png
 create mode 100644 charts/screenshots/KO/KO_Monthly_20260629_060325.png
 delete mode 100644 charts/screenshots/KO/KO_Weekly_20260628_055110.png
 create mode 100644 charts/screenshots/KO/KO_Weekly_20260629_060325.png
 delete mode 100644 charts/screenshots/LIN/LIN_1H_20260628_060259.png
 create mode 100644 charts/screenshots/LIN/LIN_1H_20260629_061443.png
 delete mode 100644 charts/screenshots/LIN/LIN_4H_20260628_060259.png
 create mode 100644 charts/screenshots/LIN/LIN_4H_20260629_061443.png
 delete mode 100644 charts/screenshots/LIN/LIN_Daily_20260628_060259.png
 create mode 100644 charts/screenshots/LIN/LIN_Daily_20260629_061443.png
 delete mode 100644 charts/screenshots/LIN/LIN_Monthly_20260628_060259.png
 create mode 100644 charts/screenshots/LIN/LIN_Monthly_20260629_061443.png
 rename charts/screenshots/LIN/{LIN_Weekly_20260628_060259.png => LIN_Weekly_20260629_061443.png} (96%)
 delete mode 100644 charts/screenshots/LLY/LLY_1H_20260628_054712.png
 create mode 100644 charts/screenshots/LLY/LLY_1H_20260629_055927.png
 delete mode 100644 charts/screenshots/LLY/LLY_4H_20260628_054712.png
 create mode 100644 charts/screenshots/LLY/LLY_4H_20260629_055927.png
 delete mode 100644 charts/screenshots/LLY/LLY_Daily_20260628_054712.png
 create mode 100644 charts/screenshots/LLY/LLY_Daily_20260629_055927.png
 delete mode 100644 charts/screenshots/LLY/LLY_Monthly_20260628_054712.png
 create mode 100644 charts/screenshots/LLY/LLY_Monthly_20260629_055927.png
 delete mode 100644 charts/screenshots/LLY/LLY_Weekly_20260628_054712.png
 create mode 100644 charts/screenshots/LLY/LLY_Weekly_20260629_055927.png
 delete mode 100644 charts/screenshots/LRCX/LRCX_1H_20260628_053639.png
 create mode 100644 charts/screenshots/LRCX/LRCX_1H_20260629_054848.png
 rename charts/screenshots/LRCX/{LRCX_4H_20260628_053639.png => LRCX_4H_20260629_054848.png} (95%)
 delete mode 100644 charts/screenshots/LRCX/LRCX_Daily_20260628_053639.png
 create mode 100644 charts/screenshots/LRCX/LRCX_Daily_20260629_054848.png
 delete mode 100644 charts/screenshots/LRCX/LRCX_Monthly_20260628_053639.png
 create mode 100644 charts/screenshots/LRCX/LRCX_Monthly_20260629_054848.png
 rename charts/screenshots/LRCX/{LRCX_Weekly_20260628_053639.png => LRCX_Weekly_20260629_054848.png} (95%)
 delete mode 100644 charts/screenshots/LRN/LRN_1H_20260628_062928.png
 create mode 100644 charts/screenshots/LRN/LRN_1H_20260629_064117.png
 delete mode 100644 charts/screenshots/LRN/LRN_4H_20260628_062928.png
 create mode 100644 charts/screenshots/LRN/LRN_4H_20260629_064117.png
 delete mode 100644 charts/screenshots/LRN/LRN_Daily_20260628_062928.png
 create mode 100644 charts/screenshots/LRN/LRN_Daily_20260629_064117.png
 delete mode 100644 charts/screenshots/LRN/LRN_Monthly_20260628_062928.png
 create mode 100644 charts/screenshots/LRN/LRN_Monthly_20260629_064117.png
 delete mode 100644 charts/screenshots/LRN/LRN_Weekly_20260628_062928.png
 create mode 100644 charts/screenshots/LRN/LRN_Weekly_20260629_064117.png
 delete mode 100644 charts/screenshots/MCHP/MCHP_1H_20260628_060459.png
 create mode 100644 charts/screenshots/MCHP/MCHP_1H_20260629_061642.png
 delete mode 100644 charts/screenshots/MCHP/MCHP_4H_20260628_060459.png
 create mode 100644 charts/screenshots/MCHP/MCHP_4H_20260629_061642.png
 rename charts/screenshots/MCHP/{MCHP_Daily_20260628_060459.png => MCHP_Daily_20260629_061642.png} (96%)
 delete mode 100644 charts/screenshots/MCHP/MCHP_Monthly_20260628_060459.png
 create mode 100644 charts/screenshots/MCHP/MCHP_Monthly_20260629_061642.png
 delete mode 100644 charts/screenshots/MCHP/MCHP_Weekly_20260628_060459.png
 create mode 100644 charts/screenshots/MCHP/MCHP_Weekly_20260629_061642.png
 delete mode 100644 charts/screenshots/META/META_1H_20260628_062728.png
 create mode 100644 charts/screenshots/META/META_1H_20260629_063918.png
 rename charts/screenshots/META/{META_4H_20260628_062728.png => META_4H_20260629_063918.png} (70%)
 delete mode 100644 charts/screenshots/META/META_Daily_20260628_062728.png
 create mode 100644 charts/screenshots/META/META_Daily_20260629_063918.png
 delete mode 100644 charts/screenshots/META/META_Monthly_20260628_062728.png
 create mode 100644 charts/screenshots/META/META_Monthly_20260629_063918.png
 delete mode 100644 charts/screenshots/META/META_Weekly_20260628_062728.png
 create mode 100644 charts/screenshots/META/META_Weekly_20260629_063918.png
 delete mode 100644 charts/screenshots/MRK/MRK_1H_20260628_055149.png
 create mode 100644 charts/screenshots/MRK/MRK_1H_20260629_060404.png
 delete mode 100644 charts/screenshots/MRK/MRK_4H_20260628_055149.png
 create mode 100644 charts/screenshots/MRK/MRK_4H_20260629_060404.png
 delete mode 100644 charts/screenshots/MRK/MRK_Daily_20260628_055149.png
 create mode 100644 charts/screenshots/MRK/MRK_Daily_20260629_060404.png
 delete mode 100644 charts/screenshots/MRK/MRK_Monthly_20260628_055149.png
 create mode 100644 charts/screenshots/MRK/MRK_Monthly_20260629_060404.png
 delete mode 100644 charts/screenshots/MRK/MRK_Weekly_20260628_055149.png
 create mode 100644 charts/screenshots/MRK/MRK_Weekly_20260629_060404.png
 delete mode 100644 charts/screenshots/MRVL/MRVL_1H_20260628_053917.png
 create mode 100644 charts/screenshots/MRVL/MRVL_1H_20260629_055127.png
 delete mode 100644 charts/screenshots/MRVL/MRVL_4H_20260628_053917.png
 create mode 100644 charts/screenshots/MRVL/MRVL_4H_20260629_055127.png
 delete mode 100644 charts/screenshots/MRVL/MRVL_Daily_20260628_053917.png
 create mode 100644 charts/screenshots/MRVL/MRVL_Daily_20260629_055127.png
 delete mode 100644 charts/screenshots/MRVL/MRVL_Monthly_20260628_053917.png
 create mode 100644 charts/screenshots/MRVL/MRVL_Monthly_20260629_055127.png
 delete mode 100644 charts/screenshots/MRVL/MRVL_Weekly_20260628_053917.png
 create mode 100644 charts/screenshots/MRVL/MRVL_Weekly_20260629_055127.png
 delete mode 100644 charts/screenshots/MS/MS_1H_20260628_053203.png
 create mode 100644 charts/screenshots/MS/MS_1H_20260629_054410.png
 delete mode 100644 charts/screenshots/MS/MS_4H_20260628_053203.png
 create mode 100644 charts/screenshots/MS/MS_4H_20260629_054410.png
 delete mode 100644 charts/screenshots/MS/MS_Daily_20260628_053203.png
 create mode 100644 charts/screenshots/MS/MS_Daily_20260629_054410.png
 delete mode 100644 charts/screenshots/MS/MS_Monthly_20260628_053203.png
 create mode 100644 charts/screenshots/MS/MS_Monthly_20260629_054410.png
 delete mode 100644 charts/screenshots/MS/MS_Weekly_20260628_053203.png
 create mode 100644 charts/screenshots/MS/MS_Weekly_20260629_054410.png
 delete mode 100644 charts/screenshots/MU/MU_1H_20260628_054433.png
 create mode 100644 charts/screenshots/MU/MU_1H_20260629_055646.png
 delete mode 100644 charts/screenshots/MU/MU_4H_20260628_054433.png
 create mode 100644 charts/screenshots/MU/MU_4H_20260629_055646.png
 delete mode 100644 charts/screenshots/MU/MU_Daily_20260628_054433.png
 create mode 100644 charts/screenshots/MU/MU_Daily_20260629_055646.png
 delete mode 100644 charts/screenshots/MU/MU_Monthly_20260628_054433.png
 create mode 100644 charts/screenshots/MU/MU_Monthly_20260629_055646.png
 delete mode 100644 charts/screenshots/MU/MU_Weekly_20260628_054433.png
 create mode 100644 charts/screenshots/MU/MU_Weekly_20260629_055646.png
 delete mode 100644 charts/screenshots/NBM.V/NBM.V_1H_20260628_063007.png
 create mode 100644 charts/screenshots/NBM.V/NBM.V_1H_20260629_064157.png
 delete mode 100644 charts/screenshots/NBM.V/NBM.V_4H_20260628_063007.png
 create mode 100644 charts/screenshots/NBM.V/NBM.V_4H_20260629_064157.png
 delete mode 100644 charts/screenshots/NBM.V/NBM.V_Daily_20260628_063007.png
 create mode 100644 charts/screenshots/NBM.V/NBM.V_Daily_20260629_064157.png
 delete mode 100644 charts/screenshots/NBM.V/NBM.V_Monthly_20260628_063007.png
 create mode 100644 charts/screenshots/NBM.V/NBM.V_Monthly_20260629_064157.png
 delete mode 100644 charts/screenshots/NBM.V/NBM.V_Weekly_20260628_063007.png
 create mode 100644 charts/screenshots/NBM.V/NBM.V_Weekly_20260629_064157.png
 delete mode 100644 charts/screenshots/NEE/NEE_1H_20260628_060817.png
 create mode 100644 charts/screenshots/NEE/NEE_1H_20260629_062003.png
 delete mode 100644 charts/screenshots/NEE/NEE_4H_20260628_060817.png
 create mode 100644 charts/screenshots/NEE/NEE_4H_20260629_062003.png
 delete mode 100644 charts/screenshots/NEE/NEE_Daily_20260628_060817.png
 create mode 100644 charts/screenshots/NEE/NEE_Daily_20260629_062003.png
 delete mode 100644 charts/screenshots/NEE/NEE_Monthly_20260628_060817.png
 create mode 100644 charts/screenshots/NEE/NEE_Monthly_20260629_062003.png
 delete mode 100644 charts/screenshots/NEE/NEE_Weekly_20260628_060817.png
 create mode 100644 charts/screenshots/NEE/NEE_Weekly_20260629_062003.png
 delete mode 100644 charts/screenshots/NFLX/NFLX_1H_20260628_062131.png
 create mode 100644 charts/screenshots/NFLX/NFLX_1H_20260629_063320.png
 delete mode 100644 charts/screenshots/NFLX/NFLX_4H_20260628_062131.png
 create mode 100644 charts/screenshots/NFLX/NFLX_4H_20260629_063320.png
 delete mode 100644 charts/screenshots/NFLX/NFLX_Daily_20260628_062131.png
 create mode 100644 charts/screenshots/NFLX/NFLX_Daily_20260629_063320.png
 delete mode 100644 charts/screenshots/NFLX/NFLX_Monthly_20260628_062131.png
 create mode 100644 charts/screenshots/NFLX/NFLX_Monthly_20260629_063320.png
 delete mode 100644 charts/screenshots/NFLX/NFLX_Weekly_20260628_062131.png
 create mode 100644 charts/screenshots/NFLX/NFLX_Weekly_20260629_063320.png
 delete mode 100644 charts/screenshots/NVDA/NVDA_1H_20260628_061734.png
 create mode 100644 charts/screenshots/NVDA/NVDA_1H_20260629_062921.png
 delete mode 100644 charts/screenshots/NVDA/NVDA_4H_20260628_061734.png
 create mode 100644 charts/screenshots/NVDA/NVDA_4H_20260629_062921.png
 delete mode 100644 charts/screenshots/NVDA/NVDA_Daily_20260628_061734.png
 create mode 100644 charts/screenshots/NVDA/NVDA_Daily_20260629_062921.png
 delete mode 100644 charts/screenshots/NVDA/NVDA_Monthly_20260628_061734.png
 create mode 100644 charts/screenshots/NVDA/NVDA_Monthly_20260629_062921.png
 delete mode 100644 charts/screenshots/NVDA/NVDA_Weekly_20260628_061734.png
 create mode 100644 charts/screenshots/NVDA/NVDA_Weekly_20260629_062921.png
 delete mode 100644 charts/screenshots/NXPI/NXPI_1H_20260628_060936.png
 create mode 100644 charts/screenshots/NXPI/NXPI_1H_20260629_062124.png
 delete mode 100644 charts/screenshots/NXPI/NXPI_4H_20260628_060936.png
 create mode 100644 charts/screenshots/NXPI/NXPI_4H_20260629_062124.png
 delete mode 100644 charts/screenshots/NXPI/NXPI_Daily_20260628_060936.png
 create mode 100644 charts/screenshots/NXPI/NXPI_Daily_20260629_062124.png
 delete mode 100644 charts/screenshots/NXPI/NXPI_Monthly_20260628_060936.png
 create mode 100644 charts/screenshots/NXPI/NXPI_Monthly_20260629_062124.png
 delete mode 100644 charts/screenshots/NXPI/NXPI_Weekly_20260628_060936.png
 create mode 100644 charts/screenshots/NXPI/NXPI_Weekly_20260629_062124.png
 delete mode 100644 charts/screenshots/PANW/PANW_1H_20260628_055828.png
 create mode 100644 charts/screenshots/PANW/PANW_1H_20260629_061002.png
 delete mode 100644 charts/screenshots/PANW/PANW_4H_20260628_055828.png
 create mode 100644 charts/screenshots/PANW/PANW_4H_20260629_061002.png
 delete mode 100644 charts/screenshots/PANW/PANW_Daily_20260628_055828.png
 create mode 100644 charts/screenshots/PANW/PANW_Daily_20260629_061002.png
 delete mode 100644 charts/screenshots/PANW/PANW_Monthly_20260628_055828.png
 create mode 100644 charts/screenshots/PANW/PANW_Monthly_20260629_061002.png
 delete mode 100644 charts/screenshots/PANW/PANW_Weekly_20260628_055828.png
 create mode 100644 charts/screenshots/PANW/PANW_Weekly_20260629_061002.png
 delete mode 100644 charts/screenshots/PEB/PEB_1H_20260628_062848.png
 create mode 100644 charts/screenshots/PEB/PEB_1H_20260629_064037.png
 delete mode 100644 charts/screenshots/PEB/PEB_4H_20260628_062848.png
 create mode 100644 charts/screenshots/PEB/PEB_4H_20260629_064037.png
 delete mode 100644 charts/screenshots/PEB/PEB_Daily_20260628_062848.png
 create mode 100644 charts/screenshots/PEB/PEB_Daily_20260629_064037.png
 delete mode 100644 charts/screenshots/PEB/PEB_Monthly_20260628_062848.png
 create mode 100644 charts/screenshots/PEB/PEB_Monthly_20260629_064037.png
 delete mode 100644 charts/screenshots/PEB/PEB_Weekly_20260628_062848.png
 create mode 100644 charts/screenshots/PEB/PEB_Weekly_20260629_064037.png
 delete mode 100644 charts/screenshots/PFE/PFE_1H_20260628_062609.png
 create mode 100644 charts/screenshots/PFE/PFE_1H_20260629_063758.png
 delete mode 100644 charts/screenshots/PFE/PFE_4H_20260628_062609.png
 create mode 100644 charts/screenshots/PFE/PFE_4H_20260629_063758.png
 delete mode 100644 charts/screenshots/PFE/PFE_Daily_20260628_062609.png
 create mode 100644 charts/screenshots/PFE/PFE_Daily_20260629_063758.png
 delete mode 100644 charts/screenshots/PFE/PFE_Monthly_20260628_062609.png
 create mode 100644 charts/screenshots/PFE/PFE_Monthly_20260629_063758.png
 delete mode 100644 charts/screenshots/PFE/PFE_Weekly_20260628_062609.png
 create mode 100644 charts/screenshots/PFE/PFE_Weekly_20260629_063758.png
 delete mode 100644 charts/screenshots/PLTR/PLTR_1H_20260628_062409.png
 create mode 100644 charts/screenshots/PLTR/PLTR_1H_20260629_063558.png
 delete mode 100644 charts/screenshots/PLTR/PLTR_4H_20260628_062409.png
 create mode 100644 charts/screenshots/PLTR/PLTR_4H_20260629_063558.png
 rename charts/screenshots/PLTR/{PLTR_Daily_20260628_062409.png => PLTR_Daily_20260629_063558.png} (98%)
 delete mode 100644 charts/screenshots/PLTR/PLTR_Monthly_20260628_062409.png
 create mode 100644 charts/screenshots/PLTR/PLTR_Monthly_20260629_063558.png
 delete mode 100644 charts/screenshots/PLTR/PLTR_Weekly_20260628_062409.png
 create mode 100644 charts/screenshots/PLTR/PLTR_Weekly_20260629_063558.png
 delete mode 100644 charts/screenshots/PM/PM_1H_20260628_054751.png
 create mode 100644 charts/screenshots/PM/PM_1H_20260629_060006.png
 delete mode 100644 charts/screenshots/PM/PM_4H_20260628_054751.png
 create mode 100644 charts/screenshots/PM/PM_4H_20260629_060006.png
 delete mode 100644 charts/screenshots/PM/PM_Daily_20260628_054751.png
 create mode 100644 charts/screenshots/PM/PM_Daily_20260629_060006.png
 delete mode 100644 charts/screenshots/PM/PM_Monthly_20260628_054751.png
 create mode 100644 charts/screenshots/PM/PM_Monthly_20260629_060006.png
 delete mode 100644 charts/screenshots/PM/PM_Weekly_20260628_054751.png
 create mode 100644 charts/screenshots/PM/PM_Weekly_20260629_060006.png
 delete mode 100644 charts/screenshots/PWR/PWR_1H_20260628_060339.png
 create mode 100644 charts/screenshots/PWR/PWR_1H_20260629_061523.png
 delete mode 100644 charts/screenshots/PWR/PWR_4H_20260628_060339.png
 create mode 100644 charts/screenshots/PWR/PWR_4H_20260629_061523.png
 rename charts/screenshots/PWR/{PWR_Daily_20260628_060339.png => PWR_Daily_20260629_061523.png} (96%)
 delete mode 100644 charts/screenshots/PWR/PWR_Monthly_20260628_060339.png
 create mode 100644 charts/screenshots/PWR/PWR_Monthly_20260629_061523.png
 delete mode 100644 charts/screenshots/PWR/PWR_Weekly_20260628_060339.png
 create mode 100644 charts/screenshots/PWR/PWR_Weekly_20260629_061523.png
 delete mode 100644 charts/screenshots/QCOM/QCOM_1H_20260628_061256.png
 create mode 100644 charts/screenshots/QCOM/QCOM_1H_20260629_062443.png
 delete mode 100644 charts/screenshots/QCOM/QCOM_4H_20260628_061256.png
 create mode 100644 charts/screenshots/QCOM/QCOM_4H_20260629_062443.png
 delete mode 100644 charts/screenshots/QCOM/QCOM_Daily_20260628_061256.png
 create mode 100644 charts/screenshots/QCOM/QCOM_Daily_20260629_062443.png
 delete mode 100644 charts/screenshots/QCOM/QCOM_Monthly_20260628_061256.png
 create mode 100644 charts/screenshots/QCOM/QCOM_Monthly_20260629_062443.png
 delete mode 100644 charts/screenshots/QCOM/QCOM_Weekly_20260628_061256.png
 create mode 100644 charts/screenshots/QCOM/QCOM_Weekly_20260629_062443.png
 delete mode 100644 charts/screenshots/QQQ/QQQ_1H_20260628_061056.png
 create mode 100644 charts/screenshots/QQQ/QQQ_1H_20260629_062243.png
 delete mode 100644 charts/screenshots/QQQ/QQQ_4H_20260628_061056.png
 create mode 100644 charts/screenshots/QQQ/QQQ_4H_20260629_062243.png
 delete mode 100644 charts/screenshots/QQQ/QQQ_Daily_20260628_061056.png
 create mode 100644 charts/screenshots/QQQ/QQQ_Daily_20260629_062243.png
 delete mode 100644 charts/screenshots/QQQ/QQQ_Monthly_20260628_061056.png
 create mode 100644 charts/screenshots/QQQ/QQQ_Monthly_20260629_062243.png
 delete mode 100644 charts/screenshots/QQQ/QQQ_Weekly_20260628_061056.png
 create mode 100644 charts/screenshots/QQQ/QQQ_Weekly_20260629_062243.png
 delete mode 100644 charts/screenshots/RCL/RCL_1H_20260628_054513.png
 create mode 100644 charts/screenshots/RCL/RCL_1H_20260629_055726.png
 delete mode 100644 charts/screenshots/RCL/RCL_4H_20260628_054513.png
 create mode 100644 charts/screenshots/RCL/RCL_4H_20260629_055726.png
 delete mode 100644 charts/screenshots/RCL/RCL_Daily_20260628_054513.png
 create mode 100644 charts/screenshots/RCL/RCL_Daily_20260629_055726.png
 delete mode 100644 charts/screenshots/RCL/RCL_Monthly_20260628_054513.png
 create mode 100644 charts/screenshots/RCL/RCL_Monthly_20260629_055726.png
 delete mode 100644 charts/screenshots/RCL/RCL_Weekly_20260628_054513.png
 create mode 100644 charts/screenshots/RCL/RCL_Weekly_20260629_055726.png
 delete mode 100644 charts/screenshots/ROST/ROST_1H_20260628_061654.png
 create mode 100644 charts/screenshots/ROST/ROST_1H_20260629_062841.png
 delete mode 100644 charts/screenshots/ROST/ROST_4H_20260628_061654.png
 create mode 100644 charts/screenshots/ROST/ROST_4H_20260629_062841.png
 delete mode 100644 charts/screenshots/ROST/ROST_Daily_20260628_061654.png
 create mode 100644 charts/screenshots/ROST/ROST_Daily_20260629_062841.png
 delete mode 100644 charts/screenshots/ROST/ROST_Monthly_20260628_061654.png
 create mode 100644 charts/screenshots/ROST/ROST_Monthly_20260629_062841.png
 delete mode 100644 charts/screenshots/ROST/ROST_Weekly_20260628_061654.png
 create mode 100644 charts/screenshots/ROST/ROST_Weekly_20260629_062841.png
 delete mode 100644 charts/screenshots/RTX/RTX_1H_20260628_055949.png
 create mode 100644 charts/screenshots/RTX/RTX_1H_20260629_061122.png
 delete mode 100644 charts/screenshots/RTX/RTX_4H_20260628_055949.png
 create mode 100644 charts/screenshots/RTX/RTX_4H_20260629_061122.png
 delete mode 100644 charts/screenshots/RTX/RTX_Daily_20260628_055949.png
 create mode 100644 charts/screenshots/RTX/RTX_Daily_20260629_061122.png
 delete mode 100644 charts/screenshots/RTX/RTX_Monthly_20260628_055949.png
 create mode 100644 charts/screenshots/RTX/RTX_Monthly_20260629_061122.png
 delete mode 100644 charts/screenshots/RTX/RTX_Weekly_20260628_055949.png
 create mode 100644 charts/screenshots/RTX/RTX_Weekly_20260629_061122.png
 delete mode 100644 charts/screenshots/SHW/SHW_1H_20260628_060419.png
 create mode 100644 charts/screenshots/SHW/SHW_1H_20260629_061603.png
 delete mode 100644 charts/screenshots/SHW/SHW_4H_20260628_060419.png
 create mode 100644 charts/screenshots/SHW/SHW_4H_20260629_061603.png
 delete mode 100644 charts/screenshots/SHW/SHW_Daily_20260628_060419.png
 create mode 100644 charts/screenshots/SHW/SHW_Daily_20260629_061603.png
 delete mode 100644 charts/screenshots/SHW/SHW_Monthly_20260628_060419.png
 create mode 100644 charts/screenshots/SHW/SHW_Monthly_20260629_061603.png
 delete mode 100644 charts/screenshots/SHW/SHW_Weekly_20260628_060419.png
 create mode 100644 charts/screenshots/SHW/SHW_Weekly_20260629_061603.png
 delete mode 100644 charts/screenshots/SLB/SLB_1H_20260628_062052.png
 create mode 100644 charts/screenshots/SLB/SLB_1H_20260629_063240.png
 delete mode 100644 charts/screenshots/SLB/SLB_4H_20260628_062052.png
 create mode 100644 charts/screenshots/SLB/SLB_4H_20260629_063240.png
 delete mode 100644 charts/screenshots/SLB/SLB_Daily_20260628_062052.png
 create mode 100644 charts/screenshots/SLB/SLB_Daily_20260629_063240.png
 delete mode 100644 charts/screenshots/SLB/SLB_Monthly_20260628_062052.png
 create mode 100644 charts/screenshots/SLB/SLB_Monthly_20260629_063240.png
 delete mode 100644 charts/screenshots/SLB/SLB_Weekly_20260628_062052.png
 create mode 100644 charts/screenshots/SLB/SLB_Weekly_20260629_063240.png
 delete mode 100644 charts/screenshots/SNPS/SNPS_1H_20260628_061614.png
 create mode 100644 charts/screenshots/SNPS/SNPS_1H_20260629_062801.png
 delete mode 100644 charts/screenshots/SNPS/SNPS_4H_20260628_061614.png
 create mode 100644 charts/screenshots/SNPS/SNPS_4H_20260629_062801.png
 delete mode 100644 charts/screenshots/SNPS/SNPS_Daily_20260628_061614.png
 create mode 100644 charts/screenshots/SNPS/SNPS_Daily_20260629_062801.png
 delete mode 100644 charts/screenshots/SNPS/SNPS_Monthly_20260628_061614.png
 create mode 100644 charts/screenshots/SNPS/SNPS_Monthly_20260629_062801.png
 delete mode 100644 charts/screenshots/SNPS/SNPS_Weekly_20260628_061614.png
 create mode 100644 charts/screenshots/SNPS/SNPS_Weekly_20260629_062801.png
 delete mode 100644 charts/screenshots/SPGI/SPGI_1H_20260628_062329.png
 create mode 100644 charts/screenshots/SPGI/SPGI_1H_20260629_063518.png
 delete mode 100644 charts/screenshots/SPGI/SPGI_4H_20260628_062329.png
 create mode 100644 charts/screenshots/SPGI/SPGI_4H_20260629_063518.png
 delete mode 100644 charts/screenshots/SPGI/SPGI_Daily_20260628_062329.png
 create mode 100644 charts/screenshots/SPGI/SPGI_Daily_20260629_063518.png
 delete mode 100644 charts/screenshots/SPGI/SPGI_Monthly_20260628_062329.png
 create mode 100644 charts/screenshots/SPGI/SPGI_Monthly_20260629_063518.png
 delete mode 100644 charts/screenshots/SPGI/SPGI_Weekly_20260628_062329.png
 create mode 100644 charts/screenshots/SPGI/SPGI_Weekly_20260629_063518.png
 delete mode 100644 charts/screenshots/SPY/SPY_1H_20260628_061136.png
 create mode 100644 charts/screenshots/SPY/SPY_1H_20260629_062324.png
 delete mode 100644 charts/screenshots/SPY/SPY_4H_20260628_061136.png
 create mode 100644 charts/screenshots/SPY/SPY_4H_20260629_062324.png
 delete mode 100644 charts/screenshots/SPY/SPY_Daily_20260628_061136.png
 create mode 100644 charts/screenshots/SPY/SPY_Daily_20260629_062324.png
 delete mode 100644 charts/screenshots/SPY/SPY_Monthly_20260628_061136.png
 create mode 100644 charts/screenshots/SPY/SPY_Monthly_20260629_062324.png
 delete mode 100644 charts/screenshots/SPY/SPY_Weekly_20260628_061136.png
 create mode 100644 charts/screenshots/SPY/SPY_Weekly_20260629_062324.png
 delete mode 100644 charts/screenshots/STX/STX_1H_20260628_053123.png
 create mode 100644 charts/screenshots/STX/STX_1H_20260629_054331.png
 delete mode 100644 charts/screenshots/STX/STX_4H_20260628_053123.png
 create mode 100644 charts/screenshots/STX/STX_4H_20260629_054331.png
 delete mode 100644 charts/screenshots/STX/STX_Daily_20260628_053123.png
 create mode 100644 charts/screenshots/STX/STX_Daily_20260629_054331.png
 delete mode 100644 charts/screenshots/STX/STX_Monthly_20260628_053123.png
 create mode 100644 charts/screenshots/STX/STX_Monthly_20260629_054331.png
 delete mode 100644 charts/screenshots/STX/STX_Weekly_20260628_053123.png
 create mode 100644 charts/screenshots/STX/STX_Weekly_20260629_054331.png
 delete mode 100644 charts/screenshots/T/T_1H_20260628_061854.png
 create mode 100644 charts/screenshots/T/T_1H_20260629_063040.png
 delete mode 100644 charts/screenshots/T/T_4H_20260628_061854.png
 create mode 100644 charts/screenshots/T/T_4H_20260629_063040.png
 delete mode 100644 charts/screenshots/T/T_Daily_20260628_061854.png
 create mode 100644 charts/screenshots/T/T_Daily_20260629_063040.png
 delete mode 100644 charts/screenshots/T/T_Monthly_20260628_061854.png
 create mode 100644 charts/screenshots/T/T_Monthly_20260629_063040.png
 delete mode 100644 charts/screenshots/T/T_Weekly_20260628_061854.png
 create mode 100644 charts/screenshots/T/T_Weekly_20260629_063040.png
 delete mode 100644 charts/screenshots/TER/TER_1H_20260628_054552.png
 create mode 100644 charts/screenshots/TER/TER_1H_20260629_055806.png
 delete mode 100644 charts/screenshots/TER/TER_4H_20260628_054552.png
 create mode 100644 charts/screenshots/TER/TER_4H_20260629_055806.png
 delete mode 100644 charts/screenshots/TER/TER_Daily_20260628_054552.png
 create mode 100644 charts/screenshots/TER/TER_Daily_20260629_055806.png
 delete mode 100644 charts/screenshots/TER/TER_Monthly_20260628_054552.png
 create mode 100644 charts/screenshots/TER/TER_Monthly_20260629_055806.png
 delete mode 100644 charts/screenshots/TER/TER_Weekly_20260628_054552.png
 create mode 100644 charts/screenshots/TER/TER_Weekly_20260629_055806.png
 delete mode 100644 charts/screenshots/TJX/TJX_1H_20260628_060109.png
 create mode 100644 charts/screenshots/TJX/TJX_1H_20260629_061242.png
 delete mode 100644 charts/screenshots/TJX/TJX_4H_20260628_060109.png
 create mode 100644 charts/screenshots/TJX/TJX_4H_20260629_061242.png
 delete mode 100644 charts/screenshots/TJX/TJX_Daily_20260628_060109.png
 create mode 100644 charts/screenshots/TJX/TJX_Daily_20260629_061242.png
 delete mode 100644 charts/screenshots/TJX/TJX_Monthly_20260628_060109.png
 create mode 100644 charts/screenshots/TJX/TJX_Monthly_20260629_061242.png
 delete mode 100644 charts/screenshots/TJX/TJX_Weekly_20260628_060109.png
 create mode 100644 charts/screenshots/TJX/TJX_Weekly_20260629_061242.png
 delete mode 100644 charts/screenshots/TKR/TKR_1H_20260628_062808.png
 create mode 100644 charts/screenshots/TKR/TKR_1H_20260629_063957.png
 delete mode 100644 charts/screenshots/TKR/TKR_4H_20260628_062808.png
 create mode 100644 charts/screenshots/TKR/TKR_4H_20260629_063957.png
 delete mode 100644 charts/screenshots/TKR/TKR_Daily_20260628_062808.png
 create mode 100644 charts/screenshots/TKR/TKR_Daily_20260629_063957.png
 delete mode 100644 charts/screenshots/TKR/TKR_Monthly_20260628_062808.png
 create mode 100644 charts/screenshots/TKR/TKR_Monthly_20260629_063957.png
 delete mode 100644 charts/screenshots/TKR/TKR_Weekly_20260628_062808.png
 create mode 100644 charts/screenshots/TKR/TKR_Weekly_20260629_063957.png
 delete mode 100644 charts/screenshots/TSLA/TSLA_1H_20260628_062210.png
 create mode 100644 charts/screenshots/TSLA/TSLA_1H_20260629_063359.png
 delete mode 100644 charts/screenshots/TSLA/TSLA_4H_20260628_062210.png
 create mode 100644 charts/screenshots/TSLA/TSLA_4H_20260629_063359.png
 rename charts/screenshots/TSLA/{TSLA_Daily_20260628_062210.png => TSLA_Daily_20260629_063359.png} (95%)
 delete mode 100644 charts/screenshots/TSLA/TSLA_Monthly_20260628_062210.png
 create mode 100644 charts/screenshots/TSLA/TSLA_Monthly_20260629_063359.png
 rename charts/screenshots/TSLA/{TSLA_Weekly_20260628_062210.png => TSLA_Weekly_20260629_063359.png} (94%)
 delete mode 100644 charts/screenshots/TXN/TXN_1H_20260628_060538.png
 create mode 100644 charts/screenshots/TXN/TXN_1H_20260629_061722.png
 delete mode 100644 charts/screenshots/TXN/TXN_4H_20260628_060538.png
 create mode 100644 charts/screenshots/TXN/TXN_4H_20260629_061722.png
 rename charts/screenshots/TXN/{TXN_Daily_20260628_060538.png => TXN_Daily_20260629_061722.png} (98%)
 delete mode 100644 charts/screenshots/TXN/TXN_Monthly_20260628_060538.png
 create mode 100644 charts/screenshots/TXN/TXN_Monthly_20260629_061722.png
 delete mode 100644 charts/screenshots/TXN/TXN_Weekly_20260628_060538.png
 create mode 100644 charts/screenshots/TXN/TXN_Weekly_20260629_061722.png
 delete mode 100644 charts/screenshots/UNH/UNH_1H_20260628_054632.png
 create mode 100644 charts/screenshots/UNH/UNH_1H_20260629_055847.png
 delete mode 100644 charts/screenshots/UNH/UNH_4H_20260628_054632.png
 create mode 100644 charts/screenshots/UNH/UNH_4H_20260629_055847.png
 delete mode 100644 charts/screenshots/UNH/UNH_Daily_20260628_054632.png
 create mode 100644 charts/screenshots/UNH/UNH_Daily_20260629_055847.png
 delete mode 100644 charts/screenshots/UNH/UNH_Monthly_20260628_054632.png
 create mode 100644 charts/screenshots/UNH/UNH_Monthly_20260629_055847.png
 delete mode 100644 charts/screenshots/UNH/UNH_Weekly_20260628_054632.png
 create mode 100644 charts/screenshots/UNH/UNH_Weekly_20260629_055847.png
 delete mode 100644 charts/screenshots/V/V_1H_20260628_061455.png
 create mode 100644 charts/screenshots/V/V_1H_20260629_062643.png
 delete mode 100644 charts/screenshots/V/V_4H_20260628_061455.png
 create mode 100644 charts/screenshots/V/V_4H_20260629_062643.png
 delete mode 100644 charts/screenshots/V/V_Daily_20260628_061455.png
 create mode 100644 charts/screenshots/V/V_Daily_20260629_062643.png
 delete mode 100644 charts/screenshots/V/V_Monthly_20260628_061455.png
 create mode 100644 charts/screenshots/V/V_Monthly_20260629_062643.png
 delete mode 100644 charts/screenshots/V/V_Weekly_20260628_061455.png
 create mode 100644 charts/screenshots/V/V_Weekly_20260629_062643.png
 delete mode 100644 charts/screenshots/VLO/VLO_1H_20260628_054950.png
 create mode 100644 charts/screenshots/VLO/VLO_1H_20260629_060205.png
 delete mode 100644 charts/screenshots/VLO/VLO_4H_20260628_054950.png
 create mode 100644 charts/screenshots/VLO/VLO_4H_20260629_060205.png
 delete mode 100644 charts/screenshots/VLO/VLO_Daily_20260628_054950.png
 create mode 100644 charts/screenshots/VLO/VLO_Daily_20260629_060205.png
 delete mode 100644 charts/screenshots/VLO/VLO_Monthly_20260628_054950.png
 create mode 100644 charts/screenshots/VLO/VLO_Monthly_20260629_060205.png
 delete mode 100644 charts/screenshots/VLO/VLO_Weekly_20260628_054950.png
 create mode 100644 charts/screenshots/VLO/VLO_Weekly_20260629_060205.png
 delete mode 100644 charts/screenshots/WDC/WDC_1H_20260628_054036.png
 create mode 100644 charts/screenshots/WDC/WDC_1H_20260629_055246.png
 delete mode 100644 charts/screenshots/WDC/WDC_4H_20260628_054036.png
 create mode 100644 charts/screenshots/WDC/WDC_4H_20260629_055246.png
 delete mode 100644 charts/screenshots/WDC/WDC_Daily_20260628_054036.png
 create mode 100644 charts/screenshots/WDC/WDC_Daily_20260629_055246.png
 delete mode 100644 charts/screenshots/WDC/WDC_Monthly_20260628_054036.png
 create mode 100644 charts/screenshots/WDC/WDC_Monthly_20260629_055246.png
 delete mode 100644 charts/screenshots/WDC/WDC_Weekly_20260628_054036.png
 create mode 100644 charts/screenshots/WDC/WDC_Weekly_20260629_055246.png
 delete mode 100644 charts/screenshots/WELL/WELL_1H_20260628_055909.png
 create mode 100644 charts/screenshots/WELL/WELL_1H_20260629_061042.png
 delete mode 100644 charts/screenshots/WELL/WELL_4H_20260628_055909.png
 create mode 100644 charts/screenshots/WELL/WELL_4H_20260629_061042.png
 delete mode 100644 charts/screenshots/WELL/WELL_Daily_20260628_055909.png
 create mode 100644 charts/screenshots/WELL/WELL_Daily_20260629_061042.png
 delete mode 100644 charts/screenshots/WELL/WELL_Monthly_20260628_055909.png
 create mode 100644 charts/screenshots/WELL/WELL_Monthly_20260629_061042.png
 delete mode 100644 charts/screenshots/WELL/WELL_Weekly_20260628_055909.png
 create mode 100644 charts/screenshots/WELL/WELL_Weekly_20260629_061042.png
 delete mode 100644 charts/screenshots/WFC/WFC_1H_20260628_055229.png
 create mode 100644 charts/screenshots/WFC/WFC_1H_20260629_060444.png
 delete mode 100644 charts/screenshots/WFC/WFC_4H_20260628_055229.png
 create mode 100644 charts/screenshots/WFC/WFC_4H_20260629_060444.png
 delete mode 100644 charts/screenshots/WFC/WFC_Daily_20260628_055229.png
 create mode 100644 charts/screenshots/WFC/WFC_Daily_20260629_060444.png
 delete mode 100644 charts/screenshots/WFC/WFC_Monthly_20260628_055229.png
 create mode 100644 charts/screenshots/WFC/WFC_Monthly_20260629_060444.png
 delete mode 100644 charts/screenshots/WFC/WFC_Weekly_20260628_055229.png
 create mode 100644 charts/screenshots/WFC/WFC_Weekly_20260629_060444.png
[[SP500 차트분석]] GitHub 푸시 완료
[[SP500 차트분석]] Google Sheets 업데이트 완료
[Paper Trading] SP500 ranked_df 스냅샷 저장 완료 (129개 종목)

[요약] 파이프라인 완료 – 총 5039.5초 (83.99분) 소요
