============================================================
[Unified Paper Trading] SP500 + NASDAQ/NYSE 통합 실행 시작
============================================================
2026-07-24 06:44:21,810 [INFO] paper_trading.runner — [Runner] SP500 snapshot 로드: 129개 종목
[Unified PT] SP500 snapshot 로드: 129개 종목
2026-07-24 06:44:21,819 [INFO] paper_trading.runner — [Runner] NASDAQ snapshot 로드: 208개 종목
[Unified PT] NASDAQ snapshot 로드: 208개 종목
[Unified PT] 합산 완료: 331개 종목 (SP500 129 + NASDAQ 208개, 중복 제거 후)
[Unified PT] 골든크로스임박 종목: 39개
2026-07-24 06:44:23,403 [INFO] paper_trading.engine — [PaperTrading] DEFER SKIP RTX: bb_not_peaked (RSI=71.6, ADX=26.5, vol_mult=2.15, vol_z=3.19, ret_5d=+7.61%, bb_pband=1.20)
2026-07-24 06:44:23,404 [INFO] paper_trading.engine — [PaperTrading] SELL RTX @ 209.16 (시간익절(15일,+7.3%))
2026-07-24 06:44:23,408 [INFO] paper_trading.candidate_selector — [전략점수 분포] ~4.0: 134 | 4.0~5.0: 50 | 5.0~5.5: 16 | 5.5~6.0: 27 | 6.0+: 104
2026-07-24 06:44:23,421 [INFO] paper_trading.candidate_selector — [CandidateSelector] Regime=bull | Filtered=1/331 | Selected: UUUU (CCS=0.4943)
2026-07-24 06:44:23,426 [INFO] paper_trading.engine — [PaperTrading] BUY UUUU @ 12.01 (CCS=0.4943, RSI=35, upside P50=+5% P75=+8%)
[Unified PT] 매도=1 매수=1 보유=3종목
[Unified PT] 레짐=bull | 필터={'전략점수<6.0': 227, '바닥반등_52주과열': 4, '판단등급_미달': 91, '과열_차단': 5, '유동성_부족': 0, '어닝_임박': 0, '보유_중복': 0, '모멘텀_ADX부족': 2, '바닥_RSI데드존': 0, '섹터_집중': 1, '_통과': 1, '_전체': 331}
[Unified PT] Top5 후보:
  UUUU   CCS=0.4943 전략=📉 바닥반등 섹터=Energy
2026-07-24 06:44:24,677 [INFO] paper_trading.sheet_sync — [SheetSync] 거래로그 append: SELL RTX
2026-07-24 06:44:25,541 [INFO] paper_trading.sheet_sync — [SheetSync] 거래로그 append: BUY UUUU
2026-07-24 06:44:26,516 [INFO] paper_trading.sheet_sync — [SheetSync] 포지션현황 업데이트: 3개 종목
2026-07-24 06:44:27,523 [INFO] paper_trading.sheet_sync — [SheetSync] 성과요약 업데이트: 31건 거래
[Unified PT] 구글 시트 동기화 완료
2026-07-24 06:44:27,816 [INFO] matplotlib.font_manager — Failed to extract font properties from /usr/share/fonts/truetype/noto/NotoColorEmoji.ttf: Non-scalable fonts are not supported
2026-07-24 06:44:27,824 [INFO] matplotlib.font_manager — generated new fontManager
2026-07-24 06:44:28,700 [WARNING] fpdf.output — Font MPDFAA+NanumGothic is missing the following glyphs: '📉' (\U0001f4c9), '📈' (\U0001f4c8)
2026-07-24 06:44:28,702 [INFO] fontTools.subset — maxp pruned
2026-07-24 06:44:28,702 [INFO] fontTools.subset — cmap pruned
2026-07-24 06:44:28,702 [INFO] fontTools.subset — post pruned
2026-07-24 06:44:28,703 [INFO] fontTools.subset — DSIG dropped
2026-07-24 06:44:28,703 [INFO] fontTools.subset — GPOS dropped
2026-07-24 06:44:28,703 [INFO] fontTools.subset — GSUB dropped
2026-07-24 06:44:28,703 [INFO] fontTools.subset — glyf pruned
2026-07-24 06:44:28,704 [INFO] fontTools.subset — Added gid0 to subset
2026-07-24 06:44:28,704 [INFO] fontTools.subset — Added first four glyphs to subset
2026-07-24 06:44:28,704 [INFO] fontTools.subset — Closing glyph list over 'glyf': 103 glyphs before
2026-07-24 06:44:28,705 [INFO] fontTools.subset — Glyph names: ['.notdef', 'A', 'B', 'C', 'D', 'E', 'F', 'G', 'H', 'I', 'L', 'M', 'N', 'O', 'P', 'Q', 'R', 'S', 'T', 'U', 'V', 'W', 'X', 'Y', 'a', 'arrowright', 'b', 'bar', 'c', 'colon', 'comma', 'copyright', 'd', 'dollar', 'e', 'eight', 'emdash', 'exclam', 'f', 'five', 'four', 'g', 'h', 'hyphen', 'i', 'k', 'l', 'm', 'n', 'nine', 'numbersign', 'o', 'one', 'p', 'parenleft', 'parenright', 'percent', 'period', 'periodcentered', 'plus', 'q', 'quotedbl', 'r', 's', 'seven', 'six', 'slash', 'space', 't', 'three', 'triagup', 'two', 'u', 'uniAC00', 'uniAC04', 'uniAD50', 'uniAE30', 'uniB2E5', 'uniB4F1', 'uniB808', 'uniB9C1', 'uniBA58', 'uniBAA8', 'uniBAA9', 'uniBC14', 'uniBC18', 'uniBCF4', 'uniC190', 'uniC2DC', 'uniC720', 'uniC775', 'uniC77C', 'uniC7A5', 'uniC808', 'uniCCB4', 'uniD140', 'uniD2B8', 'uniD45C', 'v', 'w', 'x', 'y', 'zero']
2026-07-24 06:44:28,705 [INFO] fontTools.subset — Glyph IDs:   [0, 1, 2, 3, 4, 5, 8, 9, 11, 12, 13, 14, 15, 16, 17, 18, 19, 20, 21, 22, 23, 24, 25, 26, 33, 34, 35, 36, 37, 38, 39, 40, 41, 44, 45, 46, 47, 48, 49, 50, 51, 52, 53, 54, 55, 56, 57, 64, 65, 66, 67, 68, 69, 70, 71, 72, 74, 75, 76, 77, 78, 79, 80, 81, 82, 83, 84, 85, 86, 87, 88, 91, 96, 99, 104, 159, 162, 495, 497, 607, 654, 928, 1042, 1177, 1267, 1310, 1326, 1327, 1397, 1401, 1458, 1675, 1751, 2013, 2043, 2045, 2067, 2091, 2308, 2518, 2576, 2661, 13296]
2026-07-24 06:44:28,705 [INFO] fontTools.subset — Closed glyph list over 'glyf': 103 glyphs after
2026-07-24 06:44:28,705 [INFO] fontTools.subset — Glyph names: ['.notdef', 'A', 'B', 'C', 'D', 'E', 'F', 'G', 'H', 'I', 'L', 'M', 'N', 'O', 'P', 'Q', 'R', 'S', 'T', 'U', 'V', 'W', 'X', 'Y', 'a', 'arrowright', 'b', 'bar', 'c', 'colon', 'comma', 'copyright', 'd', 'dollar', 'e', 'eight', 'emdash', 'exclam', 'f', 'five', 'four', 'g', 'h', 'hyphen', 'i', 'k', 'l', 'm', 'n', 'nine', 'numbersign', 'o', 'one', 'p', 'parenleft', 'parenright', 'percent', 'period', 'periodcentered', 'plus', 'q', 'quotedbl', 'r', 's', 'seven', 'six', 'slash', 'space', 't', 'three', 'triagup', 'two', 'u', 'uniAC00', 'uniAC04', 'uniAD50', 'uniAE30', 'uniB2E5', 'uniB4F1', 'uniB808', 'uniB9C1', 'uniBA58', 'uniBAA8', 'uniBAA9', 'uniBC14', 'uniBC18', 'uniBCF4', 'uniC190', 'uniC2DC', 'uniC720', 'uniC775', 'uniC77C', 'uniC7A5', 'uniC808', 'uniCCB4', 'uniD140', 'uniD2B8', 'uniD45C', 'v', 'w', 'x', 'y', 'zero']
2026-07-24 06:44:28,705 [INFO] fontTools.subset — Glyph IDs:   [0, 1, 2, 3, 4, 5, 8, 9, 11, 12, 13, 14, 15, 16, 17, 18, 19, 20, 21, 22, 23, 24, 25, 26, 33, 34, 35, 36, 37, 38, 39, 40, 41, 44, 45, 46, 47, 48, 49, 50, 51, 52, 53, 54, 55, 56, 57, 64, 65, 66, 67, 68, 69, 70, 71, 72, 74, 75, 76, 77, 78, 79, 80, 81, 82, 83, 84, 85, 86, 87, 88, 91, 96, 99, 104, 159, 162, 495, 497, 607, 654, 928, 1042, 1177, 1267, 1310, 1326, 1327, 1397, 1401, 1458, 1675, 1751, 2013, 2043, 2045, 2067, 2091, 2308, 2518, 2576, 2661, 13296]
2026-07-24 06:44:28,706 [INFO] fontTools.subset — Retaining 103 glyphs
2026-07-24 06:44:28,706 [INFO] fontTools.subset — head subsetting not needed
2026-07-24 06:44:28,706 [INFO] fontTools.subset — hhea subsetting not needed
2026-07-24 06:44:28,706 [INFO] fontTools.subset — maxp subsetting not needed
2026-07-24 06:44:28,706 [INFO] fontTools.subset — OS/2 subsetting not needed
2026-07-24 06:44:28,707 [INFO] fontTools.subset — hmtx subsetted
2026-07-24 06:44:28,708 [INFO] fontTools.subset — cmap subsetted
2026-07-24 06:44:28,708 [INFO] fontTools.subset — fpgm subsetting not needed
2026-07-24 06:44:28,708 [INFO] fontTools.subset — prep subsetting not needed
2026-07-24 06:44:28,708 [INFO] fontTools.subset — cvt  subsetting not needed
2026-07-24 06:44:28,708 [INFO] fontTools.subset — loca subsetting not needed
2026-07-24 06:44:28,708 [INFO] fontTools.subset — post subsetted
2026-07-24 06:44:28,709 [INFO] fontTools.subset — gasp subsetting not needed
2026-07-24 06:44:28,709 [INFO] fontTools.subset — name subsetting not needed
2026-07-24 06:44:28,711 [INFO] fontTools.subset — glyf subsetted
2026-07-24 06:44:28,711 [INFO] fontTools.subset — head pruned
2026-07-24 06:44:28,711 [INFO] fontTools.subset — OS/2 Unicode ranges pruned: [0, 1, 31, 37, 45, 56]
2026-07-24 06:44:28,711 [INFO] fontTools.subset — OS/2 CodePage ranges pruned: [0]
2026-07-24 06:44:28,712 [INFO] fontTools.subset — glyf pruned
2026-07-24 06:44:28,713 [INFO] fontTools.subset — name pruned
2026-07-24 06:44:28,731 [WARNING] fpdf.output — Font MPDFAA+NanumGothicBold is missing the following glyphs: '📉' (\U0001f4c9)
2026-07-24 06:44:28,732 [INFO] fontTools.subset — maxp pruned
2026-07-24 06:44:28,732 [INFO] fontTools.subset — cmap pruned
2026-07-24 06:44:28,732 [INFO] fontTools.subset — post pruned
2026-07-24 06:44:28,732 [INFO] fontTools.subset — DSIG dropped
2026-07-24 06:44:28,732 [INFO] fontTools.subset — GPOS dropped
2026-07-24 06:44:28,732 [INFO] fontTools.subset — GSUB dropped
2026-07-24 06:44:28,733 [INFO] fontTools.subset — glyf pruned
2026-07-24 06:44:28,734 [INFO] fontTools.subset — Added gid0 to subset
2026-07-24 06:44:28,734 [INFO] fontTools.subset — Added first four glyphs to subset
2026-07-24 06:44:28,734 [INFO] fontTools.subset — Closing glyph list over 'glyf': 92 glyphs before
2026-07-24 06:44:28,734 [INFO] fontTools.subset — Glyph names: ['.notdef', 'A', 'B', 'C', 'D', 'E', 'F', 'G', 'H', 'I', 'J', 'K', 'L', 'M', 'N', 'O', 'P', 'Q', 'R', 'S', 'T', 'U', 'V', 'W', 'X', 'Y', 'Z', 'a', 'ampersand', 'b', 'c', 'colon', 'd', 'dollar', 'e', 'eight', 'emdash', 'equal', 'exclam', 'f', 'five', 'four', 'g', 'h', 'hyphen', 'i', 'j', 'k', 'l', 'm', 'n', 'nine', 'numbersign', 'o', 'one', 'p', 'parenleft', 'parenright', 'percent', 'period', 'periodcentered', 'plus', 'q', 'quotedbl', 'quotesingle', 'r', 's', 'seven', 'six', 'slash', 'space', 't', 'three', 'two', 'u', 'uni2605', 'uniB2E5', 'uniB3C4', 'uniB4F1', 'uniBC14', 'uniBC18', 'uniBC30', 'uniC5F4', 'uniC644', 'uniC804', 'uniC815', 'uniC9C0', 'v', 'w', 'x', 'y', 'zero']
2026-07-24 06:44:28,734 [INFO] fontTools.subset — Glyph IDs:   [0, 1, 2, 3, 4, 5, 6, 7, 8, 9, 11, 13, 14, 15, 16, 17, 18, 19, 20, 21, 22, 23, 24, 25, 26, 29, 33, 34, 35, 36, 37, 38, 39, 40, 41, 42, 43, 44, 45, 46, 47, 48, 49, 50, 51, 52, 53, 54, 55, 56, 57, 58, 64, 65, 66, 67, 68, 69, 70, 71, 72, 73, 74, 75, 76, 77, 78, 79, 80, 81, 82, 83, 84, 85, 86, 87, 88, 99, 104, 150, 926, 983, 1040, 1395, 1399, 1410, 1915, 1949, 2088, 2094, 2176, 13533]
2026-07-24 06:44:28,734 [INFO] fontTools.subset — Closed glyph list over 'glyf': 92 glyphs after
2026-07-24 06:44:28,734 [INFO] fontTools.subset — Glyph names: ['.notdef', 'A', 'B', 'C', 'D', 'E', 'F', 'G', 'H', 'I', 'J', 'K', 'L', 'M', 'N', 'O', 'P', 'Q', 'R', 'S', 'T', 'U', 'V', 'W', 'X', 'Y', 'Z', 'a', 'ampersand', 'b', 'c', 'colon', 'd', 'dollar', 'e', 'eight', 'emdash', 'equal', 'exclam', 'f', 'five', 'four', 'g', 'h', 'hyphen', 'i', 'j', 'k', 'l', 'm', 'n', 'nine', 'numbersign', 'o', 'one', 'p', 'parenleft', 'parenright', 'percent', 'period', 'periodcentered', 'plus', 'q', 'quotedbl', 'quotesingle', 'r', 's', 'seven', 'six', 'slash', 'space', 't', 'three', 'two', 'u', 'uni2605', 'uniB2E5', 'uniB3C4', 'uniB4F1', 'uniBC14', 'uniBC18', 'uniBC30', 'uniC5F4', 'uniC644', 'uniC804', 'uniC815', 'uniC9C0', 'v', 'w', 'x', 'y', 'zero']
2026-07-24 06:44:28,734 [INFO] fontTools.subset — Glyph IDs:   [0, 1, 2, 3, 4, 5, 6, 7, 8, 9, 11, 13, 14, 15, 16, 17, 18, 19, 20, 21, 22, 23, 24, 25, 26, 29, 33, 34, 35, 36, 37, 38, 39, 40, 41, 42, 43, 44, 45, 46, 47, 48, 49, 50, 51, 52, 53, 54, 55, 56, 57, 58, 64, 65, 66, 67, 68, 69, 70, 71, 72, 73, 74, 75, 76, 77, 78, 79, 80, 81, 82, 83, 84, 85, 86, 87, 88, 99, 104, 150, 926, 983, 1040, 1395, 1399, 1410, 1915, 1949, 2088, 2094, 2176, 13533]
2026-07-24 06:44:28,735 [INFO] fontTools.subset — Retaining 92 glyphs
2026-07-24 06:44:28,736 [INFO] fontTools.subset — head subsetting not needed
2026-07-24 06:44:28,736 [INFO] fontTools.subset — hhea subsetting not needed
2026-07-24 06:44:28,736 [INFO] fontTools.subset — maxp subsetting not needed
2026-07-24 06:44:28,736 [INFO] fontTools.subset — OS/2 subsetting not needed
2026-07-24 06:44:28,737 [INFO] fontTools.subset — hmtx subsetted
2026-07-24 06:44:28,738 [INFO] fontTools.subset — cmap subsetted
2026-07-24 06:44:28,738 [INFO] fontTools.subset — fpgm subsetting not needed
2026-07-24 06:44:28,738 [INFO] fontTools.subset — prep subsetting not needed
2026-07-24 06:44:28,738 [INFO] fontTools.subset — cvt  subsetting not needed
2026-07-24 06:44:28,739 [INFO] fontTools.subset — loca subsetting not needed
2026-07-24 06:44:28,739 [INFO] fontTools.subset — post subsetted
2026-07-24 06:44:28,739 [INFO] fontTools.subset — gasp subsetting not needed
2026-07-24 06:44:28,739 [INFO] fontTools.subset — name subsetting not needed
2026-07-24 06:44:28,741 [INFO] fontTools.subset — glyf subsetted
2026-07-24 06:44:28,741 [INFO] fontTools.subset — head pruned
2026-07-24 06:44:28,741 [INFO] fontTools.subset — OS/2 Unicode ranges pruned: [0, 1, 31, 46, 56]
2026-07-24 06:44:28,742 [INFO] fontTools.subset — OS/2 CodePage ranges pruned: [0]
2026-07-24 06:44:28,743 [INFO] fontTools.subset — glyf pruned
2026-07-24 06:44:28,743 [INFO] fontTools.subset — name pruned
[Unified PT] PDF 리포트 생성 완료 (146,119 bytes)
[시장분석] 43개 종목 데이터 수집 중...
2026-07-24 06:44:36,027 [WARNING] data.fetch — [fetch_analyst_data] QBTS: 'dict' object has no attribute 'empty'
2026-07-24 06:44:36,108 [WARNING] data.fetch — [fetch_analyst_data] PGR: 'dict' object has no attribute 'empty'
2026-07-24 06:44:36,111 [WARNING] data.fetch — [fetch_analyst_data] UUUU: 'dict' object has no attribute 'empty'
2026-07-24 06:44:36,125 [WARNING] data.fetch — [fetch_analyst_data] SFM: 'dict' object has no attribute 'empty'
2026-07-24 06:44:36,205 [WARNING] data.fetch — [fetch_analyst_data] RTX: 'dict' object has no attribute 'empty'
2026-07-24 06:44:42,909 [WARNING] data.fetch — [fetch_analyst_data] MA: 'dict' object has no attribute 'empty'
2026-07-24 06:44:42,993 [WARNING] data.fetch — [fetch_analyst_data] SHW: 'dict' object has no attribute 'empty'
2026-07-24 06:44:43,043 [WARNING] data.fetch — [fetch_analyst_data] HIMS: 'dict' object has no attribute 'empty'
2026-07-24 06:44:43,067 [WARNING] data.fetch — [fetch_analyst_data] IBM: 'dict' object has no attribute 'empty'
2026-07-24 06:44:43,132 [WARNING] data.fetch — [fetch_analyst_data] HD: 'dict' object has no attribute 'empty'
2026-07-24 06:44:49,998 [WARNING] data.fetch — [fetch_analyst_data] COF: 'dict' object has no attribute 'empty'
2026-07-24 06:44:49,999 [WARNING] data.fetch — [fetch_analyst_data] GILD: 'dict' object has no attribute 'empty'
2026-07-24 06:44:50,085 [WARNING] data.fetch — [fetch_analyst_data] XOM: 'dict' object has no attribute 'empty'
2026-07-24 06:44:50,106 [WARNING] data.fetch — [fetch_analyst_data] NEE: 'dict' object has no attribute 'empty'
2026-07-24 06:44:50,107 [WARNING] data.fetch — [fetch_analyst_data] CVX: 'dict' object has no attribute 'empty'
2026-07-24 06:44:56,921 [WARNING] data.fetch — [fetch_analyst_data] EQNR: 'dict' object has no attribute 'empty'
2026-07-24 06:44:57,078 [WARNING] data.fetch — [fetch_analyst_data] DJT: 'dict' object has no attribute 'empty'
2026-07-24 06:44:57,094 [WARNING] data.fetch — [fetch_analyst_data] VZ: 'dict' object has no attribute 'empty'
2026-07-24 06:44:57,099 [WARNING] data.fetch — [fetch_analyst_data] COP: 'dict' object has no attribute 'empty'
2026-07-24 06:44:57,128 [WARNING] data.fetch — [fetch_analyst_data] PFE: 'dict' object has no attribute 'empty'
2026-07-24 06:45:03,827 [WARNING] data.fetch — [fetch_analyst_data] CEG: 'dict' object has no attribute 'empty'
2026-07-24 06:45:04,043 [WARNING] data.fetch — [fetch_analyst_data] PLNT: 'dict' object has no attribute 'empty'
2026-07-24 06:45:04,107 [WARNING] data.fetch — [fetch_analyst_data] SBET: 'dict' object has no attribute 'empty'
2026-07-24 06:45:04,115 [WARNING] data.fetch — [fetch_analyst_data] T: 'dict' object has no attribute 'empty'
2026-07-24 06:45:04,118 [WARNING] data.fetch — [fetch_analyst_data] CME: 'dict' object has no attribute 'empty'
2026-07-24 06:45:10,767 [WARNING] data.fetch — [fetch_analyst_data] LEU: 'dict' object has no attribute 'empty'
2026-07-24 06:45:11,018 [WARNING] data.fetch — [fetch_analyst_data] TSCO: 'dict' object has no attribute 'empty'
2026-07-24 06:45:11,039 [WARNING] data.fetch — [fetch_analyst_data] SMCI: 'dict' object has no attribute 'empty'
2026-07-24 06:45:11,053 [WARNING] data.fetch — [fetch_analyst_data] RZLV: 'dict' object has no attribute 'empty'
2026-07-24 06:45:11,129 [WARNING] data.fetch — [fetch_analyst_data] PG: 'dict' object has no attribute 'empty'
2026-07-24 06:45:17,671 [WARNING] data.fetch — [fetch_analyst_data] CLRO: 'dict' object has no attribute 'empty'
2026-07-24 06:45:17,864 [WARNING] data.fetch — [fetch_analyst_data] APP: 'dict' object has no attribute 'empty'
2026-07-24 06:45:17,961 [WARNING] data.fetch — [fetch_analyst_data] AGEN: 'dict' object has no attribute 'empty'
2026-07-24 06:45:17,974 [WARNING] data.fetch — [fetch_analyst_data] UTZ: 'dict' object has no attribute 'empty'
2026-07-24 06:45:18,042 [WARNING] data.fetch — [fetch_analyst_data] QUBT: 'dict' object has no attribute 'empty'
2026-07-24 06:45:24,574 [WARNING] data.fetch — [fetch_analyst_data] ADVB: 'dict' object has no attribute 'empty'
2026-07-24 06:45:24,695 [WARNING] data.fetch — [fetch_analyst_data] CPHI: 'dict' object has no attribute 'empty'
2026-07-24 06:45:24,831 [WARNING] data.fetch — [fetch_analyst_data] MBLY: 'dict' object has no attribute 'empty'
2026-07-24 06:45:24,875 [WARNING] data.fetch — [fetch_analyst_data] AMZN: 'dict' object has no attribute 'empty'
2026-07-24 06:45:24,976 [WARNING] data.fetch — [fetch_analyst_data] STUB: 'dict' object has no attribute 'empty'
2026-07-24 06:45:31,523 [WARNING] data.fetch — [fetch_analyst_data] LRCX: 'dict' object has no attribute 'empty'
2026-07-24 06:45:31,585 [WARNING] data.fetch — [fetch_analyst_data] FLNC: 'dict' object has no attribute 'empty'
2026-07-24 06:45:31,699 [WARNING] data.fetch — [fetch_analyst_data] CDNS: 'dict' object has no attribute 'empty'
[시장분석] enrichment 완료
[Email] 페이퍼 트레이딩 알림 발송 완료 (PDF 첨부) (매도 1건, 매수 1건, 재평가 0건, 재평가실패 1건, 후보 1건) → chunghwan14@gmail.com, roykim0311@gmail.com, ssamjungtan@naver.com
============================================================
[Unified Paper Trading] 완료
============================================================
