[OHLCV] 배치 다운로드 1/4 (150개 종목, period=5y)...
[OHLCV] 배치 다운로드 2/4 (150개 종목, period=5y)...
[OHLCV] 배치 다운로드 3/4 (150개 종목, period=5y)...
[OHLCV] 배치 다운로드 4/4 (68개 종목, period=5y)...
[DataValidator] 9건의 데이터 품질 경고 발생
Warning:  HOLX: Close NaN 비율 100.0% (기준: 30%)
Warning:  KVUE: Close NaN 비율 37.0% (기준: 30%)
Warning:  PDD: 비정상 가격 변동 56.1% (2022-03-16) — 스플릿/데이터 오류 가능
Warning:  VLTO: Close NaN 비율 45.3% (기준: 30%)
Warning:  HOOD: 비정상 가격 변동 50.4% (2021-08-04) — 스플릿/데이터 오류 가능
Warning:  DAY: Close NaN 비율 100.0% (기준: 30%)
Warning:  SOLV: Close NaN 비율 54.8% (기준: 30%)
Warning:  GEV: Close NaN 비율 54.9% (기준: 30%)
Warning:  GL: 비정상 가격 변동 53.1% (2024-04-11) — 스플릿/데이터 오류 가능
[[SP500 분석]] 강한 섹터: {'Health Care', 'Industrials', 'Materials', 'Utilities', 'Financials', 'Consumer Staples', 'Real Estate', 'Consumer Discretionary'}
[[SP500 분석]] Extreme model 'label_low' walk-forward ROC 0.67, AP 0.41
[[SP500 분석]] Extreme model 'label_high' walk-forward ROC 0.55, AP 0.23
[[SP500 분석]] Google Sheets 업데이트 완료
[Email] 바닥반등 24개 + 모멘텀 60개 = 총 84개 종목 리스트를 chunghwan14@gmail.com, roykim0311@gmail.com, ssamjungtan@naver.com로 발송 완료
[[SP500 분석]] Signals 결과 기반 차트분석 종목 리스트 생성 중...
[Dynamic Portfolio] 생성된 차트분석 종목 리스트(88개): ['NBM.V', 'LRN', 'TKR', 'PEB', 'MU', 'SHW', 'MCHP', 'TSLA', 'HON', 'LLY', 'HWM', 'LRCX', 'BSX', 'LIN', 'NVDA', 'PLTR', 'IWM', 'GOOG', 'GS', 'ADBE', 'CDNS', 'UNH', 'HOOD', 'FCX', 'MS', 'CAT', 'STX', 'XOM', 'PANW', 'CVS', 'WDC', 'MPWR', 'WELL', 'CMI', 'FTNT', 'MRK', 'ASML', 'AVGO', 'APP', 'COIN', 'VLO', 'VRTX', 'ADI', 'BAC', 'HPE', 'QQQ', 'BRK-B', 'AMZN', 'AXP', 'ANET', 'JNJ', 'ABBV', 'DDOG', 'DE', 'HD', 'MRVL', 'V', 'INTC', 'RTX', 'KLAC', 'GOOGL', 'C', 'CVX', 'JPM', 'AAPL', 'PM', 'CEG', 'SPY', 'WFC', 'ETN', 'AMD', 'DELL', 'PWR', 'KO', 'ON', 'GEV', 'TXN', 'NXPI', 'TER', 'APH', 'GE', 'SPGI', 'CRWD', 'INTU', 'AMGN', 'CSCO', 'GLW', 'AMAT']
[[SP500 차트분석]] [SP500 분석] 결과 기반 [SP500 차트분석] 시트 생성 중 (88개 종목)...
[[SP500 차트분석]] [SP500 분석]에 없는 종목은 별도 분석: ['NBM.V', 'LRN', 'TKR', 'PEB']
[DataValidator] 2건의 데이터 품질 경고 발생
Warning:  LRN: 비정상 가격 변동 54.4% (2025-10-29) — 스플릿/데이터 오류 가능
Warning:  NBM.V: 비정상 가격 변동 56.3% (2024-09-25) — 스플릿/데이터 오류 가능
[[SP500 차트분석]] 강한 섹터: {'Health Care', 'Industrials', 'Materials', 'Utilities', 'Financials', 'Consumer Staples', 'Real Estate', 'Consumer Discretionary'}
[[SP500 차트분석]] Extreme model 'global' skipped: insufficient_tickers
[[SP500 차트분석]] 기존 차트 파일 삭제 중...
[[SP500 차트분석]] 차트 저장 디렉토리 준비 완료: charts/screenshots
[[SP500 차트분석]] TradingView 차트 캡처 시작...
[[SP500 차트분석]] 88개 종목 차트 캡처 중...
[TradingView] DE 브라우저 세션 시작  (로그인 세션)...
[TradingView] 1H 캡처 완료 (60)
[TradingView] 4H 캡처 완료 (240)
[TradingView] Daily 캡처 완료 (D)
[TradingView] Weekly 캡처 완료 (W)
[TradingView] Monthly 캡처 완료 (M)
[[SP500 차트분석]] DE 차트 5개 처리 완료
[TradingView] C 브라우저 세션 시작  (로그인 세션)...
[TradingView] 1H 캡처 완료 (60)
[TradingView] 4H 캡처 완료 (240)
[TradingView] Daily 캡처 완료 (D)
[TradingView] Weekly 캡처 완료 (W)
[TradingView] Monthly 캡처 완료 (M)
[[SP500 차트분석]] C 차트 5개 처리 완료
[TradingView] GE 브라우저 세션 시작  (로그인 세션)...
[TradingView] 1H 캡처 완료 (60)
[TradingView] 4H 캡처 완료 (240)
[TradingView] Daily 캡처 완료 (D)
[TradingView] Weekly 캡처 완료 (W)
[TradingView] Monthly 캡처 완료 (M)
[[SP500 차트분석]] GE 차트 5개 처리 완료
[TradingView] BAC 브라우저 세션 시작  (로그인 세션)...
[TradingView] 1H 캡처 완료 (60)
[TradingView] 4H 캡처 완료 (240)
[TradingView] Daily 캡처 완료 (D)
[TradingView] Weekly 캡처 완료 (W)
[TradingView] Monthly 캡처 완료 (M)
[[SP500 차트분석]] BAC 차트 5개 처리 완료
[TradingView] CVS 브라우저 세션 시작  (로그인 세션)...
[TradingView] 1H 캡처 완료 (60)
[TradingView] 4H 캡처 완료 (240)
[TradingView] Daily 캡처 완료 (D)
[TradingView] Weekly 캡처 완료 (W)
[TradingView] Monthly 캡처 완료 (M)
[[SP500 차트분석]] CVS 차트 5개 처리 완료
[TradingView] JPM 브라우저 세션 시작  (로그인 세션)...
[TradingView] 1H 캡처 완료 (60)
[TradingView] 4H 캡처 완료 (240)
[TradingView] Daily 캡처 완료 (D)
[TradingView] Weekly 캡처 완료 (W)
[TradingView] Monthly 캡처 완료 (M)
[[SP500 차트분석]] JPM 차트 5개 처리 완료
[TradingView] MS 브라우저 세션 시작  (로그인 세션)...
[TradingView] 1H 캡처 완료 (60)
[TradingView] 4H 캡처 완료 (240)
[TradingView] Daily 캡처 완료 (D)
[TradingView] Weekly 캡처 완료 (W)
[TradingView] Monthly 캡처 완료 (M)
[[SP500 차트분석]] MS 차트 5개 처리 완료
[TradingView] UNH 브라우저 세션 시작  (로그인 세션)...
[TradingView] 1H 캡처 완료 (60)
[TradingView] 4H 캡처 완료 (240)
[TradingView] Daily 캡처 완료 (D)
[TradingView] Weekly 캡처 완료 (W)
[TradingView] Monthly 캡처 완료 (M)
[[SP500 차트분석]] UNH 차트 5개 처리 완료
[TradingView] FTNT 브라우저 세션 시작  (로그인 세션)...
[TradingView] 1H 캡처 완료 (60)
[TradingView] 4H 캡처 완료 (240)
[TradingView] Daily 캡처 완료 (D)
[TradingView] Weekly 캡처 완료 (W)
[TradingView] Monthly 캡처 완료 (M)
[[SP500 차트분석]] FTNT 차트 5개 처리 완료
[TradingView] INTC 브라우저 세션 시작  (로그인 세션)...
[TradingView] 1H 캡처 완료 (60)
[TradingView] 4H 캡처 완료 (240)
[TradingView] Daily 캡처 완료 (D)
[TradingView] Weekly 캡처 완료 (W)
[TradingView] Monthly 캡처 완료 (M)
[[SP500 차트분석]] INTC 차트 5개 처리 완료
[TradingView] LLY 브라우저 세션 시작  (로그인 세션)...
[TradingView] 1H 캡처 완료 (60)
[TradingView] 4H 캡처 완료 (240)
[TradingView] Daily 캡처 완료 (D)
[TradingView] Weekly 캡처 완료 (W)
[TradingView] Monthly 캡처 완료 (M)
[[SP500 차트분석]] LLY 차트 5개 처리 완료
[TradingView] APH 브라우저 세션 시작  (로그인 세션)...
[TradingView] 1H 캡처 완료 (60)
[TradingView] 4H 캡처 완료 (240)
[TradingView] Daily 캡처 완료 (D)
[TradingView] Weekly 캡처 완료 (W)
[TradingView] Monthly 캡처 완료 (M)
[[SP500 차트분석]] APH 차트 5개 처리 완료
[TradingView] LRCX 브라우저 세션 시작  (로그인 세션)...
[TradingView] 1H 캡처 완료 (60)
[TradingView] 4H 캡처 완료 (240)
[TradingView] Daily 캡처 완료 (D)
[TradingView] Weekly 캡처 완료 (W)
[TradingView] Monthly 캡처 완료 (M)
[[SP500 차트분석]] LRCX 차트 5개 처리 완료
[TradingView] PM 브라우저 세션 시작  (로그인 세션)...
[TradingView] 1H 캡처 완료 (60)
[TradingView] 4H 캡처 완료 (240)
[TradingView] Daily 캡처 완료 (D)
[TradingView] Weekly 캡처 완료 (W)
[TradingView] Monthly 캡처 완료 (M)
[[SP500 차트분석]] PM 차트 5개 처리 완료
[TradingView] WELL 브라우저 세션 시작  (로그인 세션)...
[TradingView] 1H 캡처 완료 (60)
[TradingView] 4H 캡처 완료 (240)
[TradingView] Daily 캡처 완료 (D)
[TradingView] Weekly 캡처 완료 (W)
[TradingView] Monthly 캡처 완료 (M)
[[SP500 차트분석]] WELL 차트 5개 처리 완료
[TradingView] CAT 브라우저 세션 시작  (로그인 세션)...
[TradingView] 1H 캡처 완료 (60)
[TradingView] 4H 캡처 완료 (240)
[TradingView] Daily 캡처 완료 (D)
[TradingView] Weekly 캡처 완료 (W)
[TradingView] Monthly 캡처 완료 (M)
[[SP500 차트분석]] CAT 차트 5개 처리 완료
[TradingView] VLO 브라우저 세션 시작  (로그인 세션)...
[TradingView] 1H 캡처 완료 (60)
[TradingView] 4H 캡처 완료 (240)
[TradingView] Daily 캡처 완료 (D)
[TradingView] Weekly 캡처 완료 (W)
[TradingView] Monthly 캡처 완료 (M)
[[SP500 차트분석]] VLO 차트 5개 처리 완료
[TradingView] JNJ 브라우저 세션 시작  (로그인 세션)...
[TradingView] 1H 캡처 완료 (60)
[TradingView] 4H 캡처 완료 (240)
[TradingView] Daily 캡처 완료 (D)
[TradingView] Weekly 캡처 완료 (W)
[TradingView] Monthly 캡처 완료 (M)
[[SP500 차트분석]] JNJ 차트 5개 처리 완료
[TradingView] STX 브라우저 세션 시작  (로그인 세션)...
[TradingView] 1H 캡처 완료 (60)
[TradingView] 4H 캡처 완료 (240)
[TradingView] Daily 캡처 완료 (D)
[TradingView] Weekly 캡처 완료 (W)
[TradingView] Monthly 캡처 완료 (M)
[[SP500 차트분석]] STX 차트 5개 처리 완료
[TradingView] ABBV 브라우저 세션 시작  (로그인 세션)...
[TradingView] 1H 캡처 완료 (60)
[TradingView] 4H 캡처 완료 (240)
[TradingView] Daily 캡처 완료 (D)
[TradingView] Weekly 캡처 완료 (W)
[TradingView] Monthly 캡처 완료 (M)
[[SP500 차트분석]] ABBV 차트 5개 처리 완료
[TradingView] VRTX 브라우저 세션 시작  (로그인 세션)...
[TradingView] 1H 캡처 완료 (60)
[TradingView] 4H 캡처 완료 (240)
[TradingView] Daily 캡처 완료 (D)
[TradingView] Weekly 캡처 완료 (W)
[TradingView] Monthly 캡처 완료 (M)
[[SP500 차트분석]] VRTX 차트 5개 처리 완료
[TradingView] MRVL 브라우저 세션 시작  (로그인 세션)...
[TradingView] 1H 캡처 완료 (60)
[TradingView] 4H 캡처 완료 (240)
[TradingView] Daily 캡처 완료 (D)
[TradingView] Weekly 캡처 완료 (W)
[TradingView] Monthly 캡처 완료 (M)
[[SP500 차트분석]] MRVL 차트 5개 처리 완료
[TradingView] ANET 브라우저 세션 시작  (로그인 세션)...
[TradingView] 1H 캡처 완료 (60)
[TradingView] 4H 캡처 완료 (240)
[TradingView] Daily 캡처 완료 (D)
[TradingView] Weekly 캡처 완료 (W)
[TradingView] Monthly 캡처 완료 (M)
[[SP500 차트분석]] ANET 차트 5개 처리 완료
[TradingView] AMAT 브라우저 세션 시작  (로그인 세션)...
[TradingView] 1H 캡처 완료 (60)
[TradingView] 4H 캡처 완료 (240)
[TradingView] Daily 캡처 완료 (D)
[TradingView] Weekly 캡처 완료 (W)
[TradingView] Monthly 캡처 완료 (M)
[[SP500 차트분석]] AMAT 차트 5개 처리 완료
[TradingView] KLAC 브라우저 세션 시작  (로그인 세션)...
[TradingView] 1H 캡처 완료 (60)
[TradingView] 4H 캡처 완료 (240)
[TradingView] Daily 캡처 완료 (D)
[TradingView] Weekly 캡처 완료 (W)
[TradingView] Monthly 캡처 완료 (M)
[[SP500 차트분석]] KLAC 차트 5개 처리 완료
[TradingView] HWM 브라우저 세션 시작  (로그인 세션)...
[TradingView] 1H 캡처 완료 (60)
[TradingView] 4H 캡처 완료 (240)
[TradingView] Daily 캡처 완료 (D)
[TradingView] Weekly 캡처 완료 (W)
[TradingView] Monthly 캡처 완료 (M)
[[SP500 차트분석]] HWM 차트 5개 처리 완료
[TradingView] IWM 브라우저 세션 시작  (로그인 세션)...
[TradingView] 1H 캡처 완료 (60)
[TradingView] 4H 캡처 완료 (240)
[TradingView] Daily 캡처 완료 (D)
[TradingView] Weekly 캡처 완료 (W)
[TradingView] Monthly 캡처 완료 (M)
[[SP500 차트분석]] IWM 차트 5개 처리 완료
[TradingView] RTX 브라우저 세션 시작  (로그인 세션)...
[TradingView] 1H 캡처 완료 (60)
[TradingView] 4H 캡처 완료 (240)
[TradingView] Daily 캡처 완료 (D)
[TradingView] Weekly 캡처 완료 (W)
[TradingView] Monthly 캡처 완료 (M)
[[SP500 차트분석]] RTX 차트 5개 처리 완료
[TradingView] GEV 브라우저 세션 시작  (로그인 세션)...
[TradingView] 1H 캡처 완료 (60)
[TradingView] 4H 캡처 완료 (240)
[TradingView] Daily 캡처 완료 (D)
[TradingView] Weekly 캡처 완료 (W)
[TradingView] Monthly 캡처 완료 (M)
[[SP500 차트분석]] GEV 차트 5개 처리 완료
[TradingView] MCHP 브라우저 세션 시작  (로그인 세션)...
[TradingView] 1H 캡처 완료 (60)
[TradingView] 4H 캡처 완료 (240)
[TradingView] Daily 캡처 완료 (D)
[TradingView] Weekly 캡처 완료 (W)
[TradingView] Monthly 캡처 완료 (M)
[[SP500 차트분석]] MCHP 차트 5개 처리 완료
[TradingView] TXN 브라우저 세션 시작  (로그인 세션)...
[TradingView] 1H 캡처 완료 (60)
[TradingView] 4H 캡처 완료 (240)
[TradingView] Daily 캡처 완료 (D)
[TradingView] Weekly 캡처 완료 (W)
[TradingView] Monthly 캡처 완료 (M)
[[SP500 차트분석]] TXN 차트 5개 처리 완료
[TradingView] ADI 브라우저 세션 시작  (로그인 세션)...
[TradingView] 1H 캡처 완료 (60)
[TradingView] 4H 캡처 완료 (240)
[TradingView] Daily 캡처 완료 (D)
[TradingView] Weekly 캡처 완료 (W)
[TradingView] Monthly 캡처 완료 (M)
[[SP500 차트분석]] ADI 차트 5개 처리 완료
[TradingView] HPE 브라우저 세션 시작  (로그인 세션)...
[TradingView] 1H 캡처 완료 (60)
[TradingView] 4H 캡처 완료 (240)
[TradingView] Daily 캡처 완료 (D)
[TradingView] Weekly 캡처 완료 (W)
[TradingView] Monthly 캡처 완료 (M)
[[SP500 차트분석]] HPE 차트 5개 처리 완료
[TradingView] KO 브라우저 세션 시작  (로그인 세션)...
[TradingView] 1H 캡처 완료 (60)
[TradingView] 4H 캡처 완료 (240)
[TradingView] Daily 캡처 완료 (D)
[TradingView] Weekly 캡처 완료 (W)
[TradingView] Monthly 캡처 완료 (M)
[[SP500 차트분석]] KO 차트 5개 처리 완료
[TradingView] MRK 브라우저 세션 시작  (로그인 세션)...
[TradingView] 1H 캡처 완료 (60)
[TradingView] 4H 캡처 완료 (240)
[TradingView] Daily 캡처 완료 (D)
[TradingView] Weekly 캡처 완료 (W)
[TradingView] Monthly 캡처 완료 (M)
[[SP500 차트분석]] MRK 차트 5개 처리 완료
[TradingView] BRK-B 브라우저 세션 시작  (로그인 세션)...
[TradingView] 1H 캡처 완료 (60)
[TradingView] 4H 캡처 완료 (240)
[TradingView] Daily 캡처 완료 (D)
[TradingView] Weekly 캡처 완료 (W)
[TradingView] Monthly 캡처 완료 (M)
[[SP500 차트분석]] BRK-B 차트 5개 처리 완료
[TradingView] HOOD 브라우저 세션 시작  (로그인 세션)...
[TradingView] 1H 캡처 완료 (60)
[TradingView] 4H 캡처 완료 (240)
[TradingView] Daily 캡처 완료 (D)
[TradingView] Weekly 캡처 완료 (W)
[TradingView] Monthly 캡처 완료 (M)
[[SP500 차트분석]] HOOD 차트 5개 처리 완료
[TradingView] MU 브라우저 세션 시작  (로그인 세션)...
[TradingView] 1H 캡처 완료 (60)
[TradingView] 4H 캡처 완료 (240)
[TradingView] Daily 캡처 완료 (D)
[TradingView] Weekly 캡처 완료 (W)
[TradingView] Monthly 캡처 완료 (M)
[[SP500 차트분석]] MU 차트 5개 처리 완료
[TradingView] AMD 브라우저 세션 시작  (로그인 세션)...
[TradingView] 1H 캡처 완료 (60)
[TradingView] 4H 캡처 완료 (240)
[TradingView] Daily 캡처 완료 (D)
[TradingView] Weekly 캡처 완료 (W)
[TradingView] Monthly 캡처 완료 (M)
[[SP500 차트분석]] AMD 차트 5개 처리 완료
[TradingView] ASML 브라우저 세션 시작  (로그인 세션)...
[TradingView] 1H 캡처 완료 (60)
[TradingView] 4H 캡처 완료 (240)
[TradingView] Daily 캡처 완료 (D)
[TradingView] Weekly 캡처 완료 (W)
[TradingView] Monthly 캡처 완료 (M)
[[SP500 차트분석]] ASML 차트 5개 처리 완료
[TradingView] TER 브라우저 세션 시작  (로그인 세션)...
[TradingView] 1H 캡처 완료 (60)
[TradingView] 4H 캡처 완료 (240)
[TradingView] Daily 캡처 완료 (D)
[TradingView] Weekly 캡처 완료 (W)
[TradingView] Monthly 캡처 완료 (M)
[[SP500 차트분석]] TER 차트 5개 처리 완료
[TradingView] GLW 브라우저 세션 시작  (로그인 세션)...
[TradingView] 1H 캡처 완료 (60)
[TradingView] 4H 캡처 완료 (240)
[TradingView] Daily 캡처 완료 (D)
[TradingView] Weekly 캡처 완료 (W)
[TradingView] Monthly 캡처 완료 (M)
[[SP500 차트분석]] GLW 차트 5개 처리 완료
[TradingView] CMI 브라우저 세션 시작  (로그인 세션)...
[TradingView] 1H 캡처 완료 (60)
[TradingView] 4H 캡처 완료 (240)
[TradingView] Daily 캡처 완료 (D)
[TradingView] Weekly 캡처 완료 (W)
[TradingView] Monthly 캡처 완료 (M)
[[SP500 차트분석]] CMI 차트 5개 처리 완료
[TradingView] WFC 브라우저 세션 시작  (로그인 세션)...
[TradingView] 1H 캡처 완료 (60)
[TradingView] 4H 캡처 완료 (240)
[TradingView] Daily 캡처 완료 (D)
[TradingView] Weekly 캡처 완료 (W)
[TradingView] Monthly 캡처 완료 (M)
[[SP500 차트분석]] WFC 차트 5개 처리 완료
[TradingView] PANW 브라우저 세션 시작  (로그인 세션)...
[TradingView] 1H 캡처 완료 (60)
[TradingView] 4H 캡처 완료 (240)
[TradingView] Daily 캡처 완료 (D)
[TradingView] Weekly 캡처 완료 (W)
[TradingView] Monthly 캡처 완료 (M)
[[SP500 차트분석]] PANW 차트 5개 처리 완료
[TradingView] AMZN 브라우저 세션 시작  (로그인 세션)...
[TradingView] 1H 캡처 완료 (60)
[TradingView] 4H 캡처 완료 (240)
[TradingView] Daily 캡처 완료 (D)
[TradingView] Weekly 캡처 완료 (W)
[TradingView] Monthly 캡처 완료 (M)
[[SP500 차트분석]] AMZN 차트 5개 처리 완료
[TradingView] CSCO 브라우저 세션 시작  (로그인 세션)...
[TradingView] 1H 캡처 완료 (60)
[TradingView] 4H 캡처 완료 (240)
[TradingView] Daily 캡처 완료 (D)
[TradingView] Weekly 캡처 완료 (W)
[TradingView] Monthly 캡처 완료 (M)
[[SP500 차트분석]] CSCO 차트 5개 처리 완료
[TradingView] ETN 브라우저 세션 시작  (로그인 세션)...
[TradingView] 1H 캡처 완료 (60)
[TradingView] 4H 캡처 완료 (240)
[TradingView] Daily 캡처 완료 (D)
[TradingView] Weekly 캡처 완료 (W)
[TradingView] Monthly 캡처 완료 (M)
[[SP500 차트분석]] ETN 차트 5개 처리 완료
[TradingView] HON 브라우저 세션 시작  (로그인 세션)...
[TradingView] 1H 캡처 완료 (60)
[TradingView] 4H 캡처 완료 (240)
[TradingView] Daily 캡처 완료 (D)
[TradingView] Weekly 캡처 완료 (W)
[TradingView] Monthly 캡처 완료 (M)
[[SP500 차트분석]] HON 차트 5개 처리 완료
[TradingView] WDC 브라우저 세션 시작  (로그인 세션)...
[TradingView] 1H 캡처 완료 (60)
[TradingView] 4H 캡처 완료 (240)
[TradingView] Daily 캡처 완료 (D)
[TradingView] Weekly 캡처 완료 (W)
[TradingView] Monthly 캡처 완료 (M)
[[SP500 차트분석]] WDC 차트 5개 처리 완료
[TradingView] GS 브라우저 세션 시작  (로그인 세션)...
[TradingView] 1H 캡처 완료 (60)
[TradingView] 4H 캡처 완료 (240)
[TradingView] Daily 캡처 완료 (D)
[TradingView] Weekly 캡처 완료 (W)
[TradingView] Monthly 캡처 완료 (M)
[[SP500 차트분석]] GS 차트 5개 처리 완료
[TradingView] DELL 브라우저 세션 시작  (로그인 세션)...
[TradingView] 1H 캡처 완료 (60)
[TradingView] 4H 캡처 완료 (240)
[TradingView] Daily 캡처 완료 (D)
[TradingView] Weekly 캡처 완료 (W)
[TradingView] Monthly 캡처 완료 (M)
[[SP500 차트분석]] DELL 차트 5개 처리 완료
[TradingView] DDOG 브라우저 세션 시작  (로그인 세션)...
[TradingView] 1H 캡처 완료 (60)
[TradingView] 4H 캡처 완료 (240)
[TradingView] Daily 캡처 완료 (D)
[TradingView] Weekly 캡처 완료 (W)
[TradingView] Monthly 캡처 완료 (M)
[[SP500 차트분석]] DDOG 차트 5개 처리 완료
[TradingView] FCX 브라우저 세션 시작  (로그인 세션)...
[TradingView] 1H 캡처 완료 (60)
[TradingView] 4H 캡처 완료 (240)
[TradingView] Daily 캡처 완료 (D)
[TradingView] Weekly 캡처 완료 (W)
[TradingView] Monthly 캡처 완료 (M)
[[SP500 차트분석]] FCX 차트 5개 처리 완료
[TradingView] PWR 브라우저 세션 시작  (로그인 세션)...
[TradingView] 1H 캡처 완료 (60)
[TradingView] 4H 캡처 완료 (240)
[TradingView] Daily 캡처 완료 (D)
[TradingView] Weekly 캡처 완료 (W)
[TradingView] Monthly 캡처 완료 (M)
[[SP500 차트분석]] PWR 차트 5개 처리 완료
[TradingView] GOOG 브라우저 세션 시작  (로그인 세션)...
[TradingView] 1H 캡처 완료 (60)
[TradingView] 4H 캡처 완료 (240)
[TradingView] Daily 캡처 완료 (D)
[TradingView] Weekly 캡처 완료 (W)
[TradingView] Monthly 캡처 완료 (M)
[[SP500 차트분석]] GOOG 차트 5개 처리 완료
[TradingView] GOOGL 브라우저 세션 시작  (로그인 세션)...
[TradingView] 1H 캡처 완료 (60)
[TradingView] 4H 캡처 완료 (240)
[TradingView] Daily 캡처 완료 (D)
[TradingView] Weekly 캡처 완료 (W)
[TradingView] Monthly 캡처 완료 (M)
[[SP500 차트분석]] GOOGL 차트 5개 처리 완료
[TradingView] QQQ 브라우저 세션 시작  (로그인 세션)...
[TradingView] 1H 캡처 완료 (60)
[TradingView] 4H 캡처 완료 (240)
[TradingView] Daily 캡처 완료 (D)
[TradingView] Weekly 캡처 완료 (W)
[TradingView] Monthly 캡처 완료 (M)
[[SP500 차트분석]] QQQ 차트 5개 처리 완료
[TradingView] CRWD 브라우저 세션 시작  (로그인 세션)...
[TradingView] 1H 캡처 완료 (60)
[TradingView] 4H 캡처 완료 (240)
[TradingView] Daily 캡처 완료 (D)
[TradingView] Weekly 캡처 완료 (W)
[TradingView] Monthly 캡처 완료 (M)
[[SP500 차트분석]] CRWD 차트 5개 처리 완료
[TradingView] AMGN 브라우저 세션 시작  (로그인 세션)...
[TradingView] 1H 캡처 완료 (60)
[TradingView] 4H 캡처 완료 (240)
[TradingView] Daily 캡처 완료 (D)
[TradingView] Weekly 캡처 완료 (W)
[TradingView] Monthly 캡처 완료 (M)
[[SP500 차트분석]] AMGN 차트 5개 처리 완료
[TradingView] AXP 브라우저 세션 시작  (로그인 세션)...
[TradingView] 1H 캡처 완료 (60)
[TradingView] 4H 캡처 완료 (240)
[TradingView] Daily 캡처 완료 (D)
[TradingView] Weekly 캡처 완료 (W)
[TradingView] Monthly 캡처 완료 (M)
[[SP500 차트분석]] AXP 차트 5개 처리 완료
[TradingView] LIN 브라우저 세션 시작  (로그인 세션)...
[TradingView] 1H 캡처 완료 (60)
[TradingView] 4H 캡처 완료 (240)
[TradingView] Daily 캡처 완료 (D)
[TradingView] Weekly 캡처 완료 (W)
[TradingView] Monthly 캡처 완료 (M)
[[SP500 차트분석]] LIN 차트 5개 처리 완료
[TradingView] HD 브라우저 세션 시작  (로그인 세션)...
[TradingView] 1H 캡처 완료 (60)
[TradingView] 4H 캡처 완료 (240)
[TradingView] Daily 캡처 완료 (D)
[TradingView] Weekly 캡처 완료 (W)
[TradingView] Monthly 캡처 완료 (M)
[[SP500 차트분석]] HD 차트 5개 처리 완료
[TradingView] SHW 브라우저 세션 시작  (로그인 세션)...
[TradingView] 1H 캡처 완료 (60)
[TradingView] 4H 캡처 완료 (240)
[TradingView] Daily 캡처 완료 (D)
[TradingView] Weekly 캡처 완료 (W)
[TradingView] Monthly 캡처 완료 (M)
[[SP500 차트분석]] SHW 차트 5개 처리 완료
[TradingView] AAPL 브라우저 세션 시작  (로그인 세션)...
[TradingView] 1H 캡처 완료 (60)
[TradingView] 4H 캡처 완료 (240)
[TradingView] Daily 캡처 완료 (D)
[TradingView] Weekly 캡처 완료 (W)
[TradingView] Monthly 캡처 완료 (M)
[[SP500 차트분석]] AAPL 차트 5개 처리 완료
[TradingView] ON 브라우저 세션 시작  (로그인 세션)...
[TradingView] 1H 캡처 완료 (60)
[TradingView] 4H 캡처 완료 (240)
[TradingView] Daily 캡처 완료 (D)
[TradingView] Weekly 캡처 완료 (W)
[TradingView] Monthly 캡처 완료 (M)
[[SP500 차트분석]] ON 차트 5개 처리 완료
[TradingView] MPWR 브라우저 세션 시작  (로그인 세션)...
[TradingView] 1H 캡처 완료 (60)
[TradingView] 4H 캡처 완료 (240)
[TradingView] Daily 캡처 완료 (D)
[TradingView] Weekly 캡처 완료 (W)
[TradingView] Monthly 캡처 완료 (M)
[[SP500 차트분석]] MPWR 차트 5개 처리 완료
[TradingView] SPY 브라우저 세션 시작  (로그인 세션)...
[TradingView] 1H 캡처 완료 (60)
[TradingView] 4H 캡처 완료 (240)
[TradingView] Daily 캡처 완료 (D)
[TradingView] Weekly 캡처 완료 (W)
[TradingView] Monthly 캡처 완료 (M)
[[SP500 차트분석]] SPY 차트 5개 처리 완료
[TradingView] TSLA 브라우저 세션 시작  (로그인 세션)...
[TradingView] 1H 캡처 완료 (60)
[TradingView] 4H 캡처 완료 (240)
[TradingView] Daily 캡처 완료 (D)
[TradingView] Weekly 캡처 완료 (W)
[TradingView] Monthly 캡처 완료 (M)
[[SP500 차트분석]] TSLA 차트 5개 처리 완료
[TradingView] NXPI 브라우저 세션 시작  (로그인 세션)...
[TradingView] 1H 캡처 완료 (60)
[TradingView] 4H 캡처 완료 (240)
[TradingView] Daily 캡처 완료 (D)
[TradingView] Weekly 캡처 완료 (W)
[TradingView] Monthly 캡처 완료 (M)
[[SP500 차트분석]] NXPI 차트 5개 처리 완료
[TradingView] CDNS 브라우저 세션 시작  (로그인 세션)...
[TradingView] 1H 캡처 완료 (60)
[TradingView] 4H 캡처 완료 (240)
[TradingView] Daily 캡처 완료 (D)
[TradingView] Weekly 캡처 완료 (W)
[TradingView] Monthly 캡처 완료 (M)
[[SP500 차트분석]] CDNS 차트 5개 처리 완료
[TradingView] V 브라우저 세션 시작  (로그인 세션)...
[TradingView] 1H 캡처 완료 (60)
[TradingView] 4H 캡처 완료 (240)
[TradingView] Daily 캡처 완료 (D)
[TradingView] Weekly 캡처 완료 (W)
[TradingView] Monthly 캡처 완료 (M)
[[SP500 차트분석]] V 차트 5개 처리 완료
[TradingView] APP 브라우저 세션 시작  (로그인 세션)...
[TradingView] 1H 캡처 완료 (60)
[TradingView] 4H 캡처 완료 (240)
[TradingView] Daily 캡처 완료 (D)
[TradingView] Weekly 캡처 완료 (W)
[TradingView] Monthly 캡처 완료 (M)
[[SP500 차트분석]] APP 차트 5개 처리 완료
[TradingView] NVDA 브라우저 세션 시작  (로그인 세션)...
[TradingView] 1H 캡처 완료 (60)
[TradingView] 4H 캡처 완료 (240)
[TradingView] Daily 캡처 완료 (D)
[TradingView] Weekly 캡처 완료 (W)
[TradingView] Monthly 캡처 완료 (M)
[[SP500 차트분석]] NVDA 차트 5개 처리 완료
[TradingView] XOM 브라우저 세션 시작  (로그인 세션)...
[TradingView] 1H 캡처 완료 (60)
[TradingView] 4H 캡처 완료 (240)
[TradingView] Daily 캡처 완료 (D)
[TradingView] Weekly 캡처 완료 (W)
[TradingView] Monthly 캡처 완료 (M)
[[SP500 차트분석]] XOM 차트 5개 처리 완료
[TradingView] BSX 브라우저 세션 시작  (로그인 세션)...
[TradingView] 1H 캡처 완료 (60)
[TradingView] 4H 캡처 완료 (240)
[TradingView] Daily 캡처 완료 (D)
[TradingView] Weekly 캡처 완료 (W)
[TradingView] Monthly 캡처 완료 (M)
[[SP500 차트분석]] BSX 차트 5개 처리 완료
[TradingView] CEG 브라우저 세션 시작  (로그인 세션)...
[TradingView] 1H 캡처 완료 (60)
[TradingView] 4H 캡처 완료 (240)
[TradingView] Daily 캡처 완료 (D)
[TradingView] Weekly 캡처 완료 (W)
[TradingView] Monthly 캡처 완료 (M)
[[SP500 차트분석]] CEG 차트 5개 처리 완료
[TradingView] AVGO 브라우저 세션 시작  (로그인 세션)...
[TradingView] 1H 캡처 완료 (60)
[TradingView] 4H 캡처 완료 (240)
[TradingView] Daily 캡처 완료 (D)
[TradingView] Weekly 캡처 완료 (W)
[TradingView] Monthly 캡처 완료 (M)
[[SP500 차트분석]] AVGO 차트 5개 처리 완료
[TradingView] CVX 브라우저 세션 시작  (로그인 세션)...
[TradingView] 1H 캡처 완료 (60)
[TradingView] 4H 캡처 완료 (240)
[TradingView] Daily 캡처 완료 (D)
[TradingView] Weekly 캡처 완료 (W)
[TradingView] Monthly 캡처 완료 (M)
[[SP500 차트분석]] CVX 차트 5개 처리 완료
[TradingView] SPGI 브라우저 세션 시작  (로그인 세션)...
[TradingView] 1H 캡처 완료 (60)
[TradingView] 4H 캡처 완료 (240)
[TradingView] Daily 캡처 완료 (D)
[TradingView] Weekly 캡처 완료 (W)
[TradingView] Monthly 캡처 완료 (M)
[[SP500 차트분석]] SPGI 차트 5개 처리 완료
[TradingView] PLTR 브라우저 세션 시작  (로그인 세션)...
[TradingView] 1H 캡처 완료 (60)
[TradingView] 4H 캡처 완료 (240)
[TradingView] Daily 캡처 완료 (D)
[TradingView] Weekly 캡처 완료 (W)
[TradingView] Monthly 캡처 완료 (M)
[[SP500 차트분석]] PLTR 차트 5개 처리 완료
[TradingView] ADBE 브라우저 세션 시작  (로그인 세션)...
[TradingView] 1H 캡처 완료 (60)
[TradingView] 4H 캡처 완료 (240)
[TradingView] Daily 캡처 완료 (D)
[TradingView] Weekly 캡처 완료 (W)
[TradingView] Monthly 캡처 완료 (M)
[[SP500 차트분석]] ADBE 차트 5개 처리 완료
[TradingView] COIN 브라우저 세션 시작  (로그인 세션)...
[TradingView] 1H 캡처 완료 (60)
[TradingView] 4H 캡처 완료 (240)
[TradingView] Daily 캡처 완료 (D)
[TradingView] Weekly 캡처 완료 (W)
[TradingView] Monthly 캡처 완료 (M)
[[SP500 차트분석]] COIN 차트 5개 처리 완료
[TradingView] INTU 브라우저 세션 시작  (로그인 세션)...
[TradingView] 1H 캡처 완료 (60)
[TradingView] 4H 캡처 완료 (240)
[TradingView] Daily 캡처 완료 (D)
[TradingView] Weekly 캡처 완료 (W)
[TradingView] Monthly 캡처 완료 (M)
[[SP500 차트분석]] INTU 차트 5개 처리 완료
[TradingView] PEB 브라우저 세션 시작  (로그인 세션)...
[TradingView] 1H 캡처 완료 (60)
[TradingView] 4H 캡처 완료 (240)
[TradingView] Daily 캡처 완료 (D)
[TradingView] Weekly 캡처 완료 (W)
[TradingView] Monthly 캡처 완료 (M)
[[SP500 차트분석]] PEB 차트 5개 처리 완료
[TradingView] TKR 브라우저 세션 시작  (로그인 세션)...
[TradingView] 1H 캡처 완료 (60)
[TradingView] 4H 캡처 완료 (240)
[TradingView] Daily 캡처 완료 (D)
[TradingView] Weekly 캡처 완료 (W)
[TradingView] Monthly 캡처 완료 (M)
[[SP500 차트분석]] TKR 차트 5개 처리 완료
[TradingView] LRN 브라우저 세션 시작  (로그인 세션)...
[TradingView] 1H 캡처 완료 (60)
[TradingView] 4H 캡처 완료 (240)
[TradingView] Daily 캡처 완료 (D)
[TradingView] Weekly 캡처 완료 (W)
[TradingView] Monthly 캡처 완료 (M)
[[SP500 차트분석]] LRN 차트 5개 처리 완료
[TradingView] 티커 매핑 적용: NBM.V -> NBM
[TradingView] NBM.V 브라우저 세션 시작  (로그인 세션)...
[TradingView] 1H 캡처 완료 (60)
[TradingView] 4H 캡처 완료 (240)
[TradingView] Daily 캡처 완료 (D)
[TradingView] Weekly 캡처 완료 (W)
[TradingView] Monthly 캡처 완료 (M)
[[SP500 차트분석]] NBM.V 차트 5개 처리 완료
[[SP500 차트분석]] 차트 캡처 완료
[[SP500 차트분석]] GitHub에 차트 이미지 푸시 중...
[main f0e5559] Update chart screenshots 1782887226
 895 files changed, 0 insertions(+), 0 deletions(-)
 delete mode 100644 charts/screenshots/AAPL/AAPL_1H_20260630_055521.png
 create mode 100644 charts/screenshots/AAPL/AAPL_1H_20260701_061115.png
 delete mode 100644 charts/screenshots/AAPL/AAPL_4H_20260630_055521.png
 create mode 100644 charts/screenshots/AAPL/AAPL_4H_20260701_061115.png
 delete mode 100644 charts/screenshots/AAPL/AAPL_Daily_20260630_055521.png
 create mode 100644 charts/screenshots/AAPL/AAPL_Daily_20260701_061115.png
 delete mode 100644 charts/screenshots/AAPL/AAPL_Monthly_20260630_055521.png
 create mode 100644 charts/screenshots/AAPL/AAPL_Monthly_20260701_061115.png
 delete mode 100644 charts/screenshots/AAPL/AAPL_Weekly_20260630_055521.png
 create mode 100644 charts/screenshots/AAPL/AAPL_Weekly_20260701_061115.png
 delete mode 100644 charts/screenshots/ABBV/ABBV_1H_20260630_054407.png
 create mode 100644 charts/screenshots/ABBV/ABBV_1H_20260701_054152.png
 delete mode 100644 charts/screenshots/ABBV/ABBV_4H_20260630_054407.png
 create mode 100644 charts/screenshots/ABBV/ABBV_4H_20260701_054152.png
 delete mode 100644 charts/screenshots/ABBV/ABBV_Daily_20260630_054407.png
 create mode 100644 charts/screenshots/ABBV/ABBV_Daily_20260701_054152.png
 delete mode 100644 charts/screenshots/ABBV/ABBV_Monthly_20260630_054407.png
 create mode 100644 charts/screenshots/ABBV/ABBV_Monthly_20260701_054152.png
 delete mode 100644 charts/screenshots/ABBV/ABBV_Weekly_20260630_054407.png
 create mode 100644 charts/screenshots/ABBV/ABBV_Weekly_20260701_054152.png
 delete mode 100644 charts/screenshots/ACN/ACN_1H_20260630_055719.png
 delete mode 100644 charts/screenshots/ACN/ACN_4H_20260630_055719.png
 delete mode 100644 charts/screenshots/ACN/ACN_Daily_20260630_055719.png
 delete mode 100644 charts/screenshots/ACN/ACN_Monthly_20260630_055719.png
 delete mode 100644 charts/screenshots/ACN/ACN_Weekly_20260630_055719.png
 create mode 100644 charts/screenshots/ADBE/ADBE_1H_20260701_062221.png
 create mode 100644 charts/screenshots/ADBE/ADBE_4H_20260701_062221.png
 create mode 100644 charts/screenshots/ADBE/ADBE_Daily_20260701_062221.png
 create mode 100644 charts/screenshots/ADBE/ADBE_Monthly_20260701_062221.png
 create mode 100644 charts/screenshots/ADBE/ADBE_Weekly_20260701_062221.png
 delete mode 100644 charts/screenshots/ADI/ADI_1H_20260630_053610.png
 create mode 100644 charts/screenshots/ADI/ADI_1H_20260701_054944.png
 delete mode 100644 charts/screenshots/ADI/ADI_4H_20260630_053610.png
 create mode 100644 charts/screenshots/ADI/ADI_4H_20260701_054944.png
 delete mode 100644 charts/screenshots/ADI/ADI_Daily_20260630_053610.png
 create mode 100644 charts/screenshots/ADI/ADI_Daily_20260701_054944.png
 delete mode 100644 charts/screenshots/ADI/ADI_Monthly_20260630_053610.png
 create mode 100644 charts/screenshots/ADI/ADI_Monthly_20260701_054944.png
 delete mode 100644 charts/screenshots/ADI/ADI_Weekly_20260630_053610.png
 create mode 100644 charts/screenshots/ADI/ADI_Weekly_20260701_054944.png
 delete mode 100644 charts/screenshots/AMAT/AMAT_1H_20260630_052458.png
 create mode 100644 charts/screenshots/AMAT/AMAT_1H_20260701_054431.png
 delete mode 100644 charts/screenshots/AMAT/AMAT_4H_20260630_052458.png
 create mode 100644 charts/screenshots/AMAT/AMAT_4H_20260701_054431.png
 delete mode 100644 charts/screenshots/AMAT/AMAT_Daily_20260630_052458.png
 create mode 100644 charts/screenshots/AMAT/AMAT_Daily_20260701_054431.png
 delete mode 100644 charts/screenshots/AMAT/AMAT_Monthly_20260630_052458.png
 create mode 100644 charts/screenshots/AMAT/AMAT_Monthly_20260701_054431.png
 delete mode 100644 charts/screenshots/AMAT/AMAT_Weekly_20260630_052458.png
 create mode 100644 charts/screenshots/AMAT/AMAT_Weekly_20260701_054431.png
 delete mode 100644 charts/screenshots/AMD/AMD_1H_20260630_053133.png
 create mode 100644 charts/screenshots/AMD/AMD_1H_20260701_055419.png
 delete mode 100644 charts/screenshots/AMD/AMD_4H_20260630_053133.png
 create mode 100644 charts/screenshots/AMD/AMD_4H_20260701_055419.png
 delete mode 100644 charts/screenshots/AMD/AMD_Daily_20260630_053133.png
 create mode 100644 charts/screenshots/AMD/AMD_Daily_20260701_055419.png
 delete mode 100644 charts/screenshots/AMD/AMD_Monthly_20260630_053133.png
 create mode 100644 charts/screenshots/AMD/AMD_Monthly_20260701_055419.png
 delete mode 100644 charts/screenshots/AMD/AMD_Weekly_20260630_053133.png
 create mode 100644 charts/screenshots/AMD/AMD_Weekly_20260701_055419.png
 delete mode 100644 charts/screenshots/AMGN/AMGN_1H_20260630_054606.png
 create mode 100644 charts/screenshots/AMGN/AMGN_1H_20260701_060759.png
 delete mode 100644 charts/screenshots/AMGN/AMGN_4H_20260630_054606.png
 create mode 100644 charts/screenshots/AMGN/AMGN_4H_20260701_060759.png
 delete mode 100644 charts/screenshots/AMGN/AMGN_Daily_20260630_054606.png
 create mode 100644 charts/screenshots/AMGN/AMGN_Daily_20260701_060759.png
 delete mode 100644 charts/screenshots/AMGN/AMGN_Monthly_20260630_054606.png
 create mode 100644 charts/screenshots/AMGN/AMGN_Monthly_20260701_060759.png
 delete mode 100644 charts/screenshots/AMGN/AMGN_Weekly_20260630_054606.png
 create mode 100644 charts/screenshots/AMGN/AMGN_Weekly_20260701_060759.png
 delete mode 100644 charts/screenshots/AMZN/AMZN_1H_20260630_053850.png
 create mode 100644 charts/screenshots/AMZN/AMZN_1H_20260701_055851.png
 delete mode 100644 charts/screenshots/AMZN/AMZN_4H_20260630_053850.png
 create mode 100644 charts/screenshots/AMZN/AMZN_4H_20260701_055851.png
 delete mode 100644 charts/screenshots/AMZN/AMZN_Daily_20260630_053850.png
 create mode 100644 charts/screenshots/AMZN/AMZN_Daily_20260701_055851.png
 delete mode 100644 charts/screenshots/AMZN/AMZN_Monthly_20260630_053850.png
 create mode 100644 charts/screenshots/AMZN/AMZN_Monthly_20260701_055851.png
 delete mode 100644 charts/screenshots/AMZN/AMZN_Weekly_20260630_053850.png
 create mode 100644 charts/screenshots/AMZN/AMZN_Weekly_20260701_055851.png
 delete mode 100644 charts/screenshots/ANET/ANET_1H_20260630_053211.png
 create mode 100644 charts/screenshots/ANET/ANET_1H_20260701_054350.png
 delete mode 100644 charts/screenshots/ANET/ANET_4H_20260630_053211.png
 create mode 100644 charts/screenshots/ANET/ANET_4H_20260701_054350.png
 delete mode 100644 charts/screenshots/ANET/ANET_Daily_20260630_053211.png
 create mode 100644 charts/screenshots/ANET/ANET_Daily_20260701_054350.png
 delete mode 100644 charts/screenshots/ANET/ANET_Monthly_20260630_053211.png
 create mode 100644 charts/screenshots/ANET/ANET_Monthly_20260701_054350.png
 delete mode 100644 charts/screenshots/ANET/ANET_Weekly_20260630_053211.png
 create mode 100644 charts/screenshots/ANET/ANET_Weekly_20260701_054350.png
 delete mode 100644 charts/screenshots/APH/APH_1H_20260630_051502.png
 create mode 100644 charts/screenshots/APH/APH_1H_20260701_053639.png
 delete mode 100644 charts/screenshots/APH/APH_4H_20260630_051502.png
 create mode 100644 charts/screenshots/APH/APH_4H_20260701_053639.png
 delete mode 100644 charts/screenshots/APH/APH_Daily_20260630_051502.png
 create mode 100644 charts/screenshots/APH/APH_Daily_20260701_053639.png
 delete mode 100644 charts/screenshots/APH/APH_Monthly_20260630_051502.png
 create mode 100644 charts/screenshots/APH/APH_Monthly_20260701_053639.png
 delete mode 100644 charts/screenshots/APH/APH_Weekly_20260630_051502.png
 create mode 100644 charts/screenshots/APH/APH_Weekly_20260701_053639.png
 create mode 100644 charts/screenshots/APP/APP_1H_20260701_061627.png
 create mode 100644 charts/screenshots/APP/APP_4H_20260701_061627.png
 create mode 100644 charts/screenshots/APP/APP_Daily_20260701_061627.png
 create mode 100644 charts/screenshots/APP/APP_Monthly_20260701_061627.png
 create mode 100644 charts/screenshots/APP/APP_Weekly_20260701_061627.png
 delete mode 100644 charts/screenshots/ASML/ASML_1H_20260630_052219.png
 create mode 100644 charts/screenshots/ASML/ASML_1H_20260701_055457.png
 delete mode 100644 charts/screenshots/ASML/ASML_4H_20260630_052219.png
 create mode 100644 charts/screenshots/ASML/ASML_4H_20260701_055457.png
 delete mode 100644 charts/screenshots/ASML/ASML_Daily_20260630_052219.png
 create mode 100644 charts/screenshots/ASML/ASML_Daily_20260701_055457.png
 delete mode 100644 charts/screenshots/ASML/ASML_Monthly_20260630_052219.png
 create mode 100644 charts/screenshots/ASML/ASML_Monthly_20260701_055457.png
 delete mode 100644 charts/screenshots/ASML/ASML_Weekly_20260630_052219.png
 create mode 100644 charts/screenshots/ASML/ASML_Weekly_20260701_055457.png
 delete mode 100644 charts/screenshots/AVGO/AVGO_1H_20260630_055600.png
 create mode 100644 charts/screenshots/AVGO/AVGO_1H_20260701_061944.png
 delete mode 100644 charts/screenshots/AVGO/AVGO_4H_20260630_055600.png
 create mode 100644 charts/screenshots/AVGO/AVGO_4H_20260701_061944.png
 delete mode 100644 charts/screenshots/AVGO/AVGO_Daily_20260630_055600.png
 create mode 100644 charts/screenshots/AVGO/AVGO_Daily_20260701_061944.png
 delete mode 100644 charts/screenshots/AVGO/AVGO_Monthly_20260630_055600.png
 create mode 100644 charts/screenshots/AVGO/AVGO_Monthly_20260701_061944.png
 delete mode 100644 charts/screenshots/AVGO/AVGO_Weekly_20260630_055600.png
 create mode 100644 charts/screenshots/AVGO/AVGO_Weekly_20260701_061944.png
 delete mode 100644 charts/screenshots/AXP/AXP_1H_20260630_054009.png
 create mode 100644 charts/screenshots/AXP/AXP_1H_20260701_060839.png
 delete mode 100644 charts/screenshots/AXP/AXP_4H_20260630_054009.png
 create mode 100644 charts/screenshots/AXP/AXP_4H_20260701_060839.png
 delete mode 100644 charts/screenshots/AXP/AXP_Daily_20260630_054009.png
 create mode 100644 charts/screenshots/AXP/AXP_Daily_20260701_060839.png
 delete mode 100644 charts/screenshots/AXP/AXP_Monthly_20260630_054009.png
 create mode 100644 charts/screenshots/AXP/AXP_Monthly_20260701_060839.png
 delete mode 100644 charts/screenshots/AXP/AXP_Weekly_20260630_054009.png
 create mode 100644 charts/screenshots/AXP/AXP_Weekly_20260701_060839.png
 delete mode 100644 charts/screenshots/BAC/BAC_1H_20260630_051542.png
 create mode 100644 charts/screenshots/BAC/BAC_1H_20260701_053122.png
 delete mode 100644 charts/screenshots/BAC/BAC_4H_20260630_051542.png
 create mode 100644 charts/screenshots/BAC/BAC_4H_20260701_053122.png
 delete mode 100644 charts/screenshots/BAC/BAC_Daily_20260630_051542.png
 create mode 100644 charts/screenshots/BAC/BAC_Daily_20260701_053122.png
 delete mode 100644 charts/screenshots/BAC/BAC_Monthly_20260630_051542.png
 create mode 100644 charts/screenshots/BAC/BAC_Monthly_20260701_053122.png
 delete mode 100644 charts/screenshots/BAC/BAC_Weekly_20260630_051542.png
 create mode 100644 charts/screenshots/BAC/BAC_Weekly_20260701_053122.png
 delete mode 100644 charts/screenshots/BRK-B/BRK-B_1H_20260630_055201.png
 create mode 100644 charts/screenshots/BRK-B/BRK-B_1H_20260701_055221.png
 delete mode 100644 charts/screenshots/BRK-B/BRK-B_4H_20260630_055201.png
 create mode 100644 charts/screenshots/BRK-B/BRK-B_4H_20260701_055221.png
 delete mode 100644 charts/screenshots/BRK-B/BRK-B_Daily_20260630_055201.png
 create mode 100644 charts/screenshots/BRK-B/BRK-B_Daily_20260701_055221.png
 delete mode 100644 charts/screenshots/BRK-B/BRK-B_Monthly_20260630_055201.png
 create mode 100644 charts/screenshots/BRK-B/BRK-B_Monthly_20260701_055221.png
 delete mode 100644 charts/screenshots/BRK-B/BRK-B_Weekly_20260630_055201.png
 create mode 100644 charts/screenshots/BRK-B/BRK-B_Weekly_20260701_055221.png
 delete mode 100644 charts/screenshots/BSX/BSX_1H_20260630_055837.png
 create mode 100644 charts/screenshots/BSX/BSX_1H_20260701_061826.png
 delete mode 100644 charts/screenshots/BSX/BSX_4H_20260630_055837.png
 create mode 100644 charts/screenshots/BSX/BSX_4H_20260701_061826.png
 delete mode 100644 charts/screenshots/BSX/BSX_Daily_20260630_055837.png
 create mode 100644 charts/screenshots/BSX/BSX_Daily_20260701_061826.png
 delete mode 100644 charts/screenshots/BSX/BSX_Monthly_20260630_055837.png
 create mode 100644 charts/screenshots/BSX/BSX_Monthly_20260701_061826.png
 delete mode 100644 charts/screenshots/BSX/BSX_Weekly_20260630_055837.png
 create mode 100644 charts/screenshots/BSX/BSX_Weekly_20260701_061826.png
 delete mode 100644 charts/screenshots/C/C_1H_20260630_051622.png
 create mode 100644 charts/screenshots/C/C_1H_20260701_053002.png
 delete mode 100644 charts/screenshots/C/C_4H_20260630_051622.png
 create mode 100644 charts/screenshots/C/C_4H_20260701_053002.png
 delete mode 100644 charts/screenshots/C/C_Daily_20260630_051622.png
 create mode 100644 charts/screenshots/C/C_Daily_20260701_053002.png
 delete mode 100644 charts/screenshots/C/C_Monthly_20260630_051622.png
 create mode 100644 charts/screenshots/C/C_Monthly_20260701_053002.png
 delete mode 100644 charts/screenshots/C/C_Weekly_20260630_051622.png
 create mode 100644 charts/screenshots/C/C_Weekly_20260701_053002.png
 delete mode 100644 charts/screenshots/CAT/CAT_1H_20260630_051027.png
 create mode 100644 charts/screenshots/CAT/CAT_1H_20260701_053916.png
 delete mode 100644 charts/screenshots/CAT/CAT_4H_20260630_051027.png
 create mode 100644 charts/screenshots/CAT/CAT_4H_20260701_053916.png
 delete mode 100644 charts/screenshots/CAT/CAT_Daily_20260630_051027.png
 create mode 100644 charts/screenshots/CAT/CAT_Daily_20260701_053916.png
 delete mode 100644 charts/screenshots/CAT/CAT_Monthly_20260630_051027.png
 create mode 100644 charts/screenshots/CAT/CAT_Monthly_20260701_053916.png
 delete mode 100644 charts/screenshots/CAT/CAT_Weekly_20260630_051027.png
 create mode 100644 charts/screenshots/CAT/CAT_Weekly_20260701_053916.png
 delete mode 100644 charts/screenshots/CDNS/CDNS_1H_20260630_054526.png
 create mode 100644 charts/screenshots/CDNS/CDNS_1H_20260701_061509.png
 delete mode 100644 charts/screenshots/CDNS/CDNS_4H_20260630_054526.png
 create mode 100644 charts/screenshots/CDNS/CDNS_4H_20260701_061509.png
 delete mode 100644 charts/screenshots/CDNS/CDNS_Daily_20260630_054526.png
 create mode 100644 charts/screenshots/CDNS/CDNS_Daily_20260701_061509.png
 delete mode 100644 charts/screenshots/CDNS/CDNS_Monthly_20260630_054526.png
 create mode 100644 charts/screenshots/CDNS/CDNS_Monthly_20260701_061509.png
 delete mode 100644 charts/screenshots/CDNS/CDNS_Weekly_20260630_054526.png
 create mode 100644 charts/screenshots/CDNS/CDNS_Weekly_20260701_061509.png
 create mode 100644 charts/screenshots/CEG/CEG_1H_20260701_061904.png
 create mode 100644 charts/screenshots/CEG/CEG_4H_20260701_061904.png
 create mode 100644 charts/screenshots/CEG/CEG_Daily_20260701_061904.png
 create mode 100644 charts/screenshots/CEG/CEG_Monthly_20260701_061904.png
 create mode 100644 charts/screenshots/CEG/CEG_Weekly_20260701_061904.png
 delete mode 100644 charts/screenshots/CMI/CMI_1H_20260630_054327.png
 create mode 100644 charts/screenshots/CMI/CMI_1H_20260701_055654.png
 delete mode 100644 charts/screenshots/CMI/CMI_4H_20260630_054327.png
 create mode 100644 charts/screenshots/CMI/CMI_4H_20260701_055654.png
 delete mode 100644 charts/screenshots/CMI/CMI_Daily_20260630_054327.png
 create mode 100644 charts/screenshots/CMI/CMI_Daily_20260701_055654.png
 delete mode 100644 charts/screenshots/CMI/CMI_Monthly_20260630_054327.png
 create mode 100644 charts/screenshots/CMI/CMI_Monthly_20260701_055654.png
 delete mode 100644 charts/screenshots/CMI/CMI_Weekly_20260630_054327.png
 create mode 100644 charts/screenshots/CMI/CMI_Weekly_20260701_055654.png
 delete mode 100644 charts/screenshots/COIN/COIN_1H_20260630_060035.png
 create mode 100644 charts/screenshots/COIN/COIN_1H_20260701_062301.png
 delete mode 100644 charts/screenshots/COIN/COIN_4H_20260630_060035.png
 create mode 100644 charts/screenshots/COIN/COIN_4H_20260701_062301.png
 delete mode 100644 charts/screenshots/COIN/COIN_Daily_20260630_060035.png
 create mode 100644 charts/screenshots/COIN/COIN_Daily_20260701_062301.png
 delete mode 100644 charts/screenshots/COIN/COIN_Monthly_20260630_060035.png
 create mode 100644 charts/screenshots/COIN/COIN_Monthly_20260701_062301.png
 delete mode 100644 charts/screenshots/COIN/COIN_Weekly_20260630_060035.png
 create mode 100644 charts/screenshots/COIN/COIN_Weekly_20260701_062301.png
 delete mode 100644 charts/screenshots/CRWD/CRWD_1H_20260630_051702.png
 create mode 100644 charts/screenshots/CRWD/CRWD_1H_20260701_060720.png
 delete mode 100644 charts/screenshots/CRWD/CRWD_4H_20260630_051702.png
 create mode 100644 charts/screenshots/CRWD/CRWD_4H_20260701_060720.png
 delete mode 100644 charts/screenshots/CRWD/CRWD_Daily_20260630_051702.png
 create mode 100644 charts/screenshots/CRWD/CRWD_Daily_20260701_060720.png
 delete mode 100644 charts/screenshots/CRWD/CRWD_Monthly_20260630_051702.png
 create mode 100644 charts/screenshots/CRWD/CRWD_Monthly_20260701_060720.png
 delete mode 100644 charts/screenshots/CRWD/CRWD_Weekly_20260630_051702.png
 create mode 100644 charts/screenshots/CRWD/CRWD_Weekly_20260701_060720.png
 delete mode 100644 charts/screenshots/CSCO/CSCO_1H_20260630_053731.png
 create mode 100644 charts/screenshots/CSCO/CSCO_1H_20260701_055930.png
 delete mode 100644 charts/screenshots/CSCO/CSCO_4H_20260630_053731.png
 create mode 100644 charts/screenshots/CSCO/CSCO_4H_20260701_055930.png
 delete mode 100644 charts/screenshots/CSCO/CSCO_Daily_20260630_053731.png
 create mode 100644 charts/screenshots/CSCO/CSCO_Daily_20260701_055930.png
 delete mode 100644 charts/screenshots/CSCO/CSCO_Monthly_20260630_053731.png
 create mode 100644 charts/screenshots/CSCO/CSCO_Monthly_20260701_055930.png
 delete mode 100644 charts/screenshots/CSCO/CSCO_Weekly_20260630_053731.png
 create mode 100644 charts/screenshots/CSCO/CSCO_Weekly_20260701_055930.png
 delete mode 100644 charts/screenshots/CVS/CVS_1H_20260630_051226.png
 create mode 100644 charts/screenshots/CVS/CVS_1H_20260701_053201.png
 delete mode 100644 charts/screenshots/CVS/CVS_4H_20260630_051226.png
 create mode 100644 charts/screenshots/CVS/CVS_4H_20260701_053201.png
 delete mode 100644 charts/screenshots/CVS/CVS_Daily_20260630_051226.png
 create mode 100644 charts/screenshots/CVS/CVS_Daily_20260701_053201.png
 delete mode 100644 charts/screenshots/CVS/CVS_Monthly_20260630_051226.png
 create mode 100644 charts/screenshots/CVS/CVS_Monthly_20260701_053201.png
 delete mode 100644 charts/screenshots/CVS/CVS_Weekly_20260630_051226.png
 create mode 100644 charts/screenshots/CVS/CVS_Weekly_20260701_053201.png
 create mode 100644 charts/screenshots/CVX/CVX_1H_20260701_062022.png
 create mode 100644 charts/screenshots/CVX/CVX_4H_20260701_062022.png
 create mode 100644 charts/screenshots/CVX/CVX_Daily_20260701_062022.png
 create mode 100644 charts/screenshots/CVX/CVX_Monthly_20260701_062022.png
 create mode 100644 charts/screenshots/CVX/CVX_Weekly_20260701_062022.png
 delete mode 100644 charts/screenshots/DDOG/DDOG_1H_20260630_052258.png
 create mode 100644 charts/screenshots/DDOG/DDOG_1H_20260701_060324.png
 delete mode 100644 charts/screenshots/DDOG/DDOG_4H_20260630_052258.png
 create mode 100644 charts/screenshots/DDOG/DDOG_4H_20260701_060324.png
 delete mode 100644 charts/screenshots/DDOG/DDOG_Daily_20260630_052258.png
 create mode 100644 charts/screenshots/DDOG/DDOG_Daily_20260701_060324.png
 delete mode 100644 charts/screenshots/DDOG/DDOG_Monthly_20260630_052258.png
 create mode 100644 charts/screenshots/DDOG/DDOG_Monthly_20260701_060324.png
 delete mode 100644 charts/screenshots/DDOG/DDOG_Weekly_20260630_052258.png
 create mode 100644 charts/screenshots/DDOG/DDOG_Weekly_20260701_060324.png
 delete mode 100644 charts/screenshots/DE/DE_1H_20260630_052816.png
 create mode 100644 charts/screenshots/DE/DE_1H_20260701_052923.png
 delete mode 100644 charts/screenshots/DE/DE_4H_20260630_052816.png
 create mode 100644 charts/screenshots/DE/DE_4H_20260701_052923.png
 delete mode 100644 charts/screenshots/DE/DE_Daily_20260630_052816.png
 create mode 100644 charts/screenshots/DE/DE_Daily_20260701_052923.png
 delete mode 100644 charts/screenshots/DE/DE_Monthly_20260630_052816.png
 create mode 100644 charts/screenshots/DE/DE_Monthly_20260701_052923.png
 delete mode 100644 charts/screenshots/DE/DE_Weekly_20260630_052816.png
 create mode 100644 charts/screenshots/DE/DE_Weekly_20260701_052923.png
 delete mode 100644 charts/screenshots/DELL/DELL_1H_20260630_051742.png
 create mode 100644 charts/screenshots/DELL/DELL_1H_20260701_060245.png
 delete mode 100644 charts/screenshots/DELL/DELL_4H_20260630_051742.png
 create mode 100644 charts/screenshots/DELL/DELL_4H_20260701_060245.png
 delete mode 100644 charts/screenshots/DELL/DELL_Daily_20260630_051742.png
 create mode 100644 charts/screenshots/DELL/DELL_Daily_20260701_060245.png
 delete mode 100644 charts/screenshots/DELL/DELL_Monthly_20260630_051742.png
 create mode 100644 charts/screenshots/DELL/DELL_Monthly_20260701_060245.png
 delete mode 100644 charts/screenshots/DELL/DELL_Weekly_20260630_051742.png
 create mode 100644 charts/screenshots/DELL/DELL_Weekly_20260701_060245.png
 delete mode 100644 charts/screenshots/ETN/ETN_1H_20260630_054050.png
 create mode 100644 charts/screenshots/ETN/ETN_1H_20260701_060009.png
 delete mode 100644 charts/screenshots/ETN/ETN_4H_20260630_054050.png
 create mode 100644 charts/screenshots/ETN/ETN_4H_20260701_060009.png
 delete mode 100644 charts/screenshots/ETN/ETN_Daily_20260630_054050.png
 create mode 100644 charts/screenshots/ETN/ETN_Daily_20260701_060009.png
 delete mode 100644 charts/screenshots/ETN/ETN_Monthly_20260630_054050.png
 create mode 100644 charts/screenshots/ETN/ETN_Monthly_20260701_060009.png
 delete mode 100644 charts/screenshots/ETN/ETN_Weekly_20260630_054050.png
 create mode 100644 charts/screenshots/ETN/ETN_Weekly_20260701_060009.png
 delete mode 100644 charts/screenshots/FCX/FCX_1H_20260630_055639.png
 create mode 100644 charts/screenshots/FCX/FCX_1H_20260701_060404.png
 delete mode 100644 charts/screenshots/FCX/FCX_4H_20260630_055639.png
 create mode 100644 charts/screenshots/FCX/FCX_4H_20260701_060404.png
 delete mode 100644 charts/screenshots/FCX/FCX_Daily_20260630_055639.png
 create mode 100644 charts/screenshots/FCX/FCX_Daily_20260701_060404.png
 delete mode 100644 charts/screenshots/FCX/FCX_Monthly_20260630_055639.png
 create mode 100644 charts/screenshots/FCX/FCX_Monthly_20260701_060404.png
 delete mode 100644 charts/screenshots/FCX/FCX_Weekly_20260630_055639.png
 create mode 100644 charts/screenshots/FCX/FCX_Weekly_20260701_060404.png
 delete mode 100644 charts/screenshots/FTNT/FTNT_1H_20260630_052538.png
 create mode 100644 charts/screenshots/FTNT/FTNT_1H_20260701_053440.png
 delete mode 100644 charts/screenshots/FTNT/FTNT_4H_20260630_052538.png
 create mode 100644 charts/screenshots/FTNT/FTNT_4H_20260701_053440.png
 delete mode 100644 charts/screenshots/FTNT/FTNT_Daily_20260630_052538.png
 create mode 100644 charts/screenshots/FTNT/FTNT_Daily_20260701_053440.png
 delete mode 100644 charts/screenshots/FTNT/FTNT_Monthly_20260630_052538.png
 create mode 100644 charts/screenshots/FTNT/FTNT_Monthly_20260701_053440.png
 delete mode 100644 charts/screenshots/FTNT/FTNT_Weekly_20260630_052538.png
 create mode 100644 charts/screenshots/FTNT/FTNT_Weekly_20260701_053440.png
 delete mode 100644 charts/screenshots/GE/GE_1H_20260630_050947.png
 create mode 100644 charts/screenshots/GE/GE_1H_20260701_053042.png
 delete mode 100644 charts/screenshots/GE/GE_4H_20260630_050947.png
 create mode 100644 charts/screenshots/GE/GE_4H_20260701_053042.png
 delete mode 100644 charts/screenshots/GE/GE_Daily_20260630_050947.png
 create mode 100644 charts/screenshots/GE/GE_Daily_20260701_053042.png
 delete mode 100644 charts/screenshots/GE/GE_Monthly_20260630_050947.png
 create mode 100644 charts/screenshots/GE/GE_Monthly_20260701_053042.png
 delete mode 100644 charts/screenshots/GE/GE_Weekly_20260630_050947.png
 create mode 100644 charts/screenshots/GE/GE_Weekly_20260701_053042.png
 delete mode 100644 charts/screenshots/GEV/GEV_1H_20260630_050826.png
 create mode 100644 charts/screenshots/GEV/GEV_1H_20260701_054747.png
 delete mode 100644 charts/screenshots/GEV/GEV_4H_20260630_050826.png
 create mode 100644 charts/screenshots/GEV/GEV_4H_20260701_054747.png
 delete mode 100644 charts/screenshots/GEV/GEV_Daily_20260630_050826.png
 create mode 100644 charts/screenshots/GEV/GEV_Daily_20260701_054747.png
 delete mode 100644 charts/screenshots/GEV/GEV_Monthly_20260630_050826.png
 create mode 100644 charts/screenshots/GEV/GEV_Monthly_20260701_054747.png
 delete mode 100644 charts/screenshots/GEV/GEV_Weekly_20260630_050826.png
 create mode 100644 charts/screenshots/GEV/GEV_Weekly_20260701_054747.png
 delete mode 100644 charts/screenshots/GLW/GLW_1H_20260630_053411.png
 create mode 100644 charts/screenshots/GLW/GLW_1H_20260701_055615.png
 delete mode 100644 charts/screenshots/GLW/GLW_4H_20260630_053411.png
 create mode 100644 charts/screenshots/GLW/GLW_4H_20260701_055615.png
 delete mode 100644 charts/screenshots/GLW/GLW_Daily_20260630_053411.png
 create mode 100644 charts/screenshots/GLW/GLW_Daily_20260701_055615.png
 delete mode 100644 charts/screenshots/GLW/GLW_Monthly_20260630_053411.png
 create mode 100644 charts/screenshots/GLW/GLW_Monthly_20260701_055615.png
 delete mode 100644 charts/screenshots/GLW/GLW_Weekly_20260630_053411.png
 create mode 100644 charts/screenshots/GLW/GLW_Weekly_20260701_055615.png
 delete mode 100644 charts/screenshots/GOOG/GOOG_1H_20260630_055402.png
 create mode 100644 charts/screenshots/GOOG/GOOG_1H_20260701_060522.png
 delete mode 100644 charts/screenshots/GOOG/GOOG_4H_20260630_055402.png
 create mode 100644 charts/screenshots/GOOG/GOOG_4H_20260701_060522.png
 delete mode 100644 charts/screenshots/GOOG/GOOG_Daily_20260630_055402.png
 create mode 100644 charts/screenshots/GOOG/GOOG_Daily_20260701_060522.png
 delete mode 100644 charts/screenshots/GOOG/GOOG_Monthly_20260630_055402.png
 create mode 100644 charts/screenshots/GOOG/GOOG_Monthly_20260701_060522.png
 delete mode 100644 charts/screenshots/GOOG/GOOG_Weekly_20260630_055402.png
 create mode 100644 charts/screenshots/GOOG/GOOG_Weekly_20260701_060522.png
 delete mode 100644 charts/screenshots/GOOGL/GOOGL_1H_20260630_054129.png
 create mode 100644 charts/screenshots/GOOGL/GOOGL_1H_20260701_060601.png
 delete mode 100644 charts/screenshots/GOOGL/GOOGL_4H_20260630_054129.png
 create mode 100644 charts/screenshots/GOOGL/GOOGL_4H_20260701_060601.png
 delete mode 100644 charts/screenshots/GOOGL/GOOGL_Daily_20260630_054129.png
 create mode 100644 charts/screenshots/GOOGL/GOOGL_Daily_20260701_060601.png
 delete mode 100644 charts/screenshots/GOOGL/GOOGL_Monthly_20260630_054129.png
 create mode 100644 charts/screenshots/GOOGL/GOOGL_Monthly_20260701_060601.png
 delete mode 100644 charts/screenshots/GOOGL/GOOGL_Weekly_20260630_054129.png
 create mode 100644 charts/screenshots/GOOGL/GOOGL_Weekly_20260701_060601.png
 delete mode 100644 charts/screenshots/GS/GS_1H_20260630_053650.png
 create mode 100644 charts/screenshots/GS/GS_1H_20260701_060207.png
 delete mode 100644 charts/screenshots/GS/GS_4H_20260630_053650.png
 create mode 100644 charts/screenshots/GS/GS_4H_20260701_060207.png
 delete mode 100644 charts/screenshots/GS/GS_Daily_20260630_053650.png
 create mode 100644 charts/screenshots/GS/GS_Daily_20260701_060207.png
 delete mode 100644 charts/screenshots/GS/GS_Monthly_20260630_053650.png
 create mode 100644 charts/screenshots/GS/GS_Monthly_20260701_060207.png
 delete mode 100644 charts/screenshots/GS/GS_Weekly_20260630_053650.png
 create mode 100644 charts/screenshots/GS/GS_Weekly_20260701_060207.png
 delete mode 100644 charts/screenshots/HD/HD_1H_20260630_055242.png
 create mode 100644 charts/screenshots/HD/HD_1H_20260701_060956.png
 delete mode 100644 charts/screenshots/HD/HD_4H_20260630_055242.png
 create mode 100644 charts/screenshots/HD/HD_4H_20260701_060956.png
 delete mode 100644 charts/screenshots/HD/HD_Daily_20260630_055242.png
 create mode 100644 charts/screenshots/HD/HD_Daily_20260701_060956.png
 delete mode 100644 charts/screenshots/HD/HD_Monthly_20260630_055242.png
 create mode 100644 charts/screenshots/HD/HD_Monthly_20260701_060956.png
 delete mode 100644 charts/screenshots/HD/HD_Weekly_20260630_055242.png
 create mode 100644 charts/screenshots/HD/HD_Weekly_20260701_060956.png
 delete mode 100644 charts/screenshots/HON/HON_1H_20260630_050906.png
 create mode 100644 charts/screenshots/HON/HON_1H_20260701_060049.png
 delete mode 100644 charts/screenshots/HON/HON_4H_20260630_050906.png
 create mode 100644 charts/screenshots/HON/HON_4H_20260701_060049.png
 delete mode 100644 charts/screenshots/HON/HON_Daily_20260630_050906.png
 create mode 100644 charts/screenshots/HON/HON_Daily_20260701_060049.png
 delete mode 100644 charts/screenshots/HON/HON_Monthly_20260630_050906.png
 create mode 100644 charts/screenshots/HON/HON_Monthly_20260701_060049.png
 delete mode 100644 charts/screenshots/HON/HON_Weekly_20260630_050906.png
 create mode 100644 charts/screenshots/HON/HON_Weekly_20260701_060049.png
 delete mode 100644 charts/screenshots/HOOD/HOOD_1H_20260630_053251.png
 create mode 100644 charts/screenshots/HOOD/HOOD_1H_20260701_055301.png
 delete mode 100644 charts/screenshots/HOOD/HOOD_4H_20260630_053251.png
 create mode 100644 charts/screenshots/HOOD/HOOD_4H_20260701_055301.png
 delete mode 100644 charts/screenshots/HOOD/HOOD_Daily_20260630_053251.png
 create mode 100644 charts/screenshots/HOOD/HOOD_Daily_20260701_055301.png
 delete mode 100644 charts/screenshots/HOOD/HOOD_Monthly_20260630_053251.png
 create mode 100644 charts/screenshots/HOOD/HOOD_Monthly_20260701_055301.png
 delete mode 100644 charts/screenshots/HOOD/HOOD_Weekly_20260630_053251.png
 create mode 100644 charts/screenshots/HOOD/HOOD_Weekly_20260701_055301.png
 delete mode 100644 charts/screenshots/HPE/HPE_1H_20260630_051107.png
 create mode 100644 charts/screenshots/HPE/HPE_1H_20260701_055023.png
 delete mode 100644 charts/screenshots/HPE/HPE_4H_20260630_051107.png
 create mode 100644 charts/screenshots/HPE/HPE_4H_20260701_055023.png
 delete mode 100644 charts/screenshots/HPE/HPE_Daily_20260630_051107.png
 create mode 100644 charts/screenshots/HPE/HPE_Daily_20260701_055023.png
 delete mode 100644 charts/screenshots/HPE/HPE_Monthly_20260630_051107.png
 create mode 100644 charts/screenshots/HPE/HPE_Monthly_20260701_055023.png
 delete mode 100644 charts/screenshots/HPE/HPE_Weekly_20260630_051107.png
 create mode 100644 charts/screenshots/HPE/HPE_Weekly_20260701_055023.png
 delete mode 100644 charts/screenshots/HWM/HWM_1H_20260630_052059.png
 create mode 100644 charts/screenshots/HWM/HWM_1H_20260701_054549.png
 delete mode 100644 charts/screenshots/HWM/HWM_4H_20260630_052059.png
 create mode 100644 charts/screenshots/HWM/HWM_4H_20260701_054549.png
 delete mode 100644 charts/screenshots/HWM/HWM_Daily_20260630_052059.png
 create mode 100644 charts/screenshots/HWM/HWM_Daily_20260701_054549.png
 delete mode 100644 charts/screenshots/HWM/HWM_Monthly_20260630_052059.png
 create mode 100644 charts/screenshots/HWM/HWM_Monthly_20260701_054549.png
 delete mode 100644 charts/screenshots/HWM/HWM_Weekly_20260630_052059.png
 create mode 100644 charts/screenshots/HWM/HWM_Weekly_20260701_054549.png
 delete mode 100644 charts/screenshots/INTC/INTC_1H_20260630_051822.png
 create mode 100644 charts/screenshots/INTC/INTC_1H_20260701_053520.png
 delete mode 100644 charts/screenshots/INTC/INTC_4H_20260630_051822.png
 create mode 100644 charts/screenshots/INTC/INTC_4H_20260701_053520.png
 delete mode 100644 charts/screenshots/INTC/INTC_Daily_20260630_051822.png
 create mode 100644 charts/screenshots/INTC/INTC_Daily_20260701_053520.png
 delete mode 100644 charts/screenshots/INTC/INTC_Monthly_20260630_051822.png
 create mode 100644 charts/screenshots/INTC/INTC_Monthly_20260701_053520.png
 delete mode 100644 charts/screenshots/INTC/INTC_Weekly_20260630_051822.png
 create mode 100644 charts/screenshots/INTC/INTC_Weekly_20260701_053520.png
 delete mode 100644 charts/screenshots/INTU/INTU_1H_20260630_060115.png
 create mode 100644 charts/screenshots/INTU/INTU_1H_20260701_062340.png
 delete mode 100644 charts/screenshots/INTU/INTU_4H_20260630_060115.png
 create mode 100644 charts/screenshots/INTU/INTU_4H_20260701_062340.png
 delete mode 100644 charts/screenshots/INTU/INTU_Daily_20260630_060115.png
 create mode 100644 charts/screenshots/INTU/INTU_Daily_20260701_062340.png
 delete mode 100644 charts/screenshots/INTU/INTU_Monthly_20260630_060115.png
 create mode 100644 charts/screenshots/INTU/INTU_Monthly_20260701_062340.png
 delete mode 100644 charts/screenshots/INTU/INTU_Weekly_20260630_060115.png
 create mode 100644 charts/screenshots/INTU/INTU_Weekly_20260701_062340.png
 delete mode 100644 charts/screenshots/IWM/IWM_1H_20260630_052736.png
 create mode 100644 charts/screenshots/IWM/IWM_1H_20260701_054629.png
 delete mode 100644 charts/screenshots/IWM/IWM_4H_20260630_052736.png
 create mode 100644 charts/screenshots/IWM/IWM_4H_20260701_054629.png
 delete mode 100644 charts/screenshots/IWM/IWM_Daily_20260630_052736.png
 create mode 100644 charts/screenshots/IWM/IWM_Daily_20260701_054629.png
 delete mode 100644 charts/screenshots/IWM/IWM_Monthly_20260630_052736.png
 create mode 100644 charts/screenshots/IWM/IWM_Monthly_20260701_054629.png
 delete mode 100644 charts/screenshots/IWM/IWM_Weekly_20260630_052736.png
 create mode 100644 charts/screenshots/IWM/IWM_Weekly_20260701_054629.png
 delete mode 100644 charts/screenshots/JNJ/JNJ_1H_20260630_053053.png
 create mode 100644 charts/screenshots/JNJ/JNJ_1H_20260701_054034.png
 delete mode 100644 charts/screenshots/JNJ/JNJ_4H_20260630_053053.png
 create mode 100644 charts/screenshots/JNJ/JNJ_4H_20260701_054034.png
 delete mode 100644 charts/screenshots/JNJ/JNJ_Daily_20260630_053053.png
 create mode 100644 charts/screenshots/JNJ/JNJ_Daily_20260701_054034.png
 delete mode 100644 charts/screenshots/JNJ/JNJ_Monthly_20260630_053053.png
 create mode 100644 charts/screenshots/JNJ/JNJ_Monthly_20260701_054034.png
 delete mode 100644 charts/screenshots/JNJ/JNJ_Weekly_20260630_053053.png
 create mode 100644 charts/screenshots/JNJ/JNJ_Weekly_20260701_054034.png
 delete mode 100644 charts/screenshots/JPM/JPM_1H_20260630_051901.png
 create mode 100644 charts/screenshots/JPM/JPM_1H_20260701_053241.png
 delete mode 100644 charts/screenshots/JPM/JPM_4H_20260630_051901.png
 create mode 100644 charts/screenshots/JPM/JPM_4H_20260701_053241.png
 delete mode 100644 charts/screenshots/JPM/JPM_Daily_20260630_051901.png
 create mode 100644 charts/screenshots/JPM/JPM_Daily_20260701_053241.png
 delete mode 100644 charts/screenshots/JPM/JPM_Monthly_20260630_051901.png
 create mode 100644 charts/screenshots/JPM/JPM_Monthly_20260701_053241.png
 delete mode 100644 charts/screenshots/JPM/JPM_Weekly_20260630_051901.png
 create mode 100644 charts/screenshots/JPM/JPM_Weekly_20260701_053241.png
 delete mode 100644 charts/screenshots/KLAC/KLAC_1H_20260630_051941.png
 create mode 100644 charts/screenshots/KLAC/KLAC_1H_20260701_054510.png
 delete mode 100644 charts/screenshots/KLAC/KLAC_4H_20260630_051941.png
 create mode 100644 charts/screenshots/KLAC/KLAC_4H_20260701_054510.png
 delete mode 100644 charts/screenshots/KLAC/KLAC_Daily_20260630_051941.png
 create mode 100644 charts/screenshots/KLAC/KLAC_Daily_20260701_054510.png
 delete mode 100644 charts/screenshots/KLAC/KLAC_Monthly_20260630_051941.png
 create mode 100644 charts/screenshots/KLAC/KLAC_Monthly_20260701_054510.png
 delete mode 100644 charts/screenshots/KLAC/KLAC_Weekly_20260630_051941.png
 create mode 100644 charts/screenshots/KLAC/KLAC_Weekly_20260701_054510.png
 delete mode 100644 charts/screenshots/KO/KO_1H_20260630_052935.png
 create mode 100644 charts/screenshots/KO/KO_1H_20260701_055103.png
 delete mode 100644 charts/screenshots/KO/KO_4H_20260630_052935.png
 create mode 100644 charts/screenshots/KO/KO_4H_20260701_055103.png
 delete mode 100644 charts/screenshots/KO/KO_Daily_20260630_052935.png
 create mode 100644 charts/screenshots/KO/KO_Daily_20260701_055103.png
 delete mode 100644 charts/screenshots/KO/KO_Monthly_20260630_052935.png
 create mode 100644 charts/screenshots/KO/KO_Monthly_20260701_055103.png
 delete mode 100644 charts/screenshots/KO/KO_Weekly_20260630_052935.png
 create mode 100644 charts/screenshots/KO/KO_Weekly_20260701_055103.png
 delete mode 100644 charts/screenshots/LIN/LIN_1H_20260630_054646.png
 create mode 100644 charts/screenshots/LIN/LIN_1H_20260701_060918.png
 delete mode 100644 charts/screenshots/LIN/LIN_4H_20260630_054646.png
 create mode 100644 charts/screenshots/LIN/LIN_4H_20260701_060918.png
 delete mode 100644 charts/screenshots/LIN/LIN_Daily_20260630_054646.png
 create mode 100644 charts/screenshots/LIN/LIN_Daily_20260701_060918.png
 delete mode 100644 charts/screenshots/LIN/LIN_Monthly_20260630_054646.png
 create mode 100644 charts/screenshots/LIN/LIN_Monthly_20260701_060918.png
 delete mode 100644 charts/screenshots/LIN/LIN_Weekly_20260630_054646.png
 create mode 100644 charts/screenshots/LIN/LIN_Weekly_20260701_060918.png
 delete mode 100644 charts/screenshots/LLY/LLY_1H_20260630_052617.png
 create mode 100644 charts/screenshots/LLY/LLY_1H_20260701_053600.png
 delete mode 100644 charts/screenshots/LLY/LLY_4H_20260630_052617.png
 create mode 100644 charts/screenshots/LLY/LLY_4H_20260701_053600.png
 delete mode 100644 charts/screenshots/LLY/LLY_Daily_20260630_052617.png
 create mode 100644 charts/screenshots/LLY/LLY_Daily_20260701_053600.png
 delete mode 100644 charts/screenshots/LLY/LLY_Monthly_20260630_052617.png
 create mode 100644 charts/screenshots/LLY/LLY_Monthly_20260701_053600.png
 delete mode 100644 charts/screenshots/LLY/LLY_Weekly_20260630_052617.png
 create mode 100644 charts/screenshots/LLY/LLY_Weekly_20260701_053600.png
 delete mode 100644 charts/screenshots/LRCX/LRCX_1H_20260630_052020.png
 create mode 100644 charts/screenshots/LRCX/LRCX_1H_20260701_053718.png
 delete mode 100644 charts/screenshots/LRCX/LRCX_4H_20260630_052020.png
 create mode 100644 charts/screenshots/LRCX/LRCX_4H_20260701_053718.png
 delete mode 100644 charts/screenshots/LRCX/LRCX_Daily_20260630_052020.png
 create mode 100644 charts/screenshots/LRCX/LRCX_Daily_20260701_053718.png
 delete mode 100644 charts/screenshots/LRCX/LRCX_Monthly_20260630_052020.png
 create mode 100644 charts/screenshots/LRCX/LRCX_Monthly_20260701_053718.png
 delete mode 100644 charts/screenshots/LRCX/LRCX_Weekly_20260630_052020.png
 create mode 100644 charts/screenshots/LRCX/LRCX_Weekly_20260701_053718.png
 delete mode 100644 charts/screenshots/LRN/LRN_1H_20260630_060714.png
 create mode 100644 charts/screenshots/LRN/LRN_1H_20260701_062539.png
 delete mode 100644 charts/screenshots/LRN/LRN_4H_20260630_060714.png
 create mode 100644 charts/screenshots/LRN/LRN_4H_20260701_062539.png
 delete mode 100644 charts/screenshots/LRN/LRN_Daily_20260630_060714.png
 create mode 100644 charts/screenshots/LRN/LRN_Daily_20260701_062539.png
 delete mode 100644 charts/screenshots/LRN/LRN_Monthly_20260630_060714.png
 create mode 100644 charts/screenshots/LRN/LRN_Monthly_20260701_062539.png
 delete mode 100644 charts/screenshots/LRN/LRN_Weekly_20260630_060714.png
 create mode 100644 charts/screenshots/LRN/LRN_Weekly_20260701_062539.png
 delete mode 100644 charts/screenshots/MCHP/MCHP_1H_20260630_055121.png
 create mode 100644 charts/screenshots/MCHP/MCHP_1H_20260701_054826.png
 delete mode 100644 charts/screenshots/MCHP/MCHP_4H_20260630_055121.png
 create mode 100644 charts/screenshots/MCHP/MCHP_4H_20260701_054826.png
 delete mode 100644 charts/screenshots/MCHP/MCHP_Daily_20260630_055121.png
 create mode 100644 charts/screenshots/MCHP/MCHP_Daily_20260701_054826.png
 delete mode 100644 charts/screenshots/MCHP/MCHP_Monthly_20260630_055121.png
 create mode 100644 charts/screenshots/MCHP/MCHP_Monthly_20260701_054826.png
 delete mode 100644 charts/screenshots/MCHP/MCHP_Weekly_20260630_055121.png
 create mode 100644 charts/screenshots/MCHP/MCHP_Weekly_20260701_054826.png
 create mode 100644 charts/screenshots/MPWR/MPWR_1H_20260701_061232.png
 create mode 100644 charts/screenshots/MPWR/MPWR_4H_20260701_061232.png
 create mode 100644 charts/screenshots/MPWR/MPWR_Daily_20260701_061232.png
 create mode 100644 charts/screenshots/MPWR/MPWR_Monthly_20260701_061232.png
 create mode 100644 charts/screenshots/MPWR/MPWR_Weekly_20260701_061232.png
 delete mode 100644 charts/screenshots/MRK/MRK_1H_20260630_053014.png
 create mode 100644 charts/screenshots/MRK/MRK_1H_20260701_055142.png
 delete mode 100644 charts/screenshots/MRK/MRK_4H_20260630_053014.png
 create mode 100644 charts/screenshots/MRK/MRK_4H_20260701_055142.png
 delete mode 100644 charts/screenshots/MRK/MRK_Daily_20260630_053014.png
 create mode 100644 charts/screenshots/MRK/MRK_Daily_20260701_055142.png
 delete mode 100644 charts/screenshots/MRK/MRK_Monthly_20260630_053014.png
 create mode 100644 charts/screenshots/MRK/MRK_Monthly_20260701_055142.png
 delete mode 100644 charts/screenshots/MRK/MRK_Weekly_20260630_053014.png
 create mode 100644 charts/screenshots/MRK/MRK_Weekly_20260701_055142.png
 delete mode 100644 charts/screenshots/MRVL/MRVL_1H_20260630_051303.png
 create mode 100644 charts/screenshots/MRVL/MRVL_1H_20260701_054311.png
 delete mode 100644 charts/screenshots/MRVL/MRVL_4H_20260630_051303.png
 create mode 100644 charts/screenshots/MRVL/MRVL_4H_20260701_054311.png
 delete mode 100644 charts/screenshots/MRVL/MRVL_Daily_20260630_051303.png
 create mode 100644 charts/screenshots/MRVL/MRVL_Daily_20260701_054311.png
 delete mode 100644 charts/screenshots/MRVL/MRVL_Monthly_20260630_051303.png
 create mode 100644 charts/screenshots/MRVL/MRVL_Monthly_20260701_054311.png
 delete mode 100644 charts/screenshots/MRVL/MRVL_Weekly_20260630_051303.png
 create mode 100644 charts/screenshots/MRVL/MRVL_Weekly_20260701_054311.png
 delete mode 100644 charts/screenshots/MS/MS_1H_20260630_051343.png
 create mode 100644 charts/screenshots/MS/MS_1H_20260701_053321.png
 delete mode 100644 charts/screenshots/MS/MS_4H_20260630_051343.png
 create mode 100644 charts/screenshots/MS/MS_4H_20260701_053321.png
 delete mode 100644 charts/screenshots/MS/MS_Daily_20260630_051343.png
 create mode 100644 charts/screenshots/MS/MS_Daily_20260701_053321.png
 delete mode 100644 charts/screenshots/MS/MS_Monthly_20260630_051343.png
 create mode 100644 charts/screenshots/MS/MS_Monthly_20260701_053321.png
 delete mode 100644 charts/screenshots/MS/MS_Weekly_20260630_051343.png
 create mode 100644 charts/screenshots/MS/MS_Weekly_20260701_053321.png
 delete mode 100644 charts/screenshots/MSFT/MSFT_1H_20260630_060155.png
 delete mode 100644 charts/screenshots/MSFT/MSFT_4H_20260630_060155.png
 delete mode 100644 charts/screenshots/MSFT/MSFT_Daily_20260630_060155.png
 delete mode 100644 charts/screenshots/MSFT/MSFT_Monthly_20260630_060155.png
 delete mode 100644 charts/screenshots/MSFT/MSFT_Weekly_20260630_060155.png
 delete mode 100644 charts/screenshots/MU/MU_1H_20260630_053331.png
 create mode 100644 charts/screenshots/MU/MU_1H_20260701_055340.png
 delete mode 100644 charts/screenshots/MU/MU_4H_20260630_053331.png
 create mode 100644 charts/screenshots/MU/MU_4H_20260701_055340.png
 delete mode 100644 charts/screenshots/MU/MU_Daily_20260630_053331.png
 create mode 100644 charts/screenshots/MU/MU_Daily_20260701_055340.png
 delete mode 100644 charts/screenshots/MU/MU_Monthly_20260630_053331.png
 create mode 100644 charts/screenshots/MU/MU_Monthly_20260701_055340.png
 delete mode 100644 charts/screenshots/MU/MU_Weekly_20260630_053331.png
 create mode 100644 charts/screenshots/MU/MU_Weekly_20260701_055340.png
 delete mode 100644 charts/screenshots/NBM.V/NBM.V_1H_20260630_060753.png
 create mode 100644 charts/screenshots/NBM.V/NBM.V_1H_20260701_062618.png
 delete mode 100644 charts/screenshots/NBM.V/NBM.V_4H_20260630_060753.png
 create mode 100644 charts/screenshots/NBM.V/NBM.V_4H_20260701_062618.png
 delete mode 100644 charts/screenshots/NBM.V/NBM.V_Daily_20260630_060753.png
 create mode 100644 charts/screenshots/NBM.V/NBM.V_Daily_20260701_062618.png
 delete mode 100644 charts/screenshots/NBM.V/NBM.V_Monthly_20260630_060753.png
 create mode 100644 charts/screenshots/NBM.V/NBM.V_Monthly_20260701_062618.png
 delete mode 100644 charts/screenshots/NBM.V/NBM.V_Weekly_20260630_060753.png
 create mode 100644 charts/screenshots/NBM.V/NBM.V_Weekly_20260701_062618.png
 delete mode 100644 charts/screenshots/NEE/NEE_1H_20260630_055042.png
 delete mode 100644 charts/screenshots/NEE/NEE_4H_20260630_055042.png
 delete mode 100644 charts/screenshots/NEE/NEE_Daily_20260630_055042.png
 delete mode 100644 charts/screenshots/NEE/NEE_Monthly_20260630_055042.png
 delete mode 100644 charts/screenshots/NEE/NEE_Weekly_20260630_055042.png
 delete mode 100644 charts/screenshots/NEM/NEM_1H_20260630_060235.png
 delete mode 100644 charts/screenshots/NEM/NEM_4H_20260630_060235.png
 delete mode 100644 charts/screenshots/NEM/NEM_Daily_20260630_060235.png
 delete mode 100644 charts/screenshots/NEM/NEM_Monthly_20260630_060235.png
 delete mode 100644 charts/screenshots/NEM/NEM_Weekly_20260630_060235.png
 delete mode 100644 charts/screenshots/NFLX/NFLX_1H_20260630_055917.png
 delete mode 100644 charts/screenshots/NFLX/NFLX_4H_20260630_055917.png
 delete mode 100644 charts/screenshots/NFLX/NFLX_Daily_20260630_055917.png
 delete mode 100644 charts/screenshots/NFLX/NFLX_Monthly_20260630_055917.png
 delete mode 100644 charts/screenshots/NFLX/NFLX_Weekly_20260630_055917.png
 delete mode 100644 charts/screenshots/NKE/NKE_1H_20260630_060315.png
 delete mode 100644 charts/screenshots/NKE/NKE_4H_20260630_060315.png
 delete mode 100644 charts/screenshots/NKE/NKE_Daily_20260630_060315.png
 delete mode 100644 charts/screenshots/NKE/NKE_Monthly_20260630_060315.png
 delete mode 100644 charts/screenshots/NKE/NKE_Weekly_20260630_060315.png
 delete mode 100644 charts/screenshots/NVDA/NVDA_1H_20260630_055758.png
 create mode 100644 charts/screenshots/NVDA/NVDA_1H_20260701_061708.png
 delete mode 100644 charts/screenshots/NVDA/NVDA_4H_20260630_055758.png
 create mode 100644 charts/screenshots/NVDA/NVDA_4H_20260701_061708.png
 delete mode 100644 charts/screenshots/NVDA/NVDA_Daily_20260630_055758.png
 create mode 100644 charts/screenshots/NVDA/NVDA_Daily_20260701_061708.png
 delete mode 100644 charts/screenshots/NVDA/NVDA_Monthly_20260630_055758.png
 create mode 100644 charts/screenshots/NVDA/NVDA_Monthly_20260701_061708.png
 delete mode 100644 charts/screenshots/NVDA/NVDA_Weekly_20260630_055758.png
 create mode 100644 charts/screenshots/NVDA/NVDA_Weekly_20260701_061708.png
 delete mode 100644 charts/screenshots/NXPI/NXPI_1H_20260630_055322.png
 create mode 100644 charts/screenshots/NXPI/NXPI_1H_20260701_061430.png
 delete mode 100644 charts/screenshots/NXPI/NXPI_4H_20260630_055322.png
 create mode 100644 charts/screenshots/NXPI/NXPI_4H_20260701_061430.png
 delete mode 100644 charts/screenshots/NXPI/NXPI_Daily_20260630_055322.png
 create mode 100644 charts/screenshots/NXPI/NXPI_Daily_20260701_061430.png
 delete mode 100644 charts/screenshots/NXPI/NXPI_Monthly_20260630_055322.png
 create mode 100644 charts/screenshots/NXPI/NXPI_Monthly_20260701_061430.png
 delete mode 100644 charts/screenshots/NXPI/NXPI_Weekly_20260630_055322.png
 create mode 100644 charts/screenshots/NXPI/NXPI_Weekly_20260701_061430.png
 create mode 100644 charts/screenshots/ON/ON_1H_20260701_061153.png
 create mode 100644 charts/screenshots/ON/ON_4H_20260701_061153.png
 create mode 100644 charts/screenshots/ON/ON_Daily_20260701_061153.png
 create mode 100644 charts/screenshots/ON/ON_Monthly_20260701_061153.png
 create mode 100644 charts/screenshots/ON/ON_Weekly_20260701_061153.png
 delete mode 100644 charts/screenshots/PANW/PANW_1H_20260630_053530.png
 create mode 100644 charts/screenshots/PANW/PANW_1H_20260701_055812.png
 delete mode 100644 charts/screenshots/PANW/PANW_4H_20260630_053530.png
 create mode 100644 charts/screenshots/PANW/PANW_4H_20260701_055812.png
 delete mode 100644 charts/screenshots/PANW/PANW_Daily_20260630_053530.png
 create mode 100644 charts/screenshots/PANW/PANW_Daily_20260701_055812.png
 delete mode 100644 charts/screenshots/PANW/PANW_Monthly_20260630_053530.png
 create mode 100644 charts/screenshots/PANW/PANW_Monthly_20260701_055812.png
 delete mode 100644 charts/screenshots/PANW/PANW_Weekly_20260630_053530.png
 create mode 100644 charts/screenshots/PANW/PANW_Weekly_20260701_055812.png
 delete mode 100644 charts/screenshots/PEB/PEB_1H_20260630_060554.png
 create mode 100644 charts/screenshots/PEB/PEB_1H_20260701_062420.png
 delete mode 100644 charts/screenshots/PEB/PEB_4H_20260630_060554.png
 create mode 100644 charts/screenshots/PEB/PEB_4H_20260701_062420.png
 delete mode 100644 charts/screenshots/PEB/PEB_Daily_20260630_060554.png
 create mode 100644 charts/screenshots/PEB/PEB_Daily_20260701_062420.png
 delete mode 100644 charts/screenshots/PEB/PEB_Monthly_20260630_060554.png
 create mode 100644 charts/screenshots/PEB/PEB_Monthly_20260701_062420.png
 delete mode 100644 charts/screenshots/PEB/PEB_Weekly_20260630_060554.png
 create mode 100644 charts/screenshots/PEB/PEB_Weekly_20260701_062420.png
 delete mode 100644 charts/screenshots/PFE/PFE_1H_20260630_060355.png
 delete mode 100644 charts/screenshots/PFE/PFE_4H_20260630_060355.png
 delete mode 100644 charts/screenshots/PFE/PFE_Daily_20260630_060355.png
 delete mode 100644 charts/screenshots/PFE/PFE_Monthly_20260630_060355.png
 delete mode 100644 charts/screenshots/PFE/PFE_Weekly_20260630_060355.png
 delete mode 100644 charts/screenshots/PG/PG_1H_20260630_055003.png
 delete mode 100644 charts/screenshots/PG/PG_4H_20260630_055003.png
 delete mode 100644 charts/screenshots/PG/PG_Daily_20260630_055003.png
 delete mode 100644 charts/screenshots/PG/PG_Monthly_20260630_055003.png
 delete mode 100644 charts/screenshots/PG/PG_Weekly_20260630_055003.png
 delete mode 100644 charts/screenshots/PLTR/PLTR_1H_20260630_060434.png
 create mode 100644 charts/screenshots/PLTR/PLTR_1H_20260701_062141.png
 delete mode 100644 charts/screenshots/PLTR/PLTR_4H_20260630_060434.png
 create mode 100644 charts/screenshots/PLTR/PLTR_4H_20260701_062141.png
 delete mode 100644 charts/screenshots/PLTR/PLTR_Daily_20260630_060434.png
 create mode 100644 charts/screenshots/PLTR/PLTR_Daily_20260701_062141.png
 delete mode 100644 charts/screenshots/PLTR/PLTR_Monthly_20260630_060434.png
 create mode 100644 charts/screenshots/PLTR/PLTR_Monthly_20260701_062141.png
 delete mode 100644 charts/screenshots/PLTR/PLTR_Weekly_20260630_060434.png
 create mode 100644 charts/screenshots/PLTR/PLTR_Weekly_20260701_062141.png
 delete mode 100644 charts/screenshots/PM/PM_1H_20260630_052656.png
 create mode 100644 charts/screenshots/PM/PM_1H_20260701_053757.png
 delete mode 100644 charts/screenshots/PM/PM_4H_20260630_052656.png
 create mode 100644 charts/screenshots/PM/PM_4H_20260701_053757.png
 delete mode 100644 charts/screenshots/PM/PM_Daily_20260630_052656.png
 create mode 100644 charts/screenshots/PM/PM_Daily_20260701_053757.png
 delete mode 100644 charts/screenshots/PM/PM_Monthly_20260630_052656.png
 create mode 100644 charts/screenshots/PM/PM_Monthly_20260701_053757.png
 delete mode 100644 charts/screenshots/PM/PM_Weekly_20260630_052656.png
 create mode 100644 charts/screenshots/PM/PM_Weekly_20260701_053757.png
 delete mode 100644 charts/screenshots/PWR/PWR_1H_20260630_054208.png
 create mode 100644 charts/screenshots/PWR/PWR_1H_20260701_060443.png
 delete mode 100644 charts/screenshots/PWR/PWR_4H_20260630_054208.png
 create mode 100644 charts/screenshots/PWR/PWR_4H_20260701_060443.png
 delete mode 100644 charts/screenshots/PWR/PWR_Daily_20260630_054208.png
 create mode 100644 charts/screenshots/PWR/PWR_Daily_20260701_060443.png
 delete mode 100644 charts/screenshots/PWR/PWR_Monthly_20260630_054208.png
 create mode 100644 charts/screenshots/PWR/PWR_Monthly_20260701_060443.png
 delete mode 100644 charts/screenshots/PWR/PWR_Weekly_20260630_054208.png
 create mode 100644 charts/screenshots/PWR/PWR_Weekly_20260701_060443.png
 delete mode 100644 charts/screenshots/QQQ/QQQ_1H_20260630_054247.png
 create mode 100644 charts/screenshots/QQQ/QQQ_1H_20260701_060640.png
 delete mode 100644 charts/screenshots/QQQ/QQQ_4H_20260630_054247.png
 create mode 100644 charts/screenshots/QQQ/QQQ_4H_20260701_060640.png
 delete mode 100644 charts/screenshots/QQQ/QQQ_Daily_20260630_054247.png
 create mode 100644 charts/screenshots/QQQ/QQQ_Daily_20260701_060640.png
 delete mode 100644 charts/screenshots/QQQ/QQQ_Monthly_20260630_054247.png
 create mode 100644 charts/screenshots/QQQ/QQQ_Monthly_20260701_060640.png
 delete mode 100644 charts/screenshots/QQQ/QQQ_Weekly_20260630_054247.png
 create mode 100644 charts/screenshots/QQQ/QQQ_Weekly_20260701_060640.png
 delete mode 100644 charts/screenshots/RCL/RCL_1H_20260630_052339.png
 delete mode 100644 charts/screenshots/RCL/RCL_4H_20260630_052339.png
 delete mode 100644 charts/screenshots/RCL/RCL_Daily_20260630_052339.png
 delete mode 100644 charts/screenshots/RCL/RCL_Monthly_20260630_052339.png
 delete mode 100644 charts/screenshots/RCL/RCL_Weekly_20260630_052339.png
 delete mode 100644 charts/screenshots/RTX/RTX_1H_20260630_053450.png
 create mode 100644 charts/screenshots/RTX/RTX_1H_20260701_054708.png
 delete mode 100644 charts/screenshots/RTX/RTX_4H_20260630_053450.png
 create mode 100644 charts/screenshots/RTX/RTX_4H_20260701_054708.png
 delete mode 100644 charts/screenshots/RTX/RTX_Daily_20260630_053450.png
 create mode 100644 charts/screenshots/RTX/RTX_Daily_20260701_054708.png
 delete mode 100644 charts/screenshots/RTX/RTX_Monthly_20260630_053450.png
 create mode 100644 charts/screenshots/RTX/RTX_Monthly_20260701_054708.png
 delete mode 100644 charts/screenshots/RTX/RTX_Weekly_20260630_053450.png
 create mode 100644 charts/screenshots/RTX/RTX_Weekly_20260701_054708.png
 delete mode 100644 charts/screenshots/SHW/SHW_1H_20260630_054804.png
 create mode 100644 charts/screenshots/SHW/SHW_1H_20260701_061035.png
 delete mode 100644 charts/screenshots/SHW/SHW_4H_20260630_054804.png
 create mode 100644 charts/screenshots/SHW/SHW_4H_20260701_061035.png
 delete mode 100644 charts/screenshots/SHW/SHW_Daily_20260630_054804.png
 create mode 100644 charts/screenshots/SHW/SHW_Daily_20260701_061035.png
 delete mode 100644 charts/screenshots/SHW/SHW_Monthly_20260630_054804.png
 create mode 100644 charts/screenshots/SHW/SHW_Monthly_20260701_061035.png
 delete mode 100644 charts/screenshots/SHW/SHW_Weekly_20260630_054804.png
 create mode 100644 charts/screenshots/SHW/SHW_Weekly_20260701_061035.png
 delete mode 100644 charts/screenshots/SMCI/SMCI_1H_20260630_054923.png
 delete mode 100644 charts/screenshots/SMCI/SMCI_4H_20260630_054923.png
 delete mode 100644 charts/screenshots/SMCI/SMCI_Daily_20260630_054923.png
 delete mode 100644 charts/screenshots/SMCI/SMCI_Monthly_20260630_054923.png
 delete mode 100644 charts/screenshots/SMCI/SMCI_Weekly_20260630_054923.png
 delete mode 100644 charts/screenshots/SPGI/SPGI_1H_20260630_055956.png
 create mode 100644 charts/screenshots/SPGI/SPGI_1H_20260701_062102.png
 delete mode 100644 charts/screenshots/SPGI/SPGI_4H_20260630_055956.png
 create mode 100644 charts/screenshots/SPGI/SPGI_4H_20260701_062102.png
 delete mode 100644 charts/screenshots/SPGI/SPGI_Daily_20260630_055956.png
 create mode 100644 charts/screenshots/SPGI/SPGI_Daily_20260701_062102.png
 delete mode 100644 charts/screenshots/SPGI/SPGI_Monthly_20260630_055956.png
 create mode 100644 charts/screenshots/SPGI/SPGI_Monthly_20260701_062102.png
 delete mode 100644 charts/screenshots/SPGI/SPGI_Weekly_20260630_055956.png
 create mode 100644 charts/screenshots/SPGI/SPGI_Weekly_20260701_062102.png
 delete mode 100644 charts/screenshots/SPY/SPY_1H_20260630_054843.png
 create mode 100644 charts/screenshots/SPY/SPY_1H_20260701_061312.png
 delete mode 100644 charts/screenshots/SPY/SPY_4H_20260630_054843.png
 create mode 100644 charts/screenshots/SPY/SPY_4H_20260701_061312.png
 delete mode 100644 charts/screenshots/SPY/SPY_Daily_20260630_054843.png
 create mode 100644 charts/screenshots/SPY/SPY_Daily_20260701_061312.png
 delete mode 100644 charts/screenshots/SPY/SPY_Monthly_20260630_054843.png
 create mode 100644 charts/screenshots/SPY/SPY_Monthly_20260701_061312.png
 delete mode 100644 charts/screenshots/SPY/SPY_Weekly_20260630_054843.png
 create mode 100644 charts/screenshots/SPY/SPY_Weekly_20260701_061312.png
 delete mode 100644 charts/screenshots/STX/STX_1H_20260630_051147.png
 create mode 100644 charts/screenshots/STX/STX_1H_20260701_054112.png
 delete mode 100644 charts/screenshots/STX/STX_4H_20260630_051147.png
 create mode 100644 charts/screenshots/STX/STX_4H_20260701_054112.png
 delete mode 100644 charts/screenshots/STX/STX_Daily_20260630_051147.png
 create mode 100644 charts/screenshots/STX/STX_Daily_20260701_054112.png
 delete mode 100644 charts/screenshots/STX/STX_Monthly_20260630_051147.png
 create mode 100644 charts/screenshots/STX/STX_Monthly_20260701_054112.png
 delete mode 100644 charts/screenshots/STX/STX_Weekly_20260630_051147.png
 create mode 100644 charts/screenshots/STX/STX_Weekly_20260701_054112.png
 delete mode 100644 charts/screenshots/TER/TER_1H_20260630_052419.png
 create mode 100644 charts/screenshots/TER/TER_1H_20260701_055536.png
 delete mode 100644 charts/screenshots/TER/TER_4H_20260630_052419.png
 create mode 100644 charts/screenshots/TER/TER_4H_20260701_055536.png
 delete mode 100644 charts/screenshots/TER/TER_Daily_20260630_052419.png
 create mode 100644 charts/screenshots/TER/TER_Daily_20260701_055536.png
 delete mode 100644 charts/screenshots/TER/TER_Monthly_20260630_052419.png
 create mode 100644 charts/screenshots/TER/TER_Monthly_20260701_055536.png
 delete mode 100644 charts/screenshots/TER/TER_Weekly_20260630_052419.png
 create mode 100644 charts/screenshots/TER/TER_Weekly_20260701_055536.png
 delete mode 100644 charts/screenshots/TJX/TJX_1H_20260630_055441.png
 delete mode 100644 charts/screenshots/TJX/TJX_4H_20260630_055441.png
 delete mode 100644 charts/screenshots/TJX/TJX_Daily_20260630_055441.png
 delete mode 100644 charts/screenshots/TJX/TJX_Monthly_20260630_055441.png
 delete mode 100644 charts/screenshots/TJX/TJX_Weekly_20260630_055441.png
 delete mode 100644 charts/screenshots/TKR/TKR_1H_20260630_060634.png
 create mode 100644 charts/screenshots/TKR/TKR_1H_20260701_062500.png
 delete mode 100644 charts/screenshots/TKR/TKR_4H_20260630_060634.png
 create mode 100644 charts/screenshots/TKR/TKR_4H_20260701_062500.png
 delete mode 100644 charts/screenshots/TKR/TKR_Daily_20260630_060634.png
 create mode 100644 charts/screenshots/TKR/TKR_Daily_20260701_062500.png
 delete mode 100644 charts/screenshots/TKR/TKR_Monthly_20260630_060634.png
 create mode 100644 charts/screenshots/TKR/TKR_Monthly_20260701_062500.png
 delete mode 100644 charts/screenshots/TKR/TKR_Weekly_20260630_060634.png
 create mode 100644 charts/screenshots/TKR/TKR_Weekly_20260701_062500.png
 create mode 100644 charts/screenshots/TSLA/TSLA_1H_20260701_061351.png
 create mode 100644 charts/screenshots/TSLA/TSLA_4H_20260701_061351.png
 create mode 100644 charts/screenshots/TSLA/TSLA_Daily_20260701_061351.png
 create mode 100644 charts/screenshots/TSLA/TSLA_Monthly_20260701_061351.png
 create mode 100644 charts/screenshots/TSLA/TSLA_Weekly_20260701_061351.png
 delete mode 100644 charts/screenshots/TXN/TXN_1H_20260630_052855.png
 create mode 100644 charts/screenshots/TXN/TXN_1H_20260701_054905.png
 delete mode 100644 charts/screenshots/TXN/TXN_4H_20260630_052855.png
 create mode 100644 charts/screenshots/TXN/TXN_4H_20260701_054905.png
 delete mode 100644 charts/screenshots/TXN/TXN_Daily_20260630_052855.png
 create mode 100644 charts/screenshots/TXN/TXN_Daily_20260701_054905.png
 delete mode 100644 charts/screenshots/TXN/TXN_Monthly_20260630_052855.png
 create mode 100644 charts/screenshots/TXN/TXN_Monthly_20260701_054905.png
 delete mode 100644 charts/screenshots/TXN/TXN_Weekly_20260630_052855.png
 create mode 100644 charts/screenshots/TXN/TXN_Weekly_20260701_054905.png
 delete mode 100644 charts/screenshots/UNH/UNH_1H_20260630_051422.png
 create mode 100644 charts/screenshots/UNH/UNH_1H_20260701_053401.png
 delete mode 100644 charts/screenshots/UNH/UNH_4H_20260630_051422.png
 create mode 100644 charts/screenshots/UNH/UNH_4H_20260701_053401.png
 delete mode 100644 charts/screenshots/UNH/UNH_Daily_20260630_051422.png
 create mode 100644 charts/screenshots/UNH/UNH_Daily_20260701_053401.png
 delete mode 100644 charts/screenshots/UNH/UNH_Monthly_20260630_051422.png
 create mode 100644 charts/screenshots/UNH/UNH_Monthly_20260701_053401.png
 delete mode 100644 charts/screenshots/UNH/UNH_Weekly_20260630_051422.png
 create mode 100644 charts/screenshots/UNH/UNH_Weekly_20260701_053401.png
 delete mode 100644 charts/screenshots/V/V_1H_20260630_054725.png
 create mode 100644 charts/screenshots/V/V_1H_20260701_061548.png
 delete mode 100644 charts/screenshots/V/V_4H_20260630_054725.png
 create mode 100644 charts/screenshots/V/V_4H_20260701_061548.png
 delete mode 100644 charts/screenshots/V/V_Daily_20260630_054725.png
 create mode 100644 charts/screenshots/V/V_Daily_20260701_061548.png
 delete mode 100644 charts/screenshots/V/V_Monthly_20260630_054725.png
 create mode 100644 charts/screenshots/V/V_Monthly_20260701_061548.png
 delete mode 100644 charts/screenshots/V/V_Weekly_20260630_054725.png
 create mode 100644 charts/screenshots/V/V_Weekly_20260701_061548.png
 delete mode 100644 charts/screenshots/VLO/VLO_1H_20260630_052139.png
 create mode 100644 charts/screenshots/VLO/VLO_1H_20260701_053954.png
 delete mode 100644 charts/screenshots/VLO/VLO_4H_20260630_052139.png
 create mode 100644 charts/screenshots/VLO/VLO_4H_20260701_053954.png
 delete mode 100644 charts/screenshots/VLO/VLO_Daily_20260630_052139.png
 create mode 100644 charts/screenshots/VLO/VLO_Daily_20260701_053954.png
 delete mode 100644 charts/screenshots/VLO/VLO_Monthly_20260630_052139.png
 create mode 100644 charts/screenshots/VLO/VLO_Monthly_20260701_053954.png
 delete mode 100644 charts/screenshots/VLO/VLO_Weekly_20260630_052139.png
 create mode 100644 charts/screenshots/VLO/VLO_Weekly_20260701_053954.png
 delete mode 100644 charts/screenshots/VRTX/VRTX_1H_20260630_054446.png
 create mode 100644 charts/screenshots/VRTX/VRTX_1H_20260701_054232.png
 delete mode 100644 charts/screenshots/VRTX/VRTX_4H_20260630_054446.png
 create mode 100644 charts/screenshots/VRTX/VRTX_4H_20260701_054232.png
 delete mode 100644 charts/screenshots/VRTX/VRTX_Daily_20260630_054446.png
 create mode 100644 charts/screenshots/VRTX/VRTX_Daily_20260701_054232.png
 delete mode 100644 charts/screenshots/VRTX/VRTX_Monthly_20260630_054446.png
 create mode 100644 charts/screenshots/VRTX/VRTX_Monthly_20260701_054232.png
 delete mode 100644 charts/screenshots/VRTX/VRTX_Weekly_20260630_054446.png
 create mode 100644 charts/screenshots/VRTX/VRTX_Weekly_20260701_054232.png
 delete mode 100644 charts/screenshots/WDC/WDC_1H_20260630_053810.png
 create mode 100644 charts/screenshots/WDC/WDC_1H_20260701_060128.png
 delete mode 100644 charts/screenshots/WDC/WDC_4H_20260630_053810.png
 create mode 100644 charts/screenshots/WDC/WDC_4H_20260701_060128.png
 delete mode 100644 charts/screenshots/WDC/WDC_Daily_20260630_053810.png
 create mode 100644 charts/screenshots/WDC/WDC_Daily_20260701_060128.png
 delete mode 100644 charts/screenshots/WDC/WDC_Monthly_20260630_053810.png
 create mode 100644 charts/screenshots/WDC/WDC_Monthly_20260701_060128.png
 delete mode 100644 charts/screenshots/WDC/WDC_Weekly_20260630_053810.png
 create mode 100644 charts/screenshots/WDC/WDC_Weekly_20260701_060128.png
 create mode 100644 charts/screenshots/WELL/WELL_1H_20260701_053837.png
 create mode 100644 charts/screenshots/WELL/WELL_4H_20260701_053837.png
 create mode 100644 charts/screenshots/WELL/WELL_Daily_20260701_053837.png
 create mode 100644 charts/screenshots/WELL/WELL_Monthly_20260701_053837.png
 create mode 100644 charts/screenshots/WELL/WELL_Weekly_20260701_053837.png
 delete mode 100644 charts/screenshots/WFC/WFC_1H_20260630_053929.png
 create mode 100644 charts/screenshots/WFC/WFC_1H_20260701_055733.png
 delete mode 100644 charts/screenshots/WFC/WFC_4H_20260630_053929.png
 create mode 100644 charts/screenshots/WFC/WFC_4H_20260701_055733.png
 delete mode 100644 charts/screenshots/WFC/WFC_Daily_20260630_053929.png
 create mode 100644 charts/screenshots/WFC/WFC_Daily_20260701_055733.png
 delete mode 100644 charts/screenshots/WFC/WFC_Monthly_20260630_053929.png
 create mode 100644 charts/screenshots/WFC/WFC_Monthly_20260701_055733.png
 delete mode 100644 charts/screenshots/WFC/WFC_Weekly_20260630_053929.png
 create mode 100644 charts/screenshots/WFC/WFC_Weekly_20260701_055733.png
 delete mode 100644 charts/screenshots/XOM/XOM_1H_20260630_060514.png
 create mode 100644 charts/screenshots/XOM/XOM_1H_20260701_061747.png
 delete mode 100644 charts/screenshots/XOM/XOM_4H_20260630_060514.png
 create mode 100644 charts/screenshots/XOM/XOM_4H_20260701_061747.png
 delete mode 100644 charts/screenshots/XOM/XOM_Daily_20260630_060514.png
 create mode 100644 charts/screenshots/XOM/XOM_Daily_20260701_061747.png
 delete mode 100644 charts/screenshots/XOM/XOM_Monthly_20260630_060514.png
 create mode 100644 charts/screenshots/XOM/XOM_Monthly_20260701_061747.png
 delete mode 100644 charts/screenshots/XOM/XOM_Weekly_20260630_060514.png
 create mode 100644 charts/screenshots/XOM/XOM_Weekly_20260701_061747.png
[[SP500 차트분석]] GitHub 푸시 완료
[[SP500 차트분석]] Google Sheets 업데이트 완료
[Paper Trading] SP500 ranked_df 스냅샷 저장 완료 (129개 종목)

[요약] 파이프라인 완료 – 총 4512.2초 (75.20분) 소요
