============================================================
[Unified Paper Trading] SP500 + NASDAQ/NYSE 통합 실행 시작
============================================================
2026-06-21 09:17:03,298 [INFO] paper_trading.runner — [Runner] SP500 snapshot 로드: 129개 종목
[Unified PT] SP500 snapshot 로드: 129개 종목
2026-06-21 09:17:03,305 [INFO] paper_trading.runner — [Runner] NASDAQ snapshot 로드: 240개 종목
[Unified PT] NASDAQ snapshot 로드: 240개 종목
[Unified PT] 합산 완료: 349개 종목 (SP500 129 + NASDAQ 240개, 중복 제거 후)
[Unified PT] 골든크로스임박 종목: 39개
2026-06-21 09:17:04,212 [INFO] paper_trading.candidate_selector — [전략점수 분포] ~4.0: 85 | 4.0~5.0: 23 | 5.0~5.5: 19 | 5.5~6.0: 29 | 6.0+: 193
2026-06-21 09:17:04,225 [INFO] paper_trading.candidate_selector — [CandidateSelector] Regime=bull | Filtered=1/349 | Selected: SNPS (CCS=0.4955)
2026-06-21 09:17:04,235 [INFO] paper_trading.engine — [PaperTrading] 교체 기준 미달 — 매수 안 함
[Unified PT] 매도=0 매수=0 보유=3종목
[Unified PT] 레짐=bull | 필터={'전략점수<6.0': 156, '바닥반등_52주과열': 1, '판단등급_미달': 138, '과열_차단': 35, '유동성_부족': 0, '어닝_임박': 0, '보유_중복': 1, '모멘텀_ADX부족': 10, '바닥_RSI데드존': 1, '섹터_집중': 6, '_통과': 1, '_전체': 349}
[Unified PT] 스킵 사유: 교체_미달
[Unified PT] Top5 후보:
  SNPS   CCS=0.4955 전략=📉 바닥반등 섹터=Technology
2026-06-21 09:17:05,433 [INFO] paper_trading.sheet_sync — [SheetSync] 포지션현황 업데이트: 3개 종목
2026-06-21 09:17:06,551 [INFO] paper_trading.sheet_sync — [SheetSync] 성과요약 업데이트: 23건 거래
[Unified PT] 구글 시트 동기화 완료
[시장분석] 41개 종목 데이터 수집 중...
2026-06-21 09:17:13,110 [WARNING] data.fetch — [fetch_analyst_data] SNPS: 'dict' object has no attribute 'empty'
2026-06-21 09:17:13,177 [WARNING] data.fetch — [fetch_analyst_data] LRN: 'dict' object has no attribute 'empty'
2026-06-21 09:17:13,215 [WARNING] data.fetch — [fetch_analyst_data] SFM: 'dict' object has no attribute 'empty'
2026-06-21 09:17:13,219 [WARNING] data.fetch — [fetch_analyst_data] V: 'dict' object has no attribute 'empty'
2026-06-21 09:17:13,229 [WARNING] data.fetch — [fetch_analyst_data] SMCI: 'dict' object has no attribute 'empty'
2026-06-21 09:17:19,541 [WARNING] data.fetch — [fetch_analyst_data] ORCL: 'dict' object has no attribute 'empty'
2026-06-21 09:17:19,600 [WARNING] data.fetch — [fetch_analyst_data] AMGN: 'dict' object has no attribute 'empty'
2026-06-21 09:17:19,652 [WARNING] data.fetch — [fetch_analyst_data] DIS: 'dict' object has no attribute 'empty'
2026-06-21 09:17:19,677 [WARNING] data.fetch — [fetch_analyst_data] COF: 'dict' object has no attribute 'empty'
2026-06-21 09:17:19,704 [WARNING] data.fetch — [fetch_analyst_data] HON: 'dict' object has no attribute 'empty'
2026-06-21 09:17:25,911 [WARNING] data.fetch — [fetch_analyst_data] NNE: 'dict' object has no attribute 'empty'
2026-06-21 09:17:26,090 [WARNING] data.fetch — [fetch_analyst_data] DE: 'dict' object has no attribute 'empty'
2026-06-21 09:17:26,141 [WARNING] data.fetch — [fetch_analyst_data] RTX: 'dict' object has no attribute 'empty'
2026-06-21 09:17:26,175 [WARNING] data.fetch — [fetch_analyst_data] SCHW: 'dict' object has no attribute 'empty'
2026-06-21 09:17:26,205 [WARNING] data.fetch — [fetch_analyst_data] HD: 'dict' object has no attribute 'empty'
2026-06-21 09:17:32,426 [WARNING] data.fetch — [fetch_analyst_data] PG: 'dict' object has no attribute 'empty'
2026-06-21 09:17:32,509 [WARNING] data.fetch — [fetch_analyst_data] BKNG: 'dict' object has no attribute 'empty'
2026-06-21 09:17:32,510 [WARNING] data.fetch — [fetch_analyst_data] BULL: 'dict' object has no attribute 'empty'
2026-06-21 09:17:32,546 [WARNING] data.fetch — [fetch_analyst_data] GEV: 'dict' object has no attribute 'empty'
2026-06-21 09:17:32,631 [WARNING] data.fetch — [fetch_analyst_data] AXP: 'dict' object has no attribute 'empty'
2026-06-21 09:17:38,829 [WARNING] data.fetch — [fetch_analyst_data] TEM: 'dict' object has no attribute 'empty'
2026-06-21 09:17:38,933 [WARNING] data.fetch — [fetch_analyst_data] SYK: 'dict' object has no attribute 'empty'
2026-06-21 09:17:38,999 [WARNING] data.fetch — [fetch_analyst_data] NKE: 'dict' object has no attribute 'empty'
2026-06-21 09:17:39,011 [WARNING] data.fetch — [fetch_analyst_data] WFC: 'dict' object has no attribute 'empty'
2026-06-21 09:17:39,070 [WARNING] data.fetch — [fetch_analyst_data] WWD: 'dict' object has no attribute 'empty'
2026-06-21 09:17:45,218 [WARNING] data.fetch — [fetch_analyst_data] CAR: 'dict' object has no attribute 'empty'
2026-06-21 09:17:45,310 [WARNING] data.fetch — [fetch_analyst_data] ELF: 'dict' object has no attribute 'empty'
2026-06-21 09:17:45,389 [WARNING] data.fetch — [fetch_analyst_data] WGS: 'dict' object has no attribute 'empty'
2026-06-21 09:17:45,453 [WARNING] data.fetch — [fetch_analyst_data] MRNA: 'dict' object has no attribute 'empty'
2026-06-21 09:17:45,454 [WARNING] data.fetch — [fetch_analyst_data] FRMI: 'dict' object has no attribute 'empty'
2026-06-21 09:17:51,594 [WARNING] data.fetch — [fetch_analyst_data] WING: 'dict' object has no attribute 'empty'
2026-06-21 09:17:51,712 [WARNING] data.fetch — [fetch_analyst_data] CRCL: 'dict' object has no attribute 'empty'
2026-06-21 09:17:51,793 [WARNING] data.fetch — [fetch_analyst_data] MNTS: 'dict' object has no attribute 'empty'
2026-06-21 09:17:51,846 [WARNING] data.fetch — [fetch_analyst_data] BRK-B: 'dict' object has no attribute 'empty'
2026-06-21 09:17:51,848 [WARNING] data.fetch — [fetch_analyst_data] TSLA: 'dict' object has no attribute 'empty'
2026-06-21 09:17:57,935 [WARNING] data.fetch — [fetch_analyst_data] LAC: 'dict' object has no attribute 'empty'
2026-06-21 09:17:58,069 [WARNING] data.fetch — [fetch_analyst_data] CRML: 'dict' object has no attribute 'empty'
2026-06-21 09:17:58,172 [WARNING] data.fetch — [fetch_analyst_data] META: 'dict' object has no attribute 'empty'
2026-06-21 09:17:58,194 [WARNING] data.fetch — [fetch_analyst_data] ENVX: 'dict' object has no attribute 'empty'
2026-06-21 09:17:58,259 [WARNING] data.fetch — [fetch_analyst_data] TKR: 'dict' object has no attribute 'empty'
2026-06-21 09:18:04,316 [WARNING] data.fetch — [fetch_analyst_data] PEB: 'dict' object has no attribute 'empty'
[시장분석] enrichment 완료
[Email] 페이퍼 트레이딩 알림 발송 완료 (매도 0건, 매수 0건, 재평가 0건, 재평가실패 0건, 후보 1건) → chunghwan14@gmail.com, roykim0311@gmail.com, ssamjungtan@naver.com
============================================================
[Unified Paper Trading] 완료
============================================================
