============================================================
[1단계] 전 종목 리스트 수집 및 기본 필터링
============================================================
[ticker_fetcher] 나스닥 FTP 서버에서 종목 리스트 다운로드 중...
[ticker_fetcher] 총 5938개 종목 로드 → 비표준 심볼 485개 제거 → 5453개 보통주
[ticker_fetcher] 1단계 필터링 배치 1/110 (50개 종목)...
[ticker_fetcher] 1단계 필터링 배치 2/110 (50개 종목)...
[ticker_fetcher] 1단계 필터링 배치 3/110 (50개 종목)...
[ticker_fetcher] 1단계 필터링 배치 4/110 (50개 종목)...
[ticker_fetcher] 1단계 필터링 배치 5/110 (50개 종목)...
[ticker_fetcher] 1단계 필터링 배치 6/110 (50개 종목)...
[ticker_fetcher] 1단계 필터링 배치 7/110 (50개 종목)...
[ticker_fetcher] 1단계 필터링 배치 8/110 (50개 종목)...
[ticker_fetcher] 1단계 필터링 배치 9/110 (50개 종목)...
[ticker_fetcher] 1단계 필터링 배치 10/110 (50개 종목)...
[ticker_fetcher] 1단계 필터링 배치 11/110 (50개 종목)...
[ticker_fetcher] 1단계 필터링 배치 12/110 (50개 종목)...
[ticker_fetcher] 1단계 필터링 배치 13/110 (50개 종목)...
[ticker_fetcher] 1단계 필터링 배치 14/110 (50개 종목)...
[ticker_fetcher] 1단계 필터링 배치 15/110 (50개 종목)...
[ticker_fetcher] 1단계 필터링 배치 16/110 (50개 종목)...
[ticker_fetcher] 1단계 필터링 배치 17/110 (50개 종목)...
[ticker_fetcher] 1단계 필터링 배치 18/110 (50개 종목)...
[ticker_fetcher] 1단계 필터링 배치 19/110 (50개 종목)...
[ticker_fetcher] 1단계 필터링 배치 20/110 (50개 종목)...
[ticker_fetcher] 1단계 필터링 배치 21/110 (50개 종목)...
[ticker_fetcher] 1단계 필터링 배치 22/110 (50개 종목)...
[ticker_fetcher] 1단계 필터링 배치 23/110 (50개 종목)...
[ticker_fetcher] 1단계 필터링 배치 24/110 (50개 종목)...
[ticker_fetcher] 1단계 필터링 배치 25/110 (50개 종목)...
[ticker_fetcher] 1단계 필터링 배치 26/110 (50개 종목)...
[ticker_fetcher] 1단계 필터링 배치 27/110 (50개 종목)...
[ticker_fetcher] 1단계 필터링 배치 28/110 (50개 종목)...
[ticker_fetcher] 1단계 필터링 배치 29/110 (50개 종목)...
[ticker_fetcher] 1단계 필터링 배치 30/110 (50개 종목)...
[ticker_fetcher] 1단계 필터링 배치 31/110 (50개 종목)...
[ticker_fetcher] 1단계 필터링 배치 32/110 (50개 종목)...
[ticker_fetcher] 1단계 필터링 배치 33/110 (50개 종목)...
[ticker_fetcher] 1단계 필터링 배치 34/110 (50개 종목)...
[ticker_fetcher] 1단계 필터링 배치 35/110 (50개 종목)...
[ticker_fetcher] 1단계 필터링 배치 36/110 (50개 종목)...
[ticker_fetcher] 1단계 필터링 배치 37/110 (50개 종목)...
[ticker_fetcher] 1단계 필터링 배치 38/110 (50개 종목)...
[ticker_fetcher] 1단계 필터링 배치 39/110 (50개 종목)...
[ticker_fetcher] 1단계 필터링 배치 40/110 (50개 종목)...
[ticker_fetcher] 1단계 필터링 배치 41/110 (50개 종목)...
[ticker_fetcher] 1단계 필터링 배치 42/110 (50개 종목)...
[ticker_fetcher] 1단계 필터링 배치 43/110 (50개 종목)...
[ticker_fetcher] 1단계 필터링 배치 44/110 (50개 종목)...
[ticker_fetcher] 1단계 필터링 배치 45/110 (50개 종목)...
[ticker_fetcher] 1단계 필터링 배치 46/110 (50개 종목)...
[ticker_fetcher] 1단계 필터링 배치 47/110 (50개 종목)...
[ticker_fetcher] 1단계 필터링 배치 48/110 (50개 종목)...
[ticker_fetcher] 1단계 필터링 배치 49/110 (50개 종목)...
[ticker_fetcher] 1단계 필터링 배치 50/110 (50개 종목)...
[ticker_fetcher] 1단계 필터링 배치 51/110 (50개 종목)...
[ticker_fetcher] 1단계 필터링 배치 52/110 (50개 종목)...
[ticker_fetcher] 1단계 필터링 배치 53/110 (50개 종목)...
[ticker_fetcher] 1단계 필터링 배치 54/110 (50개 종목)...
[ticker_fetcher] 1단계 필터링 배치 55/110 (50개 종목)...
[ticker_fetcher] 1단계 필터링 배치 56/110 (50개 종목)...
[ticker_fetcher] 1단계 필터링 배치 57/110 (50개 종목)...
[ticker_fetcher] 1단계 필터링 배치 58/110 (50개 종목)...
[ticker_fetcher] 1단계 필터링 배치 59/110 (50개 종목)...
[ticker_fetcher] 1단계 필터링 배치 60/110 (50개 종목)...
[ticker_fetcher] 1단계 필터링 배치 61/110 (50개 종목)...
[ticker_fetcher] 1단계 필터링 배치 62/110 (50개 종목)...
[ticker_fetcher] 1단계 필터링 배치 63/110 (50개 종목)...
[ticker_fetcher] 1단계 필터링 배치 64/110 (50개 종목)...
[ticker_fetcher] 1단계 필터링 배치 65/110 (50개 종목)...
[ticker_fetcher] 1단계 필터링 배치 66/110 (50개 종목)...
[ticker_fetcher] 1단계 필터링 배치 67/110 (50개 종목)...
[ticker_fetcher] 1단계 필터링 배치 68/110 (50개 종목)...
[ticker_fetcher] 1단계 필터링 배치 69/110 (50개 종목)...
[ticker_fetcher] 1단계 필터링 배치 70/110 (50개 종목)...
[ticker_fetcher] 1단계 필터링 배치 71/110 (50개 종목)...
[ticker_fetcher] 1단계 필터링 배치 72/110 (50개 종목)...
[ticker_fetcher] 1단계 필터링 배치 73/110 (50개 종목)...
[ticker_fetcher] 1단계 필터링 배치 74/110 (50개 종목)...
[ticker_fetcher] 1단계 필터링 배치 75/110 (50개 종목)...
[ticker_fetcher] 1단계 필터링 배치 76/110 (50개 종목)...
[ticker_fetcher] 1단계 필터링 배치 77/110 (50개 종목)...
[ticker_fetcher] 1단계 필터링 배치 78/110 (50개 종목)...
[ticker_fetcher] 1단계 필터링 배치 79/110 (50개 종목)...
[ticker_fetcher] 1단계 필터링 배치 80/110 (50개 종목)...
[ticker_fetcher] 1단계 필터링 배치 81/110 (50개 종목)...
[ticker_fetcher] 1단계 필터링 배치 82/110 (50개 종목)...
[ticker_fetcher] 1단계 필터링 배치 83/110 (50개 종목)...
[ticker_fetcher] 1단계 필터링 배치 84/110 (50개 종목)...
[ticker_fetcher] 1단계 필터링 배치 85/110 (50개 종목)...
[ticker_fetcher] 1단계 필터링 배치 86/110 (50개 종목)...
[ticker_fetcher] 1단계 필터링 배치 87/110 (50개 종목)...
[ticker_fetcher] 1단계 필터링 배치 88/110 (50개 종목)...
[ticker_fetcher] 1단계 필터링 배치 89/110 (50개 종목)...
[ticker_fetcher] 1단계 필터링 배치 90/110 (50개 종목)...
[ticker_fetcher] 1단계 필터링 배치 91/110 (50개 종목)...
[ticker_fetcher] 1단계 필터링 배치 92/110 (50개 종목)...
[ticker_fetcher] 1단계 필터링 배치 93/110 (50개 종목)...
[ticker_fetcher] 1단계 필터링 배치 94/110 (50개 종목)...
[ticker_fetcher] 1단계 필터링 배치 95/110 (50개 종목)...
[ticker_fetcher] 1단계 필터링 배치 96/110 (50개 종목)...
[ticker_fetcher] 1단계 필터링 배치 97/110 (50개 종목)...
[ticker_fetcher] 1단계 필터링 배치 98/110 (50개 종목)...
[ticker_fetcher] 1단계 필터링 배치 99/110 (50개 종목)...
[ticker_fetcher] 1단계 필터링 배치 100/110 (50개 종목)...
[ticker_fetcher] 1단계 필터링 배치 101/110 (50개 종목)...
[ticker_fetcher] 1단계 필터링 배치 102/110 (50개 종목)...
[ticker_fetcher] 1단계 필터링 배치 103/110 (50개 종목)...
[ticker_fetcher] 1단계 필터링 배치 104/110 (50개 종목)...
[ticker_fetcher] 1단계 필터링 배치 105/110 (50개 종목)...
[ticker_fetcher] 1단계 필터링 배치 106/110 (50개 종목)...
[ticker_fetcher] 1단계 필터링 배치 107/110 (50개 종목)...
[ticker_fetcher] 1단계 필터링 배치 108/110 (50개 종목)...
[ticker_fetcher] 1단계 필터링 배치 109/110 (50개 종목)...
[ticker_fetcher] 1단계 필터링 배치 110/110 (3개 종목)...
[ticker_fetcher] 1단계 필터링 완료: 5453개 → 3961개 (가격 ≥ $1.0, 평균 거래량 ≥ 100,000)

============================================================
[2단계] 바닥 탈출 / 강세 돌파 후보 선별
============================================================
[2단계] 배치 1/80 (50개 종목 분석 중)...
[2단계] 배치 2/80 (50개 종목 분석 중)...
[2단계] 배치 3/80 (50개 종목 분석 중)...
[2단계] 배치 4/80 (50개 종목 분석 중)...
[2단계] 배치 5/80 (50개 종목 분석 중)...
[2단계] 배치 6/80 (50개 종목 분석 중)...
[2단계] 배치 7/80 (50개 종목 분석 중)...
[2단계] 배치 8/80 (50개 종목 분석 중)...
[2단계] 배치 9/80 (50개 종목 분석 중)...
[2단계] 배치 10/80 (50개 종목 분석 중)...
[2단계] 배치 11/80 (50개 종목 분석 중)...
[2단계] 배치 12/80 (50개 종목 분석 중)...
[2단계] 배치 13/80 (50개 종목 분석 중)...
[2단계] 배치 14/80 (50개 종목 분석 중)...
[2단계] 배치 15/80 (50개 종목 분석 중)...
[2단계] 배치 16/80 (50개 종목 분석 중)...
[2단계] 배치 17/80 (50개 종목 분석 중)...
[2단계] 배치 18/80 (50개 종목 분석 중)...
[2단계] 배치 19/80 (50개 종목 분석 중)...
[2단계] 배치 20/80 (50개 종목 분석 중)...
[2단계] 배치 21/80 (50개 종목 분석 중)...
[2단계] 배치 22/80 (50개 종목 분석 중)...
[2단계] 배치 23/80 (50개 종목 분석 중)...
[2단계] 배치 24/80 (50개 종목 분석 중)...
[2단계] 배치 25/80 (50개 종목 분석 중)...
[2단계] 배치 26/80 (50개 종목 분석 중)...
[2단계] 배치 27/80 (50개 종목 분석 중)...
[2단계] 배치 28/80 (50개 종목 분석 중)...
[2단계] 배치 29/80 (50개 종목 분석 중)...
[2단계] 배치 30/80 (50개 종목 분석 중)...
[2단계] 배치 31/80 (50개 종목 분석 중)...
[2단계] 배치 32/80 (50개 종목 분석 중)...
[2단계] 배치 33/80 (50개 종목 분석 중)...
[2단계] 배치 34/80 (50개 종목 분석 중)...
[2단계] 배치 35/80 (50개 종목 분석 중)...
[2단계] 배치 36/80 (50개 종목 분석 중)...
[2단계] 배치 37/80 (50개 종목 분석 중)...
[2단계] 배치 38/80 (50개 종목 분석 중)...
[2단계] 배치 39/80 (50개 종목 분석 중)...
[2단계] 배치 40/80 (50개 종목 분석 중)...
[2단계] 배치 41/80 (50개 종목 분석 중)...
[2단계] 배치 42/80 (50개 종목 분석 중)...
[2단계] 배치 43/80 (50개 종목 분석 중)...
[2단계] 배치 44/80 (50개 종목 분석 중)...
[2단계] 배치 45/80 (50개 종목 분석 중)...
[2단계] 배치 46/80 (50개 종목 분석 중)...
[2단계] 배치 47/80 (50개 종목 분석 중)...
[2단계] 배치 48/80 (50개 종목 분석 중)...
[2단계] 배치 49/80 (50개 종목 분석 중)...
[2단계] 배치 50/80 (50개 종목 분석 중)...
[2단계] 배치 51/80 (50개 종목 분석 중)...
[2단계] 배치 52/80 (50개 종목 분석 중)...
[2단계] 배치 53/80 (50개 종목 분석 중)...
[2단계] 배치 54/80 (50개 종목 분석 중)...
[2단계] 배치 55/80 (50개 종목 분석 중)...
[2단계] 배치 56/80 (50개 종목 분석 중)...
[2단계] 배치 57/80 (50개 종목 분석 중)...
[2단계] 배치 58/80 (50개 종목 분석 중)...
[2단계] 배치 59/80 (50개 종목 분석 중)...
[2단계] 배치 60/80 (50개 종목 분석 중)...
[2단계] 배치 61/80 (50개 종목 분석 중)...
[2단계] 배치 62/80 (50개 종목 분석 중)...
[2단계] 배치 63/80 (50개 종목 분석 중)...
[2단계] 배치 64/80 (50개 종목 분석 중)...
[2단계] 배치 65/80 (50개 종목 분석 중)...
[2단계] 배치 66/80 (50개 종목 분석 중)...
[2단계] 배치 67/80 (50개 종목 분석 중)...
[2단계] 배치 68/80 (50개 종목 분석 중)...
[2단계] 배치 69/80 (50개 종목 분석 중)...
[2단계] 배치 70/80 (50개 종목 분석 중)...
[2단계] 배치 71/80 (50개 종목 분석 중)...
[2단계] 배치 72/80 (50개 종목 분석 중)...
[2단계] 배치 73/80 (50개 종목 분석 중)...
[2단계] 배치 74/80 (50개 종목 분석 중)...
[2단계] 배치 75/80 (50개 종목 분석 중)...
[2단계] 배치 76/80 (50개 종목 분석 중)...
[2단계] 배치 77/80 (50개 종목 분석 중)...
[2단계] 배치 78/80 (50개 종목 분석 중)...
[2단계] 배치 79/80 (50개 종목 분석 중)...
[2단계] 배치 80/80 (11개 종목 분석 중)...
[2단계] 필터링 완료: 3961개 → 885개 후보 선별

============================================================
[3단계] 885개 후보 종목 정밀 분석
============================================================
[OHLCV] 배치 다운로드 1/18 (50개 종목, period=5y)...
[OHLCV] 배치 다운로드 2/18 (50개 종목, period=5y)...
[OHLCV] 배치 다운로드 3/18 (50개 종목, period=5y)...
[OHLCV] 배치 다운로드 4/18 (50개 종목, period=5y)...
[OHLCV] 배치 다운로드 5/18 (50개 종목, period=5y)...
[OHLCV] 배치 다운로드 6/18 (50개 종목, period=5y)...
[OHLCV] 배치 다운로드 7/18 (50개 종목, period=5y)...
[OHLCV] 배치 다운로드 8/18 (50개 종목, period=5y)...
[OHLCV] 배치 다운로드 9/18 (50개 종목, period=5y)...
[OHLCV] 배치 다운로드 10/18 (50개 종목, period=5y)...
[OHLCV] 배치 다운로드 11/18 (50개 종목, period=5y)...
[OHLCV] 배치 다운로드 12/18 (50개 종목, period=5y)...
[OHLCV] 배치 다운로드 13/18 (50개 종목, period=5y)...
[OHLCV] 배치 다운로드 14/18 (50개 종목, period=5y)...
[OHLCV] 배치 다운로드 15/18 (50개 종목, period=5y)...
[OHLCV] 배치 다운로드 16/18 (50개 종목, period=5y)...
[OHLCV] 배치 다운로드 17/18 (50개 종목, period=5y)...
[OHLCV] 배치 다운로드 18/18 (35개 종목, period=5y)...
[DataValidator] 693건의 데이터 품질 경고 발생
Warning:  AAOI: 비정상 가격 변동 67.1% (2023-08-04) — 스플릿/데이터 오류 가능
Warning:  AARD: Close NaN 비율 66.9% (기준: 30%)
Warning:  AARD: 비정상 가격 변동 56.2% (2026-03-02) — 스플릿/데이터 오류 가능
Warning:  ABAT: 비정상 가격 변동 60.4% (2024-12-23) — 스플릿/데이터 오류 가능
Warning:  ABTC: 비정상 가격 변동 173.1% (2025-05-12) — 스플릿/데이터 오류 가능
Warning:  ACET: 비정상 가격 변동 54.3% (2023-06-27) — 스플릿/데이터 오류 가능
Warning:  ADCT: 비정상 가격 변동 63.1% (2023-12-13) — 스플릿/데이터 오류 가능
Warning:  AEHL: 비정상 가격 변동 135.3% (2026-05-08) — 스플릿/데이터 오류 가능
Warning:  AEMD: 비정상 가격 변동 374.1% (2026-09-17) — 스플릿/데이터 오류 가능
Warning:  AGRZ: Close NaN 비율 79.5% (기준: 30%)
Warning:  AGRZ: 비정상 가격 변동 153.6% (2026-03-12) — 스플릿/데이터 오류 가능
Warning:  AHG: 비정상 가격 변동 98.4% (2021-10-20) — 스플릿/데이터 오류 가능
Warning:  AHMA: Close NaN 비율 80.6% (기준: 30%)
Warning:  AHMA: 비정상 가격 변동 198.1% (2025-12-01) — 스플릿/데이터 오류 가능
Warning:  AIB: Close NaN 비율 88.6% (기준: 30%)
Warning:  AIFF: 비정상 가격 변동 171.0% (2025-02-11) — 스플릿/데이터 오류 가능
Warning:  AIIO: 비정상 가격 변동 116.1% (2026-05-14) — 스플릿/데이터 오류 가능
Warning:  AIMD: 비정상 가격 변동 184.3% (2022-06-30) — 스플릿/데이터 오류 가능
Warning:  AIRO: Close NaN 비율 73.5% (기준: 30%)
Warning:  AIRS: 비정상 가격 변동 51.6% (2026-03-16) — 스플릿/데이터 오류 가능
Warning:  AISP: 비정상 가격 변동 200.0% (2024-03-05) — 스플릿/데이터 오류 가능
Warning:  AIXI: 비정상 가격 변동 693.3% (2026-07-29) — 스플릿/데이터 오류 가능
Warning:  AKAN: 비정상 가격 변동 214.2% (2026-04-22) — 스플릿/데이터 오류 가능
Warning:  ALAR: 비정상 가격 변동 51.5% (2026-07-06) — 스플릿/데이터 오류 가능
Warning:  ALMS: Close NaN 비율 54.4% (기준: 30%)
Warning:  ALMS: 비정상 가격 변동 95.3% (2026-01-06) — 스플릿/데이터 오류 가능
Warning:  ALMU: 비정상 가격 변동 66.7% (2023-03-20) — 스플릿/데이터 오류 가능
Warning:  ALOY: 비정상 가격 변동 226.6% (2025-01-22) — 스플릿/데이터 오류 가능
Warning:  ALP: 비정상 가격 변동 5174.7% (2026-08-07) — 스플릿/데이터 오류 가능
Warning:  ALT: 비정상 가격 변동 54.7% (2023-03-21) — 스플릿/데이터 오류 가능
Warning:  ALXO: 비정상 가격 변동 56.1% (2023-10-03) — 스플릿/데이터 오류 가능
Warning:  AMCI: 비정상 가격 변동 168.3% (2025-12-15) — 스플릿/데이터 오류 가능
Warning:  AMIX: Close NaN 비율 46.1% (기준: 30%)
Warning:  AMIX: 비정상 가격 변동 434.2% (2026-08-04) — 스플릿/데이터 오류 가능
Warning:  AMOD: 비정상 가격 변동 198.3% (2026-10-02) — 스플릿/데이터 오류 가능
Warning:  AMPG: 비정상 가격 변동 94.6% (2024-12-11) — 스플릿/데이터 오류 가능
Warning:  AMPL: 비정상 가격 변동 58.9% (2022-02-17) — 스플릿/데이터 오류 가능
Warning:  AMPX: 비정상 가격 변동 86.4% (2022-09-20) — 스플릿/데이터 오류 가능
Warning:  AMSC: 비정상 가격 변동 60.0% (2023-08-01) — 스플릿/데이터 오류 가능
Warning:  ANNA: 비정상 가격 변동 86.5% (2026-03-20) — 스플릿/데이터 오류 가능
Warning:  ANVS: 비정상 가격 변동 76.1% (2024-07-02) — 스플릿/데이터 오류 가능
Warning:  APLD: 비정상 가격 변동 100.0% (2022-07-19) — 스플릿/데이터 오류 가능
Warning:  APUS: Close NaN 비율 71.6% (기준: 30%)
Warning:  APUS: 비정상 가격 변동 114.8% (2026-09-24) — 스플릿/데이터 오류 가능
Warning:  APUS: 거래량 0 연속 21일 (기준: 5일) — 상장폐지/거래정지 가능
Warning:  APYX: 비정상 가격 변동 60.5% (2022-11-10) — 스플릿/데이터 오류 가능
Warning:  AREC: 비정상 가격 변동 83.5% (2025-04-16) — 스플릿/데이터 오류 가능
Warning:  ARMP: 비정상 가격 변동 103.2% (2025-10-22) — 스플릿/데이터 오류 가능
Warning:  ARQQ: 비정상 가격 변동 56.9% (2025-03-17) — 스플릿/데이터 오류 가능
Warning:  ARTL: 비정상 가격 변동 230.4% (2026-03-27) — 스플릿/데이터 오류 가능
Warning:  ASTI: 비정상 가격 변동 143.8% (2025-06-26) — 스플릿/데이터 오류 가능
Warning:  ASTS: 비정상 가격 변동 69.2% (2024-05-29) — 스플릿/데이터 오류 가능
Warning:  ATLX: 비정상 가격 변동 60.5% (2023-02-23) — 스플릿/데이터 오류 가능
Warning:  ATOM: 비정상 가격 변동 64.0% (2026-02-13) — 스플릿/데이터 오류 가능
Warning:  ATTT: Close NaN 비율 52.8% (기준: 30%)
Warning:  ATTT: 비정상 가격 변동 94.3% (2025-03-11) — 스플릿/데이터 오류 가능
Warning:  AURE: Close NaN 비율 34.8% (기준: 30%)
Warning:  AURE: 비정상 가격 변동 89.7% (2024-08-26) — 스플릿/데이터 오류 가능
Warning:  AVAT: Close NaN 비율 66.3% (기준: 30%)
Warning:  AVAT: 비정상 가격 변동 73.1% (2026-09-21) — 스플릿/데이터 오류 가능
Warning:  AVBP: Close NaN 비율 46.0% (기준: 30%)
Warning:  AVEX: Close NaN 비율 90.4% (기준: 30%)
Warning:  AVX: 비정상 가격 변동 137.8% (2025-09-22) — 스플릿/데이터 오류 가능
Warning:  AZIO: 비정상 가격 변동 442.1% (2026-01-12) — 스플릿/데이터 오류 가능
Warning:  BATL: 비정상 가격 변동 211.7% (2026-01-26) — 스플릿/데이터 오류 가능
Warning:  BBAI: 비정상 가격 변동 260.5% (2023-01-12) — 스플릿/데이터 오류 가능
Warning:  BBOT: Close NaN 비율 46.8% (기준: 30%)
Warning:  BCTX: 비정상 가격 변동 1494.6% (2025-01-29) — 스플릿/데이터 오류 가능
Warning:  BDTX: 비정상 가격 변동 235.9% (2023-06-27) — 스플릿/데이터 오류 가능
Warning:  BENF: 비정상 가격 변동 439.0% (2026-09-23) — 스플릿/데이터 오류 가능
Warning:  BETR: 비정상 가격 변동 223.0% (2023-07-25) — 스플릿/데이터 오류 가능
Warning:  BGIN: Close NaN 비율 80.6% (기준: 30%)
Warning:  BIAF: 비정상 가격 변동 319.2% (2025-04-01) — 스플릿/데이터 오류 가능
Warning:  BIOA: Close NaN 비율 59.4% (기준: 30%)
Warning:  BIOA: 비정상 가격 변동 76.9% (2024-12-09) — 스플릿/데이터 오류 가능
Warning:  BIRD: 비정상 가격 변동 582.3% (2026-04-15) — 스플릿/데이터 오류 가능
Warning:  BIYA: Close NaN 비율 68.9% (기준: 30%)
Warning:  BIYA: 비정상 가격 변동 116.1% (2026-07-27) — 스플릿/데이터 오류 가능
Warning:  BKKT: 비정상 가격 변동 234.4% (2021-10-25) — 스플릿/데이터 오류 가능
Warning:  BKSY: 비정상 가격 변동 97.5% (2022-05-25) — 스플릿/데이터 오류 가능
Warning:  BKYI: 비정상 가격 변동 98.0% (2024-09-10) — 스플릿/데이터 오류 가능
Warning:  BLSH: Close NaN 비율 76.8% (기준: 30%)
Warning:  BMGL: Close NaN 비율 67.5% (기준: 30%)
Warning:  BMGL: 비정상 가격 변동 484.6% (2025-05-30) — 스플릿/데이터 오류 가능
Warning:  BMNR: Close NaN 비율 73.1% (기준: 30%)
Warning:  BMNR: 비정상 가격 변동 694.8% (2025-06-30) — 스플릿/데이터 오류 가능
Warning:  BNAI: 비정상 가격 변동 276.7% (2026-01-26) — 스플릿/데이터 오류 가능
Warning:  BNKK: 비정상 가격 변동 51.1% (2025-08-11) — 스플릿/데이터 오류 가능
Warning:  BRCB: Close NaN 비율 78.5% (기준: 30%)
Warning:  BRNX: 비정상 가격 변동 140.3% (2024-08-30) — 스플릿/데이터 오류 가능
Warning:  BRUN: Close NaN 비율 64.5% (기준: 30%)
Warning:  BSEM: 비정상 가격 변동 72.9% (2021-10-13) — 스플릿/데이터 오류 가능
Warning:  BTCS: 비정상 가격 변동 111.1% (2025-07-08) — 스플릿/데이터 오류 가능
Warning:  BTCT: 비정상 가격 변동 316.7% (2024-11-12) — 스플릿/데이터 오류 가능
Warning:  BTDR: 비정상 가격 변동 50.9% (2023-06-16) — 스플릿/데이터 오류 가능
Warning:  BTGO: Close NaN 비율 85.6% (기준: 30%)
Warning:  BTQ: Close NaN 비율 79.3% (기준: 30%)
Warning:  BTQ: 비정상 가격 변동 51.5% (2025-10-07) — 스플릿/데이터 오류 가능
Warning:  BULL: 비정상 가격 변동 374.7% (2025-04-14) — 스플릿/데이터 오류 가능
Warning:  BUR: 비정상 가격 변동 53.2% (2023-03-31) — 스플릿/데이터 오류 가능
Warning:  BW: 비정상 가격 변동 66.9% (2025-06-05) — 스플릿/데이터 오류 가능
Warning:  BXBL: Close NaN 비율 66.8% (기준: 30%)
Warning:  BYAH: Close NaN 비율 64.5% (기준: 30%)
Warning:  BYAH: 비정상 가격 변동 150.0% (2026-06-08) — 스플릿/데이터 오류 가능
Warning:  BYND: 비정상 가격 변동 146.3% (2025-10-21) — 스플릿/데이터 오류 가능
Warning:  CABA: 비정상 가격 변동 73.1% (2021-12-14) — 스플릿/데이터 오류 가능
Warning:  CAPR: 비정상 가격 변동 371.1% (2025-12-03) — 스플릿/데이터 오류 가능
Warning:  CAR: 비정상 가격 변동 108.3% (2021-11-02) — 스플릿/데이터 오류 가능
Warning:  CAST: Close NaN 비율 88.2% (기준: 30%)
Warning:  CAST: 비정상 가격 변동 144.2% (2026-08-18) — 스플릿/데이터 오류 가능
Warning:  CATX: 비정상 가격 변동 66.4% (2026-01-29) — 스플릿/데이터 오류 가능
Warning:  CBUS: 비정상 가격 변동 89.8% (2023-01-17) — 스플릿/데이터 오류 가능
Warning:  CD: 비정상 가격 변동 81.4% (2024-11-11) — 스플릿/데이터 오류 가능
Warning:  CDNL: Close NaN 비율 83.4% (기준: 30%)
Warning:  CDTG: Close NaN 비율 50.6% (기준: 30%)
Warning:  CDTG: 비정상 가격 변동 88.4% (2025-09-09) — 스플릿/데이터 오류 가능
Warning:  CELC: 비정상 가격 변동 167.2% (2025-07-28) — 스플릿/데이터 오류 가능
Warning:  CHGA: 비정상 가격 변동 316.9% (2024-06-03) — 스플릿/데이터 오류 가능
Warning:  CHR: 비정상 가격 변동 70.6% (2025-10-01) — 스플릿/데이터 오류 가능
Warning:  CHSN: 비정상 가격 변동 387.2% (2024-10-04) — 스플릿/데이터 오류 가능
Warning:  CLDI: 비정상 가격 변동 109.0% (2025-07-09) — 스플릿/데이터 오류 가능
Warning:  CLIK: Close NaN 비율 60.1% (기준: 30%)
Warning:  CLIK: 비정상 가격 변동 153.6% (2025-05-15) — 스플릿/데이터 오류 가능
Warning:  CLLS: 비정상 가격 변동 172.2% (2023-11-01) — 스플릿/데이터 오류 가능
Warning:  CLNN: 비정상 가격 변동 53.6% (2025-06-02) — 스플릿/데이터 오류 가능
Warning:  CLPT: 비정상 가격 변동 58.6% (2025-09-24) — 스플릿/데이터 오류 가능
Warning:  CLRO: 비정상 가격 변동 166.3% (2026-08-06) — 스플릿/데이터 오류 가능
Warning:  CMCT: 비정상 가격 변동 888.2% (2025-01-06) — 스플릿/데이터 오류 가능
Warning:  CMTL: 비정상 가격 변동 87.6% (2024-06-18) — 스플릿/데이터 오류 가능
Warning:  CNSY: 비정상 가격 변동 311.4% (2025-03-06) — 스플릿/데이터 오류 가능
Warning:  CNTN: 비정상 가격 변동 206.8% (2025-08-20) — 스플릿/데이터 오류 가능
Warning:  CODX: 비정상 가격 변동 259.0% (2025-10-27) — 스플릿/데이터 오류 가능
Warning:  CPOP: 비정상 가격 변동 1492.2% (2026-08-07) — 스플릿/데이터 오류 가능
Warning:  CPS: 비정상 가격 변동 69.6% (2022-08-05) — 스플릿/데이터 오류 가능
Warning:  CPSH: 비정상 가격 변동 85.3% (2026-05-26) — 스플릿/데이터 오류 가능
Warning:  CRBP: 비정상 가격 변동 249.4% (2024-01-26) — 스플릿/데이터 오류 가능
Warning:  CRDF: 비정상 가격 변동 64.4% (2024-03-01) — 스플릿/데이터 오류 가능
Warning:  CRE: Close NaN 비율 75.6% (기준: 30%)
Warning:  CRE: 비정상 가격 변동 165.0% (2026-08-26) — 스플릿/데이터 오류 가능
Warning:  CRML: 비정상 가격 변동 120.6% (2024-02-27) — 스플릿/데이터 오류 가능
Warning:  CRMT: 비정상 가격 변동 55.0% (2026-06-10) — 스플릿/데이터 오류 가능
Warning:  CRVO: 비정상 가격 변동 161.4% (2025-03-12) — 스플릿/데이터 오류 가능
Warning:  CRVS: 비정상 가격 변동 166.0% (2026-01-20) — 스플릿/데이터 오류 가능
Warning:  CSAI: Close NaN 비율 66.1% (기준: 30%)
Warning:  CSAI: 비정상 가격 변동 128.9% (2025-02-10) — 스플릿/데이터 오류 가능
Warning:  CTEV: 비정상 가격 변동 94.9% (2024-12-24) — 스플릿/데이터 오류 가능
Warning:  CTMX: 비정상 가격 변동 214.7% (2024-05-01) — 스플릿/데이터 오류 가능
Warning:  CTNT: Close NaN 비율 36.2% (기준: 30%)
Warning:  CTNT: 비정상 가격 변동 437.8% (2024-05-14) — 스플릿/데이터 오류 가능
Warning:  CTNT: 거래량 0 연속 7일 (기준: 5일) — 상장폐지/거래정지 가능
Warning:  CTRI: Close NaN 비율 50.6% (기준: 30%)
Warning:  CUPR: Close NaN 비율 70.0% (기준: 30%)
Warning:  CUPR: 비정상 가격 변동 130.8% (2025-09-10) — 스플릿/데이터 오류 가능
Warning:  CV: Close NaN 비율 74.5% (기준: 30%)
Warning:  CVRX: 비정상 가격 변동 59.8% (2026-08-07) — 스플릿/데이터 오류 가능
Warning:  CXAI: 비정상 가격 변동 345.6% (2023-04-13) — 스플릿/데이터 오류 가능
Warning:  CYCU: Close NaN 비율 67.1% (기준: 30%)
Warning:  CYCU: 비정상 가격 변동 496.3% (2026-07-30) — 스플릿/데이터 오류 가능
Warning:  DAIC: Close NaN 비율 73.9% (기준: 30%)
Warning:  DAIC: 비정상 가격 변동 306.1% (2026-08-24) — 스플릿/데이터 오류 가능
Warning:  DBGI: 비정상 가격 변동 150.0% (2025-02-14) — 스플릿/데이터 오류 가능
Warning:  DBVT: 비정상 가격 변동 536.2% (2024-11-29) — 스플릿/데이터 오류 가능
Warning:  DCOY: 비정상 가격 변동 134.5% (2025-01-13) — 스플릿/데이터 오류 가능
Warning:  DCX: 비정상 가격 변동 188.1% (2025-09-19) — 스플릿/데이터 오류 가능
Warning:  DFDV: Close NaN 비율 35.8% (기준: 30%)
Warning:  DFDV: 비정상 가격 변동 842.5% (2025-04-07) — 스플릿/데이터 오류 가능
Warning:  DFNS: 비정상 가격 변동 754.7% (2024-12-17) — 스플릿/데이터 오류 가능
Warning:  DGNX: Close NaN 비율 65.7% (기준: 30%)
Warning:  DGNX: 비정상 가격 변동 234.6% (2025-01-29) — 스플릿/데이터 오류 가능
Warning:  DJT: 비정상 가격 변동 356.8% (2021-10-21) — 스플릿/데이터 오류 가능
Warning:  DOMH: 비정상 가격 변동 91.3% (2025-02-10) — 스플릿/데이터 오류 가능
Warning:  DPRO: 비정상 가격 변동 52.8% (2024-02-22) — 스플릿/데이터 오류 가능
Warning:  DPU: Close NaN 비율 30.4% (기준: 30%)
Warning:  DPU: 비정상 가격 변동 87.1% (2024-11-27) — 스플릿/데이터 오류 가능
Warning:  DRK: 비정상 가격 변동 111.6% (2026-06-01) — 스플릿/데이터 오류 가능
Warning:  DTCX: 비정상 가격 변동 69.3% (2023-05-12) — 스플릿/데이터 오류 가능
Warning:  DXST: Close NaN 비율 65.7% (기준: 30%)
Warning:  DXST: 비정상 가격 변동 209.4% (2026-06-02) — 스플릿/데이터 오류 가능
Warning:  DXYZ: Close NaN 비율 49.2% (기준: 30%)
Warning:  DXYZ: 비정상 가격 변동 95.6% (2024-03-27) — 스플릿/데이터 오류 가능
Warning:  EBS: 비정상 가격 변동 78.3% (2024-02-21) — 스플릿/데이터 오류 가능
Warning:  ECO: Close NaN 비율 36.9% (기준: 30%)
Warning:  EDBL: 비정상 가격 변동 80.0% (2025-05-20) — 스플릿/데이터 오류 가능
Warning:  EDHL: Close NaN 비율 70.4% (기준: 30%)
Warning:  EDHL: 비정상 가격 변동 114.4% (2025-10-14) — 스플릿/데이터 오류 가능
Warning:  EGG: Close NaN 비율 73.8% (기준: 30%)
Warning:  EGG: 비정상 가격 변동 85.9% (2026-07-28) — 스플릿/데이터 오류 가능
Warning:  EIKN: Close NaN 비율 86.5% (기준: 30%)
Warning:  EJH: 비정상 가격 변동 91.8% (2022-12-22) — 스플릿/데이터 오류 가능
Warning:  ELPW: Close NaN 비율 31.2% (기준: 30%)
Warning:  ELPW: 비정상 가격 변동 3141.9% (2026-01-30) — 스플릿/데이터 오류 가능
Warning:  ELTX: 비정상 가격 변동 81.5% (2023-06-02) — 스플릿/데이터 오류 가능
Warning:  EMAT: Close NaN 비율 84.9% (기준: 30%)
Warning:  EMBC: 비정상 가격 변동 57.8% (2026-05-05) — 스플릿/데이터 오류 가능
Warning:  EMPD: 비정상 가격 변동 134.3% (2025-07-17) — 스플릿/데이터 오류 가능
Warning:  ENGN: 비정상 가격 변동 116.5% (2024-02-14) — 스플릿/데이터 오류 가능
Warning:  ENGS: Close NaN 비율 69.5% (기준: 30%)
Warning:  ENGS: 비정상 가격 변동 67.6% (2025-11-06) — 스플릿/데이터 오류 가능
Warning:  EPSM: Close NaN 비율 69.2% (기준: 30%)
Warning:  EPSM: 비정상 가격 변동 411.5% (2025-09-09) — 스플릿/데이터 오류 가능
Warning:  EQ: 비정상 가격 변동 82.1% (2025-08-01) — 스플릿/데이터 오류 가능
Warning:  EQPT: Close NaN 비율 85.7% (기준: 30%)
Warning:  EVGO: 비정상 가격 변동 60.8% (2024-10-03) — 스플릿/데이터 오류 가능
Warning:  EVMN: Close NaN 비율 81.6% (기준: 30%)
Warning:  EVMN: 비정상 가격 변동 70.9% (2026-02-10) — 스플릿/데이터 오류 가능
Warning:  EYPT: 비정상 가격 변동 177.5% (2023-12-04) — 스플릿/데이터 오류 가능
Warning:  EZRA: 비정상 가격 변동 159.2% (2024-12-23) — 스플릿/데이터 오류 가능
Warning:  FAC: Close NaN 비율 74.0% (기준: 30%)
Warning:  FBGL: Close NaN 비율 66.5% (기준: 30%)
Warning:  FBLG: Close NaN 비율 46.2% (기준: 30%)
Warning:  FBLG: 비정상 가격 변동 88.4% (2024-02-13) — 스플릿/데이터 오류 가능
Warning:  FBYD: Close NaN 비율 39.9% (기준: 30%)
Warning:  FBYD: 비정상 가격 변동 75.4% (2023-10-18) — 스플릿/데이터 오류 가능
Warning:  FEAM: 비정상 가격 변동 51.5% (2024-12-30) — 스플릿/데이터 오류 가능
Warning:  FFAI: 비정상 가격 변동 367.2% (2024-05-14) — 스플릿/데이터 오류 가능
Warning:  FFR: 비정상 가격 변동 111.7% (2024-07-12) — 스플릿/데이터 오류 가능
Warning:  FGL: Close NaN 비율 60.9% (기준: 30%)
Warning:  FGL: 비정상 가격 변동 56.0% (2026-02-10) — 스플릿/데이터 오류 가능
Warning:  FHTX: 비정상 가격 변동 55.4% (2024-02-08) — 스플릿/데이터 오류 가능
Warning:  FIG: Close NaN 비율 76.1% (기준: 30%)
Warning:  FIGR: Close NaN 비율 78.4% (기준: 30%)
Warning:  FJET: Close NaN 비율 83.9% (기준: 30%)
Warning:  FJET: 비정상 가격 변동 370.9% (2025-12-22) — 스플릿/데이터 오류 가능
Warning:  FLX: Close NaN 비율 59.8% (기준: 30%)
Warning:  FLX: 비정상 가격 변동 57.0% (2025-04-02) — 스플릿/데이터 오류 가능
Warning:  FLY: Close NaN 비율 76.5% (기준: 30%)
Warning:  FLYE: Close NaN 비율 53.2% (기준: 30%)
Warning:  FLYE: 비정상 가격 변동 252.5% (2025-12-01) — 스플릿/데이터 오류 가능
Warning:  FLYX: Close NaN 비율 44.5% (기준: 30%)
Warning:  FLYX: 비정상 가격 변동 130.3% (2026-01-08) — 스플릿/데이터 오류 가능
Warning:  FNUC: 비정상 가격 변동 348.1% (2024-12-18) — 스플릿/데이터 오류 가능
Warning:  FOFO: Close NaN 비율 78.5% (기준: 30%)
Warning:  FOFO: 비정상 가격 변동 64.3% (2026-06-03) — 스플릿/데이터 오류 가능
Warning:  FOSL: 비정상 가격 변동 61.0% (2024-12-02) — 스플릿/데이터 오류 가능
Warning:  FRMI: Close NaN 비율 79.5% (기준: 30%)
Warning:  FRMM: 비정상 가격 변동 325.7% (2024-10-16) — 스플릿/데이터 오류 가능
Warning:  FTCI: 비정상 가격 변동 104.0% (2024-09-11) — 스플릿/데이터 오류 가능
Warning:  FTFT: 비정상 가격 변동 179.2% (2026-09-14) — 스플릿/데이터 오류 가능
Warning:  FUBO: 비정상 가격 변동 251.4% (2025-01-06) — 스플릿/데이터 오류 가능
Warning:  FULC: 비정상 가격 변동 61.1% (2024-09-12) — 스플릿/데이터 오류 가능
Warning:  FWDI: 비정상 가격 변동 58.7% (2025-09-08) — 스플릿/데이터 오류 가능
Warning:  GCTK: 비정상 가격 변동 238.1% (2023-04-06) — 스플릿/데이터 오류 가능
Warning:  GDC: 비정상 가격 변동 1140.0% (2023-05-01) — 스플릿/데이터 오류 가능
Warning:  GDHG: Close NaN 비율 30.1% (기준: 30%)
Warning:  GDHG: 비정상 가격 변동 94.4% (2025-03-25) — 스플릿/데이터 오류 가능
Warning:  GEMI: Close NaN 비율 78.5% (기준: 30%)
Warning:  GEVO: 비정상 가격 변동 59.2% (2025-08-12) — 스플릿/데이터 오류 가능
Warning:  GLAS: 비정상 가격 변동 59.7% (2025-12-12) — 스플릿/데이터 오류 가능
Warning:  GLND: Close NaN 비율 88.9% (기준: 30%)
Warning:  GLND: 비정상 가격 변동 140.0% (2026-09-21) — 스플릿/데이터 오류 가능
Warning:  GLOO: Close NaN 비율 82.2% (기준: 30%)
Warning:  GLUE: 비정상 가격 변동 93.9% (2024-10-28) — 스플릿/데이터 오류 가능
Warning:  GLXY: Close NaN 비율 72.0% (기준: 30%)
Warning:  GMEX: Close NaN 비율 36.6% (기준: 30%)
Warning:  GMEX: 비정상 가격 변동 806.7% (2026-08-04) — 스플릿/데이터 오류 가능
Warning:  GMTL: Close NaN 비율 88.8% (기준: 30%)
Warning:  GNLX: 비정상 가격 변동 60.4% (2023-03-06) — 스플릿/데이터 오류 가능
Warning:  GNPX: 비정상 가격 변동 265.6% (2024-10-21) — 스플릿/데이터 오류 가능
Warning:  GOAI: Close NaN 비율 86.0% (기준: 30%)
Warning:  GOSS: 비정상 가격 변동 80.1% (2026-02-23) — 스플릿/데이터 오류 가능
Warning:  GOW: Close NaN 비율 68.1% (기준: 30%)
Warning:  GOW: 비정상 가격 변동 75.7% (2026-09-30) — 스플릿/데이터 오류 가능
Warning:  GPCR: 비정상 가격 변동 102.5% (2025-12-08) — 스플릿/데이터 오류 가능
Warning:  GRAN: Close NaN 비율 74.4% (기준: 30%)
Warning:  GRCE: 비정상 가격 변동 52.3% (2021-12-22) — 스플릿/데이터 오류 가능
Warning:  GRML: 비정상 가격 변동 787.8% (2025-06-09) — 스플릿/데이터 오류 가능
Warning:  GSIT: 비정상 가격 변동 210.4% (2023-05-12) — 스플릿/데이터 오류 가능
Warning:  GURE: 비정상 가격 변동 72.8% (2025-12-05) — 스플릿/데이터 오류 가능
Warning:  GUTS: Close NaN 비율 46.4% (기준: 30%)
Warning:  GUTS: 비정상 가격 변동 68.0% (2026-01-29) — 스플릿/데이터 오류 가능
Warning:  GVH: Close NaN 비율 41.8% (기준: 30%)
Warning:  GVH: 비정상 가격 변동 74.2% (2025-06-26) — 스플릿/데이터 오류 가능
Warning:  HAFN: Close NaN 비율 50.0% (기준: 30%)
Warning:  HAO: Close NaN 비율 46.0% (기준: 30%)
Warning:  HAO: 비정상 가격 변동 2336.9% (2025-01-27) — 스플릿/데이터 오류 가능
Warning:  HCWB: 비정상 가격 변동 320.3% (2024-11-18) — 스플릿/데이터 오류 가능
Warning:  HLP: 비정상 가격 변동 55.3% (2024-01-03) — 스플릿/데이터 오류 가능
Warning:  HMR: Close NaN 비율 67.3% (기준: 30%)
Warning:  HMR: 비정상 가격 변동 69.5% (2025-03-10) — 스플릿/데이터 오류 가능
Warning:  HOLO: 비정상 가격 변동 1092.1% (2024-02-07) — 스플릿/데이터 오류 가능
Warning:  HOST: Close NaN 비율 58.7% (기준: 30%)
Warning:  HOST: 비정상 가격 변동 64.8% (2025-01-07) — 스플릿/데이터 오류 가능
Warning:  HOVR: 비정상 가격 변동 75.6% (2024-03-06) — 스플릿/데이터 오류 가능
Warning:  HQ: Close NaN 비율 88.8% (기준: 30%)
Warning:  HQ: 비정상 가격 변동 63.3% (2026-06-15) — 스플릿/데이터 오류 가능
Warning:  HSDT: 비정상 가격 변동 145.3% (2022-08-03) — 스플릿/데이터 오류 가능
Warning:  HTOO: 비정상 가격 변동 90.0% (2024-02-16) — 스플릿/데이터 오류 가능
Warning:  HTZ: 비정상 가격 변동 56.4% (2025-04-16) — 스플릿/데이터 오류 가능
Warning:  HUBC: 비정상 가격 변동 2283.2% (2026-07-29) — 스플릿/데이터 오류 가능
Warning:  HUHU: Close NaN 비율 60.8% (기준: 30%)
Warning:  HYLN: 비정상 가격 변동 50.0% (2025-05-28) — 스플릿/데이터 오류 가능
Warning:  HYMC: 비정상 가격 변동 203.0% (2022-03-08) — 스플릿/데이터 오류 가능
Warning:  HYPD: 비정상 가격 변동 134.7% (2025-06-17) — 스플릿/데이터 오류 가능
Warning:  ICCM: 비정상 가격 변동 200.5% (2026-06-17) — 스플릿/데이터 오류 가능
Warning:  IDN: 비정상 가격 변동 74.9% (2024-03-22) — 스플릿/데이터 오류 가능
Warning:  IMCC: 비정상 가격 변동 143.1% (2026-09-18) — 스플릿/데이터 오류 가능
Warning:  IMDX: 비정상 가격 변동 51.5% (2023-03-16) — 스플릿/데이터 오류 가능
Warning:  IMMP: 비정상 가격 변동 1952.6% (2026-08-04) — 스플릿/데이터 오류 가능
Warning:  IMMP: 거래량 0 연속 5일 (기준: 5일) — 상장폐지/거래정지 가능
Warning:  IMNN: 비정상 가격 변동 179.0% (2024-07-30) — 스플릿/데이터 오류 가능
Warning:  IMRN: 비정상 가격 변동 175.8% (2024-03-07) — 스플릿/데이터 오류 가능
Warning:  IMRX: 비정상 가격 변동 52.2% (2025-06-18) — 스플릿/데이터 오류 가능
Warning:  IMSR: Close NaN 비율 60.2% (기준: 30%)
Warning:  IMUX: 비정상 가격 변동 77.4% (2022-10-21) — 스플릿/데이터 오류 가능
Warning:  INDI: 비정상 가격 변동 59.8% (2024-11-08) — 스플릿/데이터 오류 가능
Warning:  INDO: 비정상 가격 변동 110.4% (2022-01-27) — 스플릿/데이터 오류 가능
Warning:  INDP: 비정상 가격 변동 114.9% (2026-06-04) — 스플릿/데이터 오류 가능
Warning:  INHD: Close NaN 비율 43.7% (기준: 30%)
Warning:  INHD: 비정상 가격 변동 3661.0% (2026-06-08) — 스플릿/데이터 오류 가능
Warning:  INHD: 거래량 0 연속 36일 (기준: 5일) — 상장폐지/거래정지 가능
Warning:  INLF: Close NaN 비율 64.7% (기준: 30%)
Warning:  INLF: 비정상 가격 변동 285.9% (2026-01-30) — 스플릿/데이터 오류 가능
Warning:  INSG: 비정상 가격 변동 53.7% (2023-05-04) — 스플릿/데이터 오류 가능
Warning:  INSM: 비정상 가격 변동 118.5% (2024-05-28) — 스플릿/데이터 오류 가능
Warning:  IPST: Close NaN 비율 62.6% (기준: 30%)
Warning:  IPST: 비정상 가격 변동 235.9% (2026-08-17) — 스플릿/데이터 오류 가능
Warning:  IPX: 비정상 가격 변동 99.1% (2023-06-13) — 스플릿/데이터 오류 가능
Warning:  IQST: 비정상 가격 변동 65.2% (2023-07-05) — 스플릿/데이터 오류 가능
Warning:  IREN: 비정상 가격 변동 67.0% (2023-02-15) — 스플릿/데이터 오류 가능
Warning:  ISPC: 비정상 가격 변동 159.7% (2025-09-09) — 스플릿/데이터 오류 가능
Warning:  IVA: 비정상 가격 변동 72.8% (2022-10-07) — 스플릿/데이터 오류 가능
Warning:  JAGU: Close NaN 비율 86.6% (기준: 30%)
Warning:  JAGU: 비정상 가격 변동 57.1% (2026-03-31) — 스플릿/데이터 오류 가능
Warning:  JAGX: 비정상 가격 변동 1190.6% (2026-09-22) — 스플릿/데이터 오류 가능
Warning:  JDZG: Close NaN 비율 52.0% (기준: 30%)
Warning:  JDZG: 비정상 가격 변동 136.1% (2024-10-17) — 스플릿/데이터 오류 가능
Warning:  JDZG: 거래량 0 연속 38일 (기준: 5일) — 상장폐지/거래정지 가능
Warning:  JLHL: Close NaN 비율 74.2% (기준: 30%)
Warning:  JLHL: 비정상 가격 변동 318.0% (2026-07-09) — 스플릿/데이터 오류 가능
Warning:  JMIA: 비정상 가격 변동 53.8% (2024-08-06) — 스플릿/데이터 오류 가능
Warning:  JTAI: 비정상 가격 변동 580.1% (2026-07-15) — 스플릿/데이터 오류 가능
Warning:  JZXN: 비정상 가격 변동 89.7% (2026-02-10) — 스플릿/데이터 오류 가능
Warning:  KAZR: Close NaN 비율 67.3% (기준: 30%)
Warning:  KAZR: 비정상 가격 변동 87.6% (2025-07-07) — 스플릿/데이터 오류 가능
Warning:  KC: 비정상 가격 변동 72.3% (2022-03-16) — 스플릿/데이터 오류 가능
Warning:  KD: 비정상 가격 변동 54.9% (2026-02-09) — 스플릿/데이터 오류 가능
Warning:  KDK: Close NaN 비율 79.2% (기준: 30%)
Warning:  KIDZ: Close NaN 비율 69.8% (기준: 30%)
Warning:  KIDZ: 비정상 가격 변동 366.1% (2025-05-01) — 스플릿/데이터 오류 가능
Warning:  KITT: 비정상 가격 변동 139.0% (2025-01-03) — 스플릿/데이터 오류 가능
Warning:  KLAR: Close NaN 비율 78.4% (기준: 30%)
Warning:  KLC: Close NaN 비율 60.1% (기준: 30%)
Warning:  KLRA: Close NaN 비율 90.4% (기준: 30%)
Warning:  KMRK: Close NaN 비율 75.2% (기준: 30%)
Warning:  KOD: 비정상 가격 변동 178.0% (2026-09-28) — 스플릿/데이터 오류 가능
Warning:  KRMN: Close NaN 비율 66.9% (기준: 30%)
Warning:  KRRO: 비정상 가격 변동 93.7% (2024-10-16) — 스플릿/데이터 오류 가능
Warning:  KULR: 비정상 가격 변동 75.6% (2024-11-25) — 스플릿/데이터 오류 가능
Warning:  KXIN: 비정상 가격 변동 171.4% (2024-10-02) — 스플릿/데이터 오류 가능
Warning:  LAC: Close NaN 비율 39.6% (기준: 30%)
Warning:  LAC: 비정상 가격 변동 95.8% (2025-09-24) — 스플릿/데이터 오류 가능
Warning:  LAES: Close NaN 비율 32.4% (기준: 30%)
Warning:  LAES: 비정상 가격 변동 102.3% (2023-05-24) — 스플릿/데이터 오류 가능
Warning:  LAW: 비정상 가격 변동 53.6% (2022-08-12) — 스플릿/데이터 오류 가능
Warning:  LBGJ: Close NaN 비율 60.9% (기준: 30%)
Warning:  LBGJ: 비정상 가격 변동 90.8% (2026-07-20) — 스플릿/데이터 오류 가능
Warning:  LCFY: 비정상 가격 변동 225.5% (2025-06-27) — 스플릿/데이터 오류 가능
Warning:  LFS: Close NaN 비율 80.0% (기준: 30%)
Warning:  LFS: 비정상 가격 변동 576.8% (2025-11-11) — 스플릿/데이터 오류 가능
Warning:  LGCL: Close NaN 비율 48.0% (기준: 30%)
Warning:  LGCL: 비정상 가격 변동 117.1% (2026-06-30) — 스플릿/데이터 오류 가능
Warning:  LGHL: 비정상 가격 변동 85.9% (2025-12-09) — 스플릿/데이터 오류 가능
Warning:  LGVN: 비정상 가격 변동 181.2% (2021-11-22) — 스플릿/데이터 오류 가능
Warning:  LHAI: Close NaN 비율 75.7% (기준: 30%)
Warning:  LHAI: 비정상 가격 변동 315.2% (2026-07-01) — 스플릿/데이터 오류 가능
Warning:  LIDR: 비정상 가격 변동 158.4% (2025-07-24) — 스플릿/데이터 오류 가능
Warning:  LIF: Close NaN 비율 53.2% (기준: 30%)
Warning:  LITS: 비정상 가격 변동 65.2% (2022-03-25) — 스플릿/데이터 오류 가능
Warning:  LONA: 비정상 가격 변동 78.4% (2024-09-04) — 스플릿/데이터 오류 가능
Warning:  LPCN: 비정상 가격 변동 77.8% (2026-04-02) — 스플릿/데이터 오류 가능
Warning:  LQDA: 비정상 가격 변동 57.2% (2026-09-30) — 스플릿/데이터 오류 가능
Warning:  LRHC: Close NaN 비율 40.1% (기준: 30%)
Warning:  LRHC: 비정상 가격 변동 548.6% (2026-07-29) — 스플릿/데이터 오류 가능
Warning:  LRMR: 비정상 가격 변동 61.2% (2026-02-25) — 스플릿/데이터 오류 가능
Warning:  LSTA: 비정상 가격 변동 86.6% (2026-01-21) — 스플릿/데이터 오류 가능
Warning:  LTBR: 비정상 가격 변동 57.5% (2024-10-18) — 스플릿/데이터 오류 가능
Warning:  LUMN: 비정상 가격 변동 93.1% (2024-08-06) — 스플릿/데이터 오류 가능
Warning:  LUNR: 비정상 가격 변동 251.4% (2023-02-16) — 스플릿/데이터 오류 가능
Warning:  LUXE: 비정상 가격 변동 56.8% (2024-10-07) — 스플릿/데이터 오류 가능
Warning:  LVWR: 비정상 가격 변동 153.5% (2025-05-27) — 스플릿/데이터 오류 가능
Warning:  LXEH: 비정상 가격 변동 85.7% (2024-03-21) — 스플릿/데이터 오류 가능
Warning:  LXEO: Close NaN 비율 41.5% (기준: 30%)
Warning:  LXEO: 비정상 가격 변동 50.9% (2025-03-24) — 스플릿/데이터 오류 가능
Warning:  LYEL: 비정상 가격 변동 68.6% (2025-06-04) — 스플릿/데이터 오류 가능
Warning:  LZMH: Close NaN 비율 67.6% (기준: 30%)
Warning:  LZMH: 비정상 가격 변동 84.0% (2026-04-17) — 스플릿/데이터 오류 가능
Warning:  MANE: Close NaN 비율 86.4% (기준: 30%)
Warning:  MAZE: Close NaN 비율 66.2% (기준: 30%)
Warning:  MAZE: 비정상 가격 변동 54.8% (2025-09-11) — 스플릿/데이터 오류 가능
Warning:  MBOT: 비정상 가격 변동 159.3% (2023-05-22) — 스플릿/데이터 오류 가능
Warning:  MEDS: Close NaN 비율 67.3% (기준: 30%)
Warning:  MEDS: 비정상 가격 변동 274.7% (2026-09-16) — 스플릿/데이터 오류 가능
Warning:  MGLD: 비정상 가격 변동 93.0% (2026-09-25) — 스플릿/데이터 오류 가능
Warning:  MGN: Close NaN 비율 79.3% (기준: 30%)
Warning:  MGN: 비정상 가격 변동 176.0% (2026-09-09) — 스플릿/데이터 오류 가능
Warning:  MKDW: 비정상 가격 변동 205.9% (2025-04-07) — 스플릿/데이터 오류 가능
Warning:  MLTX: 비정상 가격 변동 89.9% (2025-09-29) — 스플릿/데이터 오류 가능
Warning:  MLYS: 비정상 가격 변동 86.4% (2025-09-02) — 스플릿/데이터 오류 가능
Warning:  MNTS: 비정상 가격 변동 155.4% (2024-10-09) — 스플릿/데이터 오류 가능
Warning:  MOB: 비정상 가격 변동 88.0% (2023-07-10) — 스플릿/데이터 오류 가능
Warning:  MOBX: 비정상 가격 변동 532.8% (2026-03-03) — 스플릿/데이터 오류 가능
Warning:  MOVE: 비정상 가격 변동 149.7% (2025-11-10) — 스플릿/데이터 오류 가능
Warning:  MP: 비정상 가격 변동 50.6% (2025-07-10) — 스플릿/데이터 오류 가능
Warning:  MPLT: Close NaN 비율 81.0% (기준: 30%)
Warning:  MPLT: 비정상 가격 변동 72.9% (2026-07-27) — 스플릿/데이터 오류 가능
Warning:  MRAM: 비정상 가격 변동 63.2% (2021-11-12) — 스플릿/데이터 오류 가능
Warning:  MRLN: Close NaN 비율 63.0% (기준: 30%)
Warning:  MRNA: 비정상 가격 변동 177.0% (2026-08-19) — 스플릿/데이터 오류 가능
Warning:  MSGY: Close NaN 비율 74.7% (기준: 30%)
Warning:  MSGY: 비정상 가격 변동 309.6% (2026-09-25) — 스플릿/데이터 오류 가능
Warning:  MSS: Close NaN 비율 39.8% (기준: 30%)
Warning:  MSS: 비정상 가격 변동 122.4% (2024-09-24) — 스플릿/데이터 오류 가능
Warning:  MTEN: Close NaN 비율 50.6% (기준: 30%)
Warning:  MTEN: 비정상 가격 변동 81.3% (2026-06-08) — 스플릿/데이터 오류 가능
Warning:  MYSE: 비정상 가격 변동 355.6% (2025-01-07) — 스플릿/데이터 오류 가능
Warning:  MYSZ: 비정상 가격 변동 214.8% (2024-12-20) — 스플릿/데이터 오류 가능
Warning:  NAGE: 비정상 가격 변동 67.9% (2024-11-01) — 스플릿/데이터 오류 가능
Warning:  NAKA: Close NaN 비율 52.9% (기준: 30%)
Warning:  NAKA: 비정상 가격 변동 251.0% (2025-05-12) — 스플릿/데이터 오류 가능
Warning:  NAMI: Close NaN 비율 63.3% (기준: 30%)
Warning:  NAMI: 비정상 가격 변동 53.7% (2025-05-29) — 스플릿/데이터 오류 가능
Warning:  NAMM: Close NaN 비율 73.1% (기준: 30%)
Warning:  NAMM: 비정상 가격 변동 130.6% (2026-01-21) — 스플릿/데이터 오류 가능
Warning:  NBTX: 비정상 가격 변동 229.1% (2023-05-05) — 스플릿/데이터 오류 가능
Warning:  NCNA: 비정상 가격 변동 177.1% (2024-08-19) — 스플릿/데이터 오류 가능
Warning:  NCRA: 비정상 가격 변동 118.2% (2026-07-29) — 스플릿/데이터 오류 가능
Warning:  NCT: Close NaN 비율 69.3% (기준: 30%)
Warning:  NCT: 비정상 가격 변동 89.7% (2026-09-03) — 스플릿/데이터 오류 가능
Warning:  NERV: 비정상 가격 변동 141.0% (2025-10-21) — 스플릿/데이터 오류 가능
Warning:  NEXR: 비정상 가격 변동 1360.0% (2024-11-20) — 스플릿/데이터 오류 가능
Warning:  NFE: 비정상 가격 변동 5063.7% (2026-08-04) — 스플릿/데이터 오류 가능
Warning:  NKLR: Close NaN 비율 79.8% (기준: 30%)
Warning:  NKTR: 비정상 가격 변동 156.3% (2025-06-24) — 스플릿/데이터 오류 가능
Warning:  NMG: 비정상 가격 변동 51.8% (2025-10-13) — 스플릿/데이터 오류 가능
Warning:  NNE: Close NaN 비율 51.6% (기준: 30%)
Warning:  NNNN: Close NaN 비율 67.2% (기준: 30%)
Warning:  NNNN: 비정상 가격 변동 57.5% (2025-11-05) — 스플릿/데이터 오류 가능
Warning:  NTHI: Close NaN 비율 69.2% (기준: 30%)
Warning:  NTHI: 비정상 가격 변동 57.9% (2025-07-02) — 스플릿/데이터 오류 가능
Warning:  NUCL: Close NaN 비율 87.5% (기준: 30%)
Warning:  NVA: Close NaN 비율 55.8% (기준: 30%)
Warning:  NVA: 비정상 가격 변동 110.3% (2025-10-14) — 스플릿/데이터 오류 가능
Warning:  NVA: 거래량 0 연속 10일 (기준: 5일) — 상장폐지/거래정지 가능
Warning:  NVTS: 비정상 가격 변동 164.4% (2025-05-22) — 스플릿/데이터 오류 가능
Warning:  NXL: 비정상 가격 변동 125.1% (2024-06-13) — 스플릿/데이터 오류 가능
Warning:  ODD: Close NaN 비율 35.5% (기준: 30%)
Warning:  OIO: 비정상 가격 변동 58.4% (2026-04-24) — 스플릿/데이터 오류 가능
Warning:  OKLO: 비정상 가격 변동 53.6% (2024-05-10) — 스플릿/데이터 오류 가능
Warning:  OKUR: 비정상 가격 변동 82.7% (2023-12-14) — 스플릿/데이터 오류 가능
Warning:  OLMA: 비정상 가격 변동 136.4% (2025-11-18) — 스플릿/데이터 오류 가능
Warning:  OM: 비정상 가격 변동 68.5% (2024-08-08) — 스플릿/데이터 오류 가능
Warning:  ONEN: Close NaN 비율 66.5% (기준: 30%)
Warning:  ONEN: 비정상 가격 변동 50.9% (2026-09-23) — 스플릿/데이터 오류 가능
Warning:  OPEN: 비정상 가격 변동 79.5% (2025-09-11) — 스플릿/데이터 오류 가능
Warning:  OPNW: 비정상 가격 변동 102.6% (2025-07-31) — 스플릿/데이터 오류 가능
Warning:  OPRX: 비정상 가격 변동 51.7% (2025-03-12) — 스플릿/데이터 오류 가능
Warning:  ORGO: 비정상 가격 변동 102.3% (2025-02-28) — 스플릿/데이터 오류 가능
Warning:  ORKT: Close NaN 비율 55.9% (기준: 30%)
Warning:  ORKT: 비정상 가격 변동 147.6% (2025-12-08) — 스플릿/데이터 오류 가능
Warning:  OSS: 비정상 가격 변동 56.9% (2026-05-06) — 스플릿/데이터 오류 가능
Warning:  PAAI: 비정상 가격 변동 271.1% (2026-09-17) — 스플릿/데이터 오류 가능
Warning:  PAL: Close NaN 비율 51.7% (기준: 30%)
Warning:  PCLA: Close NaN 비율 65.4% (기준: 30%)
Warning:  PCLA: 비정상 가격 변동 194.2% (2026-05-22) — 스플릿/데이터 오류 가능
Warning:  PDYN: 비정상 가격 변동 130.0% (2024-11-22) — 스플릿/데이터 오류 가능
Warning:  PEPG: 비정상 가격 변동 121.1% (2025-09-25) — 스플릿/데이터 오류 가능
Warning:  PETS: 비정상 가격 변동 68.4% (2025-12-11) — 스플릿/데이터 오류 가능
Warning:  PEW: Close NaN 비율 45.2% (기준: 30%)
Warning:  PFSA: Close NaN 비율 75.0% (기준: 30%)
Warning:  PFSA: 비정상 가격 변동 506.6% (2026-08-18) — 스플릿/데이터 오류 가능
Warning:  PHAT: 비정상 가격 변동 90.2% (2025-06-06) — 스플릿/데이터 오류 가능
Warning:  PLBL: Close NaN 비율 76.6% (기준: 30%)
Warning:  PLCE: 비정상 가격 변동 85.7% (2024-09-11) — 스플릿/데이터 오류 가능
Warning:  PMI: Close NaN 비율 77.8% (기준: 30%)
Warning:  PMI: 비정상 가격 변동 86.2% (2026-08-25) — 스플릿/데이터 오류 가능
Warning:  PMI: 거래량 0 연속 7일 (기준: 5일) — 상장폐지/거래정지 가능
Warning:  PN: Close NaN 비율 67.9% (기준: 30%)
Warning:  PN: 비정상 가격 변동 131.8% (2026-07-22) — 스플릿/데이터 오류 가능
Warning:  PONY: Close NaN 비율 62.9% (기준: 30%)
Warning:  PRIM: 비정상 가격 변동 50.1% (2026-05-06) — 스플릿/데이터 오류 가능
Warning:  PSIG: Close NaN 비율 55.5% (기준: 30%)
Warning:  PSIG: 비정상 가격 변동 127.7% (2024-08-12) — 스플릿/데이터 오류 가능
Warning:  PSIX: 비정상 가격 변동 68.6% (2022-11-15) — 스플릿/데이터 오류 가능
Warning:  PSQL: Close NaN 비율 86.0% (기준: 30%)
Warning:  PSQL: 비정상 가격 변동 95.2% (2026-08-28) — 스플릿/데이터 오류 가능
Warning:  PUMP: 비정상 가격 변동 52.1% (2025-10-29) — 스플릿/데이터 오류 가능
Warning:  PUSA: Close NaN 비율 66.9% (기준: 30%)
Warning:  PUSA: 비정상 가격 변동 207.6% (2025-07-23) — 스플릿/데이터 오류 가능
Warning:  PXS: 비정상 가격 변동 62.6% (2022-03-07) — 스플릿/데이터 오류 가능
Warning:  QBTS: 비정상 가격 변동 110.7% (2023-05-22) — 스플릿/데이터 오류 가능
Warning:  QNC: Close NaN 비율 87.4% (기준: 30%)
Warning:  QNTM: 비정상 가격 변동 119.8% (2024-08-09) — 스플릿/데이터 오류 가능
Warning:  QSI: 비정상 가격 변동 119.6% (2024-11-20) — 스플릿/데이터 오류 가능
Warning:  QTRX: 비정상 가격 변동 54.8% (2022-08-09) — 스플릿/데이터 오류 가능
Warning:  QTTB: 비정상 가격 변동 119.9% (2025-07-10) — 스플릿/데이터 오류 가능
Warning:  QUBT: 비정상 가격 변동 92.8% (2024-11-13) — 스플릿/데이터 오류 가능
Warning:  QUCY: 비정상 가격 변동 3377.4% (2024-12-03) — 스플릿/데이터 오류 가능
Warning:  QURE: 비정상 가격 변동 247.7% (2025-09-24) — 스플릿/데이터 오류 가능
Warning:  QXO: 비정상 가격 변동 240.3% (2023-12-04) — 스플릿/데이터 오류 가능
Warning:  RAYA: 비정상 가격 변동 108.1% (2026-04-10) — 스플릿/데이터 오류 가능
Warning:  RCEL: 비정상 가격 변동 63.6% (2026-08-07) — 스플릿/데이터 오류 가능
Warning:  RCKT: 비정상 가격 변동 62.8% (2025-05-27) — 스플릿/데이터 오류 가능
Warning:  RCON: 비정상 가격 변동 85.4% (2026-08-05) — 스플릿/데이터 오류 가능
Warning:  RDW: 비정상 가격 변동 51.4% (2025-01-21) — 스플릿/데이터 오류 가능
Warning:  RDZN: 비정상 가격 변동 82.1% (2024-07-02) — 스플릿/데이터 오류 가능
Warning:  RENT: 비정상 가격 변동 161.9% (2024-04-11) — 스플릿/데이터 오류 가능
Warning:  RENX: Close NaN 비율 38.9% (기준: 30%)
Warning:  RENX: 비정상 가격 변동 531.3% (2023-11-16) — 스플릿/데이터 오류 가능
Warning:  RETO: 비정상 가격 변동 675.6% (2026-09-15) — 스플릿/데이터 오류 가능
Warning:  RFL: 비정상 가격 변동 73.2% (2021-10-28) — 스플릿/데이터 오류 가능
Warning:  RGC: 비정상 가격 변동 343.9% (2024-07-23) — 스플릿/데이터 오류 가능
Warning:  RGTI: 비정상 가격 변동 58.0% (2024-11-25) — 스플릿/데이터 오류 가능
Warning:  RILY: 비정상 가격 변동 53.8% (2025-12-16) — 스플릿/데이터 오류 가능
Warning:  RLMD: 비정상 가격 변동 82.5% (2025-04-23) — 스플릿/데이터 오류 가능
Warning:  RMIX: Close NaN 비율 89.6% (기준: 30%)
Warning:  RNA: Close NaN 비율 87.6% (기준: 30%)
Warning:  RR: Close NaN 비율 42.3% (기준: 30%)
Warning:  RR: 비정상 가격 변동 73.9% (2024-08-06) — 스플릿/데이터 오류 가능
Warning:  RTB: 비정상 가격 변동 136.8% (2025-06-05) — 스플릿/데이터 오류 가능
Warning:  RXT: 비정상 가격 변동 227.0% (2026-02-18) — 스플릿/데이터 오류 가능
Warning:  RZLT: 비정상 가격 변동 87.2% (2025-12-11) — 스플릿/데이터 오류 가능
Warning:  RZLV: 비정상 가격 변동 54.5% (2024-12-17) — 스플릿/데이터 오류 가능
Warning:  SAIQ: Close NaN 비율 68.6% (기준: 30%)
Warning:  SAIQ: 비정상 가격 변동 260.5% (2026-10-05) — 스플릿/데이터 오류 가능
Warning:  SAIQ: 거래량 0 연속 5일 (기준: 5일) — 상장폐지/거래정지 가능
Warning:  SANA: 비정상 가격 변동 160.6% (2025-01-08) — 스플릿/데이터 오류 가능
Warning:  SCNI: 비정상 가격 변동 97.3% (2021-12-22) — 스플릿/데이터 오류 가능
Warning:  SCNX: 비정상 가격 변동 354.5% (2025-10-23) — 스플릿/데이터 오류 가능
Warning:  SCYX: 비정상 가격 변동 76.0% (2023-03-30) — 스플릿/데이터 오류 가능
Warning:  SDEV: 비정상 가격 변동 108.3% (2026-09-29) — 스플릿/데이터 오류 가능
Warning:  SERV: Close NaN 비율 48.3% (기준: 30%)
Warning:  SERV: 비정상 가격 변동 187.1% (2024-07-19) — 스플릿/데이터 오류 가능
Warning:  SEV: Close NaN 비율 80.4% (기준: 30%)
Warning:  SEV: 비정상 가격 변동 57.8% (2025-10-23) — 스플릿/데이터 오류 가능
Warning:  SHAZ: Close NaN 비율 87.1% (기준: 30%)
Warning:  SHIM: Close NaN 비율 42.1% (기준: 30%)
Warning:  SHIM: 비정상 가격 변동 52.2% (2024-07-17) — 스플릿/데이터 오류 가능
Warning:  SHMD: Close NaN 비율 51.2% (기준: 30%)
Warning:  SIDU: 비정상 가격 변동 225.0% (2022-06-15) — 스플릿/데이터 오류 가능
Warning:  SILO: 비정상 가격 변동 4164.7% (2022-09-19) — 스플릿/데이터 오류 가능
Warning:  SION: Close NaN 비율 66.6% (기준: 30%)
Warning:  SION: 비정상 가격 변동 91.2% (2026-08-10) — 스플릿/데이터 오류 가능
Warning:  SKYA: 비정상 가격 변동 141.6% (2024-05-28) — 스플릿/데이터 오류 가능
Warning:  SKYQ: Close NaN 비율 60.2% (기준: 30%)
Warning:  SKYQ: 비정상 가격 변동 101.6% (2026-04-02) — 스플릿/데이터 오류 가능
Warning:  SKYX: 비정상 가격 변동 68.6% (2022-07-28) — 스플릿/데이터 오류 가능
Warning:  SLDP: 비정상 가격 변동 51.6% (2025-11-05) — 스플릿/데이터 오류 가능
Warning:  SLE: 비정상 가격 변동 159.5% (2025-09-23) — 스플릿/데이터 오류 가능
Warning:  SLMT: 비정상 가격 변동 225.5% (2025-09-18) — 스플릿/데이터 오류 가능
Warning:  SMJF: Close NaN 비율 83.1% (기준: 30%)
Warning:  SMJF: 비정상 가격 변동 87.0% (2026-08-27) — 스플릿/데이터 오류 가능
Warning:  SMTK: Close NaN 비율 52.9% (기준: 30%)
Warning:  SMTK: 비정상 가격 변동 105.4% (2026-06-08) — 스플릿/데이터 오류 가능
Warning:  SMX: 비정상 가격 변동 1205.4% (2026-05-11) — 스플릿/데이터 오류 가능
Warning:  SMXT: Close NaN 비율 47.6% (기준: 30%)
Warning:  SMXT: 비정상 가격 변동 78.5% (2025-08-05) — 스플릿/데이터 오류 가능
Warning:  SOC: 비정상 가격 변동 56.2% (2025-12-18) — 스플릿/데이터 오류 가능
Warning:  SORA: Close NaN 비율 69.6% (기준: 30%)
Warning:  SORA: 비정상 가격 변동 58.2% (2026-02-02) — 스플릿/데이터 오류 가능
Warning:  SOUN: 비정상 가격 변동 71.8% (2022-12-30) — 스플릿/데이터 오류 가능
Warning:  SPAI: Close NaN 비율 57.8% (기준: 30%)
Warning:  SPAI: 비정상 가격 변동 65.8% (2025-02-13) — 스플릿/데이터 오류 가능
Warning:  SPHL: Close NaN 비율 60.6% (기준: 30%)
Warning:  SPHL: 비정상 가격 변동 673.8% (2026-01-15) — 스플릿/데이터 오류 가능
Warning:  SPRO: 비정상 가격 변동 244.6% (2025-05-28) — 스플릿/데이터 오류 가능
Warning:  SPRU: 비정상 가격 변동 54.8% (2025-11-12) — 스플릿/데이터 오류 가능
Warning:  SPRY: 비정상 가격 변동 77.9% (2023-05-12) — 스플릿/데이터 오류 가능
Warning:  SPWH: 비정상 가격 변동 97.9% (2025-04-02) — 스플릿/데이터 오류 가능
Warning:  SRG: 비정상 가격 변동 80.3% (2022-07-08) — 스플릿/데이터 오류 가능
Warning:  SRXH: 비정상 가격 변동 84.5% (2025-08-15) — 스플릿/데이터 오류 가능
Warning:  SRXH: 거래량 0 연속 7일 (기준: 5일) — 상장폐지/거래정지 가능
Warning:  SSM: 비정상 가격 변동 2900.0% (2024-05-29) — 스플릿/데이터 오류 가능
Warning:  SST: 비정상 가격 변동 142.3% (2026-03-27) — 스플릿/데이터 오류 가능
Warning:  STAK: Close NaN 비율 67.6% (기준: 30%)
Warning:  STAK: 비정상 가격 변동 602.3% (2026-07-24) — 스플릿/데이터 오류 가능
Warning:  STEM: 비정상 가격 변동 57.2% (2025-01-03) — 스플릿/데이터 오류 가능
Warning:  STFS: Close NaN 비율 60.2% (기준: 30%)
Warning:  STFS: 비정상 가격 변동 96.5% (2026-05-06) — 스플릿/데이터 오류 가능
Warning:  STI: 비정상 가격 변동 350.6% (2026-06-04) — 스플릿/데이터 오류 가능
Warning:  STKE: 비정상 가격 변동 131.4% (2024-10-14) — 스플릿/데이터 오류 가능
Warning:  STUB: Close NaN 비율 78.7% (기준: 30%)
Warning:  SUGP: Close NaN 비율 45.8% (기준: 30%)
Warning:  SUGP: 비정상 가격 변동 171.1% (2025-07-09) — 스플릿/데이터 오류 가능
Warning:  SUIG: 비정상 가격 변동 218.9% (2025-07-25) — 스플릿/데이터 오류 가능
Warning:  SUNE: 비정상 가격 변동 420.4% (2026-06-08) — 스플릿/데이터 오류 가능
Warning:  SUPX: Close NaN 비율 50.4% (기준: 30%)
Warning:  SVIA: Close NaN 비율 73.2% (기준: 30%)
Warning:  SWMR: Close NaN 비율 88.6% (기준: 30%)
Warning:  SWMR: 비정상 가격 변동 77.4% (2026-03-18) — 스플릿/데이터 오류 가능
Warning:  SWVL: 비정상 가격 변동 115.8% (2023-01-06) — 스플릿/데이터 오류 가능
Warning:  SYM: 비정상 가격 변동 120.5% (2022-06-08) — 스플릿/데이터 오류 가능
Warning:  TAOX: 비정상 가격 변동 74.6% (2022-12-16) — 스플릿/데이터 오류 가능
Warning:  TARA: 비정상 가격 변동 70.1% (2024-12-05) — 스플릿/데이터 오류 가능
Warning:  TDIC: Close NaN 비율 75.6% (기준: 30%)
Warning:  TDIC: 비정상 가격 변동 876.7% (2026-05-13) — 스플릿/데이터 오류 가능
Warning:  TDUP: 비정상 가격 변동 62.7% (2024-08-06) — 스플릿/데이터 오류 가능
Warning:  TE: 비정상 가격 변동 66.7% (2024-11-06) — 스플릿/데이터 오류 가능
Warning:  TENX: 비정상 가격 변동 297.4% (2023-11-13) — 스플릿/데이터 오류 가능
Warning:  TGL: 비정상 가격 변동 276.3% (2025-12-05) — 스플릿/데이터 오류 가능
Warning:  TII: 비정상 가격 변동 409.8% (2022-03-23) — 스플릿/데이터 오류 가능
Warning:  TLRY: 비정상 가격 변동 60.9% (2025-09-29) — 스플릿/데이터 오류 가능
Warning:  TMCR: Close NaN 비율 89.8% (기준: 30%)
Warning:  TMQ: 비정상 가격 변동 211.0% (2025-10-07) — 스플릿/데이터 오류 가능
Warning:  TNMG: 비정상 가격 변동 963.7% (2026-08-04) — 스플릿/데이터 오류 가능
Warning:  TNON: 비정상 가격 변동 283.4% (2025-03-25) — 스플릿/데이터 오류 가능
Warning:  TNXP: 비정상 가격 변동 120.8% (2024-12-16) — 스플릿/데이터 오류 가능
Warning:  TOYO: 비정상 가격 변동 86.6% (2024-11-26) — 스플릿/데이터 오류 가능
Warning:  TPET: Close NaN 비율 30.4% (기준: 30%)
Warning:  TPET: 비정상 가격 변동 166.7% (2026-03-02) — 스플릿/데이터 오류 가능
Warning:  TRDA: 비정상 가격 변동 57.3% (2026-05-07) — 스플릿/데이터 오류 가능
Warning:  TRON: Close NaN 비율 37.0% (기준: 30%)
Warning:  TRON: 비정상 가격 변동 533.8% (2025-06-16) — 스플릿/데이터 오류 가능
Warning:  TROO: 비정상 가격 변동 106.2% (2025-07-14) — 스플릿/데이터 오류 가능
Warning:  TRT: 비정상 가격 변동 66.8% (2026-04-23) — 스플릿/데이터 오류 가능
Warning:  TRUG: 비정상 가격 변동 76.0% (2026-09-11) — 스플릿/데이터 오류 가능
Warning:  TSSI: 비정상 가격 변동 74.1% (2025-05-16) — 스플릿/데이터 오류 가능
Warning:  TTEC: 비정상 가격 변동 52.6% (2025-04-02) — 스플릿/데이터 오류 가능
Warning:  TVRD: 비정상 가격 변동 83.9% (2025-10-13) — 스플릿/데이터 오류 가능
Warning:  UNCY: 비정상 가격 변동 153.1% (2023-03-06) — 스플릿/데이터 오류 가능
Warning:  UP: 비정상 가격 변동 60.4% (2023-06-22) — 스플릿/데이터 오류 가능
Warning:  UPB: Close NaN 비율 60.2% (기준: 30%)
Warning:  UPST: 비정상 가격 변동 56.4% (2022-05-10) — 스플릿/데이터 오류 가능
Warning:  UPXI: 비정상 가격 변동 330.9% (2025-04-21) — 스플릿/데이터 오류 가능
Warning:  USAR: Close NaN 비율 35.3% (기준: 30%)
Warning:  USAR: 비정상 가격 변동 72.0% (2025-03-14) — 스플릿/데이터 오류 가능
Warning:  UXIN: 비정상 가격 변동 83.7% (2024-09-27) — 스플릿/데이터 오류 가능
Warning:  UZX: Close NaN 비율 44.0% (기준: 30%)
Warning:  UZX: 비정상 가격 변동 72.6% (2026-05-26) — 스플릿/데이터 오류 가능
Warning:  VBIO: 비정상 가격 변동 197.9% (2025-02-12) — 스플릿/데이터 오류 가능
Warning:  VEEA: 비정상 가격 변동 149.3% (2026-09-15) — 스플릿/데이터 오류 가능
Warning:  VEEE: 비정상 가격 변동 415.8% (2026-07-13) — 스플릿/데이터 오류 가능
Warning:  VELO: 비정상 가격 변동 80.7% (2025-04-01) — 스플릿/데이터 오류 가능
Warning:  VENU: Close NaN 비율 62.9% (기준: 30%)
Warning:  VIOT: 비정상 가격 변동 83.5% (2026-09-02) — 스플릿/데이터 오류 가능
Warning:  VIP: 비정상 가격 변동 60.6% (2023-01-12) — 스플릿/데이터 오류 가능
Warning:  VIVK: 비정상 가격 변동 113.5% (2022-04-27) — 스플릿/데이터 오류 가능
Warning:  VIVO: 비정상 가격 변동 306.9% (2024-04-02) — 스플릿/데이터 오류 가능
Warning:  VJET: 비정상 가격 변동 160.9% (2025-06-11) — 스플릿/데이터 오류 가능
Warning:  VLN: 비정상 가격 변동 59.0% (2026-01-09) — 스플릿/데이터 오류 가능
Warning:  VNET: 비정상 가격 변동 83.2% (2022-03-16) — 스플릿/데이터 오류 가능
Warning:  VRAX: 비정상 가격 변동 141.8% (2024-08-19) — 스플릿/데이터 오류 가능
Warning:  VRRM: 비정상 가격 변동 70.6% (2026-05-27) — 스플릿/데이터 오류 가능
Warning:  VRXA: Close NaN 비율 59.5% (기준: 30%)
Warning:  VRXA: 비정상 가격 변동 55.5% (2026-06-16) — 스플릿/데이터 오류 가능
Warning:  VSA: 비정상 가격 변동 329.8% (2025-01-31) — 스플릿/데이터 오류 가능
Warning:  VTIX: Close NaN 비율 85.9% (기준: 30%)
Warning:  VTIX: 비정상 가격 변동 56.3% (2026-01-28) — 스플릿/데이터 오류 가능
Warning:  VWAV: Close NaN 비율 75.1% (기준: 30%)
Warning:  VWAV: 비정상 가격 변동 1841.6% (2026-09-17) — 스플릿/데이터 오류 가능
Warning:  WATT: 비정상 가격 변동 554.3% (2024-12-30) — 스플릿/데이터 오류 가능
Warning:  WETO: Close NaN 비율 67.6% (기준: 30%)
Warning:  WETO: 비정상 가격 변동 200.0% (2026-07-31) — 스플릿/데이터 오류 가능
Warning:  WFF: Close NaN 비율 69.2% (기준: 30%)
Warning:  WGS: 비정상 가격 변동 55.2% (2024-04-30) — 스플릿/데이터 오류 가능
Warning:  WLDS: 비정상 가격 변동 407.8% (2025-09-10) — 스플릿/데이터 오류 가능
Warning:  WNW: 비정상 가격 변동 97.6% (2025-04-22) — 스플릿/데이터 오류 가능
Warning:  WOLF: Close NaN 비율 79.4% (기준: 30%)
Warning:  WORX: 비정상 가격 변동 116.3% (2024-11-21) — 스플릿/데이터 오류 가능
Warning:  WRD: Close NaN 비율 61.0% (기준: 30%)
Warning:  WRD: 비정상 가격 변동 83.5% (2025-02-14) — 스플릿/데이터 오류 가능
Warning:  WSHP: Close NaN 비율 82.1% (기준: 30%)
Warning:  WSHP: 비정상 가격 변동 506.1% (2025-11-19) — 스플릿/데이터 오류 가능
Warning:  WULF: 비정상 가격 변동 59.5% (2025-08-14) — 스플릿/데이터 오류 가능
Warning:  WVE: 비정상 가격 변동 147.3% (2025-12-08) — 스플릿/데이터 오류 가능
Warning:  WW: Close NaN 비율 74.3% (기준: 30%)
Warning:  WYFI: Close NaN 비율 76.5% (기준: 30%)
Warning:  WYHG: Close NaN 비율 62.8% (기준: 30%)
Warning:  WYHG: 비정상 가격 변동 194.2% (2026-08-06) — 스플릿/데이터 오류 가능
Warning:  WYY: 비정상 가격 변동 50.6% (2026-09-25) — 스플릿/데이터 오류 가능
Warning:  XBIO: 비정상 가격 변동 141.5% (2025-10-08) — 스플릿/데이터 오류 가능
Warning:  XHG: 비정상 가격 변동 348.1% (2026-08-13) — 스플릿/데이터 오류 가능
Warning:  XNDU: Close NaN 비율 88.9% (기준: 30%)
Warning:  XNDU: 비정상 가격 변동 69.8% (2026-04-15) — 스플릿/데이터 오류 가능
Warning:  XOS: 비정상 가격 변동 234.5% (2026-06-03) — 스플릿/데이터 오류 가능
Warning:  XRTX: 비정상 가격 변동 134.8% (2024-08-29) — 스플릿/데이터 오류 가능
Warning:  XXI: Close NaN 비율 56.9% (기준: 30%)
Warning:  XXI: 비정상 가격 변동 55.4% (2025-04-23) — 스플릿/데이터 오류 가능
Warning:  YARW: 비정상 가격 변동 73.7% (2023-01-04) — 스플릿/데이터 오류 가능
Warning:  YDES: Close NaN 비율 77.5% (기준: 30%)
Warning:  YDES: 비정상 가격 변동 135.8% (2025-08-29) — 스플릿/데이터 오류 가능
Warning:  YFOR: Close NaN 비율 50.7% (기준: 30%)
Warning:  YFOR: 비정상 가격 변동 84.3% (2026-08-26) — 스플릿/데이터 오류 가능
Warning:  YMAT: Close NaN 비율 76.0% (기준: 30%)
Warning:  YMAT: 비정상 가격 변동 203.3% (2026-05-26) — 스플릿/데이터 오류 가능
Warning:  YMT: Close NaN 비율 77.1% (기준: 30%)
Warning:  YSS: Close NaN 비율 86.1% (기준: 30%)
Warning:  ZCMD: 비정상 가격 변동 191.8% (2026-07-22) — 스플릿/데이터 오류 가능
Warning:  ZENA: Close NaN 비율 59.6% (기준: 30%)
Warning:  ZENA: 비정상 가격 변동 258.7% (2024-11-25) — 스플릿/데이터 오류 가능
Warning:  ZNTL: 비정상 가격 변동 60.1% (2026-04-09) — 스플릿/데이터 오류 가능
Warning:  ZSQR: 비정상 가격 변동 77.4% (2024-12-31) — 스플릿/데이터 오류 가능
Warning:  ZSTK: 비정상 가격 변동 169.6% (2026-08-19) — 스플릿/데이터 오류 가능
Warning:  ZVIA: 비정상 가격 변동 51.7% (2025-05-08) — 스플릿/데이터 오류 가능
[[NASDAQ/NYSE 분석]] 강한 섹터: {'Information Technology'}
[OHLCV] 배치 다운로드 1/5 (50개 종목, period=2y)...
[OHLCV] 배치 다운로드 2/5 (50개 종목, period=2y)...
[OHLCV] 배치 다운로드 3/5 (50개 종목, period=2y)...
[OHLCV] 배치 다운로드 4/5 (50개 종목, period=2y)...
[OHLCV] 배치 다운로드 5/5 (22개 종목, period=2y)...
[DataValidator] 71건의 데이터 품질 경고 발생
Warning:  AAOI: 비정상 가격 변동 56.9% (2026-02-27) — 스플릿/데이터 오류 가능
Warning:  AEMD: 비정상 가격 변동 374.1% (2026-09-17) — 스플릿/데이터 오류 가능
Warning:  AMOD: 비정상 가격 변동 198.3% (2026-10-02) — 스플릿/데이터 오류 가능
Warning:  APUS: 비정상 가격 변동 114.8% (2026-09-24) — 스플릿/데이터 오류 가능
Warning:  APUS: 거래량 0 연속 21일 (기준: 5일) — 상장폐지/거래정지 가능
Warning:  BENF: 비정상 가격 변동 439.0% (2026-09-23) — 스플릿/데이터 오류 가능
Warning:  BIAF: 비정상 가격 변동 319.2% (2025-04-01) — 스플릿/데이터 오류 가능
Warning:  BKYI: 비정상 가격 변동 85.7% (2026-09-29) — 스플릿/데이터 오류 가능
Warning:  BLSH: Close NaN 비율 41.9% (기준: 30%)
Warning:  BMNR: Close NaN 비율 32.5% (기준: 30%)
Warning:  BMNR: 비정상 가격 변동 694.8% (2025-06-30) — 스플릿/데이터 오류 가능
Warning:  BULL: 비정상 가격 변동 374.7% (2025-04-14) — 스플릿/데이터 오류 가능
Warning:  BW: 비정상 가격 변동 66.9% (2025-06-05) — 스플릿/데이터 오류 가능
Warning:  CAPR: 비정상 가격 변동 371.1% (2025-12-03) — 스플릿/데이터 오류 가능
Warning:  CELC: 비정상 가격 변동 167.2% (2025-07-28) — 스플릿/데이터 오류 가능
Warning:  CRML: 비정상 가격 변동 55.4% (2025-10-13) — 스플릿/데이터 오류 가능
Warning:  DAIC: Close NaN 비율 34.7% (기준: 30%)
Warning:  DAIC: 비정상 가격 변동 306.1% (2026-08-24) — 스플릿/데이터 오류 가능
Warning:  EQPT: Close NaN 비율 64.3% (기준: 30%)
Warning:  FIG: Close NaN 비율 40.1% (기준: 30%)
Warning:  FIGR: Close NaN 비율 45.9% (기준: 30%)
Warning:  FLY: Close NaN 비율 41.1% (기준: 30%)
Warning:  FRMI: Close NaN 비율 48.7% (기준: 30%)
Warning:  FTFT: 비정상 가격 변동 179.2% (2026-09-14) — 스플릿/데이터 오류 가능
Warning:  GLND: Close NaN 비율 72.3% (기준: 30%)
Warning:  GLND: 비정상 가격 변동 140.0% (2026-09-21) — 스플릿/데이터 오류 가능
Warning:  GPCR: 비정상 가격 변동 102.5% (2025-12-08) — 스플릿/데이터 오류 가능
Warning:  GRML: 비정상 가격 변동 787.8% (2025-06-09) — 스플릿/데이터 오류 가능
Warning:  HTZ: 비정상 가격 변동 56.4% (2025-04-16) — 스플릿/데이터 오류 가능
Warning:  IMCC: 비정상 가격 변동 143.1% (2026-09-18) — 스플릿/데이터 오류 가능
Warning:  JAGX: 비정상 가격 변동 1190.6% (2026-09-22) — 스플릿/데이터 오류 가능
Warning:  KD: 비정상 가격 변동 54.9% (2026-02-09) — 스플릿/데이터 오류 가능
Warning:  KLAR: Close NaN 비율 45.9% (기준: 30%)
Warning:  KOD: 비정상 가격 변동 178.0% (2026-09-28) — 스플릿/데이터 오류 가능
Warning:  LQDA: 비정상 가격 변동 57.2% (2026-09-30) — 스플릿/데이터 오류 가능
Warning:  MANE: Close NaN 비율 65.9% (기준: 30%)
Warning:  MEDS: 비정상 가격 변동 274.7% (2026-09-16) — 스플릿/데이터 오류 가능
Warning:  MLYS: 비정상 가격 변동 86.4% (2025-09-02) — 스플릿/데이터 오류 가능
Warning:  MP: 비정상 가격 변동 50.6% (2025-07-10) — 스플릿/데이터 오류 가능
Warning:  MRNA: 비정상 가격 변동 177.0% (2026-08-19) — 스플릿/데이터 오류 가능
Warning:  MSGY: Close NaN 비율 36.7% (기준: 30%)
Warning:  MSGY: 비정상 가격 변동 309.6% (2026-09-25) — 스플릿/데이터 오류 가능
Warning:  NKTR: 비정상 가격 변동 156.3% (2025-06-24) — 스플릿/데이터 오류 가능
Warning:  NVTS: 비정상 가격 변동 164.4% (2025-05-22) — 스플릿/데이터 오류 가능
Warning:  OPEN: 비정상 가격 변동 79.5% (2025-09-11) — 스플릿/데이터 오류 가능
Warning:  PRIM: 비정상 가격 변동 50.1% (2026-05-06) — 스플릿/데이터 오류 가능
Warning:  PUMP: 비정상 가격 변동 52.1% (2025-10-29) — 스플릿/데이터 오류 가능
Warning:  QBTS: 비정상 가격 변동 51.2% (2025-05-08) — 스플릿/데이터 오류 가능
Warning:  QUBT: 비정상 가격 변동 92.8% (2024-11-13) — 스플릿/데이터 오류 가능
Warning:  QURE: 비정상 가격 변동 247.7% (2025-09-24) — 스플릿/데이터 오류 가능
Warning:  RDW: 비정상 가격 변동 51.4% (2025-01-21) — 스플릿/데이터 오류 가능
Warning:  RETO: 비정상 가격 변동 675.6% (2026-09-15) — 스플릿/데이터 오류 가능
Warning:  RGTI: 비정상 가격 변동 58.0% (2024-11-25) — 스플릿/데이터 오류 가능
Warning:  SDEV: 비정상 가격 변동 108.3% (2026-09-29) — 스플릿/데이터 오류 가능
Warning:  SHAZ: Close NaN 비율 67.7% (기준: 30%)
Warning:  SOC: 비정상 가격 변동 56.2% (2025-12-18) — 스플릿/데이터 오류 가능
Warning:  STUB: Close NaN 비율 46.7% (기준: 30%)
Warning:  SWMR: Close NaN 비율 71.5% (기준: 30%)
Warning:  SWMR: 비정상 가격 변동 77.4% (2026-03-18) — 스플릿/데이터 오류 가능
Warning:  TE: 비정상 가격 변동 66.7% (2024-11-06) — 스플릿/데이터 오류 가능
Warning:  TNON: 비정상 가격 변동 283.4% (2025-03-25) — 스플릿/데이터 오류 가능
Warning:  TRUG: 비정상 가격 변동 76.0% (2026-09-11) — 스플릿/데이터 오류 가능
Warning:  USAR: 비정상 가격 변동 72.0% (2025-03-14) — 스플릿/데이터 오류 가능
Warning:  VEEA: 비정상 가격 변동 149.3% (2026-09-15) — 스플릿/데이터 오류 가능
Warning:  VEEE: 비정상 가격 변동 415.8% (2026-07-13) — 스플릿/데이터 오류 가능
Warning:  VRRM: 비정상 가격 변동 70.6% (2026-05-27) — 스플릿/데이터 오류 가능
Warning:  WOLF: Close NaN 비율 48.3% (기준: 30%)
Warning:  WULF: 비정상 가격 변동 59.5% (2025-08-14) — 스플릿/데이터 오류 가능
Warning:  XNDU: Close NaN 비율 72.3% (기준: 30%)
Warning:  XNDU: 비정상 가격 변동 69.8% (2026-04-15) — 스플릿/데이터 오류 가능
Warning:  YSS: Close NaN 비율 65.1% (기준: 30%)
[[NASDAQ/NYSE 분석]] Extreme model 'label_low' ROC 0.58, AP 0.48
[[NASDAQ/NYSE 분석]] Extreme model 'label_high' ROC 0.60, AP 0.60
[[NASDAQ/NYSE 분석]] Google Sheets 업데이트 완료 (222개 종목)
[Email] 바닥반등 91개 + 모멘텀 34개 = 총 125개 종목 리스트를 chunghwan14@gmail.com로 발송 완료

============================================================
[[NASDAQ/NYSE 차트분석]] 이메일 대상 종목 차트 분석 시작
============================================================
[[NASDAQ/NYSE 차트분석]] 차트분석 대상 125개 종목: ['MSGY', 'KTOS', 'MPC', 'Z', 'MBLY', 'QURE', 'XP', 'CC', 'SDEV', 'TTD', 'APLD', 'FCEL', 'HIMS', 'CAPR', 'USAR', 'FISV', 'BLSH', 'AMPX', 'KRMN', 'CAR', 'FLY', 'INSW', 'PATK', 'MMYT', 'MTZ', 'XERS', 'MP', 'NTAP', 'ASTS', 'BILI', 'KLAR', 'RXO', 'BW', 'HYMC', 'BKYI', 'WHR', 'SATL', 'COIN', 'AEMD', 'PFSI', 'PNR', 'CHWY', 'FIGR', 'DOCS', 'CELH', 'SE', 'ENPH', 'ALHC', 'TRUG', 'CELC', 'ESAB', 'RUN', 'RH', 'FLUT', 'BTBT', 'NAT', 'KOD', 'PRCT', 'SOC', 'PBR', 'TPB', 'S', 'QXO', 'ACM', 'WGS', 'OKLO', 'CHTR', 'MRNA', 'OKTA', 'DT', 'PCRX', 'GLND', 'SMR', 'PUMP', 'GT', 'KEEL', 'BRBR', 'LULU', 'OCUL', 'APP', 'INSM', 'HUBS', 'P', 'STLA', 'TE', 'MTD', 'ALNY', 'FIG', 'VEEE', 'OPEN', 'LIND', 'FICO', 'CSGP', 'FTNT', 'GPK', 'PCT', 'VRRM', 'SEDG', 'QS', 'FMC', 'XPEV', 'PODD', 'MSTR', 'INSP', 'HAE', 'ALB', 'BMNR', 'NG', 'DUOL', 'BULL', 'ACHR', 'MNDY', 'ARRY', 'UCTT', 'ORCL', 'HAFN', 'NKTR', 'ECO', 'MLYS', 'MANE', 'CVI', 'FRO', 'FUN', 'WULF', 'QLYS']
[[NASDAQ/NYSE 차트분석]] Google Sheets 업데이트 완료 (125개 종목)
[Paper Trading] NASDAQ ranked_df 스냅샷 저장 완료 (222개 종목)

[요약] 전 종목 스캔 완료 – 총 3259.1초 (54.32분) 소요
