============================================================
[Unified Paper Trading] PT-1 실행 시작
============================================================
2026-10-09 08:01:16,171 [INFO] paper_trading.runner — [Runner] SP500 snapshot 로드: 128개 종목
[Unified PT] SP500 snapshot 로드: 128개 종목
2026-10-09 08:01:16,180 [INFO] paper_trading.runner — [Runner] NASDAQ snapshot 로드: 222개 종목
[Unified PT] NASDAQ snapshot 로드: 222개 종목
[Unified PT] 합산 완료: 341개 종목 (SP500 128 + NASDAQ 222개, 중복 제거 후)
[Unified PT] 거래일(일봉 날짜): 2026-10-08
[Unified PT] 골든크로스임박 종목: 46개
2026-10-09 08:01:17,039 [INFO] paper_trading.engine — [PaperTrading] SELL T @ 24.87 (장기보유(19일,-2.1%))
2026-10-09 08:01:17,039 [INFO] paper_trading.engine — [PaperTrading] SELL INSP @ 66.69 (트레일링(-5.8%))
2026-10-09 08:01:17,050 [INFO] paper_trading.candidate_selector — [전략점수 분포] ~4.0: 84 | 4.0~5.0: 41 | 5.0~5.5: 27 | 5.5~6.0: 36 | 6.0+: 153
2026-10-09 08:01:17,077 [INFO] paper_trading.candidate_selector — [CandidateSelector] Regime=bull | Filtered=26/341 | Selected: CSCO (CCS=0.6954)
2026-10-09 08:01:17,083 [INFO] paper_trading.engine — [PaperTrading] BUY CSCO @ 114.89 (CCS=0.6954, RSI=59, upside P50=+4% P75=+8%)
[Unified PT] 매도=2 매수=1 보유=2종목
[Unified PT] 레짐=bull | 필터={'전략점수<6.0': 188, '바닥반등_52주과열': 2, '판단등급_미달': 103, '과열_차단': 11, '유동성_부족': 0, '어닝_임박': 0, '보유_중복': 0, '같은회사_중복': 0, '모멘텀_ADX부족': 8, '바닥_RSI데드존': 3, '섹터_집중': 0, '_통과': 26, '_전체': 341}
[Unified PT] Top5 후보:
  MPWR   CCS=0.6996 전략=📈 모멘텀 섹터=Technology
  CSCO   CCS=0.6954 전략=📈 모멘텀 섹터=Technology
  SMCI   CCS=0.6627 전략=📈 모멘텀 섹터=Technology
  HIMS   CCS=0.6213 전략=📉 바닥반등 섹터=Unknown
  PLTR   CCS=0.6201 전략=📈 모멘텀 섹터=Technology
2026-10-09 08:01:18,537 [INFO] paper_trading.sheet_sync — [SheetSync] 거래로그 append: SELL T
2026-10-09 08:01:19,410 [INFO] paper_trading.sheet_sync — [SheetSync] 거래로그 append: SELL INSP
2026-10-09 08:01:20,337 [INFO] paper_trading.sheet_sync — [SheetSync] 거래로그 append: BUY CSCO
2026-10-09 08:01:21,402 [INFO] paper_trading.sheet_sync — [SheetSync] 포지션현황 업데이트: 2개 종목
2026-10-09 08:01:22,454 [INFO] paper_trading.sheet_sync — [SheetSync] 성과요약 업데이트: 52건 거래
[Unified PT] 구글 시트 동기화 완료
2026-10-09 08:01:23,334 [INFO] matplotlib.font_manager — Failed to extract font properties from /usr/share/fonts/truetype/noto/NotoColorEmoji.ttf: Non-scalable fonts are not supported
2026-10-09 08:01:23,497 [INFO] matplotlib.font_manager — generated new fontManager
2026-10-09 08:01:24,681 [WARNING] fpdf.output — Font MPDFAA+NanumGothic is missing the following glyphs: '📈' (\U0001f4c8), '📉' (\U0001f4c9)
2026-10-09 08:01:24,703 [INFO] fontTools.subset — maxp pruned
2026-10-09 08:01:24,703 [INFO] fontTools.subset — cmap pruned
2026-10-09 08:01:24,704 [INFO] fontTools.subset — post pruned
2026-10-09 08:01:24,704 [INFO] fontTools.subset — DSIG dropped
2026-10-09 08:01:24,704 [INFO] fontTools.subset — GPOS dropped
2026-10-09 08:01:24,704 [INFO] fontTools.subset — GSUB dropped
2026-10-09 08:01:24,705 [INFO] fontTools.subset — glyf pruned
2026-10-09 08:01:24,706 [INFO] fontTools.subset — Added gid0 to subset
2026-10-09 08:01:24,706 [INFO] fontTools.subset — Added first four glyphs to subset
2026-10-09 08:01:24,706 [INFO] fontTools.subset — Closing glyph list over 'glyf': 99 glyphs before
2026-10-09 08:01:24,706 [INFO] fontTools.subset — Glyph names: ['.notdef', 'A', 'B', 'C', 'D', 'E', 'F', 'G', 'H', 'I', 'L', 'M', 'N', 'O', 'P', 'Q', 'R', 'S', 'T', 'U', 'V', 'W', 'Y', 'a', 'ampersand', 'arrowright', 'b', 'bar', 'c', 'colon', 'comma', 'copyright', 'd', 'dollar', 'e', 'eight', 'emdash', 'exclam', 'f', 'five', 'four', 'g', 'h', 'hyphen', 'i', 'k', 'l', 'm', 'n', 'nine', 'numbersign', 'o', 'one', 'p', 'parenleft', 'parenright', 'percent', 'period', 'periodcentered', 'plus', 'q', 'quotedbl', 'r', 's', 'seven', 'six', 'slash', 'space', 't', 'three', 'triagup', 'two', 'u', 'uniAC04', 'uniAD50', 'uniAE30', 'uniB2E5', 'uniB4F1', 'uniB808', 'uniB9C1', 'uniBA58', 'uniBAA8', 'uniBC14', 'uniBC18', 'uniBCF4', 'uniC2DC', 'uniC720', 'uniC775', 'uniC77C', 'uniC7A5', 'uniC808', 'uniCCB4', 'uniD140', 'uniD2B8', 'v', 'w', 'x', 'y', 'zero']
2026-10-09 08:01:24,707 [INFO] fontTools.subset — Glyph IDs:   [0, 1, 2, 3, 4, 5, 6, 8, 9, 11, 12, 13, 14, 15, 16, 17, 18, 19, 20, 21, 22, 23, 24, 25, 26, 33, 34, 35, 36, 37, 38, 39, 40, 41, 44, 45, 46, 47, 48, 49, 50, 51, 52, 53, 54, 55, 57, 64, 65, 66, 67, 68, 69, 70, 71, 72, 74, 75, 76, 77, 78, 79, 80, 81, 82, 83, 84, 85, 86, 87, 88, 91, 96, 99, 104, 159, 162, 497, 607, 654, 928, 1042, 1177, 1267, 1310, 1326, 1397, 1401, 1458, 1751, 2013, 2043, 2045, 2067, 2091, 2308, 2518, 2576, 13296]
2026-10-09 08:01:24,707 [INFO] fontTools.subset — Closed glyph list over 'glyf': 99 glyphs after
2026-10-09 08:01:24,707 [INFO] fontTools.subset — Glyph names: ['.notdef', 'A', 'B', 'C', 'D', 'E', 'F', 'G', 'H', 'I', 'L', 'M', 'N', 'O', 'P', 'Q', 'R', 'S', 'T', 'U', 'V', 'W', 'Y', 'a', 'ampersand', 'arrowright', 'b', 'bar', 'c', 'colon', 'comma', 'copyright', 'd', 'dollar', 'e', 'eight', 'emdash', 'exclam', 'f', 'five', 'four', 'g', 'h', 'hyphen', 'i', 'k', 'l', 'm', 'n', 'nine', 'numbersign', 'o', 'one', 'p', 'parenleft', 'parenright', 'percent', 'period', 'periodcentered', 'plus', 'q', 'quotedbl', 'r', 's', 'seven', 'six', 'slash', 'space', 't', 'three', 'triagup', 'two', 'u', 'uniAC04', 'uniAD50', 'uniAE30', 'uniB2E5', 'uniB4F1', 'uniB808', 'uniB9C1', 'uniBA58', 'uniBAA8', 'uniBC14', 'uniBC18', 'uniBCF4', 'uniC2DC', 'uniC720', 'uniC775', 'uniC77C', 'uniC7A5', 'uniC808', 'uniCCB4', 'uniD140', 'uniD2B8', 'v', 'w', 'x', 'y', 'zero']
2026-10-09 08:01:24,707 [INFO] fontTools.subset — Glyph IDs:   [0, 1, 2, 3, 4, 5, 6, 8, 9, 11, 12, 13, 14, 15, 16, 17, 18, 19, 20, 21, 22, 23, 24, 25, 26, 33, 34, 35, 36, 37, 38, 39, 40, 41, 44, 45, 46, 47, 48, 49, 50, 51, 52, 53, 54, 55, 57, 64, 65, 66, 67, 68, 69, 70, 71, 72, 74, 75, 76, 77, 78, 79, 80, 81, 82, 83, 84, 85, 86, 87, 88, 91, 96, 99, 104, 159, 162, 497, 607, 654, 928, 1042, 1177, 1267, 1310, 1326, 1397, 1401, 1458, 1751, 2013, 2043, 2045, 2067, 2091, 2308, 2518, 2576, 13296]
2026-10-09 08:01:24,708 [INFO] fontTools.subset — Retaining 99 glyphs
2026-10-09 08:01:24,708 [INFO] fontTools.subset — head subsetting not needed
2026-10-09 08:01:24,708 [INFO] fontTools.subset — hhea subsetting not needed
2026-10-09 08:01:24,708 [INFO] fontTools.subset — maxp subsetting not needed
2026-10-09 08:01:24,708 [INFO] fontTools.subset — OS/2 subsetting not needed
2026-10-09 08:01:24,709 [INFO] fontTools.subset — hmtx subsetted
2026-10-09 08:01:24,710 [INFO] fontTools.subset — cmap subsetted
2026-10-09 08:01:24,710 [INFO] fontTools.subset — fpgm subsetting not needed
2026-10-09 08:01:24,710 [INFO] fontTools.subset — prep subsetting not needed
2026-10-09 08:01:24,711 [INFO] fontTools.subset — cvt  subsetting not needed
2026-10-09 08:01:24,711 [INFO] fontTools.subset — loca subsetting not needed
2026-10-09 08:01:24,711 [INFO] fontTools.subset — post subsetted
2026-10-09 08:01:24,711 [INFO] fontTools.subset — gasp subsetting not needed
2026-10-09 08:01:24,711 [INFO] fontTools.subset — name subsetting not needed
2026-10-09 08:01:24,713 [INFO] fontTools.subset — glyf subsetted
2026-10-09 08:01:24,713 [INFO] fontTools.subset — head pruned
2026-10-09 08:01:24,714 [INFO] fontTools.subset — OS/2 Unicode ranges pruned: [0, 1, 31, 37, 45, 56]
2026-10-09 08:01:24,714 [INFO] fontTools.subset — OS/2 CodePage ranges pruned: [0]
2026-10-09 08:01:24,715 [INFO] fontTools.subset — glyf pruned
2026-10-09 08:01:24,715 [INFO] fontTools.subset — name pruned
2026-10-09 08:01:24,735 [WARNING] fpdf.output — Font MPDFAA+NanumGothicBold is missing the following glyphs: '📉' (\U0001f4c9), '📈' (\U0001f4c8)
2026-10-09 08:01:24,735 [INFO] fontTools.subset — maxp pruned
2026-10-09 08:01:24,736 [INFO] fontTools.subset — cmap pruned
2026-10-09 08:01:24,736 [INFO] fontTools.subset — post pruned
2026-10-09 08:01:24,736 [INFO] fontTools.subset — DSIG dropped
2026-10-09 08:01:24,736 [INFO] fontTools.subset — GPOS dropped
2026-10-09 08:01:24,736 [INFO] fontTools.subset — GSUB dropped
2026-10-09 08:01:24,736 [INFO] fontTools.subset — glyf pruned
2026-10-09 08:01:24,737 [INFO] fontTools.subset — Added gid0 to subset
2026-10-09 08:01:24,737 [INFO] fontTools.subset — Added first four glyphs to subset
2026-10-09 08:01:24,737 [INFO] fontTools.subset — Closing glyph list over 'glyf': 103 glyphs before
2026-10-09 08:01:24,737 [INFO] fontTools.subset — Glyph names: ['.notdef', 'A', 'B', 'C', 'D', 'E', 'F', 'G', 'H', 'I', 'J', 'K', 'L', 'M', 'N', 'O', 'P', 'Q', 'R', 'S', 'T', 'U', 'V', 'W', 'X', 'Y', 'Z', 'a', 'ampersand', 'b', 'c', 'colon', 'd', 'dollar', 'e', 'eight', 'emdash', 'equal', 'exclam', 'f', 'five', 'four', 'g', 'h', 'hyphen', 'i', 'j', 'k', 'l', 'm', 'n', 'nine', 'numbersign', 'o', 'one', 'p', 'parenleft', 'parenright', 'percent', 'period', 'periodcentered', 'plus', 'q', 'quotedbl', 'quotesingle', 'r', 's', 'seven', 'six', 'slash', 'space', 't', 'three', 'two', 'u', 'uni2605', 'uniACE8', 'uniB2E5', 'uniB4E0', 'uniB4F1', 'uniB85C', 'uniBA58', 'uniBAA8', 'uniBC14', 'uniBC15', 'uniBC18', 'uniBC30', 'uniC131', 'uniC2A4', 'uniC5F4', 'uniC644', 'uniC784', 'uniC804', 'uniC815', 'uniC911', 'uniD06C', 'uniD140', 'uniD615', 'v', 'w', 'x', 'y', 'zero']
2026-10-09 08:01:24,738 [INFO] fontTools.subset — Glyph IDs:   [0, 1, 2, 3, 4, 5, 6, 7, 8, 9, 11, 13, 14, 15, 16, 17, 18, 19, 20, 21, 22, 23, 24, 25, 26, 29, 33, 34, 35, 36, 37, 38, 39, 40, 41, 42, 43, 44, 45, 46, 47, 48, 49, 50, 51, 52, 53, 54, 55, 56, 57, 58, 64, 65, 66, 67, 68, 69, 70, 71, 72, 73, 74, 75, 76, 77, 78, 79, 80, 81, 82, 83, 84, 85, 86, 87, 88, 99, 104, 150, 573, 926, 1033, 1040, 1196, 1308, 1324, 1395, 1396, 1399, 1410, 1646, 1740, 1915, 1949, 2047, 2088, 2094, 2153, 2475, 2516, 2746, 13533]
2026-10-09 08:01:24,738 [INFO] fontTools.subset — Closed glyph list over 'glyf': 103 glyphs after
2026-10-09 08:01:24,738 [INFO] fontTools.subset — Glyph names: ['.notdef', 'A', 'B', 'C', 'D', 'E', 'F', 'G', 'H', 'I', 'J', 'K', 'L', 'M', 'N', 'O', 'P', 'Q', 'R', 'S', 'T', 'U', 'V', 'W', 'X', 'Y', 'Z', 'a', 'ampersand', 'b', 'c', 'colon', 'd', 'dollar', 'e', 'eight', 'emdash', 'equal', 'exclam', 'f', 'five', 'four', 'g', 'h', 'hyphen', 'i', 'j', 'k', 'l', 'm', 'n', 'nine', 'numbersign', 'o', 'one', 'p', 'parenleft', 'parenright', 'percent', 'period', 'periodcentered', 'plus', 'q', 'quotedbl', 'quotesingle', 'r', 's', 'seven', 'six', 'slash', 'space', 't', 'three', 'two', 'u', 'uni2605', 'uniACE8', 'uniB2E5', 'uniB4E0', 'uniB4F1', 'uniB85C', 'uniBA58', 'uniBAA8', 'uniBC14', 'uniBC15', 'uniBC18', 'uniBC30', 'uniC131', 'uniC2A4', 'uniC5F4', 'uniC644', 'uniC784', 'uniC804', 'uniC815', 'uniC911', 'uniD06C', 'uniD140', 'uniD615', 'v', 'w', 'x', 'y', 'zero']
2026-10-09 08:01:24,738 [INFO] fontTools.subset — Glyph IDs:   [0, 1, 2, 3, 4, 5, 6, 7, 8, 9, 11, 13, 14, 15, 16, 17, 18, 19, 20, 21, 22, 23, 24, 25, 26, 29, 33, 34, 35, 36, 37, 38, 39, 40, 41, 42, 43, 44, 45, 46, 47, 48, 49, 50, 51, 52, 53, 54, 55, 56, 57, 58, 64, 65, 66, 67, 68, 69, 70, 71, 72, 73, 74, 75, 76, 77, 78, 79, 80, 81, 82, 83, 84, 85, 86, 87, 88, 99, 104, 150, 573, 926, 1033, 1040, 1196, 1308, 1324, 1395, 1396, 1399, 1410, 1646, 1740, 1915, 1949, 2047, 2088, 2094, 2153, 2475, 2516, 2746, 13533]
2026-10-09 08:01:24,738 [INFO] fontTools.subset — Retaining 103 glyphs
2026-10-09 08:01:24,739 [INFO] fontTools.subset — head subsetting not needed
2026-10-09 08:01:24,739 [INFO] fontTools.subset — hhea subsetting not needed
2026-10-09 08:01:24,739 [INFO] fontTools.subset — maxp subsetting not needed
2026-10-09 08:01:24,739 [INFO] fontTools.subset — OS/2 subsetting not needed
2026-10-09 08:01:24,739 [INFO] fontTools.subset — hmtx subsetted
2026-10-09 08:01:24,741 [INFO] fontTools.subset — cmap subsetted
2026-10-09 08:01:24,741 [INFO] fontTools.subset — fpgm subsetting not needed
2026-10-09 08:01:24,741 [INFO] fontTools.subset — prep subsetting not needed
2026-10-09 08:01:24,741 [INFO] fontTools.subset — cvt  subsetting not needed
2026-10-09 08:01:24,741 [INFO] fontTools.subset — loca subsetting not needed
2026-10-09 08:01:24,741 [INFO] fontTools.subset — post subsetted
2026-10-09 08:01:24,741 [INFO] fontTools.subset — gasp subsetting not needed
2026-10-09 08:01:24,741 [INFO] fontTools.subset — name subsetting not needed
2026-10-09 08:01:24,744 [INFO] fontTools.subset — glyf subsetted
2026-10-09 08:01:24,744 [INFO] fontTools.subset — head pruned
2026-10-09 08:01:24,744 [INFO] fontTools.subset — OS/2 Unicode ranges pruned: [0, 1, 31, 46, 56]
2026-10-09 08:01:24,744 [INFO] fontTools.subset — OS/2 CodePage ranges pruned: [0]
2026-10-09 08:01:24,746 [INFO] fontTools.subset — glyf pruned
2026-10-09 08:01:24,746 [INFO] fontTools.subset — name pruned
[Unified PT] PDF 리포트 생성 완료 (182,765 bytes)
[시장분석] 51개 종목 데이터 수집 중...
2026-10-09 08:01:51,035 [ERROR] yfinance — COF: Failed to retrieve the news and received faulty response instead.
2026-10-09 08:01:51,320 [ERROR] yfinance — COF: Failed to retrieve the news and received faulty response instead.
2026-10-09 08:01:51,670 [ERROR] yfinance — MSGY: Failed to retrieve the news and received faulty response instead.
2026-10-09 08:01:51,918 [ERROR] yfinance — MSGY: Failed to retrieve the news and received faulty response instead.
2026-10-09 08:01:52,223 [ERROR] yfinance — ABT: Failed to retrieve the news and received faulty response instead.
2026-10-09 08:01:52,528 [ERROR] yfinance — ABT: Failed to retrieve the news and received faulty response instead.
2026-10-09 08:01:52,723 [ERROR] yfinance — SE: Failed to retrieve the news and received faulty response instead.
2026-10-09 08:01:52,973 [ERROR] yfinance — SE: Failed to retrieve the news and received faulty response instead.
2026-10-09 08:01:53,170 [ERROR] yfinance — MDT: Failed to retrieve the news and received faulty response instead.
2026-10-09 08:01:53,517 [ERROR] yfinance — MDT: Failed to retrieve the news and received faulty response instead.
2026-10-09 08:01:53,862 [ERROR] yfinance — OCUL: Failed to retrieve the news and received faulty response instead.
2026-10-09 08:01:54,162 [ERROR] yfinance — OCUL: Failed to retrieve the news and received faulty response instead.
2026-10-09 08:01:54,510 [ERROR] yfinance — QCOM: Failed to retrieve the news and received faulty response instead.
2026-10-09 08:01:54,914 [ERROR] yfinance — QCOM: Failed to retrieve the news and received faulty response instead.
2026-10-09 08:01:55,215 [ERROR] yfinance — DOCS: Failed to retrieve the news and received faulty response instead.
2026-10-09 08:01:55,521 [ERROR] yfinance — DOCS: Failed to retrieve the news and received faulty response instead.
2026-10-09 08:01:55,772 [ERROR] yfinance — SCHW: Failed to retrieve the news and received faulty response instead.
2026-10-09 08:01:56,072 [ERROR] yfinance — SCHW: Failed to retrieve the news and received faulty response instead.
[시장분석] enrichment 완료
[Email] 페이퍼 트레이딩 알림 발송 완료 (PDF 첨부) (매도 2건, 매수 1건, 재평가 0건, 재평가실패 0건, 후보 5건) → chunghwan14@gmail.com
============================================================
[Unified Paper Trading] 완료
============================================================
