============================================================
[PT-2 골든크로스 스윙] 실행 시작 (pt2-v0)
============================================================
[Unified PT] SP500 snapshot 로드: 128개 종목
[Unified PT] NASDAQ snapshot 로드: 222개 종목
[Unified PT] 합산 완료: 341개 종목 (SP500 128 + NASDAQ 222개, 중복 제거 후)
[PT-2 골든크로스 스윙] 거래일 2026-10-08 | 일봉 다운로드 6종목
[PT-2 골든크로스 스윙] 2026-10-08 | 매수 2 · 매도 2 · 취소 0 · 예약 2 | 보유 3 | 평가액 $4,992.60 (현금 $1,948.52)
  SELL MDT    @ 85.90 추세이탈(50일선 아래 7일)(-1.9%)
  SELL ASML   @ 1771.29 손절(-5.5%)
  BUY  LLY    @ 1183.50 손절 1117.23 (골든크로스(일봉직후))
  BUY  DIS    @ 104.81 손절 100.63 (골든크로스(주봉직후, 월봉직후))
  예약 BUY  AMAT   (다음 시가) 골든크로스(일봉직후)
  예약 BUY  T      (다음 시가) 골든크로스(주봉직후, 월봉직후)
  후보 선정: {'regime': 'bull', '골든크로스': 46, '통과': 11, '탈락': {'진입유형': 19, '보유·제외': 3, '200일선 아래': 11, '과열': 2}}
  후보 AMAT   점수 0.632 골든크로스(일봉직후)
  후보 MPWR   점수 0.624 골든크로스(일봉직후)
  후보 TXN    점수 0.622 골든크로스(일봉직후)
  후보 T      점수 0.614 골든크로스(주봉직후, 월봉직후)
  후보 LRCX   점수 0.599 골든크로스(일봉직후)
[PT-2 골든크로스 스윙] 구글 시트 동기화 완료
[PT-2 골든크로스 스윙] 이메일 발송 완료 → 1명
