============================================================
[Unified Paper Trading] SP500 + NASDAQ/NYSE 통합 실행 시작
============================================================
2026-05-21 08:17:33,940 [INFO] paper_trading.runner — [Runner] SP500 snapshot 로드: 130개 종목
[Unified PT] SP500 snapshot 로드: 130개 종목
2026-05-21 08:17:33,949 [INFO] paper_trading.runner — [Runner] NASDAQ snapshot 로드: 211개 종목
[Unified PT] NASDAQ snapshot 로드: 211개 종목
[Unified PT] 합산 완료: 330개 종목 (SP500 130 + NASDAQ 211개, 중복 제거 후)
[Unified PT] 골든크로스임박 종목: 3개
2026-05-21 08:17:35,376 [INFO] paper_trading.candidate_selector — [전략점수 분포] ~4.0: 75 | 4.0~5.0: 42 | 5.0~5.5: 25 | 5.5~6.0: 27 | 6.0+: 161
2026-05-21 08:17:35,392 [INFO] paper_trading.candidate_selector — [CandidateSelector] Regime=bull | Filtered=16/330 | Selected: ADI (CCS=0.6370)
2026-05-21 08:17:35,402 [INFO] paper_trading.engine — [PaperTrading] 교체 기준 미달 — 매수 안 함
[Unified PT] 매도=0 매수=0 보유=3종목
[Unified PT] 레짐=bull | 필터={'전략점수<6.0': 169, '바닥반등_52주과열': 0, '판단등급_미달': 127, '과열_차단': 14, '유동성_부족': 0, '어닝_임박': 0, '보유_중복': 0, '모멘텀_ADX부족': 4, '바닥_RSI데드존': 0, '섹터_집중': 0, '_통과': 16, '_전체': 330}
[Unified PT] 스킵 사유: 교체_미달
[Unified PT] Top5 후보:
  ADI    CCS=0.6370 전략=📈 모멘텀 섹터=Technology
  VSAT   CCS=0.5190 전략=📈 모멘텀 섹터=Unknown
  T      CCS=0.4997 전략=📉 바닥반등 섹터=Communication Services
  DVA    CCS=0.4758 전략=📈 모멘텀 섹터=Unknown
  BLDP   CCS=0.4577 전략=📈 모멘텀 섹터=Unknown
2026-05-21 08:17:36,544 [INFO] paper_trading.sheet_sync — [SheetSync] 포지션현황 업데이트: 3개 종목
2026-05-21 08:17:37,767 [INFO] paper_trading.sheet_sync — [SheetSync] 성과요약 업데이트: 12건 거래
[Unified PT] 구글 시트 동기화 완료
[시장분석] 8개 종목 데이터 수집 중...
2026-05-21 08:17:44,325 [WARNING] data.fetch — [fetch_analyst_data] VSAT: 'dict' object has no attribute 'empty'
2026-05-21 08:17:44,350 [WARNING] data.fetch — [fetch_analyst_data] BLDP: 'dict' object has no attribute 'empty'
2026-05-21 08:17:44,473 [WARNING] data.fetch — [fetch_analyst_data] ADI: 'dict' object has no attribute 'empty'
2026-05-21 08:17:44,503 [WARNING] data.fetch — [fetch_analyst_data] DVA: 'dict' object has no attribute 'empty'
2026-05-21 08:17:44,518 [WARNING] data.fetch — [fetch_analyst_data] T: 'dict' object has no attribute 'empty'
2026-05-21 08:17:44,795 [ERROR] yfinance — HTTP Error 404: {"quoteSummary":{"result":null,"error":{"code":"Not Found","description":"No fundamentals data found for symbol: VXX"}}}
2026-05-21 08:17:48,036 [ERROR] yfinance — HTTP Error 404: {"quoteSummary":{"result":null,"error":{"code":"Not Found","description":"No fundamentals data found for symbol: VXX"}}}
2026-05-21 08:17:50,866 [WARNING] data.fetch — [fetch_analyst_data] ANET: 'dict' object has no attribute 'empty'
2026-05-21 08:17:50,974 [WARNING] data.fetch — [fetch_analyst_data] ISRG: 'dict' object has no attribute 'empty'
2026-05-21 08:17:51,197 [ERROR] yfinance — HTTP Error 404: {"quoteSummary":{"result":null,"error":{"code":"Not Found","description":"No fundamentals data found for symbol: VXX"}}}
2026-05-21 08:17:51,198 [WARNING] data.fetch — [fetch_analyst_data] VXX: 'dict' object has no attribute 'empty'
[시장분석] enrichment 완료
[Email] 페이퍼 트레이딩 알림 발송 완료 (매도 0건, 매수 0건, 재평가 0건, 재평가실패 0건, 후보 5건) → chunghwan14@gmail.com, roykim0311@gmail.com, ssamjungtan@naver.com
============================================================
[Unified Paper Trading] 완료
============================================================
