============================================================
[Unified Paper Trading] SP500 + NASDAQ/NYSE 통합 실행 시작
============================================================
2026-05-31 08:39:17,053 [INFO] paper_trading.runner — [Runner] SP500 snapshot 로드: 130개 종목
[Unified PT] SP500 snapshot 로드: 130개 종목
2026-05-31 08:39:17,062 [INFO] paper_trading.runner — [Runner] NASDAQ snapshot 로드: 214개 종목
[Unified PT] NASDAQ snapshot 로드: 214개 종목
[Unified PT] 합산 완료: 324개 종목 (SP500 130 + NASDAQ 214개, 중복 제거 후)
[Unified PT] 골든크로스임박 종목: 57개
2026-05-31 08:39:17,820 [INFO] paper_trading.candidate_selector — [전략점수 분포] ~4.0: 93 | 4.0~5.0: 26 | 5.0~5.5: 11 | 5.5~6.0: 18 | 6.0+: 176
2026-05-31 08:39:17,835 [INFO] paper_trading.candidate_selector — [CandidateSelector] Regime=bull | Filtered=15/324 | Selected: GOOGL (CCS=0.6616)
2026-05-31 08:39:17,845 [INFO] paper_trading.engine — [PaperTrading] REPLACE EXEL → GOOGL @ 380.34
[Unified PT] 매도=1 매수=1 보유=3종목
[Unified PT] 레짐=bull | 필터={'전략점수<6.0': 148, '바닥반등_52주과열': 3, '판단등급_미달': 118, '과열_차단': 35, '유동성_부족': 0, '어닝_임박': 0, '보유_중복': 1, '모멘텀_ADX부족': 4, '바닥_RSI데드존': 0, '섹터_집중': 0, '_통과': 15, '_전체': 324}
[Unified PT] Top5 후보:
  GOOGL  CCS=0.6616 전략=📈 모멘텀 섹터=Communication Services
  SANM   CCS=0.4783 전략=📈 모멘텀 섹터=Unknown
  KRMN   CCS=0.4744 전략=📉 바닥반등 섹터=Unknown
  QUBT   CCS=0.4671 전략=📈 모멘텀 섹터=Unknown
  MTRN   CCS=0.4640 전략=📈 모멘텀 섹터=Unknown
2026-05-31 08:39:18,930 [INFO] paper_trading.sheet_sync — [SheetSync] 거래로그 append: SELL EXEL
2026-05-31 08:39:19,717 [INFO] paper_trading.sheet_sync — [SheetSync] 거래로그 append: BUY GOOGL
2026-05-31 08:39:20,677 [INFO] paper_trading.sheet_sync — [SheetSync] 포지션현황 업데이트: 3개 종목
2026-05-31 08:39:21,688 [INFO] paper_trading.sheet_sync — [SheetSync] 성과요약 업데이트: 17건 거래
[Unified PT] 구글 시트 동기화 완료
2026-05-31 08:39:21,949 [INFO] matplotlib.font_manager — Failed to extract font properties from /usr/share/fonts/truetype/noto/NotoColorEmoji.ttf: Can not load face (unknown file format; error code 0x2)
2026-05-31 08:39:21,966 [INFO] matplotlib.font_manager — generated new fontManager
2026-05-31 08:39:22,779 [WARNING] fpdf.output — Font MPDFAA+NanumGothic is missing the following glyphs: '📈' (\U0001f4c8), '📉' (\U0001f4c9)
2026-05-31 08:39:22,780 [INFO] fontTools.subset — maxp pruned
2026-05-31 08:39:22,781 [INFO] fontTools.subset — cmap pruned
2026-05-31 08:39:22,781 [INFO] fontTools.subset — post pruned
2026-05-31 08:39:22,782 [INFO] fontTools.subset — DSIG dropped
2026-05-31 08:39:22,782 [INFO] fontTools.subset — GPOS dropped
2026-05-31 08:39:22,782 [INFO] fontTools.subset — GSUB dropped
2026-05-31 08:39:22,782 [INFO] fontTools.subset — glyf pruned
2026-05-31 08:39:22,783 [INFO] fontTools.subset — Added gid0 to subset
2026-05-31 08:39:22,783 [INFO] fontTools.subset — Added first four glyphs to subset
2026-05-31 08:39:22,783 [INFO] fontTools.subset — Closing glyph list over 'glyf': 99 glyphs before
2026-05-31 08:39:22,784 [INFO] fontTools.subset — Glyph names: ['.notdef', 'A', 'B', 'C', 'D', 'E', 'F', 'G', 'H', 'I', 'L', 'M', 'N', 'O', 'P', 'Q', 'R', 'S', 'T', 'U', 'V', 'W', 'X', 'Y', 'a', 'arrowright', 'b', 'bar', 'c', 'colon', 'comma', 'copyright', 'd', 'dollar', 'e', 'eight', 'emdash', 'exclam', 'f', 'five', 'four', 'g', 'h', 'hyphen', 'i', 'k', 'l', 'm', 'n', 'nine', 'numbersign', 'o', 'one', 'p', 'parenleft', 'parenright', 'percent', 'period', 'periodcentered', 'plus', 'q', 'quotedbl', 'r', 's', 'seven', 'six', 'slash', 'space', 't', 'three', 'triagup', 'two', 'u', 'uniAC00', 'uniAC04', 'uniAD50', 'uniB2E5', 'uniB4F1', 'uniB808', 'uniB9C1', 'uniBA58', 'uniBAA8', 'uniBAA9', 'uniBC14', 'uniBC18', 'uniC190', 'uniC2DC', 'uniC775', 'uniC77C', 'uniC808', 'uniCCB4', 'uniD140', 'uniD2B8', 'uniD45C', 'v', 'w', 'x', 'y', 'zero']
2026-05-31 08:39:22,784 [INFO] fontTools.subset — Glyph IDs:   [0, 1, 2, 3, 4, 5, 8, 9, 11, 12, 13, 14, 15, 16, 17, 18, 19, 20, 21, 22, 23, 24, 25, 26, 33, 34, 35, 36, 37, 38, 39, 40, 41, 44, 45, 46, 47, 48, 49, 50, 51, 52, 53, 54, 55, 56, 57, 64, 65, 66, 67, 68, 69, 70, 71, 72, 74, 75, 76, 77, 78, 79, 80, 81, 82, 83, 84, 85, 86, 87, 88, 91, 96, 99, 104, 159, 162, 495, 497, 607, 928, 1042, 1177, 1267, 1310, 1326, 1327, 1397, 1401, 1675, 1751, 2043, 2045, 2091, 2308, 2518, 2576, 2661, 13296]
2026-05-31 08:39:22,784 [INFO] fontTools.subset — Closed glyph list over 'glyf': 99 glyphs after
2026-05-31 08:39:22,784 [INFO] fontTools.subset — Glyph names: ['.notdef', 'A', 'B', 'C', 'D', 'E', 'F', 'G', 'H', 'I', 'L', 'M', 'N', 'O', 'P', 'Q', 'R', 'S', 'T', 'U', 'V', 'W', 'X', 'Y', 'a', 'arrowright', 'b', 'bar', 'c', 'colon', 'comma', 'copyright', 'd', 'dollar', 'e', 'eight', 'emdash', 'exclam', 'f', 'five', 'four', 'g', 'h', 'hyphen', 'i', 'k', 'l', 'm', 'n', 'nine', 'numbersign', 'o', 'one', 'p', 'parenleft', 'parenright', 'percent', 'period', 'periodcentered', 'plus', 'q', 'quotedbl', 'r', 's', 'seven', 'six', 'slash', 'space', 't', 'three', 'triagup', 'two', 'u', 'uniAC00', 'uniAC04', 'uniAD50', 'uniB2E5', 'uniB4F1', 'uniB808', 'uniB9C1', 'uniBA58', 'uniBAA8', 'uniBAA9', 'uniBC14', 'uniBC18', 'uniC190', 'uniC2DC', 'uniC775', 'uniC77C', 'uniC808', 'uniCCB4', 'uniD140', 'uniD2B8', 'uniD45C', 'v', 'w', 'x', 'y', 'zero']
2026-05-31 08:39:22,785 [INFO] fontTools.subset — Glyph IDs:   [0, 1, 2, 3, 4, 5, 8, 9, 11, 12, 13, 14, 15, 16, 17, 18, 19, 20, 21, 22, 23, 24, 25, 26, 33, 34, 35, 36, 37, 38, 39, 40, 41, 44, 45, 46, 47, 48, 49, 50, 51, 52, 53, 54, 55, 56, 57, 64, 65, 66, 67, 68, 69, 70, 71, 72, 74, 75, 76, 77, 78, 79, 80, 81, 82, 83, 84, 85, 86, 87, 88, 91, 96, 99, 104, 159, 162, 495, 497, 607, 928, 1042, 1177, 1267, 1310, 1326, 1327, 1397, 1401, 1675, 1751, 2043, 2045, 2091, 2308, 2518, 2576, 2661, 13296]
2026-05-31 08:39:22,785 [INFO] fontTools.subset — Retaining 99 glyphs
2026-05-31 08:39:22,786 [INFO] fontTools.subset — head subsetting not needed
2026-05-31 08:39:22,786 [INFO] fontTools.subset — hhea subsetting not needed
2026-05-31 08:39:22,786 [INFO] fontTools.subset — maxp subsetting not needed
2026-05-31 08:39:22,786 [INFO] fontTools.subset — OS/2 subsetting not needed
2026-05-31 08:39:22,787 [INFO] fontTools.subset — hmtx subsetted
2026-05-31 08:39:22,788 [INFO] fontTools.subset — cmap subsetted
2026-05-31 08:39:22,788 [INFO] fontTools.subset — fpgm subsetting not needed
2026-05-31 08:39:22,788 [INFO] fontTools.subset — prep subsetting not needed
2026-05-31 08:39:22,789 [INFO] fontTools.subset — cvt  subsetting not needed
2026-05-31 08:39:22,789 [INFO] fontTools.subset — loca subsetting not needed
2026-05-31 08:39:22,789 [INFO] fontTools.subset — post subsetted
2026-05-31 08:39:22,789 [INFO] fontTools.subset — gasp subsetting not needed
2026-05-31 08:39:22,789 [INFO] fontTools.subset — name subsetting not needed
2026-05-31 08:39:22,791 [INFO] fontTools.subset — glyf subsetted
2026-05-31 08:39:22,792 [INFO] fontTools.subset — head pruned
2026-05-31 08:39:22,792 [INFO] fontTools.subset — OS/2 Unicode ranges pruned: [0, 1, 31, 37, 45, 56]
2026-05-31 08:39:22,792 [INFO] fontTools.subset — OS/2 CodePage ranges pruned: [0]
2026-05-31 08:39:22,793 [INFO] fontTools.subset — glyf pruned
2026-05-31 08:39:22,793 [INFO] fontTools.subset — name pruned
2026-05-31 08:39:22,812 [WARNING] fpdf.output — Font MPDFAA+NanumGothicBold is missing the following glyphs: '📉' (\U0001f4c9), '📈' (\U0001f4c8)
2026-05-31 08:39:22,812 [INFO] fontTools.subset — maxp pruned
2026-05-31 08:39:22,812 [INFO] fontTools.subset — cmap pruned
2026-05-31 08:39:22,812 [INFO] fontTools.subset — post pruned
2026-05-31 08:39:22,812 [INFO] fontTools.subset — DSIG dropped
2026-05-31 08:39:22,812 [INFO] fontTools.subset — GPOS dropped
2026-05-31 08:39:22,812 [INFO] fontTools.subset — GSUB dropped
2026-05-31 08:39:22,812 [INFO] fontTools.subset — glyf pruned
2026-05-31 08:39:22,814 [INFO] fontTools.subset — Added gid0 to subset
2026-05-31 08:39:22,814 [INFO] fontTools.subset — Added first four glyphs to subset
2026-05-31 08:39:22,814 [INFO] fontTools.subset — Closing glyph list over 'glyf': 93 glyphs before
2026-05-31 08:39:22,814 [INFO] fontTools.subset — Glyph names: ['.notdef', 'A', 'B', 'C', 'D', 'E', 'F', 'G', 'H', 'I', 'J', 'K', 'L', 'M', 'N', 'O', 'P', 'Q', 'R', 'S', 'T', 'U', 'V', 'W', 'X', 'Y', 'Z', 'a', 'ampersand', 'b', 'c', 'colon', 'd', 'dollar', 'e', 'eight', 'emdash', 'equal', 'exclam', 'f', 'five', 'four', 'g', 'h', 'hyphen', 'i', 'j', 'k', 'l', 'm', 'n', 'nine', 'numbersign', 'o', 'one', 'p', 'parenleft', 'parenright', 'percent', 'period', 'periodcentered', 'plus', 'q', 'quotedbl', 'quotesingle', 'r', 's', 'seven', 'six', 'slash', 'space', 't', 'three', 'two', 'u', 'uni2605', 'uniB2E5', 'uniB4F1', 'uniBA58', 'uniBAA8', 'uniBC14', 'uniBC18', 'uniBC30', 'uniC5F4', 'uniC644', 'uniC804', 'uniC815', 'uniD140', 'v', 'w', 'x', 'y', 'zero']
2026-05-31 08:39:22,814 [INFO] fontTools.subset — Glyph IDs:   [0, 1, 2, 3, 4, 5, 6, 7, 8, 9, 11, 13, 14, 15, 16, 17, 18, 19, 20, 21, 22, 23, 24, 25, 26, 29, 33, 34, 35, 36, 37, 38, 39, 40, 41, 42, 43, 44, 45, 46, 47, 48, 49, 50, 51, 52, 53, 54, 55, 56, 57, 58, 64, 65, 66, 67, 68, 69, 70, 71, 72, 73, 74, 75, 76, 77, 78, 79, 80, 81, 82, 83, 84, 85, 86, 87, 88, 99, 104, 150, 926, 1040, 1308, 1324, 1395, 1399, 1410, 1915, 1949, 2088, 2094, 2516, 13533]
2026-05-31 08:39:22,814 [INFO] fontTools.subset — Closed glyph list over 'glyf': 93 glyphs after
2026-05-31 08:39:22,814 [INFO] fontTools.subset — Glyph names: ['.notdef', 'A', 'B', 'C', 'D', 'E', 'F', 'G', 'H', 'I', 'J', 'K', 'L', 'M', 'N', 'O', 'P', 'Q', 'R', 'S', 'T', 'U', 'V', 'W', 'X', 'Y', 'Z', 'a', 'ampersand', 'b', 'c', 'colon', 'd', 'dollar', 'e', 'eight', 'emdash', 'equal', 'exclam', 'f', 'five', 'four', 'g', 'h', 'hyphen', 'i', 'j', 'k', 'l', 'm', 'n', 'nine', 'numbersign', 'o', 'one', 'p', 'parenleft', 'parenright', 'percent', 'period', 'periodcentered', 'plus', 'q', 'quotedbl', 'quotesingle', 'r', 's', 'seven', 'six', 'slash', 'space', 't', 'three', 'two', 'u', 'uni2605', 'uniB2E5', 'uniB4F1', 'uniBA58', 'uniBAA8', 'uniBC14', 'uniBC18', 'uniBC30', 'uniC5F4', 'uniC644', 'uniC804', 'uniC815', 'uniD140', 'v', 'w', 'x', 'y', 'zero']
2026-05-31 08:39:22,814 [INFO] fontTools.subset — Glyph IDs:   [0, 1, 2, 3, 4, 5, 6, 7, 8, 9, 11, 13, 14, 15, 16, 17, 18, 19, 20, 21, 22, 23, 24, 25, 26, 29, 33, 34, 35, 36, 37, 38, 39, 40, 41, 42, 43, 44, 45, 46, 47, 48, 49, 50, 51, 52, 53, 54, 55, 56, 57, 58, 64, 65, 66, 67, 68, 69, 70, 71, 72, 73, 74, 75, 76, 77, 78, 79, 80, 81, 82, 83, 84, 85, 86, 87, 88, 99, 104, 150, 926, 1040, 1308, 1324, 1395, 1399, 1410, 1915, 1949, 2088, 2094, 2516, 13533]
2026-05-31 08:39:22,815 [INFO] fontTools.subset — Retaining 93 glyphs
2026-05-31 08:39:22,815 [INFO] fontTools.subset — head subsetting not needed
2026-05-31 08:39:22,815 [INFO] fontTools.subset — hhea subsetting not needed
2026-05-31 08:39:22,815 [INFO] fontTools.subset — maxp subsetting not needed
2026-05-31 08:39:22,815 [INFO] fontTools.subset — OS/2 subsetting not needed
2026-05-31 08:39:22,816 [INFO] fontTools.subset — hmtx subsetted
2026-05-31 08:39:22,817 [INFO] fontTools.subset — cmap subsetted
2026-05-31 08:39:22,817 [INFO] fontTools.subset — fpgm subsetting not needed
2026-05-31 08:39:22,817 [INFO] fontTools.subset — prep subsetting not needed
2026-05-31 08:39:22,817 [INFO] fontTools.subset — cvt  subsetting not needed
2026-05-31 08:39:22,817 [INFO] fontTools.subset — loca subsetting not needed
2026-05-31 08:39:22,817 [INFO] fontTools.subset — post subsetted
2026-05-31 08:39:22,817 [INFO] fontTools.subset — gasp subsetting not needed
2026-05-31 08:39:22,818 [INFO] fontTools.subset — name subsetting not needed
2026-05-31 08:39:22,820 [INFO] fontTools.subset — glyf subsetted
2026-05-31 08:39:22,820 [INFO] fontTools.subset — head pruned
2026-05-31 08:39:22,821 [INFO] fontTools.subset — OS/2 Unicode ranges pruned: [0, 1, 31, 46, 56]
2026-05-31 08:39:22,821 [INFO] fontTools.subset — OS/2 CodePage ranges pruned: [0]
2026-05-31 08:39:22,822 [INFO] fontTools.subset — glyf pruned
2026-05-31 08:39:22,822 [INFO] fontTools.subset — name pruned
[Unified PT] PDF 리포트 생성 완료 (117,961 bytes)
[시장분석] 65개 종목 데이터 수집 중...
2026-05-31 08:39:29,347 [WARNING] data.fetch — [fetch_analyst_data] SANM: 'dict' object has no attribute 'empty'
2026-05-31 08:39:29,487 [WARNING] data.fetch — [fetch_analyst_data] GOOGL: 'dict' object has no attribute 'empty'
2026-05-31 08:39:29,494 [WARNING] data.fetch — [fetch_analyst_data] QUBT: 'dict' object has no attribute 'empty'
2026-05-31 08:39:29,522 [WARNING] data.fetch — [fetch_analyst_data] KRMN: 'dict' object has no attribute 'empty'
2026-05-31 08:39:29,531 [WARNING] data.fetch — [fetch_analyst_data] MTRN: 'dict' object has no attribute 'empty'
2026-05-31 08:39:35,723 [WARNING] data.fetch — [fetch_analyst_data] EXEL: 'dict' object has no attribute 'empty'
2026-05-31 08:39:35,885 [WARNING] data.fetch — [fetch_analyst_data] SRPT: 'dict' object has no attribute 'empty'
2026-05-31 08:39:35,934 [WARNING] data.fetch — [fetch_analyst_data] SNPS: 'dict' object has no attribute 'empty'
2026-05-31 08:39:35,976 [WARNING] data.fetch — [fetch_analyst_data] CRCL: 'dict' object has no attribute 'empty'
2026-05-31 08:39:35,977 [WARNING] data.fetch — [fetch_analyst_data] HUM: 'dict' object has no attribute 'empty'
2026-05-31 08:39:42,096 [WARNING] data.fetch — [fetch_analyst_data] LINE: 'dict' object has no attribute 'empty'
2026-05-31 08:39:42,335 [WARNING] data.fetch — [fetch_analyst_data] V: 'dict' object has no attribute 'empty'
2026-05-31 08:39:42,383 [WARNING] data.fetch — [fetch_analyst_data] HOOD: 'dict' object has no attribute 'empty'
2026-05-31 08:39:42,400 [WARNING] data.fetch — [fetch_analyst_data] AI: 'dict' object has no attribute 'empty'
2026-05-31 08:39:42,425 [WARNING] data.fetch — [fetch_analyst_data] ABBV: 'dict' object has no attribute 'empty'
2026-05-31 08:39:48,555 [WARNING] data.fetch — [fetch_analyst_data] HON: 'dict' object has no attribute 'empty'
2026-05-31 08:39:48,716 [WARNING] data.fetch — [fetch_analyst_data] NOW: 'dict' object has no attribute 'empty'
2026-05-31 08:39:48,778 [WARNING] data.fetch — [fetch_analyst_data] DUOL: 'dict' object has no attribute 'empty'
2026-05-31 08:39:48,855 [WARNING] data.fetch — [fetch_analyst_data] GPK: 'dict' object has no attribute 'empty'
2026-05-31 08:39:48,860 [WARNING] data.fetch — [fetch_analyst_data] IBM: 'dict' object has no attribute 'empty'
2026-05-31 08:39:55,006 [WARNING] data.fetch — [fetch_analyst_data] MRK: 'dict' object has no attribute 'empty'
2026-05-31 08:39:55,070 [WARNING] data.fetch — [fetch_analyst_data] MNDY: 'dict' object has no attribute 'empty'
2026-05-31 08:39:55,194 [WARNING] data.fetch — [fetch_analyst_data] PFE: 'dict' object has no attribute 'empty'
2026-05-31 08:39:55,262 [WARNING] data.fetch — [fetch_analyst_data] CCL: 'dict' object has no attribute 'empty'
2026-05-31 08:39:55,292 [WARNING] data.fetch — [fetch_analyst_data] GE: 'dict' object has no attribute 'empty'
2026-05-31 08:40:01,348 [WARNING] data.fetch — [fetch_analyst_data] ACHR: 'dict' object has no attribute 'empty'
2026-05-31 08:40:01,420 [WARNING] data.fetch — [fetch_analyst_data] UPST: 'dict' object has no attribute 'empty'
2026-05-31 08:40:01,561 [WARNING] data.fetch — [fetch_analyst_data] GILD: 'dict' object has no attribute 'empty'
2026-05-31 08:40:01,607 [WARNING] data.fetch — [fetch_analyst_data] FIG: 'dict' object has no attribute 'empty'
2026-05-31 08:40:01,649 [WARNING] data.fetch — [fetch_analyst_data] VST: 'dict' object has no attribute 'empty'
2026-05-31 08:40:07,662 [WARNING] data.fetch — [fetch_analyst_data] KLAR: 'dict' object has no attribute 'empty'
2026-05-31 08:40:07,806 [WARNING] data.fetch — [fetch_analyst_data] AMGN: 'dict' object has no attribute 'empty'
2026-05-31 08:40:07,897 [WARNING] data.fetch — [fetch_analyst_data] LAES: 'dict' object has no attribute 'empty'
2026-05-31 08:40:07,931 [WARNING] data.fetch — [fetch_analyst_data] IT: 'dict' object has no attribute 'empty'
2026-05-31 08:40:07,981 [WARNING] data.fetch — [fetch_analyst_data] SE: 'dict' object has no attribute 'empty'
2026-05-31 08:40:14,021 [WARNING] data.fetch — [fetch_analyst_data] ADBE: 'dict' object has no attribute 'empty'
2026-05-31 08:40:14,189 [WARNING] data.fetch — [fetch_analyst_data] RCL: 'dict' object has no attribute 'empty'
2026-05-31 08:40:14,303 [WARNING] data.fetch — [fetch_analyst_data] PLTR: 'dict' object has no attribute 'empty'
2026-05-31 08:40:14,313 [WARNING] data.fetch — [fetch_analyst_data] COF: 'dict' object has no attribute 'empty'
2026-05-31 08:40:14,384 [WARNING] data.fetch — [fetch_analyst_data] SPGI: 'dict' object has no attribute 'empty'
2026-05-31 08:40:20,380 [WARNING] data.fetch — [fetch_analyst_data] CRM: 'dict' object has no attribute 'empty'
2026-05-31 08:40:20,628 [WARNING] data.fetch — [fetch_analyst_data] EOSE: 'dict' object has no attribute 'empty'
2026-05-31 08:40:20,700 [WARNING] data.fetch — [fetch_analyst_data] WFC: 'dict' object has no attribute 'empty'
2026-05-31 08:40:20,748 [WARNING] data.fetch — [fetch_analyst_data] ASAN: 'dict' object has no attribute 'empty'
2026-05-31 08:40:20,768 [WARNING] data.fetch — [fetch_analyst_data] RTX: 'dict' object has no attribute 'empty'
2026-05-31 08:40:26,747 [WARNING] data.fetch — [fetch_analyst_data] BKNG: 'dict' object has no attribute 'empty'
2026-05-31 08:40:27,017 [WARNING] data.fetch — [fetch_analyst_data] SMR: 'dict' object has no attribute 'empty'
2026-05-31 08:40:27,030 [WARNING] data.fetch — [fetch_analyst_data] MELI: 'dict' object has no attribute 'empty'
2026-05-31 08:40:27,153 [WARNING] data.fetch — [fetch_analyst_data] TMO: 'dict' object has no attribute 'empty'
2026-05-31 08:40:27,206 [WARNING] data.fetch — [fetch_analyst_data] HD: 'dict' object has no attribute 'empty'
2026-05-31 08:40:33,126 [WARNING] data.fetch — [fetch_analyst_data] TRI: 'dict' object has no attribute 'empty'
2026-05-31 08:40:33,408 [WARNING] data.fetch — [fetch_analyst_data] DHR: 'dict' object has no attribute 'empty'
2026-05-31 08:40:33,424 [WARNING] data.fetch — [fetch_analyst_data] RR: 'dict' object has no attribute 'empty'
2026-05-31 08:40:33,513 [WARNING] data.fetch — [fetch_analyst_data] FRMI: 'dict' object has no attribute 'empty'
2026-05-31 08:40:33,540 [WARNING] data.fetch — [fetch_analyst_data] FOUR: 'dict' object has no attribute 'empty'
2026-05-31 08:40:39,502 [WARNING] data.fetch — [fetch_analyst_data] ACN: 'dict' object has no attribute 'empty'
2026-05-31 08:40:39,806 [WARNING] data.fetch — [fetch_analyst_data] NKE: 'dict' object has no attribute 'empty'
2026-05-31 08:40:39,839 [WARNING] data.fetch — [fetch_analyst_data] JPM: 'dict' object has no attribute 'empty'
2026-05-31 08:40:39,919 [WARNING] data.fetch — [fetch_analyst_data] BRKR: 'dict' object has no attribute 'empty'
2026-05-31 08:40:39,941 [WARNING] data.fetch — [fetch_analyst_data] T: 'dict' object has no attribute 'empty'
2026-05-31 08:40:45,831 [WARNING] data.fetch — [fetch_analyst_data] OKTA: 'dict' object has no attribute 'empty'
2026-05-31 08:40:46,168 [WARNING] data.fetch — [fetch_analyst_data] SPCE: 'dict' object has no attribute 'empty'
2026-05-31 08:40:46,241 [WARNING] data.fetch — [fetch_analyst_data] COST: 'dict' object has no attribute 'empty'
2026-05-31 08:40:46,348 [WARNING] data.fetch — [fetch_analyst_data] GOOG: 'dict' object has no attribute 'empty'
2026-05-31 08:40:46,590 [WARNING] data.fetch — [fetch_analyst_data] ELF: 'dict' object has no attribute 'empty'
[시장분석] enrichment 완료
[Email] 페이퍼 트레이딩 알림 발송 완료 (PDF 첨부) (매도 1건, 매수 1건, 재평가 0건, 재평가실패 0건, 후보 5건) → chunghwan14@gmail.com, roykim0311@gmail.com, ssamjungtan@naver.com
============================================================
[Unified Paper Trading] 완료
============================================================
