============================================================
[Unified Paper Trading] SP500 + NASDAQ/NYSE 통합 실행 시작
============================================================
2026-04-17 23:20:52,063 [INFO] paper_trading.runner — [Runner] SP500 snapshot 로드: 130개 종목
[Unified PT] SP500 snapshot 로드: 130개 종목
2026-04-17 23:20:52,072 [INFO] paper_trading.runner — [Runner] NASDAQ snapshot 로드: 250개 종목
[Unified PT] NASDAQ snapshot 로드: 250개 종목
[Unified PT] 합산 완료: 356개 종목 (SP500 130 + NASDAQ 250개, 중복 제거 후)
2026-04-17 23:20:52,858 [INFO] paper_trading.candidate_selector — [전략점수 분포] ~4.0: 114 | 4.0~5.0: 17 | 5.0~5.5: 6 | 5.5~6.0: 8 | 6.0+: 211
2026-04-17 23:20:52,873 [INFO] paper_trading.candidate_selector — [CandidateSelector] Regime=bull | Filtered=3/356 | Selected: NFLX (CCS=0.4868)
2026-04-17 23:20:52,880 [INFO] paper_trading.engine — [PaperTrading] BUY NFLX @ 97.31 (CCS=0.4868, RSI=49, upside P50=+9% P75=+11%)
[Unified PT] 매도=0 매수=1 보유=3종목
[Unified PT] 레짐=bull | 필터={'전략점수<6.0': 145, '바닥반등_52주과열': 1, '판단등급_미달': 201, '과열_차단': 4, '유동성_부족': 0, '어닝_임박': 0, '보유_중복': 1, '모멘텀_ADX부족': 1, '바닥_RSI데드존': 0, '섹터_집중': 0, '_통과': 3, '_전체': 356}
[Unified PT] Top5 후보:
  NFLX   CCS=0.4868 전략=📈 모멘텀 섹터=Communication Services
  ACHC   CCS=0.4825 전략=📈 모멘텀 섹터=Unknown
  VZ     CCS=0.4334 전략=📈 모멘텀 섹터=Communication Services
2026-04-17 23:20:54,015 [INFO] paper_trading.sheet_sync — [SheetSync] 거래로그 append: BUY NFLX
2026-04-17 23:20:55,172 [INFO] paper_trading.sheet_sync — [SheetSync] 포지션현황 업데이트: 3개 종목
2026-04-17 23:20:56,229 [INFO] paper_trading.sheet_sync — [SheetSync] 성과요약 업데이트: 3건 거래
[Unified PT] 구글 시트 동기화 완료
2026-04-17 23:20:56,684 [INFO] matplotlib.font_manager — Failed to extract font properties from /usr/share/fonts/truetype/noto/NotoColorEmoji.ttf: Can not load face (unknown file format; error code 0x2)
2026-04-17 23:20:56,767 [INFO] matplotlib.font_manager — generated new fontManager
2026-04-17 23:20:57,623 [WARNING] fpdf.output — Font MPDFAA+NanumGothic is missing the following glyphs: '📈' (\U0001f4c8), '📉' (\U0001f4c9)
2026-04-17 23:20:57,625 [INFO] fontTools.subset — maxp pruned
2026-04-17 23:20:57,625 [INFO] fontTools.subset — cmap pruned
2026-04-17 23:20:57,626 [INFO] fontTools.subset — post pruned
2026-04-17 23:20:57,626 [INFO] fontTools.subset — DSIG dropped
2026-04-17 23:20:57,626 [INFO] fontTools.subset — GPOS dropped
2026-04-17 23:20:57,626 [INFO] fontTools.subset — GSUB dropped
2026-04-17 23:20:57,627 [INFO] fontTools.subset — glyf pruned
2026-04-17 23:20:57,628 [INFO] fontTools.subset — Added gid0 to subset
2026-04-17 23:20:57,628 [INFO] fontTools.subset — Added first four glyphs to subset
2026-04-17 23:20:57,628 [INFO] fontTools.subset — Closing glyph list over 'glyf': 96 glyphs before
2026-04-17 23:20:57,628 [INFO] fontTools.subset — Glyph names: ['.notdef', 'A', 'B', 'C', 'D', 'E', 'F', 'G', 'H', 'I', 'L', 'M', 'N', 'O', 'P', 'Q', 'R', 'S', 'T', 'U', 'V', 'W', 'Y', 'a', 'arrowright', 'b', 'bar', 'c', 'colon', 'comma', 'copyright', 'd', 'dollar', 'e', 'eight', 'emdash', 'exclam', 'f', 'five', 'four', 'g', 'h', 'hyphen', 'i', 'k', 'l', 'm', 'n', 'nine', 'numbersign', 'o', 'one', 'p', 'parenleft', 'parenright', 'percent', 'period', 'periodcentered', 'plus', 'q', 'quotedbl', 'r', 's', 'seven', 'six', 'slash', 'space', 't', 'three', 'triagup', 'two', 'u', 'uniAC00', 'uniAC04', 'uniADDC', 'uniB2E5', 'uniB4F1', 'uniB9E4', 'uniBA58', 'uniBAA8', 'uniBAA9', 'uniBC14', 'uniBC18', 'uniC218', 'uniC2DC', 'uniC2E0', 'uniC775', 'uniC77C', 'uniC808', 'uniD140', 'uniD45C', 'v', 'w', 'x', 'y', 'zero']
2026-04-17 23:20:57,628 [INFO] fontTools.subset — Glyph IDs:   [0, 1, 2, 3, 4, 5, 8, 9, 11, 12, 13, 14, 15, 16, 17, 18, 19, 20, 21, 22, 23, 24, 25, 26, 33, 34, 35, 36, 37, 38, 39, 40, 41, 44, 45, 46, 47, 48, 49, 50, 51, 52, 53, 54, 55, 57, 64, 65, 66, 67, 68, 69, 70, 71, 72, 74, 75, 76, 77, 78, 79, 80, 81, 82, 83, 84, 85, 86, 87, 88, 91, 96, 99, 104, 159, 162, 495, 497, 640, 928, 1042, 1283, 1310, 1326, 1327, 1397, 1401, 1708, 1751, 1753, 2043, 2045, 2091, 2518, 2661, 13296]
2026-04-17 23:20:57,628 [INFO] fontTools.subset — Closed glyph list over 'glyf': 96 glyphs after
2026-04-17 23:20:57,628 [INFO] fontTools.subset — Glyph names: ['.notdef', 'A', 'B', 'C', 'D', 'E', 'F', 'G', 'H', 'I', 'L', 'M', 'N', 'O', 'P', 'Q', 'R', 'S', 'T', 'U', 'V', 'W', 'Y', 'a', 'arrowright', 'b', 'bar', 'c', 'colon', 'comma', 'copyright', 'd', 'dollar', 'e', 'eight', 'emdash', 'exclam', 'f', 'five', 'four', 'g', 'h', 'hyphen', 'i', 'k', 'l', 'm', 'n', 'nine', 'numbersign', 'o', 'one', 'p', 'parenleft', 'parenright', 'percent', 'period', 'periodcentered', 'plus', 'q', 'quotedbl', 'r', 's', 'seven', 'six', 'slash', 'space', 't', 'three', 'triagup', 'two', 'u', 'uniAC00', 'uniAC04', 'uniADDC', 'uniB2E5', 'uniB4F1', 'uniB9E4', 'uniBA58', 'uniBAA8', 'uniBAA9', 'uniBC14', 'uniBC18', 'uniC218', 'uniC2DC', 'uniC2E0', 'uniC775', 'uniC77C', 'uniC808', 'uniD140', 'uniD45C', 'v', 'w', 'x', 'y', 'zero']
2026-04-17 23:20:57,629 [INFO] fontTools.subset — Glyph IDs:   [0, 1, 2, 3, 4, 5, 8, 9, 11, 12, 13, 14, 15, 16, 17, 18, 19, 20, 21, 22, 23, 24, 25, 26, 33, 34, 35, 36, 37, 38, 39, 40, 41, 44, 45, 46, 47, 48, 49, 50, 51, 52, 53, 54, 55, 57, 64, 65, 66, 67, 68, 69, 70, 71, 72, 74, 75, 76, 77, 78, 79, 80, 81, 82, 83, 84, 85, 86, 87, 88, 91, 96, 99, 104, 159, 162, 495, 497, 640, 928, 1042, 1283, 1310, 1326, 1327, 1397, 1401, 1708, 1751, 1753, 2043, 2045, 2091, 2518, 2661, 13296]
2026-04-17 23:20:57,629 [INFO] fontTools.subset — Retaining 96 glyphs
2026-04-17 23:20:57,630 [INFO] fontTools.subset — head subsetting not needed
2026-04-17 23:20:57,630 [INFO] fontTools.subset — hhea subsetting not needed
2026-04-17 23:20:57,630 [INFO] fontTools.subset — maxp subsetting not needed
2026-04-17 23:20:57,630 [INFO] fontTools.subset — OS/2 subsetting not needed
2026-04-17 23:20:57,631 [INFO] fontTools.subset — hmtx subsetted
2026-04-17 23:20:57,633 [INFO] fontTools.subset — cmap subsetted
2026-04-17 23:20:57,633 [INFO] fontTools.subset — fpgm subsetting not needed
2026-04-17 23:20:57,633 [INFO] fontTools.subset — prep subsetting not needed
2026-04-17 23:20:57,633 [INFO] fontTools.subset — cvt  subsetting not needed
2026-04-17 23:20:57,633 [INFO] fontTools.subset — loca subsetting not needed
2026-04-17 23:20:57,633 [INFO] fontTools.subset — post subsetted
2026-04-17 23:20:57,633 [INFO] fontTools.subset — gasp subsetting not needed
2026-04-17 23:20:57,633 [INFO] fontTools.subset — name subsetting not needed
2026-04-17 23:20:57,636 [INFO] fontTools.subset — glyf subsetted
2026-04-17 23:20:57,636 [INFO] fontTools.subset — head pruned
2026-04-17 23:20:57,636 [INFO] fontTools.subset — OS/2 Unicode ranges pruned: [0, 1, 31, 37, 45, 56]
2026-04-17 23:20:57,636 [INFO] fontTools.subset — OS/2 CodePage ranges pruned: [0]
2026-04-17 23:20:57,638 [INFO] fontTools.subset — glyf pruned
2026-04-17 23:20:57,638 [INFO] fontTools.subset — name pruned
2026-04-17 23:20:57,658 [WARNING] fpdf.output — Font MPDFAA+NanumGothicBold is missing the following glyphs: '📈' (\U0001f4c8), '📉' (\U0001f4c9)
2026-04-17 23:20:57,658 [INFO] fontTools.subset — maxp pruned
2026-04-17 23:20:57,659 [INFO] fontTools.subset — cmap pruned
2026-04-17 23:20:57,659 [INFO] fontTools.subset — post pruned
2026-04-17 23:20:57,659 [INFO] fontTools.subset — DSIG dropped
2026-04-17 23:20:57,659 [INFO] fontTools.subset — GPOS dropped
2026-04-17 23:20:57,659 [INFO] fontTools.subset — GSUB dropped
2026-04-17 23:20:57,659 [INFO] fontTools.subset — glyf pruned
2026-04-17 23:20:57,660 [INFO] fontTools.subset — Added gid0 to subset
2026-04-17 23:20:57,660 [INFO] fontTools.subset — Added first four glyphs to subset
2026-04-17 23:20:57,660 [INFO] fontTools.subset — Closing glyph list over 'glyf': 88 glyphs before
2026-04-17 23:20:57,660 [INFO] fontTools.subset — Glyph names: ['.notdef', 'A', 'B', 'C', 'D', 'E', 'F', 'G', 'H', 'I', 'J', 'K', 'L', 'M', 'N', 'O', 'P', 'Q', 'R', 'S', 'T', 'U', 'V', 'W', 'X', 'Y', 'Z', 'a', 'ampersand', 'b', 'c', 'colon', 'd', 'dollar', 'e', 'eight', 'emdash', 'equal', 'exclam', 'f', 'five', 'four', 'g', 'h', 'hyphen', 'i', 'j', 'k', 'l', 'm', 'n', 'nine', 'numbersign', 'o', 'one', 'p', 'parenleft', 'parenright', 'percent', 'period', 'periodcentered', 'plus', 'q', 'quotedbl', 'quotesingle', 'r', 's', 'seven', 'six', 'slash', 'space', 't', 'three', 'two', 'u', 'uni2605', 'uniB2E5', 'uniB4F1', 'uniBA58', 'uniBAA8', 'uniBC14', 'uniBC18', 'uniD140', 'v', 'w', 'x', 'y', 'zero']
2026-04-17 23:20:57,661 [INFO] fontTools.subset — Glyph IDs:   [0, 1, 2, 3, 4, 5, 6, 7, 8, 9, 11, 13, 14, 15, 16, 17, 18, 19, 20, 21, 22, 23, 24, 25, 26, 29, 33, 34, 35, 36, 37, 38, 39, 40, 41, 42, 43, 44, 45, 46, 47, 48, 49, 50, 51, 52, 53, 54, 55, 56, 57, 58, 64, 65, 66, 67, 68, 69, 70, 71, 72, 73, 74, 75, 76, 77, 78, 79, 80, 81, 82, 83, 84, 85, 86, 87, 88, 99, 104, 150, 926, 1040, 1308, 1324, 1395, 1399, 2516, 13533]
2026-04-17 23:20:57,661 [INFO] fontTools.subset — Closed glyph list over 'glyf': 88 glyphs after
2026-04-17 23:20:57,661 [INFO] fontTools.subset — Glyph names: ['.notdef', 'A', 'B', 'C', 'D', 'E', 'F', 'G', 'H', 'I', 'J', 'K', 'L', 'M', 'N', 'O', 'P', 'Q', 'R', 'S', 'T', 'U', 'V', 'W', 'X', 'Y', 'Z', 'a', 'ampersand', 'b', 'c', 'colon', 'd', 'dollar', 'e', 'eight', 'emdash', 'equal', 'exclam', 'f', 'five', 'four', 'g', 'h', 'hyphen', 'i', 'j', 'k', 'l', 'm', 'n', 'nine', 'numbersign', 'o', 'one', 'p', 'parenleft', 'parenright', 'percent', 'period', 'periodcentered', 'plus', 'q', 'quotedbl', 'quotesingle', 'r', 's', 'seven', 'six', 'slash', 'space', 't', 'three', 'two', 'u', 'uni2605', 'uniB2E5', 'uniB4F1', 'uniBA58', 'uniBAA8', 'uniBC14', 'uniBC18', 'uniD140', 'v', 'w', 'x', 'y', 'zero']
2026-04-17 23:20:57,661 [INFO] fontTools.subset — Glyph IDs:   [0, 1, 2, 3, 4, 5, 6, 7, 8, 9, 11, 13, 14, 15, 16, 17, 18, 19, 20, 21, 22, 23, 24, 25, 26, 29, 33, 34, 35, 36, 37, 38, 39, 40, 41, 42, 43, 44, 45, 46, 47, 48, 49, 50, 51, 52, 53, 54, 55, 56, 57, 58, 64, 65, 66, 67, 68, 69, 70, 71, 72, 73, 74, 75, 76, 77, 78, 79, 80, 81, 82, 83, 84, 85, 86, 87, 88, 99, 104, 150, 926, 1040, 1308, 1324, 1395, 1399, 2516, 13533]
2026-04-17 23:20:57,662 [INFO] fontTools.subset — Retaining 88 glyphs
2026-04-17 23:20:57,662 [INFO] fontTools.subset — head subsetting not needed
2026-04-17 23:20:57,662 [INFO] fontTools.subset — hhea subsetting not needed
2026-04-17 23:20:57,663 [INFO] fontTools.subset — maxp subsetting not needed
2026-04-17 23:20:57,663 [INFO] fontTools.subset — OS/2 subsetting not needed
2026-04-17 23:20:57,663 [INFO] fontTools.subset — hmtx subsetted
2026-04-17 23:20:57,665 [INFO] fontTools.subset — cmap subsetted
2026-04-17 23:20:57,665 [INFO] fontTools.subset — fpgm subsetting not needed
2026-04-17 23:20:57,665 [INFO] fontTools.subset — prep subsetting not needed
2026-04-17 23:20:57,665 [INFO] fontTools.subset — cvt  subsetting not needed
2026-04-17 23:20:57,665 [INFO] fontTools.subset — loca subsetting not needed
2026-04-17 23:20:57,665 [INFO] fontTools.subset — post subsetted
2026-04-17 23:20:57,665 [INFO] fontTools.subset — gasp subsetting not needed
2026-04-17 23:20:57,665 [INFO] fontTools.subset — name subsetting not needed
2026-04-17 23:20:57,668 [INFO] fontTools.subset — glyf subsetted
2026-04-17 23:20:57,668 [INFO] fontTools.subset — head pruned
2026-04-17 23:20:57,668 [INFO] fontTools.subset — OS/2 Unicode ranges pruned: [0, 1, 31, 46, 56]
2026-04-17 23:20:57,669 [INFO] fontTools.subset — OS/2 CodePage ranges pruned: [0]
2026-04-17 23:20:57,670 [INFO] fontTools.subset — glyf pruned
2026-04-17 23:20:57,670 [INFO] fontTools.subset — name pruned
[Unified PT] PDF 리포트 생성 완료 (110,249 bytes)
[Email] 페이퍼 트레이딩 알림 발송 완료 (PDF 첨부) (매도 0건, 매수 1건, 재평가 0건, 재평가실패 0건, 후보 3건) → chunghwan14@gmail.com, ssamjungtan@naver.com
============================================================
[Unified Paper Trading] 완료
============================================================
