============================================================
[Unified Paper Trading] SP500 + NASDAQ/NYSE 통합 실행 시작
============================================================
2026-05-15 08:10:14,047 [INFO] paper_trading.runner — [Runner] SP500 snapshot 로드: 130개 종목
[Unified PT] SP500 snapshot 로드: 130개 종목
2026-05-15 08:10:14,055 [INFO] paper_trading.runner — [Runner] NASDAQ snapshot 로드: 232개 종목
[Unified PT] NASDAQ snapshot 로드: 232개 종목
[Unified PT] 합산 완료: 339개 종목 (SP500 130 + NASDAQ 232개, 중복 제거 후)
2026-05-15 08:10:15,500 [INFO] paper_trading.candidate_selector — [전략점수 분포] ~4.0: 85 | 4.0~5.0: 27 | 5.0~5.5: 21 | 5.5~6.0: 24 | 6.0+: 182
2026-05-15 08:10:15,516 [INFO] paper_trading.candidate_selector — [CandidateSelector] Regime=bull | Filtered=3/339 | Selected: LTH (CCS=0.5325)
2026-05-15 08:10:15,527 [INFO] paper_trading.engine — [PaperTrading] 교체 기준 미달 — 매수 안 함
[Unified PT] 매도=0 매수=0 보유=3종목
[Unified PT] 레짐=bull | 필터={'전략점수<6.0': 157, '바닥반등_52주과열': 1, '판단등급_미달': 166, '과열_차단': 6, '유동성_부족': 0, '어닝_임박': 0, '보유_중복': 0, '모멘텀_ADX부족': 0, '바닥_RSI데드존': 1, '섹터_집중': 5, '_통과': 3, '_전체': 339}
[Unified PT] 스킵 사유: 교체_미달
[Unified PT] Top5 후보:
  LTH    CCS=0.5325 전략=📈 모멘텀 섹터=Consumer Cyclical
  WHR    CCS=0.4623 전략=📉 바닥반등 섹터=Consumer Cyclical
  GLOB   CCS=0.4331 전략=📉 바닥반등 섹터=Technology
2026-05-15 08:10:18,846 [INFO] paper_trading.sheet_sync — [SheetSync] 포지션현황 업데이트: 3개 종목
2026-05-15 08:10:20,696 [INFO] paper_trading.sheet_sync — [SheetSync] 성과요약 업데이트: 11건 거래
[Unified PT] 구글 시트 동기화 완료
[시장분석] 6개 종목 데이터 수집 중...
2026-05-15 08:10:27,534 [WARNING] data.fetch — [fetch_analyst_data] ANET: 'dict' object has no attribute 'empty'
2026-05-15 08:10:27,536 [WARNING] data.fetch — [fetch_analyst_data] GLOB: 'dict' object has no attribute 'empty'
2026-05-15 08:10:27,580 [WARNING] data.fetch — [fetch_analyst_data] ARWR: 'dict' object has no attribute 'empty'
2026-05-15 08:10:27,609 [WARNING] data.fetch — [fetch_analyst_data] WHR: 'dict' object has no attribute 'empty'
2026-05-15 08:10:27,658 [WARNING] data.fetch — [fetch_analyst_data] LTH: 'dict' object has no attribute 'empty'
2026-05-15 08:10:27,885 [ERROR] yfinance — HTTP Error 404: {"quoteSummary":{"result":null,"error":{"code":"Not Found","description":"No fundamentals data found for symbol: VXX"}}}
2026-05-15 08:10:31,201 [ERROR] yfinance — HTTP Error 404: {"quoteSummary":{"result":null,"error":{"code":"Not Found","description":"No fundamentals data found for symbol: VXX"}}}
2026-05-15 08:10:34,452 [ERROR] yfinance — HTTP Error 404: {"quoteSummary":{"result":null,"error":{"code":"Not Found","description":"No fundamentals data found for symbol: VXX"}}}
2026-05-15 08:10:34,452 [WARNING] data.fetch — [fetch_analyst_data] VXX: 'dict' object has no attribute 'empty'
[시장분석] enrichment 완료
[Email] 페이퍼 트레이딩 알림 발송 완료 (매도 0건, 매수 0건, 재평가 0건, 재평가실패 0건, 후보 3건) → chunghwan14@gmail.com, roykim0311@gmail.com, ssamjungtan@naver.com
============================================================
[Unified Paper Trading] 완료
============================================================
