[OHLCV] 배치 다운로드 1/4 (150개 종목, period=5y)...
[OHLCV] 배치 다운로드 2/4 (150개 종목, period=5y)...
[OHLCV] 배치 다운로드 3/4 (150개 종목, period=5y)...
[OHLCV] 배치 다운로드 4/4 (68개 종목, period=5y)...
[DataValidator] 9건의 데이터 품질 경고 발생
Warning:  DAY: Close NaN 비율 100.0% (기준: 30%)
Warning:  GL: 비정상 가격 변동 53.1% (2024-04-11) — 스플릿/데이터 오류 가능
Warning:  KVUE: Close NaN 비율 39.5% (기준: 30%)
Warning:  VLTO: Close NaN 비율 47.9% (기준: 30%)
Warning:  GEV: Close NaN 비율 57.4% (기준: 30%)
Warning:  PDD: 비정상 가격 변동 56.1% (2022-03-16) — 스플릿/데이터 오류 가능
Warning:  GEHC: Close NaN 비율 31.9% (기준: 30%)
Warning:  HOOD: 비정상 가격 변동 50.4% (2021-08-04) — 스플릿/데이터 오류 가능
Warning:  SOLV: Close NaN 비율 57.3% (기준: 30%)
[[SP500 분석]] 강한 섹터: {'Information Technology'}
[[SP500 분석]] Extreme model 'label_low' walk-forward ROC 0.64, AP 0.36
[[SP500 분석]] Extreme model 'label_high' walk-forward ROC 0.60, AP 0.22
[[SP500 분석]] Google Sheets 업데이트 완료
[Email] 바닥반등 18개 + 모멘텀 64개 = 총 82개 종목 리스트를 chunghwan14@gmail.com, roykim0311@gmail.com, ssamjungtan@naver.com로 발송 완료
[[SP500 분석]] Signals 결과 기반 차트분석 종목 리스트 생성 중...
[Dynamic Portfolio] 생성된 차트분석 종목 리스트(83개): ['NBM.V', 'INTU', 'GLW', 'NVDA', 'VLO', 'FCX', 'MELI', 'MU', 'DDOG', 'WDC', 'CVX', 'GEV', 'SLB', 'AAPL', 'WMT', 'XOM', 'UNP', 'TER', 'CAT', 'QCOM', 'KLAC', 'DASH', 'UNH', 'MCK', 'CSCO', 'TXN', 'COST', 'NEE', 'STX', 'CDNS', 'ORCL', 'LIN', 'LLY', 'MSFT', 'HD', 'INTC', 'ASML', 'GOOGL', 'ISRG', 'AKAM', 'EBAY', 'MPWR', 'ANET', 'KO', 'PWR', 'CRWD', 'SPY', 'ETN', 'MDT', 'AMD', 'CVS', 'CEG', 'F', 'ADI', 'AMAT', 'TSLA', 'APP', 'ABT', 'AVGO', 'PANW', 'QQQ', 'COP', 'LMT', 'ON', 'MS', 'JPM', 'GOOG', 'MRVL', 'DELL', 'MRK', 'MCHP', 'SBUX', 'NEM', 'PM', 'SNPS', 'C', 'LRCX', 'GS', 'ACN', 'NXPI', 'IWM', 'BA', 'AMZN']
[[SP500 차트분석]] [SP500 분석] 결과 기반 [SP500 차트분석] 시트 생성 중 (83개 종목)...
[[SP500 차트분석]] [SP500 분석]에 없는 종목은 별도 분석: ['NBM.V']
[DataValidator] 1건의 데이터 품질 경고 발생
Warning:  NBM.V: 비정상 가격 변동 56.3% (2024-09-25) — 스플릿/데이터 오류 가능
[[SP500 차트분석]] 강한 섹터: {'Information Technology'}
[[SP500 차트분석]] Extreme model 'global' skipped: insufficient_tickers
[[SP500 차트분석]] 기존 차트 파일 삭제 중...
[[SP500 차트분석]] 차트 저장 디렉토리 준비 완료: charts/screenshots
[[SP500 차트분석]] TradingView 차트 캡처 시작...
[[SP500 차트분석]] 83개 종목 차트 캡처 중...
[TradingView] SBUX 브라우저 세션 시작...
[TradingView] 1H 캡처 완료 (60)
[TradingView] 4H 캡처 완료 (240)
[TradingView] Daily 캡처 완료 (D)
[TradingView] Weekly 캡처 완료 (W)
[TradingView] Monthly 캡처 완료 (M)
[[SP500 차트분석]] SBUX 차트 5개 처리 완료
[TradingView] AMZN 브라우저 세션 시작...
[TradingView] 1H 캡처 완료 (60)
[TradingView] 4H 캡처 완료 (240)
[TradingView] Daily 캡처 완료 (D)
[TradingView] Weekly 캡처 완료 (W)
[TradingView] Monthly 캡처 완료 (M)
[[SP500 차트분석]] AMZN 차트 5개 처리 완료
[TradingView] WDC 브라우저 세션 시작...
[TradingView] 1H 캡처 완료 (60)
[TradingView] 4H 캡처 완료 (240)
[TradingView] Daily 캡처 완료 (D)
[TradingView] Weekly 캡처 완료 (W)
[TradingView] Monthly 캡처 완료 (M)
[[SP500 차트분석]] WDC 차트 5개 처리 완료
[TradingView] AMAT 브라우저 세션 시작...
[TradingView] 1H 캡처 완료 (60)
[TradingView] 4H 캡처 완료 (240)
[TradingView] Daily 캡처 완료 (D)
[TradingView] Weekly 캡처 완료 (W)
[TradingView] Monthly 캡처 완료 (M)
[[SP500 차트분석]] AMAT 차트 5개 처리 완료
[TradingView] SLB 브라우저 세션 시작...
[TradingView] 1H 캡처 완료 (60)
[TradingView] 4H 캡처 완료 (240)
[TradingView] Daily 캡처 완료 (D)
[TradingView] Weekly 캡처 완료 (W)
[TradingView] Monthly 캡처 완료 (M)
[[SP500 차트분석]] SLB 차트 5개 처리 완료
[TradingView] MRVL 브라우저 세션 시작...
[TradingView] 1H 캡처 완료 (60)
[TradingView] 4H 캡처 완료 (240)
[TradingView] Daily 캡처 완료 (D)
[TradingView] Weekly 캡처 완료 (W)
[TradingView] Monthly 캡처 완료 (M)
[[SP500 차트분석]] MRVL 차트 5개 처리 완료
[TradingView] QCOM 브라우저 세션 시작...
[TradingView] 1H 캡처 완료 (60)
[TradingView] 4H 캡처 완료 (240)
[TradingView] Daily 캡처 완료 (D)
[TradingView] Weekly 캡처 완료 (W)
[TradingView] Monthly 캡처 완료 (M)
[[SP500 차트분석]] QCOM 차트 5개 처리 완료
[TradingView] DELL 브라우저 세션 시작...
[TradingView] 1H 캡처 완료 (60)
[TradingView] 4H 캡처 완료 (240)
[TradingView] Daily 캡처 완료 (D)
[TradingView] Weekly 캡처 완료 (W)
[TradingView] Monthly 캡처 완료 (M)
[[SP500 차트분석]] DELL 차트 5개 처리 완료
[TradingView] INTC 브라우저 세션 시작...
[TradingView] 1H 캡처 완료 (60)
[TradingView] 4H 캡처 완료 (240)
[TradingView] Daily 캡처 완료 (D)
[TradingView] Weekly 캡처 완료 (W)
[TradingView] Monthly 캡처 완료 (M)
[[SP500 차트분석]] INTC 차트 5개 처리 완료
[TradingView] ADI 브라우저 세션 시작...
[TradingView] 1H 캡처 완료 (60)
[TradingView] 4H 캡처 완료 (240)
[TradingView] Daily 캡처 완료 (D)
[TradingView] Weekly 캡처 완료 (W)
[TradingView] Monthly 캡처 완료 (M)
[[SP500 차트분석]] ADI 차트 5개 처리 완료
[TradingView] CAT 브라우저 세션 시작...
[TradingView] 1H 캡처 완료 (60)
[TradingView] 4H 캡처 완료 (240)
[TradingView] Daily 캡처 완료 (D)
[TradingView] Weekly 캡처 완료 (W)
[TradingView] Monthly 캡처 완료 (M)
[[SP500 차트분석]] CAT 차트 5개 처리 완료
[TradingView] AAPL 브라우저 세션 시작...
[TradingView] 1H 캡처 완료 (60)
[TradingView] 4H 캡처 완료 (240)
[TradingView] Daily 캡처 완료 (D)
[TradingView] Weekly 캡처 완료 (W)
[TradingView] Monthly 캡처 완료 (M)
[[SP500 차트분석]] AAPL 차트 5개 처리 완료
[TradingView] MPWR 브라우저 세션 시작...
[TradingView] 1H 캡처 완료 (60)
[TradingView] 4H 캡처 완료 (240)
[TradingView] Daily 캡처 완료 (D)
[TradingView] Weekly 캡처 완료 (W)
[TradingView] Monthly 캡처 완료 (M)
[[SP500 차트분석]] MPWR 차트 5개 처리 완료
[TradingView] PWR 브라우저 세션 시작...
[TradingView] 1H 캡처 완료 (60)
[TradingView] 4H 캡처 완료 (240)
[TradingView] Daily 캡처 완료 (D)
[TradingView] Weekly 캡처 완료 (W)
[TradingView] Monthly 캡처 완료 (M)
[[SP500 차트분석]] PWR 차트 5개 처리 완료
[TradingView] NXPI 브라우저 세션 시작...
[TradingView] 1H 캡처 완료 (60)
[TradingView] 4H 캡처 완료 (240)
[TradingView] Daily 캡처 완료 (D)
[TradingView] Weekly 캡처 완료 (W)
[TradingView] Monthly 캡처 완료 (M)
[[SP500 차트분석]] NXPI 차트 5개 처리 완료
[TradingView] GOOGL 브라우저 세션 시작...
[TradingView] 1H 캡처 완료 (60)
[TradingView] 4H 캡처 완료 (240)
[TradingView] Daily 캡처 완료 (D)
[TradingView] Weekly 캡처 완료 (W)
[TradingView] Monthly 캡처 완료 (M)
[[SP500 차트분석]] GOOGL 차트 5개 처리 완료
[TradingView] MCHP 브라우저 세션 시작...
[TradingView] 1H 캡처 완료 (60)
[TradingView] 4H 캡처 완료 (240)
[TradingView] Daily 캡처 완료 (D)
[TradingView] Weekly 캡처 완료 (W)
[TradingView] Monthly 캡처 완료 (M)
[[SP500 차트분석]] MCHP 차트 5개 처리 완료
[TradingView] GOOG 브라우저 세션 시작...
[TradingView] 1H 캡처 완료 (60)
[TradingView] 4H 캡처 완료 (240)
[TradingView] Daily 캡처 완료 (D)
[TradingView] Weekly 캡처 완료 (W)
[TradingView] Monthly 캡처 완료 (M)
[[SP500 차트분석]] GOOG 차트 5개 처리 완료
[TradingView] SNPS 브라우저 세션 시작...
[TradingView] 1H 캡처 완료 (60)
[TradingView] 4H 캡처 완료 (240)
[TradingView] Daily 캡처 완료 (D)
[TradingView] Weekly 캡처 완료 (W)
[TradingView] Monthly 캡처 완료 (M)
[[SP500 차트분석]] SNPS 차트 5개 처리 완료
[TradingView] MS 브라우저 세션 시작...
[TradingView] 1H 캡처 완료 (60)
[TradingView] 4H 캡처 완료 (240)
[TradingView] Daily 캡처 완료 (D)
[TradingView] Weekly 캡처 완료 (W)
[TradingView] Monthly 캡처 완료 (M)
[[SP500 차트분석]] MS 차트 5개 처리 완료
[TradingView] GLW 브라우저 세션 시작...
[TradingView] 1H 캡처 완료 (60)
[TradingView] 4H 캡처 완료 (240)
[TradingView] Daily 캡처 완료 (D)
[TradingView] Weekly 캡처 완료 (W)
[TradingView] Monthly 캡처 완료 (M)
[[SP500 차트분석]] GLW 차트 5개 처리 완료
[TradingView] TSLA 브라우저 세션 시작...
[TradingView] 1H 캡처 완료 (60)
[TradingView] 4H 캡처 완료 (240)
[TradingView] Daily 캡처 완료 (D)
[TradingView] Weekly 캡처 완료 (W)
[TradingView] Monthly 캡처 완료 (M)
[[SP500 차트분석]] TSLA 차트 5개 처리 완료
[TradingView] AKAM 브라우저 세션 시작...
[TradingView] 1H 캡처 완료 (60)
[TradingView] 4H 캡처 완료 (240)
[TradingView] Daily 캡처 완료 (D)
[TradingView] Weekly 캡처 완료 (W)
[TradingView] Monthly 캡처 완료 (M)
[[SP500 차트분석]] AKAM 차트 5개 처리 완료
[TradingView] LRCX 브라우저 세션 시작...
[TradingView] 1H 캡처 완료 (60)
[TradingView] 4H 캡처 완료 (240)
[TradingView] Daily 캡처 완료 (D)
[TradingView] Weekly 캡처 완료 (W)
[TradingView] Monthly 캡처 완료 (M)
[[SP500 차트분석]] LRCX 차트 5개 처리 완료
[TradingView] ASML 브라우저 세션 시작...
[TradingView] 1H 캡처 완료 (60)
[TradingView] 4H 캡처 완료 (240)
[TradingView] Daily 캡처 완료 (D)
[TradingView] Weekly 캡처 완료 (W)
[TradingView] Monthly 캡처 완료 (M)
[[SP500 차트분석]] ASML 차트 5개 처리 완료
[TradingView] QQQ 브라우저 세션 시작...
[TradingView] 1H 캡처 완료 (60)
[TradingView] 4H 캡처 완료 (240)
[TradingView] Daily 캡처 완료 (D)
[TradingView] Weekly 캡처 완료 (W)
[TradingView] Monthly 캡처 완료 (M)
[[SP500 차트분석]] QQQ 차트 5개 처리 완료
[TradingView] CDNS 브라우저 세션 시작...
[TradingView] 1H 캡처 완료 (60)
[TradingView] 4H 캡처 완료 (240)
[TradingView] Daily 캡처 완료 (D)
[TradingView] Weekly 캡처 완료 (W)
[TradingView] Monthly 캡처 완료 (M)
[[SP500 차트분석]] CDNS 차트 5개 처리 완료
[TradingView] STX 브라우저 세션 시작...
[TradingView] 1H 캡처 완료 (60)
[TradingView] 4H 캡처 완료 (240)
[TradingView] Daily 캡처 완료 (D)
[TradingView] Weekly 캡처 완료 (W)
[TradingView] Monthly 캡처 완료 (M)
[[SP500 차트분석]] STX 차트 5개 처리 완료
[TradingView] DDOG 브라우저 세션 시작...
[TradingView] 1H 캡처 완료 (60)
[TradingView] 4H 캡처 완료 (240)
[TradingView] Daily 캡처 완료 (D)
[TradingView] Weekly 캡처 완료 (W)
[TradingView] Monthly 캡처 완료 (M)
[[SP500 차트분석]] DDOG 차트 5개 처리 완료
[TradingView] AMD 브라우저 세션 시작...
[TradingView] 1H 캡처 완료 (60)
[TradingView] 4H 캡처 완료 (240)
[TradingView] Daily 캡처 완료 (D)
[TradingView] Weekly 캡처 완료 (W)
[TradingView] Monthly 캡처 완료 (M)
[[SP500 차트분석]] AMD 차트 5개 처리 완료
[TradingView] UNH 브라우저 세션 시작...
[TradingView] 1H 캡처 완료 (60)
[TradingView] 4H 캡처 완료 (240)
[TradingView] Daily 캡처 완료 (D)
[TradingView] Weekly 캡처 완료 (W)
[TradingView] Monthly 캡처 완료 (M)
[[SP500 차트분석]] UNH 차트 5개 처리 완료
[TradingView] TXN 브라우저 세션 시작...
[TradingView] 1H 캡처 완료 (60)
[TradingView] 4H 캡처 완료 (240)
[TradingView] Daily 캡처 완료 (D)
[TradingView] Weekly 캡처 완료 (W)
[TradingView] Monthly 캡처 완료 (M)
[[SP500 차트분석]] TXN 차트 5개 처리 완료
[TradingView] EBAY 브라우저 세션 시작...
[TradingView] 1H 캡처 완료 (60)
[TradingView] 4H 캡처 완료 (240)
[TradingView] Daily 캡처 완료 (D)
[TradingView] Weekly 캡처 완료 (W)
[TradingView] Monthly 캡처 완료 (M)
[[SP500 차트분석]] EBAY 차트 5개 처리 완료
[TradingView] GS 브라우저 세션 시작...
[TradingView] 1H 캡처 완료 (60)
[TradingView] 4H 캡처 완료 (240)
[TradingView] Daily 캡처 완료 (D)
[TradingView] Weekly 캡처 완료 (W)
[TradingView] Monthly 캡처 완료 (M)
[[SP500 차트분석]] GS 차트 5개 처리 완료
[TradingView] GEV 브라우저 세션 시작...
[TradingView] 1H 캡처 완료 (60)
[TradingView] 4H 캡처 완료 (240)
[TradingView] Daily 캡처 완료 (D)
[TradingView] Weekly 캡처 완료 (W)
[TradingView] Monthly 캡처 완료 (M)
[[SP500 차트분석]] GEV 차트 5개 처리 완료
[TradingView] NEE 브라우저 세션 시작...
[TradingView] 1H 캡처 완료 (60)
[TradingView] 4H 캡처 완료 (240)
[TradingView] Daily 캡처 완료 (D)
[TradingView] Weekly 캡처 완료 (W)
[TradingView] Monthly 캡처 완료 (M)
[[SP500 차트분석]] NEE 차트 5개 처리 완료
[TradingView] SPY 브라우저 세션 시작...
[TradingView] 1H 캡처 완료 (60)
[TradingView] 4H 캡처 완료 (240)
[TradingView] Daily 캡처 완료 (D)
[TradingView] Weekly 캡처 완료 (W)
[TradingView] Monthly 캡처 완료 (M)
[[SP500 차트분석]] SPY 차트 5개 처리 완료
[TradingView] UNP 브라우저 세션 시작...
[TradingView] 1H 캡처 완료 (60)
[TradingView] 4H 캡처 완료 (240)
[TradingView] Daily 캡처 완료 (D)
[TradingView] Weekly 캡처 완료 (W)
[TradingView] Monthly 캡처 완료 (M)
[[SP500 차트분석]] UNP 차트 5개 처리 완료
[TradingView] WMT 브라우저 세션 시작...
[TradingView] 1H 캡처 완료 (60)
[TradingView] 4H 캡처 완료 (240)
[TradingView] Daily 캡처 완료 (D)
[TradingView] Weekly 캡처 완료 (W)
[TradingView] Monthly 캡처 완료 (M)
[[SP500 차트분석]] WMT 차트 5개 처리 완료
[TradingView] VLO 브라우저 세션 시작...
[TradingView] 1H 캡처 완료 (60)
[TradingView] 4H 캡처 완료 (240)
[TradingView] Daily 캡처 완료 (D)
[TradingView] Weekly 캡처 완료 (W)
[TradingView] Monthly 캡처 완료 (M)
[[SP500 차트분석]] VLO 차트 5개 처리 완료
[TradingView] AVGO 브라우저 세션 시작...
[TradingView] 1H 캡처 완료 (60)
[TradingView] 4H 캡처 완료 (240)
[TradingView] Daily 캡처 완료 (D)
[TradingView] Weekly 캡처 완료 (W)
[TradingView] Monthly 캡처 완료 (M)
[[SP500 차트분석]] AVGO 차트 5개 처리 완료
[TradingView] CSCO 브라우저 세션 시작...
[TradingView] 1H 캡처 완료 (60)
[TradingView] 4H 캡처 완료 (240)
[TradingView] Daily 캡처 완료 (D)
[TradingView] Weekly 캡처 완료 (W)
[TradingView] Monthly 캡처 완료 (M)
[[SP500 차트분석]] CSCO 차트 5개 처리 완료
[TradingView] CVS 브라우저 세션 시작...
[TradingView] 1H 캡처 완료 (60)
[TradingView] 4H 캡처 완료 (240)
[TradingView] Daily 캡처 완료 (D)
[TradingView] Weekly 캡처 완료 (W)
[TradingView] Monthly 캡처 완료 (M)
[[SP500 차트분석]] CVS 차트 5개 처리 완료
[TradingView] NVDA 브라우저 세션 시작...
[TradingView] 1H 캡처 완료 (60)
[TradingView] 4H 캡처 완료 (240)
[TradingView] Daily 캡처 완료 (D)
[TradingView] Weekly 캡처 완료 (W)
[TradingView] Monthly 캡처 완료 (M)
[[SP500 차트분석]] NVDA 차트 5개 처리 완료
[TradingView] PM 브라우저 세션 시작...
[TradingView] 1H 캡처 완료 (60)
[TradingView] 4H 캡처 완료 (240)
[TradingView] Daily 캡처 완료 (D)
[TradingView] Weekly 캡처 완료 (W)
[TradingView] Monthly 캡처 완료 (M)
[[SP500 차트분석]] PM 차트 5개 처리 완료
[TradingView] MU 브라우저 세션 시작...
[TradingView] 1H 캡처 완료 (60)
[TradingView] 4H 캡처 완료 (240)
[TradingView] Daily 캡처 완료 (D)
[TradingView] Weekly 캡처 완료 (W)
[TradingView] Monthly 캡처 완료 (M)
[[SP500 차트분석]] MU 차트 5개 처리 완료
[TradingView] CRWD 브라우저 세션 시작...
[TradingView] 1H 캡처 완료 (60)
[TradingView] 4H 캡처 완료 (240)
[TradingView] Daily 캡처 완료 (D)
[TradingView] Weekly 캡처 완료 (W)
[TradingView] Monthly 캡처 완료 (M)
[[SP500 차트분석]] CRWD 차트 5개 처리 완료
[TradingView] PANW 브라우저 세션 시작...
[TradingView] 1H 캡처 완료 (60)
[TradingView] 4H 캡처 완료 (240)
[TradingView] Daily 캡처 완료 (D)
[TradingView] Weekly 캡처 완료 (W)
[TradingView] Monthly 캡처 완료 (M)
[[SP500 차트분석]] PANW 차트 5개 처리 완료
[TradingView] ON 브라우저 세션 시작...
[TradingView] 1H 캡처 완료 (60)
[TradingView] 4H 캡처 완료 (240)
[TradingView] Daily 캡처 완료 (D)
[TradingView] Weekly 캡처 완료 (W)
[TradingView] Monthly 캡처 완료 (M)
[[SP500 차트분석]] ON 차트 5개 처리 완료
[TradingView] C 브라우저 세션 시작...
[TradingView] 1H 캡처 완료 (60)
[TradingView] 4H 캡처 완료 (240)
[TradingView] Daily 캡처 완료 (D)
[TradingView] Weekly 캡처 완료 (W)
[TradingView] Monthly 캡처 완료 (M)
[[SP500 차트분석]] C 차트 5개 처리 완료
[TradingView] KO 브라우저 세션 시작...
[TradingView] 1H 캡처 완료 (60)
[TradingView] 4H 캡처 완료 (240)
[TradingView] Daily 캡처 완료 (D)
[TradingView] Weekly 캡처 완료 (W)
[TradingView] Monthly 캡처 완료 (M)
[[SP500 차트분석]] KO 차트 5개 처리 완료
[TradingView] LLY 브라우저 세션 시작...
[TradingView] 1H 캡처 완료 (60)
[TradingView] 4H 캡처 완료 (240)
[TradingView] Daily 캡처 완료 (D)
[TradingView] Weekly 캡처 완료 (W)
[TradingView] Monthly 캡처 완료 (M)
[[SP500 차트분석]] LLY 차트 5개 처리 완료
[TradingView] COST 브라우저 세션 시작...
[TradingView] 1H 캡처 완료 (60)
[TradingView] 4H 캡처 완료 (240)
[TradingView] Daily 캡처 완료 (D)
[TradingView] Weekly 캡처 완료 (W)
[TradingView] Monthly 캡처 완료 (M)
[[SP500 차트분석]] COST 차트 5개 처리 완료
[TradingView] ANET 브라우저 세션 시작...
[TradingView] 1H 캡처 완료 (60)
[TradingView] 4H 캡처 완료 (240)
[TradingView] Daily 캡처 완료 (D)
[TradingView] Weekly 캡처 완료 (W)
[TradingView] Monthly 캡처 완료 (M)
[[SP500 차트분석]] ANET 차트 5개 처리 완료
[TradingView] IWM 브라우저 세션 시작...
[TradingView] 1H 캡처 완료 (60)
[TradingView] 4H 캡처 완료 (240)
[TradingView] Daily 캡처 완료 (D)
[TradingView] Weekly 캡처 완료 (W)
[TradingView] Monthly 캡처 완료 (M)
[[SP500 차트분석]] IWM 차트 5개 처리 완료
[TradingView] FCX 브라우저 세션 시작...
[TradingView] 1H 캡처 완료 (60)
[TradingView] 4H 캡처 완료 (240)
[TradingView] Daily 캡처 완료 (D)
[TradingView] Weekly 캡처 완료 (W)
[TradingView] Monthly 캡처 완료 (M)
[[SP500 차트분석]] FCX 차트 5개 처리 완료
[TradingView] TER 브라우저 세션 시작...
[TradingView] 1H 캡처 완료 (60)
[TradingView] 4H 캡처 완료 (240)
[TradingView] Daily 캡처 완료 (D)
[TradingView] Weekly 캡처 완료 (W)
[TradingView] Monthly 캡처 완료 (M)
[[SP500 차트분석]] TER 차트 5개 처리 완료
[TradingView] NEM 브라우저 세션 시작...
[TradingView] 1H 캡처 완료 (60)
[TradingView] 4H 캡처 완료 (240)
[TradingView] Daily 캡처 완료 (D)
[TradingView] Weekly 캡처 완료 (W)
[TradingView] Monthly 캡처 완료 (M)
[[SP500 차트분석]] NEM 차트 5개 처리 완료
[TradingView] BA 브라우저 세션 시작...
[TradingView] 1H 캡처 완료 (60)
[TradingView] 4H 캡처 완료 (240)
[TradingView] Daily 캡처 완료 (D)
[TradingView] Weekly 캡처 완료 (W)
[TradingView] Monthly 캡처 완료 (M)
[[SP500 차트분석]] BA 차트 5개 처리 완료
[TradingView] MRK 브라우저 세션 시작...
[TradingView] 1H 캡처 완료 (60)
[TradingView] 4H 캡처 완료 (240)
[TradingView] Daily 캡처 완료 (D)
[TradingView] Weekly 캡처 완료 (W)
[TradingView] Monthly 캡처 완료 (M)
[[SP500 차트분석]] MRK 차트 5개 처리 완료
[TradingView] ETN 브라우저 세션 시작...
[TradingView] 1H 캡처 완료 (60)
[TradingView] 4H 캡처 완료 (240)
[TradingView] Daily 캡처 완료 (D)
[TradingView] Weekly 캡처 완료 (W)
[TradingView] Monthly 캡처 완료 (M)
[[SP500 차트분석]] ETN 차트 5개 처리 완료
[TradingView] LIN 브라우저 세션 시작...
[TradingView] 1H 캡처 완료 (60)
[TradingView] 4H 캡처 완료 (240)
[TradingView] Daily 캡처 완료 (D)
[TradingView] Weekly 캡처 완료 (W)
[TradingView] Monthly 캡처 완료 (M)
[[SP500 차트분석]] LIN 차트 5개 처리 완료
[TradingView] KLAC 브라우저 세션 시작...
[TradingView] 1H 캡처 완료 (60)
[TradingView] 4H 캡처 완료 (240)
[TradingView] Daily 캡처 완료 (D)
[TradingView] Weekly 캡처 완료 (W)
[TradingView] Monthly 캡처 완료 (M)
[[SP500 차트분석]] KLAC 차트 5개 처리 완료
[TradingView] ORCL 브라우저 세션 시작...
[TradingView] 1H 캡처 완료 (60)
[TradingView] 4H 캡처 완료 (240)
[TradingView] Daily 캡처 완료 (D)
[TradingView] Weekly 캡처 완료 (W)
[TradingView] Monthly 캡처 완료 (M)
[[SP500 차트분석]] ORCL 차트 5개 처리 완료
[TradingView] MSFT 브라우저 세션 시작...
[TradingView] 1H 캡처 완료 (60)
[TradingView] 4H 캡처 완료 (240)
[TradingView] Daily 캡처 완료 (D)
[TradingView] Weekly 캡처 완료 (W)
[TradingView] Monthly 캡처 완료 (M)
[[SP500 차트분석]] MSFT 차트 5개 처리 완료
[TradingView] APP 브라우저 세션 시작...
[TradingView] 1H 캡처 완료 (60)
[TradingView] 4H 캡처 완료 (240)
[TradingView] Daily 캡처 완료 (D)
[TradingView] Weekly 캡처 완료 (W)
[TradingView] Monthly 캡처 완료 (M)
[[SP500 차트분석]] APP 차트 5개 처리 완료
[TradingView] F 브라우저 세션 시작...
[TradingView] 1H 캡처 완료 (60)
[TradingView] 4H 캡처 완료 (240)
[TradingView] Daily 캡처 완료 (D)
[TradingView] Weekly 캡처 완료 (W)
[TradingView] Monthly 캡처 완료 (M)
[[SP500 차트분석]] F 차트 5개 처리 완료
[TradingView] CEG 브라우저 세션 시작...
[TradingView] 1H 캡처 완료 (60)
[TradingView] 4H 캡처 완료 (240)
[TradingView] Daily 캡처 완료 (D)
[TradingView] Weekly 캡처 완료 (W)
[TradingView] Monthly 캡처 완료 (M)
[[SP500 차트분석]] CEG 차트 5개 처리 완료
[TradingView] DASH 브라우저 세션 시작...
[TradingView] 1H 캡처 완료 (60)
[TradingView] 4H 캡처 완료 (240)
[TradingView] Daily 캡처 완료 (D)
[TradingView] Weekly 캡처 완료 (W)
[TradingView] Monthly 캡처 완료 (M)
[[SP500 차트분석]] DASH 차트 5개 처리 완료
[TradingView] MCK 브라우저 세션 시작...
[TradingView] 1H 캡처 완료 (60)
[TradingView] 4H 캡처 완료 (240)
[TradingView] Daily 캡처 완료 (D)
[TradingView] Weekly 캡처 완료 (W)
[TradingView] Monthly 캡처 완료 (M)
[[SP500 차트분석]] MCK 차트 5개 처리 완료
[TradingView] COP 브라우저 세션 시작...
[TradingView] 1H 캡처 완료 (60)
[TradingView] 4H 캡처 완료 (240)
[TradingView] Daily 캡처 완료 (D)
[TradingView] Weekly 캡처 완료 (W)
[TradingView] Monthly 캡처 완료 (M)
[[SP500 차트분석]] COP 차트 5개 처리 완료
[TradingView] MELI 브라우저 세션 시작...
[TradingView] 1H 캡처 완료 (60)
[TradingView] 4H 캡처 완료 (240)
[TradingView] Daily 캡처 완료 (D)
[TradingView] Weekly 캡처 완료 (W)
[TradingView] Monthly 캡처 완료 (M)
[[SP500 차트분석]] MELI 차트 5개 처리 완료
[TradingView] LMT 브라우저 세션 시작...
[TradingView] 1H 캡처 완료 (60)
[TradingView] 4H 캡처 완료 (240)
[TradingView] Daily 캡처 완료 (D)
[TradingView] Weekly 캡처 완료 (W)
[TradingView] Monthly 캡처 완료 (M)
[[SP500 차트분석]] LMT 차트 5개 처리 완료
[TradingView] ACN 브라우저 세션 시작...
[TradingView] 1H 캡처 완료 (60)
[TradingView] 4H 캡처 완료 (240)
[TradingView] Daily 캡처 완료 (D)
[TradingView] Weekly 캡처 완료 (W)
[TradingView] Monthly 캡처 완료 (M)
[[SP500 차트분석]] ACN 차트 5개 처리 완료
[TradingView] INTU 브라우저 세션 시작...
[TradingView] 1H 캡처 완료 (60)
[TradingView] 4H 캡처 완료 (240)
[TradingView] Daily 캡처 완료 (D)
[TradingView] Weekly 캡처 완료 (W)
[TradingView] Monthly 캡처 완료 (M)
[[SP500 차트분석]] INTU 차트 5개 처리 완료
[TradingView] JPM 브라우저 세션 시작...
[TradingView] 1H 캡처 완료 (60)
[TradingView] 4H 캡처 완료 (240)
[TradingView] Daily 캡처 완료 (D)
[TradingView] Weekly 캡처 완료 (W)
[TradingView] Monthly 캡처 완료 (M)
[[SP500 차트분석]] JPM 차트 5개 처리 완료
[TradingView] ISRG 브라우저 세션 시작...
[TradingView] 1H 캡처 완료 (60)
[TradingView] 4H 캡처 완료 (240)
[TradingView] Daily 캡처 완료 (D)
[TradingView] Weekly 캡처 완료 (W)
[TradingView] Monthly 캡처 완료 (M)
[[SP500 차트분석]] ISRG 차트 5개 처리 완료
[TradingView] MDT 브라우저 세션 시작...
[TradingView] 1H 캡처 완료 (60)
[TradingView] 4H 캡처 완료 (240)
[TradingView] Daily 캡처 완료 (D)
[TradingView] Weekly 캡처 완료 (W)
[TradingView] Monthly 캡처 완료 (M)
[[SP500 차트분석]] MDT 차트 5개 처리 완료
[TradingView] HD 브라우저 세션 시작...
[TradingView] 1H 캡처 완료 (60)
[TradingView] 4H 캡처 완료 (240)
[TradingView] Daily 캡처 완료 (D)
[TradingView] Weekly 캡처 완료 (W)
[TradingView] Monthly 캡처 완료 (M)
[[SP500 차트분석]] HD 차트 5개 처리 완료
[TradingView] ABT 브라우저 세션 시작...
[TradingView] 1H 캡처 완료 (60)
[TradingView] 4H 캡처 완료 (240)
[TradingView] Daily 캡처 완료 (D)
[TradingView] Weekly 캡처 완료 (W)
[TradingView] Monthly 캡처 완료 (M)
[[SP500 차트분석]] ABT 차트 5개 처리 완료
[TradingView] CVX 브라우저 세션 시작...
[TradingView] 1H 캡처 완료 (60)
[TradingView] 4H 캡처 완료 (240)
[TradingView] Daily 캡처 완료 (D)
[TradingView] Weekly 캡처 완료 (W)
[TradingView] Monthly 캡처 완료 (M)
[[SP500 차트분석]] CVX 차트 5개 처리 완료
[TradingView] XOM 브라우저 세션 시작...
[TradingView] 1H 캡처 완료 (60)
[TradingView] 4H 캡처 완료 (240)
[TradingView] Daily 캡처 완료 (D)
[TradingView] Weekly 캡처 완료 (W)
[TradingView] Monthly 캡처 완료 (M)
[[SP500 차트분석]] XOM 차트 5개 처리 완료
[TradingView] 티커 매핑 적용: NBM.V -> NBM
[TradingView] NBM.V 브라우저 세션 시작...
[TradingView] 1H 캡처 완료 (60)
[TradingView] 4H 캡처 완료 (240)
[TradingView] Daily 캡처 완료 (D)
[TradingView] Weekly 캡처 완료 (W)
[TradingView] Monthly 캡처 완료 (M)
[[SP500 차트분석]] NBM.V 차트 5개 처리 완료
[[SP500 차트분석]] 차트 캡처 완료
[[SP500 차트분석]] GitHub에 차트 이미지 푸시 중...
[main a8b6019] Update chart screenshots 1778823584
 818 files changed, 0 insertions(+), 0 deletions(-)
 delete mode 100644 charts/screenshots/AAPL/AAPL_1H_20260514_051146.png
 create mode 100644 charts/screenshots/AAPL/AAPL_1H_20260515_050246.png
 delete mode 100644 charts/screenshots/AAPL/AAPL_4H_20260514_051146.png
 create mode 100644 charts/screenshots/AAPL/AAPL_4H_20260515_050246.png
 delete mode 100644 charts/screenshots/AAPL/AAPL_Daily_20260514_051146.png
 create mode 100644 charts/screenshots/AAPL/AAPL_Daily_20260515_050246.png
 delete mode 100644 charts/screenshots/AAPL/AAPL_Monthly_20260514_051146.png
 create mode 100644 charts/screenshots/AAPL/AAPL_Monthly_20260515_050246.png
 delete mode 100644 charts/screenshots/AAPL/AAPL_Weekly_20260514_051146.png
 create mode 100644 charts/screenshots/AAPL/AAPL_Weekly_20260515_050246.png
 create mode 100644 charts/screenshots/ABT/ABT_1H_20260515_053735.png
 create mode 100644 charts/screenshots/ABT/ABT_4H_20260515_053735.png
 create mode 100644 charts/screenshots/ABT/ABT_Daily_20260515_053735.png
 create mode 100644 charts/screenshots/ABT/ABT_Monthly_20260515_053735.png
 create mode 100644 charts/screenshots/ABT/ABT_Weekly_20260515_053735.png
 create mode 100644 charts/screenshots/ACN/ACN_1H_20260515_053425.png
 create mode 100644 charts/screenshots/ACN/ACN_4H_20260515_053425.png
 create mode 100644 charts/screenshots/ACN/ACN_Daily_20260515_053425.png
 create mode 100644 charts/screenshots/ACN/ACN_Monthly_20260515_053425.png
 create mode 100644 charts/screenshots/ACN/ACN_Weekly_20260515_053425.png
 delete mode 100644 charts/screenshots/ADI/ADI_1H_20260514_050133.png
 create mode 100644 charts/screenshots/ADI/ADI_1H_20260515_050147.png
 delete mode 100644 charts/screenshots/ADI/ADI_4H_20260514_050133.png
 create mode 100644 charts/screenshots/ADI/ADI_4H_20260515_050147.png
 delete mode 100644 charts/screenshots/ADI/ADI_Daily_20260514_050133.png
 create mode 100644 charts/screenshots/ADI/ADI_Daily_20260515_050147.png
 delete mode 100644 charts/screenshots/ADI/ADI_Monthly_20260514_050133.png
 create mode 100644 charts/screenshots/ADI/ADI_Monthly_20260515_050147.png
 delete mode 100644 charts/screenshots/ADI/ADI_Weekly_20260514_050133.png
 create mode 100644 charts/screenshots/ADI/ADI_Weekly_20260515_050147.png
 delete mode 100644 charts/screenshots/AKAM/AKAM_1H_20260514_051215.png
 create mode 100644 charts/screenshots/AKAM/AKAM_1H_20260515_050824.png
 delete mode 100644 charts/screenshots/AKAM/AKAM_4H_20260514_051215.png
 create mode 100644 charts/screenshots/AKAM/AKAM_4H_20260515_050824.png
 delete mode 100644 charts/screenshots/AKAM/AKAM_Daily_20260514_051215.png
 create mode 100644 charts/screenshots/AKAM/AKAM_Daily_20260515_050824.png
 delete mode 100644 charts/screenshots/AKAM/AKAM_Monthly_20260514_051215.png
 create mode 100644 charts/screenshots/AKAM/AKAM_Monthly_20260515_050824.png
 delete mode 100644 charts/screenshots/AKAM/AKAM_Weekly_20260514_051215.png
 create mode 100644 charts/screenshots/AKAM/AKAM_Weekly_20260515_050824.png
 delete mode 100644 charts/screenshots/AMAT/AMAT_1H_20260514_045100.png
 create mode 100644 charts/screenshots/AMAT/AMAT_1H_20260515_045838.png
 delete mode 100644 charts/screenshots/AMAT/AMAT_4H_20260514_045100.png
 create mode 100644 charts/screenshots/AMAT/AMAT_4H_20260515_045838.png
 delete mode 100644 charts/screenshots/AMAT/AMAT_Daily_20260514_045100.png
 create mode 100644 charts/screenshots/AMAT/AMAT_Daily_20260515_045838.png
 delete mode 100644 charts/screenshots/AMAT/AMAT_Monthly_20260514_045100.png
 create mode 100644 charts/screenshots/AMAT/AMAT_Monthly_20260515_045838.png
 delete mode 100644 charts/screenshots/AMAT/AMAT_Weekly_20260514_045100.png
 create mode 100644 charts/screenshots/AMAT/AMAT_Weekly_20260515_045838.png
 delete mode 100644 charts/screenshots/AMD/AMD_1H_20260514_050503.png
 create mode 100644 charts/screenshots/AMD/AMD_1H_20260515_051157.png
 delete mode 100644 charts/screenshots/AMD/AMD_4H_20260514_050503.png
 create mode 100644 charts/screenshots/AMD/AMD_4H_20260515_051157.png
 delete mode 100644 charts/screenshots/AMD/AMD_Daily_20260514_050503.png
 create mode 100644 charts/screenshots/AMD/AMD_Daily_20260515_051157.png
 delete mode 100644 charts/screenshots/AMD/AMD_Monthly_20260514_050503.png
 create mode 100644 charts/screenshots/AMD/AMD_Monthly_20260515_051157.png
 delete mode 100644 charts/screenshots/AMD/AMD_Weekly_20260514_050503.png
 create mode 100644 charts/screenshots/AMD/AMD_Weekly_20260515_051157.png
 delete mode 100644 charts/screenshots/AMZN/AMZN_1H_20260514_045706.png
 create mode 100644 charts/screenshots/AMZN/AMZN_1H_20260515_045736.png
 delete mode 100644 charts/screenshots/AMZN/AMZN_4H_20260514_045706.png
 create mode 100644 charts/screenshots/AMZN/AMZN_4H_20260515_045736.png
 delete mode 100644 charts/screenshots/AMZN/AMZN_Daily_20260514_045706.png
 create mode 100644 charts/screenshots/AMZN/AMZN_Daily_20260515_045736.png
 delete mode 100644 charts/screenshots/AMZN/AMZN_Monthly_20260514_045706.png
 create mode 100644 charts/screenshots/AMZN/AMZN_Monthly_20260515_045736.png
 delete mode 100644 charts/screenshots/AMZN/AMZN_Weekly_20260514_045706.png
 create mode 100644 charts/screenshots/AMZN/AMZN_Weekly_20260515_045736.png
 delete mode 100644 charts/screenshots/ANET/ANET_1H_20260514_051743.png
 create mode 100644 charts/screenshots/ANET/ANET_1H_20260515_052410.png
 delete mode 100644 charts/screenshots/ANET/ANET_4H_20260514_051743.png
 create mode 100644 charts/screenshots/ANET/ANET_4H_20260515_052410.png
 delete mode 100644 charts/screenshots/ANET/ANET_Daily_20260514_051743.png
 create mode 100644 charts/screenshots/ANET/ANET_Daily_20260515_052410.png
 delete mode 100644 charts/screenshots/ANET/ANET_Monthly_20260514_051743.png
 create mode 100644 charts/screenshots/ANET/ANET_Monthly_20260515_052410.png
 delete mode 100644 charts/screenshots/ANET/ANET_Weekly_20260514_051743.png
 create mode 100644 charts/screenshots/ANET/ANET_Weekly_20260515_052410.png
 delete mode 100644 charts/screenshots/APH/APH_1H_20260514_052246.png
 delete mode 100644 charts/screenshots/APH/APH_4H_20260514_052246.png
 delete mode 100644 charts/screenshots/APH/APH_Daily_20260514_052246.png
 delete mode 100644 charts/screenshots/APH/APH_Monthly_20260514_052246.png
 delete mode 100644 charts/screenshots/APH/APH_Weekly_20260514_052246.png
 create mode 100644 charts/screenshots/APP/APP_1H_20260515_053017.png
 create mode 100644 charts/screenshots/APP/APP_4H_20260515_053017.png
 create mode 100644 charts/screenshots/APP/APP_Daily_20260515_053017.png
 create mode 100644 charts/screenshots/APP/APP_Monthly_20260515_053017.png
 create mode 100644 charts/screenshots/APP/APP_Weekly_20260515_053017.png
 delete mode 100644 charts/screenshots/ASML/ASML_1H_20260514_051948.png
 create mode 100644 charts/screenshots/ASML/ASML_1H_20260515_050923.png
 delete mode 100644 charts/screenshots/ASML/ASML_4H_20260514_051948.png
 create mode 100644 charts/screenshots/ASML/ASML_4H_20260515_050923.png
 delete mode 100644 charts/screenshots/ASML/ASML_Daily_20260514_051948.png
 create mode 100644 charts/screenshots/ASML/ASML_Daily_20260515_050923.png
 delete mode 100644 charts/screenshots/ASML/ASML_Monthly_20260514_051948.png
 create mode 100644 charts/screenshots/ASML/ASML_Monthly_20260515_050923.png
 delete mode 100644 charts/screenshots/ASML/ASML_Weekly_20260514_051948.png
 create mode 100644 charts/screenshots/ASML/ASML_Weekly_20260515_050923.png
 delete mode 100644 charts/screenshots/AVGO/AVGO_1H_20260514_050337.png
 create mode 100644 charts/screenshots/AVGO/AVGO_1H_20260515_051730.png
 delete mode 100644 charts/screenshots/AVGO/AVGO_4H_20260514_050337.png
 create mode 100644 charts/screenshots/AVGO/AVGO_4H_20260515_051730.png
 delete mode 100644 charts/screenshots/AVGO/AVGO_Daily_20260514_050337.png
 create mode 100644 charts/screenshots/AVGO/AVGO_Daily_20260515_051730.png
 delete mode 100644 charts/screenshots/AVGO/AVGO_Monthly_20260514_050337.png
 create mode 100644 charts/screenshots/AVGO/AVGO_Monthly_20260515_051730.png
 delete mode 100644 charts/screenshots/AVGO/AVGO_Weekly_20260514_050337.png
 create mode 100644 charts/screenshots/AVGO/AVGO_Weekly_20260515_051730.png
 delete mode 100644 charts/screenshots/BA/BA_1H_20260514_051415.png
 create mode 100644 charts/screenshots/BA/BA_1H_20260515_052641.png
 delete mode 100644 charts/screenshots/BA/BA_4H_20260514_051415.png
 create mode 100644 charts/screenshots/BA/BA_4H_20260515_052641.png
 delete mode 100644 charts/screenshots/BA/BA_Daily_20260514_051415.png
 create mode 100644 charts/screenshots/BA/BA_Daily_20260515_052641.png
 delete mode 100644 charts/screenshots/BA/BA_Monthly_20260514_051415.png
 create mode 100644 charts/screenshots/BA/BA_Monthly_20260515_052641.png
 delete mode 100644 charts/screenshots/BA/BA_Weekly_20260514_051415.png
 create mode 100644 charts/screenshots/BA/BA_Weekly_20260515_052641.png
 delete mode 100644 charts/screenshots/C/C_1H_20260514_052217.png
 create mode 100644 charts/screenshots/C/C_1H_20260515_052205.png
 delete mode 100644 charts/screenshots/C/C_4H_20260514_052217.png
 create mode 100644 charts/screenshots/C/C_4H_20260515_052205.png
 delete mode 100644 charts/screenshots/C/C_Daily_20260514_052217.png
 create mode 100644 charts/screenshots/C/C_Daily_20260515_052205.png
 delete mode 100644 charts/screenshots/C/C_Monthly_20260514_052217.png
 create mode 100644 charts/screenshots/C/C_Monthly_20260515_052205.png
 delete mode 100644 charts/screenshots/C/C_Weekly_20260514_052217.png
 create mode 100644 charts/screenshots/C/C_Weekly_20260515_052205.png
 delete mode 100644 charts/screenshots/CAT/CAT_1H_20260514_045438.png
 create mode 100644 charts/screenshots/CAT/CAT_1H_20260515_050216.png
 delete mode 100644 charts/screenshots/CAT/CAT_4H_20260514_045438.png
 create mode 100644 charts/screenshots/CAT/CAT_4H_20260515_050216.png
 delete mode 100644 charts/screenshots/CAT/CAT_Daily_20260514_045438.png
 create mode 100644 charts/screenshots/CAT/CAT_Daily_20260515_050216.png
 delete mode 100644 charts/screenshots/CAT/CAT_Monthly_20260514_045438.png
 create mode 100644 charts/screenshots/CAT/CAT_Monthly_20260515_050216.png
 delete mode 100644 charts/screenshots/CAT/CAT_Weekly_20260514_045438.png
 create mode 100644 charts/screenshots/CAT/CAT_Weekly_20260515_050216.png
 delete mode 100644 charts/screenshots/CCL/CCL_1H_20260514_052750.png
 delete mode 100644 charts/screenshots/CCL/CCL_4H_20260514_052750.png
 delete mode 100644 charts/screenshots/CCL/CCL_Daily_20260514_052750.png
 delete mode 100644 charts/screenshots/CCL/CCL_Monthly_20260514_052750.png
 delete mode 100644 charts/screenshots/CCL/CCL_Weekly_20260514_052750.png
 delete mode 100644 charts/screenshots/CDNS/CDNS_1H_20260514_050204.png
 create mode 100644 charts/screenshots/CDNS/CDNS_1H_20260515_051023.png
 delete mode 100644 charts/screenshots/CDNS/CDNS_4H_20260514_050204.png
 create mode 100644 charts/screenshots/CDNS/CDNS_4H_20260515_051023.png
 delete mode 100644 charts/screenshots/CDNS/CDNS_Daily_20260514_050204.png
 create mode 100644 charts/screenshots/CDNS/CDNS_Daily_20260515_051023.png
 delete mode 100644 charts/screenshots/CDNS/CDNS_Monthly_20260514_050204.png
 create mode 100644 charts/screenshots/CDNS/CDNS_Monthly_20260515_051023.png
 delete mode 100644 charts/screenshots/CDNS/CDNS_Weekly_20260514_050204.png
 create mode 100644 charts/screenshots/CDNS/CDNS_Weekly_20260515_051023.png
 delete mode 100644 charts/screenshots/CEG/CEG_1H_20260514_052316.png
 create mode 100644 charts/screenshots/CEG/CEG_1H_20260515_053117.png
 delete mode 100644 charts/screenshots/CEG/CEG_4H_20260514_052316.png
 create mode 100644 charts/screenshots/CEG/CEG_4H_20260515_053117.png
 delete mode 100644 charts/screenshots/CEG/CEG_Daily_20260514_052316.png
 create mode 100644 charts/screenshots/CEG/CEG_Daily_20260515_053117.png
 delete mode 100644 charts/screenshots/CEG/CEG_Monthly_20260514_052316.png
 create mode 100644 charts/screenshots/CEG/CEG_Monthly_20260515_053117.png
 delete mode 100644 charts/screenshots/CEG/CEG_Weekly_20260514_052316.png
 create mode 100644 charts/screenshots/CEG/CEG_Weekly_20260515_053117.png
 delete mode 100644 charts/screenshots/COP/COP_1H_20260514_052648.png
 create mode 100644 charts/screenshots/COP/COP_1H_20260515_053251.png
 delete mode 100644 charts/screenshots/COP/COP_4H_20260514_052648.png
 create mode 100644 charts/screenshots/COP/COP_4H_20260515_053251.png
 delete mode 100644 charts/screenshots/COP/COP_Daily_20260514_052648.png
 create mode 100644 charts/screenshots/COP/COP_Daily_20260515_053251.png
 delete mode 100644 charts/screenshots/COP/COP_Monthly_20260514_052648.png
 create mode 100644 charts/screenshots/COP/COP_Monthly_20260515_053251.png
 delete mode 100644 charts/screenshots/COP/COP_Weekly_20260514_052648.png
 create mode 100644 charts/screenshots/COP/COP_Weekly_20260515_053251.png
 delete mode 100644 charts/screenshots/COST/COST_1H_20260514_051545.png
 create mode 100644 charts/screenshots/COST/COST_1H_20260515_052339.png
 delete mode 100644 charts/screenshots/COST/COST_4H_20260514_051545.png
 create mode 100644 charts/screenshots/COST/COST_4H_20260515_052339.png
 delete mode 100644 charts/screenshots/COST/COST_Daily_20260514_051545.png
 create mode 100644 charts/screenshots/COST/COST_Daily_20260515_052339.png
 delete mode 100644 charts/screenshots/COST/COST_Monthly_20260514_051545.png
 create mode 100644 charts/screenshots/COST/COST_Monthly_20260515_052339.png
 delete mode 100644 charts/screenshots/COST/COST_Weekly_20260514_051545.png
 create mode 100644 charts/screenshots/COST/COST_Weekly_20260515_052339.png
 delete mode 100644 charts/screenshots/CRWD/CRWD_1H_20260514_052447.png
 create mode 100644 charts/screenshots/CRWD/CRWD_1H_20260515_052037.png
 delete mode 100644 charts/screenshots/CRWD/CRWD_4H_20260514_052447.png
 create mode 100644 charts/screenshots/CRWD/CRWD_4H_20260515_052037.png
 delete mode 100644 charts/screenshots/CRWD/CRWD_Daily_20260514_052447.png
 create mode 100644 charts/screenshots/CRWD/CRWD_Daily_20260515_052037.png
 delete mode 100644 charts/screenshots/CRWD/CRWD_Monthly_20260514_052447.png
 create mode 100644 charts/screenshots/CRWD/CRWD_Monthly_20260515_052037.png
 delete mode 100644 charts/screenshots/CRWD/CRWD_Weekly_20260514_052447.png
 create mode 100644 charts/screenshots/CRWD/CRWD_Weekly_20260515_052037.png
 delete mode 100644 charts/screenshots/CSCO/CSCO_1H_20260514_050704.png
 create mode 100644 charts/screenshots/CSCO/CSCO_1H_20260515_051801.png
 delete mode 100644 charts/screenshots/CSCO/CSCO_4H_20260514_050704.png
 create mode 100644 charts/screenshots/CSCO/CSCO_4H_20260515_051801.png
 delete mode 100644 charts/screenshots/CSCO/CSCO_Daily_20260514_050704.png
 create mode 100644 charts/screenshots/CSCO/CSCO_Daily_20260515_051801.png
 delete mode 100644 charts/screenshots/CSCO/CSCO_Monthly_20260514_050704.png
 create mode 100644 charts/screenshots/CSCO/CSCO_Monthly_20260515_051801.png
 delete mode 100644 charts/screenshots/CSCO/CSCO_Weekly_20260514_050704.png
 create mode 100644 charts/screenshots/CSCO/CSCO_Weekly_20260515_051801.png
 delete mode 100644 charts/screenshots/CVS/CVS_1H_20260514_050405.png
 create mode 100644 charts/screenshots/CVS/CVS_1H_20260515_051833.png
 delete mode 100644 charts/screenshots/CVS/CVS_4H_20260514_050405.png
 create mode 100644 charts/screenshots/CVS/CVS_4H_20260515_051833.png
 delete mode 100644 charts/screenshots/CVS/CVS_Daily_20260514_050405.png
 create mode 100644 charts/screenshots/CVS/CVS_Daily_20260515_051833.png
 delete mode 100644 charts/screenshots/CVS/CVS_Monthly_20260514_050405.png
 create mode 100644 charts/screenshots/CVS/CVS_Monthly_20260515_051833.png
 delete mode 100644 charts/screenshots/CVS/CVS_Weekly_20260514_050405.png
 create mode 100644 charts/screenshots/CVS/CVS_Weekly_20260515_051833.png
 delete mode 100644 charts/screenshots/CVX/CVX_1H_20260514_053054.png
 create mode 100644 charts/screenshots/CVX/CVX_1H_20260515_053807.png
 delete mode 100644 charts/screenshots/CVX/CVX_4H_20260514_053054.png
 create mode 100644 charts/screenshots/CVX/CVX_4H_20260515_053807.png
 delete mode 100644 charts/screenshots/CVX/CVX_Daily_20260514_053054.png
 create mode 100644 charts/screenshots/CVX/CVX_Daily_20260515_053807.png
 delete mode 100644 charts/screenshots/CVX/CVX_Monthly_20260514_053054.png
 create mode 100644 charts/screenshots/CVX/CVX_Monthly_20260515_053807.png
 delete mode 100644 charts/screenshots/CVX/CVX_Weekly_20260514_053054.png
 create mode 100644 charts/screenshots/CVX/CVX_Weekly_20260515_053807.png
 create mode 100644 charts/screenshots/DASH/DASH_1H_20260515_053149.png
 create mode 100644 charts/screenshots/DASH/DASH_4H_20260515_053149.png
 create mode 100644 charts/screenshots/DASH/DASH_Daily_20260515_053149.png
 create mode 100644 charts/screenshots/DASH/DASH_Monthly_20260515_053149.png
 create mode 100644 charts/screenshots/DASH/DASH_Weekly_20260515_053149.png
 delete mode 100644 charts/screenshots/DDOG/DDOG_1H_20260514_051615.png
 create mode 100644 charts/screenshots/DDOG/DDOG_1H_20260515_051126.png
 delete mode 100644 charts/screenshots/DDOG/DDOG_4H_20260514_051615.png
 create mode 100644 charts/screenshots/DDOG/DDOG_4H_20260515_051126.png
 delete mode 100644 charts/screenshots/DDOG/DDOG_Daily_20260514_051615.png
 create mode 100644 charts/screenshots/DDOG/DDOG_Daily_20260515_051126.png
 delete mode 100644 charts/screenshots/DDOG/DDOG_Monthly_20260514_051615.png
 create mode 100644 charts/screenshots/DDOG/DDOG_Monthly_20260515_051126.png
 delete mode 100644 charts/screenshots/DDOG/DDOG_Weekly_20260514_051615.png
 create mode 100644 charts/screenshots/DDOG/DDOG_Weekly_20260515_051126.png
 delete mode 100644 charts/screenshots/DELL/DELL_1H_20260514_045407.png
 create mode 100644 charts/screenshots/DELL/DELL_1H_20260515_050043.png
 delete mode 100644 charts/screenshots/DELL/DELL_4H_20260514_045407.png
 create mode 100644 charts/screenshots/DELL/DELL_4H_20260515_050043.png
 delete mode 100644 charts/screenshots/DELL/DELL_Daily_20260514_045407.png
 create mode 100644 charts/screenshots/DELL/DELL_Daily_20260515_050043.png
 delete mode 100644 charts/screenshots/DELL/DELL_Monthly_20260514_045407.png
 create mode 100644 charts/screenshots/DELL/DELL_Monthly_20260515_050043.png
 delete mode 100644 charts/screenshots/DELL/DELL_Weekly_20260514_045407.png
 create mode 100644 charts/screenshots/DELL/DELL_Weekly_20260515_050043.png
 delete mode 100644 charts/screenshots/EBAY/EBAY_1H_20260514_051043.png
 create mode 100644 charts/screenshots/EBAY/EBAY_1H_20260515_051329.png
 delete mode 100644 charts/screenshots/EBAY/EBAY_4H_20260514_051043.png
 create mode 100644 charts/screenshots/EBAY/EBAY_4H_20260515_051329.png
 delete mode 100644 charts/screenshots/EBAY/EBAY_Daily_20260514_051043.png
 create mode 100644 charts/screenshots/EBAY/EBAY_Daily_20260515_051329.png
 delete mode 100644 charts/screenshots/EBAY/EBAY_Monthly_20260514_051043.png
 create mode 100644 charts/screenshots/EBAY/EBAY_Monthly_20260515_051329.png
 delete mode 100644 charts/screenshots/EBAY/EBAY_Weekly_20260514_051043.png
 create mode 100644 charts/screenshots/EBAY/EBAY_Weekly_20260515_051329.png
 delete mode 100644 charts/screenshots/ETN/ETN_1H_20260514_052117.png
 create mode 100644 charts/screenshots/ETN/ETN_1H_20260515_052742.png
 delete mode 100644 charts/screenshots/ETN/ETN_4H_20260514_052117.png
 create mode 100644 charts/screenshots/ETN/ETN_4H_20260515_052742.png
 delete mode 100644 charts/screenshots/ETN/ETN_Daily_20260514_052117.png
 create mode 100644 charts/screenshots/ETN/ETN_Daily_20260515_052742.png
 delete mode 100644 charts/screenshots/ETN/ETN_Monthly_20260514_052117.png
 create mode 100644 charts/screenshots/ETN/ETN_Monthly_20260515_052742.png
 delete mode 100644 charts/screenshots/ETN/ETN_Weekly_20260514_052117.png
 create mode 100644 charts/screenshots/ETN/ETN_Weekly_20260515_052742.png
 create mode 100644 charts/screenshots/F/F_1H_20260515_053047.png
 create mode 100644 charts/screenshots/F/F_4H_20260515_053047.png
 create mode 100644 charts/screenshots/F/F_Daily_20260515_053047.png
 create mode 100644 charts/screenshots/F/F_Monthly_20260515_053047.png
 create mode 100644 charts/screenshots/F/F_Weekly_20260515_053047.png
 delete mode 100644 charts/screenshots/FCX/FCX_1H_20260514_051714.png
 create mode 100644 charts/screenshots/FCX/FCX_1H_20260515_052512.png
 delete mode 100644 charts/screenshots/FCX/FCX_4H_20260514_051714.png
 create mode 100644 charts/screenshots/FCX/FCX_4H_20260515_052512.png
 delete mode 100644 charts/screenshots/FCX/FCX_Daily_20260514_051714.png
 create mode 100644 charts/screenshots/FCX/FCX_Daily_20260515_052512.png
 delete mode 100644 charts/screenshots/FCX/FCX_Monthly_20260514_051714.png
 create mode 100644 charts/screenshots/FCX/FCX_Monthly_20260515_052512.png
 delete mode 100644 charts/screenshots/FCX/FCX_Weekly_20260514_051714.png
 create mode 100644 charts/screenshots/FCX/FCX_Weekly_20260515_052512.png
 delete mode 100644 charts/screenshots/GEV/GEV_1H_20260514_050941.png
 create mode 100644 charts/screenshots/GEV/GEV_1H_20260515_051431.png
 delete mode 100644 charts/screenshots/GEV/GEV_4H_20260514_050941.png
 create mode 100644 charts/screenshots/GEV/GEV_4H_20260515_051431.png
 delete mode 100644 charts/screenshots/GEV/GEV_Daily_20260514_050941.png
 create mode 100644 charts/screenshots/GEV/GEV_Daily_20260515_051431.png
 delete mode 100644 charts/screenshots/GEV/GEV_Monthly_20260514_050941.png
 create mode 100644 charts/screenshots/GEV/GEV_Monthly_20260515_051431.png
 delete mode 100644 charts/screenshots/GEV/GEV_Weekly_20260514_050941.png
 create mode 100644 charts/screenshots/GEV/GEV_Weekly_20260515_051431.png
 delete mode 100644 charts/screenshots/GLW/GLW_1H_20260514_050007.png
 create mode 100644 charts/screenshots/GLW/GLW_1H_20260515_050725.png
 delete mode 100644 charts/screenshots/GLW/GLW_4H_20260514_050007.png
 create mode 100644 charts/screenshots/GLW/GLW_4H_20260515_050725.png
 delete mode 100644 charts/screenshots/GLW/GLW_Daily_20260514_050007.png
 create mode 100644 charts/screenshots/GLW/GLW_Daily_20260515_050725.png
 delete mode 100644 charts/screenshots/GLW/GLW_Monthly_20260514_050007.png
 create mode 100644 charts/screenshots/GLW/GLW_Monthly_20260515_050725.png
 delete mode 100644 charts/screenshots/GLW/GLW_Weekly_20260514_050007.png
 create mode 100644 charts/screenshots/GLW/GLW_Weekly_20260515_050725.png
 delete mode 100644 charts/screenshots/GOOG/GOOG_1H_20260514_050835.png
 create mode 100644 charts/screenshots/GOOG/GOOG_1H_20260515_050552.png
 delete mode 100644 charts/screenshots/GOOG/GOOG_4H_20260514_050835.png
 create mode 100644 charts/screenshots/GOOG/GOOG_4H_20260515_050552.png
 delete mode 100644 charts/screenshots/GOOG/GOOG_Daily_20260514_050835.png
 create mode 100644 charts/screenshots/GOOG/GOOG_Daily_20260515_050552.png
 delete mode 100644 charts/screenshots/GOOG/GOOG_Monthly_20260514_050835.png
 create mode 100644 charts/screenshots/GOOG/GOOG_Monthly_20260515_050552.png
 delete mode 100644 charts/screenshots/GOOG/GOOG_Weekly_20260514_050835.png
 create mode 100644 charts/screenshots/GOOG/GOOG_Weekly_20260515_050552.png
 delete mode 100644 charts/screenshots/GOOGL/GOOGL_1H_20260514_050804.png
 create mode 100644 charts/screenshots/GOOGL/GOOGL_1H_20260515_050449.png
 delete mode 100644 charts/screenshots/GOOGL/GOOGL_4H_20260514_050804.png
 create mode 100644 charts/screenshots/GOOGL/GOOGL_4H_20260515_050449.png
 delete mode 100644 charts/screenshots/GOOGL/GOOGL_Daily_20260514_050804.png
 create mode 100644 charts/screenshots/GOOGL/GOOGL_Daily_20260515_050449.png
 delete mode 100644 charts/screenshots/GOOGL/GOOGL_Monthly_20260514_050804.png
 create mode 100644 charts/screenshots/GOOGL/GOOGL_Monthly_20260515_050449.png
 delete mode 100644 charts/screenshots/GOOGL/GOOGL_Weekly_20260514_050804.png
 create mode 100644 charts/screenshots/GOOGL/GOOGL_Weekly_20260515_050449.png
 delete mode 100644 charts/screenshots/GS/GS_1H_20260514_045905.png
 create mode 100644 charts/screenshots/GS/GS_1H_20260515_051401.png
 delete mode 100644 charts/screenshots/GS/GS_4H_20260514_045905.png
 create mode 100644 charts/screenshots/GS/GS_4H_20260515_051401.png
 delete mode 100644 charts/screenshots/GS/GS_Daily_20260514_045905.png
 create mode 100644 charts/screenshots/GS/GS_Daily_20260515_051401.png
 delete mode 100644 charts/screenshots/GS/GS_Monthly_20260514_045905.png
 create mode 100644 charts/screenshots/GS/GS_Monthly_20260515_051401.png
 delete mode 100644 charts/screenshots/GS/GS_Weekly_20260514_045905.png
 create mode 100644 charts/screenshots/GS/GS_Weekly_20260515_051401.png
 delete mode 100644 charts/screenshots/HD/HD_1H_20260514_052820.png
 create mode 100644 charts/screenshots/HD/HD_1H_20260515_053704.png
 delete mode 100644 charts/screenshots/HD/HD_4H_20260514_052820.png
 create mode 100644 charts/screenshots/HD/HD_4H_20260515_053704.png
 delete mode 100644 charts/screenshots/HD/HD_Daily_20260514_052820.png
 create mode 100644 charts/screenshots/HD/HD_Daily_20260515_053704.png
 delete mode 100644 charts/screenshots/HD/HD_Monthly_20260514_052820.png
 create mode 100644 charts/screenshots/HD/HD_Monthly_20260515_053704.png
 delete mode 100644 charts/screenshots/HD/HD_Weekly_20260514_052820.png
 create mode 100644 charts/screenshots/HD/HD_Weekly_20260515_053704.png
 create mode 100644 charts/screenshots/INTC/INTC_1H_20260515_050117.png
 delete mode 100644 charts/screenshots/INTC/INTC_4H_20260514_045312.png
 create mode 100644 charts/screenshots/INTC/INTC_4H_20260515_050117.png
 delete mode 100644 charts/screenshots/INTC/INTC_Daily_20260514_045312.png
 create mode 100644 charts/screenshots/INTC/INTC_Daily_20260515_050117.png
 delete mode 100644 charts/screenshots/INTC/INTC_Monthly_20260514_045312.png
 create mode 100644 charts/screenshots/INTC/INTC_Monthly_20260515_050117.png
 delete mode 100644 charts/screenshots/INTC/INTC_Weekly_20260514_045312.png
 create mode 100644 charts/screenshots/INTC/INTC_Weekly_20260515_050117.png
 create mode 100644 charts/screenshots/INTU/INTU_1H_20260515_053457.png
 create mode 100644 charts/screenshots/INTU/INTU_4H_20260515_053457.png
 create mode 100644 charts/screenshots/INTU/INTU_Daily_20260515_053457.png
 create mode 100644 charts/screenshots/INTU/INTU_Monthly_20260515_053457.png
 create mode 100644 charts/screenshots/INTU/INTU_Weekly_20260515_053457.png
 delete mode 100644 charts/screenshots/ISRG/ISRG_1H_20260514_052851.png
 create mode 100644 charts/screenshots/ISRG/ISRG_1H_20260515_053601.png
 delete mode 100644 charts/screenshots/ISRG/ISRG_4H_20260514_052851.png
 create mode 100644 charts/screenshots/ISRG/ISRG_4H_20260515_053601.png
 delete mode 100644 charts/screenshots/ISRG/ISRG_Daily_20260514_052851.png
 create mode 100644 charts/screenshots/ISRG/ISRG_Daily_20260515_053601.png
 delete mode 100644 charts/screenshots/ISRG/ISRG_Monthly_20260514_052851.png
 create mode 100644 charts/screenshots/ISRG/ISRG_Monthly_20260515_053601.png
 delete mode 100644 charts/screenshots/ISRG/ISRG_Weekly_20260514_052851.png
 create mode 100644 charts/screenshots/ISRG/ISRG_Weekly_20260515_053601.png
 delete mode 100644 charts/screenshots/IWM/IWM_1H_20260514_050634.png
 create mode 100644 charts/screenshots/IWM/IWM_1H_20260515_052442.png
 delete mode 100644 charts/screenshots/IWM/IWM_4H_20260514_050634.png
 create mode 100644 charts/screenshots/IWM/IWM_4H_20260515_052442.png
 delete mode 100644 charts/screenshots/IWM/IWM_Daily_20260514_050634.png
 create mode 100644 charts/screenshots/IWM/IWM_Daily_20260515_052442.png
 delete mode 100644 charts/screenshots/IWM/IWM_Monthly_20260514_050634.png
 create mode 100644 charts/screenshots/IWM/IWM_Monthly_20260515_052442.png
 delete mode 100644 charts/screenshots/IWM/IWM_Weekly_20260514_050634.png
 create mode 100644 charts/screenshots/IWM/IWM_Weekly_20260515_052442.png
 delete mode 100644 charts/screenshots/JPM/JPM_1H_20260514_052617.png
 create mode 100644 charts/screenshots/JPM/JPM_1H_20260515_053529.png
 delete mode 100644 charts/screenshots/JPM/JPM_4H_20260514_052617.png
 create mode 100644 charts/screenshots/JPM/JPM_4H_20260515_053529.png
 delete mode 100644 charts/screenshots/JPM/JPM_Daily_20260514_052617.png
 create mode 100644 charts/screenshots/JPM/JPM_Daily_20260515_053529.png
 delete mode 100644 charts/screenshots/JPM/JPM_Monthly_20260514_052617.png
 create mode 100644 charts/screenshots/JPM/JPM_Monthly_20260515_053529.png
 delete mode 100644 charts/screenshots/JPM/JPM_Weekly_20260514_052617.png
 create mode 100644 charts/screenshots/JPM/JPM_Weekly_20260515_053529.png
 delete mode 100644 charts/screenshots/KLAC/KLAC_1H_20260514_052019.png
 create mode 100644 charts/screenshots/KLAC/KLAC_1H_20260515_052845.png
 delete mode 100644 charts/screenshots/KLAC/KLAC_4H_20260514_052019.png
 create mode 100644 charts/screenshots/KLAC/KLAC_4H_20260515_052845.png
 delete mode 100644 charts/screenshots/KLAC/KLAC_Daily_20260514_052019.png
 create mode 100644 charts/screenshots/KLAC/KLAC_Daily_20260515_052845.png
 delete mode 100644 charts/screenshots/KLAC/KLAC_Monthly_20260514_052019.png
 create mode 100644 charts/screenshots/KLAC/KLAC_Monthly_20260515_052845.png
 delete mode 100644 charts/screenshots/KLAC/KLAC_Weekly_20260514_052019.png
 create mode 100644 charts/screenshots/KLAC/KLAC_Weekly_20260515_052845.png
 delete mode 100644 charts/screenshots/KO/KO_1H_20260514_051446.png
 create mode 100644 charts/screenshots/KO/KO_1H_20260515_052236.png
 delete mode 100644 charts/screenshots/KO/KO_4H_20260514_051446.png
 create mode 100644 charts/screenshots/KO/KO_4H_20260515_052236.png
 delete mode 100644 charts/screenshots/KO/KO_Daily_20260514_051446.png
 create mode 100644 charts/screenshots/KO/KO_Daily_20260515_052236.png
 delete mode 100644 charts/screenshots/KO/KO_Monthly_20260514_051446.png
 create mode 100644 charts/screenshots/KO/KO_Monthly_20260515_052236.png
 delete mode 100644 charts/screenshots/KO/KO_Weekly_20260514_051446.png
 create mode 100644 charts/screenshots/KO/KO_Weekly_20260515_052236.png
 delete mode 100644 charts/screenshots/LIN/LIN_1H_20260514_052049.png
 create mode 100644 charts/screenshots/LIN/LIN_1H_20260515_052814.png
 delete mode 100644 charts/screenshots/LIN/LIN_4H_20260514_052049.png
 create mode 100644 charts/screenshots/LIN/LIN_4H_20260515_052814.png
 delete mode 100644 charts/screenshots/LIN/LIN_Daily_20260514_052049.png
 create mode 100644 charts/screenshots/LIN/LIN_Daily_20260515_052814.png
 delete mode 100644 charts/screenshots/LIN/LIN_Monthly_20260514_052049.png
 create mode 100644 charts/screenshots/LIN/LIN_Monthly_20260515_052814.png
 delete mode 100644 charts/screenshots/LIN/LIN_Weekly_20260514_052049.png
 create mode 100644 charts/screenshots/LIN/LIN_Weekly_20260515_052814.png
 delete mode 100644 charts/screenshots/LLY/LLY_1H_20260514_052417.png
 create mode 100644 charts/screenshots/LLY/LLY_1H_20260515_052308.png
 delete mode 100644 charts/screenshots/LLY/LLY_4H_20260514_052417.png
 create mode 100644 charts/screenshots/LLY/LLY_4H_20260515_052308.png
 delete mode 100644 charts/screenshots/LLY/LLY_Daily_20260514_052417.png
 create mode 100644 charts/screenshots/LLY/LLY_Daily_20260515_052308.png
 delete mode 100644 charts/screenshots/LLY/LLY_Monthly_20260514_052417.png
 create mode 100644 charts/screenshots/LLY/LLY_Monthly_20260515_052308.png
 delete mode 100644 charts/screenshots/LLY/LLY_Weekly_20260514_052417.png
 create mode 100644 charts/screenshots/LLY/LLY_Weekly_20260515_052308.png
 delete mode 100644 charts/screenshots/LMT/LMT_1H_20260514_052516.png
 create mode 100644 charts/screenshots/LMT/LMT_1H_20260515_053353.png
 delete mode 100644 charts/screenshots/LMT/LMT_4H_20260514_052516.png
 create mode 100644 charts/screenshots/LMT/LMT_4H_20260515_053353.png
 delete mode 100644 charts/screenshots/LMT/LMT_Daily_20260514_052516.png
 create mode 100644 charts/screenshots/LMT/LMT_Daily_20260515_053353.png
 delete mode 100644 charts/screenshots/LMT/LMT_Monthly_20260514_052516.png
 create mode 100644 charts/screenshots/LMT/LMT_Monthly_20260515_053353.png
 delete mode 100644 charts/screenshots/LMT/LMT_Weekly_20260514_052516.png
 create mode 100644 charts/screenshots/LMT/LMT_Weekly_20260515_053353.png
 delete mode 100644 charts/screenshots/LRCX/LRCX_1H_20260514_045936.png
 create mode 100644 charts/screenshots/LRCX/LRCX_1H_20260515_050854.png
 delete mode 100644 charts/screenshots/LRCX/LRCX_4H_20260514_045936.png
 create mode 100644 charts/screenshots/LRCX/LRCX_4H_20260515_050854.png
 delete mode 100644 charts/screenshots/LRCX/LRCX_Daily_20260514_045936.png
 create mode 100644 charts/screenshots/LRCX/LRCX_Daily_20260515_050854.png
 delete mode 100644 charts/screenshots/LRCX/LRCX_Monthly_20260514_045936.png
 create mode 100644 charts/screenshots/LRCX/LRCX_Monthly_20260515_050854.png
 delete mode 100644 charts/screenshots/LRCX/LRCX_Weekly_20260514_045936.png
 create mode 100644 charts/screenshots/LRCX/LRCX_Weekly_20260515_050854.png
 delete mode 100644 charts/screenshots/MCHP/MCHP_1H_20260514_045538.png
 create mode 100644 charts/screenshots/MCHP/MCHP_1H_20260515_050521.png
 delete mode 100644 charts/screenshots/MCHP/MCHP_4H_20260514_045538.png
 create mode 100644 charts/screenshots/MCHP/MCHP_4H_20260515_050521.png
 delete mode 100644 charts/screenshots/MCHP/MCHP_Daily_20260514_045538.png
 create mode 100644 charts/screenshots/MCHP/MCHP_Daily_20260515_050521.png
 delete mode 100644 charts/screenshots/MCHP/MCHP_Monthly_20260514_045538.png
 create mode 100644 charts/screenshots/MCHP/MCHP_Monthly_20260515_050521.png
 delete mode 100644 charts/screenshots/MCHP/MCHP_Weekly_20260514_045538.png
 create mode 100644 charts/screenshots/MCHP/MCHP_Weekly_20260515_050521.png
 delete mode 100644 charts/screenshots/MCK/MCK_1H_20260514_052347.png
 create mode 100644 charts/screenshots/MCK/MCK_1H_20260515_053220.png
 delete mode 100644 charts/screenshots/MCK/MCK_4H_20260514_052347.png
 create mode 100644 charts/screenshots/MCK/MCK_4H_20260515_053220.png
 delete mode 100644 charts/screenshots/MCK/MCK_Daily_20260514_052347.png
 create mode 100644 charts/screenshots/MCK/MCK_Daily_20260515_053220.png
 delete mode 100644 charts/screenshots/MCK/MCK_Monthly_20260514_052347.png
 create mode 100644 charts/screenshots/MCK/MCK_Monthly_20260515_053220.png
 delete mode 100644 charts/screenshots/MCK/MCK_Weekly_20260514_052347.png
 create mode 100644 charts/screenshots/MCK/MCK_Weekly_20260515_053220.png
 delete mode 100644 charts/screenshots/MDT/MDT_1H_20260514_052718.png
 create mode 100644 charts/screenshots/MDT/MDT_1H_20260515_053632.png
 delete mode 100644 charts/screenshots/MDT/MDT_4H_20260514_052718.png
 create mode 100644 charts/screenshots/MDT/MDT_4H_20260515_053632.png
 delete mode 100644 charts/screenshots/MDT/MDT_Daily_20260514_052718.png
 create mode 100644 charts/screenshots/MDT/MDT_Daily_20260515_053632.png
 delete mode 100644 charts/screenshots/MDT/MDT_Monthly_20260514_052718.png
 create mode 100644 charts/screenshots/MDT/MDT_Monthly_20260515_053632.png
 delete mode 100644 charts/screenshots/MDT/MDT_Weekly_20260514_052718.png
 create mode 100644 charts/screenshots/MDT/MDT_Weekly_20260515_053632.png
 create mode 100644 charts/screenshots/MELI/MELI_1H_20260515_053322.png
 create mode 100644 charts/screenshots/MELI/MELI_4H_20260515_053322.png
 create mode 100644 charts/screenshots/MELI/MELI_Daily_20260515_053322.png
 create mode 100644 charts/screenshots/MELI/MELI_Monthly_20260515_053322.png
 create mode 100644 charts/screenshots/MELI/MELI_Weekly_20260515_053322.png
 delete mode 100644 charts/screenshots/MPWR/MPWR_1H_20260514_045735.png
 create mode 100644 charts/screenshots/MPWR/MPWR_1H_20260515_050316.png
 delete mode 100644 charts/screenshots/MPWR/MPWR_4H_20260514_045735.png
 create mode 100644 charts/screenshots/MPWR/MPWR_4H_20260515_050316.png
 delete mode 100644 charts/screenshots/MPWR/MPWR_Daily_20260514_045735.png
 create mode 100644 charts/screenshots/MPWR/MPWR_Daily_20260515_050316.png
 delete mode 100644 charts/screenshots/MPWR/MPWR_Monthly_20260514_045735.png
 create mode 100644 charts/screenshots/MPWR/MPWR_Monthly_20260515_050316.png
 delete mode 100644 charts/screenshots/MPWR/MPWR_Weekly_20260514_045735.png
 create mode 100644 charts/screenshots/MPWR/MPWR_Weekly_20260515_050316.png
 delete mode 100644 charts/screenshots/MRK/MRK_1H_20260514_051843.png
 create mode 100644 charts/screenshots/MRK/MRK_1H_20260515_052712.png
 delete mode 100644 charts/screenshots/MRK/MRK_4H_20260514_051843.png
 create mode 100644 charts/screenshots/MRK/MRK_4H_20260515_052712.png
 delete mode 100644 charts/screenshots/MRK/MRK_Daily_20260514_051843.png
 create mode 100644 charts/screenshots/MRK/MRK_Daily_20260515_052712.png
 delete mode 100644 charts/screenshots/MRK/MRK_Monthly_20260514_051843.png
 create mode 100644 charts/screenshots/MRK/MRK_Monthly_20260515_052712.png
 delete mode 100644 charts/screenshots/MRK/MRK_Weekly_20260514_051843.png
 create mode 100644 charts/screenshots/MRK/MRK_Weekly_20260515_052712.png
 delete mode 100644 charts/screenshots/MRVL/MRVL_1H_20260514_044959.png
 create mode 100644 charts/screenshots/MRVL/MRVL_1H_20260515_045940.png
 delete mode 100644 charts/screenshots/MRVL/MRVL_4H_20260514_044959.png
 create mode 100644 charts/screenshots/MRVL/MRVL_4H_20260515_045940.png
 delete mode 100644 charts/screenshots/MRVL/MRVL_Daily_20260514_044959.png
 create mode 100644 charts/screenshots/MRVL/MRVL_Daily_20260515_045940.png
 delete mode 100644 charts/screenshots/MRVL/MRVL_Monthly_20260514_044959.png
 create mode 100644 charts/screenshots/MRVL/MRVL_Monthly_20260515_045940.png
 delete mode 100644 charts/screenshots/MRVL/MRVL_Weekly_20260514_044959.png
 create mode 100644 charts/screenshots/MRVL/MRVL_Weekly_20260515_045940.png
 delete mode 100644 charts/screenshots/MS/MS_1H_20260514_045835.png
 create mode 100644 charts/screenshots/MS/MS_1H_20260515_050655.png
 delete mode 100644 charts/screenshots/MS/MS_4H_20260514_045835.png
 create mode 100644 charts/screenshots/MS/MS_4H_20260515_050655.png
 delete mode 100644 charts/screenshots/MS/MS_Daily_20260514_045835.png
 create mode 100644 charts/screenshots/MS/MS_Daily_20260515_050655.png
 delete mode 100644 charts/screenshots/MS/MS_Monthly_20260514_045835.png
 create mode 100644 charts/screenshots/MS/MS_Monthly_20260515_050655.png
 delete mode 100644 charts/screenshots/MS/MS_Weekly_20260514_045835.png
 create mode 100644 charts/screenshots/MS/MS_Weekly_20260515_050655.png
 delete mode 100644 charts/screenshots/MSFT/MSFT_1H_20260514_052146.png
 create mode 100644 charts/screenshots/MSFT/MSFT_1H_20260515_052947.png
 delete mode 100644 charts/screenshots/MSFT/MSFT_4H_20260514_052146.png
 create mode 100644 charts/screenshots/MSFT/MSFT_4H_20260515_052947.png
 delete mode 100644 charts/screenshots/MSFT/MSFT_Daily_20260514_052146.png
 create mode 100644 charts/screenshots/MSFT/MSFT_Daily_20260515_052947.png
 delete mode 100644 charts/screenshots/MSFT/MSFT_Monthly_20260514_052146.png
 create mode 100644 charts/screenshots/MSFT/MSFT_Monthly_20260515_052947.png
 delete mode 100644 charts/screenshots/MSFT/MSFT_Weekly_20260514_052146.png
 create mode 100644 charts/screenshots/MSFT/MSFT_Weekly_20260515_052947.png
 delete mode 100644 charts/screenshots/MU/MU_1H_20260514_051645.png
 create mode 100644 charts/screenshots/MU/MU_1H_20260515_052006.png
 delete mode 100644 charts/screenshots/MU/MU_4H_20260514_051645.png
 create mode 100644 charts/screenshots/MU/MU_4H_20260515_052006.png
 delete mode 100644 charts/screenshots/MU/MU_Daily_20260514_051645.png
 create mode 100644 charts/screenshots/MU/MU_Daily_20260515_052006.png
 delete mode 100644 charts/screenshots/MU/MU_Monthly_20260514_051645.png
 create mode 100644 charts/screenshots/MU/MU_Monthly_20260515_052006.png
 delete mode 100644 charts/screenshots/MU/MU_Weekly_20260514_051645.png
 create mode 100644 charts/screenshots/MU/MU_Weekly_20260515_052006.png
 delete mode 100644 charts/screenshots/NBM.V/NBM.V_1H_20260514_053123.png
 create mode 100644 charts/screenshots/NBM.V/NBM.V_1H_20260515_053910.png
 delete mode 100644 charts/screenshots/NBM.V/NBM.V_4H_20260514_053123.png
 create mode 100644 charts/screenshots/NBM.V/NBM.V_4H_20260515_053910.png
 delete mode 100644 charts/screenshots/NBM.V/NBM.V_Daily_20260514_053123.png
 create mode 100644 charts/screenshots/NBM.V/NBM.V_Daily_20260515_053910.png
 delete mode 100644 charts/screenshots/NBM.V/NBM.V_Monthly_20260514_053123.png
 create mode 100644 charts/screenshots/NBM.V/NBM.V_Monthly_20260515_053910.png
 delete mode 100644 charts/screenshots/NBM.V/NBM.V_Weekly_20260514_053123.png
 create mode 100644 charts/screenshots/NBM.V/NBM.V_Weekly_20260515_053910.png
 delete mode 100644 charts/screenshots/NEE/NEE_1H_20260514_051012.png
 create mode 100644 charts/screenshots/NEE/NEE_1H_20260515_051502.png
 delete mode 100644 charts/screenshots/NEE/NEE_4H_20260514_051012.png
 create mode 100644 charts/screenshots/NEE/NEE_4H_20260515_051502.png
 delete mode 100644 charts/screenshots/NEE/NEE_Daily_20260514_051012.png
 create mode 100644 charts/screenshots/NEE/NEE_Daily_20260515_051502.png
 delete mode 100644 charts/screenshots/NEE/NEE_Monthly_20260514_051012.png
 create mode 100644 charts/screenshots/NEE/NEE_Monthly_20260515_051502.png
 delete mode 100644 charts/screenshots/NEE/NEE_Weekly_20260514_051012.png
 create mode 100644 charts/screenshots/NEE/NEE_Weekly_20260515_051502.png
 delete mode 100644 charts/screenshots/NEM/NEM_1H_20260514_051344.png
 create mode 100644 charts/screenshots/NEM/NEM_1H_20260515_052611.png
 delete mode 100644 charts/screenshots/NEM/NEM_4H_20260514_051344.png
 create mode 100644 charts/screenshots/NEM/NEM_4H_20260515_052611.png
 delete mode 100644 charts/screenshots/NEM/NEM_Daily_20260514_051344.png
 create mode 100644 charts/screenshots/NEM/NEM_Daily_20260515_052611.png
 delete mode 100644 charts/screenshots/NEM/NEM_Monthly_20260514_051344.png
 create mode 100644 charts/screenshots/NEM/NEM_Monthly_20260515_052611.png
 delete mode 100644 charts/screenshots/NEM/NEM_Weekly_20260514_051344.png
 create mode 100644 charts/screenshots/NEM/NEM_Weekly_20260515_052611.png
 delete mode 100644 charts/screenshots/NFLX/NFLX_1H_20260514_052921.png
 delete mode 100644 charts/screenshots/NFLX/NFLX_4H_20260514_052921.png
 delete mode 100644 charts/screenshots/NFLX/NFLX_Daily_20260514_052921.png
 delete mode 100644 charts/screenshots/NFLX/NFLX_Monthly_20260514_052921.png
 delete mode 100644 charts/screenshots/NFLX/NFLX_Weekly_20260514_052921.png
 delete mode 100644 charts/screenshots/NVDA/NVDA_1H_20260514_050036.png
 create mode 100644 charts/screenshots/NVDA/NVDA_1H_20260515_051904.png
 delete mode 100644 charts/screenshots/NVDA/NVDA_4H_20260514_050036.png
 create mode 100644 charts/screenshots/NVDA/NVDA_4H_20260515_051904.png
 delete mode 100644 charts/screenshots/NVDA/NVDA_Daily_20260514_050036.png
 create mode 100644 charts/screenshots/NVDA/NVDA_Daily_20260515_051904.png
 delete mode 100644 charts/screenshots/NVDA/NVDA_Monthly_20260514_050036.png
 create mode 100644 charts/screenshots/NVDA/NVDA_Monthly_20260515_051904.png
 delete mode 100644 charts/screenshots/NVDA/NVDA_Weekly_20260514_050036.png
 create mode 100644 charts/screenshots/NVDA/NVDA_Weekly_20260515_051904.png
 delete mode 100644 charts/screenshots/NXPI/NXPI_1H_20260514_045803.png
 create mode 100644 charts/screenshots/NXPI/NXPI_1H_20260515_050418.png
 delete mode 100644 charts/screenshots/NXPI/NXPI_4H_20260514_045803.png
 create mode 100644 charts/screenshots/NXPI/NXPI_4H_20260515_050418.png
 delete mode 100644 charts/screenshots/NXPI/NXPI_Daily_20260514_045803.png
 create mode 100644 charts/screenshots/NXPI/NXPI_Daily_20260515_050418.png
 delete mode 100644 charts/screenshots/NXPI/NXPI_Monthly_20260514_045803.png
 create mode 100644 charts/screenshots/NXPI/NXPI_Monthly_20260515_050418.png
 delete mode 100644 charts/screenshots/NXPI/NXPI_Weekly_20260514_045803.png
 create mode 100644 charts/screenshots/NXPI/NXPI_Weekly_20260515_050418.png
 delete mode 100644 charts/screenshots/ON/ON_1H_20260514_050533.png
 create mode 100644 charts/screenshots/ON/ON_1H_20260515_052136.png
 delete mode 100644 charts/screenshots/ON/ON_4H_20260514_050533.png
 create mode 100644 charts/screenshots/ON/ON_4H_20260515_052136.png
 delete mode 100644 charts/screenshots/ON/ON_Daily_20260514_050533.png
 create mode 100644 charts/screenshots/ON/ON_Daily_20260515_052136.png
 delete mode 100644 charts/screenshots/ON/ON_Monthly_20260514_050533.png
 create mode 100644 charts/screenshots/ON/ON_Monthly_20260515_052136.png
 delete mode 100644 charts/screenshots/ON/ON_Weekly_20260514_050533.png
 create mode 100644 charts/screenshots/ON/ON_Weekly_20260515_052136.png
 delete mode 100644 charts/screenshots/ORCL/ORCL_1H_20260514_051812.png
 create mode 100644 charts/screenshots/ORCL/ORCL_1H_20260515_052915.png
 delete mode 100644 charts/screenshots/ORCL/ORCL_4H_20260514_051812.png
 create mode 100644 charts/screenshots/ORCL/ORCL_4H_20260515_052915.png
 delete mode 100644 charts/screenshots/ORCL/ORCL_Daily_20260514_051812.png
 create mode 100644 charts/screenshots/ORCL/ORCL_Daily_20260515_052915.png
 delete mode 100644 charts/screenshots/ORCL/ORCL_Monthly_20260514_051812.png
 create mode 100644 charts/screenshots/ORCL/ORCL_Monthly_20260515_052915.png
 delete mode 100644 charts/screenshots/ORCL/ORCL_Weekly_20260514_051812.png
 create mode 100644 charts/screenshots/ORCL/ORCL_Weekly_20260515_052915.png
 delete mode 100644 charts/screenshots/PANW/PANW_1H_20260514_051244.png
 create mode 100644 charts/screenshots/PANW/PANW_1H_20260515_052106.png
 delete mode 100644 charts/screenshots/PANW/PANW_4H_20260514_051244.png
 create mode 100644 charts/screenshots/PANW/PANW_4H_20260515_052106.png
 delete mode 100644 charts/screenshots/PANW/PANW_Daily_20260514_051244.png
 create mode 100644 charts/screenshots/PANW/PANW_Daily_20260515_052106.png
 delete mode 100644 charts/screenshots/PANW/PANW_Monthly_20260514_051244.png
 create mode 100644 charts/screenshots/PANW/PANW_Monthly_20260515_052106.png
 delete mode 100644 charts/screenshots/PANW/PANW_Weekly_20260514_051244.png
 create mode 100644 charts/screenshots/PANW/PANW_Weekly_20260515_052106.png
 delete mode 100644 charts/screenshots/PM/PM_1H_20260514_050104.png
 create mode 100644 charts/screenshots/PM/PM_1H_20260515_051935.png
 delete mode 100644 charts/screenshots/PM/PM_4H_20260514_050104.png
 create mode 100644 charts/screenshots/PM/PM_4H_20260515_051935.png
 delete mode 100644 charts/screenshots/PM/PM_Daily_20260514_050104.png
 create mode 100644 charts/screenshots/PM/PM_Daily_20260515_051935.png
 delete mode 100644 charts/screenshots/PM/PM_Monthly_20260514_050104.png
 create mode 100644 charts/screenshots/PM/PM_Monthly_20260515_051935.png
 delete mode 100644 charts/screenshots/PM/PM_Weekly_20260514_050104.png
 create mode 100644 charts/screenshots/PM/PM_Weekly_20260515_051935.png
 delete mode 100644 charts/screenshots/PWR/PWR_1H_20260514_045637.png
 create mode 100644 charts/screenshots/PWR/PWR_1H_20260515_050347.png
 delete mode 100644 charts/screenshots/PWR/PWR_4H_20260514_045637.png
 create mode 100644 charts/screenshots/PWR/PWR_4H_20260515_050347.png
 delete mode 100644 charts/screenshots/PWR/PWR_Daily_20260514_045637.png
 create mode 100644 charts/screenshots/PWR/PWR_Daily_20260515_050347.png
 delete mode 100644 charts/screenshots/PWR/PWR_Monthly_20260514_045637.png
 create mode 100644 charts/screenshots/PWR/PWR_Monthly_20260515_050347.png
 delete mode 100644 charts/screenshots/PWR/PWR_Weekly_20260514_045637.png
 create mode 100644 charts/screenshots/PWR/PWR_Weekly_20260515_050347.png
 delete mode 100644 charts/screenshots/PYPL/PYPL_1H_20260514_052951.png
 delete mode 100644 charts/screenshots/PYPL/PYPL_4H_20260514_052951.png
 delete mode 100644 charts/screenshots/PYPL/PYPL_Daily_20260514_052951.png
 delete mode 100644 charts/screenshots/PYPL/PYPL_Monthly_20260514_052951.png
 delete mode 100644 charts/screenshots/PYPL/PYPL_Weekly_20260514_052951.png
 delete mode 100644 charts/screenshots/QCOM/QCOM_1H_20260514_045202.png
 create mode 100644 charts/screenshots/QCOM/QCOM_1H_20260515_050011.png
 delete mode 100644 charts/screenshots/QCOM/QCOM_4H_20260514_045202.png
 create mode 100644 charts/screenshots/QCOM/QCOM_4H_20260515_050011.png
 delete mode 100644 charts/screenshots/QCOM/QCOM_Daily_20260514_045202.png
 create mode 100644 charts/screenshots/QCOM/QCOM_Daily_20260515_050011.png
 create mode 100644 charts/screenshots/QCOM/QCOM_Monthly_20260515_050011.png
 delete mode 100644 charts/screenshots/QCOM/QCOM_Weekly_20260514_045202.png
 create mode 100644 charts/screenshots/QCOM/QCOM_Weekly_20260515_050011.png
 delete mode 100644 charts/screenshots/QQQ/QQQ_1H_20260514_050306.png
 create mode 100644 charts/screenshots/QQQ/QQQ_1H_20260515_050952.png
 delete mode 100644 charts/screenshots/QQQ/QQQ_4H_20260514_050306.png
 create mode 100644 charts/screenshots/QQQ/QQQ_4H_20260515_050952.png
 delete mode 100644 charts/screenshots/QQQ/QQQ_Daily_20260514_050306.png
 create mode 100644 charts/screenshots/QQQ/QQQ_Daily_20260515_050952.png
 delete mode 100644 charts/screenshots/QQQ/QQQ_Monthly_20260514_050306.png
 create mode 100644 charts/screenshots/QQQ/QQQ_Monthly_20260515_050952.png
 delete mode 100644 charts/screenshots/QQQ/QQQ_Weekly_20260514_050306.png
 create mode 100644 charts/screenshots/QQQ/QQQ_Weekly_20260515_050952.png
 delete mode 100644 charts/screenshots/SBUX/SBUX_1H_20260514_045509.png
 create mode 100644 charts/screenshots/SBUX/SBUX_1H_20260515_045705.png
 delete mode 100644 charts/screenshots/SBUX/SBUX_4H_20260514_045509.png
 create mode 100644 charts/screenshots/SBUX/SBUX_4H_20260515_045705.png
 delete mode 100644 charts/screenshots/SBUX/SBUX_Daily_20260514_045509.png
 create mode 100644 charts/screenshots/SBUX/SBUX_Daily_20260515_045705.png
 delete mode 100644 charts/screenshots/SBUX/SBUX_Monthly_20260514_045509.png
 create mode 100644 charts/screenshots/SBUX/SBUX_Monthly_20260515_045705.png
 delete mode 100644 charts/screenshots/SBUX/SBUX_Weekly_20260514_045509.png
 create mode 100644 charts/screenshots/SBUX/SBUX_Weekly_20260515_045705.png
 delete mode 100644 charts/screenshots/SLB/SLB_1H_20260514_045030.png
 create mode 100644 charts/screenshots/SLB/SLB_1H_20260515_045909.png
 delete mode 100644 charts/screenshots/SLB/SLB_4H_20260514_045030.png
 create mode 100644 charts/screenshots/SLB/SLB_4H_20260515_045909.png
 delete mode 100644 charts/screenshots/SLB/SLB_Daily_20260514_045030.png
 create mode 100644 charts/screenshots/SLB/SLB_Daily_20260515_045909.png
 delete mode 100644 charts/screenshots/SLB/SLB_Monthly_20260514_045030.png
 create mode 100644 charts/screenshots/SLB/SLB_Monthly_20260515_045909.png
 delete mode 100644 charts/screenshots/SLB/SLB_Weekly_20260514_045030.png
 create mode 100644 charts/screenshots/SLB/SLB_Weekly_20260515_045909.png
 delete mode 100644 charts/screenshots/SNPS/SNPS_1H_20260514_045608.png
 create mode 100644 charts/screenshots/SNPS/SNPS_1H_20260515_050624.png
 delete mode 100644 charts/screenshots/SNPS/SNPS_4H_20260514_045608.png
 create mode 100644 charts/screenshots/SNPS/SNPS_4H_20260515_050624.png
 delete mode 100644 charts/screenshots/SNPS/SNPS_Daily_20260514_045608.png
 create mode 100644 charts/screenshots/SNPS/SNPS_Daily_20260515_050624.png
 delete mode 100644 charts/screenshots/SNPS/SNPS_Monthly_20260514_045608.png
 create mode 100644 charts/screenshots/SNPS/SNPS_Monthly_20260515_050624.png
 delete mode 100644 charts/screenshots/SNPS/SNPS_Weekly_20260514_045608.png
 create mode 100644 charts/screenshots/SNPS/SNPS_Weekly_20260515_050624.png
 delete mode 100644 charts/screenshots/SPY/SPY_1H_20260514_050235.png
 create mode 100644 charts/screenshots/SPY/SPY_1H_20260515_051531.png
 delete mode 100644 charts/screenshots/SPY/SPY_4H_20260514_050235.png
 create mode 100644 charts/screenshots/SPY/SPY_4H_20260515_051531.png
 delete mode 100644 charts/screenshots/SPY/SPY_Daily_20260514_050235.png
 create mode 100644 charts/screenshots/SPY/SPY_Daily_20260515_051531.png
 delete mode 100644 charts/screenshots/SPY/SPY_Monthly_20260514_050235.png
 create mode 100644 charts/screenshots/SPY/SPY_Monthly_20260515_051531.png
 delete mode 100644 charts/screenshots/SPY/SPY_Weekly_20260514_050235.png
 create mode 100644 charts/screenshots/SPY/SPY_Weekly_20260515_051531.png
 delete mode 100644 charts/screenshots/STX/STX_1H_20260514_050434.png
 create mode 100644 charts/screenshots/STX/STX_1H_20260515_051055.png
 delete mode 100644 charts/screenshots/STX/STX_4H_20260514_050434.png
 create mode 100644 charts/screenshots/STX/STX_4H_20260515_051055.png
 delete mode 100644 charts/screenshots/STX/STX_Daily_20260514_050434.png
 create mode 100644 charts/screenshots/STX/STX_Daily_20260515_051055.png
 delete mode 100644 charts/screenshots/STX/STX_Monthly_20260514_050434.png
 create mode 100644 charts/screenshots/STX/STX_Monthly_20260515_051055.png
 delete mode 100644 charts/screenshots/STX/STX_Weekly_20260514_050434.png
 create mode 100644 charts/screenshots/STX/STX_Weekly_20260515_051055.png
 delete mode 100644 charts/screenshots/TER/TER_1H_20260514_051914.png
 create mode 100644 charts/screenshots/TER/TER_1H_20260515_052542.png
 delete mode 100644 charts/screenshots/TER/TER_4H_20260514_051914.png
 create mode 100644 charts/screenshots/TER/TER_4H_20260515_052542.png
 delete mode 100644 charts/screenshots/TER/TER_Daily_20260514_051914.png
 create mode 100644 charts/screenshots/TER/TER_Daily_20260515_052542.png
 delete mode 100644 charts/screenshots/TER/TER_Monthly_20260514_051914.png
 create mode 100644 charts/screenshots/TER/TER_Monthly_20260515_052542.png
 delete mode 100644 charts/screenshots/TER/TER_Weekly_20260514_051914.png
 create mode 100644 charts/screenshots/TER/TER_Weekly_20260515_052542.png
 delete mode 100644 charts/screenshots/TMUS/TMUS_1H_20260514_052546.png
 delete mode 100644 charts/screenshots/TMUS/TMUS_4H_20260514_052546.png
 delete mode 100644 charts/screenshots/TMUS/TMUS_Daily_20260514_052546.png
 delete mode 100644 charts/screenshots/TMUS/TMUS_Monthly_20260514_052546.png
 delete mode 100644 charts/screenshots/TMUS/TMUS_Weekly_20260514_052546.png
 delete mode 100644 charts/screenshots/TSLA/TSLA_1H_20260514_050911.png
 create mode 100644 charts/screenshots/TSLA/TSLA_1H_20260515_050754.png
 delete mode 100644 charts/screenshots/TSLA/TSLA_4H_20260514_050911.png
 create mode 100644 charts/screenshots/TSLA/TSLA_4H_20260515_050754.png
 delete mode 100644 charts/screenshots/TSLA/TSLA_Daily_20260514_050911.png
 create mode 100644 charts/screenshots/TSLA/TSLA_Daily_20260515_050754.png
 delete mode 100644 charts/screenshots/TSLA/TSLA_Monthly_20260514_050911.png
 create mode 100644 charts/screenshots/TSLA/TSLA_Monthly_20260515_050754.png
 delete mode 100644 charts/screenshots/TSLA/TSLA_Weekly_20260514_050911.png
 create mode 100644 charts/screenshots/TSLA/TSLA_Weekly_20260515_050754.png
 delete mode 100644 charts/screenshots/TXN/TXN_1H_20260514_050604.png
 create mode 100644 charts/screenshots/TXN/TXN_1H_20260515_051257.png
 delete mode 100644 charts/screenshots/TXN/TXN_4H_20260514_050604.png
 create mode 100644 charts/screenshots/TXN/TXN_4H_20260515_051257.png
 delete mode 100644 charts/screenshots/TXN/TXN_Daily_20260514_050604.png
 create mode 100644 charts/screenshots/TXN/TXN_Daily_20260515_051257.png
 delete mode 100644 charts/screenshots/TXN/TXN_Monthly_20260514_050604.png
 create mode 100644 charts/screenshots/TXN/TXN_Monthly_20260515_051257.png
 delete mode 100644 charts/screenshots/TXN/TXN_Weekly_20260514_050604.png
 create mode 100644 charts/screenshots/TXN/TXN_Weekly_20260515_051257.png
 delete mode 100644 charts/screenshots/UNH/UNH_1H_20260514_051314.png
 create mode 100644 charts/screenshots/UNH/UNH_1H_20260515_051227.png
 delete mode 100644 charts/screenshots/UNH/UNH_4H_20260514_051314.png
 create mode 100644 charts/screenshots/UNH/UNH_4H_20260515_051227.png
 delete mode 100644 charts/screenshots/UNH/UNH_Daily_20260514_051314.png
 create mode 100644 charts/screenshots/UNH/UNH_Daily_20260515_051227.png
 delete mode 100644 charts/screenshots/UNH/UNH_Monthly_20260514_051314.png
 create mode 100644 charts/screenshots/UNH/UNH_Monthly_20260515_051227.png
 delete mode 100644 charts/screenshots/UNH/UNH_Weekly_20260514_051314.png
 create mode 100644 charts/screenshots/UNH/UNH_Weekly_20260515_051227.png
 delete mode 100644 charts/screenshots/UNP/UNP_1H_20260514_051516.png
 create mode 100644 charts/screenshots/UNP/UNP_1H_20260515_051559.png
 delete mode 100644 charts/screenshots/UNP/UNP_4H_20260514_051516.png
 create mode 100644 charts/screenshots/UNP/UNP_4H_20260515_051559.png
 delete mode 100644 charts/screenshots/UNP/UNP_Daily_20260514_051516.png
 create mode 100644 charts/screenshots/UNP/UNP_Daily_20260515_051559.png
 delete mode 100644 charts/screenshots/UNP/UNP_Monthly_20260514_051516.png
 create mode 100644 charts/screenshots/UNP/UNP_Monthly_20260515_051559.png
 delete mode 100644 charts/screenshots/UNP/UNP_Weekly_20260514_051516.png
 create mode 100644 charts/screenshots/UNP/UNP_Weekly_20260515_051559.png
 delete mode 100644 charts/screenshots/VLO/VLO_1H_20260514_051114.png
 create mode 100644 charts/screenshots/VLO/VLO_1H_20260515_051659.png
 delete mode 100644 charts/screenshots/VLO/VLO_4H_20260514_051114.png
 create mode 100644 charts/screenshots/VLO/VLO_4H_20260515_051659.png
 delete mode 100644 charts/screenshots/VLO/VLO_Daily_20260514_051114.png
 create mode 100644 charts/screenshots/VLO/VLO_Daily_20260515_051659.png
 delete mode 100644 charts/screenshots/VLO/VLO_Monthly_20260514_051114.png
 create mode 100644 charts/screenshots/VLO/VLO_Monthly_20260515_051659.png
 delete mode 100644 charts/screenshots/VLO/VLO_Weekly_20260514_051114.png
 create mode 100644 charts/screenshots/VLO/VLO_Weekly_20260515_051659.png
 delete mode 100644 charts/screenshots/WDC/WDC_1H_20260514_045131.png
 create mode 100644 charts/screenshots/WDC/WDC_1H_20260515_045807.png
 delete mode 100644 charts/screenshots/WDC/WDC_4H_20260514_045131.png
 create mode 100644 charts/screenshots/WDC/WDC_4H_20260515_045807.png
 delete mode 100644 charts/screenshots/WDC/WDC_Daily_20260514_045131.png
 create mode 100644 charts/screenshots/WDC/WDC_Daily_20260515_045807.png
 delete mode 100644 charts/screenshots/WDC/WDC_Monthly_20260514_045131.png
 create mode 100644 charts/screenshots/WDC/WDC_Monthly_20260515_045807.png
 delete mode 100644 charts/screenshots/WDC/WDC_Weekly_20260514_045131.png
 create mode 100644 charts/screenshots/WDC/WDC_Weekly_20260515_045807.png
 delete mode 100644 charts/screenshots/WMT/WMT_1H_20260514_050734.png
 create mode 100644 charts/screenshots/WMT/WMT_1H_20260515_051628.png
 delete mode 100644 charts/screenshots/WMT/WMT_4H_20260514_050734.png
 create mode 100644 charts/screenshots/WMT/WMT_4H_20260515_051628.png
 delete mode 100644 charts/screenshots/WMT/WMT_Daily_20260514_050734.png
 create mode 100644 charts/screenshots/WMT/WMT_Daily_20260515_051628.png
 delete mode 100644 charts/screenshots/WMT/WMT_Monthly_20260514_050734.png
 create mode 100644 charts/screenshots/WMT/WMT_Monthly_20260515_051628.png
 delete mode 100644 charts/screenshots/WMT/WMT_Weekly_20260514_050734.png
 create mode 100644 charts/screenshots/WMT/WMT_Weekly_20260515_051628.png
 delete mode 100644 charts/screenshots/XOM/XOM_1H_20260514_053022.png
 create mode 100644 charts/screenshots/XOM/XOM_1H_20260515_053838.png
 delete mode 100644 charts/screenshots/XOM/XOM_4H_20260514_053022.png
 create mode 100644 charts/screenshots/XOM/XOM_4H_20260515_053838.png
 delete mode 100644 charts/screenshots/XOM/XOM_Daily_20260514_053022.png
 create mode 100644 charts/screenshots/XOM/XOM_Daily_20260515_053838.png
 delete mode 100644 charts/screenshots/XOM/XOM_Monthly_20260514_053022.png
 create mode 100644 charts/screenshots/XOM/XOM_Monthly_20260515_053838.png
 delete mode 100644 charts/screenshots/XOM/XOM_Weekly_20260514_053022.png
 create mode 100644 charts/screenshots/XOM/XOM_Weekly_20260515_053838.png
[[SP500 차트분석]] GitHub 푸시 완료
[[SP500 차트분석]] Google Sheets 업데이트 완료
[Paper Trading] SP500 ranked_df 스냅샷 저장 완료 (130개 종목)

[요약] 파이프라인 완료 – 총 3523.7초 (58.73분) 소요
