============================================================
[Unified Paper Trading] SP500 + NASDAQ/NYSE 통합 실행 시작
============================================================
2026-09-26 08:32:56,446 [INFO] paper_trading.runner — [Runner] SP500 snapshot 로드: 128개 종목
[Unified PT] SP500 snapshot 로드: 128개 종목
2026-09-26 08:32:56,454 [INFO] paper_trading.runner — [Runner] NASDAQ snapshot 로드: 217개 종목
[Unified PT] NASDAQ snapshot 로드: 217개 종목
[Unified PT] 합산 완료: 336개 종목 (SP500 128 + NASDAQ 217개, 중복 제거 후)
[Unified PT] 골든크로스임박 종목: 55개
2026-09-26 08:32:57,290 [INFO] paper_trading.candidate_selector — [전략점수 분포] ~4.0: 105 | 4.0~5.0: 32 | 5.0~5.5: 41 | 5.5~6.0: 48 | 6.0+: 110
2026-09-26 08:32:57,303 [INFO] paper_trading.candidate_selector — [CandidateSelector] Regime=bull | Filtered=5/336 | Selected: RBLX (CCS=0.4836)
2026-09-26 08:32:57,313 [INFO] paper_trading.engine — [PaperTrading] 교체 기준 미달 — 매수 안 함
[Unified PT] 매도=0 매수=0 보유=3종목
[Unified PT] 레짐=bull | 필터={'전략점수<6.0': 226, '바닥반등_52주과열': 3, '판단등급_미달': 97, '과열_차단': 2, '유동성_부족': 0, '어닝_임박': 0, '보유_중복': 0, '모멘텀_ADX부족': 2, '바닥_RSI데드존': 1, '섹터_집중': 0, '_통과': 5, '_전체': 336}
[Unified PT] 스킵 사유: 교체_미달
[Unified PT] Top5 후보:
  ABNB   CCS=0.4922 전략=📈 모멘텀 섹터=Consumer Cyclical
  RBLX   CCS=0.4836 전략=📈 모멘텀 섹터=Communication Services
  BRBR   CCS=0.4706 전략=📉 바닥반등 섹터=Consumer Defensive
  CAR    CCS=0.4416 전략=📉 바닥반등 섹터=Industrials
  GENI   CCS=0.4272 전략=📉 바닥반등 섹터=Communication Services
2026-09-26 08:32:59,002 [INFO] paper_trading.sheet_sync — [SheetSync] 포지션현황 업데이트: 3개 종목
2026-09-26 08:33:00,183 [INFO] paper_trading.sheet_sync — [SheetSync] 성과요약 업데이트: 49건 거래
[Unified PT] 구글 시트 동기화 완료
[시장분석] 59개 종목 데이터 수집 중...
[시장분석] enrichment 완료
[Email] 페이퍼 트레이딩 알림 발송 완료 (매도 0건, 매수 0건, 재평가 0건, 재평가실패 0건, 후보 5건) → chunghwan14@gmail.com, roykim0311@gmail.com, ssamjungtan@naver.com
============================================================
[Unified Paper Trading] 완료
============================================================
