============================================================
[1단계] 전 종목 리스트 수집 및 기본 필터링
============================================================
[ticker_fetcher] 나스닥 FTP 서버에서 종목 리스트 다운로드 중...
[ticker_fetcher] 총 7376개 종목 로드 → 비표준 심볼 1175개 제거 → 6201개 보통주
[ticker_fetcher] 1단계 필터링 배치 1/42 (150개 종목)...
[ticker_fetcher] 1단계 필터링 배치 2/42 (150개 종목)...
[ticker_fetcher] 1단계 필터링 배치 3/42 (150개 종목)...
[ticker_fetcher] 1단계 필터링 배치 4/42 (150개 종목)...
[ticker_fetcher] 1단계 필터링 배치 5/42 (150개 종목)...
[ticker_fetcher] 1단계 필터링 배치 6/42 (150개 종목)...
[ticker_fetcher] 1단계 필터링 배치 7/42 (150개 종목)...
[ticker_fetcher] 1단계 필터링 배치 8/42 (150개 종목)...
[ticker_fetcher] 1단계 필터링 배치 9/42 (150개 종목)...
[ticker_fetcher] 1단계 필터링 배치 10/42 (150개 종목)...
[ticker_fetcher] 1단계 필터링 배치 11/42 (150개 종목)...
[ticker_fetcher] 1단계 필터링 배치 12/42 (150개 종목)...
[ticker_fetcher] 1단계 필터링 배치 13/42 (150개 종목)...
[ticker_fetcher] 1단계 필터링 배치 14/42 (150개 종목)...
[ticker_fetcher] 1단계 필터링 배치 15/42 (150개 종목)...
[ticker_fetcher] 1단계 필터링 배치 16/42 (150개 종목)...
[ticker_fetcher] 1단계 필터링 배치 17/42 (150개 종목)...
[ticker_fetcher] 1단계 필터링 배치 18/42 (150개 종목)...
[ticker_fetcher] 1단계 필터링 배치 19/42 (150개 종목)...
[ticker_fetcher] 1단계 필터링 배치 20/42 (150개 종목)...
[ticker_fetcher] 1단계 필터링 배치 21/42 (150개 종목)...
[ticker_fetcher] 1단계 필터링 배치 22/42 (150개 종목)...
[ticker_fetcher] 1단계 필터링 배치 23/42 (150개 종목)...
[ticker_fetcher] 1단계 필터링 배치 24/42 (150개 종목)...
[ticker_fetcher] 1단계 필터링 배치 25/42 (150개 종목)...
[ticker_fetcher] 1단계 필터링 배치 26/42 (150개 종목)...
[ticker_fetcher] 1단계 필터링 배치 27/42 (150개 종목)...
[ticker_fetcher] 1단계 필터링 배치 28/42 (150개 종목)...
[ticker_fetcher] 1단계 필터링 배치 29/42 (150개 종목)...
[ticker_fetcher] 1단계 필터링 배치 30/42 (150개 종목)...
[ticker_fetcher] 1단계 필터링 배치 31/42 (150개 종목)...
[ticker_fetcher] 1단계 필터링 배치 32/42 (150개 종목)...
[ticker_fetcher] 1단계 필터링 배치 33/42 (150개 종목)...
[ticker_fetcher] 1단계 필터링 배치 34/42 (150개 종목)...
[ticker_fetcher] 1단계 필터링 배치 35/42 (150개 종목)...
[ticker_fetcher] 1단계 필터링 배치 36/42 (150개 종목)...
[ticker_fetcher] 1단계 필터링 배치 37/42 (150개 종목)...
[ticker_fetcher] 1단계 필터링 배치 38/42 (150개 종목)...
[ticker_fetcher] 1단계 필터링 배치 39/42 (150개 종목)...
[ticker_fetcher] 1단계 필터링 배치 40/42 (150개 종목)...
[ticker_fetcher] 1단계 필터링 배치 41/42 (150개 종목)...
[ticker_fetcher] 1단계 필터링 배치 42/42 (51개 종목)...
[ticker_fetcher] 1단계 필터링 완료: 6201개 → 4101개 (가격 ≥ $1.0, 평균 거래량 ≥ 100,000)

============================================================
[2단계] 바닥 탈출 / 강세 돌파 후보 선별
============================================================
[2단계] 배치 1/28 (150개 종목 분석 중)...
[2단계] 배치 2/28 (150개 종목 분석 중)...
[2단계] 배치 3/28 (150개 종목 분석 중)...
[2단계] 배치 4/28 (150개 종목 분석 중)...
[2단계] 배치 5/28 (150개 종목 분석 중)...
[2단계] 배치 6/28 (150개 종목 분석 중)...
[2단계] 배치 7/28 (150개 종목 분석 중)...
[2단계] 배치 8/28 (150개 종목 분석 중)...
[2단계] 배치 9/28 (150개 종목 분석 중)...
[2단계] 배치 10/28 (150개 종목 분석 중)...
[2단계] 배치 11/28 (150개 종목 분석 중)...
[2단계] 배치 12/28 (150개 종목 분석 중)...
[2단계] 배치 13/28 (150개 종목 분석 중)...
[2단계] 배치 14/28 (150개 종목 분석 중)...
[2단계] 배치 15/28 (150개 종목 분석 중)...
[2단계] 배치 16/28 (150개 종목 분석 중)...
[2단계] 배치 17/28 (150개 종목 분석 중)...
[2단계] 배치 18/28 (150개 종목 분석 중)...
[2단계] 배치 19/28 (150개 종목 분석 중)...
[2단계] 배치 20/28 (150개 종목 분석 중)...
[2단계] 배치 21/28 (150개 종목 분석 중)...
[2단계] 배치 22/28 (150개 종목 분석 중)...
[2단계] 배치 23/28 (150개 종목 분석 중)...
[2단계] 배치 24/28 (150개 종목 분석 중)...
[2단계] 배치 25/28 (150개 종목 분석 중)...
[2단계] 배치 26/28 (150개 종목 분석 중)...
[2단계] 배치 27/28 (150개 종목 분석 중)...
[2단계] 배치 28/28 (51개 종목 분석 중)...
[2단계] 필터링 완료: 4101개 → 874개 후보 선별

============================================================
[3단계] 874개 후보 종목 정밀 분석
============================================================
[[NASDAQ/NYSE 분석]] 강한 섹터: {'Industrials', 'Financials', 'Information Technology', 'Materials'}
[[NASDAQ/NYSE 분석]] Extreme model 'label_low' ROC 0.59, AP 0.48
[[NASDAQ/NYSE 분석]] Extreme model 'label_high' ROC 0.63, AP 0.48
[[NASDAQ/NYSE 분석]] Google Sheets 업데이트 완료 (219개 종목)
[Email] 바닥반등 33개 + 모멘텀 111개 = 총 144개 종목 리스트를 chunghwan14@gmail.com로 발송 완료

============================================================
[[NASDAQ/NYSE 차트분석]] 이메일 대상 종목 차트 분석 시작
============================================================
[[NASDAQ/NYSE 차트분석]] 차트분석 대상 144개 종목: ['ALM', 'WULF', 'PRIM', 'FIX', 'CAR', 'BBD', 'ELVN', 'SMR', 'TRI', 'CC', 'VRDN', 'PCTY', 'GLW', 'ZS', 'OPEN', 'GWRE', 'AXON', 'TSEM', 'TWST', 'PLXS', 'BW', 'IESC', 'AEHR', 'TER', 'SNX', 'TTMI', 'NOK', 'SNAL', 'AIXI', 'AIR', 'ENTG', 'ASX', 'HUBB', 'ANNA', 'SATS', 'COIN', 'APLS', 'FRMI', 'CSGP', 'MTZ', 'VRT', 'SGML', 'INTC', 'KLAC', 'VALE', 'GSAT', 'IRDM', 'MRX', 'DELL', 'ESTC', 'CRUS', 'LUNR', 'DOCS', 'STT', 'MTSI', 'JBL', 'CNTA', 'INTU', 'NOW', 'TEAM', 'FIG', 'NVMI', 'WCC', 'DOCU', 'HUT', 'AXTI', 'BE', 'VSEC', 'SNEX', 'MPWR', 'POWL', 'GEV', 'SRRK', 'ESE', 'CRS', 'AEIS', 'NBIS', 'SATL', 'COHR', 'SQM', 'FCX', 'DNTH', 'Z', 'WDAY', 'ON', 'FLEX', 'TVTX', 'TNGX', 'FN', 'ARW', 'VIRT', 'SIDU', 'MRVL', 'STX', 'MNDY', 'FORM', 'APPF', 'C', 'ITUB', 'DBD', 'AMKR', 'DUOL', 'UCTT', 'KVYO', 'APGE', 'TTD', 'STM', 'ENS', 'MYRG', 'ESI', 'ONTO', 'ERAS', 'ORKA', 'MOD', 'AGX', 'TTAN', 'ACLS', 'SPHR', 'MKSI', 'HUBS', 'NVT', 'NUE', 'CSTM', 'LFUS', 'SNOW', 'ITT', 'LWLG', 'ECG', 'AAOI', 'KOD', 'CLS', 'SRPT', 'SYRE', 'LSCC', 'UGRO', 'RVMD', 'BRBR', 'PARR', 'FICO', 'WDC', 'LRCX', 'SNDK', 'SITM', 'BATL']
[[NASDAQ/NYSE 차트분석]] Google Sheets 업데이트 완료 (144개 종목)
[Paper Trading] NASDAQ ranked_df 스냅샷 저장 완료 (219개 종목)

[요약] 전 종목 스캔 완료 – 총 2070.9초 (34.51분) 소요
