============================================================
[Unified Paper Trading] SP500 + NASDAQ/NYSE 통합 실행 시작
============================================================
2026-04-14 23:23:33,910 [INFO] paper_trading.runner — [Runner] SP500 snapshot 로드: 130개 종목
[Unified PT] SP500 snapshot 로드: 130개 종목
2026-04-14 23:23:33,917 [INFO] paper_trading.runner — [Runner] NASDAQ snapshot 로드: 219개 종목
[Unified PT] NASDAQ snapshot 로드: 219개 종목
[Unified PT] 합산 완료: 333개 종목 (SP500 130 + NASDAQ 219개, 중복 제거 후)
2026-04-14 23:23:34,839 [INFO] paper_trading.engine — [PaperTrading] SELL BULL @ 5.82 (목표가(+20.7%))
2026-04-14 23:23:34,844 [INFO] paper_trading.candidate_selector — [전략점수 분포] ~4.0: 100 | 4.0~5.0: 31 | 5.0~5.5: 19 | 5.5~6.0: 26 | 6.0+: 157
2026-04-14 23:23:34,856 [INFO] paper_trading.candidate_selector — [CandidateSelector] Regime=bull | Filtered=2/333 | Selected: MPWR (CCS=0.5315)
2026-04-14 23:23:34,857 [INFO] paper_trading.engine — [PaperTrading] BUY MPWR @ 1363.42 (CCS=0.5315)
[Unified PT] 매도=1 매수=1 보유=3종목
[Unified PT] 레짐=bull | 필터={'전략점수<6.0': 176, '바닥반등_52주과열': 0, '판단등급_미달': 141, '과열_차단': 11, '유동성_부족': 0, '어닝_임박': 0, '보유_중복': 0, '모멘텀_ADX부족': 2, '바닥_RSI데드존': 1, '섹터_집중': 0, '_통과': 2, '_전체': 333}
[Unified PT] Top5 후보:
  MPWR   CCS=0.5315 전략=📈 모멘텀 섹터=Technology
2026-04-14 23:23:36,268 [INFO] paper_trading.sheet_sync — [SheetSync] 거래로그 append: SELL BULL
2026-04-14 23:23:37,342 [INFO] paper_trading.sheet_sync — [SheetSync] 거래로그 append: BUY MPWR
2026-04-14 23:23:38,541 [INFO] paper_trading.sheet_sync — [SheetSync] 포지션현황 업데이트: 3개 종목
2026-04-14 23:23:39,700 [INFO] paper_trading.sheet_sync — [SheetSync] 성과요약 업데이트: 1건 거래
[Unified PT] 구글 시트 동기화 완료
2026-04-14 23:23:40,032 [INFO] matplotlib.font_manager — Failed to extract font properties from /usr/share/fonts/truetype/noto/NotoColorEmoji.ttf: Can not load face (unknown file format; error code 0x2)
2026-04-14 23:23:40,067 [INFO] matplotlib.font_manager — generated new fontManager
2026-04-14 23:23:40,903 [WARNING] fpdf.output — Font MPDFAA+NanumGothic is missing the following glyphs: '📈' (\U0001f4c8), '📉' (\U0001f4c9)
2026-04-14 23:23:40,905 [INFO] fontTools.subset — maxp pruned
2026-04-14 23:23:40,906 [INFO] fontTools.subset — cmap pruned
2026-04-14 23:23:40,906 [INFO] fontTools.subset — post pruned
2026-04-14 23:23:40,907 [INFO] fontTools.subset — DSIG dropped
2026-04-14 23:23:40,907 [INFO] fontTools.subset — GPOS dropped
2026-04-14 23:23:40,907 [INFO] fontTools.subset — GSUB dropped
2026-04-14 23:23:40,907 [INFO] fontTools.subset — glyf pruned
2026-04-14 23:23:40,908 [INFO] fontTools.subset — Added gid0 to subset
2026-04-14 23:23:40,908 [INFO] fontTools.subset — Added first four glyphs to subset
2026-04-14 23:23:40,908 [INFO] fontTools.subset — Closing glyph list over 'glyf': 86 glyphs before
2026-04-14 23:23:40,908 [INFO] fontTools.subset — Glyph names: ['.notdef', 'A', 'B', 'C', 'D', 'E', 'F', 'G', 'H', 'I', 'L', 'M', 'N', 'O', 'P', 'Q', 'R', 'S', 'T', 'U', 'V', 'W', 'Y', 'a', 'arrowright', 'b', 'bar', 'c', 'colon', 'comma', 'copyright', 'd', 'dollar', 'e', 'eight', 'emdash', 'exclam', 'f', 'five', 'four', 'g', 'h', 'hyphen', 'i', 'k', 'l', 'm', 'n', 'nine', 'numbersign', 'o', 'one', 'p', 'parenleft', 'parenright', 'percent', 'period', 'periodcentered', 'plus', 'quotedbl', 'r', 's', 'seven', 'six', 'slash', 'space', 't', 'three', 'triagup', 'two', 'u', 'uniAC00', 'uniB2E5', 'uniB4F1', 'uniBA58', 'uniBAA8', 'uniBAA9', 'uniBC14', 'uniBC18', 'uniD140', 'uniD45C', 'v', 'w', 'x', 'y', 'zero']
2026-04-14 23:23:40,908 [INFO] fontTools.subset — Glyph IDs:   [0, 1, 2, 3, 4, 5, 8, 9, 11, 12, 13, 14, 15, 16, 17, 18, 19, 20, 21, 22, 23, 24, 25, 26, 33, 34, 35, 36, 37, 38, 39, 40, 41, 44, 45, 46, 47, 48, 49, 50, 51, 52, 53, 54, 55, 57, 64, 65, 66, 67, 68, 69, 70, 71, 72, 74, 75, 76, 77, 78, 79, 81, 82, 83, 84, 85, 86, 87, 88, 91, 96, 99, 104, 159, 162, 495, 928, 1042, 1310, 1326, 1327, 1397, 1401, 2518, 2661, 13296]
2026-04-14 23:23:40,909 [INFO] fontTools.subset — Closed glyph list over 'glyf': 86 glyphs after
2026-04-14 23:23:40,909 [INFO] fontTools.subset — Glyph names: ['.notdef', 'A', 'B', 'C', 'D', 'E', 'F', 'G', 'H', 'I', 'L', 'M', 'N', 'O', 'P', 'Q', 'R', 'S', 'T', 'U', 'V', 'W', 'Y', 'a', 'arrowright', 'b', 'bar', 'c', 'colon', 'comma', 'copyright', 'd', 'dollar', 'e', 'eight', 'emdash', 'exclam', 'f', 'five', 'four', 'g', 'h', 'hyphen', 'i', 'k', 'l', 'm', 'n', 'nine', 'numbersign', 'o', 'one', 'p', 'parenleft', 'parenright', 'percent', 'period', 'periodcentered', 'plus', 'quotedbl', 'r', 's', 'seven', 'six', 'slash', 'space', 't', 'three', 'triagup', 'two', 'u', 'uniAC00', 'uniB2E5', 'uniB4F1', 'uniBA58', 'uniBAA8', 'uniBAA9', 'uniBC14', 'uniBC18', 'uniD140', 'uniD45C', 'v', 'w', 'x', 'y', 'zero']
2026-04-14 23:23:40,909 [INFO] fontTools.subset — Glyph IDs:   [0, 1, 2, 3, 4, 5, 8, 9, 11, 12, 13, 14, 15, 16, 17, 18, 19, 20, 21, 22, 23, 24, 25, 26, 33, 34, 35, 36, 37, 38, 39, 40, 41, 44, 45, 46, 47, 48, 49, 50, 51, 52, 53, 54, 55, 57, 64, 65, 66, 67, 68, 69, 70, 71, 72, 74, 75, 76, 77, 78, 79, 81, 82, 83, 84, 85, 86, 87, 88, 91, 96, 99, 104, 159, 162, 495, 928, 1042, 1310, 1326, 1327, 1397, 1401, 2518, 2661, 13296]
2026-04-14 23:23:40,909 [INFO] fontTools.subset — Retaining 86 glyphs
2026-04-14 23:23:40,910 [INFO] fontTools.subset — head subsetting not needed
2026-04-14 23:23:40,910 [INFO] fontTools.subset — hhea subsetting not needed
2026-04-14 23:23:40,910 [INFO] fontTools.subset — maxp subsetting not needed
2026-04-14 23:23:40,910 [INFO] fontTools.subset — OS/2 subsetting not needed
2026-04-14 23:23:40,910 [INFO] fontTools.subset — hmtx subsetted
2026-04-14 23:23:40,912 [INFO] fontTools.subset — cmap subsetted
2026-04-14 23:23:40,912 [INFO] fontTools.subset — fpgm subsetting not needed
2026-04-14 23:23:40,912 [INFO] fontTools.subset — prep subsetting not needed
2026-04-14 23:23:40,912 [INFO] fontTools.subset — cvt  subsetting not needed
2026-04-14 23:23:40,912 [INFO] fontTools.subset — loca subsetting not needed
2026-04-14 23:23:40,912 [INFO] fontTools.subset — post subsetted
2026-04-14 23:23:40,912 [INFO] fontTools.subset — gasp subsetting not needed
2026-04-14 23:23:40,912 [INFO] fontTools.subset — name subsetting not needed
2026-04-14 23:23:40,914 [INFO] fontTools.subset — glyf subsetted
2026-04-14 23:23:40,915 [INFO] fontTools.subset — head pruned
2026-04-14 23:23:40,915 [INFO] fontTools.subset — OS/2 Unicode ranges pruned: [0, 1, 31, 37, 45, 56]
2026-04-14 23:23:40,915 [INFO] fontTools.subset — OS/2 CodePage ranges pruned: [0]
2026-04-14 23:23:40,916 [INFO] fontTools.subset — glyf pruned
2026-04-14 23:23:40,917 [INFO] fontTools.subset — name pruned
2026-04-14 23:23:40,933 [WARNING] fpdf.output — Font MPDFAA+NanumGothicBold is missing the following glyphs: '📉' (\U0001f4c9), '📈' (\U0001f4c8)
2026-04-14 23:23:40,933 [INFO] fontTools.subset — maxp pruned
2026-04-14 23:23:40,933 [INFO] fontTools.subset — cmap pruned
2026-04-14 23:23:40,934 [INFO] fontTools.subset — post pruned
2026-04-14 23:23:40,934 [INFO] fontTools.subset — DSIG dropped
2026-04-14 23:23:40,934 [INFO] fontTools.subset — GPOS dropped
2026-04-14 23:23:40,934 [INFO] fontTools.subset — GSUB dropped
2026-04-14 23:23:40,934 [INFO] fontTools.subset — glyf pruned
2026-04-14 23:23:40,935 [INFO] fontTools.subset — Added gid0 to subset
2026-04-14 23:23:40,935 [INFO] fontTools.subset — Added first four glyphs to subset
2026-04-14 23:23:40,935 [INFO] fontTools.subset — Closing glyph list over 'glyf': 96 glyphs before
2026-04-14 23:23:40,935 [INFO] fontTools.subset — Glyph names: ['.notdef', 'A', 'B', 'C', 'D', 'E', 'F', 'G', 'H', 'I', 'J', 'K', 'L', 'M', 'N', 'O', 'P', 'Q', 'R', 'S', 'T', 'U', 'V', 'W', 'X', 'Y', 'Z', 'a', 'ampersand', 'b', 'c', 'colon', 'd', 'dollar', 'e', 'eight', 'equal', 'exclam', 'f', 'five', 'four', 'g', 'h', 'hyphen', 'i', 'j', 'k', 'l', 'm', 'n', 'nine', 'numbersign', 'o', 'one', 'p', 'parenleft', 'parenright', 'percent', 'period', 'periodcentered', 'plus', 'q', 'quotedbl', 'quotesingle', 'r', 's', 'seven', 'six', 'slash', 'space', 't', 'three', 'two', 'u', 'uni2605', 'uniADDC', 'uniB2E5', 'uniB4F1', 'uniB9E4', 'uniBA58', 'uniBAA8', 'uniBC14', 'uniBC18', 'uniBC30', 'uniC218', 'uniC2E0', 'uniC5F4', 'uniC644', 'uniC804', 'uniC815', 'uniD140', 'v', 'w', 'x', 'y', 'zero']
2026-04-14 23:23:40,935 [INFO] fontTools.subset — Glyph IDs:   [0, 1, 2, 3, 4, 5, 6, 7, 8, 9, 11, 13, 14, 15, 16, 17, 18, 19, 20, 21, 22, 23, 24, 25, 26, 29, 33, 34, 35, 36, 37, 38, 39, 40, 41, 42, 43, 44, 45, 46, 47, 48, 49, 50, 51, 52, 53, 54, 55, 56, 57, 58, 64, 65, 66, 67, 68, 69, 70, 71, 72, 73, 74, 75, 76, 77, 78, 79, 80, 81, 82, 83, 84, 85, 86, 87, 88, 99, 150, 638, 926, 1040, 1281, 1308, 1324, 1395, 1399, 1410, 1706, 1751, 1915, 1949, 2088, 2094, 2516, 13533]
2026-04-14 23:23:40,936 [INFO] fontTools.subset — Closed glyph list over 'glyf': 96 glyphs after
2026-04-14 23:23:40,936 [INFO] fontTools.subset — Glyph names: ['.notdef', 'A', 'B', 'C', 'D', 'E', 'F', 'G', 'H', 'I', 'J', 'K', 'L', 'M', 'N', 'O', 'P', 'Q', 'R', 'S', 'T', 'U', 'V', 'W', 'X', 'Y', 'Z', 'a', 'ampersand', 'b', 'c', 'colon', 'd', 'dollar', 'e', 'eight', 'equal', 'exclam', 'f', 'five', 'four', 'g', 'h', 'hyphen', 'i', 'j', 'k', 'l', 'm', 'n', 'nine', 'numbersign', 'o', 'one', 'p', 'parenleft', 'parenright', 'percent', 'period', 'periodcentered', 'plus', 'q', 'quotedbl', 'quotesingle', 'r', 's', 'seven', 'six', 'slash', 'space', 't', 'three', 'two', 'u', 'uni2605', 'uniADDC', 'uniB2E5', 'uniB4F1', 'uniB9E4', 'uniBA58', 'uniBAA8', 'uniBC14', 'uniBC18', 'uniBC30', 'uniC218', 'uniC2E0', 'uniC5F4', 'uniC644', 'uniC804', 'uniC815', 'uniD140', 'v', 'w', 'x', 'y', 'zero']
2026-04-14 23:23:40,936 [INFO] fontTools.subset — Glyph IDs:   [0, 1, 2, 3, 4, 5, 6, 7, 8, 9, 11, 13, 14, 15, 16, 17, 18, 19, 20, 21, 22, 23, 24, 25, 26, 29, 33, 34, 35, 36, 37, 38, 39, 40, 41, 42, 43, 44, 45, 46, 47, 48, 49, 50, 51, 52, 53, 54, 55, 56, 57, 58, 64, 65, 66, 67, 68, 69, 70, 71, 72, 73, 74, 75, 76, 77, 78, 79, 80, 81, 82, 83, 84, 85, 86, 87, 88, 99, 150, 638, 926, 1040, 1281, 1308, 1324, 1395, 1399, 1410, 1706, 1751, 1915, 1949, 2088, 2094, 2516, 13533]
2026-04-14 23:23:40,936 [INFO] fontTools.subset — Retaining 96 glyphs
2026-04-14 23:23:40,937 [INFO] fontTools.subset — head subsetting not needed
2026-04-14 23:23:40,937 [INFO] fontTools.subset — hhea subsetting not needed
2026-04-14 23:23:40,937 [INFO] fontTools.subset — maxp subsetting not needed
2026-04-14 23:23:40,937 [INFO] fontTools.subset — OS/2 subsetting not needed
2026-04-14 23:23:40,937 [INFO] fontTools.subset — hmtx subsetted
2026-04-14 23:23:40,939 [INFO] fontTools.subset — cmap subsetted
2026-04-14 23:23:40,939 [INFO] fontTools.subset — fpgm subsetting not needed
2026-04-14 23:23:40,939 [INFO] fontTools.subset — prep subsetting not needed
2026-04-14 23:23:40,939 [INFO] fontTools.subset — cvt  subsetting not needed
2026-04-14 23:23:40,939 [INFO] fontTools.subset — loca subsetting not needed
2026-04-14 23:23:40,939 [INFO] fontTools.subset — post subsetted
2026-04-14 23:23:40,939 [INFO] fontTools.subset — gasp subsetting not needed
2026-04-14 23:23:40,939 [INFO] fontTools.subset — name subsetting not needed
2026-04-14 23:23:40,942 [INFO] fontTools.subset — glyf subsetted
2026-04-14 23:23:40,942 [INFO] fontTools.subset — head pruned
2026-04-14 23:23:40,942 [INFO] fontTools.subset — OS/2 Unicode ranges pruned: [0, 1, 46, 56]
2026-04-14 23:23:40,942 [INFO] fontTools.subset — OS/2 CodePage ranges pruned: [0]
2026-04-14 23:23:40,943 [INFO] fontTools.subset — glyf pruned
2026-04-14 23:23:40,944 [INFO] fontTools.subset — name pruned
[Unified PT] PDF 리포트 생성 완료 (109,403 bytes)
[Email] 페이퍼 트레이딩 알림 발송 완료 (PDF 첨부) (매도 1건, 매수 1건, 후보 1건) → chunghwan14@gmail.com
============================================================
[Unified Paper Trading] 완료
============================================================
