============================================================
[Unified Paper Trading] SP500 + NASDAQ/NYSE 통합 실행 시작
============================================================
2026-09-21 08:49:59,759 [INFO] paper_trading.runner — [Runner] SP500 snapshot 로드: 128개 종목
[Unified PT] SP500 snapshot 로드: 128개 종목
2026-09-21 08:49:59,770 [INFO] paper_trading.runner — [Runner] NASDAQ snapshot 로드: 216개 종목
[Unified PT] NASDAQ snapshot 로드: 216개 종목
[Unified PT] 합산 완료: 334개 종목 (SP500 128 + NASDAQ 216개, 중복 제거 후)
[Unified PT] 골든크로스임박 종목: 38개
2026-09-21 08:50:00,644 [INFO] paper_trading.candidate_selector — [전략점수 분포] ~4.0: 94 | 4.0~5.0: 32 | 5.0~5.5: 49 | 5.5~6.0: 38 | 6.0+: 121
2026-09-21 08:50:00,659 [INFO] paper_trading.candidate_selector — [CandidateSelector] Regime=bull | Filtered=5/334 | Selected: DASH (CCS=0.5225)
2026-09-21 08:50:00,669 [INFO] paper_trading.engine — [PaperTrading] 교체 기준 미달 — 매수 안 함
[Unified PT] 매도=0 매수=0 보유=3종목
[Unified PT] 레짐=bull | 필터={'전략점수<6.0': 213, '바닥반등_52주과열': 2, '판단등급_미달': 102, '과열_차단': 7, '유동성_부족': 0, '어닝_임박': 0, '보유_중복': 2, '모멘텀_ADX부족': 2, '바닥_RSI데드존': 1, '섹터_집중': 0, '_통과': 5, '_전체': 334}
[Unified PT] 스킵 사유: 교체_미달
[Unified PT] Top5 후보:
  TTAN   CCS=0.5412 전략=📉 바닥반등 섹터=Technology
  DASH   CCS=0.5225 전략=📈 모멘텀 섹터=Consumer Cyclical
  BKNG   CCS=0.5225 전략=📉 바닥반등 섹터=Consumer Cyclical
  PL     CCS=0.5056 전략=📉 바닥반등 섹터=Industrials
  PONY   CCS=0.4753 전략=📉 바닥반등 섹터=Technology
2026-09-21 08:50:02,338 [INFO] paper_trading.sheet_sync — [SheetSync] 포지션현황 업데이트: 3개 종목
2026-09-21 08:50:03,968 [INFO] paper_trading.sheet_sync — [SheetSync] 성과요약 업데이트: 48건 거래
[Unified PT] 구글 시트 동기화 완료
[시장분석] 42개 종목 데이터 수집 중...
2026-09-21 08:50:10,450 [WARNING] data.fetch — [fetch_analyst_data] TTAN: 'dict' object has no attribute 'empty'
2026-09-21 08:50:10,465 [WARNING] data.fetch — [fetch_analyst_data] PONY: 'dict' object has no attribute 'empty'
2026-09-21 08:50:10,473 [WARNING] data.fetch — [fetch_analyst_data] DASH: 'dict' object has no attribute 'empty'
2026-09-21 08:50:10,507 [WARNING] data.fetch — [fetch_analyst_data] BKNG: 'dict' object has no attribute 'empty'
2026-09-21 08:50:10,535 [WARNING] data.fetch — [fetch_analyst_data] PL: 'dict' object has no attribute 'empty'
2026-09-21 08:50:16,854 [WARNING] data.fetch — [fetch_analyst_data] SPGI: 'dict' object has no attribute 'empty'
2026-09-21 08:50:16,872 [WARNING] data.fetch — [fetch_analyst_data] FIG: 'dict' object has no attribute 'empty'
2026-09-21 08:50:16,889 [WARNING] data.fetch — [fetch_analyst_data] DIS: 'dict' object has no attribute 'empty'
2026-09-21 08:50:16,895 [WARNING] data.fetch — [fetch_analyst_data] ADBE: 'dict' object has no attribute 'empty'
2026-09-21 08:50:16,971 [WARNING] data.fetch — [fetch_analyst_data] T: 'dict' object has no attribute 'empty'
2026-09-21 08:50:23,202 [WARNING] data.fetch — [fetch_analyst_data] MMYT: 'dict' object has no attribute 'empty'
2026-09-21 08:50:23,232 [WARNING] data.fetch — [fetch_analyst_data] MNDY: 'dict' object has no attribute 'empty'
2026-09-21 08:50:23,258 [WARNING] data.fetch — [fetch_analyst_data] WIX: 'dict' object has no attribute 'empty'
2026-09-21 08:50:23,265 [WARNING] data.fetch — [fetch_analyst_data] MELI: 'dict' object has no attribute 'empty'
2026-09-21 08:50:23,378 [WARNING] data.fetch — [fetch_analyst_data] COF: 'dict' object has no attribute 'empty'
2026-09-21 08:50:29,604 [WARNING] data.fetch — [fetch_analyst_data] META: 'dict' object has no attribute 'empty'
2026-09-21 08:50:29,629 [WARNING] data.fetch — [fetch_analyst_data] CRE: 'dict' object has no attribute 'empty'
2026-09-21 08:50:29,658 [WARNING] data.fetch — [fetch_analyst_data] ABT: 'dict' object has no attribute 'empty'
2026-09-21 08:50:29,692 [WARNING] data.fetch — [fetch_analyst_data] DHR: 'dict' object has no attribute 'empty'
2026-09-21 08:50:29,750 [WARNING] data.fetch — [fetch_analyst_data] INTC: 'dict' object has no attribute 'empty'
2026-09-21 08:50:35,951 [WARNING] data.fetch — [fetch_analyst_data] TSLA: 'dict' object has no attribute 'empty'
2026-09-21 08:50:35,979 [WARNING] data.fetch — [fetch_analyst_data] RBLX: 'dict' object has no attribute 'empty'
2026-09-21 08:50:36,034 [WARNING] data.fetch — [fetch_analyst_data] BTBT: 'dict' object has no attribute 'empty'
2026-09-21 08:50:36,045 [WARNING] data.fetch — [fetch_analyst_data] GOOGL: 'dict' object has no attribute 'empty'
2026-09-21 08:50:36,110 [WARNING] data.fetch — [fetch_analyst_data] HIVE: 'dict' object has no attribute 'empty'
2026-09-21 08:50:42,354 [WARNING] data.fetch — [fetch_analyst_data] GOOG: 'dict' object has no attribute 'empty'
2026-09-21 08:50:42,382 [WARNING] data.fetch — [fetch_analyst_data] ISRG: 'dict' object has no attribute 'empty'
2026-09-21 08:50:42,414 [WARNING] data.fetch — [fetch_analyst_data] ADI: 'dict' object has no attribute 'empty'
2026-09-21 08:50:42,423 [WARNING] data.fetch — [fetch_analyst_data] QCOM: 'dict' object has no attribute 'empty'
2026-09-21 08:50:42,459 [WARNING] data.fetch — [fetch_analyst_data] SATL: 'dict' object has no attribute 'empty'
2026-09-21 08:50:48,744 [WARNING] data.fetch — [fetch_analyst_data] QUBT: 'dict' object has no attribute 'empty'
2026-09-21 08:50:48,766 [WARNING] data.fetch — [fetch_analyst_data] LI: 'dict' object has no attribute 'empty'
2026-09-21 08:50:48,803 [WARNING] data.fetch — [fetch_analyst_data] TXN: 'dict' object has no attribute 'empty'
2026-09-21 08:50:48,821 [WARNING] data.fetch — [fetch_analyst_data] CAT: 'dict' object has no attribute 'empty'
2026-09-21 08:50:48,828 [WARNING] data.fetch — [fetch_analyst_data] NXPI: 'dict' object has no attribute 'empty'
2026-09-21 08:50:55,108 [WARNING] data.fetch — [fetch_analyst_data] GENI: 'dict' object has no attribute 'empty'
2026-09-21 08:50:55,148 [WARNING] data.fetch — [fetch_analyst_data] SBET: 'dict' object has no attribute 'empty'
2026-09-21 08:50:55,180 [WARNING] data.fetch — [fetch_analyst_data] PG: 'dict' object has no attribute 'empty'
2026-09-21 08:50:55,186 [WARNING] data.fetch — [fetch_analyst_data] UBER: 'dict' object has no attribute 'empty'
2026-09-21 08:50:55,219 [WARNING] data.fetch — [fetch_analyst_data] BMNR: 'dict' object has no attribute 'empty'
2026-09-21 08:51:01,444 [WARNING] data.fetch — [fetch_analyst_data] COIN: 'dict' object has no attribute 'empty'
2026-09-21 08:51:01,540 [WARNING] data.fetch — [fetch_analyst_data] VLO: 'dict' object has no attribute 'empty'
[시장분석] enrichment 완료
[Email] 페이퍼 트레이딩 알림 발송 완료 (매도 0건, 매수 0건, 재평가 0건, 재평가실패 0건, 후보 5건) → chunghwan14@gmail.com, roykim0311@gmail.com, ssamjungtan@naver.com
============================================================
[Unified Paper Trading] 완료
============================================================
