============================================================
[Unified Paper Trading] SP500 + NASDAQ/NYSE 통합 실행 시작
============================================================
2026-07-25 06:26:42,779 [INFO] paper_trading.runner — [Runner] SP500 snapshot 로드: 129개 종목
[Unified PT] SP500 snapshot 로드: 129개 종목
2026-07-25 06:26:42,787 [INFO] paper_trading.runner — [Runner] NASDAQ snapshot 로드: 204개 종목
[Unified PT] NASDAQ snapshot 로드: 204개 종목
[Unified PT] 합산 완료: 326개 종목 (SP500 129 + NASDAQ 204개, 중복 제거 후)
[Unified PT] 골든크로스임박 종목: 43개
2026-07-25 06:26:43,822 [INFO] paper_trading.candidate_selector — [전략점수 분포] ~4.0: 142 | 4.0~5.0: 49 | 5.0~5.5: 28 | 5.5~6.0: 14 | 6.0+: 93
2026-07-25 06:26:43,836 [INFO] paper_trading.engine — [PaperTrading] 오늘 매수 후보 없음
[Unified PT] 매도=0 매수=0 보유=3종목
[Unified PT] 레짐=bull | 필터={'전략점수<6.0': 233, '바닥반등_52주과열': 1, '판단등급_미달': 86, '과열_차단': 5, '유동성_부족': 0, '어닝_임박': 0, '보유_중복': 0, '모멘텀_ADX부족': 1, '바닥_RSI데드존': 0, '섹터_집중': 0, '_통과': 0, '_전체': 326}
[Unified PT] 스킵 사유: 후보_없음
2026-07-25 06:26:44,849 [INFO] paper_trading.sheet_sync — [SheetSync] 포지션현황 업데이트: 3개 종목
2026-07-25 06:26:45,809 [INFO] paper_trading.sheet_sync — [SheetSync] 성과요약 업데이트: 31건 거래
[Unified PT] 구글 시트 동기화 완료
[시장분석] 46개 종목 데이터 수집 중...
2026-07-25 06:26:52,382 [WARNING] data.fetch — [fetch_analyst_data] QBTS: 'dict' object has no attribute 'empty'
2026-07-25 06:26:52,413 [WARNING] data.fetch — [fetch_analyst_data] HIMS: 'dict' object has no attribute 'empty'
2026-07-25 06:26:52,453 [WARNING] data.fetch — [fetch_analyst_data] MA: 'dict' object has no attribute 'empty'
2026-07-25 06:26:52,455 [WARNING] data.fetch — [fetch_analyst_data] SFM: 'dict' object has no attribute 'empty'
2026-07-25 06:26:52,518 [WARNING] data.fetch — [fetch_analyst_data] IBM: 'dict' object has no attribute 'empty'
2026-07-25 06:26:58,852 [WARNING] data.fetch — [fetch_analyst_data] SHW: 'dict' object has no attribute 'empty'
2026-07-25 06:26:58,873 [WARNING] data.fetch — [fetch_analyst_data] HD: 'dict' object has no attribute 'empty'
2026-07-25 06:26:59,001 [WARNING] data.fetch — [fetch_analyst_data] NEE: 'dict' object has no attribute 'empty'
2026-07-25 06:26:59,049 [WARNING] data.fetch — [fetch_analyst_data] COF: 'dict' object has no attribute 'empty'
2026-07-25 06:26:59,076 [WARNING] data.fetch — [fetch_analyst_data] KMPR: 'dict' object has no attribute 'empty'
2026-07-25 06:27:05,505 [WARNING] data.fetch — [fetch_analyst_data] CVX: 'dict' object has no attribute 'empty'
2026-07-25 06:27:05,546 [WARNING] data.fetch — [fetch_analyst_data] OWL: 'dict' object has no attribute 'empty'
2026-07-25 06:27:05,580 [WARNING] data.fetch — [fetch_analyst_data] PFE: 'dict' object has no attribute 'empty'
2026-07-25 06:27:05,620 [WARNING] data.fetch — [fetch_analyst_data] XOM: 'dict' object has no attribute 'empty'
2026-07-25 06:27:05,638 [WARNING] data.fetch — [fetch_analyst_data] VZ: 'dict' object has no attribute 'empty'
2026-07-25 06:27:11,946 [WARNING] data.fetch — [fetch_analyst_data] PODD: 'dict' object has no attribute 'empty'
2026-07-25 06:27:12,095 [WARNING] data.fetch — [fetch_analyst_data] COST: 'dict' object has no attribute 'empty'
2026-07-25 06:27:12,127 [WARNING] data.fetch — [fetch_analyst_data] OVV: 'dict' object has no attribute 'empty'
2026-07-25 06:27:12,175 [WARNING] data.fetch — [fetch_analyst_data] KD: 'dict' object has no attribute 'empty'
2026-07-25 06:27:12,215 [WARNING] data.fetch — [fetch_analyst_data] CEG: 'dict' object has no attribute 'empty'
2026-07-25 06:27:18,374 [WARNING] data.fetch — [fetch_analyst_data] ADBE: 'dict' object has no attribute 'empty'
2026-07-25 06:27:18,498 [WARNING] data.fetch — [fetch_analyst_data] FISV: 'dict' object has no attribute 'empty'
2026-07-25 06:27:18,560 [WARNING] data.fetch — [fetch_analyst_data] CME: 'dict' object has no attribute 'empty'
2026-07-25 06:27:18,677 [WARNING] data.fetch — [fetch_analyst_data] T: 'dict' object has no attribute 'empty'
2026-07-25 06:27:18,745 [WARNING] data.fetch — [fetch_analyst_data] PLNT: 'dict' object has no attribute 'empty'
2026-07-25 06:27:24,677 [WARNING] data.fetch — [fetch_analyst_data] IT: 'dict' object has no attribute 'empty'
2026-07-25 06:27:24,848 [WARNING] data.fetch — [fetch_analyst_data] CRK: 'dict' object has no attribute 'empty'
2026-07-25 06:27:25,003 [WARNING] data.fetch — [fetch_analyst_data] PG: 'dict' object has no attribute 'empty'
2026-07-25 06:27:25,205 [WARNING] data.fetch — [fetch_analyst_data] ADVB: 'dict' object has no attribute 'empty'
2026-07-25 06:27:25,220 [WARNING] data.fetch — [fetch_analyst_data] SMCI: 'dict' object has no attribute 'empty'
2026-07-25 06:27:30,984 [WARNING] data.fetch — [fetch_analyst_data] RZLV: 'dict' object has no attribute 'empty'
2026-07-25 06:27:31,342 [WARNING] data.fetch — [fetch_analyst_data] AXP: 'dict' object has no attribute 'empty'
2026-07-25 06:27:31,445 [WARNING] data.fetch — [fetch_analyst_data] CRWV: 'dict' object has no attribute 'empty'
2026-07-25 06:27:31,582 [WARNING] data.fetch — [fetch_analyst_data] CLRO: 'dict' object has no attribute 'empty'
2026-07-25 06:27:31,665 [WARNING] data.fetch — [fetch_analyst_data] BLK: 'dict' object has no attribute 'empty'
2026-07-25 06:27:37,279 [WARNING] data.fetch — [fetch_analyst_data] APP: 'dict' object has no attribute 'empty'
2026-07-25 06:27:37,783 [WARNING] data.fetch — [fetch_analyst_data] UTZ: 'dict' object has no attribute 'empty'
2026-07-25 06:27:37,796 [WARNING] data.fetch — [fetch_analyst_data] CPHI: 'dict' object has no attribute 'empty'
2026-07-25 06:27:38,004 [WARNING] data.fetch — [fetch_analyst_data] QUBT: 'dict' object has no attribute 'empty'
2026-07-25 06:27:38,094 [WARNING] data.fetch — [fetch_analyst_data] AMZN: 'dict' object has no attribute 'empty'
2026-07-25 06:27:43,618 [WARNING] data.fetch — [fetch_analyst_data] IREN: 'dict' object has no attribute 'empty'
2026-07-25 06:27:44,100 [WARNING] data.fetch — [fetch_analyst_data] STUB: 'dict' object has no attribute 'empty'
2026-07-25 06:27:44,266 [WARNING] data.fetch — [fetch_analyst_data] UPC: 'dict' object has no attribute 'empty'
2026-07-25 06:27:44,557 [WARNING] data.fetch — [fetch_analyst_data] LRCX: 'dict' object has no attribute 'empty'
2026-07-25 06:27:44,583 [WARNING] data.fetch — [fetch_analyst_data] CDNS: 'dict' object has no attribute 'empty'
2026-07-25 06:27:50,104 [WARNING] data.fetch — [fetch_analyst_data] UUUU: 'dict' object has no attribute 'empty'
[시장분석] enrichment 완료
[Email] 페이퍼 트레이딩 알림 발송 완료 (매도 0건, 매수 0건, 재평가 0건, 재평가실패 0건, 후보 0건) → chunghwan14@gmail.com, roykim0311@gmail.com, ssamjungtan@naver.com
============================================================
[Unified Paper Trading] 완료
============================================================
