============================================================
[Unified Paper Trading] SP500 + NASDAQ/NYSE 통합 실행 시작
============================================================
2026-07-04 08:15:55,111 [INFO] paper_trading.runner — [Runner] SP500 snapshot 로드: 129개 종목
[Unified PT] SP500 snapshot 로드: 129개 종목
2026-07-04 08:15:55,120 [INFO] paper_trading.runner — [Runner] NASDAQ snapshot 로드: 239개 종목
[Unified PT] NASDAQ snapshot 로드: 239개 종목
[Unified PT] 합산 완료: 357개 종목 (SP500 129 + NASDAQ 239개, 중복 제거 후)
[Unified PT] 골든크로스임박 종목: 50개
2026-07-04 08:15:56,300 [INFO] paper_trading.candidate_selector — [전략점수 분포] ~4.0: 100 | 4.0~5.0: 24 | 5.0~5.5: 31 | 5.5~6.0: 19 | 6.0+: 183
2026-07-04 08:15:56,318 [INFO] paper_trading.candidate_selector — [CandidateSelector] Regime=bull | Filtered=3/357 | Selected: DCO (CCS=0.4835)
2026-07-04 08:15:56,329 [INFO] paper_trading.engine — [PaperTrading] 교체 기준 미달 — 매수 안 함
[Unified PT] 매도=0 매수=0 보유=3종목
[Unified PT] 레짐=bull | 필터={'전략점수<6.0': 174, '바닥반등_52주과열': 2, '판단등급_미달': 165, '과열_차단': 2, '유동성_부족': 0, '어닝_임박': 0, '보유_중복': 1, '모멘텀_ADX부족': 9, '바닥_RSI데드존': 0, '섹터_집중': 1, '_통과': 3, '_전체': 357}
[Unified PT] 스킵 사유: 교체_미달
[Unified PT] Top5 후보:
  DCO    CCS=0.4835 전략=📈 모멘텀 섹터=Unknown
  CUPR   CCS=0.4218 전략=📈 모멘텀 섹터=Unknown
2026-07-04 08:15:57,515 [INFO] paper_trading.sheet_sync — [SheetSync] 포지션현황 업데이트: 3개 종목
2026-07-04 08:15:58,531 [INFO] paper_trading.sheet_sync — [SheetSync] 성과요약 업데이트: 24건 거래
[Unified PT] 구글 시트 동기화 완료
[시장분석] 55개 종목 데이터 수집 중...
2026-07-04 08:16:05,368 [WARNING] data.fetch — [fetch_analyst_data] DCO: 'dict' object has no attribute 'empty'
2026-07-04 08:16:05,414 [WARNING] data.fetch — [fetch_analyst_data] CUPR: 'dict' object has no attribute 'empty'
2026-07-04 08:16:05,438 [WARNING] data.fetch — [fetch_analyst_data] SCHW: 'dict' object has no attribute 'empty'
2026-07-04 08:16:05,485 [WARNING] data.fetch — [fetch_analyst_data] MA: 'dict' object has no attribute 'empty'
2026-07-04 08:16:05,491 [WARNING] data.fetch — [fetch_analyst_data] TMO: 'dict' object has no attribute 'empty'
2026-07-04 08:16:11,857 [WARNING] data.fetch — [fetch_analyst_data] RZLV: 'dict' object has no attribute 'empty'
2026-07-04 08:16:11,954 [WARNING] data.fetch — [fetch_analyst_data] ILLR: 'dict' object has no attribute 'empty'
2026-07-04 08:16:11,990 [WARNING] data.fetch — [fetch_analyst_data] TSLA: 'dict' object has no attribute 'empty'
2026-07-04 08:16:12,033 [WARNING] data.fetch — [fetch_analyst_data] SMCI: 'dict' object has no attribute 'empty'
2026-07-04 08:16:12,048 [WARNING] data.fetch — [fetch_analyst_data] SHW: 'dict' object has no attribute 'empty'
2026-07-04 08:16:18,335 [WARNING] data.fetch — [fetch_analyst_data] CAI: 'dict' object has no attribute 'empty'
2026-07-04 08:16:18,447 [WARNING] data.fetch — [fetch_analyst_data] GOOGL: 'dict' object has no attribute 'empty'
2026-07-04 08:16:18,537 [WARNING] data.fetch — [fetch_analyst_data] WING: 'dict' object has no attribute 'empty'
2026-07-04 08:16:18,647 [WARNING] data.fetch — [fetch_analyst_data] SYK: 'dict' object has no attribute 'empty'
2026-07-04 08:16:18,711 [WARNING] data.fetch — [fetch_analyst_data] SPGI: 'dict' object has no attribute 'empty'
2026-07-04 08:16:24,904 [WARNING] data.fetch — [fetch_analyst_data] UBER: 'dict' object has no attribute 'empty'
2026-07-04 08:16:24,951 [WARNING] data.fetch — [fetch_analyst_data] FOUR: 'dict' object has no attribute 'empty'
2026-07-04 08:16:25,057 [WARNING] data.fetch — [fetch_analyst_data] RBLX: 'dict' object has no attribute 'empty'
2026-07-04 08:16:25,229 [WARNING] data.fetch — [fetch_analyst_data] MDT: 'dict' object has no attribute 'empty'
2026-07-04 08:16:25,249 [WARNING] data.fetch — [fetch_analyst_data] ABVX: 'dict' object has no attribute 'empty'
2026-07-04 08:16:31,415 [WARNING] data.fetch — [fetch_analyst_data] ACGL: 'dict' object has no attribute 'empty'
2026-07-04 08:16:31,507 [WARNING] data.fetch — [fetch_analyst_data] ABT: 'dict' object has no attribute 'empty'
2026-07-04 08:16:31,618 [WARNING] data.fetch — [fetch_analyst_data] RTX: 'dict' object has no attribute 'empty'
2026-07-04 08:16:31,743 [WARNING] data.fetch — [fetch_analyst_data] AHR: 'dict' object has no attribute 'empty'
2026-07-04 08:16:31,879 [WARNING] data.fetch — [fetch_analyst_data] NEE: 'dict' object has no attribute 'empty'
2026-07-04 08:16:38,010 [WARNING] data.fetch — [fetch_analyst_data] VTR: 'dict' object has no attribute 'empty'
2026-07-04 08:16:38,056 [WARNING] data.fetch — [fetch_analyst_data] GDDY: 'dict' object has no attribute 'empty'
2026-07-04 08:16:38,166 [WARNING] data.fetch — [fetch_analyst_data] GILD: 'dict' object has no attribute 'empty'
2026-07-04 08:16:38,236 [WARNING] data.fetch — [fetch_analyst_data] FLUT: 'dict' object has no attribute 'empty'
2026-07-04 08:16:38,475 [WARNING] data.fetch — [fetch_analyst_data] MCK: 'dict' object has no attribute 'empty'
2026-07-04 08:16:44,576 [WARNING] data.fetch — [fetch_analyst_data] TRI: 'dict' object has no attribute 'empty'
2026-07-04 08:16:44,581 [WARNING] data.fetch — [fetch_analyst_data] OPEN: 'dict' object has no attribute 'empty'
2026-07-04 08:16:44,672 [WARNING] data.fetch — [fetch_analyst_data] AZO: 'dict' object has no attribute 'empty'
2026-07-04 08:16:44,737 [WARNING] data.fetch — [fetch_analyst_data] WGS: 'dict' object has no attribute 'empty'
2026-07-04 08:16:44,985 [WARNING] data.fetch — [fetch_analyst_data] ZS: 'dict' object has no attribute 'empty'
2026-07-04 08:16:51,086 [WARNING] data.fetch — [fetch_analyst_data] CRVO: 'dict' object has no attribute 'empty'
2026-07-04 08:16:51,112 [WARNING] data.fetch — [fetch_analyst_data] ISRG: 'dict' object has no attribute 'empty'
2026-07-04 08:16:51,291 [WARNING] data.fetch — [fetch_analyst_data] BRBR: 'dict' object has no attribute 'empty'
2026-07-04 08:16:51,332 [WARNING] data.fetch — [fetch_analyst_data] CMCSA: 'dict' object has no attribute 'empty'
2026-07-04 08:16:51,472 [WARNING] data.fetch — [fetch_analyst_data] DOCS: 'dict' object has no attribute 'empty'
2026-07-04 08:16:57,666 [WARNING] data.fetch — [fetch_analyst_data] QUBT: 'dict' object has no attribute 'empty'
2026-07-04 08:16:57,743 [WARNING] data.fetch — [fetch_analyst_data] PG: 'dict' object has no attribute 'empty'
2026-07-04 08:16:57,803 [WARNING] data.fetch — [fetch_analyst_data] ACIW: 'dict' object has no attribute 'empty'
2026-07-04 08:16:57,862 [WARNING] data.fetch — [fetch_analyst_data] BLK: 'dict' object has no attribute 'empty'
2026-07-04 08:16:58,016 [WARNING] data.fetch — [fetch_analyst_data] SNPS: 'dict' object has no attribute 'empty'
2026-07-04 08:17:04,284 [WARNING] data.fetch — [fetch_analyst_data] HD: 'dict' object has no attribute 'empty'
2026-07-04 08:17:04,318 [WARNING] data.fetch — [fetch_analyst_data] LOAR: 'dict' object has no attribute 'empty'
2026-07-04 08:17:04,475 [WARNING] data.fetch — [fetch_analyst_data] ORCL: 'dict' object has no attribute 'empty'
2026-07-04 08:17:04,479 [WARNING] data.fetch — [fetch_analyst_data] STI: 'dict' object has no attribute 'empty'
2026-07-04 08:17:04,560 [WARNING] data.fetch — [fetch_analyst_data] CRWV: 'dict' object has no attribute 'empty'
2026-07-04 08:17:10,891 [WARNING] data.fetch — [fetch_analyst_data] BKNG: 'dict' object has no attribute 'empty'
2026-07-04 08:17:10,906 [WARNING] data.fetch — [fetch_analyst_data] UPST: 'dict' object has no attribute 'empty'
2026-07-04 08:17:11,015 [WARNING] data.fetch — [fetch_analyst_data] PEB: 'dict' object has no attribute 'empty'
2026-07-04 08:17:11,045 [WARNING] data.fetch — [fetch_analyst_data] TKR: 'dict' object has no attribute 'empty'
2026-07-04 08:17:11,092 [WARNING] data.fetch — [fetch_analyst_data] ACA: 'dict' object has no attribute 'empty'
[시장분석] enrichment 완료
[Email] 페이퍼 트레이딩 알림 발송 완료 (매도 0건, 매수 0건, 재평가 0건, 재평가실패 0건, 후보 2건) → chunghwan14@gmail.com, roykim0311@gmail.com, ssamjungtan@naver.com
============================================================
[Unified Paper Trading] 완료
============================================================
