[OHLCV] 배치 다운로드 1/4 (150개 종목, period=5y)...
[OHLCV] 배치 다운로드 2/4 (150개 종목, period=5y)...
[OHLCV] 배치 다운로드 3/4 (150개 종목, period=5y)...
[OHLCV] 배치 다운로드 4/4 (68개 종목, period=5y)...
[DataValidator] 10건의 데이터 품질 경고 발생
Warning:  DAY: Close NaN 비율 100.0% (기준: 30%)
Warning:  DD: 비정상 가격 변동 198.5% (2026-06-18) — 스플릿/데이터 오류 가능
Warning:  KVUE: Close NaN 비율 37.2% (기준: 30%)
Warning:  VLTO: Close NaN 비율 45.6% (기준: 30%)
Warning:  GEV: Close NaN 비율 55.1% (기준: 30%)
Warning:  HOOD: 비정상 가격 변동 50.4% (2021-08-04) — 스플릿/데이터 오류 가능
Warning:  SOLV: Close NaN 비율 55.1% (기준: 30%)
Warning:  GL: 비정상 가격 변동 53.1% (2024-04-11) — 스플릿/데이터 오류 가능
Warning:  HOLX: Close NaN 비율 100.0% (기준: 30%)
Warning:  PDD: 비정상 가격 변동 56.1% (2022-03-16) — 스플릿/데이터 오류 가능
[[SP500 분석]] 강한 섹터: {'Materials', 'Information Technology', 'Health Care', 'Real Estate', 'Industrials', 'Financials', 'Consumer Staples', 'Utilities'}
[[SP500 분석]] Extreme model 'label_low' walk-forward ROC 0.67, AP 0.40
[[SP500 분석]] Extreme model 'label_high' walk-forward ROC 0.58, AP 0.26
[[SP500 분석]] Google Sheets 업데이트 완료
[Email] 바닥반등 3개 + 모멘텀 59개 = 총 62개 종목 리스트를 chunghwan14@gmail.com, roykim0311@gmail.com, ssamjungtan@naver.com로 발송 완료
[[SP500 분석]] Signals 결과 기반 차트분석 종목 리스트 생성 중...
[Dynamic Portfolio] 생성된 차트분석 종목 리스트(66개): ['NBM.V', 'LRN', 'TKR', 'PEB', 'GLW', 'PWR', 'AMD', 'ETN', 'ANET', 'ROST', 'QQQ', 'KLAC', 'F', 'GOOGL', 'GEV', 'BAC', 'TJX', 'AMZN', 'IWM', 'LLY', 'WDC', 'PANW', 'TER', 'FCX', 'QCOM', 'UNH', 'SPY', 'PM', 'GOOG', 'INTC', 'WELL', 'NXPI', 'DE', 'AXP', 'C', 'V', 'MU', 'STX', 'HON', 'AMGN', 'ADI', 'ASML', 'AAPL', 'ON', 'CDNS', 'T', 'AMAT', 'TXN', 'ABBV', 'DDOG', 'RTX', 'GE', 'CAT', 'JNJ', 'LIN', 'MS', 'MRK', 'KO', 'CSCO', 'CVS', 'MPWR', 'LRCX', 'FTNT', 'JPM', 'MCHP', 'APH']
[[SP500 차트분석]] [SP500 분석] 결과 기반 [SP500 차트분석] 시트 생성 중 (66개 종목)...
[[SP500 차트분석]] [SP500 분석]에 없는 종목은 별도 분석: ['NBM.V', 'LRN', 'TKR', 'PEB']
[DataValidator] 2건의 데이터 품질 경고 발생
Warning:  LRN: 비정상 가격 변동 54.4% (2025-10-29) — 스플릿/데이터 오류 가능
Warning:  NBM.V: 비정상 가격 변동 56.3% (2024-09-25) — 스플릿/데이터 오류 가능
[[SP500 차트분석]] 강한 섹터: {'Materials', 'Information Technology', 'Health Care', 'Real Estate', 'Industrials', 'Financials', 'Consumer Staples', 'Utilities'}
[[SP500 차트분석]] Extreme model 'global' skipped: insufficient_tickers
[[SP500 차트분석]] 기존 차트 파일 삭제 중...
[[SP500 차트분석]] 차트 저장 디렉토리 준비 완료: charts/screenshots
[[SP500 차트분석]] TradingView 차트 캡처 시작...
[[SP500 차트분석]] 66개 종목 차트 캡처 중...
[TradingView] ETN 브라우저 세션 시작  (로그인 세션)...
[TradingView] 1H 캡처 완료 (60)
[TradingView] 4H 캡처 완료 (240)
[TradingView] Daily 캡처 완료 (D)
[TradingView] Weekly 캡처 완료 (W)
[TradingView] Monthly 캡처 완료 (M)
[[SP500 차트분석]] ETN 차트 5개 처리 완료
[TradingView] HON 브라우저 세션 시작  (로그인 세션)...
[TradingView] 1H 캡처 완료 (60)
[TradingView] 4H 캡처 완료 (240)
[TradingView] Daily 캡처 완료 (D)
[TradingView] Weekly 캡처 완료 (W)
[TradingView] Monthly 캡처 완료 (M)
[[SP500 차트분석]] HON 차트 5개 처리 완료
[TradingView] CAT 브라우저 세션 시작  (로그인 세션)...
[TradingView] 1H 캡처 완료 (60)
[TradingView] 4H 캡처 완료 (240)
[TradingView] Daily 캡처 완료 (D)
[TradingView] Weekly 캡처 완료 (W)
[TradingView] Monthly 캡처 완료 (M)
[[SP500 차트분석]] CAT 차트 5개 처리 완료
[TradingView] IWM 브라우저 세션 시작  (로그인 세션)...
[TradingView] 1H 캡처 완료 (60)
[TradingView] 4H 캡처 완료 (240)
[TradingView] Daily 캡처 완료 (D)
[TradingView] Weekly 캡처 완료 (W)
[TradingView] Monthly 캡처 완료 (M)
[[SP500 차트분석]] IWM 차트 5개 처리 완료
[TradingView] ABBV 브라우저 세션 시작  (로그인 세션)...
[TradingView] 1H 캡처 완료 (60)
[TradingView] 4H 캡처 완료 (240)
[TradingView] Daily 캡처 완료 (D)
[TradingView] Weekly 캡처 완료 (W)
[TradingView] Monthly 캡처 완료 (M)
[[SP500 차트분석]] ABBV 차트 5개 처리 완료
[TradingView] AMAT 브라우저 세션 시작  (로그인 세션)...
[TradingView] 1H 캡처 완료 (60)
[TradingView] 4H 캡처 완료 (240)
[TradingView] Daily 캡처 완료 (D)
[TradingView] Weekly 캡처 완료 (W)
[TradingView] Monthly 캡처 완료 (M)
[[SP500 차트분석]] AMAT 차트 5개 처리 완료
[TradingView] ANET 브라우저 세션 시작  (로그인 세션)...
[TradingView] 1H 캡처 완료 (60)
[TradingView] 4H 캡처 완료 (240)
[TradingView] Daily 캡처 완료 (D)
[TradingView] Weekly 캡처 완료 (W)
[TradingView] Monthly 캡처 완료 (M)
[[SP500 차트분석]] ANET 차트 5개 처리 완료
[TradingView] GLW 브라우저 세션 시작  (로그인 세션)...
[TradingView] 1H 캡처 완료 (60)
[TradingView] 4H 캡처 완료 (240)
[TradingView] Daily 캡처 완료 (D)
[TradingView] Weekly 캡처 완료 (W)
[TradingView] Monthly 캡처 완료 (M)
[[SP500 차트분석]] GLW 차트 5개 처리 완료
[TradingView] JNJ 브라우저 세션 시작  (로그인 세션)...
[TradingView] 1H 캡처 완료 (60)
[TradingView] 4H 캡처 완료 (240)
[TradingView] Daily 캡처 완료 (D)
[TradingView] Weekly 캡처 완료 (W)
[TradingView] Monthly 캡처 완료 (M)
[[SP500 차트분석]] JNJ 차트 5개 처리 완료
[TradingView] JPM 브라우저 세션 시작  (로그인 세션)...
[TradingView] 1H 캡처 완료 (60)
[TradingView] 4H 캡처 완료 (240)
[TradingView] Daily 캡처 완료 (D)
[TradingView] Weekly 캡처 완료 (W)
[TradingView] Monthly 캡처 완료 (M)
[[SP500 차트분석]] JPM 차트 5개 처리 완료
[TradingView] KLAC 브라우저 세션 시작  (로그인 세션)...
[TradingView] 1H 캡처 완료 (60)
[TradingView] 4H 캡처 완료 (240)
[TradingView] Daily 캡처 완료 (D)
[TradingView] Weekly 캡처 완료 (W)
[TradingView] Monthly 캡처 완료 (M)
[[SP500 차트분석]] KLAC 차트 5개 처리 완료
[TradingView] KO 브라우저 세션 시작  (로그인 세션)...
[TradingView] 1H 캡처 완료 (60)
[TradingView] 4H 캡처 완료 (240)
[TradingView] Daily 캡처 완료 (D)
[TradingView] Weekly 캡처 완료 (W)
[TradingView] Monthly 캡처 완료 (M)
[[SP500 차트분석]] KO 차트 5개 처리 완료
[TradingView] LRCX 브라우저 세션 시작  (로그인 세션)...
[TradingView] 1H 캡처 완료 (60)
[TradingView] 4H 캡처 완료 (240)
[TradingView] Daily 캡처 완료 (D)
[TradingView] Weekly 캡처 완료 (W)
[TradingView] Monthly 캡처 완료 (M)
[[SP500 차트분석]] LRCX 차트 5개 처리 완료
[TradingView] MCHP 브라우저 세션 시작  (로그인 세션)...
[TradingView] 1H 캡처 완료 (60)
[TradingView] 4H 캡처 완료 (240)
[TradingView] Daily 캡처 완료 (D)
[TradingView] Weekly 캡처 완료 (W)
[TradingView] Monthly 캡처 완료 (M)
[[SP500 차트분석]] MCHP 차트 5개 처리 완료
[TradingView] MRK 브라우저 세션 시작  (로그인 세션)...
[TradingView] 1H 캡처 완료 (60)
[TradingView] 4H 캡처 완료 (240)
[TradingView] Daily 캡처 완료 (D)
[TradingView] Weekly 캡처 완료 (W)
[TradingView] Monthly 캡처 완료 (M)
[[SP500 차트분석]] MRK 차트 5개 처리 완료
[TradingView] MS 브라우저 세션 시작  (로그인 세션)...
[TradingView] 1H 캡처 완료 (60)
[TradingView] 4H 캡처 완료 (240)
[TradingView] Daily 캡처 완료 (D)
[TradingView] Weekly 캡처 완료 (W)
[TradingView] Monthly 캡처 완료 (M)
[[SP500 차트분석]] MS 차트 5개 처리 완료
[TradingView] MU 브라우저 세션 시작  (로그인 세션)...
[TradingView] 1H 캡처 완료 (60)
[TradingView] 4H 캡처 완료 (240)
[TradingView] Daily 캡처 완료 (D)
[TradingView] Weekly 캡처 완료 (W)
[TradingView] Monthly 캡처 완료 (M)
[[SP500 차트분석]] MU 차트 5개 처리 완료
[TradingView] STX 브라우저 세션 시작  (로그인 세션)...
[TradingView] 1H 캡처 완료 (60)
[TradingView] 4H 캡처 완료 (240)
[TradingView] Daily 캡처 완료 (D)
[TradingView] Weekly 캡처 완료 (W)
[TradingView] Monthly 캡처 완료 (M)
[[SP500 차트분석]] STX 차트 5개 처리 완료
[TradingView] TER 브라우저 세션 시작  (로그인 세션)...
[TradingView] 1H 캡처 완료 (60)
[TradingView] 4H 캡처 완료 (240)
[TradingView] Daily 캡처 완료 (D)
[TradingView] Weekly 캡처 완료 (W)
[TradingView] Monthly 캡처 완료 (M)
[[SP500 차트분석]] TER 차트 5개 처리 완료
[TradingView] TXN 브라우저 세션 시작  (로그인 세션)...
[TradingView] 1H 캡처 완료 (60)
[TradingView] 4H 캡처 완료 (240)
[TradingView] Daily 캡처 완료 (D)
[TradingView] Weekly 캡처 완료 (W)
[TradingView] Monthly 캡처 완료 (M)
[[SP500 차트분석]] TXN 차트 5개 처리 완료
[TradingView] WDC 브라우저 세션 시작  (로그인 세션)...
[TradingView] 1H 캡처 완료 (60)
[TradingView] 4H 캡처 완료 (240)
[TradingView] Daily 캡처 완료 (D)
[TradingView] Weekly 캡처 완료 (W)
[TradingView] Monthly 캡처 완료 (M)
[[SP500 차트분석]] WDC 차트 5개 처리 완료
[TradingView] DE 브라우저 세션 시작  (로그인 세션)...
[TradingView] 1H 캡처 완료 (60)
[TradingView] 4H 캡처 완료 (240)
[TradingView] Daily 캡처 완료 (D)
[TradingView] Weekly 캡처 완료 (W)
[TradingView] Monthly 캡처 완료 (M)
[[SP500 차트분석]] DE 차트 5개 처리 완료
[TradingView] GEV 브라우저 세션 시작  (로그인 세션)...
[TradingView] 1H 캡처 완료 (60)
[TradingView] 4H 캡처 완료 (240)
[TradingView] Daily 캡처 완료 (D)
[TradingView] Weekly 캡처 완료 (W)
[TradingView] Monthly 캡처 완료 (M)
[[SP500 차트분석]] GEV 차트 5개 처리 완료
[TradingView] ADI 브라우저 세션 시작  (로그인 세션)...
[TradingView] 1H 캡처 완료 (60)
[TradingView] 4H 캡처 완료 (240)
[TradingView] Daily 캡처 완료 (D)
[TradingView] Weekly 캡처 완료 (W)
[TradingView] Monthly 캡처 완료 (M)
[[SP500 차트분석]] ADI 차트 5개 처리 완료
[TradingView] AMD 브라우저 세션 시작  (로그인 세션)...
[TradingView] 1H 캡처 완료 (60)
[TradingView] 4H 캡처 완료 (240)
[TradingView] Daily 캡처 완료 (D)
[TradingView] Weekly 캡처 완료 (W)
[TradingView] Monthly 캡처 완료 (M)
[[SP500 차트분석]] AMD 차트 5개 처리 완료
[TradingView] APH 브라우저 세션 시작  (로그인 세션)...
[TradingView] 1H 캡처 완료 (60)
[TradingView] 4H 캡처 완료 (240)
[TradingView] Daily 캡처 완료 (D)
[TradingView] Weekly 캡처 완료 (W)
[TradingView] Monthly 캡처 완료 (M)
[[SP500 차트분석]] APH 차트 5개 처리 완료
[TradingView] ASML 브라우저 세션 시작  (로그인 세션)...
[TradingView] 1H 캡처 완료 (60)
[TradingView] 4H 캡처 완료 (240)
[TradingView] Daily 캡처 완료 (D)
[TradingView] Weekly 캡처 완료 (W)
[TradingView] Monthly 캡처 완료 (M)
[[SP500 차트분석]] ASML 차트 5개 처리 완료
[TradingView] CSCO 브라우저 세션 시작  (로그인 세션)...
[TradingView] 1H 캡처 완료 (60)
[TradingView] 4H 캡처 완료 (240)
[TradingView] Daily 캡처 완료 (D)
[TradingView] Weekly 캡처 완료 (W)
[TradingView] Monthly 캡처 완료 (M)
[[SP500 차트분석]] CSCO 차트 5개 처리 완료
[TradingView] CVS 브라우저 세션 시작  (로그인 세션)...
[TradingView] 1H 캡처 완료 (60)
[TradingView] 4H 캡처 완료 (240)
[TradingView] Daily 캡처 완료 (D)
[TradingView] Weekly 캡처 완료 (W)
[TradingView] Monthly 캡처 완료 (M)
[[SP500 차트분석]] CVS 차트 5개 처리 완료
[TradingView] FTNT 브라우저 세션 시작  (로그인 세션)...
[TradingView] 1H 캡처 완료 (60)
[TradingView] 4H 캡처 완료 (240)
[TradingView] Daily 캡처 완료 (D)
[TradingView] Weekly 캡처 완료 (W)
[TradingView] Monthly 캡처 완료 (M)
[[SP500 차트분석]] FTNT 차트 5개 처리 완료
[TradingView] INTC 브라우저 세션 시작  (로그인 세션)...
[TradingView] 1H 캡처 완료 (60)
[TradingView] 4H 캡처 완료 (240)
[TradingView] Daily 캡처 완료 (D)
[TradingView] Weekly 캡처 완료 (W)
[TradingView] Monthly 캡처 완료 (M)
[[SP500 차트분석]] INTC 차트 5개 처리 완료
[TradingView] ON 브라우저 세션 시작  (로그인 세션)...
[TradingView] 1H 캡처 완료 (60)
[TradingView] 4H 캡처 완료 (240)
[TradingView] Daily 캡처 완료 (D)
[TradingView] Weekly 캡처 완료 (W)
[TradingView] Monthly 캡처 완료 (M)
[[SP500 차트분석]] ON 차트 5개 처리 완료
[TradingView] QCOM 브라우저 세션 시작  (로그인 세션)...
[TradingView] 1H 캡처 완료 (60)
[TradingView] 4H 캡처 완료 (240)
[TradingView] Daily 캡처 완료 (D)
[TradingView] Weekly 캡처 완료 (W)
[TradingView] Monthly 캡처 완료 (M)
[[SP500 차트분석]] QCOM 차트 5개 처리 완료
[TradingView] GE 브라우저 세션 시작  (로그인 세션)...
[TradingView] 1H 캡처 완료 (60)
[TradingView] 4H 캡처 완료 (240)
[TradingView] Daily 캡처 완료 (D)
[TradingView] Weekly 캡처 완료 (W)
[TradingView] Monthly 캡처 완료 (M)
[[SP500 차트분석]] GE 차트 5개 처리 완료
[TradingView] MPWR 브라우저 세션 시작  (로그인 세션)...
[TradingView] 1H 캡처 완료 (60)
[TradingView] 4H 캡처 완료 (240)
[TradingView] Daily 캡처 완료 (D)
[TradingView] Weekly 캡처 완료 (W)
[TradingView] Monthly 캡처 완료 (M)
[[SP500 차트분석]] MPWR 차트 5개 처리 완료
[TradingView] PWR 브라우저 세션 시작  (로그인 세션)...
[TradingView] 1H 캡처 완료 (60)
[TradingView] 4H 캡처 완료 (240)
[TradingView] Daily 캡처 완료 (D)
[TradingView] Weekly 캡처 완료 (W)
[TradingView] Monthly 캡처 완료 (M)
[[SP500 차트분석]] PWR 차트 5개 처리 완료
[TradingView] TJX 브라우저 세션 시작  (로그인 세션)...
[TradingView] 1H 캡처 완료 (60)
[TradingView] 4H 캡처 완료 (240)
[TradingView] Daily 캡처 완료 (D)
[TradingView] Weekly 캡처 완료 (W)
[TradingView] Monthly 캡처 완료 (M)
[[SP500 차트분석]] TJX 차트 5개 처리 완료
[TradingView] FCX 브라우저 세션 시작  (로그인 세션)...
[TradingView] 1H 캡처 완료 (60)
[TradingView] 4H 캡처 완료 (240)
[TradingView] Daily 캡처 완료 (D)
[TradingView] Weekly 캡처 완료 (W)
[TradingView] Monthly 캡처 완료 (M)
[[SP500 차트분석]] FCX 차트 5개 처리 완료
[TradingView] AXP 브라우저 세션 시작  (로그인 세션)...
[TradingView] 1H 캡처 완료 (60)
[TradingView] 4H 캡처 완료 (240)
[TradingView] Daily 캡처 완료 (D)
[TradingView] Weekly 캡처 완료 (W)
[TradingView] Monthly 캡처 완료 (M)
[[SP500 차트분석]] AXP 차트 5개 처리 완료
[TradingView] C 브라우저 세션 시작  (로그인 세션)...
[TradingView] 1H 캡처 완료 (60)
[TradingView] 4H 캡처 완료 (240)
[TradingView] Daily 캡처 완료 (D)
[TradingView] Weekly 캡처 완료 (W)
[TradingView] Monthly 캡처 완료 (M)
[[SP500 차트분석]] C 차트 5개 처리 완료
[TradingView] PANW 브라우저 세션 시작  (로그인 세션)...
[TradingView] 1H 캡처 완료 (60)
[TradingView] 4H 캡처 완료 (240)
[TradingView] Daily 캡처 완료 (D)
[TradingView] Weekly 캡처 완료 (W)
[TradingView] Monthly 캡처 완료 (M)
[[SP500 차트분석]] PANW 차트 5개 처리 완료
[TradingView] UNH 브라우저 세션 시작  (로그인 세션)...
[TradingView] 1H 캡처 완료 (60)
[TradingView] 4H 캡처 완료 (240)
[TradingView] Daily 캡처 완료 (D)
[TradingView] Weekly 캡처 완료 (W)
[TradingView] Monthly 캡처 완료 (M)
[[SP500 차트분석]] UNH 차트 5개 처리 완료
[TradingView] AMZN 브라우저 세션 시작  (로그인 세션)...
[TradingView] 1H 캡처 완료 (60)
[TradingView] 4H 캡처 완료 (240)
[TradingView] Daily 캡처 완료 (D)
[TradingView] Weekly 캡처 완료 (W)
[TradingView] Monthly 캡처 완료 (M)
[[SP500 차트분석]] AMZN 차트 5개 처리 완료
[TradingView] GOOG 브라우저 세션 시작  (로그인 세션)...
[TradingView] 1H 캡처 완료 (60)
[TradingView] 4H 캡처 완료 (240)
[TradingView] Daily 캡처 완료 (D)
[TradingView] Weekly 캡처 완료 (W)
[TradingView] Monthly 캡처 완료 (M)
[[SP500 차트분석]] GOOG 차트 5개 처리 완료
[TradingView] GOOGL 브라우저 세션 시작  (로그인 세션)...
[TradingView] 1H 캡처 완료 (60)
[TradingView] 4H 캡처 완료 (240)
[TradingView] Daily 캡처 완료 (D)
[TradingView] Weekly 캡처 완료 (W)
[TradingView] Monthly 캡처 완료 (M)
[[SP500 차트분석]] GOOGL 차트 5개 처리 완료
[TradingView] ROST 브라우저 세션 시작  (로그인 세션)...
[TradingView] 1H 캡처 완료 (60)
[TradingView] 4H 캡처 완료 (240)
[TradingView] Daily 캡처 완료 (D)
[TradingView] Weekly 캡처 완료 (W)
[TradingView] Monthly 캡처 완료 (M)
[[SP500 차트분석]] ROST 차트 5개 처리 완료
[TradingView] WELL 브라우저 세션 시작  (로그인 세션)...
[TradingView] 1H 캡처 완료 (60)
[TradingView] 4H 캡처 완료 (240)
[TradingView] Daily 캡처 완료 (D)
[TradingView] Weekly 캡처 완료 (W)
[TradingView] Monthly 캡처 완료 (M)
[[SP500 차트분석]] WELL 차트 5개 처리 완료
[TradingView] AMGN 브라우저 세션 시작  (로그인 세션)...
[TradingView] 1H 캡처 완료 (60)
[TradingView] 4H 캡처 완료 (240)
[TradingView] Daily 캡처 완료 (D)
[TradingView] Weekly 캡처 완료 (W)
[TradingView] Monthly 캡처 완료 (M)
[[SP500 차트분석]] AMGN 차트 5개 처리 완료
[TradingView] BAC 브라우저 세션 시작  (로그인 세션)...
[TradingView] 1H 캡처 완료 (60)
[TradingView] 4H 캡처 완료 (240)
[TradingView] Daily 캡처 완료 (D)
[TradingView] Weekly 캡처 완료 (W)
[TradingView] Monthly 캡처 완료 (M)
[[SP500 차트분석]] BAC 차트 5개 처리 완료
[TradingView] F 브라우저 세션 시작  (로그인 세션)...
[TradingView] 1H 캡처 완료 (60)
[TradingView] 4H 캡처 완료 (240)
[TradingView] Daily 캡처 완료 (D)
[TradingView] Weekly 캡처 완료 (W)
[TradingView] Monthly 캡처 완료 (M)
[[SP500 차트분석]] F 차트 5개 처리 완료
[TradingView] NXPI 브라우저 세션 시작  (로그인 세션)...
[TradingView] 1H 캡처 완료 (60)
[TradingView] 4H 캡처 완료 (240)
[TradingView] Daily 캡처 완료 (D)
[TradingView] Weekly 캡처 완료 (W)
[TradingView] Monthly 캡처 완료 (M)
[[SP500 차트분석]] NXPI 차트 5개 처리 완료
[TradingView] V 브라우저 세션 시작  (로그인 세션)...
[TradingView] 1H 캡처 완료 (60)
[TradingView] 4H 캡처 완료 (240)
[TradingView] Daily 캡처 완료 (D)
[TradingView] Weekly 캡처 완료 (W)
[TradingView] Monthly 캡처 완료 (M)
[[SP500 차트분석]] V 차트 5개 처리 완료
[TradingView] CDNS 브라우저 세션 시작  (로그인 세션)...
[TradingView] 1H 캡처 완료 (60)
[TradingView] 4H 캡처 완료 (240)
[TradingView] Daily 캡처 완료 (D)
[TradingView] Weekly 캡처 완료 (W)
[TradingView] Monthly 캡처 완료 (M)
[[SP500 차트분석]] CDNS 차트 5개 처리 완료
[TradingView] DDOG 브라우저 세션 시작  (로그인 세션)...
[TradingView] 1H 캡처 완료 (60)
[TradingView] 4H 캡처 완료 (240)
[TradingView] Daily 캡처 완료 (D)
[TradingView] Weekly 캡처 완료 (W)
[TradingView] Monthly 캡처 완료 (M)
[[SP500 차트분석]] DDOG 차트 5개 처리 완료
[TradingView] LIN 브라우저 세션 시작  (로그인 세션)...
[TradingView] 1H 캡처 완료 (60)
[TradingView] 4H 캡처 완료 (240)
[TradingView] Daily 캡처 완료 (D)
[TradingView] Weekly 캡처 완료 (W)
[TradingView] Monthly 캡처 완료 (M)
[[SP500 차트분석]] LIN 차트 5개 처리 완료
[TradingView] LLY 브라우저 세션 시작  (로그인 세션)...
[TradingView] 1H 캡처 완료 (60)
[TradingView] 4H 캡처 완료 (240)
[TradingView] Daily 캡처 완료 (D)
[TradingView] Weekly 캡처 완료 (W)
[TradingView] Monthly 캡처 완료 (M)
[[SP500 차트분석]] LLY 차트 5개 처리 완료
[TradingView] RTX 브라우저 세션 시작  (로그인 세션)...
[TradingView] 1H 캡처 완료 (60)
[TradingView] 4H 캡처 완료 (240)
[TradingView] Daily 캡처 완료 (D)
[TradingView] Weekly 캡처 완료 (W)
[TradingView] Monthly 캡처 완료 (M)
[[SP500 차트분석]] RTX 차트 5개 처리 완료
[TradingView] QQQ 브라우저 세션 시작  (로그인 세션)...
[TradingView] 1H 캡처 완료 (60)
[TradingView] 4H 캡처 완료 (240)
[TradingView] Daily 캡처 완료 (D)
[TradingView] Weekly 캡처 완료 (W)
[TradingView] Monthly 캡처 완료 (M)
[[SP500 차트분석]] QQQ 차트 5개 처리 완료
[TradingView] SPY 브라우저 세션 시작  (로그인 세션)...
[TradingView] 1H 캡처 완료 (60)
[TradingView] 4H 캡처 완료 (240)
[TradingView] Daily 캡처 완료 (D)
[TradingView] Weekly 캡처 완료 (W)
[TradingView] Monthly 캡처 완료 (M)
[[SP500 차트분석]] SPY 차트 5개 처리 완료
[TradingView] PM 브라우저 세션 시작  (로그인 세션)...
[TradingView] 1H 캡처 완료 (60)
[TradingView] 4H 캡처 완료 (240)
[TradingView] Daily 캡처 완료 (D)
[TradingView] Weekly 캡처 완료 (W)
[TradingView] Monthly 캡처 완료 (M)
[[SP500 차트분석]] PM 차트 5개 처리 완료
[TradingView] AAPL 브라우저 세션 시작  (로그인 세션)...
[TradingView] 1H 캡처 완료 (60)
[TradingView] 4H 캡처 완료 (240)
[TradingView] Daily 캡처 완료 (D)
[TradingView] Weekly 캡처 완료 (W)
[TradingView] Monthly 캡처 완료 (M)
[[SP500 차트분석]] AAPL 차트 5개 처리 완료
[TradingView] T 브라우저 세션 시작  (로그인 세션)...
[TradingView] 1H 캡처 완료 (60)
[TradingView] 4H 캡처 완료 (240)
[TradingView] Daily 캡처 완료 (D)
[TradingView] Weekly 캡처 완료 (W)
[TradingView] Monthly 캡처 완료 (M)
[[SP500 차트분석]] T 차트 5개 처리 완료
[TradingView] PEB 브라우저 세션 시작  (로그인 세션)...
[TradingView] 1H 캡처 완료 (60)
[TradingView] 4H 캡처 완료 (240)
[TradingView] Daily 캡처 완료 (D)
[TradingView] Weekly 캡처 완료 (W)
[TradingView] Monthly 캡처 완료 (M)
[[SP500 차트분석]] PEB 차트 5개 처리 완료
[TradingView] TKR 브라우저 세션 시작  (로그인 세션)...
[TradingView] 1H 캡처 완료 (60)
[TradingView] 4H 캡처 완료 (240)
[TradingView] Daily 캡처 완료 (D)
[TradingView] Weekly 캡처 완료 (W)
[TradingView] Monthly 캡처 완료 (M)
[[SP500 차트분석]] TKR 차트 5개 처리 완료
[TradingView] LRN 브라우저 세션 시작  (로그인 세션)...
[TradingView] 1H 캡처 완료 (60)
[TradingView] 4H 캡처 완료 (240)
[TradingView] Daily 캡처 완료 (D)
[TradingView] Weekly 캡처 완료 (W)
[TradingView] Monthly 캡처 완료 (M)
[[SP500 차트분석]] LRN 차트 5개 처리 완료
[TradingView] 티커 매핑 적용: NBM.V -> NBM
[TradingView] NBM.V 브라우저 세션 시작  (로그인 세션)...
[TradingView] 1H 캡처 완료 (60)
[TradingView] 4H 캡처 완료 (240)
[TradingView] Daily 캡처 완료 (D)
[TradingView] Weekly 캡처 완료 (W)
[TradingView] Monthly 캡처 완료 (M)
[[SP500 차트분석]] NBM.V 차트 5개 처리 완료
[[SP500 차트분석]] 차트 캡처 완료
[[SP500 차트분석]] GitHub에 차트 이미지 푸시 중...
[main 5430b88] Update chart screenshots 1782539033
 755 files changed, 0 insertions(+), 0 deletions(-)
 delete mode 100644 charts/screenshots/AAPL/AAPL_1H_20260626_060203.png
 create mode 100644 charts/screenshots/AAPL/AAPL_1H_20260627_053951.png
 delete mode 100644 charts/screenshots/AAPL/AAPL_4H_20260626_060203.png
 create mode 100644 charts/screenshots/AAPL/AAPL_4H_20260627_053951.png
 delete mode 100644 charts/screenshots/AAPL/AAPL_Daily_20260626_060203.png
 create mode 100644 charts/screenshots/AAPL/AAPL_Daily_20260627_053951.png
 delete mode 100644 charts/screenshots/AAPL/AAPL_Monthly_20260626_060203.png
 create mode 100644 charts/screenshots/AAPL/AAPL_Monthly_20260627_053951.png
 delete mode 100644 charts/screenshots/AAPL/AAPL_Weekly_20260626_060203.png
 create mode 100644 charts/screenshots/AAPL/AAPL_Weekly_20260627_053951.png
 delete mode 100644 charts/screenshots/ABBV/ABBV_1H_20260626_053118.png
 create mode 100644 charts/screenshots/ABBV/ABBV_1H_20260627_050306.png
 delete mode 100644 charts/screenshots/ABBV/ABBV_4H_20260626_053118.png
 create mode 100644 charts/screenshots/ABBV/ABBV_4H_20260627_050306.png
 delete mode 100644 charts/screenshots/ABBV/ABBV_Daily_20260626_053118.png
 create mode 100644 charts/screenshots/ABBV/ABBV_Daily_20260627_050306.png
 delete mode 100644 charts/screenshots/ABBV/ABBV_Monthly_20260626_053118.png
 create mode 100644 charts/screenshots/ABBV/ABBV_Monthly_20260627_050306.png
 delete mode 100644 charts/screenshots/ABBV/ABBV_Weekly_20260626_053118.png
 create mode 100644 charts/screenshots/ABBV/ABBV_Weekly_20260627_050306.png
 delete mode 100644 charts/screenshots/ACN/ACN_1H_20260626_060242.png
 delete mode 100644 charts/screenshots/ACN/ACN_4H_20260626_060242.png
 delete mode 100644 charts/screenshots/ACN/ACN_Daily_20260626_060242.png
 delete mode 100644 charts/screenshots/ACN/ACN_Monthly_20260626_060242.png
 delete mode 100644 charts/screenshots/ACN/ACN_Weekly_20260626_060242.png
 delete mode 100644 charts/screenshots/ADI/ADI_1H_20260626_053315.png
 create mode 100644 charts/screenshots/ADI/ADI_1H_20260627_051535.png
 delete mode 100644 charts/screenshots/ADI/ADI_4H_20260626_053315.png
 create mode 100644 charts/screenshots/ADI/ADI_4H_20260627_051535.png
 delete mode 100644 charts/screenshots/ADI/ADI_Daily_20260626_053315.png
 create mode 100644 charts/screenshots/ADI/ADI_Daily_20260627_051535.png
 delete mode 100644 charts/screenshots/ADI/ADI_Monthly_20260626_053315.png
 create mode 100644 charts/screenshots/ADI/ADI_Monthly_20260627_051535.png
 delete mode 100644 charts/screenshots/ADI/ADI_Weekly_20260626_053315.png
 create mode 100644 charts/screenshots/ADI/ADI_Weekly_20260627_051535.png
 delete mode 100644 charts/screenshots/AMAT/AMAT_1H_20260626_053001.png
 create mode 100644 charts/screenshots/AMAT/AMAT_1H_20260627_050345.png
 delete mode 100644 charts/screenshots/AMAT/AMAT_4H_20260626_053001.png
 create mode 100644 charts/screenshots/AMAT/AMAT_4H_20260627_050345.png
 delete mode 100644 charts/screenshots/AMAT/AMAT_Daily_20260626_053001.png
 create mode 100644 charts/screenshots/AMAT/AMAT_Daily_20260627_050345.png
 delete mode 100644 charts/screenshots/AMAT/AMAT_Monthly_20260626_053001.png
 create mode 100644 charts/screenshots/AMAT/AMAT_Monthly_20260627_050345.png
 delete mode 100644 charts/screenshots/AMAT/AMAT_Weekly_20260626_053001.png
 create mode 100644 charts/screenshots/AMAT/AMAT_Weekly_20260627_050345.png
 delete mode 100644 charts/screenshots/AMD/AMD_1H_20260626_054027.png
 create mode 100644 charts/screenshots/AMD/AMD_1H_20260627_051615.png
 delete mode 100644 charts/screenshots/AMD/AMD_4H_20260626_054027.png
 create mode 100644 charts/screenshots/AMD/AMD_4H_20260627_051615.png
 delete mode 100644 charts/screenshots/AMD/AMD_Daily_20260626_054027.png
 create mode 100644 charts/screenshots/AMD/AMD_Daily_20260627_051615.png
 delete mode 100644 charts/screenshots/AMD/AMD_Monthly_20260626_054027.png
 create mode 100644 charts/screenshots/AMD/AMD_Monthly_20260627_051615.png
 delete mode 100644 charts/screenshots/AMD/AMD_Weekly_20260626_054027.png
 create mode 100644 charts/screenshots/AMD/AMD_Weekly_20260627_051615.png
 delete mode 100644 charts/screenshots/AMGN/AMGN_1H_20260626_055411.png
 create mode 100644 charts/screenshots/AMGN/AMGN_1H_20260627_053121.png
 delete mode 100644 charts/screenshots/AMGN/AMGN_4H_20260626_055411.png
 create mode 100644 charts/screenshots/AMGN/AMGN_4H_20260627_053121.png
 delete mode 100644 charts/screenshots/AMGN/AMGN_Daily_20260626_055411.png
 create mode 100644 charts/screenshots/AMGN/AMGN_Daily_20260627_053121.png
 delete mode 100644 charts/screenshots/AMGN/AMGN_Monthly_20260626_055411.png
 create mode 100644 charts/screenshots/AMGN/AMGN_Monthly_20260627_053121.png
 delete mode 100644 charts/screenshots/AMGN/AMGN_Weekly_20260626_055411.png
 create mode 100644 charts/screenshots/AMGN/AMGN_Weekly_20260627_053121.png
 delete mode 100644 charts/screenshots/AMZN/AMZN_1H_20260626_054502.png
 create mode 100644 charts/screenshots/AMZN/AMZN_1H_20260627_052806.png
 delete mode 100644 charts/screenshots/AMZN/AMZN_4H_20260626_054502.png
 create mode 100644 charts/screenshots/AMZN/AMZN_4H_20260627_052806.png
 delete mode 100644 charts/screenshots/AMZN/AMZN_Daily_20260626_054502.png
 create mode 100644 charts/screenshots/AMZN/AMZN_Daily_20260627_052806.png
 delete mode 100644 charts/screenshots/AMZN/AMZN_Monthly_20260626_054502.png
 create mode 100644 charts/screenshots/AMZN/AMZN_Monthly_20260627_052806.png
 delete mode 100644 charts/screenshots/AMZN/AMZN_Weekly_20260626_054502.png
 create mode 100644 charts/screenshots/AMZN/AMZN_Weekly_20260627_052806.png
 delete mode 100644 charts/screenshots/ANET/ANET_1H_20260626_054105.png
 create mode 100644 charts/screenshots/ANET/ANET_1H_20260627_050424.png
 delete mode 100644 charts/screenshots/ANET/ANET_4H_20260626_054105.png
 create mode 100644 charts/screenshots/ANET/ANET_4H_20260627_050424.png
 delete mode 100644 charts/screenshots/ANET/ANET_Daily_20260626_054105.png
 create mode 100644 charts/screenshots/ANET/ANET_Daily_20260627_050424.png
 delete mode 100644 charts/screenshots/ANET/ANET_Monthly_20260626_054105.png
 create mode 100644 charts/screenshots/ANET/ANET_Monthly_20260627_050424.png
 delete mode 100644 charts/screenshots/ANET/ANET_Weekly_20260626_054105.png
 create mode 100644 charts/screenshots/ANET/ANET_Weekly_20260627_050424.png
 delete mode 100644 charts/screenshots/APH/APH_1H_20260626_052330.png
 create mode 100644 charts/screenshots/APH/APH_1H_20260627_051654.png
 delete mode 100644 charts/screenshots/APH/APH_4H_20260626_052330.png
 create mode 100644 charts/screenshots/APH/APH_4H_20260627_051654.png
 delete mode 100644 charts/screenshots/APH/APH_Daily_20260626_052330.png
 create mode 100644 charts/screenshots/APH/APH_Daily_20260627_051654.png
 delete mode 100644 charts/screenshots/APH/APH_Monthly_20260626_052330.png
 create mode 100644 charts/screenshots/APH/APH_Monthly_20260627_051654.png
 delete mode 100644 charts/screenshots/APH/APH_Weekly_20260626_052330.png
 create mode 100644 charts/screenshots/APH/APH_Weekly_20260627_051654.png
 delete mode 100644 charts/screenshots/APP/APP_1H_20260626_060520.png
 delete mode 100644 charts/screenshots/APP/APP_4H_20260626_060520.png
 delete mode 100644 charts/screenshots/APP/APP_Daily_20260626_060520.png
 delete mode 100644 charts/screenshots/APP/APP_Monthly_20260626_060520.png
 delete mode 100644 charts/screenshots/APP/APP_Weekly_20260626_060520.png
 delete mode 100644 charts/screenshots/ASML/ASML_1H_20260626_053354.png
 create mode 100644 charts/screenshots/ASML/ASML_1H_20260627_051734.png
 delete mode 100644 charts/screenshots/ASML/ASML_4H_20260626_053354.png
 create mode 100644 charts/screenshots/ASML/ASML_4H_20260627_051734.png
 delete mode 100644 charts/screenshots/ASML/ASML_Daily_20260626_053354.png
 create mode 100644 charts/screenshots/ASML/ASML_Daily_20260627_051734.png
 delete mode 100644 charts/screenshots/ASML/ASML_Monthly_20260626_053354.png
 create mode 100644 charts/screenshots/ASML/ASML_Monthly_20260627_051734.png
 delete mode 100644 charts/screenshots/ASML/ASML_Weekly_20260626_053354.png
 create mode 100644 charts/screenshots/ASML/ASML_Weekly_20260627_051734.png
 delete mode 100644 charts/screenshots/AXP/AXP_1H_20260626_055054.png
 create mode 100644 charts/screenshots/AXP/AXP_1H_20260627_052527.png
 delete mode 100644 charts/screenshots/AXP/AXP_4H_20260626_055054.png
 create mode 100644 charts/screenshots/AXP/AXP_4H_20260627_052527.png
 delete mode 100644 charts/screenshots/AXP/AXP_Daily_20260626_055054.png
 create mode 100644 charts/screenshots/AXP/AXP_Daily_20260627_052527.png
 delete mode 100644 charts/screenshots/AXP/AXP_Monthly_20260626_055054.png
 create mode 100644 charts/screenshots/AXP/AXP_Monthly_20260627_052527.png
 delete mode 100644 charts/screenshots/AXP/AXP_Weekly_20260626_055054.png
 create mode 100644 charts/screenshots/AXP/AXP_Weekly_20260627_052527.png
 delete mode 100644 charts/screenshots/BAC/BAC_1H_20260626_053828.png
 create mode 100644 charts/screenshots/BAC/BAC_1H_20260627_053200.png
 delete mode 100644 charts/screenshots/BAC/BAC_4H_20260626_053828.png
 create mode 100644 charts/screenshots/BAC/BAC_4H_20260627_053200.png
 delete mode 100644 charts/screenshots/BAC/BAC_Daily_20260626_053828.png
 create mode 100644 charts/screenshots/BAC/BAC_Daily_20260627_053200.png
 delete mode 100644 charts/screenshots/BAC/BAC_Monthly_20260626_053828.png
 create mode 100644 charts/screenshots/BAC/BAC_Monthly_20260627_053200.png
 delete mode 100644 charts/screenshots/BAC/BAC_Weekly_20260626_053828.png
 create mode 100644 charts/screenshots/BAC/BAC_Weekly_20260627_053200.png
 delete mode 100644 charts/screenshots/BLK/BLK_1H_20260626_055925.png
 delete mode 100644 charts/screenshots/BLK/BLK_4H_20260626_055925.png
 delete mode 100644 charts/screenshots/BLK/BLK_Daily_20260626_055925.png
 delete mode 100644 charts/screenshots/BLK/BLK_Monthly_20260626_055925.png
 delete mode 100644 charts/screenshots/BLK/BLK_Weekly_20260626_055925.png
 delete mode 100644 charts/screenshots/C/C_1H_20260626_052408.png
 create mode 100644 charts/screenshots/C/C_1H_20260627_052607.png
 delete mode 100644 charts/screenshots/C/C_4H_20260626_052408.png
 create mode 100644 charts/screenshots/C/C_4H_20260627_052607.png
 delete mode 100644 charts/screenshots/C/C_Daily_20260626_052408.png
 create mode 100644 charts/screenshots/C/C_Daily_20260627_052607.png
 delete mode 100644 charts/screenshots/C/C_Monthly_20260626_052408.png
 create mode 100644 charts/screenshots/C/C_Monthly_20260627_052607.png
 delete mode 100644 charts/screenshots/C/C_Weekly_20260626_052408.png
 create mode 100644 charts/screenshots/C/C_Weekly_20260627_052607.png
 delete mode 100644 charts/screenshots/CAT/CAT_1H_20260626_051737.png
 create mode 100644 charts/screenshots/CAT/CAT_1H_20260627_050148.png
 delete mode 100644 charts/screenshots/CAT/CAT_4H_20260626_051737.png
 create mode 100644 charts/screenshots/CAT/CAT_4H_20260627_050148.png
 delete mode 100644 charts/screenshots/CAT/CAT_Daily_20260626_051737.png
 create mode 100644 charts/screenshots/CAT/CAT_Daily_20260627_050148.png
 delete mode 100644 charts/screenshots/CAT/CAT_Monthly_20260626_051737.png
 create mode 100644 charts/screenshots/CAT/CAT_Monthly_20260627_050148.png
 delete mode 100644 charts/screenshots/CAT/CAT_Weekly_20260626_051737.png
 create mode 100644 charts/screenshots/CAT/CAT_Weekly_20260627_050148.png
 delete mode 100644 charts/screenshots/CDNS/CDNS_1H_20260626_054819.png
 create mode 100644 charts/screenshots/CDNS/CDNS_1H_20260627_053437.png
 delete mode 100644 charts/screenshots/CDNS/CDNS_4H_20260626_054819.png
 create mode 100644 charts/screenshots/CDNS/CDNS_4H_20260627_053437.png
 delete mode 100644 charts/screenshots/CDNS/CDNS_Daily_20260626_054819.png
 create mode 100644 charts/screenshots/CDNS/CDNS_Daily_20260627_053437.png
 delete mode 100644 charts/screenshots/CDNS/CDNS_Monthly_20260626_054819.png
 create mode 100644 charts/screenshots/CDNS/CDNS_Monthly_20260627_053437.png
 delete mode 100644 charts/screenshots/CDNS/CDNS_Weekly_20260626_054819.png
 create mode 100644 charts/screenshots/CDNS/CDNS_Weekly_20260627_053437.png
 delete mode 100644 charts/screenshots/CMCSA/CMCSA_1H_20260626_060718.png
 delete mode 100644 charts/screenshots/CMCSA/CMCSA_4H_20260626_060718.png
 delete mode 100644 charts/screenshots/CMCSA/CMCSA_Daily_20260626_060718.png
 delete mode 100644 charts/screenshots/CMCSA/CMCSA_Monthly_20260626_060718.png
 delete mode 100644 charts/screenshots/CMCSA/CMCSA_Weekly_20260626_060718.png
 delete mode 100644 charts/screenshots/COIN/COIN_1H_20260626_060757.png
 delete mode 100644 charts/screenshots/COIN/COIN_4H_20260626_060757.png
 delete mode 100644 charts/screenshots/COIN/COIN_Daily_20260626_060757.png
 delete mode 100644 charts/screenshots/COIN/COIN_Monthly_20260626_060757.png
 delete mode 100644 charts/screenshots/COIN/COIN_Weekly_20260626_060757.png
 delete mode 100644 charts/screenshots/COST/COST_1H_20260626_060916.png
 delete mode 100644 charts/screenshots/COST/COST_4H_20260626_060916.png
 delete mode 100644 charts/screenshots/COST/COST_Daily_20260626_060916.png
 delete mode 100644 charts/screenshots/COST/COST_Monthly_20260626_060916.png
 delete mode 100644 charts/screenshots/COST/COST_Weekly_20260626_060916.png
 delete mode 100644 charts/screenshots/CRWD/CRWD_1H_20260626_053433.png
 delete mode 100644 charts/screenshots/CRWD/CRWD_4H_20260626_053433.png
 delete mode 100644 charts/screenshots/CRWD/CRWD_Daily_20260626_053433.png
 delete mode 100644 charts/screenshots/CRWD/CRWD_Monthly_20260626_053433.png
 delete mode 100644 charts/screenshots/CRWD/CRWD_Weekly_20260626_053433.png
 delete mode 100644 charts/screenshots/CSCO/CSCO_1H_20260626_053157.png
 create mode 100644 charts/screenshots/CSCO/CSCO_1H_20260627_051813.png
 delete mode 100644 charts/screenshots/CSCO/CSCO_4H_20260626_053157.png
 create mode 100644 charts/screenshots/CSCO/CSCO_4H_20260627_051813.png
 delete mode 100644 charts/screenshots/CSCO/CSCO_Daily_20260626_053157.png
 create mode 100644 charts/screenshots/CSCO/CSCO_Daily_20260627_051813.png
 delete mode 100644 charts/screenshots/CSCO/CSCO_Monthly_20260626_053157.png
 create mode 100644 charts/screenshots/CSCO/CSCO_Monthly_20260627_051813.png
 delete mode 100644 charts/screenshots/CSCO/CSCO_Weekly_20260626_053157.png
 create mode 100644 charts/screenshots/CSCO/CSCO_Weekly_20260627_051813.png
 delete mode 100644 charts/screenshots/CVS/CVS_1H_20260626_052133.png
 create mode 100644 charts/screenshots/CVS/CVS_1H_20260627_051853.png
 delete mode 100644 charts/screenshots/CVS/CVS_4H_20260626_052133.png
 create mode 100644 charts/screenshots/CVS/CVS_4H_20260627_051853.png
 delete mode 100644 charts/screenshots/CVS/CVS_Daily_20260626_052133.png
 create mode 100644 charts/screenshots/CVS/CVS_Daily_20260627_051853.png
 delete mode 100644 charts/screenshots/CVS/CVS_Monthly_20260626_052133.png
 create mode 100644 charts/screenshots/CVS/CVS_Monthly_20260627_051853.png
 delete mode 100644 charts/screenshots/CVS/CVS_Weekly_20260626_052133.png
 create mode 100644 charts/screenshots/CVS/CVS_Weekly_20260627_051853.png
 delete mode 100644 charts/screenshots/DDOG/DDOG_1H_20260626_053236.png
 create mode 100644 charts/screenshots/DDOG/DDOG_1H_20260627_053516.png
 delete mode 100644 charts/screenshots/DDOG/DDOG_4H_20260626_053236.png
 create mode 100644 charts/screenshots/DDOG/DDOG_4H_20260627_053516.png
 delete mode 100644 charts/screenshots/DDOG/DDOG_Daily_20260626_053236.png
 create mode 100644 charts/screenshots/DDOG/DDOG_Daily_20260627_053516.png
 delete mode 100644 charts/screenshots/DDOG/DDOG_Monthly_20260626_053236.png
 create mode 100644 charts/screenshots/DDOG/DDOG_Monthly_20260627_053516.png
 delete mode 100644 charts/screenshots/DDOG/DDOG_Weekly_20260626_053236.png
 create mode 100644 charts/screenshots/DDOG/DDOG_Weekly_20260627_053516.png
 delete mode 100644 charts/screenshots/DE/DE_1H_20260626_053749.png
 create mode 100644 charts/screenshots/DE/DE_1H_20260627_051415.png
 delete mode 100644 charts/screenshots/DE/DE_4H_20260626_053749.png
 create mode 100644 charts/screenshots/DE/DE_4H_20260627_051415.png
 delete mode 100644 charts/screenshots/DE/DE_Daily_20260626_053749.png
 create mode 100644 charts/screenshots/DE/DE_Daily_20260627_051415.png
 delete mode 100644 charts/screenshots/DE/DE_Monthly_20260626_053749.png
 create mode 100644 charts/screenshots/DE/DE_Monthly_20260627_051415.png
 delete mode 100644 charts/screenshots/DE/DE_Weekly_20260626_053749.png
 create mode 100644 charts/screenshots/DE/DE_Weekly_20260627_051415.png
 delete mode 100644 charts/screenshots/DELL/DELL_1H_20260626_052447.png
 delete mode 100644 charts/screenshots/DELL/DELL_4H_20260626_052447.png
 delete mode 100644 charts/screenshots/DELL/DELL_Daily_20260626_052447.png
 delete mode 100644 charts/screenshots/DELL/DELL_Monthly_20260626_052447.png
 delete mode 100644 charts/screenshots/DELL/DELL_Weekly_20260626_052447.png
 delete mode 100644 charts/screenshots/ETN/ETN_1H_20260626_054343.png
 create mode 100644 charts/screenshots/ETN/ETN_1H_20260627_050028.png
 delete mode 100644 charts/screenshots/ETN/ETN_4H_20260626_054343.png
 create mode 100644 charts/screenshots/ETN/ETN_4H_20260627_050028.png
 delete mode 100644 charts/screenshots/ETN/ETN_Daily_20260626_054343.png
 create mode 100644 charts/screenshots/ETN/ETN_Daily_20260627_050028.png
 delete mode 100644 charts/screenshots/ETN/ETN_Monthly_20260626_054343.png
 create mode 100644 charts/screenshots/ETN/ETN_Monthly_20260627_050028.png
 delete mode 100644 charts/screenshots/ETN/ETN_Weekly_20260626_054343.png
 create mode 100644 charts/screenshots/ETN/ETN_Weekly_20260627_050028.png
 create mode 100644 charts/screenshots/F/F_1H_20260627_053239.png
 create mode 100644 charts/screenshots/F/F_4H_20260627_053239.png
 create mode 100644 charts/screenshots/F/F_Daily_20260627_053239.png
 create mode 100644 charts/screenshots/F/F_Monthly_20260627_053239.png
 create mode 100644 charts/screenshots/F/F_Weekly_20260627_053239.png
 delete mode 100644 charts/screenshots/FCX/FCX_1H_20260626_054541.png
 create mode 100644 charts/screenshots/FCX/FCX_1H_20260627_052448.png
 delete mode 100644 charts/screenshots/FCX/FCX_4H_20260626_054541.png
 create mode 100644 charts/screenshots/FCX/FCX_4H_20260627_052448.png
 delete mode 100644 charts/screenshots/FCX/FCX_Daily_20260626_054541.png
 create mode 100644 charts/screenshots/FCX/FCX_Daily_20260627_052448.png
 delete mode 100644 charts/screenshots/FCX/FCX_Monthly_20260626_054541.png
 create mode 100644 charts/screenshots/FCX/FCX_Monthly_20260627_052448.png
 delete mode 100644 charts/screenshots/FCX/FCX_Weekly_20260626_054541.png
 create mode 100644 charts/screenshots/FCX/FCX_Weekly_20260627_052448.png
 delete mode 100644 charts/screenshots/FTNT/FTNT_1H_20260626_052526.png
 create mode 100644 charts/screenshots/FTNT/FTNT_1H_20260627_051932.png
 delete mode 100644 charts/screenshots/FTNT/FTNT_4H_20260626_052526.png
 create mode 100644 charts/screenshots/FTNT/FTNT_4H_20260627_051932.png
 delete mode 100644 charts/screenshots/FTNT/FTNT_Daily_20260626_052526.png
 create mode 100644 charts/screenshots/FTNT/FTNT_Daily_20260627_051932.png
 delete mode 100644 charts/screenshots/FTNT/FTNT_Monthly_20260626_052526.png
 create mode 100644 charts/screenshots/FTNT/FTNT_Monthly_20260627_051932.png
 delete mode 100644 charts/screenshots/FTNT/FTNT_Weekly_20260626_052526.png
 create mode 100644 charts/screenshots/FTNT/FTNT_Weekly_20260627_051932.png
 delete mode 100644 charts/screenshots/GE/GE_1H_20260626_051855.png
 create mode 100644 charts/screenshots/GE/GE_1H_20260627_052210.png
 delete mode 100644 charts/screenshots/GE/GE_4H_20260626_051855.png
 create mode 100644 charts/screenshots/GE/GE_4H_20260627_052210.png
 delete mode 100644 charts/screenshots/GE/GE_Daily_20260626_051855.png
 create mode 100644 charts/screenshots/GE/GE_Daily_20260627_052210.png
 delete mode 100644 charts/screenshots/GE/GE_Monthly_20260626_051855.png
 create mode 100644 charts/screenshots/GE/GE_Monthly_20260627_052210.png
 delete mode 100644 charts/screenshots/GE/GE_Weekly_20260626_051855.png
 create mode 100644 charts/screenshots/GE/GE_Weekly_20260627_052210.png
 delete mode 100644 charts/screenshots/GEV/GEV_1H_20260626_051815.png
 create mode 100644 charts/screenshots/GEV/GEV_1H_20260627_051455.png
 delete mode 100644 charts/screenshots/GEV/GEV_4H_20260626_051815.png
 create mode 100644 charts/screenshots/GEV/GEV_4H_20260627_051455.png
 delete mode 100644 charts/screenshots/GEV/GEV_Daily_20260626_051815.png
 create mode 100644 charts/screenshots/GEV/GEV_Daily_20260627_051455.png
 delete mode 100644 charts/screenshots/GEV/GEV_Monthly_20260626_051815.png
 create mode 100644 charts/screenshots/GEV/GEV_Monthly_20260627_051455.png
 delete mode 100644 charts/screenshots/GEV/GEV_Weekly_20260626_051815.png
 create mode 100644 charts/screenshots/GEV/GEV_Weekly_20260627_051455.png
 delete mode 100644 charts/screenshots/GLW/GLW_1H_20260626_054144.png
 create mode 100644 charts/screenshots/GLW/GLW_1H_20260627_050504.png
 delete mode 100644 charts/screenshots/GLW/GLW_4H_20260626_054144.png
 create mode 100644 charts/screenshots/GLW/GLW_4H_20260627_050504.png
 delete mode 100644 charts/screenshots/GLW/GLW_Daily_20260626_054144.png
 create mode 100644 charts/screenshots/GLW/GLW_Daily_20260627_050504.png
 delete mode 100644 charts/screenshots/GLW/GLW_Monthly_20260626_054144.png
 create mode 100644 charts/screenshots/GLW/GLW_Monthly_20260627_050504.png
 delete mode 100644 charts/screenshots/GLW/GLW_Weekly_20260626_054144.png
 create mode 100644 charts/screenshots/GLW/GLW_Weekly_20260627_050504.png
 delete mode 100644 charts/screenshots/GOOG/GOOG_1H_20260626_055609.png
 create mode 100644 charts/screenshots/GOOG/GOOG_1H_20260627_052845.png
 delete mode 100644 charts/screenshots/GOOG/GOOG_4H_20260626_055609.png
 create mode 100644 charts/screenshots/GOOG/GOOG_4H_20260627_052845.png
 delete mode 100644 charts/screenshots/GOOG/GOOG_Daily_20260626_055609.png
 create mode 100644 charts/screenshots/GOOG/GOOG_Daily_20260627_052845.png
 delete mode 100644 charts/screenshots/GOOG/GOOG_Monthly_20260626_055609.png
 create mode 100644 charts/screenshots/GOOG/GOOG_Monthly_20260627_052845.png
 delete mode 100644 charts/screenshots/GOOG/GOOG_Weekly_20260626_055609.png
 create mode 100644 charts/screenshots/GOOG/GOOG_Weekly_20260627_052845.png
 delete mode 100644 charts/screenshots/GOOGL/GOOGL_1H_20260626_054858.png
 create mode 100644 charts/screenshots/GOOGL/GOOGL_1H_20260627_052923.png
 delete mode 100644 charts/screenshots/GOOGL/GOOGL_4H_20260626_054858.png
 create mode 100644 charts/screenshots/GOOGL/GOOGL_4H_20260627_052923.png
 delete mode 100644 charts/screenshots/GOOGL/GOOGL_Daily_20260626_054858.png
 create mode 100644 charts/screenshots/GOOGL/GOOGL_Daily_20260627_052923.png
 delete mode 100644 charts/screenshots/GOOGL/GOOGL_Monthly_20260626_054858.png
 create mode 100644 charts/screenshots/GOOGL/GOOGL_Monthly_20260627_052923.png
 delete mode 100644 charts/screenshots/GOOGL/GOOGL_Weekly_20260626_054858.png
 create mode 100644 charts/screenshots/GOOGL/GOOGL_Weekly_20260627_052923.png
 delete mode 100644 charts/screenshots/GS/GS_1H_20260626_054620.png
 delete mode 100644 charts/screenshots/GS/GS_4H_20260626_054620.png
 delete mode 100644 charts/screenshots/GS/GS_Daily_20260626_054620.png
 delete mode 100644 charts/screenshots/GS/GS_Monthly_20260626_054620.png
 delete mode 100644 charts/screenshots/GS/GS_Weekly_20260626_054620.png
 delete mode 100644 charts/screenshots/HON/HON_1H_20260626_053949.png
 create mode 100644 charts/screenshots/HON/HON_1H_20260627_050108.png
 delete mode 100644 charts/screenshots/HON/HON_4H_20260626_053949.png
 create mode 100644 charts/screenshots/HON/HON_4H_20260627_050108.png
 delete mode 100644 charts/screenshots/HON/HON_Daily_20260626_053949.png
 create mode 100644 charts/screenshots/HON/HON_Daily_20260627_050108.png
 delete mode 100644 charts/screenshots/HON/HON_Monthly_20260626_053949.png
 create mode 100644 charts/screenshots/HON/HON_Monthly_20260627_050108.png
 delete mode 100644 charts/screenshots/HON/HON_Weekly_20260626_053949.png
 create mode 100644 charts/screenshots/HON/HON_Weekly_20260627_050108.png
 delete mode 100644 charts/screenshots/HOOD/HOOD_1H_20260626_054422.png
 delete mode 100644 charts/screenshots/HOOD/HOOD_4H_20260626_054422.png
 delete mode 100644 charts/screenshots/HOOD/HOOD_Daily_20260626_054422.png
 delete mode 100644 charts/screenshots/HOOD/HOOD_Monthly_20260626_054422.png
 delete mode 100644 charts/screenshots/HOOD/HOOD_Weekly_20260626_054422.png
 delete mode 100644 charts/screenshots/HPE/HPE_1H_20260626_052606.png
 delete mode 100644 charts/screenshots/HPE/HPE_4H_20260626_052606.png
 delete mode 100644 charts/screenshots/HPE/HPE_Daily_20260626_052606.png
 delete mode 100644 charts/screenshots/HPE/HPE_Monthly_20260626_052606.png
 delete mode 100644 charts/screenshots/HPE/HPE_Weekly_20260626_052606.png
 delete mode 100644 charts/screenshots/INTC/INTC_1H_20260626_052645.png
 create mode 100644 charts/screenshots/INTC/INTC_1H_20260627_052012.png
 delete mode 100644 charts/screenshots/INTC/INTC_4H_20260626_052645.png
 create mode 100644 charts/screenshots/INTC/INTC_4H_20260627_052012.png
 delete mode 100644 charts/screenshots/INTC/INTC_Daily_20260626_052645.png
 create mode 100644 charts/screenshots/INTC/INTC_Daily_20260627_052012.png
 delete mode 100644 charts/screenshots/INTC/INTC_Monthly_20260626_052645.png
 create mode 100644 charts/screenshots/INTC/INTC_Monthly_20260627_052012.png
 delete mode 100644 charts/screenshots/INTC/INTC_Weekly_20260626_052645.png
 create mode 100644 charts/screenshots/INTC/INTC_Weekly_20260627_052012.png
 delete mode 100644 charts/screenshots/INTU/INTU_1H_20260626_060600.png
 delete mode 100644 charts/screenshots/INTU/INTU_4H_20260626_060600.png
 delete mode 100644 charts/screenshots/INTU/INTU_Daily_20260626_060600.png
 delete mode 100644 charts/screenshots/INTU/INTU_Monthly_20260626_060600.png
 delete mode 100644 charts/screenshots/INTU/INTU_Weekly_20260626_060600.png
 delete mode 100644 charts/screenshots/IWM/IWM_1H_20260626_053710.png
 create mode 100644 charts/screenshots/IWM/IWM_1H_20260627_050227.png
 delete mode 100644 charts/screenshots/IWM/IWM_4H_20260626_053710.png
 create mode 100644 charts/screenshots/IWM/IWM_4H_20260627_050227.png
 delete mode 100644 charts/screenshots/IWM/IWM_Daily_20260626_053710.png
 create mode 100644 charts/screenshots/IWM/IWM_Daily_20260627_050227.png
 delete mode 100644 charts/screenshots/IWM/IWM_Monthly_20260626_053710.png
 create mode 100644 charts/screenshots/IWM/IWM_Monthly_20260627_050227.png
 delete mode 100644 charts/screenshots/IWM/IWM_Weekly_20260626_053710.png
 create mode 100644 charts/screenshots/IWM/IWM_Weekly_20260627_050227.png
 delete mode 100644 charts/screenshots/JNJ/JNJ_1H_20260626_055016.png
 create mode 100644 charts/screenshots/JNJ/JNJ_1H_20260627_050544.png
 delete mode 100644 charts/screenshots/JNJ/JNJ_4H_20260626_055016.png
 create mode 100644 charts/screenshots/JNJ/JNJ_4H_20260627_050544.png
 delete mode 100644 charts/screenshots/JNJ/JNJ_Daily_20260626_055016.png
 create mode 100644 charts/screenshots/JNJ/JNJ_Daily_20260627_050544.png
 delete mode 100644 charts/screenshots/JNJ/JNJ_Monthly_20260626_055016.png
 create mode 100644 charts/screenshots/JNJ/JNJ_Monthly_20260627_050544.png
 delete mode 100644 charts/screenshots/JNJ/JNJ_Weekly_20260626_055016.png
 create mode 100644 charts/screenshots/JNJ/JNJ_Weekly_20260627_050544.png
 delete mode 100644 charts/screenshots/JPM/JPM_1H_20260626_052724.png
 create mode 100644 charts/screenshots/JPM/JPM_1H_20260627_050624.png
 delete mode 100644 charts/screenshots/JPM/JPM_4H_20260626_052724.png
 create mode 100644 charts/screenshots/JPM/JPM_4H_20260627_050624.png
 delete mode 100644 charts/screenshots/JPM/JPM_Daily_20260626_052724.png
 create mode 100644 charts/screenshots/JPM/JPM_Daily_20260627_050624.png
 delete mode 100644 charts/screenshots/JPM/JPM_Monthly_20260626_052724.png
 create mode 100644 charts/screenshots/JPM/JPM_Monthly_20260627_050624.png
 delete mode 100644 charts/screenshots/JPM/JPM_Weekly_20260626_052724.png
 create mode 100644 charts/screenshots/JPM/JPM_Weekly_20260627_050624.png
 delete mode 100644 charts/screenshots/KLAC/KLAC_1H_20260626_052803.png
 create mode 100644 charts/screenshots/KLAC/KLAC_1H_20260627_050703.png
 delete mode 100644 charts/screenshots/KLAC/KLAC_4H_20260626_052803.png
 create mode 100644 charts/screenshots/KLAC/KLAC_4H_20260627_050703.png
 delete mode 100644 charts/screenshots/KLAC/KLAC_Daily_20260626_052803.png
 create mode 100644 charts/screenshots/KLAC/KLAC_Daily_20260627_050703.png
 delete mode 100644 charts/screenshots/KLAC/KLAC_Monthly_20260626_052803.png
 create mode 100644 charts/screenshots/KLAC/KLAC_Monthly_20260627_050703.png
 delete mode 100644 charts/screenshots/KLAC/KLAC_Weekly_20260626_052803.png
 create mode 100644 charts/screenshots/KLAC/KLAC_Weekly_20260627_050703.png
 delete mode 100644 charts/screenshots/KO/KO_1H_20260626_055649.png
 create mode 100644 charts/screenshots/KO/KO_1H_20260627_050742.png
 delete mode 100644 charts/screenshots/KO/KO_4H_20260626_055649.png
 create mode 100644 charts/screenshots/KO/KO_4H_20260627_050742.png
 delete mode 100644 charts/screenshots/KO/KO_Daily_20260626_055649.png
 create mode 100644 charts/screenshots/KO/KO_Daily_20260627_050742.png
 delete mode 100644 charts/screenshots/KO/KO_Monthly_20260626_055649.png
 create mode 100644 charts/screenshots/KO/KO_Monthly_20260627_050742.png
 delete mode 100644 charts/screenshots/KO/KO_Weekly_20260626_055649.png
 create mode 100644 charts/screenshots/KO/KO_Weekly_20260627_050742.png
 delete mode 100644 charts/screenshots/LIN/LIN_1H_20260626_054937.png
 create mode 100644 charts/screenshots/LIN/LIN_1H_20260627_053556.png
 delete mode 100644 charts/screenshots/LIN/LIN_4H_20260626_054937.png
 create mode 100644 charts/screenshots/LIN/LIN_4H_20260627_053556.png
 delete mode 100644 charts/screenshots/LIN/LIN_Daily_20260626_054937.png
 create mode 100644 charts/screenshots/LIN/LIN_Daily_20260627_053556.png
 delete mode 100644 charts/screenshots/LIN/LIN_Monthly_20260626_054937.png
 create mode 100644 charts/screenshots/LIN/LIN_Monthly_20260627_053556.png
 delete mode 100644 charts/screenshots/LIN/LIN_Weekly_20260626_054937.png
 create mode 100644 charts/screenshots/LIN/LIN_Weekly_20260627_053556.png
 delete mode 100644 charts/screenshots/LLY/LLY_1H_20260626_053512.png
 create mode 100644 charts/screenshots/LLY/LLY_1H_20260627_053635.png
 delete mode 100644 charts/screenshots/LLY/LLY_4H_20260626_053512.png
 create mode 100644 charts/screenshots/LLY/LLY_4H_20260627_053635.png
 delete mode 100644 charts/screenshots/LLY/LLY_Daily_20260626_053512.png
 create mode 100644 charts/screenshots/LLY/LLY_Daily_20260627_053635.png
 delete mode 100644 charts/screenshots/LLY/LLY_Monthly_20260626_053512.png
 create mode 100644 charts/screenshots/LLY/LLY_Monthly_20260627_053635.png
 delete mode 100644 charts/screenshots/LLY/LLY_Weekly_20260626_053512.png
 create mode 100644 charts/screenshots/LLY/LLY_Weekly_20260627_053635.png
 delete mode 100644 charts/screenshots/LRCX/LRCX_1H_20260626_051935.png
 create mode 100644 charts/screenshots/LRCX/LRCX_1H_20260627_050821.png
 delete mode 100644 charts/screenshots/LRCX/LRCX_4H_20260626_051935.png
 create mode 100644 charts/screenshots/LRCX/LRCX_4H_20260627_050821.png
 delete mode 100644 charts/screenshots/LRCX/LRCX_Daily_20260626_051935.png
 create mode 100644 charts/screenshots/LRCX/LRCX_Daily_20260627_050821.png
 delete mode 100644 charts/screenshots/LRCX/LRCX_Monthly_20260626_051935.png
 create mode 100644 charts/screenshots/LRCX/LRCX_Monthly_20260627_050821.png
 delete mode 100644 charts/screenshots/LRCX/LRCX_Weekly_20260626_051935.png
 create mode 100644 charts/screenshots/LRCX/LRCX_Weekly_20260627_050821.png
 delete mode 100644 charts/screenshots/LRN/LRN_1H_20260626_061152.png
 create mode 100644 charts/screenshots/LRN/LRN_1H_20260627_054227.png
 delete mode 100644 charts/screenshots/LRN/LRN_4H_20260626_061152.png
 create mode 100644 charts/screenshots/LRN/LRN_4H_20260627_054227.png
 delete mode 100644 charts/screenshots/LRN/LRN_Daily_20260626_061152.png
 create mode 100644 charts/screenshots/LRN/LRN_Daily_20260627_054227.png
 delete mode 100644 charts/screenshots/LRN/LRN_Monthly_20260626_061152.png
 create mode 100644 charts/screenshots/LRN/LRN_Monthly_20260627_054227.png
 delete mode 100644 charts/screenshots/LRN/LRN_Weekly_20260626_061152.png
 create mode 100644 charts/screenshots/LRN/LRN_Weekly_20260627_054227.png
 delete mode 100644 charts/screenshots/MCHP/MCHP_1H_20260626_055134.png
 create mode 100644 charts/screenshots/MCHP/MCHP_1H_20260627_050900.png
 delete mode 100644 charts/screenshots/MCHP/MCHP_4H_20260626_055134.png
 create mode 100644 charts/screenshots/MCHP/MCHP_4H_20260627_050900.png
 delete mode 100644 charts/screenshots/MCHP/MCHP_Daily_20260626_055134.png
 create mode 100644 charts/screenshots/MCHP/MCHP_Daily_20260627_050900.png
 delete mode 100644 charts/screenshots/MCHP/MCHP_Monthly_20260626_055134.png
 create mode 100644 charts/screenshots/MCHP/MCHP_Monthly_20260627_050900.png
 delete mode 100644 charts/screenshots/MCHP/MCHP_Weekly_20260626_055134.png
 create mode 100644 charts/screenshots/MCHP/MCHP_Weekly_20260627_050900.png
 delete mode 100644 charts/screenshots/META/META_1H_20260626_060955.png
 delete mode 100644 charts/screenshots/META/META_4H_20260626_060955.png
 delete mode 100644 charts/screenshots/META/META_Daily_20260626_060955.png
 delete mode 100644 charts/screenshots/META/META_Monthly_20260626_060955.png
 delete mode 100644 charts/screenshots/META/META_Weekly_20260626_060955.png
 delete mode 100644 charts/screenshots/MPWR/MPWR_1H_20260626_055845.png
 create mode 100644 charts/screenshots/MPWR/MPWR_1H_20260627_052251.png
 delete mode 100644 charts/screenshots/MPWR/MPWR_4H_20260626_055845.png
 create mode 100644 charts/screenshots/MPWR/MPWR_4H_20260627_052251.png
 delete mode 100644 charts/screenshots/MPWR/MPWR_Daily_20260626_055845.png
 create mode 100644 charts/screenshots/MPWR/MPWR_Daily_20260627_052251.png
 delete mode 100644 charts/screenshots/MPWR/MPWR_Monthly_20260626_055845.png
 create mode 100644 charts/screenshots/MPWR/MPWR_Monthly_20260627_052251.png
 delete mode 100644 charts/screenshots/MPWR/MPWR_Weekly_20260626_055845.png
 create mode 100644 charts/screenshots/MPWR/MPWR_Weekly_20260627_052251.png
 delete mode 100644 charts/screenshots/MRK/MRK_1H_20260626_053909.png
 create mode 100644 charts/screenshots/MRK/MRK_1H_20260627_050939.png
 delete mode 100644 charts/screenshots/MRK/MRK_4H_20260626_053909.png
 create mode 100644 charts/screenshots/MRK/MRK_4H_20260627_050939.png
 delete mode 100644 charts/screenshots/MRK/MRK_Daily_20260626_053909.png
 create mode 100644 charts/screenshots/MRK/MRK_Daily_20260627_050939.png
 delete mode 100644 charts/screenshots/MRK/MRK_Monthly_20260626_053909.png
 create mode 100644 charts/screenshots/MRK/MRK_Monthly_20260627_050939.png
 delete mode 100644 charts/screenshots/MRK/MRK_Weekly_20260626_053909.png
 create mode 100644 charts/screenshots/MRK/MRK_Weekly_20260627_050939.png
 delete mode 100644 charts/screenshots/MRVL/MRVL_1H_20260626_052212.png
 delete mode 100644 charts/screenshots/MRVL/MRVL_4H_20260626_052212.png
 delete mode 100644 charts/screenshots/MRVL/MRVL_Daily_20260626_052212.png
 delete mode 100644 charts/screenshots/MRVL/MRVL_Monthly_20260626_052212.png
 delete mode 100644 charts/screenshots/MRVL/MRVL_Weekly_20260626_052212.png
 delete mode 100644 charts/screenshots/MS/MS_1H_20260626_052843.png
 create mode 100644 charts/screenshots/MS/MS_1H_20260627_051018.png
 delete mode 100644 charts/screenshots/MS/MS_4H_20260626_052843.png
 create mode 100644 charts/screenshots/MS/MS_4H_20260627_051018.png
 delete mode 100644 charts/screenshots/MS/MS_Daily_20260626_052843.png
 create mode 100644 charts/screenshots/MS/MS_Daily_20260627_051018.png
 delete mode 100644 charts/screenshots/MS/MS_Monthly_20260626_052843.png
 create mode 100644 charts/screenshots/MS/MS_Monthly_20260627_051018.png
 delete mode 100644 charts/screenshots/MS/MS_Weekly_20260626_052843.png
 create mode 100644 charts/screenshots/MS/MS_Weekly_20260627_051018.png
 delete mode 100644 charts/screenshots/MSFT/MSFT_1H_20260626_060639.png
 delete mode 100644 charts/screenshots/MSFT/MSFT_4H_20260626_060639.png
 delete mode 100644 charts/screenshots/MSFT/MSFT_Daily_20260626_060639.png
 delete mode 100644 charts/screenshots/MSFT/MSFT_Monthly_20260626_060639.png
 delete mode 100644 charts/screenshots/MSFT/MSFT_Weekly_20260626_060639.png
 delete mode 100644 charts/screenshots/MU/MU_1H_20260626_053550.png
 create mode 100644 charts/screenshots/MU/MU_1H_20260627_051056.png
 delete mode 100644 charts/screenshots/MU/MU_4H_20260626_053550.png
 create mode 100644 charts/screenshots/MU/MU_4H_20260627_051056.png
 delete mode 100644 charts/screenshots/MU/MU_Daily_20260626_053550.png
 create mode 100644 charts/screenshots/MU/MU_Daily_20260627_051056.png
 delete mode 100644 charts/screenshots/MU/MU_Monthly_20260626_053550.png
 create mode 100644 charts/screenshots/MU/MU_Monthly_20260627_051056.png
 delete mode 100644 charts/screenshots/MU/MU_Weekly_20260626_053550.png
 create mode 100644 charts/screenshots/MU/MU_Weekly_20260627_051056.png
 delete mode 100644 charts/screenshots/NBM.V/NBM.V_1H_20260626_061231.png
 create mode 100644 charts/screenshots/NBM.V/NBM.V_1H_20260627_054307.png
 delete mode 100644 charts/screenshots/NBM.V/NBM.V_4H_20260626_061231.png
 create mode 100644 charts/screenshots/NBM.V/NBM.V_4H_20260627_054307.png
 delete mode 100644 charts/screenshots/NBM.V/NBM.V_Daily_20260626_061231.png
 create mode 100644 charts/screenshots/NBM.V/NBM.V_Daily_20260627_054307.png
 delete mode 100644 charts/screenshots/NBM.V/NBM.V_Monthly_20260626_061231.png
 create mode 100644 charts/screenshots/NBM.V/NBM.V_Monthly_20260627_054307.png
 delete mode 100644 charts/screenshots/NBM.V/NBM.V_Weekly_20260626_061231.png
 create mode 100644 charts/screenshots/NBM.V/NBM.V_Weekly_20260627_054307.png
 delete mode 100644 charts/screenshots/NEM/NEM_1H_20260626_060837.png
 delete mode 100644 charts/screenshots/NEM/NEM_4H_20260626_060837.png
 delete mode 100644 charts/screenshots/NEM/NEM_Daily_20260626_060837.png
 delete mode 100644 charts/screenshots/NEM/NEM_Monthly_20260626_060837.png
 delete mode 100644 charts/screenshots/NEM/NEM_Weekly_20260626_060837.png
 delete mode 100644 charts/screenshots/NVDA/NVDA_1H_20260626_060124.png
 delete mode 100644 charts/screenshots/NVDA/NVDA_4H_20260626_060124.png
 delete mode 100644 charts/screenshots/NVDA/NVDA_Daily_20260626_060124.png
 delete mode 100644 charts/screenshots/NVDA/NVDA_Monthly_20260626_060124.png
 delete mode 100644 charts/screenshots/NVDA/NVDA_Weekly_20260626_060124.png
 delete mode 100644 charts/screenshots/NXPI/NXPI_1H_20260626_055728.png
 create mode 100644 charts/screenshots/NXPI/NXPI_1H_20260627_053318.png
 delete mode 100644 charts/screenshots/NXPI/NXPI_4H_20260626_055728.png
 create mode 100644 charts/screenshots/NXPI/NXPI_4H_20260627_053318.png
 delete mode 100644 charts/screenshots/NXPI/NXPI_Daily_20260626_055728.png
 create mode 100644 charts/screenshots/NXPI/NXPI_Daily_20260627_053318.png
 delete mode 100644 charts/screenshots/NXPI/NXPI_Monthly_20260626_055728.png
 create mode 100644 charts/screenshots/NXPI/NXPI_Monthly_20260627_053318.png
 delete mode 100644 charts/screenshots/NXPI/NXPI_Weekly_20260626_055728.png
 create mode 100644 charts/screenshots/NXPI/NXPI_Weekly_20260627_053318.png
 delete mode 100644 charts/screenshots/ON/ON_1H_20260626_055213.png
 create mode 100644 charts/screenshots/ON/ON_1H_20260627_052051.png
 delete mode 100644 charts/screenshots/ON/ON_4H_20260626_055213.png
 create mode 100644 charts/screenshots/ON/ON_4H_20260627_052051.png
 delete mode 100644 charts/screenshots/ON/ON_Daily_20260626_055213.png
 create mode 100644 charts/screenshots/ON/ON_Daily_20260627_052051.png
 delete mode 100644 charts/screenshots/ON/ON_Monthly_20260626_055213.png
 create mode 100644 charts/screenshots/ON/ON_Monthly_20260627_052051.png
 delete mode 100644 charts/screenshots/ON/ON_Weekly_20260626_055213.png
 create mode 100644 charts/screenshots/ON/ON_Weekly_20260627_052051.png
 delete mode 100644 charts/screenshots/PANW/PANW_1H_20260626_052922.png
 create mode 100644 charts/screenshots/PANW/PANW_1H_20260627_052646.png
 delete mode 100644 charts/screenshots/PANW/PANW_4H_20260626_052922.png
 create mode 100644 charts/screenshots/PANW/PANW_4H_20260627_052646.png
 delete mode 100644 charts/screenshots/PANW/PANW_Daily_20260626_052922.png
 create mode 100644 charts/screenshots/PANW/PANW_Daily_20260627_052646.png
 delete mode 100644 charts/screenshots/PANW/PANW_Monthly_20260626_052922.png
 create mode 100644 charts/screenshots/PANW/PANW_Monthly_20260627_052646.png
 delete mode 100644 charts/screenshots/PANW/PANW_Weekly_20260626_052922.png
 create mode 100644 charts/screenshots/PANW/PANW_Weekly_20260627_052646.png
 delete mode 100644 charts/screenshots/PEB/PEB_1H_20260626_061034.png
 create mode 100644 charts/screenshots/PEB/PEB_1H_20260627_054109.png
 delete mode 100644 charts/screenshots/PEB/PEB_4H_20260626_061034.png
 create mode 100644 charts/screenshots/PEB/PEB_4H_20260627_054109.png
 delete mode 100644 charts/screenshots/PEB/PEB_Daily_20260626_061034.png
 create mode 100644 charts/screenshots/PEB/PEB_Daily_20260627_054109.png
 delete mode 100644 charts/screenshots/PEB/PEB_Monthly_20260626_061034.png
 create mode 100644 charts/screenshots/PEB/PEB_Monthly_20260627_054109.png
 delete mode 100644 charts/screenshots/PEB/PEB_Weekly_20260626_061034.png
 create mode 100644 charts/screenshots/PEB/PEB_Weekly_20260627_054109.png
 delete mode 100644 charts/screenshots/PM/PM_1H_20260626_055332.png
 create mode 100644 charts/screenshots/PM/PM_1H_20260627_053911.png
 delete mode 100644 charts/screenshots/PM/PM_4H_20260626_055332.png
 create mode 100644 charts/screenshots/PM/PM_4H_20260627_053911.png
 delete mode 100644 charts/screenshots/PM/PM_Daily_20260626_055332.png
 create mode 100644 charts/screenshots/PM/PM_Daily_20260627_053911.png
 delete mode 100644 charts/screenshots/PM/PM_Monthly_20260626_055332.png
 create mode 100644 charts/screenshots/PM/PM_Monthly_20260627_053911.png
 delete mode 100644 charts/screenshots/PM/PM_Weekly_20260626_055332.png
 create mode 100644 charts/screenshots/PM/PM_Weekly_20260627_053911.png
 delete mode 100644 charts/screenshots/PWR/PWR_1H_20260626_054303.png
 create mode 100644 charts/screenshots/PWR/PWR_1H_20260627_052330.png
 delete mode 100644 charts/screenshots/PWR/PWR_4H_20260626_054303.png
 create mode 100644 charts/screenshots/PWR/PWR_4H_20260627_052330.png
 delete mode 100644 charts/screenshots/PWR/PWR_Daily_20260626_054303.png
 create mode 100644 charts/screenshots/PWR/PWR_Daily_20260627_052330.png
 delete mode 100644 charts/screenshots/PWR/PWR_Monthly_20260626_054303.png
 create mode 100644 charts/screenshots/PWR/PWR_Monthly_20260627_052330.png
 delete mode 100644 charts/screenshots/PWR/PWR_Weekly_20260626_054303.png
 create mode 100644 charts/screenshots/PWR/PWR_Weekly_20260627_052330.png
 delete mode 100644 charts/screenshots/QCOM/QCOM_1H_20260626_055530.png
 create mode 100644 charts/screenshots/QCOM/QCOM_1H_20260627_052131.png
 delete mode 100644 charts/screenshots/QCOM/QCOM_4H_20260626_055530.png
 create mode 100644 charts/screenshots/QCOM/QCOM_4H_20260627_052131.png
 delete mode 100644 charts/screenshots/QCOM/QCOM_Daily_20260626_055530.png
 create mode 100644 charts/screenshots/QCOM/QCOM_Daily_20260627_052131.png
 delete mode 100644 charts/screenshots/QCOM/QCOM_Monthly_20260626_055530.png
 create mode 100644 charts/screenshots/QCOM/QCOM_Monthly_20260627_052131.png
 delete mode 100644 charts/screenshots/QCOM/QCOM_Weekly_20260626_055530.png
 create mode 100644 charts/screenshots/QCOM/QCOM_Weekly_20260627_052131.png
 delete mode 100644 charts/screenshots/QQQ/QQQ_1H_20260626_054700.png
 create mode 100644 charts/screenshots/QQQ/QQQ_1H_20260627_053752.png
 delete mode 100644 charts/screenshots/QQQ/QQQ_4H_20260626_054700.png
 create mode 100644 charts/screenshots/QQQ/QQQ_4H_20260627_053752.png
 delete mode 100644 charts/screenshots/QQQ/QQQ_Daily_20260626_054700.png
 create mode 100644 charts/screenshots/QQQ/QQQ_Daily_20260627_053752.png
 delete mode 100644 charts/screenshots/QQQ/QQQ_Monthly_20260626_054700.png
 create mode 100644 charts/screenshots/QQQ/QQQ_Monthly_20260627_053752.png
 delete mode 100644 charts/screenshots/QQQ/QQQ_Weekly_20260626_054700.png
 create mode 100644 charts/screenshots/QQQ/QQQ_Weekly_20260627_053752.png
 create mode 100644 charts/screenshots/ROST/ROST_1H_20260627_053002.png
 create mode 100644 charts/screenshots/ROST/ROST_4H_20260627_053002.png
 create mode 100644 charts/screenshots/ROST/ROST_Daily_20260627_053002.png
 create mode 100644 charts/screenshots/ROST/ROST_Monthly_20260627_053002.png
 create mode 100644 charts/screenshots/ROST/ROST_Weekly_20260627_053002.png
 create mode 100644 charts/screenshots/RTX/RTX_1H_20260627_053713.png
 create mode 100644 charts/screenshots/RTX/RTX_4H_20260627_053713.png
 create mode 100644 charts/screenshots/RTX/RTX_Daily_20260627_053713.png
 create mode 100644 charts/screenshots/RTX/RTX_Monthly_20260627_053713.png
 create mode 100644 charts/screenshots/RTX/RTX_Weekly_20260627_053713.png
 delete mode 100644 charts/screenshots/SLB/SLB_1H_20260626_060045.png
 delete mode 100644 charts/screenshots/SLB/SLB_4H_20260626_060045.png
 delete mode 100644 charts/screenshots/SLB/SLB_Daily_20260626_060045.png
 delete mode 100644 charts/screenshots/SLB/SLB_Monthly_20260626_060045.png
 delete mode 100644 charts/screenshots/SLB/SLB_Weekly_20260626_060045.png
 delete mode 100644 charts/screenshots/SNPS/SNPS_1H_20260626_060005.png
 delete mode 100644 charts/screenshots/SNPS/SNPS_4H_20260626_060005.png
 delete mode 100644 charts/screenshots/SNPS/SNPS_Daily_20260626_060005.png
 delete mode 100644 charts/screenshots/SNPS/SNPS_Monthly_20260626_060005.png
 delete mode 100644 charts/screenshots/SNPS/SNPS_Weekly_20260626_060005.png
 delete mode 100644 charts/screenshots/SPY/SPY_1H_20260626_055450.png
 create mode 100644 charts/screenshots/SPY/SPY_1H_20260627_053832.png
 delete mode 100644 charts/screenshots/SPY/SPY_4H_20260626_055450.png
 create mode 100644 charts/screenshots/SPY/SPY_4H_20260627_053832.png
 delete mode 100644 charts/screenshots/SPY/SPY_Daily_20260626_055450.png
 create mode 100644 charts/screenshots/SPY/SPY_Daily_20260627_053832.png
 delete mode 100644 charts/screenshots/SPY/SPY_Monthly_20260626_055450.png
 create mode 100644 charts/screenshots/SPY/SPY_Monthly_20260627_053832.png
 delete mode 100644 charts/screenshots/SPY/SPY_Weekly_20260626_055450.png
 create mode 100644 charts/screenshots/SPY/SPY_Weekly_20260627_053832.png
 delete mode 100644 charts/screenshots/STX/STX_1H_20260626_052014.png
 create mode 100644 charts/screenshots/STX/STX_1H_20260627_051136.png
 delete mode 100644 charts/screenshots/STX/STX_4H_20260626_052014.png
 create mode 100644 charts/screenshots/STX/STX_4H_20260627_051136.png
 delete mode 100644 charts/screenshots/STX/STX_Daily_20260626_052014.png
 create mode 100644 charts/screenshots/STX/STX_Daily_20260627_051136.png
 delete mode 100644 charts/screenshots/STX/STX_Monthly_20260626_052014.png
 create mode 100644 charts/screenshots/STX/STX_Monthly_20260627_051136.png
 delete mode 100644 charts/screenshots/STX/STX_Weekly_20260626_052014.png
 create mode 100644 charts/screenshots/STX/STX_Weekly_20260627_051136.png
 delete mode 100644 charts/screenshots/T/T_1H_20260626_060402.png
 create mode 100644 charts/screenshots/T/T_1H_20260627_054030.png
 delete mode 100644 charts/screenshots/T/T_4H_20260626_060402.png
 create mode 100644 charts/screenshots/T/T_4H_20260627_054030.png
 delete mode 100644 charts/screenshots/T/T_Daily_20260626_060402.png
 create mode 100644 charts/screenshots/T/T_Daily_20260627_054030.png
 delete mode 100644 charts/screenshots/T/T_Monthly_20260626_060402.png
 create mode 100644 charts/screenshots/T/T_Monthly_20260627_054030.png
 delete mode 100644 charts/screenshots/T/T_Weekly_20260626_060402.png
 create mode 100644 charts/screenshots/T/T_Weekly_20260627_054030.png
 delete mode 100644 charts/screenshots/TER/TER_1H_20260626_053630.png
 create mode 100644 charts/screenshots/TER/TER_1H_20260627_051216.png
 delete mode 100644 charts/screenshots/TER/TER_4H_20260626_053630.png
 create mode 100644 charts/screenshots/TER/TER_4H_20260627_051216.png
 delete mode 100644 charts/screenshots/TER/TER_Daily_20260626_053630.png
 create mode 100644 charts/screenshots/TER/TER_Daily_20260627_051216.png
 delete mode 100644 charts/screenshots/TER/TER_Monthly_20260626_053630.png
 create mode 100644 charts/screenshots/TER/TER_Monthly_20260627_051216.png
 delete mode 100644 charts/screenshots/TER/TER_Weekly_20260626_053630.png
 create mode 100644 charts/screenshots/TER/TER_Weekly_20260627_051216.png
 delete mode 100644 charts/screenshots/TJX/TJX_1H_20260626_054223.png
 create mode 100644 charts/screenshots/TJX/TJX_1H_20260627_052409.png
 delete mode 100644 charts/screenshots/TJX/TJX_4H_20260626_054223.png
 create mode 100644 charts/screenshots/TJX/TJX_4H_20260627_052409.png
 delete mode 100644 charts/screenshots/TJX/TJX_Daily_20260626_054223.png
 create mode 100644 charts/screenshots/TJX/TJX_Daily_20260627_052409.png
 delete mode 100644 charts/screenshots/TJX/TJX_Monthly_20260626_054223.png
 create mode 100644 charts/screenshots/TJX/TJX_Monthly_20260627_052409.png
 delete mode 100644 charts/screenshots/TJX/TJX_Weekly_20260626_054223.png
 create mode 100644 charts/screenshots/TJX/TJX_Weekly_20260627_052409.png
 delete mode 100644 charts/screenshots/TKR/TKR_1H_20260626_061113.png
 create mode 100644 charts/screenshots/TKR/TKR_1H_20260627_054148.png
 delete mode 100644 charts/screenshots/TKR/TKR_4H_20260626_061113.png
 create mode 100644 charts/screenshots/TKR/TKR_4H_20260627_054148.png
 delete mode 100644 charts/screenshots/TKR/TKR_Daily_20260626_061113.png
 create mode 100644 charts/screenshots/TKR/TKR_Daily_20260627_054148.png
 delete mode 100644 charts/screenshots/TKR/TKR_Monthly_20260626_061113.png
 create mode 100644 charts/screenshots/TKR/TKR_Monthly_20260627_054148.png
 delete mode 100644 charts/screenshots/TKR/TKR_Weekly_20260626_061113.png
 create mode 100644 charts/screenshots/TKR/TKR_Weekly_20260627_054148.png
 delete mode 100644 charts/screenshots/TSLA/TSLA_1H_20260626_060441.png
 delete mode 100644 charts/screenshots/TSLA/TSLA_4H_20260626_060441.png
 delete mode 100644 charts/screenshots/TSLA/TSLA_Daily_20260626_060441.png
 delete mode 100644 charts/screenshots/TSLA/TSLA_Monthly_20260626_060441.png
 delete mode 100644 charts/screenshots/TSLA/TSLA_Weekly_20260626_060441.png
 delete mode 100644 charts/screenshots/TXN/TXN_1H_20260626_055252.png
 create mode 100644 charts/screenshots/TXN/TXN_1H_20260627_051256.png
 delete mode 100644 charts/screenshots/TXN/TXN_4H_20260626_055252.png
 create mode 100644 charts/screenshots/TXN/TXN_4H_20260627_051256.png
 delete mode 100644 charts/screenshots/TXN/TXN_Daily_20260626_055252.png
 create mode 100644 charts/screenshots/TXN/TXN_Daily_20260627_051256.png
 delete mode 100644 charts/screenshots/TXN/TXN_Monthly_20260626_055252.png
 create mode 100644 charts/screenshots/TXN/TXN_Monthly_20260627_051256.png
 delete mode 100644 charts/screenshots/TXN/TXN_Weekly_20260626_055252.png
 create mode 100644 charts/screenshots/TXN/TXN_Weekly_20260627_051256.png
 delete mode 100644 charts/screenshots/UNH/UNH_1H_20260626_052251.png
 create mode 100644 charts/screenshots/UNH/UNH_1H_20260627_052726.png
 delete mode 100644 charts/screenshots/UNH/UNH_4H_20260626_052251.png
 create mode 100644 charts/screenshots/UNH/UNH_4H_20260627_052726.png
 delete mode 100644 charts/screenshots/UNH/UNH_Daily_20260626_052251.png
 create mode 100644 charts/screenshots/UNH/UNH_Daily_20260627_052726.png
 delete mode 100644 charts/screenshots/UNH/UNH_Monthly_20260626_052251.png
 create mode 100644 charts/screenshots/UNH/UNH_Monthly_20260627_052726.png
 delete mode 100644 charts/screenshots/UNH/UNH_Weekly_20260626_052251.png
 create mode 100644 charts/screenshots/UNH/UNH_Weekly_20260627_052726.png
 delete mode 100644 charts/screenshots/V/V_1H_20260626_055806.png
 create mode 100644 charts/screenshots/V/V_1H_20260627_053358.png
 delete mode 100644 charts/screenshots/V/V_4H_20260626_055806.png
 create mode 100644 charts/screenshots/V/V_4H_20260627_053358.png
 delete mode 100644 charts/screenshots/V/V_Daily_20260626_055806.png
 create mode 100644 charts/screenshots/V/V_Daily_20260627_053358.png
 delete mode 100644 charts/screenshots/V/V_Monthly_20260626_055806.png
 create mode 100644 charts/screenshots/V/V_Monthly_20260627_053358.png
 delete mode 100644 charts/screenshots/V/V_Weekly_20260626_055806.png
 create mode 100644 charts/screenshots/V/V_Weekly_20260627_053358.png
 delete mode 100644 charts/screenshots/WDC/WDC_1H_20260626_052054.png
 create mode 100644 charts/screenshots/WDC/WDC_1H_20260627_051335.png
 delete mode 100644 charts/screenshots/WDC/WDC_4H_20260626_052054.png
 create mode 100644 charts/screenshots/WDC/WDC_4H_20260627_051335.png
 delete mode 100644 charts/screenshots/WDC/WDC_Daily_20260626_052054.png
 create mode 100644 charts/screenshots/WDC/WDC_Daily_20260627_051335.png
 delete mode 100644 charts/screenshots/WDC/WDC_Monthly_20260626_052054.png
 create mode 100644 charts/screenshots/WDC/WDC_Monthly_20260627_051335.png
 delete mode 100644 charts/screenshots/WDC/WDC_Weekly_20260626_052054.png
 create mode 100644 charts/screenshots/WDC/WDC_Weekly_20260627_051335.png
 delete mode 100644 charts/screenshots/WELL/WELL_1H_20260626_054739.png
 create mode 100644 charts/screenshots/WELL/WELL_1H_20260627_053041.png
 delete mode 100644 charts/screenshots/WELL/WELL_4H_20260626_054739.png
 create mode 100644 charts/screenshots/WELL/WELL_4H_20260627_053041.png
 delete mode 100644 charts/screenshots/WELL/WELL_Daily_20260626_054739.png
 create mode 100644 charts/screenshots/WELL/WELL_Daily_20260627_053041.png
 delete mode 100644 charts/screenshots/WELL/WELL_Monthly_20260626_054739.png
 create mode 100644 charts/screenshots/WELL/WELL_Monthly_20260627_053041.png
 delete mode 100644 charts/screenshots/WELL/WELL_Weekly_20260626_054739.png
 create mode 100644 charts/screenshots/WELL/WELL_Weekly_20260627_053041.png
 delete mode 100644 charts/screenshots/WFC/WFC_1H_20260626_053039.png
 delete mode 100644 charts/screenshots/WFC/WFC_4H_20260626_053039.png
 delete mode 100644 charts/screenshots/WFC/WFC_Daily_20260626_053039.png
 delete mode 100644 charts/screenshots/WFC/WFC_Monthly_20260626_053039.png
 delete mode 100644 charts/screenshots/WFC/WFC_Weekly_20260626_053039.png
 delete mode 100644 charts/screenshots/WMT/WMT_1H_20260626_060322.png
 delete mode 100644 charts/screenshots/WMT/WMT_4H_20260626_060322.png
 delete mode 100644 charts/screenshots/WMT/WMT_Daily_20260626_060322.png
 delete mode 100644 charts/screenshots/WMT/WMT_Monthly_20260626_060322.png
 delete mode 100644 charts/screenshots/WMT/WMT_Weekly_20260626_060322.png
[[SP500 차트분석]] GitHub 푸시 완료
[[SP500 차트분석]] Google Sheets 업데이트 완료
[Paper Trading] SP500 ranked_df 스냅샷 저장 완료 (129개 종목)

[요약] 파이프라인 완료 – 총 3767.9초 (62.80분) 소요
