============================================================
[Unified Paper Trading] SP500 + NASDAQ/NYSE 통합 실행 시작
============================================================
2026-07-22 06:57:53,883 [INFO] paper_trading.runner — [Runner] SP500 snapshot 로드: 129개 종목
[Unified PT] SP500 snapshot 로드: 129개 종목
2026-07-22 06:57:53,892 [INFO] paper_trading.runner — [Runner] NASDAQ snapshot 로드: 213개 종목
[Unified PT] NASDAQ snapshot 로드: 213개 종목
[Unified PT] 합산 완료: 335개 종목 (SP500 129 + NASDAQ 213개, 중복 제거 후)
[Unified PT] 골든크로스임박 종목: 52개
2026-07-22 06:57:55,484 [INFO] paper_trading.engine — [PaperTrading] SELL ACA @ 144.65 (장기보유(19일,-0.2%))
2026-07-22 06:57:55,488 [INFO] paper_trading.candidate_selector — [전략점수 분포] ~4.0: 123 | 4.0~5.0: 34 | 5.0~5.5: 37 | 5.5~6.0: 23 | 6.0+: 118
2026-07-22 06:57:55,498 [INFO] paper_trading.candidate_selector — [CandidateSelector] Regime=bull | Filtered=6/335 | Selected: CDNS (CCS=0.5587)
2026-07-22 06:57:55,502 [INFO] paper_trading.engine — [PaperTrading] BUY CDNS @ 344.64 (CCS=0.5587, RSI=38, upside P50=+5% P75=+8%)
[Unified PT] 매도=1 매수=1 보유=3종목
[Unified PT] 레짐=bull | 필터={'전략점수<6.0': 217, '바닥반등_52주과열': 4, '판단등급_미달': 104, '과열_차단': 2, '유동성_부족': 0, '어닝_임박': 0, '보유_중복': 0, '모멘텀_ADX부족': 2, '바닥_RSI데드존': 0, '섹터_집중': 0, '_통과': 6, '_전체': 335}
[Unified PT] Top5 후보:
  CDNS   CCS=0.5587 전략=📉 바닥반등 섹터=Technology
  UUUU   CCS=0.4913 전략=📉 바닥반등 섹터=Energy
  SMCI   CCS=0.4622 전략=📉 바닥반등 섹터=Technology
  PCT    CCS=0.4469 전략=📉 바닥반등 섹터=Industrials
  NXPI   CCS=0.4098 전략=📉 바닥반등 섹터=Technology
2026-07-22 06:57:57,241 [INFO] paper_trading.sheet_sync — [SheetSync] 거래로그 append: SELL ACA
2026-07-22 06:57:58,725 [INFO] paper_trading.sheet_sync — [SheetSync] 거래로그 append: BUY CDNS
2026-07-22 06:58:01,093 [INFO] paper_trading.sheet_sync — [SheetSync] 포지션현황 업데이트: 3개 종목
2026-07-22 06:58:02,877 [INFO] paper_trading.sheet_sync — [SheetSync] 성과요약 업데이트: 30건 거래
[Unified PT] 구글 시트 동기화 완료
2026-07-22 06:58:03,302 [INFO] matplotlib.font_manager — Failed to extract font properties from /usr/share/fonts/truetype/noto/NotoColorEmoji.ttf: Non-scalable fonts are not supported
2026-07-22 06:58:03,317 [INFO] matplotlib.font_manager — generated new fontManager
2026-07-22 06:58:03,990 [WARNING] fpdf.output — Font MPDFAA+NanumGothic is missing the following glyphs: '📉' (\U0001f4c9), '📈' (\U0001f4c8)
2026-07-22 06:58:04,001 [INFO] fontTools.subset — maxp pruned
2026-07-22 06:58:04,001 [INFO] fontTools.subset — cmap pruned
2026-07-22 06:58:04,001 [INFO] fontTools.subset — post pruned
2026-07-22 06:58:04,002 [INFO] fontTools.subset — DSIG dropped
2026-07-22 06:58:04,002 [INFO] fontTools.subset — GPOS dropped
2026-07-22 06:58:04,002 [INFO] fontTools.subset — GSUB dropped
2026-07-22 06:58:04,002 [INFO] fontTools.subset — glyf pruned
2026-07-22 06:58:04,003 [INFO] fontTools.subset — Added gid0 to subset
2026-07-22 06:58:04,003 [INFO] fontTools.subset — Added first four glyphs to subset
2026-07-22 06:58:04,003 [INFO] fontTools.subset — Closing glyph list over 'glyf': 102 glyphs before
2026-07-22 06:58:04,003 [INFO] fontTools.subset — Glyph names: ['.notdef', 'A', 'B', 'C', 'D', 'E', 'F', 'G', 'H', 'I', 'L', 'M', 'N', 'O', 'P', 'Q', 'R', 'S', 'T', 'U', 'V', 'W', 'Y', 'a', 'arrowright', 'b', 'bar', 'c', 'colon', 'comma', 'copyright', 'd', 'dollar', 'e', 'eight', 'emdash', 'exclam', 'f', 'five', 'four', 'g', 'h', 'hyphen', 'i', 'k', 'l', 'm', 'n', 'nine', 'numbersign', 'o', 'one', 'p', 'parenleft', 'parenright', 'percent', 'period', 'periodcentered', 'plus', 'q', 'quotedbl', 'r', 's', 'seven', 'six', 'slash', 'space', 't', 'three', 'triagup', 'two', 'u', 'uniAC00', 'uniAC04', 'uniAD50', 'uniAE30', 'uniB2E5', 'uniB4F1', 'uniB808', 'uniB9C1', 'uniBA58', 'uniBAA8', 'uniBAA9', 'uniBC14', 'uniBC18', 'uniBCF4', 'uniC190', 'uniC2DC', 'uniC720', 'uniC775', 'uniC77C', 'uniC7A5', 'uniC808', 'uniCCB4', 'uniD140', 'uniD2B8', 'uniD45C', 'v', 'w', 'x', 'y', 'zero']
2026-07-22 06:58:04,003 [INFO] fontTools.subset — Glyph IDs:   [0, 1, 2, 3, 4, 5, 8, 9, 11, 12, 13, 14, 15, 16, 17, 18, 19, 20, 21, 22, 23, 24, 25, 26, 33, 34, 35, 36, 37, 38, 39, 40, 41, 44, 45, 46, 47, 48, 49, 50, 51, 52, 53, 54, 55, 57, 64, 65, 66, 67, 68, 69, 70, 71, 72, 74, 75, 76, 77, 78, 79, 80, 81, 82, 83, 84, 85, 86, 87, 88, 91, 96, 99, 104, 159, 162, 495, 497, 607, 654, 928, 1042, 1177, 1267, 1310, 1326, 1327, 1397, 1401, 1458, 1675, 1751, 2013, 2043, 2045, 2067, 2091, 2308, 2518, 2576, 2661, 13296]
2026-07-22 06:58:04,003 [INFO] fontTools.subset — Closed glyph list over 'glyf': 102 glyphs after
2026-07-22 06:58:04,003 [INFO] fontTools.subset — Glyph names: ['.notdef', 'A', 'B', 'C', 'D', 'E', 'F', 'G', 'H', 'I', 'L', 'M', 'N', 'O', 'P', 'Q', 'R', 'S', 'T', 'U', 'V', 'W', 'Y', 'a', 'arrowright', 'b', 'bar', 'c', 'colon', 'comma', 'copyright', 'd', 'dollar', 'e', 'eight', 'emdash', 'exclam', 'f', 'five', 'four', 'g', 'h', 'hyphen', 'i', 'k', 'l', 'm', 'n', 'nine', 'numbersign', 'o', 'one', 'p', 'parenleft', 'parenright', 'percent', 'period', 'periodcentered', 'plus', 'q', 'quotedbl', 'r', 's', 'seven', 'six', 'slash', 'space', 't', 'three', 'triagup', 'two', 'u', 'uniAC00', 'uniAC04', 'uniAD50', 'uniAE30', 'uniB2E5', 'uniB4F1', 'uniB808', 'uniB9C1', 'uniBA58', 'uniBAA8', 'uniBAA9', 'uniBC14', 'uniBC18', 'uniBCF4', 'uniC190', 'uniC2DC', 'uniC720', 'uniC775', 'uniC77C', 'uniC7A5', 'uniC808', 'uniCCB4', 'uniD140', 'uniD2B8', 'uniD45C', 'v', 'w', 'x', 'y', 'zero']
2026-07-22 06:58:04,004 [INFO] fontTools.subset — Glyph IDs:   [0, 1, 2, 3, 4, 5, 8, 9, 11, 12, 13, 14, 15, 16, 17, 18, 19, 20, 21, 22, 23, 24, 25, 26, 33, 34, 35, 36, 37, 38, 39, 40, 41, 44, 45, 46, 47, 48, 49, 50, 51, 52, 53, 54, 55, 57, 64, 65, 66, 67, 68, 69, 70, 71, 72, 74, 75, 76, 77, 78, 79, 80, 81, 82, 83, 84, 85, 86, 87, 88, 91, 96, 99, 104, 159, 162, 495, 497, 607, 654, 928, 1042, 1177, 1267, 1310, 1326, 1327, 1397, 1401, 1458, 1675, 1751, 2013, 2043, 2045, 2067, 2091, 2308, 2518, 2576, 2661, 13296]
2026-07-22 06:58:04,004 [INFO] fontTools.subset — Retaining 102 glyphs
2026-07-22 06:58:04,004 [INFO] fontTools.subset — head subsetting not needed
2026-07-22 06:58:04,004 [INFO] fontTools.subset — hhea subsetting not needed
2026-07-22 06:58:04,004 [INFO] fontTools.subset — maxp subsetting not needed
2026-07-22 06:58:04,005 [INFO] fontTools.subset — OS/2 subsetting not needed
2026-07-22 06:58:04,005 [INFO] fontTools.subset — hmtx subsetted
2026-07-22 06:58:04,006 [INFO] fontTools.subset — cmap subsetted
2026-07-22 06:58:04,006 [INFO] fontTools.subset — fpgm subsetting not needed
2026-07-22 06:58:04,006 [INFO] fontTools.subset — prep subsetting not needed
2026-07-22 06:58:04,006 [INFO] fontTools.subset — cvt  subsetting not needed
2026-07-22 06:58:04,006 [INFO] fontTools.subset — loca subsetting not needed
2026-07-22 06:58:04,006 [INFO] fontTools.subset — post subsetted
2026-07-22 06:58:04,006 [INFO] fontTools.subset — gasp subsetting not needed
2026-07-22 06:58:04,007 [INFO] fontTools.subset — name subsetting not needed
2026-07-22 06:58:04,008 [INFO] fontTools.subset — glyf subsetted
2026-07-22 06:58:04,009 [INFO] fontTools.subset — head pruned
2026-07-22 06:58:04,009 [INFO] fontTools.subset — OS/2 Unicode ranges pruned: [0, 1, 31, 37, 45, 56]
2026-07-22 06:58:04,009 [INFO] fontTools.subset — OS/2 CodePage ranges pruned: [0]
2026-07-22 06:58:04,010 [INFO] fontTools.subset — glyf pruned
2026-07-22 06:58:04,010 [INFO] fontTools.subset — name pruned
2026-07-22 06:58:04,026 [WARNING] fpdf.output — Font MPDFAA+NanumGothicBold is missing the following glyphs: '📈' (\U0001f4c8), '📉' (\U0001f4c9)
2026-07-22 06:58:04,026 [INFO] fontTools.subset — maxp pruned
2026-07-22 06:58:04,026 [INFO] fontTools.subset — cmap pruned
2026-07-22 06:58:04,026 [INFO] fontTools.subset — post pruned
2026-07-22 06:58:04,026 [INFO] fontTools.subset — DSIG dropped
2026-07-22 06:58:04,026 [INFO] fontTools.subset — GPOS dropped
2026-07-22 06:58:04,027 [INFO] fontTools.subset — GSUB dropped
2026-07-22 06:58:04,027 [INFO] fontTools.subset — glyf pruned
2026-07-22 06:58:04,027 [INFO] fontTools.subset — Added gid0 to subset
2026-07-22 06:58:04,027 [INFO] fontTools.subset — Added first four glyphs to subset
2026-07-22 06:58:04,028 [INFO] fontTools.subset — Closing glyph list over 'glyf': 106 glyphs before
2026-07-22 06:58:04,028 [INFO] fontTools.subset — Glyph names: ['.notdef', 'A', 'B', 'C', 'D', 'E', 'F', 'G', 'H', 'I', 'J', 'K', 'L', 'M', 'N', 'O', 'P', 'Q', 'R', 'S', 'T', 'U', 'V', 'W', 'X', 'Y', 'Z', 'a', 'ampersand', 'b', 'c', 'colon', 'd', 'dollar', 'e', 'eight', 'emdash', 'equal', 'exclam', 'f', 'five', 'four', 'g', 'h', 'hyphen', 'i', 'j', 'k', 'l', 'm', 'n', 'nine', 'numbersign', 'o', 'one', 'p', 'parenleft', 'parenright', 'percent', 'period', 'periodcentered', 'plus', 'q', 'quotedbl', 'quotesingle', 'r', 's', 'seven', 'six', 'slash', 'space', 't', 'three', 'two', 'u', 'uni2605', 'uniAC15', 'uniAC78', 'uniB20C', 'uniB2E5', 'uniB370', 'uniB4DC', 'uniB4F1', 'uniB85C', 'uniB9BC', 'uniBA58', 'uniBAA8', 'uniBAA9', 'uniBC14', 'uniBC15', 'uniBC18', 'uniBC30', 'uniC138', 'uniC2A4', 'uniC5F4', 'uniC784', 'uniC789', 'uniC815', 'uniD06C', 'uniD140', 'uniD551', 'v', 'w', 'x', 'y', 'zero']
2026-07-22 06:58:04,028 [INFO] fontTools.subset — Glyph IDs:   [0, 1, 2, 3, 4, 5, 6, 7, 8, 9, 11, 13, 14, 15, 16, 17, 18, 19, 20, 21, 22, 23, 24, 25, 26, 29, 33, 34, 35, 36, 37, 38, 39, 40, 41, 42, 43, 44, 45, 46, 47, 48, 49, 50, 51, 52, 53, 54, 55, 56, 57, 58, 64, 65, 66, 67, 68, 69, 70, 71, 72, 73, 74, 75, 76, 77, 78, 79, 80, 81, 82, 83, 84, 85, 86, 87, 88, 99, 104, 150, 505, 533, 881, 926, 967, 1031, 1040, 1196, 1262, 1308, 1324, 1325, 1395, 1396, 1399, 1410, 1648, 1740, 1915, 2047, 2051, 2094, 2475, 2516, 2700, 13533]
2026-07-22 06:58:04,028 [INFO] fontTools.subset — Closed glyph list over 'glyf': 106 glyphs after
2026-07-22 06:58:04,028 [INFO] fontTools.subset — Glyph names: ['.notdef', 'A', 'B', 'C', 'D', 'E', 'F', 'G', 'H', 'I', 'J', 'K', 'L', 'M', 'N', 'O', 'P', 'Q', 'R', 'S', 'T', 'U', 'V', 'W', 'X', 'Y', 'Z', 'a', 'ampersand', 'b', 'c', 'colon', 'd', 'dollar', 'e', 'eight', 'emdash', 'equal', 'exclam', 'f', 'five', 'four', 'g', 'h', 'hyphen', 'i', 'j', 'k', 'l', 'm', 'n', 'nine', 'numbersign', 'o', 'one', 'p', 'parenleft', 'parenright', 'percent', 'period', 'periodcentered', 'plus', 'q', 'quotedbl', 'quotesingle', 'r', 's', 'seven', 'six', 'slash', 'space', 't', 'three', 'two', 'u', 'uni2605', 'uniAC15', 'uniAC78', 'uniB20C', 'uniB2E5', 'uniB370', 'uniB4DC', 'uniB4F1', 'uniB85C', 'uniB9BC', 'uniBA58', 'uniBAA8', 'uniBAA9', 'uniBC14', 'uniBC15', 'uniBC18', 'uniBC30', 'uniC138', 'uniC2A4', 'uniC5F4', 'uniC784', 'uniC789', 'uniC815', 'uniD06C', 'uniD140', 'uniD551', 'v', 'w', 'x', 'y', 'zero']
2026-07-22 06:58:04,028 [INFO] fontTools.subset — Glyph IDs:   [0, 1, 2, 3, 4, 5, 6, 7, 8, 9, 11, 13, 14, 15, 16, 17, 18, 19, 20, 21, 22, 23, 24, 25, 26, 29, 33, 34, 35, 36, 37, 38, 39, 40, 41, 42, 43, 44, 45, 46, 47, 48, 49, 50, 51, 52, 53, 54, 55, 56, 57, 58, 64, 65, 66, 67, 68, 69, 70, 71, 72, 73, 74, 75, 76, 77, 78, 79, 80, 81, 82, 83, 84, 85, 86, 87, 88, 99, 104, 150, 505, 533, 881, 926, 967, 1031, 1040, 1196, 1262, 1308, 1324, 1325, 1395, 1396, 1399, 1410, 1648, 1740, 1915, 2047, 2051, 2094, 2475, 2516, 2700, 13533]
2026-07-22 06:58:04,029 [INFO] fontTools.subset — Retaining 106 glyphs
2026-07-22 06:58:04,029 [INFO] fontTools.subset — head subsetting not needed
2026-07-22 06:58:04,029 [INFO] fontTools.subset — hhea subsetting not needed
2026-07-22 06:58:04,029 [INFO] fontTools.subset — maxp subsetting not needed
2026-07-22 06:58:04,029 [INFO] fontTools.subset — OS/2 subsetting not needed
2026-07-22 06:58:04,030 [INFO] fontTools.subset — hmtx subsetted
2026-07-22 06:58:04,031 [INFO] fontTools.subset — cmap subsetted
2026-07-22 06:58:04,031 [INFO] fontTools.subset — fpgm subsetting not needed
2026-07-22 06:58:04,031 [INFO] fontTools.subset — prep subsetting not needed
2026-07-22 06:58:04,031 [INFO] fontTools.subset — cvt  subsetting not needed
2026-07-22 06:58:04,031 [INFO] fontTools.subset — loca subsetting not needed
2026-07-22 06:58:04,031 [INFO] fontTools.subset — post subsetted
2026-07-22 06:58:04,031 [INFO] fontTools.subset — gasp subsetting not needed
2026-07-22 06:58:04,031 [INFO] fontTools.subset — name subsetting not needed
2026-07-22 06:58:04,033 [INFO] fontTools.subset — glyf subsetted
2026-07-22 06:58:04,034 [INFO] fontTools.subset — head pruned
2026-07-22 06:58:04,034 [INFO] fontTools.subset — OS/2 Unicode ranges pruned: [0, 1, 31, 46, 56]
2026-07-22 06:58:04,034 [INFO] fontTools.subset — OS/2 CodePage ranges pruned: [0]
2026-07-22 06:58:04,035 [INFO] fontTools.subset — glyf pruned
2026-07-22 06:58:04,035 [INFO] fontTools.subset — name pruned
[Unified PT] PDF 리포트 생성 완료 (123,046 bytes)
[시장분석] 59개 종목 데이터 수집 중...
2026-07-22 06:58:11,036 [WARNING] data.fetch — [fetch_analyst_data] UUUU: 'dict' object has no attribute 'empty'
2026-07-22 06:58:11,127 [WARNING] data.fetch — [fetch_analyst_data] CDNS: 'dict' object has no attribute 'empty'
2026-07-22 06:58:11,157 [WARNING] data.fetch — [fetch_analyst_data] NXPI: 'dict' object has no attribute 'empty'
2026-07-22 06:58:11,236 [WARNING] data.fetch — [fetch_analyst_data] PCT: 'dict' object has no attribute 'empty'
2026-07-22 06:58:11,252 [WARNING] data.fetch — [fetch_analyst_data] SMCI: 'dict' object has no attribute 'empty'
2026-07-22 06:58:17,863 [WARNING] data.fetch — [fetch_analyst_data] ACA: 'dict' object has no attribute 'empty'
2026-07-22 06:58:17,890 [WARNING] data.fetch — [fetch_analyst_data] APP: 'dict' object has no attribute 'empty'
2026-07-22 06:58:17,975 [WARNING] data.fetch — [fetch_analyst_data] PGR: 'dict' object has no attribute 'empty'
2026-07-22 06:58:18,000 [WARNING] data.fetch — [fetch_analyst_data] QBTS: 'dict' object has no attribute 'empty'
2026-07-22 06:58:18,056 [WARNING] data.fetch — [fetch_analyst_data] MA: 'dict' object has no attribute 'empty'
2026-07-22 06:58:24,642 [WARNING] data.fetch — [fetch_analyst_data] SFM: 'dict' object has no attribute 'empty'
2026-07-22 06:58:24,700 [WARNING] data.fetch — [fetch_analyst_data] SHW: 'dict' object has no attribute 'empty'
2026-07-22 06:58:24,809 [WARNING] data.fetch — [fetch_analyst_data] META: 'dict' object has no attribute 'empty'
2026-07-22 06:58:24,818 [WARNING] data.fetch — [fetch_analyst_data] IBM: 'dict' object has no attribute 'empty'
2026-07-22 06:58:24,875 [WARNING] data.fetch — [fetch_analyst_data] HIMS: 'dict' object has no attribute 'empty'
2026-07-22 06:58:31,392 [WARNING] data.fetch — [fetch_analyst_data] NVDA: 'dict' object has no attribute 'empty'
2026-07-22 06:58:31,415 [WARNING] data.fetch — [fetch_analyst_data] HD: 'dict' object has no attribute 'empty'
2026-07-22 06:58:31,483 [WARNING] data.fetch — [fetch_analyst_data] TMUS: 'dict' object has no attribute 'empty'
2026-07-22 06:58:31,550 [WARNING] data.fetch — [fetch_analyst_data] GILD: 'dict' object has no attribute 'empty'
2026-07-22 06:58:31,718 [WARNING] data.fetch — [fetch_analyst_data] CVX: 'dict' object has no attribute 'empty'
2026-07-22 06:58:38,133 [WARNING] data.fetch — [fetch_analyst_data] ZS: 'dict' object has no attribute 'empty'
2026-07-22 06:58:38,155 [WARNING] data.fetch — [fetch_analyst_data] BLK: 'dict' object has no attribute 'empty'
2026-07-22 06:58:38,303 [WARNING] data.fetch — [fetch_analyst_data] MCK: 'dict' object has no attribute 'empty'
2026-07-22 06:58:38,344 [WARNING] data.fetch — [fetch_analyst_data] XOM: 'dict' object has no attribute 'empty'
2026-07-22 06:58:38,456 [WARNING] data.fetch — [fetch_analyst_data] MSFT: 'dict' object has no attribute 'empty'
2026-07-22 06:58:44,828 [WARNING] data.fetch — [fetch_analyst_data] DJT: 'dict' object has no attribute 'empty'
2026-07-22 06:58:44,863 [WARNING] data.fetch — [fetch_analyst_data] KVYO: 'dict' object has no attribute 'empty'
2026-07-22 06:58:44,996 [WARNING] data.fetch — [fetch_analyst_data] LCID: 'dict' object has no attribute 'empty'
2026-07-22 06:58:45,180 [WARNING] data.fetch — [fetch_analyst_data] ABT: 'dict' object has no attribute 'empty'
2026-07-22 06:58:45,264 [WARNING] data.fetch — [fetch_analyst_data] PLTR: 'dict' object has no attribute 'empty'
2026-07-22 06:58:51,569 [WARNING] data.fetch — [fetch_analyst_data] PODD: 'dict' object has no attribute 'empty'
2026-07-22 06:58:51,584 [WARNING] data.fetch — [fetch_analyst_data] PFE: 'dict' object has no attribute 'empty'
2026-07-22 06:58:51,719 [WARNING] data.fetch — [fetch_analyst_data] KD: 'dict' object has no attribute 'empty'
2026-07-22 06:58:51,864 [WARNING] data.fetch — [fetch_analyst_data] CRM: 'dict' object has no attribute 'empty'
2026-07-22 06:58:52,108 [WARNING] data.fetch — [fetch_analyst_data] VZ: 'dict' object has no attribute 'empty'
2026-07-22 06:58:58,309 [WARNING] data.fetch — [fetch_analyst_data] FIGR: 'dict' object has no attribute 'empty'
2026-07-22 06:58:58,397 [WARNING] data.fetch — [fetch_analyst_data] CMCSA: 'dict' object has no attribute 'empty'
2026-07-22 06:58:58,402 [WARNING] data.fetch — [fetch_analyst_data] SKYQ: 'dict' object has no attribute 'empty'
2026-07-22 06:58:58,519 [WARNING] data.fetch — [fetch_analyst_data] CEG: 'dict' object has no attribute 'empty'
2026-07-22 06:58:58,827 [WARNING] data.fetch — [fetch_analyst_data] CSIQ: 'dict' object has no attribute 'empty'
2026-07-22 06:59:05,117 [WARNING] data.fetch — [fetch_analyst_data] COIN: 'dict' object has no attribute 'empty'
2026-07-22 06:59:05,135 [WARNING] data.fetch — [fetch_analyst_data] PLNT: 'dict' object has no attribute 'empty'
2026-07-22 06:59:05,218 [WARNING] data.fetch — [fetch_analyst_data] SBET: 'dict' object has no attribute 'empty'
2026-07-22 06:59:05,341 [WARNING] data.fetch — [fetch_analyst_data] T: 'dict' object has no attribute 'empty'
2026-07-22 06:59:05,735 [WARNING] data.fetch — [fetch_analyst_data] CLRO: 'dict' object has no attribute 'empty'
2026-07-22 06:59:12,031 [WARNING] data.fetch — [fetch_analyst_data] PG: 'dict' object has no attribute 'empty'
2026-07-22 06:59:12,060 [WARNING] data.fetch — [fetch_analyst_data] RZLV: 'dict' object has no attribute 'empty'
2026-07-22 06:59:12,168 [WARNING] data.fetch — [fetch_analyst_data] TSLA: 'dict' object has no attribute 'empty'
2026-07-22 06:59:12,266 [WARNING] data.fetch — [fetch_analyst_data] QUBT: 'dict' object has no attribute 'empty'
2026-07-22 06:59:12,972 [WARNING] data.fetch — [fetch_analyst_data] UTZ: 'dict' object has no attribute 'empty'
2026-07-22 06:59:18,692 [WARNING] data.fetch — [fetch_analyst_data] ALOY: 'dict' object has no attribute 'empty'
2026-07-22 06:59:18,932 [WARNING] data.fetch — [fetch_analyst_data] FLNC: 'dict' object has no attribute 'empty'
2026-07-22 06:59:19,037 [WARNING] data.fetch — [fetch_analyst_data] STUB: 'dict' object has no attribute 'empty'
2026-07-22 06:59:19,058 [WARNING] data.fetch — [fetch_analyst_data] BULL: 'dict' object has no attribute 'empty'
2026-07-22 06:59:20,069 [WARNING] data.fetch — [fetch_analyst_data] COF: 'dict' object has no attribute 'empty'
2026-07-22 06:59:25,368 [WARNING] data.fetch — [fetch_analyst_data] BKNG: 'dict' object has no attribute 'empty'
2026-07-22 06:59:25,655 [WARNING] data.fetch — [fetch_analyst_data] TMO: 'dict' object has no attribute 'empty'
2026-07-22 06:59:25,748 [WARNING] data.fetch — [fetch_analyst_data] LRCX: 'dict' object has no attribute 'empty'
2026-07-22 06:59:25,780 [WARNING] data.fetch — [fetch_analyst_data] RTX: 'dict' object has no attribute 'empty'
[시장분석] enrichment 완료
[Email] 페이퍼 트레이딩 알림 발송 완료 (PDF 첨부) (매도 1건, 매수 1건, 재평가 0건, 재평가실패 0건, 후보 5건) → chunghwan14@gmail.com, roykim0311@gmail.com, ssamjungtan@naver.com
============================================================
[Unified Paper Trading] 완료
============================================================
