[OHLCV] 배치 다운로드 1/4 (150개 종목, period=5y)...
[OHLCV] 배치 다운로드 2/4 (150개 종목, period=5y)...
[OHLCV] 배치 다운로드 3/4 (150개 종목, period=5y)...
[OHLCV] 배치 다운로드 4/4 (68개 종목, period=5y)...
[DataValidator] 11건의 데이터 품질 경고 발생
Warning:  CTRA: Close NaN 비율 100.0% (기준: 30%)
Warning:  DAY: Close NaN 비율 100.0% (기준: 30%)
Warning:  KVUE: Close NaN 비율 35.9% (기준: 30%)
Warning:  VLTO: Close NaN 비율 44.2% (기준: 30%)
Warning:  GEV: Close NaN 비율 53.8% (기준: 30%)
Warning:  GL: 비정상 가격 변동 53.1% (2024-04-11) — 스플릿/데이터 오류 가능
Warning:  HOOD: 비정상 가격 변동 50.4% (2021-08-04) — 스플릿/데이터 오류 가능
Warning:  BK: Close NaN 비율 99.9% (기준: 30%)
Warning:  HOLX: Close NaN 비율 100.0% (기준: 30%)
Warning:  SOLV: Close NaN 비율 53.7% (기준: 30%)
Warning:  PDD: 비정상 가격 변동 56.1% (2022-03-16) — 스플릿/데이터 오류 가능
[[SP500 분석]] 강한 섹터: {'Consumer Staples', 'Financials', 'Communication Services', 'Energy', 'Real Estate', 'Health Care'}
[[SP500 분석]] Extreme model 'label_low' walk-forward ROC 0.65, AP 0.40
[[SP500 분석]] Extreme model 'label_high' walk-forward ROC 0.56, AP 0.25
[[SP500 분석]] Google Sheets 업데이트 완료
[Email] 바닥반등 31개 + 모멘텀 45개 = 총 76개 종목 리스트를 chunghwan14@gmail.com, roykim0311@gmail.com, ssamjungtan@naver.com로 발송 완료
[[SP500 분석]] Signals 결과 기반 차트분석 종목 리스트 생성 중...
[Dynamic Portfolio] 생성된 차트분석 종목 리스트(78개): ['NBM.V', 'ACA', 'RTX', 'LRCX', 'MRVL', 'BAC', 'CVX', 'TMO', 'HD', 'HOOD', 'APP', 'NFLX', 'CRWD', 'HWM', 'MU', 'BSX', 'PANW', 'SHW', 'UNP', 'MRK', 'AMD', 'FTNT', 'XOM', 'ORCL', 'ANET', 'CAT', 'DDOG', 'WFC', 'C', 'ADI', 'NVDA', 'GE', 'GOOG', 'AMGN', 'INTC', 'MA', 'PGR', 'GEV', 'HPE', 'PG', 'ASML', 'PWR', 'PYPL', 'IWM', 'CVS', 'TXN', 'VRTX', 'KO', 'CSCO', 'MS', 'MCHP', 'GS', 'V', 'GOOGL', 'AMZN', 'DHR', 'AAPL', 'LLY', 'SMCI', 'JPM', 'SPY', 'VLO', 'PM', 'QQQ', 'KLAC', 'QCOM', 'ABBV', 'CDNS', 'META', 'JNJ', 'AXP', 'UNH', 'AMAT', 'SCHW', 'SNPS', 'DELL', 'NXPI', 'STX']
[[SP500 차트분석]] [SP500 분석] 결과 기반 [SP500 차트분석] 시트 생성 중 (78개 종목)...
[[SP500 차트분석]] [SP500 분석]에 없는 종목은 별도 분석: ['NBM.V', 'ACA']
[DataValidator] 1건의 데이터 품질 경고 발생
Warning:  NBM.V: 비정상 가격 변동 56.3% (2024-09-25) — 스플릿/데이터 오류 가능
[[SP500 차트분석]] 강한 섹터: {'Consumer Staples', 'Financials', 'Communication Services', 'Energy', 'Real Estate', 'Health Care'}
[[SP500 차트분석]] Extreme model 'global' skipped: insufficient_tickers
[[SP500 차트분석]] 기존 차트 파일 삭제 중...
[[SP500 차트분석]] 차트 저장 디렉토리 준비 완료: charts/screenshots
[[SP500 차트분석]] TradingView 차트 캡처 시작...
[[SP500 차트분석]] 78개 종목 차트 캡처 중...
[TradingView] SCHW 브라우저 세션 시작  (로그인 세션)...
[TradingView] 1H 캡처 완료 (60)
[TradingView] 4H 캡처 완료 (240)
[TradingView] Daily 캡처 완료 (D)
[TradingView] Weekly 캡처 완료 (W)
[TradingView] Monthly 캡처 완료 (M)
[[SP500 차트분석]] SCHW 차트 5개 처리 완료
[TradingView] VLO 브라우저 세션 시작  (로그인 세션)...
[TradingView] 1H 캡처 완료 (60)
[TradingView] 4H 캡처 완료 (240)
[TradingView] Daily 캡처 완료 (D)
[TradingView] Weekly 캡처 완료 (W)
[TradingView] Monthly 캡처 완료 (M)
[[SP500 차트분석]] VLO 차트 5개 처리 완료
[TradingView] MA 브라우저 세션 시작  (로그인 세션)...
[TradingView] 1H 캡처 완료 (60)
[TradingView] 4H 캡처 완료 (240)
[TradingView] Daily 캡처 완료 (D)
[TradingView] Weekly 캡처 완료 (W)
[TradingView] Monthly 캡처 완료 (M)
[[SP500 차트분석]] MA 차트 5개 처리 완료
[TradingView] CRWD 브라우저 세션 시작  (로그인 세션)...
[TradingView] 1H 캡처 완료 (60)
[TradingView] 4H 캡처 완료 (240)
[TradingView] Daily 캡처 완료 (D)
[TradingView] Weekly 캡처 완료 (W)
[TradingView] Monthly 캡처 완료 (M)
[[SP500 차트분석]] CRWD 차트 5개 처리 완료
[TradingView] AAPL 브라우저 세션 시작  (로그인 세션)...
[TradingView] 1H 캡처 완료 (60)
[TradingView] 4H 캡처 완료 (240)
[TradingView] Daily 캡처 완료 (D)
[TradingView] Weekly 캡처 완료 (W)
[TradingView] Monthly 캡처 완료 (M)
[[SP500 차트분석]] AAPL 차트 5개 처리 완료
[TradingView] ABBV 브라우저 세션 시작  (로그인 세션)...
[TradingView] 1H 캡처 완료 (60)
[TradingView] 4H 캡처 완료 (240)
[TradingView] Daily 캡처 완료 (D)
[TradingView] Weekly 캡처 완료 (W)
[TradingView] Monthly 캡처 완료 (M)
[[SP500 차트분석]] ABBV 차트 5개 처리 완료
[TradingView] BAC 브라우저 세션 시작  (로그인 세션)...
[TradingView] 1H 캡처 완료 (60)
[TradingView] 4H 캡처 완료 (240)
[TradingView] Daily 캡처 완료 (D)
[TradingView] Weekly 캡처 완료 (W)
[TradingView] Monthly 캡처 완료 (M)
[[SP500 차트분석]] BAC 차트 5개 처리 완료
[TradingView] FTNT 브라우저 세션 시작  (로그인 세션)...
[TradingView] 1H 캡처 완료 (60)
[TradingView] 4H 캡처 완료 (240)
[TradingView] Daily 캡처 완료 (D)
[TradingView] Weekly 캡처 완료 (W)
[TradingView] Monthly 캡처 완료 (M)
[[SP500 차트분석]] FTNT 차트 5개 처리 완료
[TradingView] PANW 브라우저 세션 시작  (로그인 세션)...
[TradingView] 1H 캡처 완료 (60)
[TradingView] 4H 캡처 완료 (240)
[TradingView] Daily 캡처 완료 (D)
[TradingView] Weekly 캡처 완료 (W)
[TradingView] Monthly 캡처 완료 (M)
[[SP500 차트분석]] PANW 차트 5개 처리 완료
[TradingView] PM 브라우저 세션 시작  (로그인 세션)...
[TradingView] 1H 캡처 완료 (60)
[TradingView] 4H 캡처 완료 (240)
[TradingView] Daily 캡처 완료 (D)
[TradingView] Weekly 캡처 완료 (W)
[TradingView] Monthly 캡처 완료 (M)
[[SP500 차트분석]] PM 차트 5개 처리 완료
[TradingView] UNP 브라우저 세션 시작  (로그인 세션)...
[TradingView] 1H 캡처 완료 (60)
[TradingView] 4H 캡처 완료 (240)
[TradingView] Daily 캡처 완료 (D)
[TradingView] Weekly 캡처 완료 (W)
[TradingView] Monthly 캡처 완료 (M)
[[SP500 차트분석]] UNP 차트 5개 처리 완료
[TradingView] V 브라우저 세션 시작  (로그인 세션)...
[TradingView] 1H 캡처 완료 (60)
[TradingView] 4H 캡처 완료 (240)
[TradingView] Daily 캡처 완료 (D)
[TradingView] Weekly 캡처 완료 (W)
[TradingView] Monthly 캡처 완료 (M)
[[SP500 차트분석]] V 차트 5개 처리 완료
[TradingView] CVS 브라우저 세션 시작  (로그인 세션)...
[TradingView] 1H 캡처 완료 (60)
[TradingView] 4H 캡처 완료 (240)
[TradingView] Daily 캡처 완료 (D)
[TradingView] Weekly 캡처 완료 (W)
[TradingView] Monthly 캡처 완료 (M)
[[SP500 차트분석]] CVS 차트 5개 처리 완료
[TradingView] META 브라우저 세션 시작  (로그인 세션)...
[TradingView] 1H 캡처 완료 (60)
[TradingView] 4H 캡처 완료 (240)
[TradingView] Daily 캡처 완료 (D)
[TradingView] Weekly 캡처 완료 (W)
[TradingView] Monthly 캡처 완료 (M)
[[SP500 차트분석]] META 차트 5개 처리 완료
[TradingView] VRTX 브라우저 세션 시작  (로그인 세션)...
[TradingView] 1H 캡처 완료 (60)
[TradingView] 4H 캡처 완료 (240)
[TradingView] Daily 캡처 완료 (D)
[TradingView] Weekly 캡처 완료 (W)
[TradingView] Monthly 캡처 완료 (M)
[[SP500 차트분석]] VRTX 차트 5개 처리 완료
[TradingView] AMGN 브라우저 세션 시작  (로그인 세션)...
[TradingView] 1H 캡처 완료 (60)
[TradingView] 4H 캡처 완료 (240)
[TradingView] Daily 캡처 완료 (D)
[TradingView] Weekly 캡처 완료 (W)
[TradingView] Monthly 캡처 완료 (M)
[[SP500 차트분석]] AMGN 차트 5개 처리 완료
[TradingView] DDOG 브라우저 세션 시작  (로그인 세션)...
[TradingView] 1H 캡처 완료 (60)
[TradingView] 4H 캡처 완료 (240)
[TradingView] Daily 캡처 완료 (D)
[TradingView] Weekly 캡처 완료 (W)
[TradingView] Monthly 캡처 완료 (M)
[[SP500 차트분석]] DDOG 차트 5개 처리 완료
[TradingView] TMO 브라우저 세션 시작  (로그인 세션)...
[TradingView] 1H 캡처 완료 (60)
[TradingView] 4H 캡처 완료 (240)
[TradingView] Daily 캡처 완료 (D)
[TradingView] Weekly 캡처 완료 (W)
[TradingView] Monthly 캡처 완료 (M)
[[SP500 차트분석]] TMO 차트 5개 처리 완료
[TradingView] UNH 브라우저 세션 시작  (로그인 세션)...
[TradingView] 1H 캡처 완료 (60)
[TradingView] 4H 캡처 완료 (240)
[TradingView] Daily 캡처 완료 (D)
[TradingView] Weekly 캡처 완료 (W)
[TradingView] Monthly 캡처 완료 (M)
[[SP500 차트분석]] UNH 차트 5개 처리 완료
[TradingView] DELL 브라우저 세션 시작  (로그인 세션)...
[TradingView] 1H 캡처 완료 (60)
[TradingView] 4H 캡처 완료 (240)
[TradingView] Daily 캡처 완료 (D)
[TradingView] Weekly 캡처 완료 (W)
[TradingView] Monthly 캡처 완료 (M)
[[SP500 차트분석]] DELL 차트 5개 처리 완료
[TradingView] AMD 브라우저 세션 시작  (로그인 세션)...
[TradingView] 1H 캡처 완료 (60)
[TradingView] 4H 캡처 완료 (240)
[TradingView] Daily 캡처 완료 (D)
[TradingView] Weekly 캡처 완료 (W)
[TradingView] Monthly 캡처 완료 (M)
[[SP500 차트분석]] AMD 차트 5개 처리 완료
[TradingView] JNJ 브라우저 세션 시작  (로그인 세션)...
[TradingView] 1H 캡처 완료 (60)
[TradingView] 4H 캡처 완료 (240)
[TradingView] Daily 캡처 완료 (D)
[TradingView] Weekly 캡처 완료 (W)
[TradingView] Monthly 캡처 완료 (M)
[[SP500 차트분석]] JNJ 차트 5개 처리 완료
[TradingView] LLY 브라우저 세션 시작  (로그인 세션)...
[TradingView] 1H 캡처 완료 (60)
[TradingView] 4H 캡처 완료 (240)
[TradingView] Daily 캡처 완료 (D)
[TradingView] Weekly 캡처 완료 (W)
[TradingView] Monthly 캡처 완료 (M)
[[SP500 차트분석]] LLY 차트 5개 처리 완료
[TradingView] MRK 브라우저 세션 시작  (로그인 세션)...
[TradingView] 1H 캡처 완료 (60)
[TradingView] 4H 캡처 완료 (240)
[TradingView] Daily 캡처 완료 (D)
[TradingView] Weekly 캡처 완료 (W)
[TradingView] Monthly 캡처 완료 (M)
[[SP500 차트분석]] MRK 차트 5개 처리 완료
[TradingView] RTX 브라우저 세션 시작  (로그인 세션)...
[TradingView] 1H 캡처 완료 (60)
[TradingView] 4H 캡처 완료 (240)
[TradingView] Daily 캡처 완료 (D)
[TradingView] Weekly 캡처 완료 (W)
[TradingView] Monthly 캡처 완료 (M)
[[SP500 차트분석]] RTX 차트 5개 처리 완료
[TradingView] PGR 브라우저 세션 시작  (로그인 세션)...
[TradingView] 1H 캡처 완료 (60)
[TradingView] 4H 캡처 완료 (240)
[TradingView] Daily 캡처 완료 (D)
[TradingView] Weekly 캡처 완료 (W)
[TradingView] Monthly 캡처 완료 (M)
[[SP500 차트분석]] PGR 차트 5개 처리 완료
[TradingView] IWM 브라우저 세션 시작  (로그인 세션)...
[TradingView] 1H 캡처 완료 (60)
[TradingView] 4H 캡처 완료 (240)
[TradingView] Daily 캡처 완료 (D)
[TradingView] Weekly 캡처 완료 (W)
[TradingView] Monthly 캡처 완료 (M)
[[SP500 차트분석]] IWM 차트 5개 처리 완료
[TradingView] CVX 브라우저 세션 시작  (로그인 세션)...
[TradingView] 1H 캡처 완료 (60)
[TradingView] 4H 캡처 완료 (240)
[TradingView] Daily 캡처 완료 (D)
[TradingView] Weekly 캡처 완료 (W)
[TradingView] Monthly 캡처 완료 (M)
[[SP500 차트분석]] CVX 차트 5개 처리 완료
[TradingView] XOM 브라우저 세션 시작  (로그인 세션)...
[TradingView] 1H 캡처 완료 (60)
[TradingView] 4H 캡처 완료 (240)
[TradingView] Daily 캡처 완료 (D)
[TradingView] Weekly 캡처 완료 (W)
[TradingView] Monthly 캡처 완료 (M)
[[SP500 차트분석]] XOM 차트 5개 처리 완료
[TradingView] GE 브라우저 세션 시작  (로그인 세션)...
[TradingView] 1H 캡처 완료 (60)
[TradingView] 4H 캡처 완료 (240)
[TradingView] Daily 캡처 완료 (D)
[TradingView] Weekly 캡처 완료 (W)
[TradingView] Monthly 캡처 완료 (M)
[[SP500 차트분석]] GE 차트 5개 처리 완료
[TradingView] MRVL 브라우저 세션 시작  (로그인 세션)...
[TradingView] 1H 캡처 완료 (60)
[TradingView] 4H 캡처 완료 (240)
[TradingView] Daily 캡처 완료 (D)
[TradingView] Weekly 캡처 완료 (W)
[TradingView] Monthly 캡처 완료 (M)
[[SP500 차트분석]] MRVL 차트 5개 처리 완료
[TradingView] CSCO 브라우저 세션 시작  (로그인 세션)...
[TradingView] 1H 캡처 완료 (60)
[TradingView] 4H 캡처 완료 (240)
[TradingView] Daily 캡처 완료 (D)
[TradingView] Weekly 캡처 완료 (W)
[TradingView] Monthly 캡처 완료 (M)
[[SP500 차트분석]] CSCO 차트 5개 처리 완료
[TradingView] STX 브라우저 세션 시작  (로그인 세션)...
[TradingView] 1H 캡처 완료 (60)
[TradingView] 4H 캡처 완료 (240)
[TradingView] Daily 캡처 완료 (D)
[TradingView] Weekly 캡처 완료 (W)
[TradingView] Monthly 캡처 완료 (M)
[[SP500 차트분석]] STX 차트 5개 처리 완료
[TradingView] ANET 브라우저 세션 시작  (로그인 세션)...
[TradingView] 1H 캡처 완료 (60)
[TradingView] 4H 캡처 완료 (240)
[TradingView] Daily 캡처 완료 (D)
[TradingView] Weekly 캡처 완료 (W)
[TradingView] Monthly 캡처 완료 (M)
[[SP500 차트분석]] ANET 차트 5개 처리 완료
[TradingView] AXP 브라우저 세션 시작  (로그인 세션)...
[TradingView] 1H 캡처 완료 (60)
[TradingView] 4H 캡처 완료 (240)
[TradingView] Daily 캡처 완료 (D)
[TradingView] Weekly 캡처 완료 (W)
[TradingView] Monthly 캡처 완료 (M)
[[SP500 차트분석]] AXP 차트 5개 처리 완료
[TradingView] HOOD 브라우저 세션 시작  (로그인 세션)...
[TradingView] 1H 캡처 완료 (60)
[TradingView] 4H 캡처 완료 (240)
[TradingView] Daily 캡처 완료 (D)
[TradingView] Weekly 캡처 완료 (W)
[TradingView] Monthly 캡처 완료 (M)
[[SP500 차트분석]] HOOD 차트 5개 처리 완료
[TradingView] NVDA 브라우저 세션 시작  (로그인 세션)...
[TradingView] 1H 캡처 완료 (60)
[TradingView] 4H 캡처 완료 (240)
[TradingView] Daily 캡처 완료 (D)
[TradingView] Weekly 캡처 완료 (W)
[TradingView] Monthly 캡처 완료 (M)
[[SP500 차트분석]] NVDA 차트 5개 처리 완료
[TradingView] SHW 브라우저 세션 시작  (로그인 세션)...
[TradingView] 1H 캡처 완료 (60)
[TradingView] 4H 캡처 완료 (240)
[TradingView] Daily 캡처 완료 (D)
[TradingView] Weekly 캡처 완료 (W)
[TradingView] Monthly 캡처 완료 (M)
[[SP500 차트분석]] SHW 차트 5개 처리 완료
[TradingView] AMZN 브라우저 세션 시작  (로그인 세션)...
[TradingView] 1H 캡처 완료 (60)
[TradingView] 4H 캡처 완료 (240)
[TradingView] Daily 캡처 완료 (D)
[TradingView] Weekly 캡처 완료 (W)
[TradingView] Monthly 캡처 완료 (M)
[[SP500 차트분석]] AMZN 차트 5개 처리 완료
[TradingView] PYPL 브라우저 세션 시작  (로그인 세션)...
[TradingView] 1H 캡처 완료 (60)
[TradingView] 4H 캡처 완료 (240)
[TradingView] Daily 캡처 완료 (D)
[TradingView] Weekly 캡처 완료 (W)
[TradingView] Monthly 캡처 완료 (M)
[[SP500 차트분석]] PYPL 차트 5개 처리 완료
[TradingView] KO 브라우저 세션 시작  (로그인 세션)...
[TradingView] 1H 캡처 완료 (60)
[TradingView] 4H 캡처 완료 (240)
[TradingView] Daily 캡처 완료 (D)
[TradingView] Weekly 캡처 완료 (W)
[TradingView] Monthly 캡처 완료 (M)
[[SP500 차트분석]] KO 차트 5개 처리 완료
[TradingView] GEV 브라우저 세션 시작  (로그인 세션)...
[TradingView] 1H 캡처 완료 (60)
[TradingView] 4H 캡처 완료 (240)
[TradingView] Daily 캡처 완료 (D)
[TradingView] Weekly 캡처 완료 (W)
[TradingView] Monthly 캡처 완료 (M)
[[SP500 차트분석]] GEV 차트 5개 처리 완료
[TradingView] JPM 브라우저 세션 시작  (로그인 세션)...
[TradingView] 1H 캡처 완료 (60)
[TradingView] 4H 캡처 완료 (240)
[TradingView] Daily 캡처 완료 (D)
[TradingView] Weekly 캡처 완료 (W)
[TradingView] Monthly 캡처 완료 (M)
[[SP500 차트분석]] JPM 차트 5개 처리 완료
[TradingView] WFC 브라우저 세션 시작  (로그인 세션)...
[TradingView] 1H 캡처 완료 (60)
[TradingView] 4H 캡처 완료 (240)
[TradingView] Daily 캡처 완료 (D)
[TradingView] Weekly 캡처 완료 (W)
[TradingView] Monthly 캡처 완료 (M)
[[SP500 차트분석]] WFC 차트 5개 처리 완료
[TradingView] HPE 브라우저 세션 시작  (로그인 세션)...
[TradingView] 1H 캡처 완료 (60)
[TradingView] 4H 캡처 완료 (240)
[TradingView] Daily 캡처 완료 (D)
[TradingView] Weekly 캡처 완료 (W)
[TradingView] Monthly 캡처 완료 (M)
[[SP500 차트분석]] HPE 차트 5개 처리 완료
[TradingView] C 브라우저 세션 시작  (로그인 세션)...
[TradingView] 1H 캡처 완료 (60)
[TradingView] 4H 캡처 완료 (240)
[TradingView] Daily 캡처 완료 (D)
[TradingView] Weekly 캡처 완료 (W)
[TradingView] Monthly 캡처 완료 (M)
[[SP500 차트분석]] C 차트 5개 처리 완료
[TradingView] DHR 브라우저 세션 시작  (로그인 세션)...
[TradingView] 1H 캡처 완료 (60)
[TradingView] 4H 캡처 완료 (240)
[TradingView] Daily 캡처 완료 (D)
[TradingView] Weekly 캡처 완료 (W)
[TradingView] Monthly 캡처 완료 (M)
[[SP500 차트분석]] DHR 차트 5개 처리 완료
[TradingView] SPY 브라우저 세션 시작  (로그인 세션)...
[TradingView] 1H 캡처 완료 (60)
[TradingView] 4H 캡처 완료 (240)
[TradingView] Daily 캡처 완료 (D)
[TradingView] Weekly 캡처 완료 (W)
[TradingView] Monthly 캡처 완료 (M)
[[SP500 차트분석]] SPY 차트 5개 처리 완료
[TradingView] TXN 브라우저 세션 시작  (로그인 세션)...
[TradingView] 1H 캡처 완료 (60)
[TradingView] 4H 캡처 완료 (240)
[TradingView] Daily 캡처 완료 (D)
[TradingView] Weekly 캡처 완료 (W)
[TradingView] Monthly 캡처 완료 (M)
[[SP500 차트분석]] TXN 차트 5개 처리 완료
[TradingView] MS 브라우저 세션 시작  (로그인 세션)...
[TradingView] 1H 캡처 완료 (60)
[TradingView] 4H 캡처 완료 (240)
[TradingView] Daily 캡처 완료 (D)
[TradingView] Weekly 캡처 완료 (W)
[TradingView] Monthly 캡처 완료 (M)
[[SP500 차트분석]] MS 차트 5개 처리 완료
[TradingView] MU 브라우저 세션 시작  (로그인 세션)...
[TradingView] 1H 캡처 완료 (60)
[TradingView] 4H 캡처 완료 (240)
[TradingView] Daily 캡처 완료 (D)
[TradingView] Weekly 캡처 완료 (W)
[TradingView] Monthly 캡처 완료 (M)
[[SP500 차트분석]] MU 차트 5개 처리 완료
[TradingView] QQQ 브라우저 세션 시작  (로그인 세션)...
[TradingView] 1H 캡처 완료 (60)
[TradingView] 4H 캡처 완료 (240)
[TradingView] Daily 캡처 완료 (D)
[TradingView] Weekly 캡처 완료 (W)
[TradingView] Monthly 캡처 완료 (M)
[[SP500 차트분석]] QQQ 차트 5개 처리 완료
[TradingView] AMAT 브라우저 세션 시작  (로그인 세션)...
[TradingView] 1H 캡처 완료 (60)
[TradingView] 4H 캡처 완료 (240)
[TradingView] Daily 캡처 완료 (D)
[TradingView] Weekly 캡처 완료 (W)
[TradingView] Monthly 캡처 완료 (M)
[[SP500 차트분석]] AMAT 차트 5개 처리 완료
[TradingView] HWM 브라우저 세션 시작  (로그인 세션)...
[TradingView] 1H 캡처 완료 (60)
[TradingView] 4H 캡처 완료 (240)
[TradingView] Daily 캡처 완료 (D)
[TradingView] Weekly 캡처 완료 (W)
[TradingView] Monthly 캡처 완료 (M)
[[SP500 차트분석]] HWM 차트 5개 처리 완료
[TradingView] GOOG 브라우저 세션 시작  (로그인 세션)...
[TradingView] 1H 캡처 완료 (60)
[TradingView] 4H 캡처 완료 (240)
[TradingView] Daily 캡처 완료 (D)
[TradingView] Weekly 캡처 완료 (W)
[TradingView] Monthly 캡처 완료 (M)
[[SP500 차트분석]] GOOG 차트 5개 처리 완료
[TradingView] GS 브라우저 세션 시작  (로그인 세션)...
[TradingView] 1H 캡처 완료 (60)
[TradingView] 4H 캡처 완료 (240)
[TradingView] Daily 캡처 완료 (D)
[TradingView] Weekly 캡처 완료 (W)
[TradingView] Monthly 캡처 완료 (M)
[[SP500 차트분석]] GS 차트 5개 처리 완료
[TradingView] ASML 브라우저 세션 시작  (로그인 세션)...
[TradingView] 1H 캡처 완료 (60)
[TradingView] 4H 캡처 완료 (240)
[TradingView] Daily 캡처 완료 (D)
[TradingView] Weekly 캡처 완료 (W)
[TradingView] Monthly 캡처 완료 (M)
[[SP500 차트분석]] ASML 차트 5개 처리 완료
[TradingView] HD 브라우저 세션 시작  (로그인 세션)...
[TradingView] 1H 캡처 완료 (60)
[TradingView] 4H 캡처 완료 (240)
[TradingView] Daily 캡처 완료 (D)
[TradingView] Weekly 캡처 완료 (W)
[TradingView] Monthly 캡처 완료 (M)
[[SP500 차트분석]] HD 차트 5개 처리 완료
[TradingView] INTC 브라우저 세션 시작  (로그인 세션)...
[TradingView] 1H 캡처 완료 (60)
[TradingView] 4H 캡처 완료 (240)
[TradingView] Daily 캡처 완료 (D)
[TradingView] Weekly 캡처 완료 (W)
[TradingView] Monthly 캡처 완료 (M)
[[SP500 차트분석]] INTC 차트 5개 처리 완료
[TradingView] PG 브라우저 세션 시작  (로그인 세션)...
[TradingView] 1H 캡처 완료 (60)
[TradingView] 4H 캡처 완료 (240)
[TradingView] Daily 캡처 완료 (D)
[TradingView] Weekly 캡처 완료 (W)
[TradingView] Monthly 캡처 완료 (M)
[[SP500 차트분석]] PG 차트 5개 처리 완료
[TradingView] CDNS 브라우저 세션 시작  (로그인 세션)...
[TradingView] 1H 캡처 완료 (60)
[TradingView] 4H 캡처 완료 (240)
[TradingView] Daily 캡처 완료 (D)
[TradingView] Weekly 캡처 완료 (W)
[TradingView] Monthly 캡처 완료 (M)
[[SP500 차트분석]] CDNS 차트 5개 처리 완료
[TradingView] SMCI 브라우저 세션 시작  (로그인 세션)...
[TradingView] 1H 캡처 완료 (60)
[TradingView] 4H 캡처 완료 (240)
[TradingView] Daily 캡처 완료 (D)
[TradingView] Weekly 캡처 완료 (W)
[TradingView] Monthly 캡처 완료 (M)
[[SP500 차트분석]] SMCI 차트 5개 처리 완료
[TradingView] CAT 브라우저 세션 시작  (로그인 세션)...
[TradingView] 1H 캡처 완료 (60)
[TradingView] 4H 캡처 완료 (240)
[TradingView] Daily 캡처 완료 (D)
[TradingView] Weekly 캡처 완료 (W)
[TradingView] Monthly 캡처 완료 (M)
[[SP500 차트분석]] CAT 차트 5개 처리 완료
[TradingView] LRCX 브라우저 세션 시작  (로그인 세션)...
[TradingView] 1H 캡처 완료 (60)
[TradingView] 4H 캡처 완료 (240)
[TradingView] Daily 캡처 완료 (D)
[TradingView] Weekly 캡처 완료 (W)
[TradingView] Monthly 캡처 완료 (M)
[[SP500 차트분석]] LRCX 차트 5개 처리 완료
[TradingView] GOOGL 브라우저 세션 시작  (로그인 세션)...
[TradingView] 1H 캡처 완료 (60)
[TradingView] 4H 캡처 완료 (240)
[TradingView] Daily 캡처 완료 (D)
[TradingView] Weekly 캡처 완료 (W)
[TradingView] Monthly 캡처 완료 (M)
[[SP500 차트분석]] GOOGL 차트 5개 처리 완료
[TradingView] KLAC 브라우저 세션 시작  (로그인 세션)...
[TradingView] 1H 캡처 완료 (60)
[TradingView] 4H 캡처 완료 (240)
[TradingView] Daily 캡처 완료 (D)
[TradingView] Weekly 캡처 완료 (W)
[TradingView] Monthly 캡처 완료 (M)
[[SP500 차트분석]] KLAC 차트 5개 처리 완료
[TradingView] APP 브라우저 세션 시작  (로그인 세션)...
[TradingView] 1H 캡처 완료 (60)
[TradingView] 4H 캡처 완료 (240)
[TradingView] Daily 캡처 완료 (D)
[TradingView] Weekly 캡처 완료 (W)
[TradingView] Monthly 캡처 완료 (M)
[[SP500 차트분석]] APP 차트 5개 처리 완료
[TradingView] NXPI 브라우저 세션 시작  (로그인 세션)...
[TradingView] 1H 캡처 완료 (60)
[TradingView] 4H 캡처 완료 (240)
[TradingView] Daily 캡처 완료 (D)
[TradingView] Weekly 캡처 완료 (W)
[TradingView] Monthly 캡처 완료 (M)
[[SP500 차트분석]] NXPI 차트 5개 처리 완료
[TradingView] QCOM 브라우저 세션 시작  (로그인 세션)...
[TradingView] 1H 캡처 완료 (60)
[TradingView] 4H 캡처 완료 (240)
[TradingView] Daily 캡처 완료 (D)
[TradingView] Weekly 캡처 완료 (W)
[TradingView] Monthly 캡처 완료 (M)
[[SP500 차트분석]] QCOM 차트 5개 처리 완료
[TradingView] ADI 브라우저 세션 시작  (로그인 세션)...
[TradingView] 1H 캡처 완료 (60)
[TradingView] 4H 캡처 완료 (240)
[TradingView] Daily 캡처 완료 (D)
[TradingView] Weekly 캡처 완료 (W)
[TradingView] Monthly 캡처 완료 (M)
[[SP500 차트분석]] ADI 차트 5개 처리 완료
[TradingView] NFLX 브라우저 세션 시작  (로그인 세션)...
[TradingView] 1H 캡처 완료 (60)
[TradingView] 4H 캡처 완료 (240)
[TradingView] Daily 캡처 완료 (D)
[TradingView] Weekly 캡처 완료 (W)
[TradingView] Monthly 캡처 완료 (M)
[[SP500 차트분석]] NFLX 차트 5개 처리 완료
[TradingView] MCHP 브라우저 세션 시작  (로그인 세션)...
[TradingView] 1H 캡처 완료 (60)
[TradingView] 4H 캡처 완료 (240)
[TradingView] Daily 캡처 완료 (D)
[TradingView] Weekly 캡처 완료 (W)
[TradingView] Monthly 캡처 완료 (M)
[[SP500 차트분석]] MCHP 차트 5개 처리 완료
[TradingView] PWR 브라우저 세션 시작  (로그인 세션)...
[TradingView] 1H 캡처 완료 (60)
[TradingView] 4H 캡처 완료 (240)
[TradingView] Daily 캡처 완료 (D)
[TradingView] Weekly 캡처 완료 (W)
[TradingView] Monthly 캡처 완료 (M)
[[SP500 차트분석]] PWR 차트 5개 처리 완료
[TradingView] BSX 브라우저 세션 시작  (로그인 세션)...
[TradingView] 1H 캡처 완료 (60)
[TradingView] 4H 캡처 완료 (240)
[TradingView] Daily 캡처 완료 (D)
[TradingView] Weekly 캡처 완료 (W)
[TradingView] Monthly 캡처 완료 (M)
[[SP500 차트분석]] BSX 차트 5개 처리 완료
[TradingView] ORCL 브라우저 세션 시작  (로그인 세션)...
[TradingView] 1H 캡처 완료 (60)
[TradingView] 4H 캡처 완료 (240)
[TradingView] Daily 캡처 완료 (D)
[TradingView] Weekly 캡처 완료 (W)
[TradingView] Monthly 캡처 완료 (M)
[[SP500 차트분석]] ORCL 차트 5개 처리 완료
[TradingView] SNPS 브라우저 세션 시작  (로그인 세션)...
[TradingView] 1H 캡처 완료 (60)
[TradingView] 4H 캡처 완료 (240)
[TradingView] Daily 캡처 완료 (D)
[TradingView] Weekly 캡처 완료 (W)
[TradingView] Monthly 캡처 완료 (M)
[[SP500 차트분석]] SNPS 차트 5개 처리 완료
[TradingView] ACA 브라우저 세션 시작  (로그인 세션)...
[TradingView] 1H 캡처 완료 (60)
[TradingView] 4H 캡처 완료 (240)
[TradingView] Daily 캡처 완료 (D)
[TradingView] Weekly 캡처 완료 (W)
[TradingView] Monthly 캡처 완료 (M)
[[SP500 차트분석]] ACA 차트 5개 처리 완료
[TradingView] 티커 매핑 적용: NBM.V -> NBM
[TradingView] NBM.V 브라우저 세션 시작  (로그인 세션)...
[TradingView] 1H 캡처 완료 (60)
[TradingView] 4H 캡처 완료 (240)
[TradingView] Daily 캡처 완료 (D)
[TradingView] Weekly 캡처 완료 (W)
[TradingView] Monthly 캡처 완료 (M)
[[SP500 차트분석]] NBM.V 차트 5개 처리 완료
[[SP500 차트분석]] 차트 캡처 완료
[[SP500 차트분석]] GitHub에 차트 이미지 푸시 중...
[main 49fcaeb] Update chart screenshots 1784696850
 755 files changed, 0 insertions(+), 0 deletions(-)
 delete mode 100644 charts/screenshots/AAPL/AAPL_1H_20260721_044954.png
 create mode 100644 charts/screenshots/AAPL/AAPL_1H_20260722_041955.png
 delete mode 100644 charts/screenshots/AAPL/AAPL_4H_20260721_044954.png
 create mode 100644 charts/screenshots/AAPL/AAPL_4H_20260722_041955.png
 delete mode 100644 charts/screenshots/AAPL/AAPL_Daily_20260721_044954.png
 create mode 100644 charts/screenshots/AAPL/AAPL_Daily_20260722_041955.png
 delete mode 100644 charts/screenshots/AAPL/AAPL_Monthly_20260721_044954.png
 create mode 100644 charts/screenshots/AAPL/AAPL_Monthly_20260722_041955.png
 delete mode 100644 charts/screenshots/AAPL/AAPL_Weekly_20260721_044954.png
 create mode 100644 charts/screenshots/AAPL/AAPL_Weekly_20260722_041955.png
 delete mode 100644 charts/screenshots/ABBV/ABBV_1H_20260721_045033.png
 create mode 100644 charts/screenshots/ABBV/ABBV_1H_20260722_042034.png
 delete mode 100644 charts/screenshots/ABBV/ABBV_4H_20260721_045033.png
 create mode 100644 charts/screenshots/ABBV/ABBV_4H_20260722_042034.png
 delete mode 100644 charts/screenshots/ABBV/ABBV_Daily_20260721_045033.png
 create mode 100644 charts/screenshots/ABBV/ABBV_Daily_20260722_042034.png
 delete mode 100644 charts/screenshots/ABBV/ABBV_Monthly_20260721_045033.png
 create mode 100644 charts/screenshots/ABBV/ABBV_Monthly_20260722_042034.png
 delete mode 100644 charts/screenshots/ABBV/ABBV_Weekly_20260721_045033.png
 create mode 100644 charts/screenshots/ABBV/ABBV_Weekly_20260722_042034.png
 delete mode 100644 charts/screenshots/ACA/ACA_1H_20260721_053430.png
 create mode 100644 charts/screenshots/ACA/ACA_1H_20260722_050606.png
 delete mode 100644 charts/screenshots/ACA/ACA_4H_20260721_053430.png
 create mode 100644 charts/screenshots/ACA/ACA_4H_20260722_050606.png
 delete mode 100644 charts/screenshots/ACA/ACA_Daily_20260721_053430.png
 create mode 100644 charts/screenshots/ACA/ACA_Daily_20260722_050606.png
 delete mode 100644 charts/screenshots/ACA/ACA_Monthly_20260721_053430.png
 create mode 100644 charts/screenshots/ACA/ACA_Monthly_20260722_050606.png
 delete mode 100644 charts/screenshots/ACA/ACA_Weekly_20260721_053430.png
 create mode 100644 charts/screenshots/ACA/ACA_Weekly_20260722_050606.png
 delete mode 100644 charts/screenshots/ADI/ADI_1H_20260721_053150.png
 create mode 100644 charts/screenshots/ADI/ADI_1H_20260722_050138.png
 delete mode 100644 charts/screenshots/ADI/ADI_4H_20260721_053150.png
 create mode 100644 charts/screenshots/ADI/ADI_4H_20260722_050138.png
 delete mode 100644 charts/screenshots/ADI/ADI_Daily_20260721_053150.png
 create mode 100644 charts/screenshots/ADI/ADI_Daily_20260722_050138.png
 delete mode 100644 charts/screenshots/ADI/ADI_Monthly_20260721_053150.png
 create mode 100644 charts/screenshots/ADI/ADI_Monthly_20260722_050138.png
 delete mode 100644 charts/screenshots/ADI/ADI_Weekly_20260721_053150.png
 create mode 100644 charts/screenshots/ADI/ADI_Weekly_20260722_050138.png
 create mode 100644 charts/screenshots/AMAT/AMAT_1H_20260722_045044.png
 create mode 100644 charts/screenshots/AMAT/AMAT_4H_20260722_045044.png
 create mode 100644 charts/screenshots/AMAT/AMAT_Daily_20260722_045044.png
 create mode 100644 charts/screenshots/AMAT/AMAT_Monthly_20260722_045044.png
 create mode 100644 charts/screenshots/AMAT/AMAT_Weekly_20260722_045044.png
 delete mode 100644 charts/screenshots/AMD/AMD_1H_20260721_050835.png
 create mode 100644 charts/screenshots/AMD/AMD_1H_20260722_043012.png
 delete mode 100644 charts/screenshots/AMD/AMD_4H_20260721_050835.png
 create mode 100644 charts/screenshots/AMD/AMD_4H_20260722_043012.png
 delete mode 100644 charts/screenshots/AMD/AMD_Daily_20260721_050835.png
 create mode 100644 charts/screenshots/AMD/AMD_Daily_20260722_043012.png
 delete mode 100644 charts/screenshots/AMD/AMD_Monthly_20260721_050835.png
 create mode 100644 charts/screenshots/AMD/AMD_Monthly_20260722_043012.png
 delete mode 100644 charts/screenshots/AMD/AMD_Weekly_20260721_050835.png
 create mode 100644 charts/screenshots/AMD/AMD_Weekly_20260722_043012.png
 delete mode 100644 charts/screenshots/AMGN/AMGN_1H_20260721_051711.png
 create mode 100644 charts/screenshots/AMGN/AMGN_1H_20260722_042659.png
 delete mode 100644 charts/screenshots/AMGN/AMGN_4H_20260721_051711.png
 create mode 100644 charts/screenshots/AMGN/AMGN_4H_20260722_042659.png
 delete mode 100644 charts/screenshots/AMGN/AMGN_Daily_20260721_051711.png
 create mode 100644 charts/screenshots/AMGN/AMGN_Daily_20260722_042659.png
 delete mode 100644 charts/screenshots/AMGN/AMGN_Monthly_20260721_051711.png
 create mode 100644 charts/screenshots/AMGN/AMGN_Monthly_20260722_042659.png
 delete mode 100644 charts/screenshots/AMGN/AMGN_Weekly_20260721_051711.png
 create mode 100644 charts/screenshots/AMGN/AMGN_Weekly_20260722_042659.png
 delete mode 100644 charts/screenshots/AMZN/AMZN_1H_20260721_051114.png
 create mode 100644 charts/screenshots/AMZN/AMZN_1H_20260722_044146.png
 delete mode 100644 charts/screenshots/AMZN/AMZN_4H_20260721_051114.png
 create mode 100644 charts/screenshots/AMZN/AMZN_4H_20260722_044146.png
 delete mode 100644 charts/screenshots/AMZN/AMZN_Daily_20260721_051114.png
 create mode 100644 charts/screenshots/AMZN/AMZN_Daily_20260722_044146.png
 delete mode 100644 charts/screenshots/AMZN/AMZN_Monthly_20260721_051114.png
 create mode 100644 charts/screenshots/AMZN/AMZN_Monthly_20260722_044146.png
 delete mode 100644 charts/screenshots/AMZN/AMZN_Weekly_20260721_051114.png
 create mode 100644 charts/screenshots/AMZN/AMZN_Weekly_20260722_044146.png
 delete mode 100644 charts/screenshots/ANET/ANET_1H_20260721_051153.png
 create mode 100644 charts/screenshots/ANET/ANET_1H_20260722_043832.png
 delete mode 100644 charts/screenshots/ANET/ANET_4H_20260721_051153.png
 create mode 100644 charts/screenshots/ANET/ANET_4H_20260722_043832.png
 delete mode 100644 charts/screenshots/ANET/ANET_Daily_20260721_051153.png
 create mode 100644 charts/screenshots/ANET/ANET_Daily_20260722_043832.png
 delete mode 100644 charts/screenshots/ANET/ANET_Monthly_20260721_051153.png
 create mode 100644 charts/screenshots/ANET/ANET_Monthly_20260722_043832.png
 delete mode 100644 charts/screenshots/ANET/ANET_Weekly_20260721_051153.png
 create mode 100644 charts/screenshots/ANET/ANET_Weekly_20260722_043832.png
 delete mode 100644 charts/screenshots/APH/APH_1H_20260721_052950.png
 delete mode 100644 charts/screenshots/APH/APH_4H_20260721_052950.png
 delete mode 100644 charts/screenshots/APH/APH_Daily_20260721_052950.png
 delete mode 100644 charts/screenshots/APH/APH_Monthly_20260721_052950.png
 delete mode 100644 charts/screenshots/APH/APH_Weekly_20260721_052950.png
 create mode 100644 charts/screenshots/APP/APP_1H_20260722_045943.png
 create mode 100644 charts/screenshots/APP/APP_4H_20260722_045943.png
 create mode 100644 charts/screenshots/APP/APP_Daily_20260722_045943.png
 create mode 100644 charts/screenshots/APP/APP_Monthly_20260722_045943.png
 create mode 100644 charts/screenshots/APP/APP_Weekly_20260722_045943.png
 create mode 100644 charts/screenshots/ASML/ASML_1H_20260722_045319.png
 create mode 100644 charts/screenshots/ASML/ASML_4H_20260722_045319.png
 create mode 100644 charts/screenshots/ASML/ASML_Daily_20260722_045319.png
 create mode 100644 charts/screenshots/ASML/ASML_Monthly_20260722_045319.png
 create mode 100644 charts/screenshots/ASML/ASML_Weekly_20260722_045319.png
 delete mode 100644 charts/screenshots/AXP/AXP_1H_20260721_050117.png
 create mode 100644 charts/screenshots/AXP/AXP_1H_20260722_043911.png
 delete mode 100644 charts/screenshots/AXP/AXP_4H_20260721_050117.png
 create mode 100644 charts/screenshots/AXP/AXP_4H_20260722_043911.png
 delete mode 100644 charts/screenshots/AXP/AXP_Daily_20260721_050117.png
 create mode 100644 charts/screenshots/AXP/AXP_Daily_20260722_043911.png
 delete mode 100644 charts/screenshots/AXP/AXP_Monthly_20260721_050117.png
 create mode 100644 charts/screenshots/AXP/AXP_Monthly_20260722_043911.png
 delete mode 100644 charts/screenshots/AXP/AXP_Weekly_20260721_050117.png
 create mode 100644 charts/screenshots/AXP/AXP_Weekly_20260722_043911.png
 delete mode 100644 charts/screenshots/BAC/BAC_1H_20260721_045113.png
 create mode 100644 charts/screenshots/BAC/BAC_1H_20260722_042112.png
 delete mode 100644 charts/screenshots/BAC/BAC_4H_20260721_045113.png
 create mode 100644 charts/screenshots/BAC/BAC_4H_20260722_042112.png
 delete mode 100644 charts/screenshots/BAC/BAC_Daily_20260721_045113.png
 create mode 100644 charts/screenshots/BAC/BAC_Daily_20260722_042112.png
 delete mode 100644 charts/screenshots/BAC/BAC_Monthly_20260721_045113.png
 create mode 100644 charts/screenshots/BAC/BAC_Monthly_20260722_042112.png
 delete mode 100644 charts/screenshots/BAC/BAC_Weekly_20260721_045113.png
 create mode 100644 charts/screenshots/BAC/BAC_Weekly_20260722_042112.png
 delete mode 100644 charts/screenshots/BRK-B/BRK-B_1H_20260721_052351.png
 delete mode 100644 charts/screenshots/BRK-B/BRK-B_4H_20260721_052351.png
 delete mode 100644 charts/screenshots/BRK-B/BRK-B_Daily_20260721_052351.png
 delete mode 100644 charts/screenshots/BRK-B/BRK-B_Monthly_20260721_052351.png
 delete mode 100644 charts/screenshots/BRK-B/BRK-B_Weekly_20260721_052351.png
 create mode 100644 charts/screenshots/BSX/BSX_1H_20260722_050412.png
 create mode 100644 charts/screenshots/BSX/BSX_4H_20260722_050412.png
 create mode 100644 charts/screenshots/BSX/BSX_Daily_20260722_050412.png
 create mode 100644 charts/screenshots/BSX/BSX_Monthly_20260722_050412.png
 create mode 100644 charts/screenshots/BSX/BSX_Weekly_20260722_050412.png
 delete mode 100644 charts/screenshots/C/C_1H_20260721_052031.png
 create mode 100644 charts/screenshots/C/C_1H_20260722_044615.png
 delete mode 100644 charts/screenshots/C/C_4H_20260721_052031.png
 create mode 100644 charts/screenshots/C/C_4H_20260722_044615.png
 delete mode 100644 charts/screenshots/C/C_Daily_20260721_052031.png
 create mode 100644 charts/screenshots/C/C_Daily_20260722_044615.png
 delete mode 100644 charts/screenshots/C/C_Monthly_20260721_052031.png
 create mode 100644 charts/screenshots/C/C_Monthly_20260722_044615.png
 delete mode 100644 charts/screenshots/C/C_Weekly_20260721_052031.png
 create mode 100644 charts/screenshots/C/C_Weekly_20260722_044615.png
 create mode 100644 charts/screenshots/CAT/CAT_1H_20260722_045708.png
 create mode 100644 charts/screenshots/CAT/CAT_4H_20260722_045708.png
 create mode 100644 charts/screenshots/CAT/CAT_Daily_20260722_045708.png
 create mode 100644 charts/screenshots/CAT/CAT_Monthly_20260722_045708.png
 create mode 100644 charts/screenshots/CAT/CAT_Weekly_20260722_045708.png
 delete mode 100644 charts/screenshots/CDNS/CDNS_1H_20260721_052710.png
 create mode 100644 charts/screenshots/CDNS/CDNS_1H_20260722_045551.png
 delete mode 100644 charts/screenshots/CDNS/CDNS_4H_20260721_052710.png
 create mode 100644 charts/screenshots/CDNS/CDNS_4H_20260722_045551.png
 delete mode 100644 charts/screenshots/CDNS/CDNS_Daily_20260721_052710.png
 create mode 100644 charts/screenshots/CDNS/CDNS_Daily_20260722_045551.png
 delete mode 100644 charts/screenshots/CDNS/CDNS_Monthly_20260721_052710.png
 create mode 100644 charts/screenshots/CDNS/CDNS_Monthly_20260722_045551.png
 delete mode 100644 charts/screenshots/CDNS/CDNS_Weekly_20260721_052710.png
 create mode 100644 charts/screenshots/CDNS/CDNS_Weekly_20260722_045551.png
 delete mode 100644 charts/screenshots/COP/COP_1H_20260721_051353.png
 delete mode 100644 charts/screenshots/COP/COP_4H_20260721_051353.png
 delete mode 100644 charts/screenshots/COP/COP_Daily_20260721_051353.png
 delete mode 100644 charts/screenshots/COP/COP_Monthly_20260721_051353.png
 delete mode 100644 charts/screenshots/COP/COP_Weekly_20260721_051353.png
 delete mode 100644 charts/screenshots/CRWD/CRWD_1H_20260721_045154.png
 create mode 100644 charts/screenshots/CRWD/CRWD_1H_20260722_041916.png
 delete mode 100644 charts/screenshots/CRWD/CRWD_4H_20260721_045154.png
 create mode 100644 charts/screenshots/CRWD/CRWD_4H_20260722_041916.png
 delete mode 100644 charts/screenshots/CRWD/CRWD_Daily_20260721_045154.png
 create mode 100644 charts/screenshots/CRWD/CRWD_Daily_20260722_041916.png
 delete mode 100644 charts/screenshots/CRWD/CRWD_Monthly_20260721_045154.png
 create mode 100644 charts/screenshots/CRWD/CRWD_Monthly_20260722_041916.png
 delete mode 100644 charts/screenshots/CRWD/CRWD_Weekly_20260721_045154.png
 create mode 100644 charts/screenshots/CRWD/CRWD_Weekly_20260722_041916.png
 delete mode 100644 charts/screenshots/CSCO/CSCO_1H_20260721_050754.png
 create mode 100644 charts/screenshots/CSCO/CSCO_1H_20260722_043716.png
 delete mode 100644 charts/screenshots/CSCO/CSCO_4H_20260721_050754.png
 create mode 100644 charts/screenshots/CSCO/CSCO_4H_20260722_043716.png
 delete mode 100644 charts/screenshots/CSCO/CSCO_Daily_20260721_050754.png
 create mode 100644 charts/screenshots/CSCO/CSCO_Daily_20260722_043716.png
 delete mode 100644 charts/screenshots/CSCO/CSCO_Monthly_20260721_050754.png
 create mode 100644 charts/screenshots/CSCO/CSCO_Monthly_20260722_043716.png
 delete mode 100644 charts/screenshots/CSCO/CSCO_Weekly_20260721_050754.png
 create mode 100644 charts/screenshots/CSCO/CSCO_Weekly_20260722_043716.png
 delete mode 100644 charts/screenshots/CVS/CVS_1H_20260721_045233.png
 create mode 100644 charts/screenshots/CVS/CVS_1H_20260722_042503.png
 delete mode 100644 charts/screenshots/CVS/CVS_4H_20260721_045233.png
 create mode 100644 charts/screenshots/CVS/CVS_4H_20260722_042503.png
 delete mode 100644 charts/screenshots/CVS/CVS_Daily_20260721_045233.png
 create mode 100644 charts/screenshots/CVS/CVS_Daily_20260722_042503.png
 delete mode 100644 charts/screenshots/CVS/CVS_Monthly_20260721_045233.png
 create mode 100644 charts/screenshots/CVS/CVS_Monthly_20260722_042503.png
 delete mode 100644 charts/screenshots/CVS/CVS_Weekly_20260721_045233.png
 create mode 100644 charts/screenshots/CVS/CVS_Weekly_20260722_042503.png
 delete mode 100644 charts/screenshots/CVX/CVX_1H_20260721_051832.png
 create mode 100644 charts/screenshots/CVX/CVX_1H_20260722_043442.png
 delete mode 100644 charts/screenshots/CVX/CVX_4H_20260721_051832.png
 create mode 100644 charts/screenshots/CVX/CVX_4H_20260722_043442.png
 delete mode 100644 charts/screenshots/CVX/CVX_Daily_20260721_051832.png
 create mode 100644 charts/screenshots/CVX/CVX_Daily_20260722_043442.png
 delete mode 100644 charts/screenshots/CVX/CVX_Monthly_20260721_051832.png
 create mode 100644 charts/screenshots/CVX/CVX_Monthly_20260722_043442.png
 delete mode 100644 charts/screenshots/CVX/CVX_Weekly_20260721_051832.png
 create mode 100644 charts/screenshots/CVX/CVX_Weekly_20260722_043442.png
 delete mode 100644 charts/screenshots/DDOG/DDOG_1H_20260721_045711.png
 create mode 100644 charts/screenshots/DDOG/DDOG_1H_20260722_042737.png
 delete mode 100644 charts/screenshots/DDOG/DDOG_4H_20260721_045711.png
 create mode 100644 charts/screenshots/DDOG/DDOG_4H_20260722_042737.png
 delete mode 100644 charts/screenshots/DDOG/DDOG_Daily_20260721_045711.png
 create mode 100644 charts/screenshots/DDOG/DDOG_Daily_20260722_042737.png
 delete mode 100644 charts/screenshots/DDOG/DDOG_Monthly_20260721_045711.png
 create mode 100644 charts/screenshots/DDOG/DDOG_Monthly_20260722_042737.png
 delete mode 100644 charts/screenshots/DDOG/DDOG_Weekly_20260721_045711.png
 create mode 100644 charts/screenshots/DDOG/DDOG_Weekly_20260722_042737.png
 delete mode 100644 charts/screenshots/DELL/DELL_1H_20260721_050714.png
 create mode 100644 charts/screenshots/DELL/DELL_1H_20260722_042933.png
 delete mode 100644 charts/screenshots/DELL/DELL_4H_20260721_050714.png
 create mode 100644 charts/screenshots/DELL/DELL_4H_20260722_042933.png
 delete mode 100644 charts/screenshots/DELL/DELL_Daily_20260721_050714.png
 create mode 100644 charts/screenshots/DELL/DELL_Daily_20260722_042933.png
 delete mode 100644 charts/screenshots/DELL/DELL_Monthly_20260721_050714.png
 create mode 100644 charts/screenshots/DELL/DELL_Monthly_20260722_042933.png
 delete mode 100644 charts/screenshots/DELL/DELL_Weekly_20260721_050714.png
 create mode 100644 charts/screenshots/DELL/DELL_Weekly_20260722_042933.png
 delete mode 100644 charts/screenshots/DHR/DHR_1H_20260721_050555.png
 create mode 100644 charts/screenshots/DHR/DHR_1H_20260722_044653.png
 delete mode 100644 charts/screenshots/DHR/DHR_4H_20260721_050555.png
 create mode 100644 charts/screenshots/DHR/DHR_4H_20260722_044653.png
 delete mode 100644 charts/screenshots/DHR/DHR_Daily_20260721_050555.png
 create mode 100644 charts/screenshots/DHR/DHR_Daily_20260722_044653.png
 delete mode 100644 charts/screenshots/DHR/DHR_Monthly_20260721_050555.png
 create mode 100644 charts/screenshots/DHR/DHR_Monthly_20260722_044653.png
 delete mode 100644 charts/screenshots/DHR/DHR_Weekly_20260721_050555.png
 create mode 100644 charts/screenshots/DHR/DHR_Weekly_20260722_044653.png
 delete mode 100644 charts/screenshots/FTNT/FTNT_1H_20260721_045313.png
 create mode 100644 charts/screenshots/FTNT/FTNT_1H_20260722_042151.png
 delete mode 100644 charts/screenshots/FTNT/FTNT_4H_20260721_045313.png
 create mode 100644 charts/screenshots/FTNT/FTNT_4H_20260722_042151.png
 delete mode 100644 charts/screenshots/FTNT/FTNT_Daily_20260721_045313.png
 create mode 100644 charts/screenshots/FTNT/FTNT_Daily_20260722_042151.png
 delete mode 100644 charts/screenshots/FTNT/FTNT_Monthly_20260721_045313.png
 create mode 100644 charts/screenshots/FTNT/FTNT_Monthly_20260722_042151.png
 delete mode 100644 charts/screenshots/FTNT/FTNT_Weekly_20260721_045313.png
 create mode 100644 charts/screenshots/FTNT/FTNT_Weekly_20260722_042151.png
 delete mode 100644 charts/screenshots/GE/GE_1H_20260721_050915.png
 create mode 100644 charts/screenshots/GE/GE_1H_20260722_043559.png
 delete mode 100644 charts/screenshots/GE/GE_4H_20260721_050915.png
 create mode 100644 charts/screenshots/GE/GE_4H_20260722_043559.png
 delete mode 100644 charts/screenshots/GE/GE_Daily_20260721_050915.png
 create mode 100644 charts/screenshots/GE/GE_Daily_20260722_043559.png
 delete mode 100644 charts/screenshots/GE/GE_Monthly_20260721_050915.png
 create mode 100644 charts/screenshots/GE/GE_Monthly_20260722_043559.png
 delete mode 100644 charts/screenshots/GE/GE_Weekly_20260721_050915.png
 create mode 100644 charts/screenshots/GE/GE_Weekly_20260722_043559.png
 delete mode 100644 charts/screenshots/GEV/GEV_1H_20260721_052111.png
 create mode 100644 charts/screenshots/GEV/GEV_1H_20260722_044341.png
 delete mode 100644 charts/screenshots/GEV/GEV_4H_20260721_052111.png
 create mode 100644 charts/screenshots/GEV/GEV_4H_20260722_044341.png
 delete mode 100644 charts/screenshots/GEV/GEV_Daily_20260721_052111.png
 create mode 100644 charts/screenshots/GEV/GEV_Daily_20260722_044341.png
 delete mode 100644 charts/screenshots/GEV/GEV_Monthly_20260721_052111.png
 create mode 100644 charts/screenshots/GEV/GEV_Monthly_20260722_044341.png
 delete mode 100644 charts/screenshots/GEV/GEV_Weekly_20260721_052111.png
 create mode 100644 charts/screenshots/GEV/GEV_Weekly_20260722_044341.png
 delete mode 100644 charts/screenshots/GILD/GILD_1H_20260721_051912.png
 delete mode 100644 charts/screenshots/GILD/GILD_4H_20260721_051912.png
 delete mode 100644 charts/screenshots/GILD/GILD_Daily_20260721_051912.png
 delete mode 100644 charts/screenshots/GILD/GILD_Monthly_20260721_051912.png
 delete mode 100644 charts/screenshots/GILD/GILD_Weekly_20260721_051912.png
 create mode 100644 charts/screenshots/GOOG/GOOG_1H_20260722_045202.png
 create mode 100644 charts/screenshots/GOOG/GOOG_4H_20260722_045202.png
 create mode 100644 charts/screenshots/GOOG/GOOG_Daily_20260722_045202.png
 create mode 100644 charts/screenshots/GOOG/GOOG_Monthly_20260722_045202.png
 create mode 100644 charts/screenshots/GOOG/GOOG_Weekly_20260722_045202.png
 delete mode 100644 charts/screenshots/GOOGL/GOOGL_1H_20260721_051952.png
 create mode 100644 charts/screenshots/GOOGL/GOOGL_1H_20260722_045825.png
 delete mode 100644 charts/screenshots/GOOGL/GOOGL_4H_20260721_051952.png
 create mode 100644 charts/screenshots/GOOGL/GOOGL_4H_20260722_045825.png
 delete mode 100644 charts/screenshots/GOOGL/GOOGL_Daily_20260721_051952.png
 create mode 100644 charts/screenshots/GOOGL/GOOGL_Daily_20260722_045825.png
 delete mode 100644 charts/screenshots/GOOGL/GOOGL_Monthly_20260721_051952.png
 create mode 100644 charts/screenshots/GOOGL/GOOGL_Monthly_20260722_045825.png
 delete mode 100644 charts/screenshots/GOOGL/GOOGL_Weekly_20260721_051952.png
 create mode 100644 charts/screenshots/GOOGL/GOOGL_Weekly_20260722_045825.png
 delete mode 100644 charts/screenshots/GS/GS_1H_20260721_052231.png
 create mode 100644 charts/screenshots/GS/GS_1H_20260722_045240.png
 delete mode 100644 charts/screenshots/GS/GS_4H_20260721_052231.png
 create mode 100644 charts/screenshots/GS/GS_4H_20260722_045240.png
 delete mode 100644 charts/screenshots/GS/GS_Daily_20260721_052231.png
 create mode 100644 charts/screenshots/GS/GS_Daily_20260722_045240.png
 delete mode 100644 charts/screenshots/GS/GS_Monthly_20260721_052231.png
 create mode 100644 charts/screenshots/GS/GS_Monthly_20260722_045240.png
 delete mode 100644 charts/screenshots/GS/GS_Weekly_20260721_052231.png
 create mode 100644 charts/screenshots/GS/GS_Weekly_20260722_045240.png
 create mode 100644 charts/screenshots/HD/HD_1H_20260722_045357.png
 create mode 100644 charts/screenshots/HD/HD_4H_20260722_045357.png
 create mode 100644 charts/screenshots/HD/HD_Daily_20260722_045357.png
 create mode 100644 charts/screenshots/HD/HD_Monthly_20260722_045357.png
 create mode 100644 charts/screenshots/HD/HD_Weekly_20260722_045357.png
 delete mode 100644 charts/screenshots/HOOD/HOOD_1H_20260721_051751.png
 create mode 100644 charts/screenshots/HOOD/HOOD_1H_20260722_043950.png
 delete mode 100644 charts/screenshots/HOOD/HOOD_4H_20260721_051751.png
 create mode 100644 charts/screenshots/HOOD/HOOD_4H_20260722_043950.png
 delete mode 100644 charts/screenshots/HOOD/HOOD_Daily_20260721_051751.png
 create mode 100644 charts/screenshots/HOOD/HOOD_Daily_20260722_043950.png
 delete mode 100644 charts/screenshots/HOOD/HOOD_Monthly_20260721_051751.png
 create mode 100644 charts/screenshots/HOOD/HOOD_Monthly_20260722_043950.png
 delete mode 100644 charts/screenshots/HOOD/HOOD_Weekly_20260721_051751.png
 create mode 100644 charts/screenshots/HOOD/HOOD_Weekly_20260722_043950.png
 delete mode 100644 charts/screenshots/HPE/HPE_1H_20260721_051631.png
 create mode 100644 charts/screenshots/HPE/HPE_1H_20260722_044537.png
 delete mode 100644 charts/screenshots/HPE/HPE_4H_20260721_051631.png
 create mode 100644 charts/screenshots/HPE/HPE_4H_20260722_044537.png
 delete mode 100644 charts/screenshots/HPE/HPE_Daily_20260721_051631.png
 create mode 100644 charts/screenshots/HPE/HPE_Daily_20260722_044537.png
 delete mode 100644 charts/screenshots/HPE/HPE_Monthly_20260721_051631.png
 create mode 100644 charts/screenshots/HPE/HPE_Monthly_20260722_044537.png
 delete mode 100644 charts/screenshots/HPE/HPE_Weekly_20260721_051631.png
 create mode 100644 charts/screenshots/HPE/HPE_Weekly_20260722_044537.png
 delete mode 100644 charts/screenshots/HWM/HWM_1H_20260721_050955.png
 create mode 100644 charts/screenshots/HWM/HWM_1H_20260722_045123.png
 delete mode 100644 charts/screenshots/HWM/HWM_4H_20260721_050955.png
 create mode 100644 charts/screenshots/HWM/HWM_4H_20260722_045123.png
 delete mode 100644 charts/screenshots/HWM/HWM_Daily_20260721_050955.png
 create mode 100644 charts/screenshots/HWM/HWM_Daily_20260722_045123.png
 delete mode 100644 charts/screenshots/HWM/HWM_Monthly_20260721_050955.png
 create mode 100644 charts/screenshots/HWM/HWM_Monthly_20260722_045123.png
 delete mode 100644 charts/screenshots/HWM/HWM_Weekly_20260721_050955.png
 create mode 100644 charts/screenshots/HWM/HWM_Weekly_20260722_045123.png
 delete mode 100644 charts/screenshots/IBM/IBM_1H_20260721_052750.png
 delete mode 100644 charts/screenshots/IBM/IBM_4H_20260721_052750.png
 delete mode 100644 charts/screenshots/IBM/IBM_Daily_20260721_052750.png
 delete mode 100644 charts/screenshots/IBM/IBM_Monthly_20260721_052750.png
 delete mode 100644 charts/screenshots/IBM/IBM_Weekly_20260721_052750.png
 create mode 100644 charts/screenshots/INTC/INTC_1H_20260722_045435.png
 create mode 100644 charts/screenshots/INTC/INTC_4H_20260722_045435.png
 create mode 100644 charts/screenshots/INTC/INTC_Daily_20260722_045435.png
 create mode 100644 charts/screenshots/INTC/INTC_Monthly_20260722_045435.png
 create mode 100644 charts/screenshots/INTC/INTC_Weekly_20260722_045435.png
 delete mode 100644 charts/screenshots/ISRG/ISRG_1H_20260721_053230.png
 delete mode 100644 charts/screenshots/ISRG/ISRG_4H_20260721_053230.png
 delete mode 100644 charts/screenshots/ISRG/ISRG_Daily_20260721_053230.png
 delete mode 100644 charts/screenshots/ISRG/ISRG_Monthly_20260721_053230.png
 delete mode 100644 charts/screenshots/ISRG/ISRG_Weekly_20260721_053230.png
 delete mode 100644 charts/screenshots/IWM/IWM_1H_20260721_050356.png
 create mode 100644 charts/screenshots/IWM/IWM_1H_20260722_043404.png
 delete mode 100644 charts/screenshots/IWM/IWM_4H_20260721_050356.png
 create mode 100644 charts/screenshots/IWM/IWM_4H_20260722_043404.png
 delete mode 100644 charts/screenshots/IWM/IWM_Daily_20260721_050356.png
 create mode 100644 charts/screenshots/IWM/IWM_Daily_20260722_043404.png
 delete mode 100644 charts/screenshots/IWM/IWM_Monthly_20260721_050356.png
 create mode 100644 charts/screenshots/IWM/IWM_Monthly_20260722_043404.png
 delete mode 100644 charts/screenshots/IWM/IWM_Weekly_20260721_050356.png
 create mode 100644 charts/screenshots/IWM/IWM_Weekly_20260722_043404.png
 delete mode 100644 charts/screenshots/JNJ/JNJ_1H_20260721_045550.png
 create mode 100644 charts/screenshots/JNJ/JNJ_1H_20260722_043050.png
 delete mode 100644 charts/screenshots/JNJ/JNJ_4H_20260721_045550.png
 create mode 100644 charts/screenshots/JNJ/JNJ_4H_20260722_043050.png
 delete mode 100644 charts/screenshots/JNJ/JNJ_Daily_20260721_045550.png
 create mode 100644 charts/screenshots/JNJ/JNJ_Daily_20260722_043050.png
 delete mode 100644 charts/screenshots/JNJ/JNJ_Monthly_20260721_045550.png
 create mode 100644 charts/screenshots/JNJ/JNJ_Monthly_20260722_043050.png
 delete mode 100644 charts/screenshots/JNJ/JNJ_Weekly_20260721_045550.png
 create mode 100644 charts/screenshots/JNJ/JNJ_Weekly_20260722_043050.png
 delete mode 100644 charts/screenshots/JPM/JPM_1H_20260721_051512.png
 create mode 100644 charts/screenshots/JPM/JPM_1H_20260722_044420.png
 delete mode 100644 charts/screenshots/JPM/JPM_4H_20260721_051512.png
 create mode 100644 charts/screenshots/JPM/JPM_4H_20260722_044420.png
 delete mode 100644 charts/screenshots/JPM/JPM_Daily_20260721_051512.png
 create mode 100644 charts/screenshots/JPM/JPM_Daily_20260722_044420.png
 delete mode 100644 charts/screenshots/JPM/JPM_Monthly_20260721_051512.png
 create mode 100644 charts/screenshots/JPM/JPM_Monthly_20260722_044420.png
 delete mode 100644 charts/screenshots/JPM/JPM_Weekly_20260721_051512.png
 create mode 100644 charts/screenshots/JPM/JPM_Weekly_20260722_044420.png
 create mode 100644 charts/screenshots/KLAC/KLAC_1H_20260722_045904.png
 create mode 100644 charts/screenshots/KLAC/KLAC_4H_20260722_045904.png
 create mode 100644 charts/screenshots/KLAC/KLAC_Daily_20260722_045904.png
 create mode 100644 charts/screenshots/KLAC/KLAC_Monthly_20260722_045904.png
 create mode 100644 charts/screenshots/KLAC/KLAC_Weekly_20260722_045904.png
 delete mode 100644 charts/screenshots/KO/KO_1H_20260721_045958.png
 create mode 100644 charts/screenshots/KO/KO_1H_20260722_044303.png
 delete mode 100644 charts/screenshots/KO/KO_4H_20260721_045958.png
 create mode 100644 charts/screenshots/KO/KO_4H_20260722_044303.png
 delete mode 100644 charts/screenshots/KO/KO_Daily_20260721_045958.png
 create mode 100644 charts/screenshots/KO/KO_Daily_20260722_044303.png
 delete mode 100644 charts/screenshots/KO/KO_Monthly_20260721_045958.png
 create mode 100644 charts/screenshots/KO/KO_Monthly_20260722_044303.png
 delete mode 100644 charts/screenshots/KO/KO_Weekly_20260721_045958.png
 create mode 100644 charts/screenshots/KO/KO_Weekly_20260722_044303.png
 delete mode 100644 charts/screenshots/LIN/LIN_1H_20260721_052151.png
 delete mode 100644 charts/screenshots/LIN/LIN_4H_20260721_052151.png
 delete mode 100644 charts/screenshots/LIN/LIN_Daily_20260721_052151.png
 delete mode 100644 charts/screenshots/LIN/LIN_Monthly_20260721_052151.png
 delete mode 100644 charts/screenshots/LIN/LIN_Weekly_20260721_052151.png
 delete mode 100644 charts/screenshots/LLY/LLY_1H_20260721_050038.png
 create mode 100644 charts/screenshots/LLY/LLY_1H_20260722_043129.png
 delete mode 100644 charts/screenshots/LLY/LLY_4H_20260721_050038.png
 create mode 100644 charts/screenshots/LLY/LLY_4H_20260722_043129.png
 delete mode 100644 charts/screenshots/LLY/LLY_Daily_20260721_050038.png
 create mode 100644 charts/screenshots/LLY/LLY_Daily_20260722_043129.png
 delete mode 100644 charts/screenshots/LLY/LLY_Monthly_20260721_050038.png
 create mode 100644 charts/screenshots/LLY/LLY_Monthly_20260722_043129.png
 delete mode 100644 charts/screenshots/LLY/LLY_Weekly_20260721_050038.png
 create mode 100644 charts/screenshots/LLY/LLY_Weekly_20260722_043129.png
 delete mode 100644 charts/screenshots/LRCX/LRCX_1H_20260721_053030.png
 create mode 100644 charts/screenshots/LRCX/LRCX_1H_20260722_045747.png
 delete mode 100644 charts/screenshots/LRCX/LRCX_4H_20260721_053030.png
 create mode 100644 charts/screenshots/LRCX/LRCX_4H_20260722_045747.png
 delete mode 100644 charts/screenshots/LRCX/LRCX_Daily_20260721_053030.png
 create mode 100644 charts/screenshots/LRCX/LRCX_Daily_20260722_045747.png
 delete mode 100644 charts/screenshots/LRCX/LRCX_Monthly_20260721_053030.png
 create mode 100644 charts/screenshots/LRCX/LRCX_Monthly_20260722_045747.png
 delete mode 100644 charts/screenshots/LRCX/LRCX_Weekly_20260721_053030.png
 create mode 100644 charts/screenshots/LRCX/LRCX_Weekly_20260722_045747.png
 delete mode 100644 charts/screenshots/MA/MA_1H_20260721_044913.png
 create mode 100644 charts/screenshots/MA/MA_1H_20260722_041839.png
 delete mode 100644 charts/screenshots/MA/MA_4H_20260721_044913.png
 create mode 100644 charts/screenshots/MA/MA_4H_20260722_041839.png
 delete mode 100644 charts/screenshots/MA/MA_Daily_20260721_044913.png
 create mode 100644 charts/screenshots/MA/MA_Daily_20260722_041839.png
 delete mode 100644 charts/screenshots/MA/MA_Monthly_20260721_044913.png
 create mode 100644 charts/screenshots/MA/MA_Monthly_20260722_041839.png
 delete mode 100644 charts/screenshots/MA/MA_Weekly_20260721_044913.png
 create mode 100644 charts/screenshots/MA/MA_Weekly_20260722_041839.png
 delete mode 100644 charts/screenshots/MCHP/MCHP_1H_20260721_053310.png
 create mode 100644 charts/screenshots/MCHP/MCHP_1H_20260722_050254.png
 delete mode 100644 charts/screenshots/MCHP/MCHP_4H_20260721_053310.png
 create mode 100644 charts/screenshots/MCHP/MCHP_4H_20260722_050254.png
 delete mode 100644 charts/screenshots/MCHP/MCHP_Daily_20260721_053310.png
 create mode 100644 charts/screenshots/MCHP/MCHP_Daily_20260722_050254.png
 delete mode 100644 charts/screenshots/MCHP/MCHP_Monthly_20260721_053310.png
 create mode 100644 charts/screenshots/MCHP/MCHP_Monthly_20260722_050254.png
 delete mode 100644 charts/screenshots/MCHP/MCHP_Weekly_20260721_053310.png
 create mode 100644 charts/screenshots/MCHP/MCHP_Weekly_20260722_050254.png
 delete mode 100644 charts/screenshots/META/META_1H_20260721_045839.png
 create mode 100644 charts/screenshots/META/META_1H_20260722_042541.png
 delete mode 100644 charts/screenshots/META/META_4H_20260721_045839.png
 create mode 100644 charts/screenshots/META/META_4H_20260722_042541.png
 delete mode 100644 charts/screenshots/META/META_Daily_20260721_045839.png
 create mode 100644 charts/screenshots/META/META_Daily_20260722_042541.png
 delete mode 100644 charts/screenshots/META/META_Monthly_20260721_045839.png
 create mode 100644 charts/screenshots/META/META_Monthly_20260722_042541.png
 delete mode 100644 charts/screenshots/META/META_Weekly_20260721_045839.png
 create mode 100644 charts/screenshots/META/META_Weekly_20260722_042541.png
 delete mode 100644 charts/screenshots/MRK/MRK_1H_20260721_050157.png
 create mode 100644 charts/screenshots/MRK/MRK_1H_20260722_043208.png
 delete mode 100644 charts/screenshots/MRK/MRK_4H_20260721_050157.png
 create mode 100644 charts/screenshots/MRK/MRK_4H_20260722_043208.png
 delete mode 100644 charts/screenshots/MRK/MRK_Daily_20260721_050157.png
 create mode 100644 charts/screenshots/MRK/MRK_Daily_20260722_043208.png
 delete mode 100644 charts/screenshots/MRK/MRK_Monthly_20260721_050157.png
 create mode 100644 charts/screenshots/MRK/MRK_Monthly_20260722_043208.png
 delete mode 100644 charts/screenshots/MRK/MRK_Weekly_20260721_050157.png
 create mode 100644 charts/screenshots/MRK/MRK_Weekly_20260722_043208.png
 delete mode 100644 charts/screenshots/MRVL/MRVL_1H_20260721_050635.png
 create mode 100644 charts/screenshots/MRVL/MRVL_1H_20260722_043637.png
 delete mode 100644 charts/screenshots/MRVL/MRVL_4H_20260721_050635.png
 create mode 100644 charts/screenshots/MRVL/MRVL_4H_20260722_043637.png
 delete mode 100644 charts/screenshots/MRVL/MRVL_Daily_20260721_050635.png
 create mode 100644 charts/screenshots/MRVL/MRVL_Daily_20260722_043637.png
 delete mode 100644 charts/screenshots/MRVL/MRVL_Monthly_20260721_050635.png
 create mode 100644 charts/screenshots/MRVL/MRVL_Monthly_20260722_043637.png
 delete mode 100644 charts/screenshots/MRVL/MRVL_Weekly_20260721_050635.png
 create mode 100644 charts/screenshots/MRVL/MRVL_Weekly_20260722_043637.png
 delete mode 100644 charts/screenshots/MS/MS_1H_20260721_052431.png
 create mode 100644 charts/screenshots/MS/MS_1H_20260722_044849.png
 delete mode 100644 charts/screenshots/MS/MS_4H_20260721_052431.png
 create mode 100644 charts/screenshots/MS/MS_4H_20260722_044849.png
 delete mode 100644 charts/screenshots/MS/MS_Daily_20260721_052431.png
 create mode 100644 charts/screenshots/MS/MS_Daily_20260722_044849.png
 delete mode 100644 charts/screenshots/MS/MS_Monthly_20260721_052431.png
 create mode 100644 charts/screenshots/MS/MS_Monthly_20260722_044849.png
 delete mode 100644 charts/screenshots/MS/MS_Weekly_20260721_052431.png
 create mode 100644 charts/screenshots/MS/MS_Weekly_20260722_044849.png
 delete mode 100644 charts/screenshots/MU/MU_1H_20260721_052510.png
 create mode 100644 charts/screenshots/MU/MU_1H_20260722_044927.png
 delete mode 100644 charts/screenshots/MU/MU_4H_20260721_052510.png
 create mode 100644 charts/screenshots/MU/MU_4H_20260722_044927.png
 delete mode 100644 charts/screenshots/MU/MU_Daily_20260721_052510.png
 create mode 100644 charts/screenshots/MU/MU_Daily_20260722_044927.png
 delete mode 100644 charts/screenshots/MU/MU_Monthly_20260721_052510.png
 create mode 100644 charts/screenshots/MU/MU_Monthly_20260722_044927.png
 delete mode 100644 charts/screenshots/MU/MU_Weekly_20260721_052510.png
 create mode 100644 charts/screenshots/MU/MU_Weekly_20260722_044927.png
 delete mode 100644 charts/screenshots/NBM.V/NBM.V_1H_20260721_053510.png
 create mode 100644 charts/screenshots/NBM.V/NBM.V_1H_20260722_050644.png
 delete mode 100644 charts/screenshots/NBM.V/NBM.V_4H_20260721_053510.png
 create mode 100644 charts/screenshots/NBM.V/NBM.V_4H_20260722_050644.png
 delete mode 100644 charts/screenshots/NBM.V/NBM.V_Daily_20260721_053510.png
 create mode 100644 charts/screenshots/NBM.V/NBM.V_Daily_20260722_050644.png
 delete mode 100644 charts/screenshots/NBM.V/NBM.V_Monthly_20260721_053510.png
 create mode 100644 charts/screenshots/NBM.V/NBM.V_Monthly_20260722_050644.png
 delete mode 100644 charts/screenshots/NBM.V/NBM.V_Weekly_20260721_053510.png
 create mode 100644 charts/screenshots/NBM.V/NBM.V_Weekly_20260722_050644.png
 create mode 100644 charts/screenshots/NFLX/NFLX_1H_20260722_050216.png
 create mode 100644 charts/screenshots/NFLX/NFLX_4H_20260722_050216.png
 create mode 100644 charts/screenshots/NFLX/NFLX_Daily_20260722_050216.png
 create mode 100644 charts/screenshots/NFLX/NFLX_Monthly_20260722_050216.png
 create mode 100644 charts/screenshots/NFLX/NFLX_Weekly_20260722_050216.png
 delete mode 100644 charts/screenshots/NVDA/NVDA_1H_20260721_051034.png
 create mode 100644 charts/screenshots/NVDA/NVDA_1H_20260722_044029.png
 delete mode 100644 charts/screenshots/NVDA/NVDA_4H_20260721_051034.png
 create mode 100644 charts/screenshots/NVDA/NVDA_4H_20260722_044029.png
 delete mode 100644 charts/screenshots/NVDA/NVDA_Daily_20260721_051034.png
 create mode 100644 charts/screenshots/NVDA/NVDA_Daily_20260722_044029.png
 delete mode 100644 charts/screenshots/NVDA/NVDA_Monthly_20260721_051034.png
 create mode 100644 charts/screenshots/NVDA/NVDA_Monthly_20260722_044029.png
 delete mode 100644 charts/screenshots/NVDA/NVDA_Weekly_20260721_051034.png
 create mode 100644 charts/screenshots/NVDA/NVDA_Weekly_20260722_044029.png
 delete mode 100644 charts/screenshots/NXPI/NXPI_1H_20260721_053111.png
 create mode 100644 charts/screenshots/NXPI/NXPI_1H_20260722_050021.png
 delete mode 100644 charts/screenshots/NXPI/NXPI_4H_20260721_053111.png
 create mode 100644 charts/screenshots/NXPI/NXPI_4H_20260722_050021.png
 delete mode 100644 charts/screenshots/NXPI/NXPI_Daily_20260721_053111.png
 create mode 100644 charts/screenshots/NXPI/NXPI_Daily_20260722_050021.png
 delete mode 100644 charts/screenshots/NXPI/NXPI_Monthly_20260721_053111.png
 create mode 100644 charts/screenshots/NXPI/NXPI_Monthly_20260722_050021.png
 delete mode 100644 charts/screenshots/NXPI/NXPI_Weekly_20260721_053111.png
 create mode 100644 charts/screenshots/NXPI/NXPI_Weekly_20260722_050021.png
 create mode 100644 charts/screenshots/ORCL/ORCL_1H_20260722_050450.png
 create mode 100644 charts/screenshots/ORCL/ORCL_4H_20260722_050450.png
 create mode 100644 charts/screenshots/ORCL/ORCL_Daily_20260722_050450.png
 create mode 100644 charts/screenshots/ORCL/ORCL_Monthly_20260722_050450.png
 create mode 100644 charts/screenshots/ORCL/ORCL_Weekly_20260722_050450.png
 delete mode 100644 charts/screenshots/PANW/PANW_1H_20260721_045353.png
 create mode 100644 charts/screenshots/PANW/PANW_1H_20260722_042230.png
 delete mode 100644 charts/screenshots/PANW/PANW_4H_20260721_045353.png
 create mode 100644 charts/screenshots/PANW/PANW_4H_20260722_042230.png
 delete mode 100644 charts/screenshots/PANW/PANW_Daily_20260721_045353.png
 create mode 100644 charts/screenshots/PANW/PANW_Daily_20260722_042230.png
 delete mode 100644 charts/screenshots/PANW/PANW_Monthly_20260721_045353.png
 create mode 100644 charts/screenshots/PANW/PANW_Monthly_20260722_042230.png
 delete mode 100644 charts/screenshots/PANW/PANW_Weekly_20260721_045353.png
 create mode 100644 charts/screenshots/PANW/PANW_Weekly_20260722_042230.png
 delete mode 100644 charts/screenshots/PG/PG_1H_20260721_052630.png
 create mode 100644 charts/screenshots/PG/PG_1H_20260722_045513.png
 delete mode 100644 charts/screenshots/PG/PG_4H_20260721_052630.png
 create mode 100644 charts/screenshots/PG/PG_4H_20260722_045513.png
 delete mode 100644 charts/screenshots/PG/PG_Daily_20260721_052630.png
 create mode 100644 charts/screenshots/PG/PG_Daily_20260722_045513.png
 delete mode 100644 charts/screenshots/PG/PG_Monthly_20260721_052630.png
 create mode 100644 charts/screenshots/PG/PG_Monthly_20260722_045513.png
 delete mode 100644 charts/screenshots/PG/PG_Weekly_20260721_052630.png
 create mode 100644 charts/screenshots/PG/PG_Weekly_20260722_045513.png
 delete mode 100644 charts/screenshots/PGR/PGR_1H_20260721_045918.png
 create mode 100644 charts/screenshots/PGR/PGR_1H_20260722_043325.png
 delete mode 100644 charts/screenshots/PGR/PGR_4H_20260721_045918.png
 create mode 100644 charts/screenshots/PGR/PGR_4H_20260722_043325.png
 delete mode 100644 charts/screenshots/PGR/PGR_Daily_20260721_045918.png
 create mode 100644 charts/screenshots/PGR/PGR_Daily_20260722_043325.png
 delete mode 100644 charts/screenshots/PGR/PGR_Monthly_20260721_045918.png
 create mode 100644 charts/screenshots/PGR/PGR_Monthly_20260722_043325.png
 delete mode 100644 charts/screenshots/PGR/PGR_Weekly_20260721_045918.png
 create mode 100644 charts/screenshots/PGR/PGR_Weekly_20260722_043325.png
 delete mode 100644 charts/screenshots/PM/PM_1H_20260721_050316.png
 create mode 100644 charts/screenshots/PM/PM_1H_20260722_042308.png
 delete mode 100644 charts/screenshots/PM/PM_4H_20260721_050316.png
 create mode 100644 charts/screenshots/PM/PM_4H_20260722_042308.png
 delete mode 100644 charts/screenshots/PM/PM_Daily_20260721_050316.png
 create mode 100644 charts/screenshots/PM/PM_Daily_20260722_042308.png
 delete mode 100644 charts/screenshots/PM/PM_Monthly_20260721_050316.png
 create mode 100644 charts/screenshots/PM/PM_Monthly_20260722_042308.png
 delete mode 100644 charts/screenshots/PM/PM_Weekly_20260721_050316.png
 create mode 100644 charts/screenshots/PM/PM_Weekly_20260722_042308.png
 delete mode 100644 charts/screenshots/PWR/PWR_1H_20260721_053350.png
 create mode 100644 charts/screenshots/PWR/PWR_1H_20260722_050333.png
 delete mode 100644 charts/screenshots/PWR/PWR_4H_20260721_053350.png
 create mode 100644 charts/screenshots/PWR/PWR_4H_20260722_050333.png
 delete mode 100644 charts/screenshots/PWR/PWR_Daily_20260721_053350.png
 create mode 100644 charts/screenshots/PWR/PWR_Daily_20260722_050333.png
 delete mode 100644 charts/screenshots/PWR/PWR_Monthly_20260721_053350.png
 create mode 100644 charts/screenshots/PWR/PWR_Monthly_20260722_050333.png
 delete mode 100644 charts/screenshots/PWR/PWR_Weekly_20260721_053350.png
 create mode 100644 charts/screenshots/PWR/PWR_Weekly_20260722_050333.png
 delete mode 100644 charts/screenshots/PYPL/PYPL_1H_20260721_051233.png
 create mode 100644 charts/screenshots/PYPL/PYPL_1H_20260722_044224.png
 delete mode 100644 charts/screenshots/PYPL/PYPL_4H_20260721_051233.png
 create mode 100644 charts/screenshots/PYPL/PYPL_4H_20260722_044224.png
 delete mode 100644 charts/screenshots/PYPL/PYPL_Daily_20260721_051233.png
 create mode 100644 charts/screenshots/PYPL/PYPL_Daily_20260722_044224.png
 delete mode 100644 charts/screenshots/PYPL/PYPL_Monthly_20260721_051233.png
 create mode 100644 charts/screenshots/PYPL/PYPL_Monthly_20260722_044224.png
 delete mode 100644 charts/screenshots/PYPL/PYPL_Weekly_20260721_051233.png
 create mode 100644 charts/screenshots/PYPL/PYPL_Weekly_20260722_044224.png
 create mode 100644 charts/screenshots/QCOM/QCOM_1H_20260722_050059.png
 create mode 100644 charts/screenshots/QCOM/QCOM_4H_20260722_050059.png
 create mode 100644 charts/screenshots/QCOM/QCOM_Daily_20260722_050059.png
 create mode 100644 charts/screenshots/QCOM/QCOM_Monthly_20260722_050059.png
 create mode 100644 charts/screenshots/QCOM/QCOM_Weekly_20260722_050059.png
 create mode 100644 charts/screenshots/QQQ/QQQ_1H_20260722_045005.png
 create mode 100644 charts/screenshots/QQQ/QQQ_4H_20260722_045005.png
 create mode 100644 charts/screenshots/QQQ/QQQ_Daily_20260722_045005.png
 create mode 100644 charts/screenshots/QQQ/QQQ_Monthly_20260722_045005.png
 create mode 100644 charts/screenshots/QQQ/QQQ_Weekly_20260722_045005.png
 delete mode 100644 charts/screenshots/RTX/RTX_1H_20260721_050237.png
 create mode 100644 charts/screenshots/RTX/RTX_1H_20260722_043246.png
 delete mode 100644 charts/screenshots/RTX/RTX_4H_20260721_050237.png
 create mode 100644 charts/screenshots/RTX/RTX_4H_20260722_043246.png
 delete mode 100644 charts/screenshots/RTX/RTX_Daily_20260721_050237.png
 create mode 100644 charts/screenshots/RTX/RTX_Daily_20260722_043246.png
 delete mode 100644 charts/screenshots/RTX/RTX_Monthly_20260721_050237.png
 create mode 100644 charts/screenshots/RTX/RTX_Monthly_20260722_043246.png
 delete mode 100644 charts/screenshots/RTX/RTX_Weekly_20260721_050237.png
 create mode 100644 charts/screenshots/RTX/RTX_Weekly_20260722_043246.png
 delete mode 100644 charts/screenshots/SCHW/SCHW_1H_20260721_044712.png
 create mode 100644 charts/screenshots/SCHW/SCHW_1H_20260722_041722.png
 delete mode 100644 charts/screenshots/SCHW/SCHW_4H_20260721_044712.png
 create mode 100644 charts/screenshots/SCHW/SCHW_4H_20260722_041722.png
 delete mode 100644 charts/screenshots/SCHW/SCHW_Daily_20260721_044712.png
 create mode 100644 charts/screenshots/SCHW/SCHW_Daily_20260722_041722.png
 delete mode 100644 charts/screenshots/SCHW/SCHW_Monthly_20260721_044712.png
 create mode 100644 charts/screenshots/SCHW/SCHW_Monthly_20260722_041722.png
 delete mode 100644 charts/screenshots/SCHW/SCHW_Weekly_20260721_044712.png
 create mode 100644 charts/screenshots/SCHW/SCHW_Weekly_20260722_041722.png
 delete mode 100644 charts/screenshots/SHW/SHW_1H_20260721_051313.png
 create mode 100644 charts/screenshots/SHW/SHW_1H_20260722_044107.png
 delete mode 100644 charts/screenshots/SHW/SHW_4H_20260721_051313.png
 create mode 100644 charts/screenshots/SHW/SHW_4H_20260722_044107.png
 delete mode 100644 charts/screenshots/SHW/SHW_Daily_20260721_051313.png
 create mode 100644 charts/screenshots/SHW/SHW_Daily_20260722_044107.png
 delete mode 100644 charts/screenshots/SHW/SHW_Monthly_20260721_051313.png
 create mode 100644 charts/screenshots/SHW/SHW_Monthly_20260722_044107.png
 delete mode 100644 charts/screenshots/SHW/SHW_Weekly_20260721_051313.png
 create mode 100644 charts/screenshots/SHW/SHW_Weekly_20260722_044107.png
 delete mode 100644 charts/screenshots/SMCI/SMCI_1H_20260721_052830.png
 create mode 100644 charts/screenshots/SMCI/SMCI_1H_20260722_045629.png
 delete mode 100644 charts/screenshots/SMCI/SMCI_4H_20260721_052830.png
 create mode 100644 charts/screenshots/SMCI/SMCI_4H_20260722_045629.png
 delete mode 100644 charts/screenshots/SMCI/SMCI_Daily_20260721_052830.png
 create mode 100644 charts/screenshots/SMCI/SMCI_Daily_20260722_045629.png
 delete mode 100644 charts/screenshots/SMCI/SMCI_Monthly_20260721_052830.png
 create mode 100644 charts/screenshots/SMCI/SMCI_Monthly_20260722_045629.png
 delete mode 100644 charts/screenshots/SMCI/SMCI_Weekly_20260721_052830.png
 create mode 100644 charts/screenshots/SMCI/SMCI_Weekly_20260722_045629.png
 create mode 100644 charts/screenshots/SNPS/SNPS_1H_20260722_050527.png
 create mode 100644 charts/screenshots/SNPS/SNPS_4H_20260722_050527.png
 create mode 100644 charts/screenshots/SNPS/SNPS_Daily_20260722_050527.png
 create mode 100644 charts/screenshots/SNPS/SNPS_Monthly_20260722_050527.png
 create mode 100644 charts/screenshots/SNPS/SNPS_Weekly_20260722_050527.png
 delete mode 100644 charts/screenshots/SPGI/SPGI_1H_20260721_052311.png
 delete mode 100644 charts/screenshots/SPGI/SPGI_4H_20260721_052311.png
 delete mode 100644 charts/screenshots/SPGI/SPGI_Daily_20260721_052311.png
 delete mode 100644 charts/screenshots/SPGI/SPGI_Monthly_20260721_052311.png
 delete mode 100644 charts/screenshots/SPGI/SPGI_Weekly_20260721_052311.png
 delete mode 100644 charts/screenshots/SPY/SPY_1H_20260721_050436.png
 create mode 100644 charts/screenshots/SPY/SPY_1H_20260722_044732.png
 delete mode 100644 charts/screenshots/SPY/SPY_4H_20260721_050436.png
 create mode 100644 charts/screenshots/SPY/SPY_4H_20260722_044732.png
 delete mode 100644 charts/screenshots/SPY/SPY_Daily_20260721_050436.png
 create mode 100644 charts/screenshots/SPY/SPY_Daily_20260722_044732.png
 delete mode 100644 charts/screenshots/SPY/SPY_Monthly_20260721_050436.png
 create mode 100644 charts/screenshots/SPY/SPY_Monthly_20260722_044732.png
 delete mode 100644 charts/screenshots/SPY/SPY_Weekly_20260721_050436.png
 create mode 100644 charts/screenshots/SPY/SPY_Weekly_20260722_044732.png
 delete mode 100644 charts/screenshots/STX/STX_1H_20260721_051433.png
 create mode 100644 charts/screenshots/STX/STX_1H_20260722_043754.png
 delete mode 100644 charts/screenshots/STX/STX_4H_20260721_051433.png
 create mode 100644 charts/screenshots/STX/STX_4H_20260722_043754.png
 delete mode 100644 charts/screenshots/STX/STX_Daily_20260721_051433.png
 create mode 100644 charts/screenshots/STX/STX_Daily_20260722_043754.png
 delete mode 100644 charts/screenshots/STX/STX_Monthly_20260721_051433.png
 create mode 100644 charts/screenshots/STX/STX_Monthly_20260722_043754.png
 delete mode 100644 charts/screenshots/STX/STX_Weekly_20260721_051433.png
 create mode 100644 charts/screenshots/STX/STX_Weekly_20260722_043754.png
 delete mode 100644 charts/screenshots/TMO/TMO_1H_20260721_045759.png
 create mode 100644 charts/screenshots/TMO/TMO_1H_20260722_042816.png
 delete mode 100644 charts/screenshots/TMO/TMO_4H_20260721_045759.png
 create mode 100644 charts/screenshots/TMO/TMO_4H_20260722_042816.png
 delete mode 100644 charts/screenshots/TMO/TMO_Daily_20260721_045759.png
 create mode 100644 charts/screenshots/TMO/TMO_Daily_20260722_042816.png
 delete mode 100644 charts/screenshots/TMO/TMO_Monthly_20260721_045759.png
 create mode 100644 charts/screenshots/TMO/TMO_Monthly_20260722_042816.png
 delete mode 100644 charts/screenshots/TMO/TMO_Weekly_20260721_045759.png
 create mode 100644 charts/screenshots/TMO/TMO_Weekly_20260722_042816.png
 delete mode 100644 charts/screenshots/TXN/TXN_1H_20260721_052550.png
 create mode 100644 charts/screenshots/TXN/TXN_1H_20260722_044810.png
 delete mode 100644 charts/screenshots/TXN/TXN_4H_20260721_052550.png
 create mode 100644 charts/screenshots/TXN/TXN_4H_20260722_044810.png
 delete mode 100644 charts/screenshots/TXN/TXN_Daily_20260721_052550.png
 create mode 100644 charts/screenshots/TXN/TXN_Daily_20260722_044810.png
 delete mode 100644 charts/screenshots/TXN/TXN_Monthly_20260721_052550.png
 create mode 100644 charts/screenshots/TXN/TXN_Monthly_20260722_044810.png
 delete mode 100644 charts/screenshots/TXN/TXN_Weekly_20260721_052550.png
 create mode 100644 charts/screenshots/TXN/TXN_Weekly_20260722_044810.png
 delete mode 100644 charts/screenshots/UNH/UNH_1H_20260721_045432.png
 create mode 100644 charts/screenshots/UNH/UNH_1H_20260722_042855.png
 delete mode 100644 charts/screenshots/UNH/UNH_4H_20260721_045432.png
 create mode 100644 charts/screenshots/UNH/UNH_4H_20260722_042855.png
 delete mode 100644 charts/screenshots/UNH/UNH_Daily_20260721_045432.png
 create mode 100644 charts/screenshots/UNH/UNH_Daily_20260722_042855.png
 delete mode 100644 charts/screenshots/UNH/UNH_Monthly_20260721_045432.png
 create mode 100644 charts/screenshots/UNH/UNH_Monthly_20260722_042855.png
 delete mode 100644 charts/screenshots/UNH/UNH_Weekly_20260721_045432.png
 create mode 100644 charts/screenshots/UNH/UNH_Weekly_20260722_042855.png
 delete mode 100644 charts/screenshots/UNP/UNP_1H_20260721_044753.png
 create mode 100644 charts/screenshots/UNP/UNP_1H_20260722_042346.png
 delete mode 100644 charts/screenshots/UNP/UNP_4H_20260721_044753.png
 create mode 100644 charts/screenshots/UNP/UNP_4H_20260722_042346.png
 delete mode 100644 charts/screenshots/UNP/UNP_Daily_20260721_044753.png
 create mode 100644 charts/screenshots/UNP/UNP_Daily_20260722_042346.png
 delete mode 100644 charts/screenshots/UNP/UNP_Monthly_20260721_044753.png
 create mode 100644 charts/screenshots/UNP/UNP_Monthly_20260722_042346.png
 delete mode 100644 charts/screenshots/UNP/UNP_Weekly_20260721_044753.png
 create mode 100644 charts/screenshots/UNP/UNP_Weekly_20260722_042346.png
 delete mode 100644 charts/screenshots/V/V_1H_20260721_045511.png
 create mode 100644 charts/screenshots/V/V_1H_20260722_042424.png
 delete mode 100644 charts/screenshots/V/V_4H_20260721_045511.png
 create mode 100644 charts/screenshots/V/V_4H_20260722_042424.png
 delete mode 100644 charts/screenshots/V/V_Daily_20260721_045511.png
 create mode 100644 charts/screenshots/V/V_Daily_20260722_042424.png
 delete mode 100644 charts/screenshots/V/V_Monthly_20260721_045511.png
 create mode 100644 charts/screenshots/V/V_Monthly_20260722_042424.png
 delete mode 100644 charts/screenshots/V/V_Weekly_20260721_045511.png
 create mode 100644 charts/screenshots/V/V_Weekly_20260722_042424.png
 delete mode 100644 charts/screenshots/VLO/VLO_1H_20260721_044833.png
 create mode 100644 charts/screenshots/VLO/VLO_1H_20260722_041801.png
 delete mode 100644 charts/screenshots/VLO/VLO_4H_20260721_044833.png
 create mode 100644 charts/screenshots/VLO/VLO_4H_20260722_041801.png
 delete mode 100644 charts/screenshots/VLO/VLO_Daily_20260721_044833.png
 create mode 100644 charts/screenshots/VLO/VLO_Daily_20260722_041801.png
 delete mode 100644 charts/screenshots/VLO/VLO_Monthly_20260721_044833.png
 create mode 100644 charts/screenshots/VLO/VLO_Monthly_20260722_041801.png
 delete mode 100644 charts/screenshots/VLO/VLO_Weekly_20260721_044833.png
 create mode 100644 charts/screenshots/VLO/VLO_Weekly_20260722_041801.png
 delete mode 100644 charts/screenshots/VRTX/VRTX_1H_20260721_045630.png
 create mode 100644 charts/screenshots/VRTX/VRTX_1H_20260722_042620.png
 delete mode 100644 charts/screenshots/VRTX/VRTX_4H_20260721_045630.png
 create mode 100644 charts/screenshots/VRTX/VRTX_4H_20260722_042620.png
 delete mode 100644 charts/screenshots/VRTX/VRTX_Daily_20260721_045630.png
 create mode 100644 charts/screenshots/VRTX/VRTX_Daily_20260722_042620.png
 delete mode 100644 charts/screenshots/VRTX/VRTX_Monthly_20260721_045630.png
 create mode 100644 charts/screenshots/VRTX/VRTX_Monthly_20260722_042620.png
 delete mode 100644 charts/screenshots/VRTX/VRTX_Weekly_20260721_045630.png
 create mode 100644 charts/screenshots/VRTX/VRTX_Weekly_20260722_042620.png
 delete mode 100644 charts/screenshots/WDC/WDC_1H_20260721_052910.png
 delete mode 100644 charts/screenshots/WDC/WDC_4H_20260721_052910.png
 delete mode 100644 charts/screenshots/WDC/WDC_Daily_20260721_052910.png
 delete mode 100644 charts/screenshots/WDC/WDC_Monthly_20260721_052910.png
 delete mode 100644 charts/screenshots/WDC/WDC_Weekly_20260721_052910.png
 delete mode 100644 charts/screenshots/WFC/WFC_1H_20260721_051552.png
 create mode 100644 charts/screenshots/WFC/WFC_1H_20260722_044459.png
 delete mode 100644 charts/screenshots/WFC/WFC_4H_20260721_051552.png
 create mode 100644 charts/screenshots/WFC/WFC_4H_20260722_044459.png
 delete mode 100644 charts/screenshots/WFC/WFC_Daily_20260721_051552.png
 create mode 100644 charts/screenshots/WFC/WFC_Daily_20260722_044459.png
 delete mode 100644 charts/screenshots/WFC/WFC_Monthly_20260721_051552.png
 create mode 100644 charts/screenshots/WFC/WFC_Monthly_20260722_044459.png
 delete mode 100644 charts/screenshots/WFC/WFC_Weekly_20260721_051552.png
 create mode 100644 charts/screenshots/WFC/WFC_Weekly_20260722_044459.png
 delete mode 100644 charts/screenshots/XOM/XOM_1H_20260721_050515.png
 create mode 100644 charts/screenshots/XOM/XOM_1H_20260722_043520.png
 delete mode 100644 charts/screenshots/XOM/XOM_4H_20260721_050515.png
 create mode 100644 charts/screenshots/XOM/XOM_4H_20260722_043520.png
 delete mode 100644 charts/screenshots/XOM/XOM_Daily_20260721_050515.png
 create mode 100644 charts/screenshots/XOM/XOM_Daily_20260722_043520.png
 delete mode 100644 charts/screenshots/XOM/XOM_Monthly_20260721_050515.png
 create mode 100644 charts/screenshots/XOM/XOM_Monthly_20260722_043520.png
 delete mode 100644 charts/screenshots/XOM/XOM_Weekly_20260721_050515.png
 create mode 100644 charts/screenshots/XOM/XOM_Weekly_20260722_043520.png
[[SP500 차트분석]] GitHub 푸시 완료
[[SP500 차트분석]] Google Sheets 업데이트 완료
[Paper Trading] SP500 ranked_df 스냅샷 저장 완료 (129개 종목)

[요약] 파이프라인 완료 – 총 3934.8초 (65.58분) 소요
