============================================================
[Unified Paper Trading] SP500 + NASDAQ/NYSE 통합 실행 시작
============================================================
2026-04-25 06:40:33,760 [INFO] paper_trading.runner — [Runner] SP500 snapshot 로드: 130개 종목
[Unified PT] SP500 snapshot 로드: 130개 종목
2026-04-25 06:40:33,770 [INFO] paper_trading.runner — [Runner] NASDAQ snapshot 로드: 243개 종목
[Unified PT] NASDAQ snapshot 로드: 243개 종목
[Unified PT] 합산 완료: 342개 종목 (SP500 130 + NASDAQ 243개, 중복 제거 후)
2026-04-25 06:40:34,621 [INFO] paper_trading.engine — [PaperTrading] SELL NFLX @ 92.44 (트레일링(-5.0%))
2026-04-25 06:40:34,626 [INFO] paper_trading.candidate_selector — [전략점수 분포] ~4.0: 112 | 4.0~5.0: 25 | 5.0~5.5: 14 | 5.5~6.0: 7 | 6.0+: 184
2026-04-25 06:40:34,639 [INFO] paper_trading.engine — [PaperTrading] 오늘 매수 후보 없음
[Unified PT] 매도=1 매수=0 보유=2종목
[Unified PT] 레짐=bull | 필터={'전략점수<6.0': 158, '바닥반등_52주과열': 1, '판단등급_미달': 180, '과열_차단': 2, '유동성_부족': 0, '어닝_임박': 0, '보유_중복': 0, '모멘텀_ADX부족': 1, '바닥_RSI데드존': 0, '섹터_집중': 0, '_통과': 0, '_전체': 342}
[Unified PT] 스킵 사유: 후보_없음
2026-04-25 06:40:36,160 [INFO] paper_trading.sheet_sync — [SheetSync] 거래로그 append: SELL NFLX
2026-04-25 06:40:37,449 [INFO] paper_trading.sheet_sync — [SheetSync] 포지션현황 업데이트: 2개 종목
2026-04-25 06:40:39,059 [INFO] paper_trading.sheet_sync — [SheetSync] 성과요약 업데이트: 5건 거래
[Unified PT] 구글 시트 동기화 완료
2026-04-25 06:40:39,330 [INFO] matplotlib.font_manager — Failed to extract font properties from /usr/share/fonts/truetype/noto/NotoColorEmoji.ttf: Can not load face (unknown file format; error code 0x2)
2026-04-25 06:40:39,340 [INFO] matplotlib.font_manager — generated new fontManager
2026-04-25 06:40:40,072 [WARNING] fpdf.output — Font MPDFAA+NanumGothic is missing the following glyphs: '📈' (\U0001f4c8), '📉' (\U0001f4c9)
2026-04-25 06:40:40,074 [INFO] fontTools.subset — maxp pruned
2026-04-25 06:40:40,075 [INFO] fontTools.subset — cmap pruned
2026-04-25 06:40:40,075 [INFO] fontTools.subset — post pruned
2026-04-25 06:40:40,076 [INFO] fontTools.subset — DSIG dropped
2026-04-25 06:40:40,076 [INFO] fontTools.subset — GPOS dropped
2026-04-25 06:40:40,076 [INFO] fontTools.subset — GSUB dropped
2026-04-25 06:40:40,076 [INFO] fontTools.subset — glyf pruned
2026-04-25 06:40:40,077 [INFO] fontTools.subset — Added gid0 to subset
2026-04-25 06:40:40,077 [INFO] fontTools.subset — Added first four glyphs to subset
2026-04-25 06:40:40,077 [INFO] fontTools.subset — Closing glyph list over 'glyf': 99 glyphs before
2026-04-25 06:40:40,078 [INFO] fontTools.subset — Glyph names: ['.notdef', 'A', 'B', 'C', 'D', 'E', 'F', 'G', 'H', 'I', 'L', 'M', 'N', 'O', 'P', 'Q', 'R', 'S', 'T', 'U', 'V', 'W', 'Y', 'a', 'arrowright', 'b', 'bar', 'c', 'colon', 'comma', 'copyright', 'd', 'dollar', 'e', 'eight', 'emdash', 'exclam', 'f', 'five', 'four', 'g', 'h', 'hyphen', 'i', 'k', 'l', 'm', 'n', 'nine', 'numbersign', 'o', 'one', 'p', 'parenleft', 'parenright', 'percent', 'period', 'periodcentered', 'plus', 'q', 'quotedbl', 'r', 's', 'seven', 'six', 'slash', 'space', 't', 'three', 'triagup', 'two', 'u', 'uniAC00', 'uniAC04', 'uniADDC', 'uniB2E5', 'uniB4F1', 'uniB808', 'uniB9C1', 'uniB9E4', 'uniBA58', 'uniBAA8', 'uniBAA9', 'uniBC14', 'uniBC18', 'uniC218', 'uniC2DC', 'uniC2E0', 'uniC775', 'uniC77C', 'uniC808', 'uniD140', 'uniD2B8', 'uniD45C', 'v', 'w', 'x', 'y', 'zero']
2026-04-25 06:40:40,078 [INFO] fontTools.subset — Glyph IDs:   [0, 1, 2, 3, 4, 5, 8, 9, 11, 12, 13, 14, 15, 16, 17, 18, 19, 20, 21, 22, 23, 24, 25, 26, 33, 34, 35, 36, 37, 38, 39, 40, 41, 44, 45, 46, 47, 48, 49, 50, 51, 52, 53, 54, 55, 57, 64, 65, 66, 67, 68, 69, 70, 71, 72, 74, 75, 76, 77, 78, 79, 80, 81, 82, 83, 84, 85, 86, 87, 88, 91, 96, 99, 104, 159, 162, 495, 497, 640, 928, 1042, 1177, 1267, 1283, 1310, 1326, 1327, 1397, 1401, 1708, 1751, 1753, 2043, 2045, 2091, 2518, 2576, 2661, 13296]
2026-04-25 06:40:40,078 [INFO] fontTools.subset — Closed glyph list over 'glyf': 99 glyphs after
2026-04-25 06:40:40,078 [INFO] fontTools.subset — Glyph names: ['.notdef', 'A', 'B', 'C', 'D', 'E', 'F', 'G', 'H', 'I', 'L', 'M', 'N', 'O', 'P', 'Q', 'R', 'S', 'T', 'U', 'V', 'W', 'Y', 'a', 'arrowright', 'b', 'bar', 'c', 'colon', 'comma', 'copyright', 'd', 'dollar', 'e', 'eight', 'emdash', 'exclam', 'f', 'five', 'four', 'g', 'h', 'hyphen', 'i', 'k', 'l', 'm', 'n', 'nine', 'numbersign', 'o', 'one', 'p', 'parenleft', 'parenright', 'percent', 'period', 'periodcentered', 'plus', 'q', 'quotedbl', 'r', 's', 'seven', 'six', 'slash', 'space', 't', 'three', 'triagup', 'two', 'u', 'uniAC00', 'uniAC04', 'uniADDC', 'uniB2E5', 'uniB4F1', 'uniB808', 'uniB9C1', 'uniB9E4', 'uniBA58', 'uniBAA8', 'uniBAA9', 'uniBC14', 'uniBC18', 'uniC218', 'uniC2DC', 'uniC2E0', 'uniC775', 'uniC77C', 'uniC808', 'uniD140', 'uniD2B8', 'uniD45C', 'v', 'w', 'x', 'y', 'zero']
2026-04-25 06:40:40,078 [INFO] fontTools.subset — Glyph IDs:   [0, 1, 2, 3, 4, 5, 8, 9, 11, 12, 13, 14, 15, 16, 17, 18, 19, 20, 21, 22, 23, 24, 25, 26, 33, 34, 35, 36, 37, 38, 39, 40, 41, 44, 45, 46, 47, 48, 49, 50, 51, 52, 53, 54, 55, 57, 64, 65, 66, 67, 68, 69, 70, 71, 72, 74, 75, 76, 77, 78, 79, 80, 81, 82, 83, 84, 85, 86, 87, 88, 91, 96, 99, 104, 159, 162, 495, 497, 640, 928, 1042, 1177, 1267, 1283, 1310, 1326, 1327, 1397, 1401, 1708, 1751, 1753, 2043, 2045, 2091, 2518, 2576, 2661, 13296]
2026-04-25 06:40:40,079 [INFO] fontTools.subset — Retaining 99 glyphs
2026-04-25 06:40:40,079 [INFO] fontTools.subset — head subsetting not needed
2026-04-25 06:40:40,079 [INFO] fontTools.subset — hhea subsetting not needed
2026-04-25 06:40:40,079 [INFO] fontTools.subset — maxp subsetting not needed
2026-04-25 06:40:40,079 [INFO] fontTools.subset — OS/2 subsetting not needed
2026-04-25 06:40:40,080 [INFO] fontTools.subset — hmtx subsetted
2026-04-25 06:40:40,081 [INFO] fontTools.subset — cmap subsetted
2026-04-25 06:40:40,081 [INFO] fontTools.subset — fpgm subsetting not needed
2026-04-25 06:40:40,081 [INFO] fontTools.subset — prep subsetting not needed
2026-04-25 06:40:40,082 [INFO] fontTools.subset — cvt  subsetting not needed
2026-04-25 06:40:40,082 [INFO] fontTools.subset — loca subsetting not needed
2026-04-25 06:40:40,082 [INFO] fontTools.subset — post subsetted
2026-04-25 06:40:40,082 [INFO] fontTools.subset — gasp subsetting not needed
2026-04-25 06:40:40,082 [INFO] fontTools.subset — name subsetting not needed
2026-04-25 06:40:40,084 [INFO] fontTools.subset — glyf subsetted
2026-04-25 06:40:40,085 [INFO] fontTools.subset — head pruned
2026-04-25 06:40:40,085 [INFO] fontTools.subset — OS/2 Unicode ranges pruned: [0, 1, 31, 37, 45, 56]
2026-04-25 06:40:40,085 [INFO] fontTools.subset — OS/2 CodePage ranges pruned: [0]
2026-04-25 06:40:40,086 [INFO] fontTools.subset — glyf pruned
2026-04-25 06:40:40,087 [INFO] fontTools.subset — name pruned
2026-04-25 06:40:40,106 [WARNING] fpdf.output — Font MPDFAA+NanumGothicBold is missing the following glyphs: '📉' (\U0001f4c9), '📈' (\U0001f4c8)
2026-04-25 06:40:40,107 [INFO] fontTools.subset — maxp pruned
2026-04-25 06:40:40,107 [INFO] fontTools.subset — cmap pruned
2026-04-25 06:40:40,107 [INFO] fontTools.subset — post pruned
2026-04-25 06:40:40,107 [INFO] fontTools.subset — DSIG dropped
2026-04-25 06:40:40,107 [INFO] fontTools.subset — GPOS dropped
2026-04-25 06:40:40,107 [INFO] fontTools.subset — GSUB dropped
2026-04-25 06:40:40,108 [INFO] fontTools.subset — glyf pruned
2026-04-25 06:40:40,109 [INFO] fontTools.subset — Added gid0 to subset
2026-04-25 06:40:40,109 [INFO] fontTools.subset — Added first four glyphs to subset
2026-04-25 06:40:40,109 [INFO] fontTools.subset — Closing glyph list over 'glyf': 89 glyphs before
2026-04-25 06:40:40,109 [INFO] fontTools.subset — Glyph names: ['.notdef', 'A', 'B', 'C', 'D', 'E', 'F', 'G', 'H', 'I', 'J', 'K', 'L', 'M', 'N', 'O', 'P', 'Q', 'R', 'S', 'T', 'U', 'V', 'W', 'X', 'Y', 'Z', 'a', 'ampersand', 'b', 'c', 'colon', 'd', 'dollar', 'e', 'eight', 'equal', 'exclam', 'f', 'five', 'four', 'g', 'h', 'hyphen', 'i', 'j', 'k', 'l', 'm', 'n', 'nine', 'numbersign', 'o', 'one', 'p', 'parenleft', 'parenright', 'percent', 'period', 'periodcentered', 'plus', 'q', 'quotedbl', 'quotesingle', 'r', 's', 'seven', 'six', 'slash', 'space', 't', 'three', 'two', 'u', 'uni2605', 'uniB2E5', 'uniB3C4', 'uniB4F1', 'uniBA58', 'uniBAA8', 'uniBC14', 'uniBC18', 'uniC9C0', 'uniD140', 'v', 'w', 'x', 'y', 'zero']
2026-04-25 06:40:40,109 [INFO] fontTools.subset — Glyph IDs:   [0, 1, 2, 3, 4, 5, 6, 7, 8, 9, 11, 13, 14, 15, 16, 17, 18, 19, 20, 21, 22, 23, 24, 25, 26, 29, 33, 34, 35, 36, 37, 38, 39, 40, 41, 42, 43, 44, 45, 46, 47, 48, 49, 50, 51, 52, 53, 54, 55, 56, 57, 58, 64, 65, 66, 67, 68, 69, 70, 71, 72, 73, 74, 75, 76, 77, 78, 79, 80, 81, 82, 83, 84, 85, 86, 87, 88, 99, 150, 926, 983, 1040, 1308, 1324, 1395, 1399, 2176, 2516, 13533]
2026-04-25 06:40:40,109 [INFO] fontTools.subset — Closed glyph list over 'glyf': 89 glyphs after
2026-04-25 06:40:40,109 [INFO] fontTools.subset — Glyph names: ['.notdef', 'A', 'B', 'C', 'D', 'E', 'F', 'G', 'H', 'I', 'J', 'K', 'L', 'M', 'N', 'O', 'P', 'Q', 'R', 'S', 'T', 'U', 'V', 'W', 'X', 'Y', 'Z', 'a', 'ampersand', 'b', 'c', 'colon', 'd', 'dollar', 'e', 'eight', 'equal', 'exclam', 'f', 'five', 'four', 'g', 'h', 'hyphen', 'i', 'j', 'k', 'l', 'm', 'n', 'nine', 'numbersign', 'o', 'one', 'p', 'parenleft', 'parenright', 'percent', 'period', 'periodcentered', 'plus', 'q', 'quotedbl', 'quotesingle', 'r', 's', 'seven', 'six', 'slash', 'space', 't', 'three', 'two', 'u', 'uni2605', 'uniB2E5', 'uniB3C4', 'uniB4F1', 'uniBA58', 'uniBAA8', 'uniBC14', 'uniBC18', 'uniC9C0', 'uniD140', 'v', 'w', 'x', 'y', 'zero']
2026-04-25 06:40:40,110 [INFO] fontTools.subset — Glyph IDs:   [0, 1, 2, 3, 4, 5, 6, 7, 8, 9, 11, 13, 14, 15, 16, 17, 18, 19, 20, 21, 22, 23, 24, 25, 26, 29, 33, 34, 35, 36, 37, 38, 39, 40, 41, 42, 43, 44, 45, 46, 47, 48, 49, 50, 51, 52, 53, 54, 55, 56, 57, 58, 64, 65, 66, 67, 68, 69, 70, 71, 72, 73, 74, 75, 76, 77, 78, 79, 80, 81, 82, 83, 84, 85, 86, 87, 88, 99, 150, 926, 983, 1040, 1308, 1324, 1395, 1399, 2176, 2516, 13533]
2026-04-25 06:40:40,110 [INFO] fontTools.subset — Retaining 89 glyphs
2026-04-25 06:40:40,111 [INFO] fontTools.subset — head subsetting not needed
2026-04-25 06:40:40,111 [INFO] fontTools.subset — hhea subsetting not needed
2026-04-25 06:40:40,111 [INFO] fontTools.subset — maxp subsetting not needed
2026-04-25 06:40:40,111 [INFO] fontTools.subset — OS/2 subsetting not needed
2026-04-25 06:40:40,112 [INFO] fontTools.subset — hmtx subsetted
2026-04-25 06:40:40,113 [INFO] fontTools.subset — cmap subsetted
2026-04-25 06:40:40,113 [INFO] fontTools.subset — fpgm subsetting not needed
2026-04-25 06:40:40,113 [INFO] fontTools.subset — prep subsetting not needed
2026-04-25 06:40:40,113 [INFO] fontTools.subset — cvt  subsetting not needed
2026-04-25 06:40:40,113 [INFO] fontTools.subset — loca subsetting not needed
2026-04-25 06:40:40,114 [INFO] fontTools.subset — post subsetted
2026-04-25 06:40:40,114 [INFO] fontTools.subset — gasp subsetting not needed
2026-04-25 06:40:40,114 [INFO] fontTools.subset — name subsetting not needed
2026-04-25 06:40:40,116 [INFO] fontTools.subset — glyf subsetted
2026-04-25 06:40:40,116 [INFO] fontTools.subset — head pruned
2026-04-25 06:40:40,117 [INFO] fontTools.subset — OS/2 Unicode ranges pruned: [0, 1, 46, 56]
2026-04-25 06:40:40,117 [INFO] fontTools.subset — OS/2 CodePage ranges pruned: [0]
2026-04-25 06:40:40,118 [INFO] fontTools.subset — glyf pruned
2026-04-25 06:40:40,118 [INFO] fontTools.subset — name pruned
[Unified PT] PDF 리포트 생성 완료 (75,729 bytes)
[시장분석] 2개 종목 데이터 수집 중...
2026-04-25 06:40:46,606 [WARNING] data.fetch — [fetch_analyst_data] T: 'dict' object has no attribute 'empty'
2026-04-25 06:40:46,646 [WARNING] data.fetch — [fetch_analyst_data] VLO: 'dict' object has no attribute 'empty'
[시장분석] enrichment 완료
[Email] 페이퍼 트레이딩 알림 발송 완료 (PDF 첨부) (매도 1건, 매수 0건, 재평가 0건, 재평가실패 0건, 후보 0건) → chunghwan14@gmail.com, roykim0311@gmail.com, ssamjungtan@naver.com
============================================================
[Unified Paper Trading] 완료
============================================================
