============================================================
[Unified Paper Trading] SP500 + NASDAQ/NYSE 통합 실행 시작
============================================================
2026-09-15 07:55:36,512 [INFO] paper_trading.runner — [Runner] SP500 snapshot 로드: 128개 종목
[Unified PT] SP500 snapshot 로드: 128개 종목
2026-09-15 07:55:36,518 [INFO] paper_trading.runner — [Runner] NASDAQ snapshot 로드: 209개 종목
[Unified PT] NASDAQ snapshot 로드: 209개 종목
[Unified PT] 합산 완료: 328개 종목 (SP500 128 + NASDAQ 209개, 중복 제거 후)
[Unified PT] 골든크로스임박 종목: 38개
2026-09-15 07:55:37,097 [INFO] paper_trading.engine — [PaperTrading] SELL BAC @ 59.47 (트레일링(-5.7%))
2026-09-15 07:55:37,101 [INFO] paper_trading.candidate_selector — [전략점수 분포] ~4.0: 121 | 4.0~5.0: 28 | 5.0~5.5: 32 | 5.5~6.0: 26 | 6.0+: 121
2026-09-15 07:55:37,112 [INFO] paper_trading.candidate_selector — [CandidateSelector] Regime=bull | Filtered=9/328 | Selected: VLO (CCS=0.6347)
2026-09-15 07:55:37,117 [INFO] paper_trading.engine — [PaperTrading] BUY VLO @ 382.95 (CCS=0.6347, RSI=71, upside P50=+4% P75=+8%)
[Unified PT] 매도=1 매수=1 보유=3종목
[Unified PT] 레짐=bull | 필터={'전략점수<6.0': 207, '바닥반등_52주과열': 2, '판단등급_미달': 99, '과열_차단': 5, '유동성_부족': 0, '어닝_임박': 0, '보유_중복': 1, '모멘텀_ADX부족': 3, '바닥_RSI데드존': 2, '섹터_집중': 0, '_통과': 9, '_전체': 328}
[Unified PT] Top5 후보:
  VLO    CCS=0.6347 전략=📈 모멘텀 섹터=Energy
  AXP    CCS=0.5999 전략=📉 바닥반등 섹터=Financial Services
  MDT    CCS=0.5448 전략=📈 모멘텀 섹터=Healthcare
  INOD   CCS=0.4788 전략=📉 바닥반등 섹터=Technology
  KTOS   CCS=0.4643 전략=📉 바닥반등 섹터=Industrials
2026-09-15 07:55:38,390 [INFO] paper_trading.sheet_sync — [SheetSync] 거래로그 append: SELL BAC
2026-09-15 07:55:39,551 [INFO] paper_trading.sheet_sync — [SheetSync] 거래로그 append: BUY VLO
2026-09-15 07:55:41,507 [INFO] paper_trading.sheet_sync — [SheetSync] 포지션현황 업데이트: 3개 종목
2026-09-15 07:55:43,147 [INFO] paper_trading.sheet_sync — [SheetSync] 성과요약 업데이트: 46건 거래
[Unified PT] 구글 시트 동기화 완료
2026-09-15 07:55:43,385 [INFO] matplotlib.font_manager — Failed to extract font properties from /usr/share/fonts/truetype/noto/NotoColorEmoji.ttf: Non-scalable fonts are not supported
2026-09-15 07:55:43,390 [INFO] matplotlib.font_manager — generated new fontManager
2026-09-15 07:55:44,163 [WARNING] fpdf.output — Font MPDFAA+NanumGothic is missing the following glyphs: '📈' (\U0001f4c8), '📉' (\U0001f4c9)
2026-09-15 07:55:44,196 [INFO] fontTools.subset — maxp pruned
2026-09-15 07:55:44,196 [INFO] fontTools.subset — cmap pruned
2026-09-15 07:55:44,197 [INFO] fontTools.subset — post pruned
2026-09-15 07:55:44,197 [INFO] fontTools.subset — DSIG dropped
2026-09-15 07:55:44,197 [INFO] fontTools.subset — GPOS dropped
2026-09-15 07:55:44,197 [INFO] fontTools.subset — GSUB dropped
2026-09-15 07:55:44,197 [INFO] fontTools.subset — glyf pruned
2026-09-15 07:55:44,198 [INFO] fontTools.subset — Added gid0 to subset
2026-09-15 07:55:44,198 [INFO] fontTools.subset — Added first four glyphs to subset
2026-09-15 07:55:44,198 [INFO] fontTools.subset — Closing glyph list over 'glyf': 133 glyphs before
2026-09-15 07:55:44,198 [INFO] fontTools.subset — Glyph names: ['.notdef', 'A', 'B', 'C', 'D', 'E', 'F', 'G', 'H', 'I', 'L', 'M', 'N', 'O', 'P', 'Q', 'R', 'S', 'T', 'U', 'V', 'W', 'X', 'Y', 'a', 'arrowright', 'b', 'bar', 'c', 'colon', 'comma', 'copyright', 'd', 'dollar', 'e', 'eight', 'emdash', 'equal', 'exclam', 'f', 'five', 'four', 'g', 'h', 'hyphen', 'i', 'k', 'l', 'less', 'm', 'n', 'nine', 'numbersign', 'o', 'one', 'p', 'parenleft', 'parenright', 'percent', 'period', 'periodcentered', 'plus', 'q', 'quotedbl', 'r', 's', 'seven', 'six', 'slash', 'space', 't', 'three', 'triagup', 'two', 'u', 'underscore', 'uniAC04', 'uniAC15', 'uniAC70', 'uniACFC', 'uniAD50', 'uniAD6C', 'uniADFC', 'uniAE30', 'uniB294', 'uniB2E5', 'uniB3C4', 'uniB3CC', 'uniB4F1', 'uniB798', 'uniB7B5', 'uniB7C9', 'uniB808', 'uniB9C1', 'uniB9E4', 'uniBA58', 'uniBAA8', 'uniBC14', 'uniBC18', 'uniBCF4', 'uniBD84', 'uniC11C', 'uniC138', 'uniC158', 'uniC18D', 'uniC190', 'uniC218', 'uniC2DC', 'uniC5D0', 'uniC6A9', 'uniC720', 'uniC775', 'uniC77C', 'uniC7A5', 'uniC801', 'uniC804', 'uniC808', 'uniC8FC', 'uniC9C0', 'uniCCB4', 'uniCD94', 'uniCDA9', 'uniD140', 'uniD2B8', 'uniD30C', 'uniD3EC', 'uniD569', 'uniD5C8', 'v', 'w', 'x', 'y', 'zero']
2026-09-15 07:55:44,198 [INFO] fontTools.subset — Glyph IDs:   [0, 1, 2, 3, 4, 5, 8, 9, 11, 12, 13, 14, 15, 16, 17, 18, 19, 20, 21, 22, 23, 24, 25, 26, 28, 29, 33, 34, 35, 36, 37, 38, 39, 40, 41, 44, 45, 46, 47, 48, 49, 50, 51, 52, 53, 54, 55, 56, 57, 63, 64, 65, 66, 67, 68, 69, 70, 71, 72, 74, 75, 76, 77, 78, 79, 80, 81, 82, 83, 84, 85, 86, 87, 88, 91, 96, 99, 104, 159, 162, 497, 507, 531, 584, 607, 612, 645, 654, 904, 928, 985, 989, 1042, 1153, 1163, 1166, 1177, 1267, 1283, 1310, 1326, 1397, 1401, 1458, 1482, 1635, 1650, 1661, 1673, 1675, 1708, 1751, 1905, 1979, 2013, 2043, 2045, 2067, 2089, 2090, 2091, 2146, 2178, 2308, 2343, 2350, 2518, 2576, 2598, 2649, 2709, 2723, 13296]
2026-09-15 07:55:44,199 [INFO] fontTools.subset — Closed glyph list over 'glyf': 133 glyphs after
2026-09-15 07:55:44,199 [INFO] fontTools.subset — Glyph names: ['.notdef', 'A', 'B', 'C', 'D', 'E', 'F', 'G', 'H', 'I', 'L', 'M', 'N', 'O', 'P', 'Q', 'R', 'S', 'T', 'U', 'V', 'W', 'X', 'Y', 'a', 'arrowright', 'b', 'bar', 'c', 'colon', 'comma', 'copyright', 'd', 'dollar', 'e', 'eight', 'emdash', 'equal', 'exclam', 'f', 'five', 'four', 'g', 'h', 'hyphen', 'i', 'k', 'l', 'less', 'm', 'n', 'nine', 'numbersign', 'o', 'one', 'p', 'parenleft', 'parenright', 'percent', 'period', 'periodcentered', 'plus', 'q', 'quotedbl', 'r', 's', 'seven', 'six', 'slash', 'space', 't', 'three', 'triagup', 'two', 'u', 'underscore', 'uniAC04', 'uniAC15', 'uniAC70', 'uniACFC', 'uniAD50', 'uniAD6C', 'uniADFC', 'uniAE30', 'uniB294', 'uniB2E5', 'uniB3C4', 'uniB3CC', 'uniB4F1', 'uniB798', 'uniB7B5', 'uniB7C9', 'uniB808', 'uniB9C1', 'uniB9E4', 'uniBA58', 'uniBAA8', 'uniBC14', 'uniBC18', 'uniBCF4', 'uniBD84', 'uniC11C', 'uniC138', 'uniC158', 'uniC18D', 'uniC190', 'uniC218', 'uniC2DC', 'uniC5D0', 'uniC6A9', 'uniC720', 'uniC775', 'uniC77C', 'uniC7A5', 'uniC801', 'uniC804', 'uniC808', 'uniC8FC', 'uniC9C0', 'uniCCB4', 'uniCD94', 'uniCDA9', 'uniD140', 'uniD2B8', 'uniD30C', 'uniD3EC', 'uniD569', 'uniD5C8', 'v', 'w', 'x', 'y', 'zero']
2026-09-15 07:55:44,199 [INFO] fontTools.subset — Glyph IDs:   [0, 1, 2, 3, 4, 5, 8, 9, 11, 12, 13, 14, 15, 16, 17, 18, 19, 20, 21, 22, 23, 24, 25, 26, 28, 29, 33, 34, 35, 36, 37, 38, 39, 40, 41, 44, 45, 46, 47, 48, 49, 50, 51, 52, 53, 54, 55, 56, 57, 63, 64, 65, 66, 67, 68, 69, 70, 71, 72, 74, 75, 76, 77, 78, 79, 80, 81, 82, 83, 84, 85, 86, 87, 88, 91, 96, 99, 104, 159, 162, 497, 507, 531, 584, 607, 612, 645, 654, 904, 928, 985, 989, 1042, 1153, 1163, 1166, 1177, 1267, 1283, 1310, 1326, 1397, 1401, 1458, 1482, 1635, 1650, 1661, 1673, 1675, 1708, 1751, 1905, 1979, 2013, 2043, 2045, 2067, 2089, 2090, 2091, 2146, 2178, 2308, 2343, 2350, 2518, 2576, 2598, 2649, 2709, 2723, 13296]
2026-09-15 07:55:44,199 [INFO] fontTools.subset — Retaining 133 glyphs
2026-09-15 07:55:44,199 [INFO] fontTools.subset — head subsetting not needed
2026-09-15 07:55:44,199 [INFO] fontTools.subset — hhea subsetting not needed
2026-09-15 07:55:44,200 [INFO] fontTools.subset — maxp subsetting not needed
2026-09-15 07:55:44,200 [INFO] fontTools.subset — OS/2 subsetting not needed
2026-09-15 07:55:44,200 [INFO] fontTools.subset — hmtx subsetted
2026-09-15 07:55:44,201 [INFO] fontTools.subset — cmap subsetted
2026-09-15 07:55:44,201 [INFO] fontTools.subset — fpgm subsetting not needed
2026-09-15 07:55:44,201 [INFO] fontTools.subset — prep subsetting not needed
2026-09-15 07:55:44,201 [INFO] fontTools.subset — cvt  subsetting not needed
2026-09-15 07:55:44,201 [INFO] fontTools.subset — loca subsetting not needed
2026-09-15 07:55:44,201 [INFO] fontTools.subset — post subsetted
2026-09-15 07:55:44,201 [INFO] fontTools.subset — gasp subsetting not needed
2026-09-15 07:55:44,201 [INFO] fontTools.subset — name subsetting not needed
2026-09-15 07:55:44,203 [INFO] fontTools.subset — glyf subsetted
2026-09-15 07:55:44,203 [INFO] fontTools.subset — head pruned
2026-09-15 07:55:44,204 [INFO] fontTools.subset — OS/2 Unicode ranges pruned: [0, 1, 31, 37, 45, 56]
2026-09-15 07:55:44,204 [INFO] fontTools.subset — OS/2 CodePage ranges pruned: [0]
2026-09-15 07:55:44,205 [INFO] fontTools.subset — glyf pruned
2026-09-15 07:55:44,205 [INFO] fontTools.subset — name pruned
2026-09-15 07:55:44,226 [WARNING] fpdf.output — Font MPDFAA+NanumGothicBold is missing the following glyphs: '📈' (\U0001f4c8), '📉' (\U0001f4c9)
2026-09-15 07:55:44,226 [INFO] fontTools.subset — maxp pruned
2026-09-15 07:55:44,226 [INFO] fontTools.subset — cmap pruned
2026-09-15 07:55:44,226 [INFO] fontTools.subset — post pruned
2026-09-15 07:55:44,226 [INFO] fontTools.subset — DSIG dropped
2026-09-15 07:55:44,226 [INFO] fontTools.subset — GPOS dropped
2026-09-15 07:55:44,226 [INFO] fontTools.subset — GSUB dropped
2026-09-15 07:55:44,227 [INFO] fontTools.subset — glyf pruned
2026-09-15 07:55:44,227 [INFO] fontTools.subset — Added gid0 to subset
2026-09-15 07:55:44,227 [INFO] fontTools.subset — Added first four glyphs to subset
2026-09-15 07:55:44,228 [INFO] fontTools.subset — Closing glyph list over 'glyf': 108 glyphs before
2026-09-15 07:55:44,228 [INFO] fontTools.subset — Glyph names: ['.notdef', 'A', 'B', 'C', 'D', 'E', 'F', 'G', 'H', 'I', 'J', 'K', 'L', 'M', 'N', 'O', 'P', 'Q', 'R', 'S', 'T', 'U', 'V', 'W', 'X', 'Y', 'Z', 'a', 'ampersand', 'b', 'c', 'colon', 'd', 'dollar', 'e', 'eight', 'emdash', 'equal', 'exclam', 'f', 'five', 'four', 'g', 'h', 'hyphen', 'i', 'j', 'k', 'l', 'm', 'n', 'nine', 'numbersign', 'o', 'one', 'p', 'parenleft', 'parenright', 'percent', 'period', 'periodcentered', 'plus', 'q', 'quotedbl', 'quotesingle', 'r', 's', 'seven', 'six', 'slash', 'space', 't', 'three', 'two', 'u', 'uni2605', 'uniAC78', 'uniB20C', 'uniB2E5', 'uniB370', 'uniB4DC', 'uniB4F1', 'uniB85C', 'uniB9BC', 'uniBA58', 'uniBAA8', 'uniBAA9', 'uniBC14', 'uniBC15', 'uniBC18', 'uniBC30', 'uniC138', 'uniC2A4', 'uniC57D', 'uniC5F4', 'uniC644', 'uniC784', 'uniC789', 'uniC804', 'uniC815', 'uniD06C', 'uniD140', 'uniD551', 'v', 'w', 'x', 'y', 'zero']
2026-09-15 07:55:44,228 [INFO] fontTools.subset — Glyph IDs:   [0, 1, 2, 3, 4, 5, 6, 7, 8, 9, 11, 13, 14, 15, 16, 17, 18, 19, 20, 21, 22, 23, 24, 25, 26, 29, 33, 34, 35, 36, 37, 38, 39, 40, 41, 42, 43, 44, 45, 46, 47, 48, 49, 50, 51, 52, 53, 54, 55, 56, 57, 58, 64, 65, 66, 67, 68, 69, 70, 71, 72, 73, 74, 75, 76, 77, 78, 79, 80, 81, 82, 83, 84, 85, 86, 87, 88, 99, 104, 150, 533, 881, 926, 967, 1031, 1040, 1196, 1262, 1308, 1324, 1325, 1395, 1396, 1399, 1410, 1648, 1740, 1872, 1915, 1949, 2047, 2051, 2088, 2094, 2475, 2516, 2700, 13533]
2026-09-15 07:55:44,228 [INFO] fontTools.subset — Closed glyph list over 'glyf': 108 glyphs after
2026-09-15 07:55:44,228 [INFO] fontTools.subset — Glyph names: ['.notdef', 'A', 'B', 'C', 'D', 'E', 'F', 'G', 'H', 'I', 'J', 'K', 'L', 'M', 'N', 'O', 'P', 'Q', 'R', 'S', 'T', 'U', 'V', 'W', 'X', 'Y', 'Z', 'a', 'ampersand', 'b', 'c', 'colon', 'd', 'dollar', 'e', 'eight', 'emdash', 'equal', 'exclam', 'f', 'five', 'four', 'g', 'h', 'hyphen', 'i', 'j', 'k', 'l', 'm', 'n', 'nine', 'numbersign', 'o', 'one', 'p', 'parenleft', 'parenright', 'percent', 'period', 'periodcentered', 'plus', 'q', 'quotedbl', 'quotesingle', 'r', 's', 'seven', 'six', 'slash', 'space', 't', 'three', 'two', 'u', 'uni2605', 'uniAC78', 'uniB20C', 'uniB2E5', 'uniB370', 'uniB4DC', 'uniB4F1', 'uniB85C', 'uniB9BC', 'uniBA58', 'uniBAA8', 'uniBAA9', 'uniBC14', 'uniBC15', 'uniBC18', 'uniBC30', 'uniC138', 'uniC2A4', 'uniC57D', 'uniC5F4', 'uniC644', 'uniC784', 'uniC789', 'uniC804', 'uniC815', 'uniD06C', 'uniD140', 'uniD551', 'v', 'w', 'x', 'y', 'zero']
2026-09-15 07:55:44,228 [INFO] fontTools.subset — Glyph IDs:   [0, 1, 2, 3, 4, 5, 6, 7, 8, 9, 11, 13, 14, 15, 16, 17, 18, 19, 20, 21, 22, 23, 24, 25, 26, 29, 33, 34, 35, 36, 37, 38, 39, 40, 41, 42, 43, 44, 45, 46, 47, 48, 49, 50, 51, 52, 53, 54, 55, 56, 57, 58, 64, 65, 66, 67, 68, 69, 70, 71, 72, 73, 74, 75, 76, 77, 78, 79, 80, 81, 82, 83, 84, 85, 86, 87, 88, 99, 104, 150, 533, 881, 926, 967, 1031, 1040, 1196, 1262, 1308, 1324, 1325, 1395, 1396, 1399, 1410, 1648, 1740, 1872, 1915, 1949, 2047, 2051, 2088, 2094, 2475, 2516, 2700, 13533]
2026-09-15 07:55:44,229 [INFO] fontTools.subset — Retaining 108 glyphs
2026-09-15 07:55:44,229 [INFO] fontTools.subset — head subsetting not needed
2026-09-15 07:55:44,229 [INFO] fontTools.subset — hhea subsetting not needed
2026-09-15 07:55:44,229 [INFO] fontTools.subset — maxp subsetting not needed
2026-09-15 07:55:44,229 [INFO] fontTools.subset — OS/2 subsetting not needed
2026-09-15 07:55:44,229 [INFO] fontTools.subset — hmtx subsetted
2026-09-15 07:55:44,231 [INFO] fontTools.subset — cmap subsetted
2026-09-15 07:55:44,231 [INFO] fontTools.subset — fpgm subsetting not needed
2026-09-15 07:55:44,231 [INFO] fontTools.subset — prep subsetting not needed
2026-09-15 07:55:44,231 [INFO] fontTools.subset — cvt  subsetting not needed
2026-09-15 07:55:44,231 [INFO] fontTools.subset — loca subsetting not needed
2026-09-15 07:55:44,231 [INFO] fontTools.subset — post subsetted
2026-09-15 07:55:44,231 [INFO] fontTools.subset — gasp subsetting not needed
2026-09-15 07:55:44,231 [INFO] fontTools.subset — name subsetting not needed
2026-09-15 07:55:44,233 [INFO] fontTools.subset — glyf subsetted
2026-09-15 07:55:44,233 [INFO] fontTools.subset — head pruned
2026-09-15 07:55:44,234 [INFO] fontTools.subset — OS/2 Unicode ranges pruned: [0, 1, 31, 46, 56]
2026-09-15 07:55:44,234 [INFO] fontTools.subset — OS/2 CodePage ranges pruned: [0]
2026-09-15 07:55:44,235 [INFO] fontTools.subset — glyf pruned
2026-09-15 07:55:44,235 [INFO] fontTools.subset — name pruned
[Unified PT] PDF 리포트 생성 완료 (156,855 bytes)
[시장분석] 43개 종목 데이터 수집 중...
2026-09-15 07:55:50,525 [WARNING] data.fetch — [fetch_analyst_data] KTOS: 'dict' object has no attribute 'empty'
2026-09-15 07:55:50,533 [WARNING] data.fetch — [fetch_analyst_data] INOD: 'dict' object has no attribute 'empty'
2026-09-15 07:55:50,547 [WARNING] data.fetch — [fetch_analyst_data] VLO: 'dict' object has no attribute 'empty'
2026-09-15 07:55:50,565 [WARNING] data.fetch — [fetch_analyst_data] MDT: 'dict' object has no attribute 'empty'
2026-09-15 07:55:50,574 [WARNING] data.fetch — [fetch_analyst_data] AXP: 'dict' object has no attribute 'empty'
2026-09-15 07:55:56,763 [WARNING] data.fetch — [fetch_analyst_data] META: 'dict' object has no attribute 'empty'
2026-09-15 07:55:56,786 [WARNING] data.fetch — [fetch_analyst_data] BAC: 'dict' object has no attribute 'empty'
2026-09-15 07:55:56,797 [WARNING] data.fetch — [fetch_analyst_data] WIX: 'dict' object has no attribute 'empty'
2026-09-15 07:55:56,831 [WARNING] data.fetch — [fetch_analyst_data] DIS: 'dict' object has no attribute 'empty'
2026-09-15 07:55:56,874 [WARNING] data.fetch — [fetch_analyst_data] PG: 'dict' object has no attribute 'empty'
2026-09-15 07:56:02,984 [WARNING] data.fetch — [fetch_analyst_data] MMYT: 'dict' object has no attribute 'empty'
2026-09-15 07:56:03,007 [WARNING] data.fetch — [fetch_analyst_data] MNDY: 'dict' object has no attribute 'empty'
2026-09-15 07:56:03,059 [WARNING] data.fetch — [fetch_analyst_data] FIG: 'dict' object has no attribute 'empty'
2026-09-15 07:56:03,074 [WARNING] data.fetch — [fetch_analyst_data] SPGI: 'dict' object has no attribute 'empty'
2026-09-15 07:56:03,102 [WARNING] data.fetch — [fetch_analyst_data] ADBE: 'dict' object has no attribute 'empty'
2026-09-15 07:56:09,223 [WARNING] data.fetch — [fetch_analyst_data] UBER: 'dict' object has no attribute 'empty'
2026-09-15 07:56:09,288 [WARNING] data.fetch — [fetch_analyst_data] MELI: 'dict' object has no attribute 'empty'
2026-09-15 07:56:09,309 [WARNING] data.fetch — [fetch_analyst_data] DHR: 'dict' object has no attribute 'empty'
2026-09-15 07:56:09,327 [WARNING] data.fetch — [fetch_analyst_data] COUR: 'dict' object has no attribute 'empty'
2026-09-15 07:56:09,372 [WARNING] data.fetch — [fetch_analyst_data] ABT: 'dict' object has no attribute 'empty'
2026-09-15 07:56:15,506 [WARNING] data.fetch — [fetch_analyst_data] ORCL: 'dict' object has no attribute 'empty'
2026-09-15 07:56:15,526 [WARNING] data.fetch — [fetch_analyst_data] TMUS: 'dict' object has no attribute 'empty'
2026-09-15 07:56:15,538 [WARNING] data.fetch — [fetch_analyst_data] AMD: 'dict' object has no attribute 'empty'
2026-09-15 07:56:15,570 [WARNING] data.fetch — [fetch_analyst_data] QCOM: 'dict' object has no attribute 'empty'
2026-09-15 07:56:15,634 [WARNING] data.fetch — [fetch_analyst_data] IBM: 'dict' object has no attribute 'empty'
2026-09-15 07:56:21,754 [WARNING] data.fetch — [fetch_analyst_data] RBLX: 'dict' object has no attribute 'empty'
2026-09-15 07:56:21,768 [WARNING] data.fetch — [fetch_analyst_data] FLUT: 'dict' object has no attribute 'empty'
2026-09-15 07:56:21,789 [WARNING] data.fetch — [fetch_analyst_data] SYM: 'dict' object has no attribute 'empty'
2026-09-15 07:56:21,796 [WARNING] data.fetch — [fetch_analyst_data] HIVE: 'dict' object has no attribute 'empty'
2026-09-15 07:56:21,897 [WARNING] data.fetch — [fetch_analyst_data] WMT: 'dict' object has no attribute 'empty'
2026-09-15 07:56:27,977 [WARNING] data.fetch — [fetch_analyst_data] ODD: 'dict' object has no attribute 'empty'
2026-09-15 07:56:27,985 [WARNING] data.fetch — [fetch_analyst_data] BTDR: 'dict' object has no attribute 'empty'
2026-09-15 07:56:28,003 [WARNING] data.fetch — [fetch_analyst_data] LI: 'dict' object has no attribute 'empty'
2026-09-15 07:56:28,069 [WARNING] data.fetch — [fetch_analyst_data] SRAD: 'dict' object has no attribute 'empty'
2026-09-15 07:56:28,148 [WARNING] data.fetch — [fetch_analyst_data] T: 'dict' object has no attribute 'empty'
2026-09-15 07:56:34,196 [WARNING] data.fetch — [fetch_analyst_data] SBET: 'dict' object has no attribute 'empty'
2026-09-15 07:56:34,209 [WARNING] data.fetch — [fetch_analyst_data] CRE: 'dict' object has no attribute 'empty'
2026-09-15 07:56:34,224 [WARNING] data.fetch — [fetch_analyst_data] BNC: 'dict' object has no attribute 'empty'
2026-09-15 07:56:34,345 [WARNING] data.fetch — [fetch_analyst_data] BMNR: 'dict' object has no attribute 'empty'
2026-09-15 07:56:34,369 [WARNING] data.fetch — [fetch_analyst_data] HUBS: 'dict' object has no attribute 'empty'
2026-09-15 07:56:40,434 [WARNING] data.fetch — [fetch_analyst_data] COIN: 'dict' object has no attribute 'empty'
2026-09-15 07:56:40,452 [WARNING] data.fetch — [fetch_analyst_data] BKNG: 'dict' object has no attribute 'empty'
2026-09-15 07:56:40,501 [WARNING] data.fetch — [fetch_analyst_data] PEP: 'dict' object has no attribute 'empty'
[시장분석] enrichment 완료
[Email] 페이퍼 트레이딩 알림 발송 완료 (PDF 첨부) (매도 1건, 매수 1건, 재평가 0건, 재평가실패 0건, 후보 5건) → chunghwan14@gmail.com, roykim0311@gmail.com, ssamjungtan@naver.com
============================================================
[Unified Paper Trading] 완료
============================================================
