============================================================
[Unified Paper Trading] SP500 + NASDAQ/NYSE 통합 실행 시작
============================================================
2026-09-13 08:17:05,590 [INFO] paper_trading.runner — [Runner] SP500 snapshot 로드: 128개 종목
[Unified PT] SP500 snapshot 로드: 128개 종목
2026-09-13 08:17:05,603 [INFO] paper_trading.runner — [Runner] NASDAQ snapshot 로드: 209개 종목
[Unified PT] NASDAQ snapshot 로드: 209개 종목
[Unified PT] 합산 완료: 330개 종목 (SP500 128 + NASDAQ 209개, 중복 제거 후)
[Unified PT] 골든크로스임박 종목: 46개
2026-09-13 08:17:06,277 [INFO] paper_trading.engine — [PaperTrading] DEFER SKIP DHT: rsi_not_overbought, bb_not_peaked (RSI=76.6, ADX=31.3, vol_mult=1.50, vol_z=1.72, ret_5d=+8.96%, bb_pband=1.05)
2026-09-13 08:17:06,277 [INFO] paper_trading.engine — [PaperTrading] SELL DHT @ 22.00 (시간익절(8일,+5.4%))
2026-09-13 08:17:06,282 [INFO] paper_trading.candidate_selector — [전략점수 분포] ~4.0: 107 | 4.0~5.0: 39 | 5.0~5.5: 41 | 5.5~6.0: 33 | 6.0+: 110
2026-09-13 08:17:06,300 [INFO] paper_trading.candidate_selector — [CandidateSelector] Regime=bull | Filtered=8/330 | Selected: ADBE (CCS=0.6876)
2026-09-13 08:17:06,306 [INFO] paper_trading.engine — [PaperTrading] BUY ADBE @ 252.23 (CCS=0.6876, RSI=42, upside P50=+5% P75=+8%)
[Unified PT] 매도=1 매수=1 보유=3종목
[Unified PT] 레짐=bull | 필터={'전략점수<6.0': 220, '바닥반등_52주과열': 1, '판단등급_미달': 87, '과열_차단': 11, '유동성_부족': 0, '어닝_임박': 0, '보유_중복': 1, '모멘텀_ADX부족': 1, '바닥_RSI데드존': 1, '섹터_집중': 0, '_통과': 8, '_전체': 330}
[Unified PT] Top5 후보:
  ADBE   CCS=0.6876 전략=📉 바닥반등 섹터=Technology
  MDT    CCS=0.6103 전략=📈 모멘텀 섹터=Healthcare
  DINO   CCS=0.5977 전략=📈 모멘텀 섹터=Energy
  DK     CCS=0.5516 전략=📈 모멘텀 섹터=Energy
  HYMC   CCS=0.5078 전략=📉 바닥반등 섹터=Basic Materials
2026-09-13 08:17:07,527 [INFO] paper_trading.sheet_sync — [SheetSync] 거래로그 append: SELL DHT
2026-09-13 08:17:08,690 [INFO] paper_trading.sheet_sync — [SheetSync] 거래로그 append: BUY ADBE
2026-09-13 08:17:10,150 [INFO] paper_trading.sheet_sync — [SheetSync] 포지션현황 업데이트: 3개 종목
2026-09-13 08:17:11,528 [INFO] paper_trading.sheet_sync — [SheetSync] 성과요약 업데이트: 45건 거래
[Unified PT] 구글 시트 동기화 완료
2026-09-13 08:17:11,823 [INFO] matplotlib.font_manager — Failed to extract font properties from /usr/share/fonts/truetype/noto/NotoColorEmoji.ttf: Non-scalable fonts are not supported
2026-09-13 08:17:11,836 [INFO] matplotlib.font_manager — generated new fontManager
2026-09-13 08:17:12,808 [WARNING] fpdf.output — Font MPDFAA+NanumGothic is missing the following glyphs: '📉' (\U0001f4c9), '📈' (\U0001f4c8)
2026-09-13 08:17:12,848 [INFO] fontTools.subset — maxp pruned
2026-09-13 08:17:12,850 [INFO] fontTools.subset — cmap pruned
2026-09-13 08:17:12,851 [INFO] fontTools.subset — post pruned
2026-09-13 08:17:12,851 [INFO] fontTools.subset — DSIG dropped
2026-09-13 08:17:12,851 [INFO] fontTools.subset — GPOS dropped
2026-09-13 08:17:12,851 [INFO] fontTools.subset — GSUB dropped
2026-09-13 08:17:12,852 [INFO] fontTools.subset — glyf pruned
2026-09-13 08:17:12,853 [INFO] fontTools.subset — Added gid0 to subset
2026-09-13 08:17:12,853 [INFO] fontTools.subset — Added first four glyphs to subset
2026-09-13 08:17:12,853 [INFO] fontTools.subset — Closing glyph list over 'glyf': 102 glyphs before
2026-09-13 08:17:12,853 [INFO] fontTools.subset — Glyph names: ['.notdef', 'A', 'B', 'C', 'D', 'E', 'F', 'G', 'H', 'I', 'L', 'M', 'N', 'O', 'P', 'Q', 'R', 'S', 'T', 'U', 'V', 'W', 'Y', 'a', 'arrowright', 'b', 'bar', 'c', 'colon', 'comma', 'copyright', 'd', 'dollar', 'e', 'eight', 'emdash', 'exclam', 'f', 'five', 'four', 'g', 'h', 'hyphen', 'i', 'k', 'l', 'm', 'n', 'nine', 'numbersign', 'o', 'one', 'p', 'parenleft', 'parenright', 'percent', 'period', 'periodcentered', 'plus', 'q', 'quotedbl', 'r', 's', 'seven', 'six', 'slash', 'space', 't', 'three', 'triagup', 'two', 'u', 'uniAC00', 'uniAC04', 'uniAD50', 'uniAE30', 'uniB2E5', 'uniB4F1', 'uniB808', 'uniB9C1', 'uniBA58', 'uniBAA8', 'uniBAA9', 'uniBC14', 'uniBC18', 'uniBCF4', 'uniC190', 'uniC2DC', 'uniC720', 'uniC775', 'uniC77C', 'uniC7A5', 'uniC808', 'uniCCB4', 'uniD140', 'uniD2B8', 'uniD45C', 'v', 'w', 'x', 'y', 'zero']
2026-09-13 08:17:12,853 [INFO] fontTools.subset — Glyph IDs:   [0, 1, 2, 3, 4, 5, 8, 9, 11, 12, 13, 14, 15, 16, 17, 18, 19, 20, 21, 22, 23, 24, 25, 26, 33, 34, 35, 36, 37, 38, 39, 40, 41, 44, 45, 46, 47, 48, 49, 50, 51, 52, 53, 54, 55, 57, 64, 65, 66, 67, 68, 69, 70, 71, 72, 74, 75, 76, 77, 78, 79, 80, 81, 82, 83, 84, 85, 86, 87, 88, 91, 96, 99, 104, 159, 162, 495, 497, 607, 654, 928, 1042, 1177, 1267, 1310, 1326, 1327, 1397, 1401, 1458, 1675, 1751, 2013, 2043, 2045, 2067, 2091, 2308, 2518, 2576, 2661, 13296]
2026-09-13 08:17:12,853 [INFO] fontTools.subset — Closed glyph list over 'glyf': 102 glyphs after
2026-09-13 08:17:12,853 [INFO] fontTools.subset — Glyph names: ['.notdef', 'A', 'B', 'C', 'D', 'E', 'F', 'G', 'H', 'I', 'L', 'M', 'N', 'O', 'P', 'Q', 'R', 'S', 'T', 'U', 'V', 'W', 'Y', 'a', 'arrowright', 'b', 'bar', 'c', 'colon', 'comma', 'copyright', 'd', 'dollar', 'e', 'eight', 'emdash', 'exclam', 'f', 'five', 'four', 'g', 'h', 'hyphen', 'i', 'k', 'l', 'm', 'n', 'nine', 'numbersign', 'o', 'one', 'p', 'parenleft', 'parenright', 'percent', 'period', 'periodcentered', 'plus', 'q', 'quotedbl', 'r', 's', 'seven', 'six', 'slash', 'space', 't', 'three', 'triagup', 'two', 'u', 'uniAC00', 'uniAC04', 'uniAD50', 'uniAE30', 'uniB2E5', 'uniB4F1', 'uniB808', 'uniB9C1', 'uniBA58', 'uniBAA8', 'uniBAA9', 'uniBC14', 'uniBC18', 'uniBCF4', 'uniC190', 'uniC2DC', 'uniC720', 'uniC775', 'uniC77C', 'uniC7A5', 'uniC808', 'uniCCB4', 'uniD140', 'uniD2B8', 'uniD45C', 'v', 'w', 'x', 'y', 'zero']
2026-09-13 08:17:12,854 [INFO] fontTools.subset — Glyph IDs:   [0, 1, 2, 3, 4, 5, 8, 9, 11, 12, 13, 14, 15, 16, 17, 18, 19, 20, 21, 22, 23, 24, 25, 26, 33, 34, 35, 36, 37, 38, 39, 40, 41, 44, 45, 46, 47, 48, 49, 50, 51, 52, 53, 54, 55, 57, 64, 65, 66, 67, 68, 69, 70, 71, 72, 74, 75, 76, 77, 78, 79, 80, 81, 82, 83, 84, 85, 86, 87, 88, 91, 96, 99, 104, 159, 162, 495, 497, 607, 654, 928, 1042, 1177, 1267, 1310, 1326, 1327, 1397, 1401, 1458, 1675, 1751, 2013, 2043, 2045, 2067, 2091, 2308, 2518, 2576, 2661, 13296]
2026-09-13 08:17:12,854 [INFO] fontTools.subset — Retaining 102 glyphs
2026-09-13 08:17:12,855 [INFO] fontTools.subset — head subsetting not needed
2026-09-13 08:17:12,855 [INFO] fontTools.subset — hhea subsetting not needed
2026-09-13 08:17:12,855 [INFO] fontTools.subset — maxp subsetting not needed
2026-09-13 08:17:12,855 [INFO] fontTools.subset — OS/2 subsetting not needed
2026-09-13 08:17:12,855 [INFO] fontTools.subset — hmtx subsetted
2026-09-13 08:17:12,857 [INFO] fontTools.subset — cmap subsetted
2026-09-13 08:17:12,857 [INFO] fontTools.subset — fpgm subsetting not needed
2026-09-13 08:17:12,857 [INFO] fontTools.subset — prep subsetting not needed
2026-09-13 08:17:12,857 [INFO] fontTools.subset — cvt  subsetting not needed
2026-09-13 08:17:12,857 [INFO] fontTools.subset — loca subsetting not needed
2026-09-13 08:17:12,857 [INFO] fontTools.subset — post subsetted
2026-09-13 08:17:12,857 [INFO] fontTools.subset — gasp subsetting not needed
2026-09-13 08:17:12,857 [INFO] fontTools.subset — name subsetting not needed
2026-09-13 08:17:12,859 [INFO] fontTools.subset — glyf subsetted
2026-09-13 08:17:12,860 [INFO] fontTools.subset — head pruned
2026-09-13 08:17:12,860 [INFO] fontTools.subset — OS/2 Unicode ranges pruned: [0, 1, 31, 37, 45, 56]
2026-09-13 08:17:12,860 [INFO] fontTools.subset — OS/2 CodePage ranges pruned: [0]
2026-09-13 08:17:12,861 [INFO] fontTools.subset — glyf pruned
2026-09-13 08:17:12,862 [INFO] fontTools.subset — name pruned
2026-09-13 08:17:12,882 [WARNING] fpdf.output — Font MPDFAA+NanumGothicBold is missing the following glyphs: '📈' (\U0001f4c8), '📉' (\U0001f4c9)
2026-09-13 08:17:12,882 [INFO] fontTools.subset — maxp pruned
2026-09-13 08:17:12,882 [INFO] fontTools.subset — cmap pruned
2026-09-13 08:17:12,882 [INFO] fontTools.subset — post pruned
2026-09-13 08:17:12,883 [INFO] fontTools.subset — DSIG dropped
2026-09-13 08:17:12,883 [INFO] fontTools.subset — GPOS dropped
2026-09-13 08:17:12,883 [INFO] fontTools.subset — GSUB dropped
2026-09-13 08:17:12,883 [INFO] fontTools.subset — glyf pruned
2026-09-13 08:17:12,884 [INFO] fontTools.subset — Added gid0 to subset
2026-09-13 08:17:12,884 [INFO] fontTools.subset — Added first four glyphs to subset
2026-09-13 08:17:12,884 [INFO] fontTools.subset — Closing glyph list over 'glyf': 107 glyphs before
2026-09-13 08:17:12,884 [INFO] fontTools.subset — Glyph names: ['.notdef', 'A', 'B', 'C', 'D', 'E', 'F', 'G', 'H', 'I', 'J', 'K', 'L', 'M', 'N', 'O', 'P', 'Q', 'R', 'S', 'T', 'U', 'V', 'W', 'X', 'Y', 'Z', 'a', 'ampersand', 'b', 'c', 'colon', 'd', 'dollar', 'e', 'eight', 'emdash', 'equal', 'exclam', 'f', 'five', 'four', 'g', 'h', 'hyphen', 'i', 'j', 'k', 'l', 'm', 'n', 'nine', 'numbersign', 'o', 'one', 'p', 'parenleft', 'parenright', 'percent', 'period', 'periodcentered', 'plus', 'q', 'quotedbl', 'quotesingle', 'r', 's', 'seven', 'six', 'slash', 'space', 't', 'three', 'two', 'u', 'uni2605', 'uniAC15', 'uniAC78', 'uniACE8', 'uniB2E5', 'uniB370', 'uniB4DC', 'uniB4E0', 'uniB4F1', 'uniB85C', 'uniBA58', 'uniBAA8', 'uniBC14', 'uniBC15', 'uniBC18', 'uniBC30', 'uniC138', 'uniC2A4', 'uniC5F4', 'uniC644', 'uniC784', 'uniC789', 'uniC804', 'uniC815', 'uniD06C', 'uniD140', 'uniD551', 'v', 'w', 'x', 'y', 'zero']
2026-09-13 08:17:12,884 [INFO] fontTools.subset — Glyph IDs:   [0, 1, 2, 3, 4, 5, 6, 7, 8, 9, 11, 13, 14, 15, 16, 17, 18, 19, 20, 21, 22, 23, 24, 25, 26, 29, 33, 34, 35, 36, 37, 38, 39, 40, 41, 42, 43, 44, 45, 46, 47, 48, 49, 50, 51, 52, 53, 54, 55, 56, 57, 58, 64, 65, 66, 67, 68, 69, 70, 71, 72, 73, 74, 75, 76, 77, 78, 79, 80, 81, 82, 83, 84, 85, 86, 87, 88, 99, 104, 150, 505, 533, 573, 926, 967, 1031, 1033, 1040, 1196, 1308, 1324, 1395, 1396, 1399, 1410, 1648, 1740, 1915, 1949, 2047, 2051, 2088, 2094, 2475, 2516, 2700, 13533]
2026-09-13 08:17:12,884 [INFO] fontTools.subset — Closed glyph list over 'glyf': 107 glyphs after
2026-09-13 08:17:12,884 [INFO] fontTools.subset — Glyph names: ['.notdef', 'A', 'B', 'C', 'D', 'E', 'F', 'G', 'H', 'I', 'J', 'K', 'L', 'M', 'N', 'O', 'P', 'Q', 'R', 'S', 'T', 'U', 'V', 'W', 'X', 'Y', 'Z', 'a', 'ampersand', 'b', 'c', 'colon', 'd', 'dollar', 'e', 'eight', 'emdash', 'equal', 'exclam', 'f', 'five', 'four', 'g', 'h', 'hyphen', 'i', 'j', 'k', 'l', 'm', 'n', 'nine', 'numbersign', 'o', 'one', 'p', 'parenleft', 'parenright', 'percent', 'period', 'periodcentered', 'plus', 'q', 'quotedbl', 'quotesingle', 'r', 's', 'seven', 'six', 'slash', 'space', 't', 'three', 'two', 'u', 'uni2605', 'uniAC15', 'uniAC78', 'uniACE8', 'uniB2E5', 'uniB370', 'uniB4DC', 'uniB4E0', 'uniB4F1', 'uniB85C', 'uniBA58', 'uniBAA8', 'uniBC14', 'uniBC15', 'uniBC18', 'uniBC30', 'uniC138', 'uniC2A4', 'uniC5F4', 'uniC644', 'uniC784', 'uniC789', 'uniC804', 'uniC815', 'uniD06C', 'uniD140', 'uniD551', 'v', 'w', 'x', 'y', 'zero']
2026-09-13 08:17:12,885 [INFO] fontTools.subset — Glyph IDs:   [0, 1, 2, 3, 4, 5, 6, 7, 8, 9, 11, 13, 14, 15, 16, 17, 18, 19, 20, 21, 22, 23, 24, 25, 26, 29, 33, 34, 35, 36, 37, 38, 39, 40, 41, 42, 43, 44, 45, 46, 47, 48, 49, 50, 51, 52, 53, 54, 55, 56, 57, 58, 64, 65, 66, 67, 68, 69, 70, 71, 72, 73, 74, 75, 76, 77, 78, 79, 80, 81, 82, 83, 84, 85, 86, 87, 88, 99, 104, 150, 505, 533, 573, 926, 967, 1031, 1033, 1040, 1196, 1308, 1324, 1395, 1396, 1399, 1410, 1648, 1740, 1915, 1949, 2047, 2051, 2088, 2094, 2475, 2516, 2700, 13533]
2026-09-13 08:17:12,885 [INFO] fontTools.subset — Retaining 107 glyphs
2026-09-13 08:17:12,886 [INFO] fontTools.subset — head subsetting not needed
2026-09-13 08:17:12,886 [INFO] fontTools.subset — hhea subsetting not needed
2026-09-13 08:17:12,886 [INFO] fontTools.subset — maxp subsetting not needed
2026-09-13 08:17:12,886 [INFO] fontTools.subset — OS/2 subsetting not needed
2026-09-13 08:17:12,886 [INFO] fontTools.subset — hmtx subsetted
2026-09-13 08:17:12,888 [INFO] fontTools.subset — cmap subsetted
2026-09-13 08:17:12,888 [INFO] fontTools.subset — fpgm subsetting not needed
2026-09-13 08:17:12,888 [INFO] fontTools.subset — prep subsetting not needed
2026-09-13 08:17:12,888 [INFO] fontTools.subset — cvt  subsetting not needed
2026-09-13 08:17:12,888 [INFO] fontTools.subset — loca subsetting not needed
2026-09-13 08:17:12,888 [INFO] fontTools.subset — post subsetted
2026-09-13 08:17:12,888 [INFO] fontTools.subset — gasp subsetting not needed
2026-09-13 08:17:12,888 [INFO] fontTools.subset — name subsetting not needed
2026-09-13 08:17:12,891 [INFO] fontTools.subset — glyf subsetted
2026-09-13 08:17:12,891 [INFO] fontTools.subset — head pruned
2026-09-13 08:17:12,891 [INFO] fontTools.subset — OS/2 Unicode ranges pruned: [0, 1, 31, 46, 56]
2026-09-13 08:17:12,891 [INFO] fontTools.subset — OS/2 CodePage ranges pruned: [0]
2026-09-13 08:17:12,892 [INFO] fontTools.subset — glyf pruned
2026-09-13 08:17:12,893 [INFO] fontTools.subset — name pruned
[Unified PT] PDF 리포트 생성 완료 (153,425 bytes)
[시장분석] 51개 종목 데이터 수집 중...
2026-09-13 08:17:19,204 [WARNING] data.fetch — [fetch_analyst_data] HYMC: 'dict' object has no attribute 'empty'
2026-09-13 08:17:19,207 [WARNING] data.fetch — [fetch_analyst_data] ADBE: 'dict' object has no attribute 'empty'
2026-09-13 08:17:19,222 [WARNING] data.fetch — [fetch_analyst_data] DK: 'dict' object has no attribute 'empty'
2026-09-13 08:17:19,241 [WARNING] data.fetch — [fetch_analyst_data] DINO: 'dict' object has no attribute 'empty'
2026-09-13 08:17:19,249 [WARNING] data.fetch — [fetch_analyst_data] MDT: 'dict' object has no attribute 'empty'
2026-09-13 08:17:25,447 [WARNING] data.fetch — [fetch_analyst_data] DHT: 'dict' object has no attribute 'empty'
2026-09-13 08:17:25,466 [WARNING] data.fetch — [fetch_analyst_data] QCOM: 'dict' object has no attribute 'empty'
2026-09-13 08:17:25,475 [WARNING] data.fetch — [fetch_analyst_data] FIG: 'dict' object has no attribute 'empty'
2026-09-13 08:17:25,500 [WARNING] data.fetch — [fetch_analyst_data] META: 'dict' object has no attribute 'empty'
2026-09-13 08:17:25,509 [WARNING] data.fetch — [fetch_analyst_data] PG: 'dict' object has no attribute 'empty'
2026-09-13 08:17:31,668 [WARNING] data.fetch — [fetch_analyst_data] MMYT: 'dict' object has no attribute 'empty'
2026-09-13 08:17:31,713 [WARNING] data.fetch — [fetch_analyst_data] ZS: 'dict' object has no attribute 'empty'
2026-09-13 08:17:31,718 [WARNING] data.fetch — [fetch_analyst_data] UBER: 'dict' object has no attribute 'empty'
2026-09-13 08:17:31,750 [WARNING] data.fetch — [fetch_analyst_data] DIS: 'dict' object has no attribute 'empty'
2026-09-13 08:17:31,836 [WARNING] data.fetch — [fetch_analyst_data] SPGI: 'dict' object has no attribute 'empty'
2026-09-13 08:17:37,957 [WARNING] data.fetch — [fetch_analyst_data] MELI: 'dict' object has no attribute 'empty'
2026-09-13 08:17:37,966 [WARNING] data.fetch — [fetch_analyst_data] COUR: 'dict' object has no attribute 'empty'
2026-09-13 08:17:37,979 [WARNING] data.fetch — [fetch_analyst_data] ABT: 'dict' object has no attribute 'empty'
2026-09-13 08:17:37,981 [WARNING] data.fetch — [fetch_analyst_data] MNDY: 'dict' object has no attribute 'empty'
2026-09-13 08:17:38,039 [WARNING] data.fetch — [fetch_analyst_data] SMR: 'dict' object has no attribute 'empty'
2026-09-13 08:17:44,230 [WARNING] data.fetch — [fetch_analyst_data] STX: 'dict' object has no attribute 'empty'
2026-09-13 08:17:44,245 [WARNING] data.fetch — [fetch_analyst_data] TMUS: 'dict' object has no attribute 'empty'
2026-09-13 08:17:44,251 [WARNING] data.fetch — [fetch_analyst_data] ORCL: 'dict' object has no attribute 'empty'
2026-09-13 08:17:44,273 [WARNING] data.fetch — [fetch_analyst_data] AMD: 'dict' object has no attribute 'empty'
2026-09-13 08:17:44,308 [WARNING] data.fetch — [fetch_analyst_data] ETN: 'dict' object has no attribute 'empty'
2026-09-13 08:17:50,441 [WARNING] data.fetch — [fetch_analyst_data] TSLA: 'dict' object has no attribute 'empty'
2026-09-13 08:17:50,492 [WARNING] data.fetch — [fetch_analyst_data] BTBT: 'dict' object has no attribute 'empty'
2026-09-13 08:17:50,498 [WARNING] data.fetch — [fetch_analyst_data] FLUT: 'dict' object has no attribute 'empty'
2026-09-13 08:17:50,501 [WARNING] data.fetch — [fetch_analyst_data] IBM: 'dict' object has no attribute 'empty'
2026-09-13 08:17:50,547 [WARNING] data.fetch — [fetch_analyst_data] ODD: 'dict' object has no attribute 'empty'
2026-09-13 08:17:56,680 [WARNING] data.fetch — [fetch_analyst_data] INTC: 'dict' object has no attribute 'empty'
2026-09-13 08:17:56,708 [WARNING] data.fetch — [fetch_analyst_data] HIVE: 'dict' object has no attribute 'empty'
2026-09-13 08:17:56,709 [WARNING] data.fetch — [fetch_analyst_data] SYM: 'dict' object has no attribute 'empty'
2026-09-13 08:17:56,780 [WARNING] data.fetch — [fetch_analyst_data] GLW: 'dict' object has no attribute 'empty'
2026-09-13 08:17:56,852 [WARNING] data.fetch — [fetch_analyst_data] WMT: 'dict' object has no attribute 'empty'
2026-09-13 08:18:02,883 [WARNING] data.fetch — [fetch_analyst_data] BTDR: 'dict' object has no attribute 'empty'
2026-09-13 08:18:02,906 [WARNING] data.fetch — [fetch_analyst_data] RBLX: 'dict' object has no attribute 'empty'
2026-09-13 08:18:02,939 [WARNING] data.fetch — [fetch_analyst_data] SRAD: 'dict' object has no attribute 'empty'
2026-09-13 08:18:03,034 [WARNING] data.fetch — [fetch_analyst_data] STLA: 'dict' object has no attribute 'empty'
2026-09-13 08:18:03,101 [WARNING] data.fetch — [fetch_analyst_data] AXP: 'dict' object has no attribute 'empty'
2026-09-13 08:18:09,115 [WARNING] data.fetch — [fetch_analyst_data] WIX: 'dict' object has no attribute 'empty'
2026-09-13 08:18:09,130 [WARNING] data.fetch — [fetch_analyst_data] CRE: 'dict' object has no attribute 'empty'
2026-09-13 08:18:09,182 [WARNING] data.fetch — [fetch_analyst_data] T: 'dict' object has no attribute 'empty'
2026-09-13 08:18:09,248 [WARNING] data.fetch — [fetch_analyst_data] CRM: 'dict' object has no attribute 'empty'
2026-09-13 08:18:09,355 [WARNING] data.fetch — [fetch_analyst_data] BKNG: 'dict' object has no attribute 'empty'
2026-09-13 08:18:15,322 [WARNING] data.fetch — [fetch_analyst_data] TTAN: 'dict' object has no attribute 'empty'
2026-09-13 08:18:15,368 [WARNING] data.fetch — [fetch_analyst_data] GPK: 'dict' object has no attribute 'empty'
2026-09-13 08:18:15,381 [WARNING] data.fetch — [fetch_analyst_data] SBET: 'dict' object has no attribute 'empty'
2026-09-13 08:18:15,508 [WARNING] data.fetch — [fetch_analyst_data] PEP: 'dict' object has no attribute 'empty'
2026-09-13 08:18:15,551 [WARNING] data.fetch — [fetch_analyst_data] HUBS: 'dict' object has no attribute 'empty'
2026-09-13 08:18:21,567 [WARNING] data.fetch — [fetch_analyst_data] BAC: 'dict' object has no attribute 'empty'
[시장분석] enrichment 완료
[Email] 페이퍼 트레이딩 알림 발송 완료 (PDF 첨부) (매도 1건, 매수 1건, 재평가 0건, 재평가실패 1건, 후보 5건) → chunghwan14@gmail.com, roykim0311@gmail.com, ssamjungtan@naver.com
============================================================
[Unified Paper Trading] 완료
============================================================
