============================================================
[Unified Paper Trading] SP500 + NASDAQ/NYSE 통합 실행 시작
============================================================
2026-08-20 05:23:13,166 [INFO] paper_trading.runner — [Runner] SP500 snapshot 로드: 129개 종목
[Unified PT] SP500 snapshot 로드: 129개 종목
2026-08-20 05:23:13,174 [INFO] paper_trading.runner — [Runner] NASDAQ snapshot 로드: 227개 종목
[Unified PT] NASDAQ snapshot 로드: 227개 종목
[Unified PT] 합산 완료: 347개 종목 (SP500 129 + NASDAQ 227개, 중복 제거 후)
[Unified PT] 골든크로스임박 종목: 50개
2026-08-20 05:23:13,883 [INFO] paper_trading.candidate_selector — [전략점수 분포] ~4.0: 103 | 4.0~5.0: 35 | 5.0~5.5: 18 | 5.5~6.0: 17 | 6.0+: 174
2026-08-20 05:23:13,901 [INFO] paper_trading.candidate_selector — [CandidateSelector] Regime=bull | Filtered=5/347 | Selected: WYFI (CCS=0.5993)
2026-08-20 05:23:13,908 [INFO] paper_trading.engine — [PaperTrading] BUY WYFI @ 21.38 (CCS=0.5993, RSI=39, upside P50=+5% P75=+8%)
[Unified PT] 매도=0 매수=1 보유=3종목
[Unified PT] 레짐=bull | 필터={'전략점수<6.0': 173, '바닥반등_52주과열': 2, '판단등급_미달': 157, '과열_차단': 5, '유동성_부족': 0, '어닝_임박': 0, '보유_중복': 1, '모멘텀_ADX부족': 3, '바닥_RSI데드존': 1, '섹터_집중': 0, '_통과': 5, '_전체': 347}
[Unified PT] Top5 후보:
  WYFI   CCS=0.5993 전략=📉 바닥반등 섹터=Technology
  SEDG   CCS=0.5064 전략=📉 바닥반등 섹터=Technology
  ACAD   CCS=0.4933 전략=📈 모멘텀 섹터=Unknown
  CGAU   CCS=0.4928 전략=📈 모멘텀 섹터=Unknown
  BTDR   CCS=0.4362 전략=📉 바닥반등 섹터=Unknown
2026-08-20 05:23:14,908 [INFO] paper_trading.sheet_sync — [SheetSync] 거래로그 append: BUY WYFI
2026-08-20 05:23:15,891 [INFO] paper_trading.sheet_sync — [SheetSync] 포지션현황 업데이트: 3개 종목
2026-08-20 05:23:16,866 [INFO] paper_trading.sheet_sync — [SheetSync] 성과요약 업데이트: 39건 거래
[Unified PT] 구글 시트 동기화 완료
2026-08-20 05:23:17,204 [INFO] matplotlib.font_manager — Failed to extract font properties from /usr/share/fonts/truetype/noto/NotoColorEmoji.ttf: Non-scalable fonts are not supported
2026-08-20 05:23:17,214 [INFO] matplotlib.font_manager — generated new fontManager
2026-08-20 05:23:18,072 [WARNING] fpdf.output — Font MPDFAA+NanumGothic is missing the following glyphs: '📉' (\U0001f4c9), '📈' (\U0001f4c8)
2026-08-20 05:23:18,086 [INFO] fontTools.subset — maxp pruned
2026-08-20 05:23:18,086 [INFO] fontTools.subset — cmap pruned
2026-08-20 05:23:18,087 [INFO] fontTools.subset — post pruned
2026-08-20 05:23:18,087 [INFO] fontTools.subset — DSIG dropped
2026-08-20 05:23:18,087 [INFO] fontTools.subset — GPOS dropped
2026-08-20 05:23:18,088 [INFO] fontTools.subset — GSUB dropped
2026-08-20 05:23:18,088 [INFO] fontTools.subset — glyf pruned
2026-08-20 05:23:18,089 [INFO] fontTools.subset — Added gid0 to subset
2026-08-20 05:23:18,089 [INFO] fontTools.subset — Added first four glyphs to subset
2026-08-20 05:23:18,089 [INFO] fontTools.subset — Closing glyph list over 'glyf': 100 glyphs before
2026-08-20 05:23:18,090 [INFO] fontTools.subset — Glyph names: ['.notdef', 'A', 'B', 'C', 'D', 'E', 'F', 'G', 'H', 'I', 'L', 'M', 'N', 'O', 'P', 'Q', 'R', 'S', 'T', 'U', 'V', 'W', 'Y', 'a', 'arrowright', 'b', 'bar', 'c', 'colon', 'comma', 'copyright', 'd', 'dollar', 'e', 'eight', 'emdash', 'exclam', 'f', 'five', 'four', 'g', 'h', 'hyphen', 'i', 'k', 'l', 'm', 'n', 'nine', 'numbersign', 'o', 'one', 'p', 'parenleft', 'parenright', 'percent', 'period', 'periodcentered', 'plus', 'q', 'quotedbl', 'r', 's', 'seven', 'six', 'slash', 'space', 't', 'three', 'triagup', 'two', 'u', 'uniAC00', 'uniAC04', 'uniAE30', 'uniB2E5', 'uniB4F1', 'uniB808', 'uniB9C1', 'uniBA58', 'uniBAA8', 'uniBAA9', 'uniBC14', 'uniBC18', 'uniBCF4', 'uniC190', 'uniC2DC', 'uniC720', 'uniC775', 'uniC77C', 'uniC7A5', 'uniC808', 'uniD140', 'uniD2B8', 'uniD45C', 'v', 'w', 'x', 'y', 'zero']
2026-08-20 05:23:18,090 [INFO] fontTools.subset — Glyph IDs:   [0, 1, 2, 3, 4, 5, 8, 9, 11, 12, 13, 14, 15, 16, 17, 18, 19, 20, 21, 22, 23, 24, 25, 26, 33, 34, 35, 36, 37, 38, 39, 40, 41, 44, 45, 46, 47, 48, 49, 50, 51, 52, 53, 54, 55, 57, 64, 65, 66, 67, 68, 69, 70, 71, 72, 74, 75, 76, 77, 78, 79, 80, 81, 82, 83, 84, 85, 86, 87, 88, 91, 96, 99, 104, 159, 162, 495, 497, 654, 928, 1042, 1177, 1267, 1310, 1326, 1327, 1397, 1401, 1458, 1675, 1751, 2013, 2043, 2045, 2067, 2091, 2518, 2576, 2661, 13296]
2026-08-20 05:23:18,090 [INFO] fontTools.subset — Closed glyph list over 'glyf': 100 glyphs after
2026-08-20 05:23:18,090 [INFO] fontTools.subset — Glyph names: ['.notdef', 'A', 'B', 'C', 'D', 'E', 'F', 'G', 'H', 'I', 'L', 'M', 'N', 'O', 'P', 'Q', 'R', 'S', 'T', 'U', 'V', 'W', 'Y', 'a', 'arrowright', 'b', 'bar', 'c', 'colon', 'comma', 'copyright', 'd', 'dollar', 'e', 'eight', 'emdash', 'exclam', 'f', 'five', 'four', 'g', 'h', 'hyphen', 'i', 'k', 'l', 'm', 'n', 'nine', 'numbersign', 'o', 'one', 'p', 'parenleft', 'parenright', 'percent', 'period', 'periodcentered', 'plus', 'q', 'quotedbl', 'r', 's', 'seven', 'six', 'slash', 'space', 't', 'three', 'triagup', 'two', 'u', 'uniAC00', 'uniAC04', 'uniAE30', 'uniB2E5', 'uniB4F1', 'uniB808', 'uniB9C1', 'uniBA58', 'uniBAA8', 'uniBAA9', 'uniBC14', 'uniBC18', 'uniBCF4', 'uniC190', 'uniC2DC', 'uniC720', 'uniC775', 'uniC77C', 'uniC7A5', 'uniC808', 'uniD140', 'uniD2B8', 'uniD45C', 'v', 'w', 'x', 'y', 'zero']
2026-08-20 05:23:18,091 [INFO] fontTools.subset — Glyph IDs:   [0, 1, 2, 3, 4, 5, 8, 9, 11, 12, 13, 14, 15, 16, 17, 18, 19, 20, 21, 22, 23, 24, 25, 26, 33, 34, 35, 36, 37, 38, 39, 40, 41, 44, 45, 46, 47, 48, 49, 50, 51, 52, 53, 54, 55, 57, 64, 65, 66, 67, 68, 69, 70, 71, 72, 74, 75, 76, 77, 78, 79, 80, 81, 82, 83, 84, 85, 86, 87, 88, 91, 96, 99, 104, 159, 162, 495, 497, 654, 928, 1042, 1177, 1267, 1310, 1326, 1327, 1397, 1401, 1458, 1675, 1751, 2013, 2043, 2045, 2067, 2091, 2518, 2576, 2661, 13296]
2026-08-20 05:23:18,091 [INFO] fontTools.subset — Retaining 100 glyphs
2026-08-20 05:23:18,092 [INFO] fontTools.subset — head subsetting not needed
2026-08-20 05:23:18,092 [INFO] fontTools.subset — hhea subsetting not needed
2026-08-20 05:23:18,092 [INFO] fontTools.subset — maxp subsetting not needed
2026-08-20 05:23:18,092 [INFO] fontTools.subset — OS/2 subsetting not needed
2026-08-20 05:23:18,092 [INFO] fontTools.subset — hmtx subsetted
2026-08-20 05:23:18,094 [INFO] fontTools.subset — cmap subsetted
2026-08-20 05:23:18,094 [INFO] fontTools.subset — fpgm subsetting not needed
2026-08-20 05:23:18,094 [INFO] fontTools.subset — prep subsetting not needed
2026-08-20 05:23:18,094 [INFO] fontTools.subset — cvt  subsetting not needed
2026-08-20 05:23:18,095 [INFO] fontTools.subset — loca subsetting not needed
2026-08-20 05:23:18,095 [INFO] fontTools.subset — post subsetted
2026-08-20 05:23:18,095 [INFO] fontTools.subset — gasp subsetting not needed
2026-08-20 05:23:18,095 [INFO] fontTools.subset — name subsetting not needed
2026-08-20 05:23:18,097 [INFO] fontTools.subset — glyf subsetted
2026-08-20 05:23:18,098 [INFO] fontTools.subset — head pruned
2026-08-20 05:23:18,098 [INFO] fontTools.subset — OS/2 Unicode ranges pruned: [0, 1, 31, 37, 45, 56]
2026-08-20 05:23:18,098 [INFO] fontTools.subset — OS/2 CodePage ranges pruned: [0]
2026-08-20 05:23:18,099 [INFO] fontTools.subset — glyf pruned
2026-08-20 05:23:18,100 [INFO] fontTools.subset — name pruned
2026-08-20 05:23:18,120 [WARNING] fpdf.output — Font MPDFAA+NanumGothicBold is missing the following glyphs: '📈' (\U0001f4c8), '📉' (\U0001f4c9)
2026-08-20 05:23:18,120 [INFO] fontTools.subset — maxp pruned
2026-08-20 05:23:18,120 [INFO] fontTools.subset — cmap pruned
2026-08-20 05:23:18,121 [INFO] fontTools.subset — post pruned
2026-08-20 05:23:18,121 [INFO] fontTools.subset — DSIG dropped
2026-08-20 05:23:18,121 [INFO] fontTools.subset — GPOS dropped
2026-08-20 05:23:18,121 [INFO] fontTools.subset — GSUB dropped
2026-08-20 05:23:18,121 [INFO] fontTools.subset — glyf pruned
2026-08-20 05:23:18,122 [INFO] fontTools.subset — Added gid0 to subset
2026-08-20 05:23:18,122 [INFO] fontTools.subset — Added first four glyphs to subset
2026-08-20 05:23:18,122 [INFO] fontTools.subset — Closing glyph list over 'glyf': 93 glyphs before
2026-08-20 05:23:18,122 [INFO] fontTools.subset — Glyph names: ['.notdef', 'A', 'B', 'C', 'D', 'E', 'F', 'G', 'H', 'I', 'J', 'K', 'L', 'M', 'N', 'O', 'P', 'Q', 'R', 'S', 'T', 'U', 'V', 'W', 'X', 'Y', 'Z', 'a', 'ampersand', 'b', 'c', 'colon', 'd', 'dollar', 'e', 'eight', 'emdash', 'equal', 'exclam', 'f', 'five', 'four', 'g', 'h', 'hyphen', 'i', 'j', 'k', 'l', 'm', 'n', 'nine', 'numbersign', 'o', 'one', 'p', 'parenleft', 'parenright', 'percent', 'period', 'periodcentered', 'plus', 'q', 'quotedbl', 'quotesingle', 'r', 's', 'seven', 'six', 'slash', 'space', 't', 'three', 'two', 'u', 'uni2605', 'uniACE8', 'uniB2E5', 'uniB4E0', 'uniB4F1', 'uniB85C', 'uniBA58', 'uniBAA8', 'uniBC14', 'uniBC18', 'uniC2A4', 'uniD06C', 'uniD140', 'v', 'w', 'x', 'y', 'zero']
2026-08-20 05:23:18,122 [INFO] fontTools.subset — Glyph IDs:   [0, 1, 2, 3, 4, 5, 6, 7, 8, 9, 11, 13, 14, 15, 16, 17, 18, 19, 20, 21, 22, 23, 24, 25, 26, 29, 33, 34, 35, 36, 37, 38, 39, 40, 41, 42, 43, 44, 45, 46, 47, 48, 49, 50, 51, 52, 53, 54, 55, 56, 57, 58, 64, 65, 66, 67, 68, 69, 70, 71, 72, 73, 74, 75, 76, 77, 78, 79, 80, 81, 82, 83, 84, 85, 86, 87, 88, 99, 104, 150, 573, 926, 1033, 1040, 1196, 1308, 1324, 1395, 1399, 1740, 2475, 2516, 13533]
2026-08-20 05:23:18,123 [INFO] fontTools.subset — Closed glyph list over 'glyf': 93 glyphs after
2026-08-20 05:23:18,123 [INFO] fontTools.subset — Glyph names: ['.notdef', 'A', 'B', 'C', 'D', 'E', 'F', 'G', 'H', 'I', 'J', 'K', 'L', 'M', 'N', 'O', 'P', 'Q', 'R', 'S', 'T', 'U', 'V', 'W', 'X', 'Y', 'Z', 'a', 'ampersand', 'b', 'c', 'colon', 'd', 'dollar', 'e', 'eight', 'emdash', 'equal', 'exclam', 'f', 'five', 'four', 'g', 'h', 'hyphen', 'i', 'j', 'k', 'l', 'm', 'n', 'nine', 'numbersign', 'o', 'one', 'p', 'parenleft', 'parenright', 'percent', 'period', 'periodcentered', 'plus', 'q', 'quotedbl', 'quotesingle', 'r', 's', 'seven', 'six', 'slash', 'space', 't', 'three', 'two', 'u', 'uni2605', 'uniACE8', 'uniB2E5', 'uniB4E0', 'uniB4F1', 'uniB85C', 'uniBA58', 'uniBAA8', 'uniBC14', 'uniBC18', 'uniC2A4', 'uniD06C', 'uniD140', 'v', 'w', 'x', 'y', 'zero']
2026-08-20 05:23:18,123 [INFO] fontTools.subset — Glyph IDs:   [0, 1, 2, 3, 4, 5, 6, 7, 8, 9, 11, 13, 14, 15, 16, 17, 18, 19, 20, 21, 22, 23, 24, 25, 26, 29, 33, 34, 35, 36, 37, 38, 39, 40, 41, 42, 43, 44, 45, 46, 47, 48, 49, 50, 51, 52, 53, 54, 55, 56, 57, 58, 64, 65, 66, 67, 68, 69, 70, 71, 72, 73, 74, 75, 76, 77, 78, 79, 80, 81, 82, 83, 84, 85, 86, 87, 88, 99, 104, 150, 573, 926, 1033, 1040, 1196, 1308, 1324, 1395, 1399, 1740, 2475, 2516, 13533]
2026-08-20 05:23:18,123 [INFO] fontTools.subset — Retaining 93 glyphs
2026-08-20 05:23:18,124 [INFO] fontTools.subset — head subsetting not needed
2026-08-20 05:23:18,124 [INFO] fontTools.subset — hhea subsetting not needed
2026-08-20 05:23:18,124 [INFO] fontTools.subset — maxp subsetting not needed
2026-08-20 05:23:18,124 [INFO] fontTools.subset — OS/2 subsetting not needed
2026-08-20 05:23:18,124 [INFO] fontTools.subset — hmtx subsetted
2026-08-20 05:23:18,126 [INFO] fontTools.subset — cmap subsetted
2026-08-20 05:23:18,126 [INFO] fontTools.subset — fpgm subsetting not needed
2026-08-20 05:23:18,126 [INFO] fontTools.subset — prep subsetting not needed
2026-08-20 05:23:18,126 [INFO] fontTools.subset — cvt  subsetting not needed
2026-08-20 05:23:18,126 [INFO] fontTools.subset — loca subsetting not needed
2026-08-20 05:23:18,126 [INFO] fontTools.subset — post subsetted
2026-08-20 05:23:18,126 [INFO] fontTools.subset — gasp subsetting not needed
2026-08-20 05:23:18,126 [INFO] fontTools.subset — name subsetting not needed
2026-08-20 05:23:18,129 [INFO] fontTools.subset — glyf subsetted
2026-08-20 05:23:18,129 [INFO] fontTools.subset — head pruned
2026-08-20 05:23:18,129 [INFO] fontTools.subset — OS/2 Unicode ranges pruned: [0, 1, 31, 46, 56]
2026-08-20 05:23:18,129 [INFO] fontTools.subset — OS/2 CodePage ranges pruned: [0]
2026-08-20 05:23:18,130 [INFO] fontTools.subset — glyf pruned
2026-08-20 05:23:18,131 [INFO] fontTools.subset — name pruned
[Unified PT] PDF 리포트 생성 완료 (118,489 bytes)
[시장분석] 56개 종목 데이터 수집 중...
2026-08-20 05:23:24,731 [WARNING] data.fetch — [fetch_analyst_data] SEDG: 'dict' object has no attribute 'empty'
2026-08-20 05:23:24,778 [WARNING] data.fetch — [fetch_analyst_data] WYFI: 'dict' object has no attribute 'empty'
2026-08-20 05:23:24,793 [WARNING] data.fetch — [fetch_analyst_data] BTDR: 'dict' object has no attribute 'empty'
2026-08-20 05:23:24,857 [WARNING] data.fetch — [fetch_analyst_data] ACAD: 'dict' object has no attribute 'empty'
2026-08-20 05:23:24,866 [WARNING] data.fetch — [fetch_analyst_data] CGAU: 'dict' object has no attribute 'empty'
2026-08-20 05:23:31,221 [WARNING] data.fetch — [fetch_analyst_data] HD: 'dict' object has no attribute 'empty'
2026-08-20 05:23:31,227 [WARNING] data.fetch — [fetch_analyst_data] LIF: 'dict' object has no attribute 'empty'
2026-08-20 05:23:31,237 [WARNING] data.fetch — [fetch_analyst_data] DUOL: 'dict' object has no attribute 'empty'
2026-08-20 05:23:31,272 [WARNING] data.fetch — [fetch_analyst_data] WDAY: 'dict' object has no attribute 'empty'
2026-08-20 05:23:31,311 [WARNING] data.fetch — [fetch_analyst_data] PG: 'dict' object has no attribute 'empty'
2026-08-20 05:23:37,622 [WARNING] data.fetch — [fetch_analyst_data] MELI: 'dict' object has no attribute 'empty'
2026-08-20 05:23:37,759 [WARNING] data.fetch — [fetch_analyst_data] DHR: 'dict' object has no attribute 'empty'
2026-08-20 05:23:37,835 [WARNING] data.fetch — [fetch_analyst_data] SYK: 'dict' object has no attribute 'empty'
2026-08-20 05:23:37,859 [WARNING] data.fetch — [fetch_analyst_data] UBER: 'dict' object has no attribute 'empty'
2026-08-20 05:23:37,903 [WARNING] data.fetch — [fetch_analyst_data] ABT: 'dict' object has no attribute 'empty'
2026-08-20 05:23:44,063 [WARNING] data.fetch — [fetch_analyst_data] MRVL: 'dict' object has no attribute 'empty'
2026-08-20 05:23:44,205 [WARNING] data.fetch — [fetch_analyst_data] SOUN: 'dict' object has no attribute 'empty'
2026-08-20 05:23:44,262 [WARNING] data.fetch — [fetch_analyst_data] ZG: 'dict' object has no attribute 'empty'
2026-08-20 05:23:44,314 [WARNING] data.fetch — [fetch_analyst_data] COST: 'dict' object has no attribute 'empty'
2026-08-20 05:23:44,333 [WARNING] data.fetch — [fetch_analyst_data] PWR: 'dict' object has no attribute 'empty'
2026-08-20 05:23:50,536 [WARNING] data.fetch — [fetch_analyst_data] CEG: 'dict' object has no attribute 'empty'
2026-08-20 05:23:50,582 [WARNING] data.fetch — [fetch_analyst_data] BSX: 'dict' object has no attribute 'empty'
2026-08-20 05:23:50,643 [WARNING] data.fetch — [fetch_analyst_data] FIGR: 'dict' object has no attribute 'empty'
2026-08-20 05:23:50,824 [WARNING] data.fetch — [fetch_analyst_data] Z: 'dict' object has no attribute 'empty'
2026-08-20 05:23:50,857 [WARNING] data.fetch — [fetch_analyst_data] PEP: 'dict' object has no attribute 'empty'
2026-08-20 05:23:57,022 [WARNING] data.fetch — [fetch_analyst_data] RDW: 'dict' object has no attribute 'empty'
2026-08-20 05:23:57,105 [WARNING] data.fetch — [fetch_analyst_data] TMUS: 'dict' object has no attribute 'empty'
2026-08-20 05:23:57,105 [WARNING] data.fetch — [fetch_analyst_data] CSGP: 'dict' object has no attribute 'empty'
2026-08-20 05:23:57,235 [WARNING] data.fetch — [fetch_analyst_data] NFLX: 'dict' object has no attribute 'empty'
2026-08-20 05:23:57,288 [WARNING] data.fetch — [fetch_analyst_data] WMT: 'dict' object has no attribute 'empty'
2026-08-20 05:24:03,401 [WARNING] data.fetch — [fetch_analyst_data] UPST: 'dict' object has no attribute 'empty'
2026-08-20 05:24:03,472 [WARNING] data.fetch — [fetch_analyst_data] DXYZ: 'dict' object has no attribute 'empty'
2026-08-20 05:24:03,547 [WARNING] data.fetch — [fetch_analyst_data] ISRG: 'dict' object has no attribute 'empty'
2026-08-20 05:24:03,631 [WARNING] data.fetch — [fetch_analyst_data] CELH: 'dict' object has no attribute 'empty'
2026-08-20 05:24:03,694 [WARNING] data.fetch — [fetch_analyst_data] ALOY: 'dict' object has no attribute 'empty'
2026-08-20 05:24:09,839 [WARNING] data.fetch — [fetch_analyst_data] ASST: 'dict' object has no attribute 'empty'
2026-08-20 05:24:09,866 [WARNING] data.fetch — [fetch_analyst_data] CPNG: 'dict' object has no attribute 'empty'
2026-08-20 05:24:10,017 [WARNING] data.fetch — [fetch_analyst_data] BLDR: 'dict' object has no attribute 'empty'
2026-08-20 05:24:10,069 [WARNING] data.fetch — [fetch_analyst_data] IBM: 'dict' object has no attribute 'empty'
2026-08-20 05:24:10,122 [WARNING] data.fetch — [fetch_analyst_data] ZTS: 'dict' object has no attribute 'empty'
2026-08-20 05:24:16,219 [WARNING] data.fetch — [fetch_analyst_data] COIN: 'dict' object has no attribute 'empty'
2026-08-20 05:24:16,302 [WARNING] data.fetch — [fetch_analyst_data] SMR: 'dict' object has no attribute 'empty'
2026-08-20 05:24:16,412 [WARNING] data.fetch — [fetch_analyst_data] LI: 'dict' object has no attribute 'empty'
2026-08-20 05:24:16,528 [WARNING] data.fetch — [fetch_analyst_data] STKH: 'dict' object has no attribute 'empty'
2026-08-20 05:24:16,546 [WARNING] data.fetch — [fetch_analyst_data] IPST: 'dict' object has no attribute 'empty'
2026-08-20 05:24:22,603 [WARNING] data.fetch — [fetch_analyst_data] SMCI: 'dict' object has no attribute 'empty'
2026-08-20 05:24:22,731 [WARNING] data.fetch — [fetch_analyst_data] MSFT: 'dict' object has no attribute 'empty'
2026-08-20 05:24:22,771 [WARNING] data.fetch — [fetch_analyst_data] LRN: 'dict' object has no attribute 'empty'
2026-08-20 05:24:22,958 [WARNING] data.fetch — [fetch_analyst_data] SPGI: 'dict' object has no attribute 'empty'
2026-08-20 05:24:23,121 [WARNING] data.fetch — [fetch_analyst_data] DIS: 'dict' object has no attribute 'empty'
2026-08-20 05:24:29,049 [WARNING] data.fetch — [fetch_analyst_data] BKNG: 'dict' object has no attribute 'empty'
2026-08-20 05:24:29,086 [WARNING] data.fetch — [fetch_analyst_data] TEAM: 'dict' object has no attribute 'empty'
2026-08-20 05:24:29,171 [WARNING] data.fetch — [fetch_analyst_data] MMSI: 'dict' object has no attribute 'empty'
2026-08-20 05:24:29,321 [WARNING] data.fetch — [fetch_analyst_data] DASH: 'dict' object has no attribute 'empty'
2026-08-20 05:24:29,470 [WARNING] data.fetch — [fetch_analyst_data] ARWR: 'dict' object has no attribute 'empty'
2026-08-20 05:24:35,431 [WARNING] data.fetch — [fetch_analyst_data] CVS: 'dict' object has no attribute 'empty'
[시장분석] enrichment 완료
[Email] 페이퍼 트레이딩 알림 발송 완료 (PDF 첨부) (매도 0건, 매수 1건, 재평가 0건, 재평가실패 0건, 후보 5건) → chunghwan14@gmail.com, roykim0311@gmail.com, ssamjungtan@naver.com
============================================================
[Unified Paper Trading] 완료
============================================================
