============================================================
[Unified Paper Trading] SP500 + NASDAQ/NYSE 통합 실행 시작
============================================================
2026-05-28 08:41:04,029 [INFO] paper_trading.runner — [Runner] SP500 snapshot 로드: 130개 종목
[Unified PT] SP500 snapshot 로드: 130개 종목
2026-05-28 08:41:04,037 [INFO] paper_trading.runner — [Runner] NASDAQ snapshot 로드: 234개 종목
[Unified PT] NASDAQ snapshot 로드: 234개 종목
[Unified PT] 합산 완료: 343개 종목 (SP500 130 + NASDAQ 234개, 중복 제거 후)
[Unified PT] 골든크로스임박 종목: 30개
2026-05-28 08:41:05,012 [INFO] paper_trading.candidate_selector — [전략점수 분포] ~4.0: 98 | 4.0~5.0: 27 | 5.0~5.5: 22 | 5.5~6.0: 15 | 6.0+: 181
2026-05-28 08:41:05,020 [INFO] paper_trading.engine — [PaperTrading] 오늘 매수 후보 없음
[Unified PT] 매도=0 매수=0 보유=2종목
[Unified PT] 레짐=bull | 필터={'전략점수<6.0': 162, '바닥반등_52주과열': 0, '판단등급_미달': 181, '과열_차단': 0, '유동성_부족': 0, '어닝_임박': 0, '보유_중복': 0, '모멘텀_ADX부족': 0, '바닥_RSI데드존': 0, '섹터_집중': 0, '_통과': 0, '_전체': 343}
[Unified PT] 스킵 사유: 후보_없음
2026-05-28 08:41:06,852 [INFO] paper_trading.sheet_sync — [SheetSync] 포지션현황 업데이트: 2개 종목
2026-05-28 08:41:08,654 [INFO] paper_trading.sheet_sync — [SheetSync] 성과요약 업데이트: 15건 거래
[Unified PT] 구글 시트 동기화 완료
[시장분석] 32개 종목 데이터 수집 중...
2026-05-28 08:41:15,485 [WARNING] data.fetch — [fetch_analyst_data] CRCL: 'dict' object has no attribute 'empty'
2026-05-28 08:41:15,543 [WARNING] data.fetch — [fetch_analyst_data] V: 'dict' object has no attribute 'empty'
2026-05-28 08:41:15,591 [WARNING] data.fetch — [fetch_analyst_data] BAC: 'dict' object has no attribute 'empty'
2026-05-28 08:41:15,595 [WARNING] data.fetch — [fetch_analyst_data] SNPS: 'dict' object has no attribute 'empty'
2026-05-28 08:41:15,809 [WARNING] data.fetch — [fetch_analyst_data] HUM: 'dict' object has no attribute 'empty'
2026-05-28 08:41:22,105 [WARNING] data.fetch — [fetch_analyst_data] GDDY: 'dict' object has no attribute 'empty'
2026-05-28 08:41:22,291 [WARNING] data.fetch — [fetch_analyst_data] ABBV: 'dict' object has no attribute 'empty'
2026-05-28 08:41:22,422 [WARNING] data.fetch — [fetch_analyst_data] GE: 'dict' object has no attribute 'empty'
2026-05-28 08:41:22,429 [WARNING] data.fetch — [fetch_analyst_data] ACHR: 'dict' object has no attribute 'empty'
2026-05-28 08:41:22,636 [WARNING] data.fetch — [fetch_analyst_data] HON: 'dict' object has no attribute 'empty'
2026-05-28 08:41:28,775 [WARNING] data.fetch — [fetch_analyst_data] MRK: 'dict' object has no attribute 'empty'
2026-05-28 08:41:29,001 [WARNING] data.fetch — [fetch_analyst_data] KLAR: 'dict' object has no attribute 'empty'
2026-05-28 08:41:29,211 [WARNING] data.fetch — [fetch_analyst_data] JNJ: 'dict' object has no attribute 'empty'
2026-05-28 08:41:29,231 [WARNING] data.fetch — [fetch_analyst_data] EOSE: 'dict' object has no attribute 'empty'
2026-05-28 08:41:29,488 [WARNING] data.fetch — [fetch_analyst_data] GILD: 'dict' object has no attribute 'empty'
2026-05-28 08:41:35,467 [WARNING] data.fetch — [fetch_analyst_data] AMGN: 'dict' object has no attribute 'empty'
2026-05-28 08:41:35,821 [WARNING] data.fetch — [fetch_analyst_data] MNDY: 'dict' object has no attribute 'empty'
2026-05-28 08:41:35,898 [WARNING] data.fetch — [fetch_analyst_data] IBM: 'dict' object has no attribute 'empty'
2026-05-28 08:41:36,037 [WARNING] data.fetch — [fetch_analyst_data] CCL: 'dict' object has no attribute 'empty'
2026-05-28 08:41:36,293 [WARNING] data.fetch — [fetch_analyst_data] COF: 'dict' object has no attribute 'empty'
2026-05-28 08:41:42,037 [WARNING] data.fetch — [fetch_analyst_data] SE: 'dict' object has no attribute 'empty'
2026-05-28 08:41:42,367 [WARNING] data.fetch — [fetch_analyst_data] IT: 'dict' object has no attribute 'empty'
2026-05-28 08:41:42,634 [WARNING] data.fetch — [fetch_analyst_data] GPK: 'dict' object has no attribute 'empty'
2026-05-28 08:41:42,717 [WARNING] data.fetch — [fetch_analyst_data] UPST: 'dict' object has no attribute 'empty'
2026-05-28 08:41:42,984 [WARNING] data.fetch — [fetch_analyst_data] NOW: 'dict' object has no attribute 'empty'
2026-05-28 08:41:48,748 [WARNING] data.fetch — [fetch_analyst_data] RTX: 'dict' object has no attribute 'empty'
2026-05-28 08:41:49,068 [WARNING] data.fetch — [fetch_analyst_data] MCD: 'dict' object has no attribute 'empty'
2026-05-28 08:41:49,286 [WARNING] data.fetch — [fetch_analyst_data] SRPT: 'dict' object has no attribute 'empty'
2026-05-28 08:41:49,460 [WARNING] data.fetch — [fetch_analyst_data] JPM: 'dict' object has no attribute 'empty'
2026-05-28 08:41:49,813 [WARNING] data.fetch — [fetch_analyst_data] T: 'dict' object has no attribute 'empty'
2026-05-28 08:41:55,382 [WARNING] data.fetch — [fetch_analyst_data] ELF: 'dict' object has no attribute 'empty'
2026-05-28 08:41:55,701 [WARNING] data.fetch — [fetch_analyst_data] BBAI: 'dict' object has no attribute 'empty'
[시장분석] enrichment 완료
[Email] 페이퍼 트레이딩 알림 발송 완료 (매도 0건, 매수 0건, 재평가 0건, 재평가실패 0건, 후보 0건) → chunghwan14@gmail.com, roykim0311@gmail.com, ssamjungtan@naver.com
============================================================
[Unified Paper Trading] 완료
============================================================
