============================================================
[Unified Paper Trading] SP500 + NASDAQ/NYSE 통합 실행 시작
============================================================
2026-09-02 07:57:12,354 [INFO] paper_trading.runner — [Runner] SP500 snapshot 로드: 128개 종목
[Unified PT] SP500 snapshot 로드: 128개 종목
2026-09-02 07:57:12,361 [INFO] paper_trading.runner — [Runner] NASDAQ snapshot 로드: 212개 종목
[Unified PT] NASDAQ snapshot 로드: 212개 종목
[Unified PT] 합산 완료: 332개 종목 (SP500 128 + NASDAQ 212개, 중복 제거 후)
[Unified PT] 골든크로스임박 종목: 39개
2026-09-02 07:57:13,429 [INFO] paper_trading.candidate_selector — [전략점수 분포] ~4.0: 144 | 4.0~5.0: 19 | 5.0~5.5: 27 | 5.5~6.0: 19 | 6.0+: 123
2026-09-02 07:57:13,445 [INFO] paper_trading.candidate_selector — [CandidateSelector] Regime=bull | Filtered=2/332 | Selected: HP (CCS=0.5208)
2026-09-02 07:57:13,457 [INFO] paper_trading.engine — [PaperTrading] 교체 기준 미달 — 매수 안 함
[Unified PT] 매도=0 매수=0 보유=3종목
[Unified PT] 레짐=bull | 필터={'전략점수<6.0': 209, '바닥반등_52주과열': 5, '판단등급_미달': 113, '과열_차단': 1, '유동성_부족': 0, '어닝_임박': 0, '보유_중복': 1, '모멘텀_ADX부족': 1, '바닥_RSI데드존': 0, '섹터_집중': 0, '_통과': 2, '_전체': 332}
[Unified PT] 스킵 사유: 교체_미달
[Unified PT] Top5 후보:
  HP     CCS=0.5208 전략=📈 모멘텀 섹터=Energy
  VXX    CCS=0.4901 전략=📉 바닥반등 섹터=Unknown
2026-09-02 07:57:15,064 [INFO] paper_trading.sheet_sync — [SheetSync] 포지션현황 업데이트: 3개 종목
2026-09-02 07:57:16,303 [INFO] paper_trading.sheet_sync — [SheetSync] 성과요약 업데이트: 43건 거래
[Unified PT] 구글 시트 동기화 완료
[시장분석] 43개 종목 데이터 수집 중...
2026-09-02 07:57:16,851 [ERROR] yfinance — HTTP Error 404: {"quoteSummary":{"result":null,"error":{"code":"Not Found","description":"No fundamentals data found for symbol: VXX"}}}
2026-09-02 07:57:20,177 [ERROR] yfinance — HTTP Error 404: {"quoteSummary":{"result":null,"error":{"code":"Not Found","description":"No fundamentals data found for symbol: VXX"}}}
2026-09-02 07:57:22,935 [WARNING] data.fetch — [fetch_analyst_data] HP: 'dict' object has no attribute 'empty'
2026-09-02 07:57:22,959 [WARNING] data.fetch — [fetch_analyst_data] DIS: 'dict' object has no attribute 'empty'
2026-09-02 07:57:23,065 [WARNING] data.fetch — [fetch_analyst_data] AXP: 'dict' object has no attribute 'empty'
2026-09-02 07:57:23,080 [WARNING] data.fetch — [fetch_analyst_data] SPGI: 'dict' object has no attribute 'empty'
2026-09-02 07:57:23,448 [ERROR] yfinance — HTTP Error 404: {"quoteSummary":{"result":null,"error":{"code":"Not Found","description":"No fundamentals data found for symbol: VXX"}}}
2026-09-02 07:57:23,448 [WARNING] data.fetch — [fetch_analyst_data] VXX: 'dict' object has no attribute 'empty'
2026-09-02 07:57:29,363 [WARNING] data.fetch — [fetch_analyst_data] MELI: 'dict' object has no attribute 'empty'
2026-09-02 07:57:29,430 [WARNING] data.fetch — [fetch_analyst_data] ABT: 'dict' object has no attribute 'empty'
2026-09-02 07:57:29,506 [WARNING] data.fetch — [fetch_analyst_data] UBER: 'dict' object has no attribute 'empty'
2026-09-02 07:57:29,542 [WARNING] data.fetch — [fetch_analyst_data] DHR: 'dict' object has no attribute 'empty'
2026-09-02 07:57:29,914 [WARNING] data.fetch — [fetch_analyst_data] SYK: 'dict' object has no attribute 'empty'
2026-09-02 07:57:35,795 [WARNING] data.fetch — [fetch_analyst_data] ADBE: 'dict' object has no attribute 'empty'
2026-09-02 07:57:35,875 [WARNING] data.fetch — [fetch_analyst_data] FIG: 'dict' object has no attribute 'empty'
2026-09-02 07:57:35,930 [WARNING] data.fetch — [fetch_analyst_data] TMC: 'dict' object has no attribute 'empty'
2026-09-02 07:57:35,988 [WARNING] data.fetch — [fetch_analyst_data] TMUS: 'dict' object has no attribute 'empty'
2026-09-02 07:57:36,376 [WARNING] data.fetch — [fetch_analyst_data] NFLX: 'dict' object has no attribute 'empty'
2026-09-02 07:57:42,230 [WARNING] data.fetch — [fetch_analyst_data] LIN: 'dict' object has no attribute 'empty'
2026-09-02 07:57:42,277 [WARNING] data.fetch — [fetch_analyst_data] COIN: 'dict' object has no attribute 'empty'
2026-09-02 07:57:42,417 [WARNING] data.fetch — [fetch_analyst_data] FMC: 'dict' object has no attribute 'empty'
2026-09-02 07:57:42,423 [WARNING] data.fetch — [fetch_analyst_data] TSLA: 'dict' object has no attribute 'empty'
2026-09-02 07:57:42,829 [WARNING] data.fetch — [fetch_analyst_data] MSTR: 'dict' object has no attribute 'empty'
2026-09-02 07:57:48,670 [WARNING] data.fetch — [fetch_analyst_data] PODD: 'dict' object has no attribute 'empty'
2026-09-02 07:57:48,689 [WARNING] data.fetch — [fetch_analyst_data] GPRO: 'dict' object has no attribute 'empty'
2026-09-02 07:57:48,851 [WARNING] data.fetch — [fetch_analyst_data] BLSH: 'dict' object has no attribute 'empty'
2026-09-02 07:57:48,905 [WARNING] data.fetch — [fetch_analyst_data] QCOM: 'dict' object has no attribute 'empty'
2026-09-02 07:57:49,264 [WARNING] data.fetch — [fetch_analyst_data] LIF: 'dict' object has no attribute 'empty'
2026-09-02 07:57:55,120 [WARNING] data.fetch — [fetch_analyst_data] HD: 'dict' object has no attribute 'empty'
2026-09-02 07:57:55,211 [WARNING] data.fetch — [fetch_analyst_data] PG: 'dict' object has no attribute 'empty'
2026-09-02 07:57:55,253 [WARNING] data.fetch — [fetch_analyst_data] WIX: 'dict' object has no attribute 'empty'
2026-09-02 07:57:55,312 [WARNING] data.fetch — [fetch_analyst_data] CRM: 'dict' object has no attribute 'empty'
2026-09-02 07:57:55,674 [WARNING] data.fetch — [fetch_analyst_data] NOW: 'dict' object has no attribute 'empty'
2026-09-02 07:58:01,635 [WARNING] data.fetch — [fetch_analyst_data] SMCI: 'dict' object has no attribute 'empty'
2026-09-02 07:58:01,647 [WARNING] data.fetch — [fetch_analyst_data] HUBS: 'dict' object has no attribute 'empty'
2026-09-02 07:58:01,685 [WARNING] data.fetch — [fetch_analyst_data] INSP: 'dict' object has no attribute 'empty'
2026-09-02 07:58:01,747 [WARNING] data.fetch — [fetch_analyst_data] ASST: 'dict' object has no attribute 'empty'
2026-09-02 07:58:02,093 [WARNING] data.fetch — [fetch_analyst_data] META: 'dict' object has no attribute 'empty'
2026-09-02 07:58:08,057 [WARNING] data.fetch — [fetch_analyst_data] MNDY: 'dict' object has no attribute 'empty'
2026-09-02 07:58:08,104 [WARNING] data.fetch — [fetch_analyst_data] RZLV: 'dict' object has no attribute 'empty'
2026-09-02 07:58:08,150 [WARNING] data.fetch — [fetch_analyst_data] BMNR: 'dict' object has no attribute 'empty'
2026-09-02 07:58:08,182 [WARNING] data.fetch — [fetch_analyst_data] T: 'dict' object has no attribute 'empty'
2026-09-02 07:58:08,551 [WARNING] data.fetch — [fetch_analyst_data] PEP: 'dict' object has no attribute 'empty'
2026-09-02 07:58:14,474 [WARNING] data.fetch — [fetch_analyst_data] DUOL: 'dict' object has no attribute 'empty'
2026-09-02 07:58:14,552 [WARNING] data.fetch — [fetch_analyst_data] MPC: 'dict' object has no attribute 'empty'
2026-09-02 07:58:14,665 [WARNING] data.fetch — [fetch_analyst_data] BAC: 'dict' object has no attribute 'empty'
[시장분석] enrichment 완료
[Email] 페이퍼 트레이딩 알림 발송 완료 (매도 0건, 매수 0건, 재평가 0건, 재평가실패 0건, 후보 2건) → chunghwan14@gmail.com, roykim0311@gmail.com, ssamjungtan@naver.com
============================================================
[Unified Paper Trading] 완료
============================================================
