============================================================
[Unified Paper Trading] SP500 + NASDAQ/NYSE 통합 실행 시작
============================================================
2026-04-16 00:38:27,450 [INFO] paper_trading.runner — [Runner] SP500 snapshot 로드: 130개 종목
[Unified PT] SP500 snapshot 로드: 130개 종목
2026-04-16 00:38:27,456 [INFO] paper_trading.runner — [Runner] NASDAQ snapshot 로드: 214개 종목
[Unified PT] NASDAQ snapshot 로드: 214개 종목
[Unified PT] 합산 완료: 328개 종목 (SP500 130 + NASDAQ 214개, 중복 제거 후)
2026-04-16 00:38:28,299 [INFO] paper_trading.candidate_selector — [전략점수 분포] ~4.0: 127 | 4.0~5.0: 31 | 5.0~5.5: 7 | 5.5~6.0: 11 | 6.0+: 152
2026-04-16 00:38:28,310 [INFO] paper_trading.engine — [PaperTrading] 오늘 매수 후보 없음
[Unified PT] 매도=0 매수=0 보유=1종목
[Unified PT] 레짐=bull | 필터={'전략점수<6.0': 176, '바닥반등_52주과열': 1, '판단등급_미달': 146, '과열_차단': 5, '유동성_부족': 0, '어닝_임박': 0, '보유_중복': 0, '모멘텀_ADX부족': 0, '바닥_RSI데드존': 0, '섹터_집중': 0, '_통과': 0, '_전체': 328}
[Unified PT] 스킵 사유: 후보_없음
2026-04-16 00:38:29,560 [INFO] paper_trading.sheet_sync — [SheetSync] 포지션현황 업데이트: 1개 종목
2026-04-16 00:38:30,741 [INFO] paper_trading.sheet_sync — [SheetSync] 성과요약 업데이트: 3건 거래
[Unified PT] 구글 시트 동기화 완료
[Email] 페이퍼 트레이딩 변동 없음, 후보도 없음 — 이메일 발송 생략
============================================================
[Unified Paper Trading] 완료
============================================================
