============================================================
[Unified Paper Trading] SP500 + NASDAQ/NYSE 통합 실행 시작
============================================================
2026-04-22 06:56:35,194 [INFO] paper_trading.runner — [Runner] SP500 snapshot 로드: 130개 종목
[Unified PT] SP500 snapshot 로드: 130개 종목
2026-04-22 06:56:35,201 [INFO] paper_trading.runner — [Runner] NASDAQ snapshot 로드: 219개 종목
[Unified PT] NASDAQ snapshot 로드: 219개 종목
[Unified PT] 합산 완료: 333개 종목 (SP500 130 + NASDAQ 219개, 중복 제거 후)
2026-04-22 06:56:36,120 [INFO] paper_trading.engine — [PaperTrading] DEFER SKIP MPWR: rsi_not_overbought, volume_strong (RSI=80.8, ADX=32.0, vol_mult=1.03, vol_z=0.10, ret_5d=+12.07%, bb_pband=0.93)
2026-04-22 06:56:36,120 [INFO] paper_trading.engine — [PaperTrading] SELL MPWR @ 1527.95 (목표가(+12.1%))
2026-04-22 06:56:36,124 [INFO] paper_trading.candidate_selector — [전략점수 분포] ~4.0: 128 | 4.0~5.0: 16 | 5.0~5.5: 15 | 5.5~6.0: 4 | 6.0+: 170
2026-04-22 06:56:36,137 [INFO] paper_trading.candidate_selector — [CandidateSelector] Regime=bull | Filtered=5/333 | Selected: VLO (CCS=0.5833)
2026-04-22 06:56:36,143 [INFO] paper_trading.engine — [PaperTrading] BUY VLO @ 233.39 (CCS=0.5833, RSI=49, upside P50=+4% P75=+8%)
[Unified PT] 매도=1 매수=1 보유=3종목
[Unified PT] 레짐=bull | 필터={'전략점수<6.0': 163, '바닥반등_52주과열': 2, '판단등급_미달': 131, '과열_차단': 26, '유동성_부족': 0, '어닝_임박': 0, '보유_중복': 0, '모멘텀_ADX부족': 5, '바닥_RSI데드존': 1, '섹터_집중': 0, '_통과': 5, '_전체': 333}
[Unified PT] Top5 후보:
  VLO    CCS=0.5833 전략=📈 모멘텀 섹터=Energy
  HUN    CCS=0.5348 전략=📈 모멘텀 섹터=Unknown
  ONTO   CCS=0.5302 전략=📈 모멘텀 섹터=Unknown
  EBAY   CCS=0.5253 전략=📈 모멘텀 섹터=Unknown
  FERG   CCS=0.5201 전략=📈 모멘텀 섹터=Unknown
2026-04-22 06:56:37,453 [INFO] paper_trading.sheet_sync — [SheetSync] 거래로그 append: SELL MPWR
2026-04-22 06:56:38,666 [INFO] paper_trading.sheet_sync — [SheetSync] 거래로그 append: BUY VLO
2026-04-22 06:56:40,471 [INFO] paper_trading.sheet_sync — [SheetSync] 포지션현황 업데이트: 3개 종목
2026-04-22 06:56:42,110 [INFO] paper_trading.sheet_sync — [SheetSync] 성과요약 업데이트: 4건 거래
[Unified PT] 구글 시트 동기화 완료
2026-04-22 06:56:42,442 [INFO] matplotlib.font_manager — Failed to extract font properties from /usr/share/fonts/truetype/noto/NotoColorEmoji.ttf: Can not load face (unknown file format; error code 0x2)
2026-04-22 06:56:42,459 [INFO] matplotlib.font_manager — generated new fontManager
2026-04-22 06:56:43,335 [WARNING] fpdf.output — Font MPDFAA+NanumGothic is missing the following glyphs: '📈' (\U0001f4c8), '📉' (\U0001f4c9)
2026-04-22 06:56:43,336 [INFO] fontTools.subset — maxp pruned
2026-04-22 06:56:43,337 [INFO] fontTools.subset — cmap pruned
2026-04-22 06:56:43,337 [INFO] fontTools.subset — post pruned
2026-04-22 06:56:43,338 [INFO] fontTools.subset — DSIG dropped
2026-04-22 06:56:43,338 [INFO] fontTools.subset — GPOS dropped
2026-04-22 06:56:43,338 [INFO] fontTools.subset — GSUB dropped
2026-04-22 06:56:43,338 [INFO] fontTools.subset — glyf pruned
2026-04-22 06:56:43,339 [INFO] fontTools.subset — Added gid0 to subset
2026-04-22 06:56:43,339 [INFO] fontTools.subset — Added first four glyphs to subset
2026-04-22 06:56:43,339 [INFO] fontTools.subset — Closing glyph list over 'glyf': 96 glyphs before
2026-04-22 06:56:43,340 [INFO] fontTools.subset — Glyph names: ['.notdef', 'A', 'B', 'C', 'D', 'E', 'F', 'G', 'H', 'I', 'L', 'M', 'N', 'O', 'P', 'Q', 'R', 'S', 'T', 'U', 'V', 'W', 'Y', 'a', 'arrowright', 'b', 'bar', 'c', 'colon', 'comma', 'copyright', 'd', 'dollar', 'e', 'eight', 'emdash', 'exclam', 'f', 'five', 'four', 'g', 'h', 'hyphen', 'i', 'k', 'l', 'm', 'n', 'nine', 'numbersign', 'o', 'one', 'p', 'parenleft', 'parenright', 'percent', 'period', 'periodcentered', 'plus', 'q', 'quotedbl', 'r', 's', 'seven', 'six', 'slash', 'space', 't', 'three', 'triagup', 'two', 'u', 'uniAC00', 'uniAC04', 'uniADDC', 'uniB2E5', 'uniB4F1', 'uniB9E4', 'uniBA58', 'uniBAA8', 'uniBAA9', 'uniBC14', 'uniBC18', 'uniC218', 'uniC2DC', 'uniC2E0', 'uniC775', 'uniC77C', 'uniC808', 'uniD140', 'uniD45C', 'v', 'w', 'x', 'y', 'zero']
2026-04-22 06:56:43,340 [INFO] fontTools.subset — Glyph IDs:   [0, 1, 2, 3, 4, 5, 8, 9, 11, 12, 13, 14, 15, 16, 17, 18, 19, 20, 21, 22, 23, 24, 25, 26, 33, 34, 35, 36, 37, 38, 39, 40, 41, 44, 45, 46, 47, 48, 49, 50, 51, 52, 53, 54, 55, 57, 64, 65, 66, 67, 68, 69, 70, 71, 72, 74, 75, 76, 77, 78, 79, 80, 81, 82, 83, 84, 85, 86, 87, 88, 91, 96, 99, 104, 159, 162, 495, 497, 640, 928, 1042, 1283, 1310, 1326, 1327, 1397, 1401, 1708, 1751, 1753, 2043, 2045, 2091, 2518, 2661, 13296]
2026-04-22 06:56:43,340 [INFO] fontTools.subset — Closed glyph list over 'glyf': 96 glyphs after
2026-04-22 06:56:43,340 [INFO] fontTools.subset — Glyph names: ['.notdef', 'A', 'B', 'C', 'D', 'E', 'F', 'G', 'H', 'I', 'L', 'M', 'N', 'O', 'P', 'Q', 'R', 'S', 'T', 'U', 'V', 'W', 'Y', 'a', 'arrowright', 'b', 'bar', 'c', 'colon', 'comma', 'copyright', 'd', 'dollar', 'e', 'eight', 'emdash', 'exclam', 'f', 'five', 'four', 'g', 'h', 'hyphen', 'i', 'k', 'l', 'm', 'n', 'nine', 'numbersign', 'o', 'one', 'p', 'parenleft', 'parenright', 'percent', 'period', 'periodcentered', 'plus', 'q', 'quotedbl', 'r', 's', 'seven', 'six', 'slash', 'space', 't', 'three', 'triagup', 'two', 'u', 'uniAC00', 'uniAC04', 'uniADDC', 'uniB2E5', 'uniB4F1', 'uniB9E4', 'uniBA58', 'uniBAA8', 'uniBAA9', 'uniBC14', 'uniBC18', 'uniC218', 'uniC2DC', 'uniC2E0', 'uniC775', 'uniC77C', 'uniC808', 'uniD140', 'uniD45C', 'v', 'w', 'x', 'y', 'zero']
2026-04-22 06:56:43,340 [INFO] fontTools.subset — Glyph IDs:   [0, 1, 2, 3, 4, 5, 8, 9, 11, 12, 13, 14, 15, 16, 17, 18, 19, 20, 21, 22, 23, 24, 25, 26, 33, 34, 35, 36, 37, 38, 39, 40, 41, 44, 45, 46, 47, 48, 49, 50, 51, 52, 53, 54, 55, 57, 64, 65, 66, 67, 68, 69, 70, 71, 72, 74, 75, 76, 77, 78, 79, 80, 81, 82, 83, 84, 85, 86, 87, 88, 91, 96, 99, 104, 159, 162, 495, 497, 640, 928, 1042, 1283, 1310, 1326, 1327, 1397, 1401, 1708, 1751, 1753, 2043, 2045, 2091, 2518, 2661, 13296]
2026-04-22 06:56:43,341 [INFO] fontTools.subset — Retaining 96 glyphs
2026-04-22 06:56:43,341 [INFO] fontTools.subset — head subsetting not needed
2026-04-22 06:56:43,341 [INFO] fontTools.subset — hhea subsetting not needed
2026-04-22 06:56:43,341 [INFO] fontTools.subset — maxp subsetting not needed
2026-04-22 06:56:43,341 [INFO] fontTools.subset — OS/2 subsetting not needed
2026-04-22 06:56:43,342 [INFO] fontTools.subset — hmtx subsetted
2026-04-22 06:56:43,344 [INFO] fontTools.subset — cmap subsetted
2026-04-22 06:56:43,344 [INFO] fontTools.subset — fpgm subsetting not needed
2026-04-22 06:56:43,344 [INFO] fontTools.subset — prep subsetting not needed
2026-04-22 06:56:43,344 [INFO] fontTools.subset — cvt  subsetting not needed
2026-04-22 06:56:43,344 [INFO] fontTools.subset — loca subsetting not needed
2026-04-22 06:56:43,344 [INFO] fontTools.subset — post subsetted
2026-04-22 06:56:43,344 [INFO] fontTools.subset — gasp subsetting not needed
2026-04-22 06:56:43,344 [INFO] fontTools.subset — name subsetting not needed
2026-04-22 06:56:43,347 [INFO] fontTools.subset — glyf subsetted
2026-04-22 06:56:43,347 [INFO] fontTools.subset — head pruned
2026-04-22 06:56:43,347 [INFO] fontTools.subset — OS/2 Unicode ranges pruned: [0, 1, 31, 37, 45, 56]
2026-04-22 06:56:43,348 [INFO] fontTools.subset — OS/2 CodePage ranges pruned: [0]
2026-04-22 06:56:43,349 [INFO] fontTools.subset — glyf pruned
2026-04-22 06:56:43,349 [INFO] fontTools.subset — name pruned
2026-04-22 06:56:43,366 [WARNING] fpdf.output — Font MPDFAA+NanumGothicBold is missing the following glyphs: '📉' (\U0001f4c9), '📈' (\U0001f4c8)
2026-04-22 06:56:43,367 [INFO] fontTools.subset — maxp pruned
2026-04-22 06:56:43,367 [INFO] fontTools.subset — cmap pruned
2026-04-22 06:56:43,367 [INFO] fontTools.subset — post pruned
2026-04-22 06:56:43,367 [INFO] fontTools.subset — DSIG dropped
2026-04-22 06:56:43,367 [INFO] fontTools.subset — GPOS dropped
2026-04-22 06:56:43,367 [INFO] fontTools.subset — GSUB dropped
2026-04-22 06:56:43,367 [INFO] fontTools.subset — glyf pruned
2026-04-22 06:56:43,368 [INFO] fontTools.subset — Added gid0 to subset
2026-04-22 06:56:43,368 [INFO] fontTools.subset — Added first four glyphs to subset
2026-04-22 06:56:43,368 [INFO] fontTools.subset — Closing glyph list over 'glyf': 93 glyphs before
2026-04-22 06:56:43,368 [INFO] fontTools.subset — Glyph names: ['.notdef', 'A', 'B', 'C', 'D', 'E', 'F', 'G', 'H', 'I', 'J', 'K', 'L', 'M', 'N', 'O', 'P', 'Q', 'R', 'S', 'T', 'U', 'V', 'W', 'X', 'Y', 'Z', 'a', 'ampersand', 'b', 'c', 'colon', 'd', 'dollar', 'e', 'eight', 'emdash', 'equal', 'exclam', 'f', 'five', 'four', 'g', 'h', 'hyphen', 'i', 'j', 'k', 'l', 'm', 'n', 'nine', 'numbersign', 'o', 'one', 'p', 'parenleft', 'parenright', 'percent', 'period', 'periodcentered', 'plus', 'q', 'quotedbl', 'quotesingle', 'r', 's', 'seven', 'six', 'slash', 'space', 't', 'three', 'two', 'u', 'uni2605', 'uniB2E5', 'uniB4F1', 'uniBA58', 'uniBAA8', 'uniBC14', 'uniBC18', 'uniBC30', 'uniC5F4', 'uniC644', 'uniC804', 'uniC815', 'uniD140', 'v', 'w', 'x', 'y', 'zero']
2026-04-22 06:56:43,369 [INFO] fontTools.subset — Glyph IDs:   [0, 1, 2, 3, 4, 5, 6, 7, 8, 9, 11, 13, 14, 15, 16, 17, 18, 19, 20, 21, 22, 23, 24, 25, 26, 29, 33, 34, 35, 36, 37, 38, 39, 40, 41, 42, 43, 44, 45, 46, 47, 48, 49, 50, 51, 52, 53, 54, 55, 56, 57, 58, 64, 65, 66, 67, 68, 69, 70, 71, 72, 73, 74, 75, 76, 77, 78, 79, 80, 81, 82, 83, 84, 85, 86, 87, 88, 99, 104, 150, 926, 1040, 1308, 1324, 1395, 1399, 1410, 1915, 1949, 2088, 2094, 2516, 13533]
2026-04-22 06:56:43,369 [INFO] fontTools.subset — Closed glyph list over 'glyf': 93 glyphs after
2026-04-22 06:56:43,369 [INFO] fontTools.subset — Glyph names: ['.notdef', 'A', 'B', 'C', 'D', 'E', 'F', 'G', 'H', 'I', 'J', 'K', 'L', 'M', 'N', 'O', 'P', 'Q', 'R', 'S', 'T', 'U', 'V', 'W', 'X', 'Y', 'Z', 'a', 'ampersand', 'b', 'c', 'colon', 'd', 'dollar', 'e', 'eight', 'emdash', 'equal', 'exclam', 'f', 'five', 'four', 'g', 'h', 'hyphen', 'i', 'j', 'k', 'l', 'm', 'n', 'nine', 'numbersign', 'o', 'one', 'p', 'parenleft', 'parenright', 'percent', 'period', 'periodcentered', 'plus', 'q', 'quotedbl', 'quotesingle', 'r', 's', 'seven', 'six', 'slash', 'space', 't', 'three', 'two', 'u', 'uni2605', 'uniB2E5', 'uniB4F1', 'uniBA58', 'uniBAA8', 'uniBC14', 'uniBC18', 'uniBC30', 'uniC5F4', 'uniC644', 'uniC804', 'uniC815', 'uniD140', 'v', 'w', 'x', 'y', 'zero']
2026-04-22 06:56:43,369 [INFO] fontTools.subset — Glyph IDs:   [0, 1, 2, 3, 4, 5, 6, 7, 8, 9, 11, 13, 14, 15, 16, 17, 18, 19, 20, 21, 22, 23, 24, 25, 26, 29, 33, 34, 35, 36, 37, 38, 39, 40, 41, 42, 43, 44, 45, 46, 47, 48, 49, 50, 51, 52, 53, 54, 55, 56, 57, 58, 64, 65, 66, 67, 68, 69, 70, 71, 72, 73, 74, 75, 76, 77, 78, 79, 80, 81, 82, 83, 84, 85, 86, 87, 88, 99, 104, 150, 926, 1040, 1308, 1324, 1395, 1399, 1410, 1915, 1949, 2088, 2094, 2516, 13533]
2026-04-22 06:56:43,370 [INFO] fontTools.subset — Retaining 93 glyphs
2026-04-22 06:56:43,370 [INFO] fontTools.subset — head subsetting not needed
2026-04-22 06:56:43,370 [INFO] fontTools.subset — hhea subsetting not needed
2026-04-22 06:56:43,370 [INFO] fontTools.subset — maxp subsetting not needed
2026-04-22 06:56:43,370 [INFO] fontTools.subset — OS/2 subsetting not needed
2026-04-22 06:56:43,371 [INFO] fontTools.subset — hmtx subsetted
2026-04-22 06:56:43,372 [INFO] fontTools.subset — cmap subsetted
2026-04-22 06:56:43,372 [INFO] fontTools.subset — fpgm subsetting not needed
2026-04-22 06:56:43,372 [INFO] fontTools.subset — prep subsetting not needed
2026-04-22 06:56:43,372 [INFO] fontTools.subset — cvt  subsetting not needed
2026-04-22 06:56:43,372 [INFO] fontTools.subset — loca subsetting not needed
2026-04-22 06:56:43,372 [INFO] fontTools.subset — post subsetted
2026-04-22 06:56:43,372 [INFO] fontTools.subset — gasp subsetting not needed
2026-04-22 06:56:43,372 [INFO] fontTools.subset — name subsetting not needed
2026-04-22 06:56:43,375 [INFO] fontTools.subset — glyf subsetted
2026-04-22 06:56:43,375 [INFO] fontTools.subset — head pruned
2026-04-22 06:56:43,375 [INFO] fontTools.subset — OS/2 Unicode ranges pruned: [0, 1, 31, 46, 56]
2026-04-22 06:56:43,375 [INFO] fontTools.subset — OS/2 CodePage ranges pruned: [0]
2026-04-22 06:56:43,377 [INFO] fontTools.subset — glyf pruned
2026-04-22 06:56:43,377 [INFO] fontTools.subset — name pruned
[Unified PT] PDF 리포트 생성 완료 (142,145 bytes)
[시장분석] 7개 종목 데이터 수집 중...
2026-04-22 06:56:49,867 [WARNING] data.fetch — [fetch_analyst_data] ONTO: 'dict' object has no attribute 'empty'
2026-04-22 06:56:49,947 [WARNING] data.fetch — [fetch_analyst_data] EBAY: 'dict' object has no attribute 'empty'
2026-04-22 06:56:50,008 [WARNING] data.fetch — [fetch_analyst_data] FERG: 'dict' object has no attribute 'empty'
2026-04-22 06:56:50,024 [WARNING] data.fetch — [fetch_analyst_data] HUN: 'dict' object has no attribute 'empty'
2026-04-22 06:56:50,045 [WARNING] data.fetch — [fetch_analyst_data] VLO: 'dict' object has no attribute 'empty'
2026-04-22 06:56:56,266 [WARNING] data.fetch — [fetch_analyst_data] NFLX: 'dict' object has no attribute 'empty'
2026-04-22 06:56:56,307 [WARNING] data.fetch — [fetch_analyst_data] T: 'dict' object has no attribute 'empty'
[시장분석] enrichment 완료
[Email] 페이퍼 트레이딩 알림 발송 완료 (PDF 첨부) (매도 1건, 매수 1건, 재평가 0건, 재평가실패 1건, 후보 5건) → chunghwan14@gmail.com, roykim0311@gmail.com, ssamjungtan@naver.com
============================================================
[Unified Paper Trading] 완료
============================================================
