============================================================
[1단계] 전 종목 리스트 수집 및 기본 필터링
============================================================
[ticker_fetcher] 나스닥 FTP 서버에서 종목 리스트 다운로드 중...
[ticker_fetcher] 총 7388개 종목 로드 → 비표준 심볼 1178개 제거 → 6210개 보통주
[ticker_fetcher] 1단계 필터링 배치 1/42 (150개 종목)...
[ticker_fetcher] 1단계 필터링 배치 2/42 (150개 종목)...
[ticker_fetcher] 1단계 필터링 배치 3/42 (150개 종목)...
[ticker_fetcher] 1단계 필터링 배치 4/42 (150개 종목)...
[ticker_fetcher] 1단계 필터링 배치 5/42 (150개 종목)...
[ticker_fetcher] 1단계 필터링 배치 6/42 (150개 종목)...
[ticker_fetcher] 1단계 필터링 배치 7/42 (150개 종목)...
[ticker_fetcher] 1단계 필터링 배치 8/42 (150개 종목)...
[ticker_fetcher] 1단계 필터링 배치 9/42 (150개 종목)...
[ticker_fetcher] 1단계 필터링 배치 10/42 (150개 종목)...
[ticker_fetcher] 1단계 필터링 배치 11/42 (150개 종목)...
[ticker_fetcher] 1단계 필터링 배치 12/42 (150개 종목)...
[ticker_fetcher] 1단계 필터링 배치 13/42 (150개 종목)...
[ticker_fetcher] 1단계 필터링 배치 14/42 (150개 종목)...
[ticker_fetcher] 1단계 필터링 배치 15/42 (150개 종목)...
[ticker_fetcher] 1단계 필터링 배치 16/42 (150개 종목)...
[ticker_fetcher] 1단계 필터링 배치 17/42 (150개 종목)...
[ticker_fetcher] 1단계 필터링 배치 18/42 (150개 종목)...
[ticker_fetcher] 1단계 필터링 배치 19/42 (150개 종목)...
[ticker_fetcher] 1단계 필터링 배치 20/42 (150개 종목)...
[ticker_fetcher] 1단계 필터링 배치 21/42 (150개 종목)...
[ticker_fetcher] 1단계 필터링 배치 22/42 (150개 종목)...
[ticker_fetcher] 1단계 필터링 배치 23/42 (150개 종목)...
[ticker_fetcher] 1단계 필터링 배치 24/42 (150개 종목)...
[ticker_fetcher] 1단계 필터링 배치 25/42 (150개 종목)...
[ticker_fetcher] 1단계 필터링 배치 26/42 (150개 종목)...
[ticker_fetcher] 1단계 필터링 배치 27/42 (150개 종목)...
[ticker_fetcher] 1단계 필터링 배치 28/42 (150개 종목)...
[ticker_fetcher] 1단계 필터링 배치 29/42 (150개 종목)...
[ticker_fetcher] 1단계 필터링 배치 30/42 (150개 종목)...
[ticker_fetcher] 1단계 필터링 배치 31/42 (150개 종목)...
[ticker_fetcher] 1단계 필터링 배치 32/42 (150개 종목)...
[ticker_fetcher] 1단계 필터링 배치 33/42 (150개 종목)...
[ticker_fetcher] 1단계 필터링 배치 34/42 (150개 종목)...
[ticker_fetcher] 1단계 필터링 배치 35/42 (150개 종목)...
[ticker_fetcher] 1단계 필터링 배치 36/42 (150개 종목)...
[ticker_fetcher] 1단계 필터링 배치 37/42 (150개 종목)...
[ticker_fetcher] 1단계 필터링 배치 38/42 (150개 종목)...
[ticker_fetcher] 1단계 필터링 배치 39/42 (150개 종목)...
[ticker_fetcher] 1단계 필터링 배치 40/42 (150개 종목)...
[ticker_fetcher] 1단계 필터링 배치 41/42 (150개 종목)...
[ticker_fetcher] 1단계 필터링 배치 42/42 (60개 종목)...
[ticker_fetcher] 1단계 필터링 완료: 6210개 → 4151개 (가격 ≥ $1.0, 평균 거래량 ≥ 100,000)

============================================================
[2단계] 바닥 탈출 / 강세 돌파 후보 선별
============================================================
[2단계] 배치 1/28 (150개 종목 분석 중)...
[2단계] 배치 2/28 (150개 종목 분석 중)...
[2단계] 배치 3/28 (150개 종목 분석 중)...
[2단계] 배치 4/28 (150개 종목 분석 중)...
[2단계] 배치 5/28 (150개 종목 분석 중)...
[2단계] 배치 6/28 (150개 종목 분석 중)...
[2단계] 배치 7/28 (150개 종목 분석 중)...
[2단계] 배치 8/28 (150개 종목 분석 중)...
[2단계] 배치 9/28 (150개 종목 분석 중)...
[2단계] 배치 10/28 (150개 종목 분석 중)...
[2단계] 배치 11/28 (150개 종목 분석 중)...
[2단계] 배치 12/28 (150개 종목 분석 중)...
[2단계] 배치 13/28 (150개 종목 분석 중)...
[2단계] 배치 14/28 (150개 종목 분석 중)...
[2단계] 배치 15/28 (150개 종목 분석 중)...
[2단계] 배치 16/28 (150개 종목 분석 중)...
[2단계] 배치 17/28 (150개 종목 분석 중)...
[2단계] 배치 18/28 (150개 종목 분석 중)...
[2단계] 배치 19/28 (150개 종목 분석 중)...
[2단계] 배치 20/28 (150개 종목 분석 중)...
[2단계] 배치 21/28 (150개 종목 분석 중)...
[2단계] 배치 22/28 (150개 종목 분석 중)...
[2단계] 배치 23/28 (150개 종목 분석 중)...
[2단계] 배치 24/28 (150개 종목 분석 중)...
[2단계] 배치 25/28 (150개 종목 분석 중)...
[2단계] 배치 26/28 (150개 종목 분석 중)...
[2단계] 배치 27/28 (150개 종목 분석 중)...
[2단계] 배치 28/28 (101개 종목 분석 중)...
[2단계] 필터링 완료: 4151개 → 1005개 후보 선별

============================================================
[3단계] 1005개 후보 종목 정밀 분석
============================================================
[OHLCV] 배치 다운로드 1/7 (150개 종목, period=5y)...
[OHLCV] 배치 다운로드 2/7 (150개 종목, period=5y)...
[OHLCV] 배치 다운로드 3/7 (150개 종목, period=5y)...
[OHLCV] 배치 다운로드 4/7 (150개 종목, period=5y)...
[OHLCV] 배치 다운로드 5/7 (150개 종목, period=5y)...
[OHLCV] 배치 다운로드 6/7 (150개 종목, period=5y)...
[OHLCV] 배치 다운로드 7/7 (105개 종목, period=5y)...
[DataValidator] 679건의 데이터 품질 경고 발생
Warning:  AAOI: 비정상 가격 변동 67.1% (2023-08-04) — 스플릿/데이터 오류 가능
Warning:  AARD: Close NaN 비율 76.5% (기준: 30%)
Warning:  AARD: 비정상 가격 변동 56.2% (2026-03-02) — 스플릿/데이터 오류 가능
Warning:  ABAT: 비정상 가격 변동 60.4% (2024-12-23) — 스플릿/데이터 오류 가능
Warning:  ABTC: 비정상 가격 변동 173.1% (2025-05-12) — 스플릿/데이터 오류 가능
Warning:  ABVC: 비정상 가격 변동 137.4% (2021-11-01) — 스플릿/데이터 오류 가능
Warning:  ABVE: Close NaN 비율 64.2% (기준: 30%)
Warning:  ABVE: 비정상 가격 변동 324.7% (2025-07-10) — 스플릿/데이터 오류 가능
Warning:  ACET: 비정상 가격 변동 54.3% (2023-06-27) — 스플릿/데이터 오류 가능
Warning:  ACTU: Close NaN 비율 66.5% (기준: 30%)
Warning:  ACXP: 비정상 가격 변동 167.4% (2025-06-17) — 스플릿/데이터 오류 가능
Warning:  ADVB: Close NaN 비율 77.6% (기준: 30%)
Warning:  AEHR: 비정상 가격 변동 87.9% (2021-07-19) — 스플릿/데이터 오류 가능
Warning:  AGCC: Close NaN 비율 90.3% (기준: 30%)
Warning:  AGH: Close NaN 비율 76.4% (기준: 30%)
Warning:  AGH: 비정상 가격 변동 207.6% (2025-07-23) — 스플릿/데이터 오류 가능
Warning:  AGIG: 비정상 가격 변동 494.7% (2022-03-07) — 스플릿/데이터 오류 가능
Warning:  AGL: 비정상 가격 변동 51.5% (2025-08-05) — 스플릿/데이터 오류 가능
Warning:  AGPU: 비정상 가격 변동 119.8% (2026-04-01) — 스플릿/데이터 오류 가능
Warning:  AHMA: Close NaN 비율 90.2% (기준: 30%)
Warning:  AHMA: 비정상 가격 변동 198.1% (2025-12-01) — 스플릿/데이터 오류 가능
Warning:  AIRO: Close NaN 비율 83.1% (기준: 30%)
Warning:  AIRS: 비정상 가격 변동 51.6% (2026-03-16) — 스플릿/데이터 오류 가능
Warning:  AISP: 비정상 가격 변동 200.0% (2024-03-05) — 스플릿/데이터 오류 가능
Warning:  AISP: 거래량 0 연속 6일 (기준: 5일) — 상장폐지/거래정지 가능
Warning:  AKBA: 비정상 가격 변동 66.0% (2022-03-30) — 스플릿/데이터 오류 가능
Warning:  ALDX: 비정상 가격 변동 73.3% (2025-04-03) — 스플릿/데이터 오류 가능
Warning:  ALOY: 비정상 가격 변동 226.6% (2025-01-22) — 스플릿/데이터 오류 가능
Warning:  ALOY: 거래량 0 연속 6일 (기준: 5일) — 상장폐지/거래정지 가능
Warning:  ALT: 비정상 가격 변동 54.7% (2023-03-21) — 스플릿/데이터 오류 가능
Warning:  ALTO: 비정상 가격 변동 60.8% (2023-11-07) — 스플릿/데이터 오류 가능
Warning:  ALZN: 비정상 가격 변동 186.8% (2024-08-19) — 스플릿/데이터 오류 가능
Warning:  AMC: 비정상 가격 변동 95.2% (2021-06-02) — 스플릿/데이터 오류 가능
Warning:  AMLX: 비정상 가격 변동 82.3% (2024-03-08) — 스플릿/데이터 오류 가능
Warning:  AMPG: 비정상 가격 변동 94.6% (2024-12-11) — 스플릿/데이터 오류 가능
Warning:  ANGX: Close NaN 비율 88.0% (기준: 30%)
Warning:  ANL: Close NaN 비율 49.1% (기준: 30%)
Warning:  ANL: 비정상 가격 변동 88.2% (2026-01-29) — 스플릿/데이터 오류 가능
Warning:  ANNA: 비정상 가격 변동 86.5% (2026-03-20) — 스플릿/데이터 오류 가능
Warning:  ANNA: 거래량 0 연속 14일 (기준: 5일) — 상장폐지/거래정지 가능
Warning:  ANRO: Close NaN 비율 56.0% (기준: 30%)
Warning:  ANRO: 비정상 가격 변동 80.9% (2025-10-20) — 스플릿/데이터 오류 가능
Warning:  ANVS: 비정상 가격 변동 127.3% (2021-05-21) — 스플릿/데이터 오류 가능
Warning:  ANY: 비정상 가격 변동 62.6% (2023-12-05) — 스플릿/데이터 오류 가능
Warning:  APGE: Close NaN 비율 44.8% (기준: 30%)
Warning:  APLS: 비정상 가격 변동 135.4% (2026-03-31) — 스플릿/데이터 오류 가능
Warning:  APPS: 비정상 가격 변동 96.5% (2025-02-06) — 스플릿/데이터 오류 가능
Warning:  APRE: 비정상 가격 변동 1630.0% (2023-02-14) — 스플릿/데이터 오류 가능
Warning:  ARCT: 비정상 가격 변동 68.1% (2021-08-03) — 스플릿/데이터 오류 가능
Warning:  AREC: 비정상 가격 변동 83.5% (2025-04-16) — 스플릿/데이터 오류 가능
Warning:  ARQQ: 비정상 가격 변동 56.9% (2025-03-17) — 스플릿/데이터 오류 가능
Warning:  ARTL: 비정상 가격 변동 230.4% (2026-03-27) — 스플릿/데이터 오류 가능
Warning:  ARTV: Close NaN 비율 65.1% (기준: 30%)
Warning:  ARTV: 비정상 가격 변동 117.0% (2025-10-17) — 스플릿/데이터 오류 가능
Warning:  ARX: Close NaN 비율 85.3% (기준: 30%)
Warning:  ASPI: Close NaN 비율 31.5% (기준: 30%)
Warning:  ASPN: 비정상 가격 변동 56.7% (2024-05-02) — 스플릿/데이터 오류 가능
Warning:  ASST: Close NaN 비율 36.1% (기준: 30%)
Warning:  ASST: 비정상 가격 변동 455.7% (2025-05-07) — 스플릿/데이터 오류 가능
Warning:  ASTC: 비정상 가격 변동 96.2% (2026-03-30) — 스플릿/데이터 오류 가능
Warning:  ATLN: 비정상 가격 변동 185.2% (2023-02-07) — 스플릿/데이터 오류 가능
Warning:  ATLN: 거래량 0 연속 5일 (기준: 5일) — 상장폐지/거래정지 가능
Warning:  ATPC: Close NaN 비율 48.0% (기준: 30%)
Warning:  ATPC: 비정상 가격 변동 164.7% (2025-12-11) — 스플릿/데이터 오류 가능
Warning:  ATPC: 거래량 0 연속 10일 (기준: 5일) — 상장폐지/거래정지 가능
Warning:  ATXG: 비정상 가격 변동 8653.9% (2022-08-31) — 스플릿/데이터 오류 가능
Warning:  ATXG: 거래량 0 연속 346일 (기준: 5일) — 상장폐지/거래정지 가능
Warning:  AUGO: Close NaN 비율 84.8% (기준: 30%)
Warning:  AUID: 비정상 가격 변동 72.2% (2026-01-15) — 스플릿/데이터 오류 가능
Warning:  AVBP: Close NaN 비율 55.6% (기준: 30%)
Warning:  AVNS: 비정상 가격 변동 69.5% (2026-04-14) — 스플릿/데이터 오류 가능
Warning:  AXSM: 비정상 가격 변동 51.4% (2022-06-27) — 스플릿/데이터 오류 가능
Warning:  AXTI: 비정상 가격 변동 69.3% (2024-02-23) — 스플릿/데이터 오류 가능
Warning:  AZI: Close NaN 비율 67.4% (기준: 30%)
Warning:  AZI: 비정상 가격 변동 146.2% (2026-03-09) — 스플릿/데이터 오류 가능
Warning:  BAND: 비정상 가격 변동 51.8% (2024-02-28) — 스플릿/데이터 오류 가능
Warning:  BATL: 비정상 가격 변동 211.7% (2026-01-26) — 스플릿/데이터 오류 가능
Warning:  BBAI: 비정상 가격 변동 260.5% (2023-01-12) — 스플릿/데이터 오류 가능
Warning:  BBGI: 비정상 가격 변동 312.1% (2025-12-10) — 스플릿/데이터 오류 가능
Warning:  BBNX: Close NaN 비율 75.7% (기준: 30%)
Warning:  BCAX: Close NaN 비율 68.2% (기준: 30%)
Warning:  BCTX: 비정상 가격 변동 1494.6% (2025-01-29) — 스플릿/데이터 오류 가능
Warning:  BDMD: 비정상 가격 변동 623.8% (2024-12-31) — 스플릿/데이터 오류 가능
Warning:  BDMD: 거래량 0 연속 10일 (기준: 5일) — 상장폐지/거래정지 가능
Warning:  BDRX: 비정상 가격 변동 88.6% (2024-03-28) — 스플릿/데이터 오류 가능
Warning:  BDRX: 거래량 0 연속 121일 (기준: 5일) — 상장폐지/거래정지 가능
Warning:  BENF: 비정상 가격 변동 255.2% (2024-05-03) — 스플릿/데이터 오류 가능
Warning:  BENF: 거래량 0 연속 6일 (기준: 5일) — 상장폐지/거래정지 가능
Warning:  BETR: 비정상 가격 변동 223.0% (2023-07-25) — 스플릿/데이터 오류 가능
Warning:  BETR: 거래량 0 연속 5일 (기준: 5일) — 상장폐지/거래정지 가능
Warning:  BFLY: 비정상 가격 변동 50.6% (2026-02-26) — 스플릿/데이터 오류 가능
Warning:  BGL: Close NaN 비율 83.8% (기준: 30%)
Warning:  BGL: 비정상 가격 변동 210.8% (2025-06-27) — 스플릿/데이터 오류 가능
Warning:  BGMS: 비정상 가격 변동 272.5% (2025-07-15) — 스플릿/데이터 오류 가능
Warning:  BIAF: 비정상 가격 변동 319.2% (2025-04-01) — 스플릿/데이터 오류 가능
Warning:  BKKT: 비정상 가격 변동 234.4% (2021-10-25) — 스플릿/데이터 오류 가능
Warning:  BKSY: 비정상 가격 변동 97.5% (2022-05-25) — 스플릿/데이터 오류 가능
Warning:  BMNR: Close NaN 비율 82.6% (기준: 30%)
Warning:  BMNR: 비정상 가격 변동 694.8% (2025-06-30) — 스플릿/데이터 오류 가능
Warning:  BNC: 비정상 가격 변동 548.8% (2025-07-28) — 스플릿/데이터 오류 가능
Warning:  BOXL: 비정상 가격 변동 265.2% (2025-01-06) — 스플릿/데이터 오류 가능
Warning:  BRR: Close NaN 비율 82.8% (기준: 30%)
Warning:  BTAI: 비정상 가격 변동 85.4% (2025-08-04) — 스플릿/데이터 오류 가능
Warning:  BTBT: 비정상 가격 변동 109.7% (2021-07-26) — 스플릿/데이터 오류 가능
Warning:  BTCS: 비정상 가격 변동 111.1% (2025-07-08) — 스플릿/데이터 오류 가능
Warning:  BTCT: 비정상 가격 변동 316.7% (2024-11-12) — 스플릿/데이터 오류 가능
Warning:  BTDR: 비정상 가격 변동 50.9% (2023-06-16) — 스플릿/데이터 오류 가능
Warning:  BTDR: 거래량 0 연속 5일 (기준: 5일) — 상장폐지/거래정지 가능
Warning:  BTM: 비정상 가격 변동 54.0% (2024-11-11) — 스플릿/데이터 오류 가능
Warning:  BTM: 거래량 0 연속 7일 (기준: 5일) — 상장폐지/거래정지 가능
Warning:  BTMD: 거래량 0 연속 5일 (기준: 5일) — 상장폐지/거래정지 가능
Warning:  BTOG: 비정상 가격 변동 121.4% (2025-03-07) — 스플릿/데이터 오류 가능
Warning:  BTQ: Close NaN 비율 88.9% (기준: 30%)
Warning:  BTQ: 비정상 가격 변동 51.5% (2025-10-07) — 스플릿/데이터 오류 가능
Warning:  BULL: 비정상 가격 변동 374.7% (2025-04-14) — 스플릿/데이터 오류 가능
Warning:  BULL: 거래량 0 연속 7일 (기준: 5일) — 상장폐지/거래정지 가능
Warning:  BUR: 비정상 가격 변동 53.2% (2023-03-31) — 스플릿/데이터 오류 가능
Warning:  BVS: 비정상 가격 변동 57.5% (2022-11-08) — 스플릿/데이터 오류 가능
Warning:  BW: 비정상 가격 변동 66.9% (2025-06-05) — 스플릿/데이터 오류 가능
Warning:  BWLP: 거래량 0 연속 12일 (기준: 5일) — 상장폐지/거래정지 가능
Warning:  BZAI: 비정상 가격 변동 58.7% (2025-07-18) — 스플릿/데이터 오류 가능
Warning:  BZAI: 거래량 0 연속 5일 (기준: 5일) — 상장폐지/거래정지 가능
Warning:  CAPR: 비정상 가격 변동 371.1% (2025-12-03) — 스플릿/데이터 오류 가능
Warning:  CAR: 비정상 가격 변동 108.3% (2021-11-02) — 스플릿/데이터 오류 가능
Warning:  CBUS: 비정상 가격 변동 89.8% (2023-01-17) — 스플릿/데이터 오류 가능
Warning:  CD: 비정상 가격 변동 81.4% (2024-11-11) — 스플릿/데이터 오류 가능
Warning:  CDIO: 비정상 가격 변동 158.4% (2023-02-28) — 스플릿/데이터 오류 가능
Warning:  CDIO: 거래량 0 연속 8일 (기준: 5일) — 상장폐지/거래정지 가능
Warning:  CDLX: 비정상 가격 변동 92.7% (2025-09-18) — 스플릿/데이터 오류 가능
Warning:  CDT: 비정상 가격 변동 83.9% (2025-02-07) — 스플릿/데이터 오류 가능
Warning:  CDT: 거래량 0 연속 151일 (기준: 5일) — 상장폐지/거래정지 가능
Warning:  CELC: 비정상 가격 변동 167.2% (2025-07-28) — 스플릿/데이터 오류 가능
Warning:  CETX: 비정상 가격 변동 129.6% (2025-12-08) — 스플릿/데이터 오류 가능
Warning:  CETX: 거래량 0 연속 65일 (기준: 5일) — 상장폐지/거래정지 가능
Warning:  CGEN: 비정상 가격 변동 174.0% (2023-12-19) — 스플릿/데이터 오류 가능
Warning:  CGTL: Close NaN 비율 72.4% (기준: 30%)
Warning:  CGTL: 비정상 가격 변동 118.1% (2026-01-08) — 스플릿/데이터 오류 가능
Warning:  CGTX: 비정상 가격 변동 62.2% (2022-08-04) — 스플릿/데이터 오류 가능
Warning:  CHA: Close NaN 비율 80.0% (기준: 30%)
Warning:  CHAI: 비정상 가격 변동 101.2% (2025-05-20) — 스플릿/데이터 오류 가능
Warning:  CHAI: 거래량 0 연속 88일 (기준: 5일) — 상장폐지/거래정지 가능
Warning:  CHSN: Close NaN 비율 39.1% (기준: 30%)
Warning:  CHSN: 비정상 가격 변동 387.2% (2024-10-04) — 스플릿/데이터 오류 가능
Warning:  CHSN: 거래량 0 연속 10일 (기준: 5일) — 상장폐지/거래정지 가능
Warning:  CIIT: 비정상 가격 변동 132.3% (2021-11-15) — 스플릿/데이터 오류 가능
Warning:  CIIT: 거래량 0 연속 30일 (기준: 5일) — 상장폐지/거래정지 가능
Warning:  CING: 비정상 가격 변동 268.5% (2024-08-16) — 스플릿/데이터 오류 가능
Warning:  CJMB: Close NaN 비율 76.0% (기준: 30%)
Warning:  CJMB: 비정상 가격 변동 275.0% (2026-01-15) — 스플릿/데이터 오류 가능
Warning:  CLIK: Close NaN 비율 69.7% (기준: 30%)
Warning:  CLIK: 비정상 가격 변동 153.6% (2025-05-15) — 스플릿/데이터 오류 가능
Warning:  CLPT: 비정상 가격 변동 58.6% (2025-09-24) — 스플릿/데이터 오류 가능
Warning:  CLYM: 비정상 가격 변동 71.5% (2024-04-11) — 스플릿/데이터 오류 가능
Warning:  CMCT: 비정상 가격 변동 88.2% (2025-11-12) — 스플릿/데이터 오류 가능
Warning:  CMCT: 거래량 0 연속 53일 (기준: 5일) — 상장폐지/거래정지 가능
Warning:  CNCK: 비정상 가격 변동 143.2% (2025-12-01) — 스플릿/데이터 오류 가능
Warning:  CNCK: 거래량 0 연속 13일 (기준: 5일) — 상장폐지/거래정지 가능
Warning:  CNTN: 비정상 가격 변동 206.8% (2025-08-20) — 스플릿/데이터 오류 가능
Warning:  CNVS: 비정상 가격 변동 51.6% (2024-02-14) — 스플릿/데이터 오류 가능
Warning:  CODX: 비정상 가격 변동 259.0% (2025-10-27) — 스플릿/데이터 오류 가능
Warning:  CRCL: Close NaN 비율 82.6% (기준: 30%)
Warning:  CRDF: 비정상 가격 변동 64.4% (2024-03-01) — 스플릿/데이터 오류 가능
Warning:  CRMD: 비정상 가격 변동 57.4% (2022-08-09) — 스플릿/데이터 오류 가능
Warning:  CRML: 비정상 가격 변동 120.6% (2024-02-27) — 스플릿/데이터 오류 가능
Warning:  CRML: 거래량 0 연속 10일 (기준: 5일) — 상장폐지/거래정지 가능
Warning:  CTEV: 비정상 가격 변동 94.9% (2024-12-24) — 스플릿/데이터 오류 가능
Warning:  CTRI: Close NaN 비율 60.2% (기준: 30%)
Warning:  CV: Close NaN 비율 84.1% (기준: 30%)
Warning:  CWD: Close NaN 비율 41.8% (기준: 30%)
Warning:  CWD: 비정상 가격 변동 323.7% (2025-09-09) — 스플릿/데이터 오류 가능
Warning:  CYCN: 비정상 가격 변동 311.6% (2026-04-01) — 스플릿/데이터 오류 가능
Warning:  CYCU: Close NaN 비율 76.7% (기준: 30%)
Warning:  CYCU: 비정상 가격 변동 68.7% (2025-09-25) — 스플릿/데이터 오류 가능
Warning:  CYN: 비정상 가격 변동 208.3% (2025-02-10) — 스플릿/데이터 오류 가능
Warning:  DBD: Close NaN 비율 46.5% (기준: 30%)
Warning:  DBGI: 비정상 가격 변동 150.0% (2025-02-14) — 스플릿/데이터 오류 가능
Warning:  DBGI: 거래량 0 연속 10일 (기준: 5일) — 상장폐지/거래정지 가능
Warning:  DFDV: Close NaN 비율 45.4% (기준: 30%)
Warning:  DFDV: 비정상 가격 변동 842.5% (2025-04-07) — 스플릿/데이터 오류 가능
Warning:  DFLI: 비정상 가격 변동 102.6% (2022-10-05) — 스플릿/데이터 오류 가능
Warning:  DFLI: 거래량 0 연속 8일 (기준: 5일) — 상장폐지/거래정지 가능
Warning:  DFTX: 비정상 가격 변동 65.3% (2021-04-23) — 스플릿/데이터 오류 가능
Warning:  DJT: 비정상 가격 변동 356.8% (2021-10-21) — 스플릿/데이터 오류 가능
Warning:  DNTH: 비정상 가격 변동 53.6% (2023-02-03) — 스플릿/데이터 오류 가능
Warning:  DOMH: 비정상 가격 변동 91.3% (2025-02-10) — 스플릿/데이터 오류 가능
Warning:  DPRO: 비정상 가격 변동 52.8% (2024-02-22) — 스플릿/데이터 오류 가능
Warning:  DRMA: 비정상 가격 변동 105.4% (2024-07-24) — 스플릿/데이터 오류 가능
Warning:  DSGN: 비정상 가격 변동 70.5% (2023-08-15) — 스플릿/데이터 오류 가능
Warning:  DTCX: 비정상 가격 변동 69.3% (2023-05-12) — 스플릿/데이터 오류 가능
Warning:  DTCX: 거래량 0 연속 116일 (기준: 5일) — 상장폐지/거래정지 가능
Warning:  DTSS: 비정상 가격 변동 510.9% (2024-02-14) — 스플릿/데이터 오류 가능
Warning:  DWTX: 비정상 가격 변동 376.8% (2025-01-23) — 스플릿/데이터 오류 가능
Warning:  DXST: Close NaN 비율 75.2% (기준: 30%)
Warning:  DXST: 비정상 가격 변동 153.1% (2026-03-04) — 스플릿/데이터 오류 가능
Warning:  ECX: 비정상 가격 변동 95.9% (2023-02-22) — 스플릿/데이터 오류 가능
Warning:  EEIQ: 비정상 가격 변동 209.2% (2026-03-26) — 스플릿/데이터 오류 가능
Warning:  EFOI: 비정상 가격 변동 210.5% (2026-04-17) — 스플릿/데이터 오류 가능
Warning:  ELAB: Close NaN 비율 52.1% (기준: 30%)
Warning:  ELAB: 비정상 가격 변동 133.7% (2026-04-01) — 스플릿/데이터 오류 가능
Warning:  ELAB: 거래량 0 연속 17일 (기준: 5일) — 상장폐지/거래정지 가능
Warning:  ELPC: Close NaN 비율 54.1% (기준: 30%)
Warning:  ELPW: Close NaN 비율 40.8% (기준: 30%)
Warning:  ELPW: 비정상 가격 변동 3141.9% (2026-01-30) — 스플릿/데이터 오류 가능
Warning:  ELPW: 거래량 0 연속 16일 (기준: 5일) — 상장폐지/거래정지 가능
Warning:  ELTX: 비정상 가격 변동 81.5% (2023-06-02) — 스플릿/데이터 오류 가능
Warning:  ELVN: 비정상 가격 변동 71.8% (2022-09-07) — 스플릿/데이터 오류 가능
Warning:  EMPD: 비정상 가격 변동 134.3% (2025-07-17) — 스플릿/데이터 오류 가능
Warning:  EMPD: 거래량 0 연속 156일 (기준: 5일) — 상장폐지/거래정지 가능
Warning:  ENGS: Close NaN 비율 79.1% (기준: 30%)
Warning:  ENGS: 비정상 가격 변동 67.6% (2025-11-06) — 스플릿/데이터 오류 가능
Warning:  ENVB: 비정상 가격 변동 136.2% (2023-05-18) — 스플릿/데이터 오류 가능
Warning:  ESPR: 비정상 가격 변동 54.3% (2023-03-16) — 스플릿/데이터 오류 가능
Warning:  ETOR: Close NaN 비율 81.4% (기준: 30%)
Warning:  EVGO: 비정상 가격 변동 60.8% (2024-10-03) — 스플릿/데이터 오류 가능
Warning:  EVTL: 비정상 가격 변동 72.4% (2022-07-15) — 스플릿/데이터 오류 가능
Warning:  EVTV: 비정상 가격 변동 442.1% (2026-01-12) — 스플릿/데이터 오류 가능
Warning:  EWTX: 비정상 가격 변동 54.7% (2024-09-19) — 스플릿/데이터 오류 가능
Warning:  FATN: Close NaN 비율 79.5% (기준: 30%)
Warning:  FBLG: Close NaN 비율 55.8% (기준: 30%)
Warning:  FBLG: 비정상 가격 변동 88.4% (2024-02-13) — 스플릿/데이터 오류 가능
Warning:  FCUV: 비정상 가격 변동 278.0% (2021-09-01) — 스플릿/데이터 오류 가능
Warning:  FCUV: 거래량 0 연속 52일 (기준: 5일) — 상장폐지/거래정지 가능
Warning:  FEAM: 비정상 가격 변동 51.5% (2024-12-30) — 스플릿/데이터 오류 가능
Warning:  FEED: 비정상 가격 변동 248.0% (2021-07-23) — 스플릿/데이터 오류 가능
Warning:  FGL: Close NaN 비율 70.5% (기준: 30%)
Warning:  FGL: 비정상 가격 변동 56.0% (2026-02-10) — 스플릿/데이터 오류 가능
Warning:  FIG: Close NaN 비율 85.7% (기준: 30%)
Warning:  FIGR: Close NaN 비율 88.0% (기준: 30%)
Warning:  FLD: 거래량 0 연속 5일 (기준: 5일) — 상장폐지/거래정지 가능
Warning:  FLNA: 비정상 가격 변동 83.8% (2024-11-25) — 스플릿/데이터 오류 가능
Warning:  FLUX: 비정상 가격 변동 52.2% (2025-09-16) — 스플릿/데이터 오류 가능
Warning:  FLYX: Close NaN 비율 54.1% (기준: 30%)
Warning:  FLYX: 비정상 가격 변동 130.3% (2026-01-08) — 스플릿/데이터 오류 가능
Warning:  FMST: Close NaN 비율 44.3% (기준: 30%)
Warning:  FMST: 비정상 가격 변동 51.1% (2025-05-12) — 스플릿/데이터 오류 가능
Warning:  FNGR: 비정상 가격 변동 92.9% (2022-10-03) — 스플릿/데이터 오류 가능
Warning:  FNUC: 비정상 가격 변동 348.1% (2024-12-18) — 스플릿/데이터 오류 가능
Warning:  FOSL: 비정상 가격 변동 61.0% (2024-12-02) — 스플릿/데이터 오류 가능
Warning:  FRMI: Close NaN 비율 89.1% (기준: 30%)
Warning:  FRMM: 비정상 가격 변동 325.7% (2024-10-16) — 스플릿/데이터 오류 가능
Warning:  FTCI: 비정상 가격 변동 104.0% (2024-09-11) — 스플릿/데이터 오류 가능
Warning:  FUBO: 비정상 가격 변동 251.4% (2025-01-06) — 스플릿/데이터 오류 가능
Warning:  FUSE: 비정상 가격 변동 117.0% (2025-08-19) — 스플릿/데이터 오류 가능
Warning:  FUSE: 거래량 0 연속 37일 (기준: 5일) — 상장폐지/거래정지 가능
Warning:  FWDI: 비정상 가격 변동 58.7% (2025-09-08) — 스플릿/데이터 오류 가능
Warning:  GALT: 비정상 가격 변동 60.4% (2025-06-17) — 스플릿/데이터 오류 가능
Warning:  GAMB: 비정상 가격 변동 66.9% (2021-08-27) — 스플릿/데이터 오류 가능
Warning:  GCT: 비정상 가격 변동 206.0% (2022-08-19) — 스플릿/데이터 오류 가능
Warning:  GEMI: Close NaN 비율 88.1% (기준: 30%)
Warning:  GEOS: 비정상 가격 변동 60.1% (2025-06-23) — 스플릿/데이터 오류 가능
Warning:  GEV: Close NaN 비율 58.9% (기준: 30%)
Warning:  GNLN: 비정상 가격 변동 365.4% (2024-08-12) — 스플릿/데이터 오류 가능
Warning:  GNLN: 거래량 0 연속 237일 (기준: 5일) — 상장폐지/거래정지 가능
Warning:  GNLX: Close NaN 비율 35.6% (기준: 30%)
Warning:  GNLX: 비정상 가격 변동 60.4% (2023-03-06) — 스플릿/데이터 오류 가능
Warning:  GNPX: 비정상 가격 변동 265.6% (2024-10-21) — 스플릿/데이터 오류 가능
Warning:  GOTU: 비정상 가격 변동 63.3% (2021-07-23) — 스플릿/데이터 오류 가능
Warning:  GRAL: Close NaN 비율 63.1% (기준: 30%)
Warning:  GRAL: 비정상 가격 변동 50.5% (2026-02-20) — 스플릿/데이터 오류 가능
Warning:  GRI: 비정상 가격 변동 127.6% (2024-10-21) — 스플릿/데이터 오류 가능
Warning:  GRI: 거래량 0 연속 58일 (기준: 5일) — 상장폐지/거래정지 가능
Warning:  GSAT: 비정상 가격 변동 64.3% (2021-08-30) — 스플릿/데이터 오류 가능
Warning:  GSIT: 비정상 가격 변동 210.4% (2023-05-12) — 스플릿/데이터 오류 가능
Warning:  GVH: Close NaN 비율 51.4% (기준: 30%)
Warning:  GVH: 비정상 가격 변동 74.2% (2025-06-26) — 스플릿/데이터 오류 가능
Warning:  GWH: 비정상 가격 변동 141.9% (2025-10-10) — 스플릿/데이터 오류 가능
Warning:  GXAI: Close NaN 비율 36.7% (기준: 30%)
Warning:  GXAI: 비정상 가격 변동 177.3% (2024-02-16) — 스플릿/데이터 오류 가능
Warning:  HAFN: Close NaN 비율 59.6% (기준: 30%)
Warning:  HCAI: Close NaN 비율 76.0% (기준: 30%)
Warning:  HCAI: 비정상 가격 변동 142.2% (2026-04-07) — 스플릿/데이터 오류 가능
Warning:  HCTI: 비정상 가격 변동 233.3% (2025-06-12) — 스플릿/데이터 오류 가능
Warning:  HCTI: 거래량 0 연속 32일 (기준: 5일) — 상장폐지/거래정지 가능
Warning:  HERE: Close NaN 비율 35.5% (기준: 30%)
Warning:  HERE: 비정상 가격 변동 130.3% (2023-05-24) — 스플릿/데이터 오류 가능
Warning:  HIT: Close NaN 비율 73.8% (기준: 30%)
Warning:  HIT: 비정상 가격 변동 82.3% (2025-03-12) — 스플릿/데이터 오류 가능
Warning:  HKIT: Close NaN 비율 39.2% (기준: 30%)
Warning:  HKIT: 비정상 가격 변동 218.4% (2024-02-08) — 스플릿/데이터 오류 가능
Warning:  HOLO: 비정상 가격 변동 1092.1% (2024-02-07) — 스플릿/데이터 오류 가능
Warning:  HOLO: 거래량 0 연속 24일 (기준: 5일) — 상장폐지/거래정지 가능
Warning:  HOVR: Close NaN 비율 39.3% (기준: 30%)
Warning:  HOVR: 비정상 가격 변동 75.6% (2024-03-06) — 스플릿/데이터 오류 가능
Warning:  HOVR: 거래량 0 연속 7일 (기준: 5일) — 상장폐지/거래정지 가능
Warning:  HPAI: Close NaN 비율 66.0% (기준: 30%)
Warning:  HRTX: 비정상 가격 변동 59.3% (2023-11-15) — 스플릿/데이터 오류 가능
Warning:  HSDT: 비정상 가격 변동 145.3% (2022-08-03) — 스플릿/데이터 오류 가능
Warning:  HSDT: 거래량 0 연속 18일 (기준: 5일) — 상장폐지/거래정지 가능
Warning:  HSHP: Close NaN 비율 39.2% (기준: 30%)
Warning:  HTCO: 비정상 가격 변동 72.2% (2025-05-14) — 스플릿/데이터 오류 가능
Warning:  HTCO: 거래량 0 연속 13일 (기준: 5일) — 상장폐지/거래정지 가능
Warning:  HUBC: Close NaN 비율 38.8% (기준: 30%)
Warning:  HUBC: 비정상 가격 변동 186.0% (2023-10-09) — 스플릿/데이터 오류 가능
Warning:  HUIZ: 비정상 가격 변동 124.4% (2024-12-09) — 스플릿/데이터 오류 가능
Warning:  HWH: 비정상 가격 변동 227.8% (2025-09-02) — 스플릿/데이터 오류 가능
Warning:  HWH: 거래량 0 연속 14일 (기준: 5일) — 상장폐지/거래정지 가능
Warning:  HYFT: 비정상 가격 변동 136.5% (2021-07-22) — 스플릿/데이터 오류 가능
Warning:  HYPD: 비정상 가격 변동 134.7% (2025-06-17) — 스플릿/데이터 오류 가능
Warning:  IBG: Close NaN 비율 68.9% (기준: 30%)
Warning:  IBG: 비정상 가격 변동 153.5% (2025-04-02) — 스플릿/데이터 오류 가능
Warning:  ICON: Close NaN 비율 64.7% (기준: 30%)
Warning:  ICON: 비정상 가격 변동 63.1% (2025-06-13) — 스플릿/데이터 오류 가능
Warning:  ICU: 비정상 가격 변동 70.2% (2023-10-18) — 스플릿/데이터 오류 가능
Warning:  ICU: 거래량 0 연속 5일 (기준: 5일) — 상장폐지/거래정지 가능
Warning:  IDN: 비정상 가격 변동 74.9% (2024-03-22) — 스플릿/데이터 오류 가능
Warning:  IMA: 비정상 가격 변동 67.8% (2023-11-09) — 스플릿/데이터 오류 가능
Warning:  IMDX: 비정상 가격 변동 51.5% (2023-03-16) — 스플릿/데이터 오류 가능
Warning:  IMNN: 비정상 가격 변동 179.0% (2024-07-30) — 스플릿/데이터 오류 가능
Warning:  IMSR: Close NaN 비율 69.7% (기준: 30%)
Warning:  IMVT: 비정상 가격 변동 97.0% (2023-09-26) — 스플릿/데이터 오류 가능
Warning:  INDO: 비정상 가격 변동 110.4% (2022-01-27) — 스플릿/데이터 오류 가능
Warning:  INGM: Close NaN 비율 70.5% (기준: 30%)
Warning:  INMB: 비정상 가격 변동 56.7% (2025-06-30) — 스플릿/데이터 오류 가능
Warning:  IOTR: Close NaN 비율 79.6% (기준: 30%)
Warning:  IOTR: 비정상 가격 변동 74.1% (2026-01-22) — 스플릿/데이터 오류 가능
Warning:  IPW: 비정상 가격 변동 97.9% (2024-05-17) — 스플릿/데이터 오류 가능
Warning:  IQST: 비정상 가격 변동 65.2% (2023-07-05) — 스플릿/데이터 오류 가능
Warning:  IXHL: 비정상 가격 변동 723.5% (2025-05-14) — 스플릿/데이터 오류 가능
Warning:  JANX: 비정상 가격 변동 229.5% (2024-02-27) — 스플릿/데이터 오류 가능
Warning:  JBIO: 비정상 가격 변동 93.3% (2024-06-17) — 스플릿/데이터 오류 가능
Warning:  JDZG: Close NaN 비율 61.6% (기준: 30%)
Warning:  JDZG: 비정상 가격 변동 136.1% (2024-10-17) — 스플릿/데이터 오류 가능
Warning:  JEM: Close NaN 비율 82.8% (기준: 30%)
Warning:  JEM: 비정상 가격 변동 130.5% (2025-09-09) — 스플릿/데이터 오류 가능
Warning:  JFB: Close NaN 비율 77.6% (기준: 30%)
Warning:  JFB: 비정상 가격 변동 85.4% (2025-09-29) — 스플릿/데이터 오류 가능
Warning:  JSPR: 비정상 가격 변동 467.3% (2023-01-03) — 스플릿/데이터 오류 가능
Warning:  JTAI: 비정상 가격 변동 150.0% (2025-02-19) — 스플릿/데이터 오류 가능
Warning:  JTAI: 거래량 0 연속 100일 (기준: 5일) — 상장폐지/거래정지 가능
Warning:  KALV: 비정상 가격 변동 58.9% (2022-10-04) — 스플릿/데이터 오류 가능
Warning:  KC: 비정상 가격 변동 72.3% (2022-03-16) — 스플릿/데이터 오류 가능
Warning:  KD: 비정상 가격 변동 54.9% (2026-02-09) — 스플릿/데이터 오류 가능
Warning:  KIDZ: Close NaN 비율 79.4% (기준: 30%)
Warning:  KIDZ: 비정상 가격 변동 366.1% (2025-05-01) — 스플릿/데이터 오류 가능
Warning:  KLAR: Close NaN 비율 88.0% (기준: 30%)
Warning:  KLC: Close NaN 비율 69.7% (기준: 30%)
Warning:  KOD: 비정상 가격 변동 80.4% (2022-02-23) — 스플릿/데이터 오류 가능
Warning:  KODK: 비정상 가격 변동 52.6% (2024-02-29) — 스플릿/데이터 오류 가능
Warning:  KRRO: 비정상 가격 변동 93.7% (2024-10-16) — 스플릿/데이터 오류 가능
Warning:  KSCP: 비정상 가격 변동 175.6% (2022-01-28) — 스플릿/데이터 오류 가능
Warning:  KULR: 비정상 가격 변동 75.6% (2024-11-25) — 스플릿/데이터 오류 가능
Warning:  KVYO: Close NaN 비율 48.6% (기준: 30%)
Warning:  LAC: Close NaN 비율 49.2% (기준: 30%)
Warning:  LAC: 비정상 가격 변동 95.8% (2025-09-24) — 스플릿/데이터 오류 가능
Warning:  LAES: Close NaN 비율 42.0% (기준: 30%)
Warning:  LAES: 비정상 가격 변동 102.3% (2023-05-24) — 스플릿/데이터 오류 가능
Warning:  LASE: 비정상 가격 변동 83.6% (2024-10-08) — 스플릿/데이터 오류 가능
Warning:  LAW: 비정상 가격 변동 53.6% (2022-08-12) — 스플릿/데이터 오류 가능
Warning:  LBGJ: Close NaN 비율 70.5% (기준: 30%)
Warning:  LBGJ: 비정상 가격 변동 83.8% (2026-02-27) — 스플릿/데이터 오류 가능
Warning:  LBRX: Close NaN 비율 88.0% (기준: 30%)
Warning:  LGCB: Close NaN 비율 53.6% (기준: 30%)
Warning:  LGCB: 비정상 가격 변동 57.7% (2024-09-20) — 스플릿/데이터 오류 가능
Warning:  LGN: Close NaN 비율 88.1% (기준: 30%)
Warning:  LIDR: 비정상 가격 변동 158.4% (2025-07-24) — 스플릿/데이터 오류 가능
Warning:  LIF: Close NaN 비율 62.8% (기준: 30%)
Warning:  LITS: 비정상 가격 변동 65.2% (2022-03-25) — 스플릿/데이터 오류 가능
Warning:  LNKS: Close NaN 비율 72.9% (기준: 30%)
Warning:  LNKS: 비정상 가격 변동 86.1% (2026-03-23) — 스플릿/데이터 오류 가능
Warning:  LPCN: 비정상 가격 변동 77.8% (2026-04-02) — 스플릿/데이터 오류 가능
Warning:  LPSN: 비정상 가격 변동 57.7% (2023-03-16) — 스플릿/데이터 오류 가능
Warning:  LRHC: Close NaN 비율 49.7% (기준: 30%)
Warning:  LRHC: 비정상 가격 변동 130.6% (2024-10-23) — 스플릿/데이터 오류 가능
Warning:  LRHC: 거래량 0 연속 12일 (기준: 5일) — 상장폐지/거래정지 가능
Warning:  LTBR: 비정상 가격 변동 57.5% (2024-10-18) — 스플릿/데이터 오류 가능
Warning:  LUD: Close NaN 비율 77.2% (기준: 30%)
Warning:  LUD: 비정상 가격 변동 62.6% (2025-09-02) — 스플릿/데이터 오류 가능
Warning:  LUNG: 비정상 가격 변동 60.9% (2022-11-04) — 스플릿/데이터 오류 가능
Warning:  LUNR: 비정상 가격 변동 251.4% (2023-02-16) — 스플릿/데이터 오류 가능
Warning:  LUNR: 거래량 0 연속 12일 (기준: 5일) — 상장폐지/거래정지 가능
Warning:  LVWR: 비정상 가격 변동 153.5% (2025-05-27) — 스플릿/데이터 오류 가능
Warning:  LXEH: 비정상 가격 변동 85.7% (2024-03-21) — 스플릿/데이터 오류 가능
Warning:  LXEH: 거래량 0 연속 13일 (기준: 5일) — 상장폐지/거래정지 가능
Warning:  LXRX: 비정상 가격 변동 62.9% (2025-03-28) — 스플릿/데이터 오류 가능
Warning:  MAMO: Close NaN 비율 59.2% (기준: 30%)
Warning:  MAMO: 비정상 가격 변동 59.5% (2026-02-03) — 스플릿/데이터 오류 가능
Warning:  MASK: Close NaN 비율 74.6% (기준: 30%)
Warning:  MASK: 비정상 가격 변동 83.1% (2026-03-31) — 스플릿/데이터 오류 가능
Warning:  MAXN: 비정상 가격 변동 67.2% (2024-07-02) — 스플릿/데이터 오류 가능
Warning:  MBLY: Close NaN 비율 30.7% (기준: 30%)
Warning:  MCHPP: Close NaN 비율 78.5% (기준: 30%)
Warning:  MDXG: 비정상 가격 변동 59.6% (2021-09-13) — 스플릿/데이터 오류 가능
Warning:  MDXH: 비정상 가격 변동 834.3% (2023-11-28) — 스플릿/데이터 오류 가능
Warning:  MENS: Close NaN 비율 83.3% (기준: 30%)
Warning:  MENS: 비정상 가격 변동 81.0% (2025-12-17) — 스플릿/데이터 오류 가능
Warning:  MGRT: Close NaN 비율 84.8% (기준: 30%)
Warning:  MGRT: 비정상 가격 변동 143.9% (2025-12-17) — 스플릿/데이터 오류 가능
Warning:  MGX: Close NaN 비율 56.4% (기준: 30%)
Warning:  MGX: 비정상 가격 변동 125.4% (2024-12-09) — 스플릿/데이터 오류 가능
Warning:  MIGI: 비정상 가격 변동 94.1% (2024-12-05) — 스플릿/데이터 오류 가능
Warning:  MLEC: 비정상 가격 변동 251.3% (2023-01-06) — 스플릿/데이터 오류 가능
Warning:  MLEC: 거래량 0 연속 8일 (기준: 5일) — 상장폐지/거래정지 가능
Warning:  MLGO: 비정상 가격 변동 669.9% (2024-06-04) — 스플릿/데이터 오류 가능
Warning:  MLGO: 거래량 0 연속 5일 (기준: 5일) — 상장폐지/거래정지 가능
Warning:  MLTX: 비정상 가격 변동 89.9% (2025-09-29) — 스플릿/데이터 오류 가능
Warning:  MLTX: 거래량 0 연속 5일 (기준: 5일) — 상장폐지/거래정지 가능
Warning:  MNTN: Close NaN 비율 81.9% (기준: 30%)
Warning:  MNTS: 비정상 가격 변동 155.4% (2024-10-09) — 스플릿/데이터 오류 가능
Warning:  MOB: 비정상 가격 변동 88.0% (2023-07-10) — 스플릿/데이터 오류 가능
Warning:  MOBX: 비정상 가격 변동 532.8% (2026-03-03) — 스플릿/데이터 오류 가능
Warning:  MOBX: 거래량 0 연속 12일 (기준: 5일) — 상장폐지/거래정지 가능
Warning:  MOVE: 비정상 가격 변동 149.7% (2025-11-10) — 스플릿/데이터 오류 가능
Warning:  MTEK: 비정상 가격 변동 50.6% (2025-09-29) — 스플릿/데이터 오류 가능
Warning:  MTVA: 비정상 가격 변동 115.5% (2025-09-15) — 스플릿/데이터 오류 가능
Warning:  MVST: 비정상 가격 변동 339.2% (2024-11-13) — 스플릿/데이터 오류 가능
Warning:  MYSE: 비정상 가격 변동 355.6% (2025-01-07) — 스플릿/데이터 오류 가능
Warning:  NAGE: 비정상 가격 변동 67.9% (2024-11-01) — 스플릿/데이터 오류 가능
Warning:  NAMM: Close NaN 비율 82.7% (기준: 30%)
Warning:  NAMM: 비정상 가격 변동 130.6% (2026-01-21) — 스플릿/데이터 오류 가능
Warning:  NCT: Close NaN 비율 78.9% (기준: 30%)
Warning:  NDLS: 비정상 가격 변동 55.6% (2026-03-26) — 스플릿/데이터 오류 가능
Warning:  NEON: 비정상 가격 변동 71.4% (2025-09-04) — 스플릿/데이터 오류 가능
Warning:  NEXR: 비정상 가격 변동 1360.0% (2024-11-20) — 스플릿/데이터 오류 가능
Warning:  NKLR: Close NaN 비율 89.3% (기준: 30%)
Warning:  NKTR: 비정상 가격 변동 156.3% (2025-06-24) — 스플릿/데이터 오류 가능
Warning:  NKTX: 비정상 가격 변동 140.9% (2022-04-25) — 스플릿/데이터 오류 가능
Warning:  NLOP: Close NaN 비율 50.7% (기준: 30%)
Warning:  NMAX: Close NaN 비율 79.0% (기준: 30%)
Warning:  NMAX: 비정상 가격 변동 179.0% (2025-04-01) — 스플릿/데이터 오류 가능
Warning:  NMG: 비정상 가격 변동 51.8% (2025-10-13) — 스플릿/데이터 오류 가능
Warning:  NNE: Close NaN 비율 61.2% (기준: 30%)
Warning:  NNOX: 비정상 가격 변동 68.4% (2023-05-01) — 스플릿/데이터 오류 가능
Warning:  NPB: Close NaN 비율 76.7% (기준: 30%)
Warning:  NPT: Close NaN 비율 90.3% (기준: 30%)
Warning:  NPT: 비정상 가격 변동 81.6% (2026-03-03) — 스플릿/데이터 오류 가능
Warning:  NTSK: Close NaN 비율 88.4% (기준: 30%)
Warning:  NVA: Close NaN 비율 65.4% (기준: 30%)
Warning:  NVA: 비정상 가격 변동 110.3% (2025-10-14) — 스플릿/데이터 오류 가능
Warning:  NVA: 거래량 0 연속 6일 (기준: 5일) — 상장폐지/거래정지 가능
Warning:  NVNI: 비정상 가격 변동 317.2% (2024-12-19) — 스플릿/데이터 오류 가능
Warning:  NVNI: 거래량 0 연속 15일 (기준: 5일) — 상장폐지/거래정지 가능
Warning:  NXTT: 비정상 가격 변동 661.3% (2025-05-09) — 스플릿/데이터 오류 가능
Warning:  OCC: 비정상 가격 변동 58.1% (2024-12-23) — 스플릿/데이터 오류 가능
Warning:  ODD: Close NaN 비율 45.1% (기준: 30%)
Warning:  OKLO: 비정상 가격 변동 53.6% (2024-05-10) — 스플릿/데이터 오류 가능
Warning:  OKUR: 비정상 가격 변동 82.7% (2023-12-14) — 스플릿/데이터 오류 가능
Warning:  OLMA: 비정상 가격 변동 136.4% (2025-11-18) — 스플릿/데이터 오류 가능
Warning:  OLPX: 비정상 가격 변동 56.7% (2022-10-19) — 스플릿/데이터 오류 가능
Warning:  OM: 비정상 가격 변동 68.5% (2024-08-08) — 스플릿/데이터 오류 가능
Warning:  OMEX: 비정상 가격 변동 182.3% (2024-09-18) — 스플릿/데이터 오류 가능
Warning:  ONEG: Close NaN 비율 74.2% (기준: 30%)
Warning:  ONEG: 비정상 가격 변동 57.6% (2025-11-17) — 스플릿/데이터 오류 가능
Warning:  OPRX: 비정상 가격 변동 51.7% (2025-03-12) — 스플릿/데이터 오류 가능
Warning:  ORBS: 비정상 가격 변동 3009.0% (2025-09-08) — 스플릿/데이터 오류 가능
Warning:  ORBS: 거래량 0 연속 6일 (기준: 5일) — 상장폐지/거래정지 가능
Warning:  ORGN: 비정상 가격 변동 66.4% (2023-08-10) — 스플릿/데이터 오류 가능
Warning:  ORGO: 비정상 가격 변동 102.3% (2025-02-28) — 스플릿/데이터 오류 가능
Warning:  ORKA: 비정상 가격 변동 90.1% (2024-04-03) — 스플릿/데이터 오류 가능
Warning:  ORKT: Close NaN 비율 65.4% (기준: 30%)
Warning:  ORKT: 비정상 가격 변동 147.6% (2025-12-08) — 스플릿/데이터 오류 가능
Warning:  PAVS: 비정상 가격 변동 93.3% (2024-10-01) — 스플릿/데이터 오류 가능
Warning:  PBM: 비정상 가격 변동 103.8% (2026-04-16) — 스플릿/데이터 오류 가능
Warning:  PBM: 거래량 0 연속 80일 (기준: 5일) — 상장폐지/거래정지 가능
Warning:  PEPG: 비정상 가격 변동 121.1% (2025-09-25) — 스플릿/데이터 오류 가능
Warning:  PEW: Close NaN 비율 54.8% (기준: 30%)
Warning:  PGY: 비정상 가격 변동 129.6% (2022-07-20) — 스플릿/데이터 오류 가능
Warning:  PGY: 거래량 0 연속 5일 (기준: 5일) — 상장폐지/거래정지 가능
Warning:  PHGE: 비정상 가격 변동 197.8% (2024-03-06) — 스플릿/데이터 오류 가능
Warning:  PHIO: 비정상 가격 변동 290.5% (2025-01-13) — 스플릿/데이터 오류 가능
Warning:  PLCE: 비정상 가격 변동 85.7% (2024-09-11) — 스플릿/데이터 오류 가능
Warning:  PMAX: Close NaN 비율 67.8% (기준: 30%)
Warning:  PMAX: 비정상 가격 변동 57.4% (2025-05-23) — 스플릿/데이터 오류 가능
Warning:  PNBK: 비정상 가격 변동 73.5% (2025-04-17) — 스플릿/데이터 오류 가능
Warning:  PNBK: 거래량 0 연속 7일 (기준: 5일) — 상장폐지/거래정지 가능
Warning:  PONY: Close NaN 비율 72.5% (기준: 30%)
Warning:  PRCH: 비정상 가격 변동 74.1% (2025-02-26) — 스플릿/데이터 오류 가능
Warning:  PRFX: 비정상 가격 변동 414.3% (2024-12-19) — 스플릿/데이터 오류 가능
Warning:  PROK: 비정상 가격 변동 514.5% (2025-07-08) — 스플릿/데이터 오류 가능
Warning:  PROP: 비정상 가격 변동 100.0% (2022-08-11) — 스플릿/데이터 오류 가능
Warning:  PRTA: 비정상 가격 변동 87.5% (2022-09-28) — 스플릿/데이터 오류 가능
Warning:  PSTV: 비정상 가격 변동 311.4% (2025-03-06) — 스플릿/데이터 오류 가능
Warning:  PTLE: Close NaN 비율 70.1% (기준: 30%)
Warning:  PTLE: 비정상 가격 변동 87.6% (2026-03-23) — 스플릿/데이터 오류 가능
Warning:  QBTS: 비정상 가격 변동 110.7% (2023-05-22) — 스플릿/데이터 오류 가능
Warning:  QNCX: 비정상 가격 변동 306.2% (2026-02-10) — 스플릿/데이터 오류 가능
Warning:  QNRX: 비정상 가격 변동 360.5% (2022-08-03) — 스플릿/데이터 오류 가능
Warning:  QNTM: 비정상 가격 변동 119.8% (2024-08-09) — 스플릿/데이터 오류 가능
Warning:  QSI: 비정상 가격 변동 119.6% (2024-11-20) — 스플릿/데이터 오류 가능
Warning:  QTRX: 비정상 가격 변동 54.8% (2022-08-09) — 스플릿/데이터 오류 가능
Warning:  QUBT: 비정상 가격 변동 92.8% (2024-11-13) — 스플릿/데이터 오류 가능
Warning:  QURE: 비정상 가격 변동 247.7% (2025-09-24) — 스플릿/데이터 오류 가능
Warning:  QVCGP: 비정상 가격 변동 133.3% (2026-02-11) — 스플릿/데이터 오류 가능
Warning:  RADX: Close NaN 비율 72.9% (기준: 30%)
Warning:  RADX: 비정상 가격 변동 149.5% (2025-12-15) — 스플릿/데이터 오류 가능
Warning:  RAPP: Close NaN 비율 62.9% (기준: 30%)
Warning:  RAPP: 비정상 가격 변동 119.2% (2025-09-08) — 스플릿/데이터 오류 가능
Warning:  RAYA: Close NaN 비율 33.4% (기준: 30%)
Warning:  RAYA: 비정상 가격 변동 107.9% (2026-04-10) — 스플릿/데이터 오류 가능
Warning:  RAYA: 거래량 0 연속 6일 (기준: 5일) — 상장폐지/거래정지 가능
Warning:  RBNE: Close NaN 비율 79.7% (기준: 30%)
Warning:  RBNE: 비정상 가격 변동 317.9% (2025-06-13) — 스플릿/데이터 오류 가능
Warning:  RCKT: 비정상 가격 변동 62.8% (2025-05-27) — 스플릿/데이터 오류 가능
Warning:  RDGT: 비정상 가격 변동 114.8% (2022-12-12) — 스플릿/데이터 오류 가능
Warning:  RDZN: 비정상 가격 변동 82.1% (2024-07-02) — 스플릿/데이터 오류 가능
Warning:  RDZN: 거래량 0 연속 13일 (기준: 5일) — 상장폐지/거래정지 가능
Warning:  RECT: Close NaN 비율 63.6% (기준: 30%)
Warning:  RECT: 비정상 가격 변동 85.8% (2026-04-13) — 스플릿/데이터 오류 가능
Warning:  RENX: Close NaN 비율 48.5% (기준: 30%)
Warning:  RENX: 비정상 가격 변동 531.3% (2023-11-16) — 스플릿/데이터 오류 가능
Warning:  REPL: 비정상 가격 변동 101.3% (2025-07-30) — 스플릿/데이터 오류 가능
Warning:  RETO: 비정상 가격 변동 621.3% (2025-03-07) — 스플릿/데이터 오류 가능
Warning:  RGC: 비정상 가격 변동 343.9% (2024-07-23) — 스플릿/데이터 오류 가능
Warning:  RGC: 거래량 0 연속 6일 (기준: 5일) — 상장폐지/거래정지 가능
Warning:  RGTI: 비정상 가격 변동 58.0% (2024-11-25) — 스플릿/데이터 오류 가능
Warning:  RIME: 비정상 가격 변동 222.2% (2026-02-13) — 스플릿/데이터 오류 가능
Warning:  RIME: 거래량 0 연속 13일 (기준: 5일) — 상장폐지/거래정지 가능
Warning:  RLAY: 비정상 가격 변동 52.4% (2024-09-09) — 스플릿/데이터 오류 가능
Warning:  RLMD: 비정상 가격 변동 82.5% (2025-04-23) — 스플릿/데이터 오류 가능
Warning:  ROLR: Close NaN 비율 70.5% (기준: 30%)
Warning:  ROLR: 비정상 가격 변동 436.6% (2026-01-14) — 스플릿/데이터 오류 가능
Warning:  ROOT: 비정상 가격 변동 68.9% (2024-10-31) — 스플릿/데이터 오류 가능
Warning:  RR: Close NaN 비율 51.9% (기준: 30%)
Warning:  RR: 비정상 가격 변동 73.9% (2024-08-06) — 스플릿/데이터 오류 가능
Warning:  RUBI: Close NaN 비율 85.8% (기준: 30%)
Warning:  RUBI: 비정상 가격 변동 54.2% (2025-11-25) — 스플릿/데이터 오류 가능
Warning:  RXO: Close NaN 비율 30.7% (기준: 30%)
Warning:  RYDE: Close NaN 비율 57.7% (기준: 30%)
Warning:  RYDE: 비정상 가격 변동 155.7% (2025-06-18) — 스플릿/데이터 오류 가능
Warning:  RZLT: 비정상 가격 변동 87.2% (2025-12-11) — 스플릿/데이터 오류 가능
Warning:  RZLV: 비정상 가격 변동 54.5% (2024-12-17) — 스플릿/데이터 오류 가능
Warning:  RZLV: 거래량 0 연속 8일 (기준: 5일) — 상장폐지/거래정지 가능
Warning:  SAGT: Close NaN 비율 77.7% (기준: 30%)
Warning:  SAIL: Close NaN 비율 76.5% (기준: 30%)
Warning:  SATS: 비정상 가격 변동 70.2% (2025-08-26) — 스플릿/데이터 오류 가능
Warning:  SBET: 비정상 가격 변동 433.2% (2025-05-27) — 스플릿/데이터 오류 가능
Warning:  SDEV: 비정상 가격 변동 102.5% (2026-01-09) — 스플릿/데이터 오류 가능
Warning:  SENS: 비정상 가격 변동 80.7% (2025-01-10) — 스플릿/데이터 오류 가능
Warning:  SER: 비정상 가격 변동 93.8% (2026-03-19) — 스플릿/데이터 오류 가능
Warning:  SES: 비정상 가격 변동 100.0% (2024-12-26) — 스플릿/데이터 오류 가능
Warning:  SEV: Close NaN 비율 90.0% (기준: 30%)
Warning:  SEV: 비정상 가격 변동 57.8% (2025-10-23) — 스플릿/데이터 오류 가능
Warning:  SEZL: Close NaN 비율 48.2% (기준: 30%)
Warning:  SEZL: 비정상 가격 변동 80.5% (2023-09-14) — 스플릿/데이터 오류 가능
Warning:  SGHT: 비정상 가격 변동 64.3% (2023-10-26) — 스플릿/데이터 오류 가능
Warning:  SHIM: Close NaN 비율 51.7% (기준: 30%)
Warning:  SHIM: 비정상 가격 변동 52.2% (2024-07-17) — 스플릿/데이터 오류 가능
Warning:  SHPH: 비정상 가격 변동 91.3% (2022-09-06) — 스플릿/데이터 오류 가능
Warning:  SKBL: Close NaN 비율 76.8% (기준: 30%)
Warning:  SKBL: 비정상 가격 변동 87.6% (2025-07-07) — 스플릿/데이터 오류 가능
Warning:  SKIL: 비정상 가격 변동 50.6% (2024-04-24) — 스플릿/데이터 오류 가능
Warning:  SKK: Close NaN 비율 69.6% (기준: 30%)
Warning:  SKK: 비정상 가격 변동 84.5% (2024-12-26) — 스플릿/데이터 오류 가능
Warning:  SKLZ: 비정상 가격 변동 53.6% (2026-04-15) — 스플릿/데이터 오류 가능
Warning:  SKYX: 비정상 가격 변동 68.6% (2022-07-28) — 스플릿/데이터 오류 가능
Warning:  SLDB: 비정상 가격 변동 68.4% (2023-12-07) — 스플릿/데이터 오류 가능
Warning:  SLDP: 비정상 가격 변동 51.6% (2025-11-05) — 스플릿/데이터 오류 가능
Warning:  SLN: 거래량 0 연속 5일 (기준: 5일) — 상장폐지/거래정지 가능
Warning:  SLNH: 비정상 가격 변동 94.4% (2025-09-22) — 스플릿/데이터 오류 가능
Warning:  SMX: 비정상 가격 변동 402.9% (2025-11-18) — 스플릿/데이터 오류 가능
Warning:  SMX: 거래량 0 연속 402일 (기준: 5일) — 상장폐지/거래정지 가능
Warning:  SNBR: 비정상 가격 변동 60.0% (2026-04-08) — 스플릿/데이터 오류 가능
Warning:  SNDK: Close NaN 비율 76.5% (기준: 30%)
Warning:  SNGX: 비정상 가격 변동 271.0% (2024-07-09) — 스플릿/데이터 오류 가능
Warning:  SNTI: 비정상 가격 변동 363.0% (2024-12-02) — 스플릿/데이터 오류 가능
Warning:  SOC: 비정상 가격 변동 56.2% (2025-12-18) — 스플릿/데이터 오류 가능
Warning:  SOGP: 비정상 가격 변동 228.9% (2025-08-28) — 스플릿/데이터 오류 가능
Warning:  SOS: 비정상 가격 변동 99.3% (2023-08-21) — 스플릿/데이터 오류 가능
Warning:  SOUN: 비정상 가격 변동 71.8% (2022-12-30) — 스플릿/데이터 오류 가능
Warning:  SPAI: Close NaN 비율 67.4% (기준: 30%)
Warning:  SPAI: 비정상 가격 변동 65.8% (2025-02-13) — 스플릿/데이터 오류 가능
Warning:  SPRY: 비정상 가격 변동 77.9% (2023-05-12) — 스플릿/데이터 오류 가능
Warning:  SPWH: 비정상 가격 변동 97.9% (2025-04-02) — 스플릿/데이터 오류 가능
Warning:  SQFT: 비정상 가격 변동 166.1% (2025-07-14) — 스플릿/데이터 오류 가능
Warning:  SQNS: 비정상 가격 변동 113.0% (2024-08-23) — 스플릿/데이터 오류 가능
Warning:  SRFM: Close NaN 비율 45.5% (기준: 30%)
Warning:  SRFM: 비정상 가격 변동 88.5% (2025-06-24) — 스플릿/데이터 오류 가능
Warning:  SST: 비정상 가격 변동 142.3% (2026-03-27) — 스플릿/데이터 오류 가능
Warning:  STEM: 비정상 가격 변동 57.2% (2025-01-03) — 스플릿/데이터 오류 가능
Warning:  STEX: 비정상 가격 변동 91.7% (2024-04-08) — 스플릿/데이터 오류 가능
Warning:  STIM: 비정상 가격 변동 58.1% (2024-08-12) — 스플릿/데이터 오류 가능
Warning:  STKE: 비정상 가격 변동 131.4% (2024-10-14) — 스플릿/데이터 오류 가능
Warning:  STKE: 거래량 0 연속 5일 (기준: 5일) — 상장폐지/거래정지 가능
Warning:  STSS: 비정상 가격 변동 141.6% (2024-05-28) — 스플릿/데이터 오류 가능
Warning:  STTK: 비정상 가격 변동 130.3% (2023-12-13) — 스플릿/데이터 오류 가능
Warning:  STUB: Close NaN 비율 88.3% (기준: 30%)
Warning:  SUIG: 비정상 가격 변동 218.9% (2025-07-25) — 스플릿/데이터 오류 가능
Warning:  SUIG: 거래량 0 연속 9일 (기준: 5일) — 상장폐지/거래정지 가능
Warning:  SUNE: 비정상 가격 변동 122.2% (2025-03-07) — 스플릿/데이터 오류 가능
Warning:  SUNE: 거래량 0 연속 104일 (기준: 5일) — 상장폐지/거래정지 가능
Warning:  SUPX: Close NaN 비율 60.0% (기준: 30%)
Warning:  SVCO: Close NaN 비율 61.3% (기준: 30%)
Warning:  SVCO: 비정상 가격 변동 52.4% (2026-03-13) — 스플릿/데이터 오류 가능
Warning:  SVRN: 비정상 가격 변동 122.7% (2025-06-13) — 스플릿/데이터 오류 가능
Warning:  SVRN: 거래량 0 연속 25일 (기준: 5일) — 상장폐지/거래정지 가능
Warning:  SXTP: Close NaN 비율 44.7% (기준: 30%)
Warning:  SXTP: 비정상 가격 변동 152.0% (2026-01-22) — 스플릿/데이터 오류 가능
Warning:  SYRE: 비정상 가격 변동 330.2% (2023-06-22) — 스플릿/데이터 오류 가능
Warning:  TAOX: 비정상 가격 변동 74.6% (2022-12-16) — 스플릿/데이터 오류 가능
Warning:  TCRX: 비정상 가격 변동 51.1% (2023-05-09) — 스플릿/데이터 오류 가능
Warning:  TDUP: 비정상 가격 변동 62.7% (2024-08-06) — 스플릿/데이터 오류 가능
Warning:  TJGC: Close NaN 비율 75.2% (기준: 30%)
Warning:  TJGC: 비정상 가격 변동 571.4% (2025-06-03) — 스플릿/데이터 오류 가능
Warning:  TLRY: 비정상 가격 변동 60.9% (2025-09-29) — 스플릿/데이터 오류 가능
Warning:  TMCI: 비정상 가격 변동 62.5% (2024-05-08) — 스플릿/데이터 오류 가능
Warning:  TMDE: Close NaN 비율 80.1% (기준: 30%)
Warning:  TMDE: 비정상 가격 변동 231.9% (2026-03-02) — 스플릿/데이터 오류 가능
Warning:  TMQ: 비정상 가격 변동 211.0% (2025-10-07) — 스플릿/데이터 오류 가능
Warning:  TNGX: 비정상 가격 변동 103.9% (2023-08-09) — 스플릿/데이터 오류 가능
Warning:  TNXP: 비정상 가격 변동 120.8% (2024-12-16) — 스플릿/데이터 오류 가능
Warning:  TONX: 비정상 가격 변동 346.9% (2023-09-05) — 스플릿/데이터 오류 가능
Warning:  TOYO: 비정상 가격 변동 86.6% (2024-11-26) — 스플릿/데이터 오류 가능
Warning:  TOYO: 거래량 0 연속 22일 (기준: 5일) — 상장폐지/거래정지 가능
Warning:  TPST: 비정상 가격 변동 3970.8% (2023-10-11) — 스플릿/데이터 오류 가능
Warning:  TRAW: 비정상 가격 변동 150.4% (2024-12-23) — 스플릿/데이터 오류 가능
Warning:  TRNR: Close NaN 비율 40.7% (기준: 30%)
Warning:  TRNR: 비정상 가격 변동 79.0% (2024-08-12) — 스플릿/데이터 오류 가능
Warning:  TRNR: 거래량 0 연속 63일 (기준: 5일) — 상장폐지/거래정지 가능
Warning:  TRON: Close NaN 비율 46.6% (기준: 30%)
Warning:  TRON: 비정상 가격 변동 533.8% (2025-06-16) — 스플릿/데이터 오류 가능
Warning:  TRUG: 비정상 가격 변동 64.7% (2024-01-31) — 스플릿/데이터 오류 가능
Warning:  TRUG: 거래량 0 연속 21일 (기준: 5일) — 상장폐지/거래정지 가능
Warning:  TRVI: 비정상 가격 변동 56.8% (2022-04-07) — 스플릿/데이터 오류 가능
Warning:  TSAT: 비정상 가격 변동 53.5% (2023-08-11) — 스플릿/데이터 오류 가능
Warning:  TSHA: 비정상 가격 변동 188.2% (2023-08-14) — 스플릿/데이터 오류 가능
Warning:  TSSI: 비정상 가격 변동 74.1% (2025-05-16) — 스플릿/데이터 오류 가능
Warning:  TSSI: 거래량 0 연속 6일 (기준: 5일) — 상장폐지/거래정지 가능
Warning:  TTAN: Close NaN 비율 73.2% (기준: 30%)
Warning:  TURB: Close NaN 비율 48.7% (기준: 30%)
Warning:  TURB: 비정상 가격 변동 359.3% (2025-09-16) — 스플릿/데이터 오류 가능
Warning:  TWAV: 비정상 가격 변동 166.7% (2022-10-03) — 스플릿/데이터 오류 가능
Warning:  UAVS: 비정상 가격 변동 122.4% (2024-11-14) — 스플릿/데이터 오류 가능
Warning:  UAVS: 거래량 0 연속 6일 (기준: 5일) — 상장폐지/거래정지 가능
Warning:  UCAR: Close NaN 비율 40.2% (기준: 30%)
Warning:  UCAR: 비정상 가격 변동 331.9% (2026-04-08) — 스플릿/데이터 오류 가능
Warning:  UGRO: 비정상 가격 변동 417.0% (2026-03-25) — 스플릿/데이터 오류 가능
Warning:  UPB: Close NaN 비율 69.8% (기준: 30%)
Warning:  UPST: 비정상 가격 변동 56.4% (2022-05-10) — 스플릿/데이터 오류 가능
Warning:  UPXI: 비정상 가격 변동 330.9% (2025-04-21) — 스플릿/데이터 오류 가능
Warning:  VALN: 비정상 가격 변동 93.1% (2022-06-21) — 스플릿/데이터 오류 가능
Warning:  VCIG: Close NaN 비율 39.8% (기준: 30%)
Warning:  VCIG: 비정상 가격 변동 546.8% (2023-05-02) — 스플릿/데이터 오류 가능
Warning:  VCIG: 거래량 0 연속 73일 (기준: 5일) — 상장폐지/거래정지 가능
Warning:  VENU: Close NaN 비율 72.5% (기준: 30%)
Warning:  VERI: 비정상 가격 변동 53.7% (2025-10-15) — 스플릿/데이터 오류 가능
Warning:  VIA: Close NaN 비율 88.1% (기준: 30%)
Warning:  VICR: 비정상 가격 변동 57.7% (2023-07-26) — 스플릿/데이터 오류 가능
Warning:  VIK: Close NaN 비율 60.8% (기준: 30%)
Warning:  VIOT: 비정상 가격 변동 59.0% (2025-07-07) — 스플릿/데이터 오류 가능
Warning:  VIR: 비정상 가격 변동 58.2% (2025-01-08) — 스플릿/데이터 오류 가능
Warning:  VIVO: 비정상 가격 변동 306.9% (2024-04-02) — 스플릿/데이터 오류 가능
Warning:  VIVS: 비정상 가격 변동 243.2% (2025-02-25) — 스플릿/데이터 오류 가능
Warning:  VLN: 비정상 가격 변동 59.0% (2026-01-09) — 스플릿/데이터 오류 가능
Warning:  VMAR: 비정상 가격 변동 156.8% (2025-12-16) — 스플릿/데이터 오류 가능
Warning:  VMAR: 거래량 0 연속 43일 (기준: 5일) — 상장폐지/거래정지 가능
Warning:  VOR: 비정상 가격 변동 74.2% (2025-06-25) — 스플릿/데이터 오류 가능
Warning:  VSTS: Close NaN 비율 49.0% (기준: 30%)
Warning:  VWAV: Close NaN 비율 84.7% (기준: 30%)
Warning:  VWAV: 비정상 가격 변동 368.1% (2025-07-28) — 스플릿/데이터 오류 가능
Warning:  WALD: 거래량 0 연속 7일 (기준: 5일) — 상장폐지/거래정지 가능
Warning:  WATT: 비정상 가격 변동 554.3% (2024-12-30) — 스플릿/데이터 오류 가능
Warning:  WBUY: Close NaN 비율 50.2% (기준: 30%)
Warning:  WBUY: 비정상 가격 변동 132.4% (2025-05-08) — 스플릿/데이터 오류 가능
Warning:  WGS: 비정상 가격 변동 55.2% (2024-04-30) — 스플릿/데이터 오류 가능
Warning:  WKEY: 비정상 가격 변동 139.0% (2024-12-13) — 스플릿/데이터 오류 가능
Warning:  WKHS: 비정상 가격 변동 54.9% (2025-07-08) — 스플릿/데이터 오류 가능
Warning:  WNW: 비정상 가격 변동 97.6% (2025-04-22) — 스플릿/데이터 오류 가능
Warning:  WULF: 비정상 가격 변동 64.2% (2021-06-25) — 스플릿/데이터 오류 가능
Warning:  WVE: 비정상 가격 변동 147.3% (2025-12-08) — 스플릿/데이터 오류 가능
Warning:  WW: Close NaN 비율 83.8% (기준: 30%)
Warning:  WYFI: Close NaN 비율 86.1% (기준: 30%)
Warning:  XTIA: 비정상 가격 변동 128.6% (2023-04-13) — 스플릿/데이터 오류 가능
Warning:  XXI: Close NaN 비율 66.5% (기준: 30%)
Warning:  XXI: 비정상 가격 변동 55.4% (2025-04-23) — 스플릿/데이터 오류 가능
Warning:  YDDL: Close NaN 비율 89.6% (기준: 30%)
Warning:  YDDL: 비정상 가격 변동 62.9% (2026-04-10) — 스플릿/데이터 오류 가능
Warning:  YOOV: Close NaN 비율 80.1% (기준: 30%)
Warning:  YOOV: 비정상 가격 변동 98.0% (2025-09-04) — 스플릿/데이터 오류 가능
Warning:  YRD: 비정상 가격 변동 54.6% (2022-08-31) — 스플릿/데이터 오류 가능
Warning:  YSXT: Close NaN 비율 73.6% (기준: 30%)
Warning:  YYGH: Close NaN 비율 60.3% (기준: 30%)
Warning:  YYGH: 비정상 가격 변동 63.6% (2025-09-10) — 스플릿/데이터 오류 가능
Warning:  ZDAI: Close NaN 비율 65.3% (기준: 30%)
Warning:  ZDAI: 비정상 가격 변동 918.6% (2024-11-26) — 스플릿/데이터 오류 가능
Warning:  ZENA: Close NaN 비율 69.2% (기준: 30%)
Warning:  ZENA: 비정상 가격 변동 258.7% (2024-11-25) — 스플릿/데이터 오류 가능
Warning:  ZNB: 비정상 가격 변동 104.8% (2025-10-07) — 스플릿/데이터 오류 가능
Warning:  ZNB: 거래량 0 연속 63일 (기준: 5일) — 상장폐지/거래정지 가능
Warning:  ZTG: Close NaN 비율 87.8% (기준: 30%)
Warning:  ZVIA: 비정상 가격 변동 51.7% (2025-05-08) — 스플릿/데이터 오류 가능
[백테스트] OHLCV 캐시 저장: ohlcv_889d7d7d276f.parquet
[백테스트] OHLCV 캐시 로드: ohlcv_f3db89dba84f.parquet
[[NASDAQ/NYSE 분석]] 강한 섹터: {'Materials', 'Information Technology', 'Consumer Discretionary'}
[OHLCV] 배치 다운로드 1/2 (150개 종목, period=2y)...
[OHLCV] 배치 다운로드 2/2 (102개 종목, period=2y)...
[DataValidator] 37건의 데이터 품질 경고 발생
Warning:  AAOI: 비정상 가격 변동 56.9% (2026-02-27) — 스플릿/데이터 오류 가능
Warning:  ANNA: 비정상 가격 변동 86.5% (2026-03-20) — 스플릿/데이터 오류 가능
Warning:  ANNA: 거래량 0 연속 10일 (기준: 5일) — 상장폐지/거래정지 가능
Warning:  APLS: 비정상 가격 변동 135.4% (2026-03-31) — 스플릿/데이터 오류 가능
Warning:  AUGO: Close NaN 비율 61.9% (기준: 30%)
Warning:  BATL: 비정상 가격 변동 211.7% (2026-01-26) — 스플릿/데이터 오류 가능
Warning:  BMNR: Close NaN 비율 56.5% (기준: 30%)
Warning:  BMNR: 비정상 가격 변동 694.8% (2025-06-30) — 스플릿/데이터 오류 가능
Warning:  BULL: 비정상 가격 변동 374.7% (2025-04-14) — 스플릿/데이터 오류 가능
Warning:  CELC: 비정상 가격 변동 167.2% (2025-07-28) — 스플릿/데이터 오류 가능
Warning:  CRCL: Close NaN 비율 56.5% (기준: 30%)
Warning:  CRML: 비정상 가격 변동 55.4% (2025-10-13) — 스플릿/데이터 오류 가능
Warning:  CYCN: 비정상 가격 변동 311.6% (2026-04-01) — 스플릿/데이터 오류 가능
Warning:  EEIQ: 비정상 가격 변동 209.2% (2026-03-26) — 스플릿/데이터 오류 가능
Warning:  ELAB: 비정상 가격 변동 133.7% (2026-04-01) — 스플릿/데이터 오류 가능
Warning:  ELAB: 거래량 0 연속 6일 (기준: 5일) — 상장폐지/거래정지 가능
Warning:  ELVN: 비정상 가격 변동 50.3% (2026-01-08) — 스플릿/데이터 오류 가능
Warning:  FIG: Close NaN 비율 64.1% (기준: 30%)
Warning:  FIGR: Close NaN 비율 69.9% (기준: 30%)
Warning:  FRMI: Close NaN 비율 72.7% (기준: 30%)
Warning:  KLAR: Close NaN 비율 69.9% (기준: 30%)
Warning:  KOD: 비정상 가격 변동 74.8% (2026-03-26) — 스플릿/데이터 오류 가능
Warning:  LGN: Close NaN 비율 70.1% (기준: 30%)
Warning:  OKLO: 비정상 가격 변동 53.6% (2024-05-10) — 스플릿/데이터 오류 가능
Warning:  PONY: Close NaN 비율 30.9% (기준: 30%)
Warning:  QBTS: 비정상 가격 변동 51.2% (2025-05-08) — 스플릿/데이터 오류 가능
Warning:  QUBT: 비정상 가격 변동 92.8% (2024-11-13) — 스플릿/데이터 오류 가능
Warning:  RGTI: 비정상 가격 변동 58.0% (2024-11-25) — 스플릿/데이터 오류 가능
Warning:  RZLV: 비정상 가격 변동 54.5% (2024-12-17) — 스플릿/데이터 오류 가능
Warning:  SATS: 비정상 가격 변동 70.2% (2025-08-26) — 스플릿/데이터 오류 가능
Warning:  SNDK: Close NaN 비율 41.1% (기준: 30%)
Warning:  SOC: 비정상 가격 변동 56.2% (2025-12-18) — 스플릿/데이터 오류 가능
Warning:  TNGX: 비정상 가격 변동 52.7% (2025-05-19) — 스플릿/데이터 오류 가능
Warning:  TTAN: Close NaN 비율 32.9% (기준: 30%)
Warning:  UCAR: 비정상 가격 변동 331.9% (2026-04-08) — 스플릿/데이터 오류 가능
Warning:  UGRO: 비정상 가격 변동 417.0% (2026-03-25) — 스플릿/데이터 오류 가능
Warning:  WULF: 비정상 가격 변동 59.5% (2025-08-14) — 스플릿/데이터 오류 가능
[백테스트] OHLCV 캐시 저장: ohlcv_29e08e2fc7f0.parquet
