============================================================
[Unified Paper Trading] SP500 + NASDAQ/NYSE 통합 실행 시작
============================================================
2026-04-19 18:27:04,156 [INFO] paper_trading.runner — [Runner] SP500 snapshot 로드: 129개 종목
[Unified PT] SP500 snapshot 로드: 129개 종목
2026-04-19 18:27:04,166 [INFO] paper_trading.runner — [Runner] NASDAQ snapshot 로드: 250개 종목
[Unified PT] NASDAQ snapshot 로드: 250개 종목
[Unified PT] 합산 완료: 355개 종목 (SP500 129 + NASDAQ 250개, 중복 제거 후)
[fetch_latest_prices] MPWR: 오류 (시도 1/3) — Too Many Requests. Rate limited. Try after a while.
2026-04-19 18:27:08,169 [INFO] paper_trading.candidate_selector — [전략점수 분포] ~4.0: 112 | 4.0~5.0: 16 | 5.0~5.5: 7 | 5.5~6.0: 7 | 6.0+: 213
2026-04-19 18:27:08,185 [INFO] paper_trading.candidate_selector — [CandidateSelector] Regime=bull | Filtered=1/355 | Selected: ACHC (CCS=0.5075)
2026-04-19 18:27:08,195 [INFO] paper_trading.engine — [PaperTrading] 교체 기준 미달 — 매수 안 함
[Unified PT] 매도=0 매수=0 보유=3종목
[Unified PT] 레짐=bull | 필터={'전략점수<6.0': 142, '바닥반등_52주과열': 1, '판단등급_미달': 203, '과열_차단': 4, '유동성_부족': 0, '어닝_임박': 0, '보유_중복': 2, '모멘텀_ADX부족': 1, '바닥_RSI데드존': 0, '섹터_집중': 1, '_통과': 1, '_전체': 355}
[Unified PT] 스킵 사유: 교체_미달
[Unified PT] Top5 후보:
  ACHC   CCS=0.5075 전략=📈 모멘텀 섹터=Unknown
2026-04-19 18:27:12,197 [INFO] paper_trading.sheet_sync — [SheetSync] 포지션현황 업데이트: 3개 종목
2026-04-19 18:27:13,404 [INFO] paper_trading.sheet_sync — [SheetSync] 성과요약 업데이트: 3건 거래
[Unified PT] 구글 시트 동기화 완료
[Email] 페이퍼 트레이딩 알림 발송 완료 (매도 0건, 매수 0건, 재평가 0건, 재평가실패 0건, 후보 1건) → chunghwan14@gmail.com, ssamjungtan@naver.com
============================================================
[Unified Paper Trading] 완료
============================================================
