============================================================
[Unified Paper Trading] SP500 + NASDAQ/NYSE 통합 실행 시작
============================================================
2026-05-22 23:38:01,968 [INFO] paper_trading.runner — [Runner] SP500 snapshot 로드: 130개 종목
[Unified PT] SP500 snapshot 로드: 130개 종목
2026-05-22 23:38:01,975 [INFO] paper_trading.runner — [Runner] NASDAQ snapshot 로드: 225개 종목
[Unified PT] NASDAQ snapshot 로드: 225개 종목
[Unified PT] 합산 완료: 335개 종목 (SP500 130 + NASDAQ 225개, 중복 제거 후)
[Unified PT] 골든크로스임박 종목: 3개
2026-05-22 23:38:03,357 [INFO] paper_trading.candidate_selector — [전략점수 분포] ~4.0: 90 | 4.0~5.0: 37 | 5.0~5.5: 28 | 5.5~6.0: 10 | 6.0+: 170
2026-05-22 23:38:03,369 [INFO] paper_trading.candidate_selector — [CandidateSelector] Regime=bull | Filtered=3/335 | Selected: DOCS (CCS=0.4605)
2026-05-22 23:38:03,379 [INFO] paper_trading.engine — [PaperTrading] 교체 기준 미달 — 매수 안 함
[Unified PT] 매도=0 매수=0 보유=3종목
[Unified PT] 레짐=bull | 필터={'전략점수<6.0': 165, '바닥반등_52주과열': 0, '판단등급_미달': 164, '과열_차단': 1, '유동성_부족': 0, '어닝_임박': 0, '보유_중복': 0, '모멘텀_ADX부족': 2, '바닥_RSI데드존': 0, '섹터_집중': 0, '_통과': 3, '_전체': 335}
[Unified PT] 스킵 사유: 교체_미달
[Unified PT] Top5 후보:
  DOCS   CCS=0.4605 전략=📉 바닥반등 섹터=Healthcare
  BRBR   CCS=0.4306 전략=📉 바닥반등 섹터=Consumer Defensive
  GPGI   CCS=0.4252 전략=📉 바닥반등 섹터=Industrials
2026-05-22 23:38:05,474 [INFO] paper_trading.sheet_sync — [SheetSync] 포지션현황 업데이트: 3개 종목
2026-05-22 23:38:07,219 [INFO] paper_trading.sheet_sync — [SheetSync] 성과요약 업데이트: 12건 거래
[Unified PT] 구글 시트 동기화 완료
[시장분석] 6개 종목 데이터 수집 중...
2026-05-22 23:38:08,113 [ERROR] yfinance — HTTP Error 404: {"quoteSummary":{"result":null,"error":{"code":"Not Found","description":"No fundamentals data found for symbol: VXX"}}}
2026-05-22 23:38:11,489 [ERROR] yfinance — HTTP Error 404: {"quoteSummary":{"result":null,"error":{"code":"Not Found","description":"No fundamentals data found for symbol: VXX"}}}
2026-05-22 23:38:14,339 [WARNING] data.fetch — [fetch_analyst_data] ANET: 'dict' object has no attribute 'empty'
2026-05-22 23:38:14,361 [WARNING] data.fetch — [fetch_analyst_data] BRBR: 'dict' object has no attribute 'empty'
2026-05-22 23:38:14,362 [WARNING] data.fetch — [fetch_analyst_data] GPGI: 'dict' object has no attribute 'empty'
2026-05-22 23:38:14,368 [WARNING] data.fetch — [fetch_analyst_data] DOCS: 'dict' object has no attribute 'empty'
2026-05-22 23:38:14,824 [ERROR] yfinance — HTTP Error 404: {"quoteSummary":{"result":null,"error":{"code":"Not Found","description":"No fundamentals data found for symbol: VXX"}}}
2026-05-22 23:38:14,824 [WARNING] data.fetch — [fetch_analyst_data] VXX: 'dict' object has no attribute 'empty'
2026-05-22 23:38:20,993 [WARNING] data.fetch — [fetch_analyst_data] ISRG: 'dict' object has no attribute 'empty'
[시장분석] enrichment 완료
[Email] 페이퍼 트레이딩 알림 발송 완료 (매도 0건, 매수 0건, 재평가 0건, 재평가실패 0건, 후보 3건) → chunghwan14@gmail.com, roykim0311@gmail.com, ssamjungtan@naver.com
============================================================
[Unified Paper Trading] 완료
============================================================
