[OHLCV] 배치 다운로드 1/4 (150개 종목, period=5y)...
[OHLCV] 배치 다운로드 2/4 (150개 종목, period=5y)...
[OHLCV] 배치 다운로드 3/4 (150개 종목, period=5y)...
[OHLCV] 배치 다운로드 4/4 (68개 종목, period=5y)...
[DataValidator] 9건의 데이터 품질 경고 발생
Warning:  GEV: Close NaN 비율 56.9% (기준: 30%)
Warning:  GL: 비정상 가격 변동 53.1% (2024-04-11) — 스플릿/데이터 오류 가능
Warning:  HOOD: 비정상 가격 변동 50.4% (2021-08-04) — 스플릿/데이터 오류 가능
Warning:  KVUE: Close NaN 비율 39.0% (기준: 30%)
Warning:  SOLV: Close NaN 비율 56.8% (기준: 30%)
Warning:  PDD: 비정상 가격 변동 56.1% (2022-03-16) — 스플릿/데이터 오류 가능
Warning:  VLTO: Close NaN 비율 47.4% (기준: 30%)
Warning:  DAY: Close NaN 비율 100.0% (기준: 30%)
Warning:  GEHC: Close NaN 비율 31.4% (기준: 30%)
[[SP500 분석]] 강한 섹터: {'Information Technology', 'Energy'}
[[SP500 분석]] Extreme model 'label_low' walk-forward ROC 0.65, AP 0.37
[[SP500 분석]] Extreme model 'label_high' walk-forward ROC 0.59, AP 0.21
[[SP500 분석]] Google Sheets 업데이트 완료
[Email] 바닥반등 11개 + 모멘텀 60개 = 총 71개 종목 리스트를 chunghwan14@gmail.com, roykim0311@gmail.com, ssamjungtan@naver.com로 발송 완료
[[SP500 분석]] Signals 결과 기반 차트분석 종목 리스트 생성 중...
[Dynamic Portfolio] 생성된 차트분석 종목 리스트(75개): ['NBM.V', 'ANET', 'VXX', 'ISRG', 'PANW', 'DVN', 'CVX', 'CVS', 'INTC', 'CDNS', 'FCX', 'AZO', 'DDOG', 'AMD', 'ETN', 'NVDA', 'TXN', 'HON', 'F', 'MPWR', 'CSCO', 'SPY', 'NXPI', 'SNPS', 'VZ', 'AMAT', 'GOOGL', 'TJX', 'KLAC', 'PLTR', 'KO', 'ASML', 'CRWD', 'MRVL', 'ZTS', 'AAPL', 'DELL', 'IWM', 'SBUX', 'AKAM', 'EBAY', 'COP', 'TSLA', 'JNJ', 'ON', 'MRK', 'LLY', 'STX', 'GEV', 'PM', 'MU', 'AVGO', 'GOOG', 'AMZN', 'WDC', 'GLW', 'LRCX', 'MCHP', 'QQQ', 'COST', 'MS', 'XOM', 'TGT', 'UNH', 'GS', 'VLO', 'PWR', 'CAT', 'NEM', 'C', 'INTU', 'ADI', 'LIN', 'QCOM', 'TMO']
[[SP500 차트분석]] [SP500 분석] 결과 기반 [SP500 차트분석] 시트 생성 중 (75개 종목)...
[[SP500 차트분석]] [SP500 분석]에 없는 종목은 별도 분석: ['NBM.V', 'VXX']
[DataValidator] 1건의 데이터 품질 경고 발생
Warning:  NBM.V: 비정상 가격 변동 56.3% (2024-09-25) — 스플릿/데이터 오류 가능
[[SP500 차트분석]] 강한 섹터: {'Information Technology', 'Energy'}
[[SP500 차트분석]] Extreme model 'global' skipped: insufficient_tickers
[[SP500 차트분석]] 기존 차트 파일 삭제 중...
[[SP500 차트분석]] 차트 저장 디렉토리 준비 완료: charts/screenshots
[[SP500 차트분석]] TradingView 차트 캡처 시작...
[[SP500 차트분석]] 75개 종목 차트 캡처 중...
[TradingView] CVX 브라우저 세션 시작  (로그인 세션)...
[TradingView] 1H 캡처 완료 (60)
[TradingView] 4H 캡처 완료 (240)
[TradingView] Daily 캡처 완료 (D)
[TradingView] Weekly 캡처 완료 (W)
[TradingView] Monthly 캡처 완료 (M)
[[SP500 차트분석]] CVX 차트 5개 처리 완료
[TradingView] QQQ 브라우저 세션 시작  (로그인 세션)...
[TradingView] 1H 캡처 완료 (60)
[TradingView] 4H 캡처 완료 (240)
[TradingView] Daily 캡처 완료 (D)
[TradingView] Weekly 캡처 완료 (W)
[TradingView] Monthly 캡처 완료 (M)
[[SP500 차트분석]] QQQ 차트 5개 처리 완료
[TradingView] ADI 브라우저 세션 시작  (로그인 세션)...
[TradingView] 1H 캡처 완료 (60)
[TradingView] 4H 캡처 완료 (240)
[TradingView] Daily 캡처 완료 (D)
[TradingView] Weekly 캡처 완료 (W)
[TradingView] Monthly 캡처 완료 (M)
[[SP500 차트분석]] ADI 차트 5개 처리 완료
[TradingView] AKAM 브라우저 세션 시작  (로그인 세션)...
[TradingView] 1H 캡처 완료 (60)
[TradingView] 4H 캡처 완료 (240)
[TradingView] Daily 캡처 완료 (D)
[TradingView] Weekly 캡처 완료 (W)
[TradingView] Monthly 캡처 완료 (M)
[[SP500 차트분석]] AKAM 차트 5개 처리 완료
[TradingView] UNH 브라우저 세션 시작  (로그인 세션)...
[TradingView] 1H 캡처 완료 (60)
[TradingView] 4H 캡처 완료 (240)
[TradingView] Daily 캡처 완료 (D)
[TradingView] Weekly 캡처 완료 (W)
[TradingView] Monthly 캡처 완료 (M)
[[SP500 차트분석]] UNH 차트 5개 처리 완료
[TradingView] NXPI 브라우저 세션 시작  (로그인 세션)...
[TradingView] 1H 캡처 완료 (60)
[TradingView] 4H 캡처 완료 (240)
[TradingView] Daily 캡처 완료 (D)
[TradingView] Weekly 캡처 완료 (W)
[TradingView] Monthly 캡처 완료 (M)
[[SP500 차트분석]] NXPI 차트 5개 처리 완료
[TradingView] F 브라우저 세션 시작  (로그인 세션)...
[TradingView] 1H 캡처 완료 (60)
[TradingView] 4H 캡처 완료 (240)
[TradingView] Daily 캡처 완료 (D)
[TradingView] Weekly 캡처 완료 (W)
[TradingView] Monthly 캡처 완료 (M)
[[SP500 차트분석]] F 차트 5개 처리 완료
[TradingView] AMD 브라우저 세션 시작  (로그인 세션)...
[TradingView] 1H 캡처 완료 (60)
[TradingView] 4H 캡처 완료 (240)
[TradingView] Daily 캡처 완료 (D)
[TradingView] Weekly 캡처 완료 (W)
[TradingView] Monthly 캡처 완료 (M)
[[SP500 차트분석]] AMD 차트 5개 처리 완료
[TradingView] CVS 브라우저 세션 시작  (로그인 세션)...
[TradingView] 1H 캡처 완료 (60)
[TradingView] 4H 캡처 완료 (240)
[TradingView] Daily 캡처 완료 (D)
[TradingView] Weekly 캡처 완료 (W)
[TradingView] Monthly 캡처 완료 (M)
[[SP500 차트분석]] CVS 차트 5개 처리 완료
[TradingView] EBAY 브라우저 세션 시작  (로그인 세션)...
[TradingView] 1H 캡처 완료 (60)
[TradingView] 4H 캡처 완료 (240)
[TradingView] Daily 캡처 완료 (D)
[TradingView] Weekly 캡처 완료 (W)
[TradingView] Monthly 캡처 완료 (M)
[[SP500 차트분석]] EBAY 차트 5개 처리 완료
[TradingView] GOOG 브라우저 세션 시작  (로그인 세션)...
[TradingView] 1H 캡처 완료 (60)
[TradingView] 4H 캡처 완료 (240)
[TradingView] Daily 캡처 완료 (D)
[TradingView] Weekly 캡처 완료 (W)
[TradingView] Monthly 캡처 완료 (M)
[[SP500 차트분석]] GOOG 차트 5개 처리 완료
[TradingView] GOOGL 브라우저 세션 시작  (로그인 세션)...
[TradingView] 1H 캡처 완료 (60)
[TradingView] 4H 캡처 완료 (240)
[TradingView] Daily 캡처 완료 (D)
[TradingView] Weekly 캡처 완료 (W)
[TradingView] Monthly 캡처 완료 (M)
[[SP500 차트분석]] GOOGL 차트 5개 처리 완료
[TradingView] INTC 브라우저 세션 시작  (로그인 세션)...
[TradingView] 1H 캡처 완료 (60)
[TradingView] 4H 캡처 완료 (240)
[TradingView] Daily 캡처 완료 (D)
[TradingView] Weekly 캡처 완료 (W)
[TradingView] Monthly 캡처 완료 (M)
[[SP500 차트분석]] INTC 차트 5개 처리 완료
[TradingView] KO 브라우저 세션 시작  (로그인 세션)...
[TradingView] 1H 캡처 완료 (60)
[TradingView] 4H 캡처 완료 (240)
[TradingView] Daily 캡처 완료 (D)
[TradingView] Weekly 캡처 완료 (W)
[TradingView] Monthly 캡처 완료 (M)
[[SP500 차트분석]] KO 차트 5개 처리 완료
[TradingView] MCHP 브라우저 세션 시작  (로그인 세션)...
[TradingView] 1H 캡처 완료 (60)
[TradingView] 4H 캡처 완료 (240)
[TradingView] Daily 캡처 완료 (D)
[TradingView] Weekly 캡처 완료 (W)
[TradingView] Monthly 캡처 완료 (M)
[[SP500 차트분석]] MCHP 차트 5개 처리 완료
[TradingView] MU 브라우저 세션 시작  (로그인 세션)...
[TradingView] 1H 캡처 완료 (60)
[TradingView] 4H 캡처 완료 (240)
[TradingView] Daily 캡처 완료 (D)
[TradingView] Weekly 캡처 완료 (W)
[TradingView] Monthly 캡처 완료 (M)
[[SP500 차트분석]] MU 차트 5개 처리 완료
[TradingView] NVDA 브라우저 세션 시작  (로그인 세션)...
[TradingView] 1H 캡처 완료 (60)
[TradingView] 4H 캡처 완료 (240)
[TradingView] Daily 캡처 완료 (D)
[TradingView] Weekly 캡처 완료 (W)
[TradingView] Monthly 캡처 완료 (M)
[[SP500 차트분석]] NVDA 차트 5개 처리 완료
[TradingView] ON 브라우저 세션 시작  (로그인 세션)...
[TradingView] 1H 캡처 완료 (60)
[TradingView] 4H 캡처 완료 (240)
[TradingView] Daily 캡처 완료 (D)
[TradingView] Weekly 캡처 완료 (W)
[TradingView] Monthly 캡처 완료 (M)
[[SP500 차트분석]] ON 차트 5개 처리 완료
[TradingView] PM 브라우저 세션 시작  (로그인 세션)...
[TradingView] 1H 캡처 완료 (60)
[TradingView] 4H 캡처 완료 (240)
[TradingView] Daily 캡처 완료 (D)
[TradingView] Weekly 캡처 완료 (W)
[TradingView] Monthly 캡처 완료 (M)
[[SP500 차트분석]] PM 차트 5개 처리 완료
[TradingView] PWR 브라우저 세션 시작  (로그인 세션)...
[TradingView] 1H 캡처 완료 (60)
[TradingView] 4H 캡처 완료 (240)
[TradingView] Daily 캡처 완료 (D)
[TradingView] Weekly 캡처 완료 (W)
[TradingView] Monthly 캡처 완료 (M)
[[SP500 차트분석]] PWR 차트 5개 처리 완료
[TradingView] QCOM 브라우저 세션 시작  (로그인 세션)...
[TradingView] 1H 캡처 완료 (60)
[TradingView] 4H 캡처 완료 (240)
[TradingView] Daily 캡처 완료 (D)
[TradingView] Weekly 캡처 완료 (W)
[TradingView] Monthly 캡처 완료 (M)
[[SP500 차트분석]] QCOM 차트 5개 처리 완료
[TradingView] STX 브라우저 세션 시작  (로그인 세션)...
[TradingView] 1H 캡처 완료 (60)
[TradingView] 4H 캡처 완료 (240)
[TradingView] Daily 캡처 완료 (D)
[TradingView] Weekly 캡처 완료 (W)
[TradingView] Monthly 캡처 완료 (M)
[[SP500 차트분석]] STX 차트 5개 처리 완료
[TradingView] TXN 브라우저 세션 시작  (로그인 세션)...
[TradingView] 1H 캡처 완료 (60)
[TradingView] 4H 캡처 완료 (240)
[TradingView] Daily 캡처 완료 (D)
[TradingView] Weekly 캡처 완료 (W)
[TradingView] Monthly 캡처 완료 (M)
[[SP500 차트분석]] TXN 차트 5개 처리 완료
[TradingView] AMZN 브라우저 세션 시작  (로그인 세션)...
[TradingView] 1H 캡처 완료 (60)
[TradingView] 4H 캡처 완료 (240)
[TradingView] Daily 캡처 완료 (D)
[TradingView] Weekly 캡처 완료 (W)
[TradingView] Monthly 캡처 완료 (M)
[[SP500 차트분석]] AMZN 차트 5개 처리 완료
[TradingView] SPY 브라우저 세션 시작  (로그인 세션)...
[TradingView] 1H 캡처 완료 (60)
[TradingView] 4H 캡처 완료 (240)
[TradingView] Daily 캡처 완료 (D)
[TradingView] Weekly 캡처 완료 (W)
[TradingView] Monthly 캡처 완료 (M)
[[SP500 차트분석]] SPY 차트 5개 처리 완료
[TradingView] XOM 브라우저 세션 시작  (로그인 세션)...
[TradingView] 1H 캡처 완료 (60)
[TradingView] 4H 캡처 완료 (240)
[TradingView] Daily 캡처 완료 (D)
[TradingView] Weekly 캡처 완료 (W)
[TradingView] Monthly 캡처 완료 (M)
[[SP500 차트분석]] XOM 차트 5개 처리 완료
[TradingView] MPWR 브라우저 세션 시작  (로그인 세션)...
[TradingView] 1H 캡처 완료 (60)
[TradingView] 4H 캡처 완료 (240)
[TradingView] Daily 캡처 완료 (D)
[TradingView] Weekly 캡처 완료 (W)
[TradingView] Monthly 캡처 완료 (M)
[[SP500 차트분석]] MPWR 차트 5개 처리 완료
[TradingView] SBUX 브라우저 세션 시작  (로그인 세션)...
[TradingView] 1H 캡처 완료 (60)
[TradingView] 4H 캡처 완료 (240)
[TradingView] Daily 캡처 완료 (D)
[TradingView] Weekly 캡처 완료 (W)
[TradingView] Monthly 캡처 완료 (M)
[[SP500 차트분석]] SBUX 차트 5개 처리 완료
[TradingView] MRVL 브라우저 세션 시작  (로그인 세션)...
[TradingView] 1H 캡처 완료 (60)
[TradingView] 4H 캡처 완료 (240)
[TradingView] Daily 캡처 완료 (D)
[TradingView] Weekly 캡처 완료 (W)
[TradingView] Monthly 캡처 완료 (M)
[[SP500 차트분석]] MRVL 차트 5개 처리 완료
[TradingView] ASML 브라우저 세션 시작  (로그인 세션)...
[TradingView] 1H 캡처 완료 (60)
[TradingView] 4H 캡처 완료 (240)
[TradingView] Daily 캡처 완료 (D)
[TradingView] Weekly 캡처 완료 (W)
[TradingView] Monthly 캡처 완료 (M)
[[SP500 차트분석]] ASML 차트 5개 처리 완료
[TradingView] CAT 브라우저 세션 시작  (로그인 세션)...
[TradingView] 1H 캡처 완료 (60)
[TradingView] 4H 캡처 완료 (240)
[TradingView] Daily 캡처 완료 (D)
[TradingView] Weekly 캡처 완료 (W)
[TradingView] Monthly 캡처 완료 (M)
[[SP500 차트분석]] CAT 차트 5개 처리 완료
[TradingView] GLW 브라우저 세션 시작  (로그인 세션)...
[TradingView] 1H 캡처 완료 (60)
[TradingView] 4H 캡처 완료 (240)
[TradingView] Daily 캡처 완료 (D)
[TradingView] Weekly 캡처 완료 (W)
[TradingView] Monthly 캡처 완료 (M)
[[SP500 차트분석]] GLW 차트 5개 처리 완료
[TradingView] LLY 브라우저 세션 시작  (로그인 세션)...
[TradingView] 1H 캡처 완료 (60)
[TradingView] 4H 캡처 완료 (240)
[TradingView] Daily 캡처 완료 (D)
[TradingView] Weekly 캡처 완료 (W)
[TradingView] Monthly 캡처 완료 (M)
[[SP500 차트분석]] LLY 차트 5개 처리 완료
[TradingView] LRCX 브라우저 세션 시작  (로그인 세션)...
[TradingView] 1H 캡처 완료 (60)
[TradingView] 4H 캡처 완료 (240)
[TradingView] Daily 캡처 완료 (D)
[TradingView] Weekly 캡처 완료 (W)
[TradingView] Monthly 캡처 완료 (M)
[[SP500 차트분석]] LRCX 차트 5개 처리 완료
[TradingView] WDC 브라우저 세션 시작  (로그인 세션)...
[TradingView] 1H 캡처 완료 (60)
[TradingView] 4H 캡처 완료 (240)
[TradingView] Daily 캡처 완료 (D)
[TradingView] Weekly 캡처 완료 (W)
[TradingView] Monthly 캡처 완료 (M)
[[SP500 차트분석]] WDC 차트 5개 처리 완료
[TradingView] MS 브라우저 세션 시작  (로그인 세션)...
[TradingView] 1H 캡처 완료 (60)
[TradingView] 4H 캡처 완료 (240)
[TradingView] Daily 캡처 완료 (D)
[TradingView] Weekly 캡처 완료 (W)
[TradingView] Monthly 캡처 완료 (M)
[[SP500 차트분석]] MS 차트 5개 처리 완료
[TradingView] CSCO 브라우저 세션 시작  (로그인 세션)...
[TradingView] 1H 캡처 완료 (60)
[TradingView] 4H 캡처 완료 (240)
[TradingView] Daily 캡처 완료 (D)
[TradingView] Weekly 캡처 완료 (W)
[TradingView] Monthly 캡처 완료 (M)
[[SP500 차트분석]] CSCO 차트 5개 처리 완료
[TradingView] VLO 브라우저 세션 시작  (로그인 세션)...
[TradingView] 1H 캡처 완료 (60)
[TradingView] 4H 캡처 완료 (240)
[TradingView] Daily 캡처 완료 (D)
[TradingView] Weekly 캡처 완료 (W)
[TradingView] Monthly 캡처 완료 (M)
[[SP500 차트분석]] VLO 차트 5개 처리 완료
[TradingView] AAPL 브라우저 세션 시작  (로그인 세션)...
[TradingView] 1H 캡처 완료 (60)
[TradingView] 4H 캡처 완료 (240)
[TradingView] Daily 캡처 완료 (D)
[TradingView] Weekly 캡처 완료 (W)
[TradingView] Monthly 캡처 완료 (M)
[[SP500 차트분석]] AAPL 차트 5개 처리 완료
[TradingView] CRWD 브라우저 세션 시작  (로그인 세션)...
[TradingView] 1H 캡처 완료 (60)
[TradingView] 4H 캡처 완료 (240)
[TradingView] Daily 캡처 완료 (D)
[TradingView] Weekly 캡처 완료 (W)
[TradingView] Monthly 캡처 완료 (M)
[[SP500 차트분석]] CRWD 차트 5개 처리 완료
[TradingView] DDOG 브라우저 세션 시작  (로그인 세션)...
[TradingView] 1H 캡처 완료 (60)
[TradingView] 4H 캡처 완료 (240)
[TradingView] Daily 캡처 완료 (D)
[TradingView] Weekly 캡처 완료 (W)
[TradingView] Monthly 캡처 완료 (M)
[[SP500 차트분석]] DDOG 차트 5개 처리 완료
[TradingView] PANW 브라우저 세션 시작  (로그인 세션)...
[TradingView] 1H 캡처 완료 (60)
[TradingView] 4H 캡처 완료 (240)
[TradingView] Daily 캡처 완료 (D)
[TradingView] Weekly 캡처 완료 (W)
[TradingView] Monthly 캡처 완료 (M)
[[SP500 차트분석]] PANW 차트 5개 처리 완료
[TradingView] COST 브라우저 세션 시작  (로그인 세션)...
[TradingView] 1H 캡처 완료 (60)
[TradingView] 4H 캡처 완료 (240)
[TradingView] Daily 캡처 완료 (D)
[TradingView] Weekly 캡처 완료 (W)
[TradingView] Monthly 캡처 완료 (M)
[[SP500 차트분석]] COST 차트 5개 처리 완료
[TradingView] TSLA 브라우저 세션 시작  (로그인 세션)...
[TradingView] 1H 캡처 완료 (60)
[TradingView] 4H 캡처 완료 (240)
[TradingView] Daily 캡처 완료 (D)
[TradingView] Weekly 캡처 완료 (W)
[TradingView] Monthly 캡처 완료 (M)
[[SP500 차트분석]] TSLA 차트 5개 처리 완료
[TradingView] GS 브라우저 세션 시작  (로그인 세션)...
[TradingView] 1H 캡처 완료 (60)
[TradingView] 4H 캡처 완료 (240)
[TradingView] Daily 캡처 완료 (D)
[TradingView] Weekly 캡처 완료 (W)
[TradingView] Monthly 캡처 완료 (M)
[[SP500 차트분석]] GS 차트 5개 처리 완료
[TradingView] TJX 브라우저 세션 시작  (로그인 세션)...
[TradingView] 1H 캡처 완료 (60)
[TradingView] 4H 캡처 완료 (240)
[TradingView] Daily 캡처 완료 (D)
[TradingView] Weekly 캡처 완료 (W)
[TradingView] Monthly 캡처 완료 (M)
[[SP500 차트분석]] TJX 차트 5개 처리 완료
[TradingView] SNPS 브라우저 세션 시작  (로그인 세션)...
[TradingView] 1H 캡처 완료 (60)
[TradingView] 4H 캡처 완료 (240)
[TradingView] Daily 캡처 완료 (D)
[TradingView] Weekly 캡처 완료 (W)
[TradingView] Monthly 캡처 완료 (M)
[[SP500 차트분석]] SNPS 차트 5개 처리 완료
[TradingView] MRK 브라우저 세션 시작  (로그인 세션)...
[TradingView] 1H 캡처 완료 (60)
[TradingView] 4H 캡처 완료 (240)
[TradingView] Daily 캡처 완료 (D)
[TradingView] Weekly 캡처 완료 (W)
[TradingView] Monthly 캡처 완료 (M)
[[SP500 차트분석]] MRK 차트 5개 처리 완료
[TradingView] DELL 브라우저 세션 시작  (로그인 세션)...
[TradingView] 1H 캡처 완료 (60)
[TradingView] 4H 캡처 완료 (240)
[TradingView] Daily 캡처 완료 (D)
[TradingView] Weekly 캡처 완료 (W)
[TradingView] Monthly 캡처 완료 (M)
[[SP500 차트분석]] DELL 차트 5개 처리 완료
[TradingView] TGT 브라우저 세션 시작  (로그인 세션)...
[TradingView] 1H 캡처 완료 (60)
[TradingView] 4H 캡처 완료 (240)
[TradingView] Daily 캡처 완료 (D)
[TradingView] Weekly 캡처 완료 (W)
[TradingView] Monthly 캡처 완료 (M)
[[SP500 차트분석]] TGT 차트 5개 처리 완료
[TradingView] FCX 브라우저 세션 시작  (로그인 세션)...
[TradingView] 1H 캡처 완료 (60)
[TradingView] 4H 캡처 완료 (240)
[TradingView] Daily 캡처 완료 (D)
[TradingView] Weekly 캡처 완료 (W)
[TradingView] Monthly 캡처 완료 (M)
[[SP500 차트분석]] FCX 차트 5개 처리 완료
[TradingView] VZ 브라우저 세션 시작  (로그인 세션)...
[TradingView] 1H 캡처 완료 (60)
[TradingView] 4H 캡처 완료 (240)
[TradingView] Daily 캡처 완료 (D)
[TradingView] Weekly 캡처 완료 (W)
[TradingView] Monthly 캡처 완료 (M)
[[SP500 차트분석]] VZ 차트 5개 처리 완료
[TradingView] LIN 브라우저 세션 시작  (로그인 세션)...
[TradingView] 1H 캡처 완료 (60)
[TradingView] 4H 캡처 완료 (240)
[TradingView] Daily 캡처 완료 (D)
[TradingView] Weekly 캡처 완료 (W)
[TradingView] Monthly 캡처 완료 (M)
[[SP500 차트분석]] LIN 차트 5개 처리 완료
[TradingView] CDNS 브라우저 세션 시작  (로그인 세션)...
[TradingView] 1H 캡처 완료 (60)
[TradingView] 4H 캡처 완료 (240)
[TradingView] Daily 캡처 완료 (D)
[TradingView] Weekly 캡처 완료 (W)
[TradingView] Monthly 캡처 완료 (M)
[[SP500 차트분석]] CDNS 차트 5개 처리 완료
[TradingView] IWM 브라우저 세션 시작  (로그인 세션)...
[TradingView] 1H 캡처 완료 (60)
[TradingView] 4H 캡처 완료 (240)
[TradingView] Daily 캡처 완료 (D)
[TradingView] Weekly 캡처 완료 (W)
[TradingView] Monthly 캡처 완료 (M)
[[SP500 차트분석]] IWM 차트 5개 처리 완료
[TradingView] COP 브라우저 세션 시작  (로그인 세션)...
[TradingView] 1H 캡처 완료 (60)
[TradingView] 4H 캡처 완료 (240)
[TradingView] Daily 캡처 완료 (D)
[TradingView] Weekly 캡처 완료 (W)
[TradingView] Monthly 캡처 완료 (M)
[[SP500 차트분석]] COP 차트 5개 처리 완료
[TradingView] HON 브라우저 세션 시작  (로그인 세션)...
[TradingView] 1H 캡처 완료 (60)
[TradingView] 4H 캡처 완료 (240)
[TradingView] Daily 캡처 완료 (D)
[TradingView] Weekly 캡처 완료 (W)
[TradingView] Monthly 캡처 완료 (M)
[[SP500 차트분석]] HON 차트 5개 처리 완료
[TradingView] KLAC 브라우저 세션 시작  (로그인 세션)...
[TradingView] 1H 캡처 완료 (60)
[TradingView] 4H 캡처 완료 (240)
[TradingView] Daily 캡처 완료 (D)
[TradingView] Weekly 캡처 완료 (W)
[TradingView] Monthly 캡처 완료 (M)
[[SP500 차트분석]] KLAC 차트 5개 처리 완료
[TradingView] AVGO 브라우저 세션 시작  (로그인 세션)...
[TradingView] 1H 캡처 완료 (60)
[TradingView] 4H 캡처 완료 (240)
[TradingView] Daily 캡처 완료 (D)
[TradingView] Weekly 캡처 완료 (W)
[TradingView] Monthly 캡처 완료 (M)
[[SP500 차트분석]] AVGO 차트 5개 처리 완료
[TradingView] AMAT 브라우저 세션 시작  (로그인 세션)...
[TradingView] 1H 캡처 완료 (60)
[TradingView] 4H 캡처 완료 (240)
[TradingView] Daily 캡처 완료 (D)
[TradingView] Weekly 캡처 완료 (W)
[TradingView] Monthly 캡처 완료 (M)
[[SP500 차트분석]] AMAT 차트 5개 처리 완료
[TradingView] DVN 브라우저 세션 시작  (로그인 세션)...
[TradingView] 1H 캡처 완료 (60)
[TradingView] 4H 캡처 완료 (240)
[TradingView] Daily 캡처 완료 (D)
[TradingView] Weekly 캡처 완료 (W)
[TradingView] Monthly 캡처 완료 (M)
[[SP500 차트분석]] DVN 차트 5개 처리 완료
[TradingView] JNJ 브라우저 세션 시작  (로그인 세션)...
[TradingView] 1H 캡처 완료 (60)
[TradingView] 4H 캡처 완료 (240)
[TradingView] Daily 캡처 완료 (D)
[TradingView] Weekly 캡처 완료 (W)
[TradingView] Monthly 캡처 완료 (M)
[[SP500 차트분석]] JNJ 차트 5개 처리 완료
[TradingView] GEV 브라우저 세션 시작  (로그인 세션)...
[TradingView] 1H 캡처 완료 (60)
[TradingView] 4H 캡처 완료 (240)
[TradingView] Daily 캡처 완료 (D)
[TradingView] Weekly 캡처 완료 (W)
[TradingView] Monthly 캡처 완료 (M)
[[SP500 차트분석]] GEV 차트 5개 처리 완료
[TradingView] C 브라우저 세션 시작  (로그인 세션)...
[TradingView] 1H 캡처 완료 (60)
[TradingView] 4H 캡처 완료 (240)
[TradingView] Daily 캡처 완료 (D)
[TradingView] Weekly 캡처 완료 (W)
[TradingView] Monthly 캡처 완료 (M)
[[SP500 차트분석]] C 차트 5개 처리 완료
[TradingView] ANET 브라우저 세션 시작  (로그인 세션)...
[TradingView] 1H 캡처 완료 (60)
[TradingView] 4H 캡처 완료 (240)
[TradingView] Daily 캡처 완료 (D)
[TradingView] Weekly 캡처 완료 (W)
[TradingView] Monthly 캡처 완료 (M)
[[SP500 차트분석]] ANET 차트 5개 처리 완료
[TradingView] ETN 브라우저 세션 시작  (로그인 세션)...
[TradingView] 1H 캡처 완료 (60)
[TradingView] 4H 캡처 완료 (240)
[TradingView] Daily 캡처 완료 (D)
[TradingView] Weekly 캡처 완료 (W)
[TradingView] Monthly 캡처 완료 (M)
[[SP500 차트분석]] ETN 차트 5개 처리 완료
[TradingView] AZO 브라우저 세션 시작  (로그인 세션)...
[TradingView] 1H 캡처 완료 (60)
[TradingView] 4H 캡처 완료 (240)
[TradingView] Daily 캡처 완료 (D)
[TradingView] Weekly 캡처 완료 (W)
[TradingView] Monthly 캡처 완료 (M)
[[SP500 차트분석]] AZO 차트 5개 처리 완료
[TradingView] NEM 브라우저 세션 시작  (로그인 세션)...
[TradingView] 1H 캡처 완료 (60)
[TradingView] 4H 캡처 완료 (240)
[TradingView] Daily 캡처 완료 (D)
[TradingView] Weekly 캡처 완료 (W)
[TradingView] Monthly 캡처 완료 (M)
[[SP500 차트분석]] NEM 차트 5개 처리 완료
[TradingView] INTU 브라우저 세션 시작  (로그인 세션)...
[TradingView] 1H 캡처 완료 (60)
[TradingView] 4H 캡처 완료 (240)
[TradingView] Daily 캡처 완료 (D)
[TradingView] Weekly 캡처 완료 (W)
[TradingView] Monthly 캡처 완료 (M)
[[SP500 차트분석]] INTU 차트 5개 처리 완료
[TradingView] ZTS 브라우저 세션 시작  (로그인 세션)...
[TradingView] 1H 캡처 완료 (60)
[TradingView] 4H 캡처 완료 (240)
[TradingView] Daily 캡처 완료 (D)
[TradingView] Weekly 캡처 완료 (W)
[TradingView] Monthly 캡처 완료 (M)
[[SP500 차트분석]] ZTS 차트 5개 처리 완료
[TradingView] TMO 브라우저 세션 시작  (로그인 세션)...
[TradingView] 1H 캡처 완료 (60)
[TradingView] 4H 캡처 완료 (240)
[TradingView] Daily 캡처 완료 (D)
[TradingView] Weekly 캡처 완료 (W)
[TradingView] Monthly 캡처 완료 (M)
[[SP500 차트분석]] TMO 차트 5개 처리 완료
[TradingView] PLTR 브라우저 세션 시작  (로그인 세션)...
[TradingView] 1H 캡처 완료 (60)
[TradingView] 4H 캡처 완료 (240)
[TradingView] Daily 캡처 완료 (D)
[TradingView] Weekly 캡처 완료 (W)
[TradingView] Monthly 캡처 완료 (M)
[[SP500 차트분석]] PLTR 차트 5개 처리 완료
[TradingView] ISRG 브라우저 세션 시작  (로그인 세션)...
[TradingView] 1H 캡처 완료 (60)
[TradingView] 4H 캡처 완료 (240)
[TradingView] Daily 캡처 완료 (D)
[TradingView] Weekly 캡처 완료 (W)
[TradingView] Monthly 캡처 완료 (M)
[[SP500 차트분석]] ISRG 차트 5개 처리 완료
[TradingView] VXX 브라우저 세션 시작  (로그인 세션)...
[TradingView] 1H 캡처 완료 (60)
[TradingView] 4H 캡처 완료 (240)
[TradingView] Daily 캡처 완료 (D)
[TradingView] Weekly 캡처 완료 (W)
[TradingView] Monthly 캡처 완료 (M)
[[SP500 차트분석]] VXX 차트 5개 처리 완료
[TradingView] 티커 매핑 적용: NBM.V -> NBM
[TradingView] NBM.V 브라우저 세션 시작  (로그인 세션)...
[TradingView] 1H 캡처 완료 (60)
[TradingView] 4H 캡처 완료 (240)
[TradingView] Daily 캡처 완료 (D)
[TradingView] Weekly 캡처 완료 (W)
[TradingView] Monthly 캡처 완료 (M)
[[SP500 차트분석]] NBM.V 차트 5개 처리 완료
[[SP500 차트분석]] 차트 캡처 완료
[[SP500 차트분석]] GitHub에 차트 이미지 푸시 중...
[main 9c286cc] Update chart screenshots 1779484370
 750 files changed, 0 insertions(+), 0 deletions(-)
 delete mode 100644 charts/screenshots/AAPL/AAPL_1H_20260522_182914.png
 create mode 100644 charts/screenshots/AAPL/AAPL_1H_20260522_204832.png
 delete mode 100644 charts/screenshots/AAPL/AAPL_4H_20260522_182914.png
 create mode 100644 charts/screenshots/AAPL/AAPL_4H_20260522_204832.png
 delete mode 100644 charts/screenshots/AAPL/AAPL_Daily_20260522_182914.png
 create mode 100644 charts/screenshots/AAPL/AAPL_Daily_20260522_204832.png
 delete mode 100644 charts/screenshots/AAPL/AAPL_Monthly_20260522_182914.png
 create mode 100644 charts/screenshots/AAPL/AAPL_Monthly_20260522_204832.png
 delete mode 100644 charts/screenshots/AAPL/AAPL_Weekly_20260522_182914.png
 create mode 100644 charts/screenshots/AAPL/AAPL_Weekly_20260522_204832.png
 delete mode 100644 charts/screenshots/ADI/ADI_1H_20260522_180716.png
 create mode 100644 charts/screenshots/ADI/ADI_1H_20260522_202509.png
 delete mode 100644 charts/screenshots/ADI/ADI_4H_20260522_180716.png
 create mode 100644 charts/screenshots/ADI/ADI_4H_20260522_202509.png
 delete mode 100644 charts/screenshots/ADI/ADI_Daily_20260522_180716.png
 create mode 100644 charts/screenshots/ADI/ADI_Daily_20260522_202509.png
 delete mode 100644 charts/screenshots/ADI/ADI_Monthly_20260522_180716.png
 create mode 100644 charts/screenshots/ADI/ADI_Monthly_20260522_202509.png
 delete mode 100644 charts/screenshots/ADI/ADI_Weekly_20260522_180716.png
 create mode 100644 charts/screenshots/ADI/ADI_Weekly_20260522_202509.png
 delete mode 100644 charts/screenshots/AKAM/AKAM_1H_20260522_180754.png
 create mode 100644 charts/screenshots/AKAM/AKAM_1H_20260522_202549.png
 delete mode 100644 charts/screenshots/AKAM/AKAM_4H_20260522_180754.png
 create mode 100644 charts/screenshots/AKAM/AKAM_4H_20260522_202549.png
 delete mode 100644 charts/screenshots/AKAM/AKAM_Daily_20260522_180754.png
 create mode 100644 charts/screenshots/AKAM/AKAM_Daily_20260522_202549.png
 delete mode 100644 charts/screenshots/AKAM/AKAM_Monthly_20260522_180754.png
 create mode 100644 charts/screenshots/AKAM/AKAM_Monthly_20260522_202549.png
 delete mode 100644 charts/screenshots/AKAM/AKAM_Weekly_20260522_180754.png
 create mode 100644 charts/screenshots/AKAM/AKAM_Weekly_20260522_202549.png
 delete mode 100644 charts/screenshots/AMAT/AMAT_1H_20260522_184321.png
 create mode 100644 charts/screenshots/AMAT/AMAT_1H_20260522_210212.png
 delete mode 100644 charts/screenshots/AMAT/AMAT_4H_20260522_184321.png
 create mode 100644 charts/screenshots/AMAT/AMAT_4H_20260522_210212.png
 delete mode 100644 charts/screenshots/AMAT/AMAT_Daily_20260522_184321.png
 create mode 100644 charts/screenshots/AMAT/AMAT_Daily_20260522_210212.png
 delete mode 100644 charts/screenshots/AMAT/AMAT_Monthly_20260522_184321.png
 create mode 100644 charts/screenshots/AMAT/AMAT_Monthly_20260522_210212.png
 delete mode 100644 charts/screenshots/AMAT/AMAT_Weekly_20260522_184321.png
 create mode 100644 charts/screenshots/AMAT/AMAT_Weekly_20260522_210212.png
 delete mode 100644 charts/screenshots/AMD/AMD_1H_20260522_180912.png
 create mode 100644 charts/screenshots/AMD/AMD_1H_20260522_202824.png
 delete mode 100644 charts/screenshots/AMD/AMD_4H_20260522_180912.png
 create mode 100644 charts/screenshots/AMD/AMD_4H_20260522_202824.png
 delete mode 100644 charts/screenshots/AMD/AMD_Daily_20260522_180912.png
 create mode 100644 charts/screenshots/AMD/AMD_Daily_20260522_202824.png
 delete mode 100644 charts/screenshots/AMD/AMD_Monthly_20260522_180912.png
 create mode 100644 charts/screenshots/AMD/AMD_Monthly_20260522_202824.png
 delete mode 100644 charts/screenshots/AMD/AMD_Weekly_20260522_180912.png
 create mode 100644 charts/screenshots/AMD/AMD_Weekly_20260522_202824.png
 delete mode 100644 charts/screenshots/AMZN/AMZN_1H_20260522_181931.png
 create mode 100644 charts/screenshots/AMZN/AMZN_1H_20260522_203847.png
 delete mode 100644 charts/screenshots/AMZN/AMZN_4H_20260522_181931.png
 create mode 100644 charts/screenshots/AMZN/AMZN_4H_20260522_203847.png
 delete mode 100644 charts/screenshots/AMZN/AMZN_Daily_20260522_181931.png
 create mode 100644 charts/screenshots/AMZN/AMZN_Daily_20260522_203847.png
 delete mode 100644 charts/screenshots/AMZN/AMZN_Monthly_20260522_181931.png
 create mode 100644 charts/screenshots/AMZN/AMZN_Monthly_20260522_203847.png
 delete mode 100644 charts/screenshots/AMZN/AMZN_Weekly_20260522_181931.png
 create mode 100644 charts/screenshots/AMZN/AMZN_Weekly_20260522_203847.png
 delete mode 100644 charts/screenshots/ANET/ANET_1H_20260522_184750.png
 create mode 100644 charts/screenshots/ANET/ANET_1H_20260522_210527.png
 delete mode 100644 charts/screenshots/ANET/ANET_4H_20260522_184750.png
 create mode 100644 charts/screenshots/ANET/ANET_4H_20260522_210527.png
 delete mode 100644 charts/screenshots/ANET/ANET_Daily_20260522_184750.png
 create mode 100644 charts/screenshots/ANET/ANET_Daily_20260522_210527.png
 delete mode 100644 charts/screenshots/ANET/ANET_Monthly_20260522_184750.png
 create mode 100644 charts/screenshots/ANET/ANET_Monthly_20260522_210527.png
 delete mode 100644 charts/screenshots/ANET/ANET_Weekly_20260522_184750.png
 create mode 100644 charts/screenshots/ANET/ANET_Weekly_20260522_210527.png
 delete mode 100644 charts/screenshots/ASML/ASML_1H_20260522_183344.png
 create mode 100644 charts/screenshots/ASML/ASML_1H_20260522_204241.png
 delete mode 100644 charts/screenshots/ASML/ASML_4H_20260522_183344.png
 create mode 100644 charts/screenshots/ASML/ASML_4H_20260522_204241.png
 delete mode 100644 charts/screenshots/ASML/ASML_Daily_20260522_183344.png
 create mode 100644 charts/screenshots/ASML/ASML_Daily_20260522_204241.png
 delete mode 100644 charts/screenshots/ASML/ASML_Monthly_20260522_183344.png
 create mode 100644 charts/screenshots/ASML/ASML_Monthly_20260522_204241.png
 delete mode 100644 charts/screenshots/ASML/ASML_Weekly_20260522_183344.png
 create mode 100644 charts/screenshots/ASML/ASML_Weekly_20260522_204241.png
 delete mode 100644 charts/screenshots/AVGO/AVGO_1H_20260522_184047.png
 create mode 100644 charts/screenshots/AVGO/AVGO_1H_20260522_210134.png
 delete mode 100644 charts/screenshots/AVGO/AVGO_4H_20260522_184047.png
 create mode 100644 charts/screenshots/AVGO/AVGO_4H_20260522_210134.png
 delete mode 100644 charts/screenshots/AVGO/AVGO_Daily_20260522_184047.png
 create mode 100644 charts/screenshots/AVGO/AVGO_Daily_20260522_210134.png
 delete mode 100644 charts/screenshots/AVGO/AVGO_Monthly_20260522_184047.png
 create mode 100644 charts/screenshots/AVGO/AVGO_Monthly_20260522_210134.png
 delete mode 100644 charts/screenshots/AVGO/AVGO_Weekly_20260522_184047.png
 create mode 100644 charts/screenshots/AVGO/AVGO_Weekly_20260522_210134.png
 delete mode 100644 charts/screenshots/AZO/AZO_1H_20260522_185141.png
 create mode 100644 charts/screenshots/AZO/AZO_1H_20260522_210645.png
 delete mode 100644 charts/screenshots/AZO/AZO_4H_20260522_185141.png
 create mode 100644 charts/screenshots/AZO/AZO_4H_20260522_210645.png
 delete mode 100644 charts/screenshots/AZO/AZO_Daily_20260522_185141.png
 create mode 100644 charts/screenshots/AZO/AZO_Daily_20260522_210645.png
 delete mode 100644 charts/screenshots/AZO/AZO_Monthly_20260522_185141.png
 create mode 100644 charts/screenshots/AZO/AZO_Monthly_20260522_210645.png
 delete mode 100644 charts/screenshots/AZO/AZO_Weekly_20260522_185141.png
 create mode 100644 charts/screenshots/AZO/AZO_Weekly_20260522_210645.png
 delete mode 100644 charts/screenshots/BA/BA_1H_20260522_184828.png
 delete mode 100644 charts/screenshots/BA/BA_4H_20260522_184828.png
 delete mode 100644 charts/screenshots/BA/BA_Daily_20260522_184828.png
 delete mode 100644 charts/screenshots/BA/BA_Monthly_20260522_184828.png
 delete mode 100644 charts/screenshots/BA/BA_Weekly_20260522_184828.png
 delete mode 100644 charts/screenshots/C/C_1H_20260522_184633.png
 create mode 100644 charts/screenshots/C/C_1H_20260522_210448.png
 delete mode 100644 charts/screenshots/C/C_4H_20260522_184633.png
 create mode 100644 charts/screenshots/C/C_4H_20260522_210448.png
 delete mode 100644 charts/screenshots/C/C_Daily_20260522_184633.png
 create mode 100644 charts/screenshots/C/C_Daily_20260522_210448.png
 delete mode 100644 charts/screenshots/C/C_Monthly_20260522_184633.png
 create mode 100644 charts/screenshots/C/C_Monthly_20260522_210448.png
 delete mode 100644 charts/screenshots/C/C_Weekly_20260522_184633.png
 create mode 100644 charts/screenshots/C/C_Weekly_20260522_210448.png
 delete mode 100644 charts/screenshots/CAT/CAT_1H_20260522_182403.png
 create mode 100644 charts/screenshots/CAT/CAT_1H_20260522_204320.png
 delete mode 100644 charts/screenshots/CAT/CAT_4H_20260522_182403.png
 create mode 100644 charts/screenshots/CAT/CAT_4H_20260522_204320.png
 delete mode 100644 charts/screenshots/CAT/CAT_Daily_20260522_182403.png
 create mode 100644 charts/screenshots/CAT/CAT_Daily_20260522_204320.png
 delete mode 100644 charts/screenshots/CAT/CAT_Monthly_20260522_182403.png
 create mode 100644 charts/screenshots/CAT/CAT_Monthly_20260522_204320.png
 delete mode 100644 charts/screenshots/CAT/CAT_Weekly_20260522_182403.png
 create mode 100644 charts/screenshots/CAT/CAT_Weekly_20260522_204320.png
 delete mode 100644 charts/screenshots/CDNS/CDNS_1H_20260522_183853.png
 create mode 100644 charts/screenshots/CDNS/CDNS_1H_20260522_205820.png
 delete mode 100644 charts/screenshots/CDNS/CDNS_4H_20260522_183853.png
 create mode 100644 charts/screenshots/CDNS/CDNS_4H_20260522_205820.png
 delete mode 100644 charts/screenshots/CDNS/CDNS_Daily_20260522_183853.png
 create mode 100644 charts/screenshots/CDNS/CDNS_Daily_20260522_205820.png
 delete mode 100644 charts/screenshots/CDNS/CDNS_Monthly_20260522_183853.png
 create mode 100644 charts/screenshots/CDNS/CDNS_Monthly_20260522_205820.png
 delete mode 100644 charts/screenshots/CDNS/CDNS_Weekly_20260522_183853.png
 create mode 100644 charts/screenshots/CDNS/CDNS_Weekly_20260522_205820.png
 delete mode 100644 charts/screenshots/COP/COP_1H_20260522_184242.png
 create mode 100644 charts/screenshots/COP/COP_1H_20260522_205937.png
 delete mode 100644 charts/screenshots/COP/COP_4H_20260522_184242.png
 create mode 100644 charts/screenshots/COP/COP_4H_20260522_205937.png
 delete mode 100644 charts/screenshots/COP/COP_Daily_20260522_184242.png
 create mode 100644 charts/screenshots/COP/COP_Daily_20260522_205937.png
 delete mode 100644 charts/screenshots/COP/COP_Monthly_20260522_184242.png
 create mode 100644 charts/screenshots/COP/COP_Monthly_20260522_205937.png
 delete mode 100644 charts/screenshots/COP/COP_Weekly_20260522_184242.png
 create mode 100644 charts/screenshots/COP/COP_Weekly_20260522_205937.png
 delete mode 100644 charts/screenshots/COST/COST_1H_20260522_183149.png
 create mode 100644 charts/screenshots/COST/COST_1H_20260522_205109.png
 delete mode 100644 charts/screenshots/COST/COST_4H_20260522_183149.png
 create mode 100644 charts/screenshots/COST/COST_4H_20260522_205109.png
 delete mode 100644 charts/screenshots/COST/COST_Daily_20260522_183149.png
 create mode 100644 charts/screenshots/COST/COST_Daily_20260522_205109.png
 delete mode 100644 charts/screenshots/COST/COST_Monthly_20260522_183149.png
 create mode 100644 charts/screenshots/COST/COST_Monthly_20260522_205109.png
 delete mode 100644 charts/screenshots/COST/COST_Weekly_20260522_183149.png
 create mode 100644 charts/screenshots/COST/COST_Weekly_20260522_205109.png
 delete mode 100644 charts/screenshots/CRWD/CRWD_1H_20260522_182952.png
 create mode 100644 charts/screenshots/CRWD/CRWD_1H_20260522_204911.png
 delete mode 100644 charts/screenshots/CRWD/CRWD_4H_20260522_182952.png
 create mode 100644 charts/screenshots/CRWD/CRWD_4H_20260522_204911.png
 delete mode 100644 charts/screenshots/CRWD/CRWD_Daily_20260522_182952.png
 create mode 100644 charts/screenshots/CRWD/CRWD_Daily_20260522_204911.png
 delete mode 100644 charts/screenshots/CRWD/CRWD_Monthly_20260522_182952.png
 create mode 100644 charts/screenshots/CRWD/CRWD_Monthly_20260522_204911.png
 delete mode 100644 charts/screenshots/CRWD/CRWD_Weekly_20260522_182952.png
 create mode 100644 charts/screenshots/CRWD/CRWD_Weekly_20260522_204911.png
 delete mode 100644 charts/screenshots/CSCO/CSCO_1H_20260522_182835.png
 create mode 100644 charts/screenshots/CSCO/CSCO_1H_20260522_204714.png
 delete mode 100644 charts/screenshots/CSCO/CSCO_4H_20260522_182835.png
 create mode 100644 charts/screenshots/CSCO/CSCO_4H_20260522_204714.png
 delete mode 100644 charts/screenshots/CSCO/CSCO_Daily_20260522_182835.png
 create mode 100644 charts/screenshots/CSCO/CSCO_Daily_20260522_204714.png
 delete mode 100644 charts/screenshots/CSCO/CSCO_Monthly_20260522_182835.png
 create mode 100644 charts/screenshots/CSCO/CSCO_Monthly_20260522_204714.png
 delete mode 100644 charts/screenshots/CSCO/CSCO_Weekly_20260522_182835.png
 create mode 100644 charts/screenshots/CSCO/CSCO_Weekly_20260522_204714.png
 delete mode 100644 charts/screenshots/CVS/CVS_1H_20260522_180950.png
 create mode 100644 charts/screenshots/CVS/CVS_1H_20260522_202903.png
 delete mode 100644 charts/screenshots/CVS/CVS_4H_20260522_180950.png
 create mode 100644 charts/screenshots/CVS/CVS_4H_20260522_202903.png
 delete mode 100644 charts/screenshots/CVS/CVS_Daily_20260522_180950.png
 create mode 100644 charts/screenshots/CVS/CVS_Daily_20260522_202903.png
 delete mode 100644 charts/screenshots/CVS/CVS_Monthly_20260522_180950.png
 create mode 100644 charts/screenshots/CVS/CVS_Monthly_20260522_202903.png
 delete mode 100644 charts/screenshots/CVS/CVS_Weekly_20260522_180950.png
 create mode 100644 charts/screenshots/CVS/CVS_Weekly_20260522_202903.png
 delete mode 100644 charts/screenshots/CVX/CVX_1H_20260522_182128.png
 create mode 100644 charts/screenshots/CVX/CVX_1H_20260522_202351.png
 delete mode 100644 charts/screenshots/CVX/CVX_4H_20260522_182128.png
 create mode 100644 charts/screenshots/CVX/CVX_4H_20260522_202351.png
 delete mode 100644 charts/screenshots/CVX/CVX_Daily_20260522_182128.png
 create mode 100644 charts/screenshots/CVX/CVX_Daily_20260522_202351.png
 delete mode 100644 charts/screenshots/CVX/CVX_Monthly_20260522_182128.png
 create mode 100644 charts/screenshots/CVX/CVX_Monthly_20260522_202351.png
 delete mode 100644 charts/screenshots/CVX/CVX_Weekly_20260522_182128.png
 create mode 100644 charts/screenshots/CVX/CVX_Weekly_20260522_202351.png
 delete mode 100644 charts/screenshots/DDOG/DDOG_1H_20260522_183031.png
 create mode 100644 charts/screenshots/DDOG/DDOG_1H_20260522_204951.png
 delete mode 100644 charts/screenshots/DDOG/DDOG_4H_20260522_183031.png
 create mode 100644 charts/screenshots/DDOG/DDOG_4H_20260522_204951.png
 delete mode 100644 charts/screenshots/DDOG/DDOG_Daily_20260522_183031.png
 create mode 100644 charts/screenshots/DDOG/DDOG_Daily_20260522_204951.png
 delete mode 100644 charts/screenshots/DDOG/DDOG_Monthly_20260522_183031.png
 create mode 100644 charts/screenshots/DDOG/DDOG_Monthly_20260522_204951.png
 delete mode 100644 charts/screenshots/DDOG/DDOG_Weekly_20260522_183031.png
 create mode 100644 charts/screenshots/DDOG/DDOG_Weekly_20260522_204951.png
 delete mode 100644 charts/screenshots/DELL/DELL_1H_20260522_183539.png
 create mode 100644 charts/screenshots/DELL/DELL_1H_20260522_205504.png
 delete mode 100644 charts/screenshots/DELL/DELL_4H_20260522_183539.png
 create mode 100644 charts/screenshots/DELL/DELL_4H_20260522_205504.png
 delete mode 100644 charts/screenshots/DELL/DELL_Daily_20260522_183539.png
 create mode 100644 charts/screenshots/DELL/DELL_Daily_20260522_205504.png
 delete mode 100644 charts/screenshots/DELL/DELL_Monthly_20260522_183539.png
 create mode 100644 charts/screenshots/DELL/DELL_Monthly_20260522_205504.png
 delete mode 100644 charts/screenshots/DELL/DELL_Weekly_20260522_183539.png
 create mode 100644 charts/screenshots/DELL/DELL_Weekly_20260522_205504.png
 delete mode 100644 charts/screenshots/DVN/DVN_1H_20260522_184711.png
 create mode 100644 charts/screenshots/DVN/DVN_1H_20260522_210251.png
 delete mode 100644 charts/screenshots/DVN/DVN_4H_20260522_184711.png
 create mode 100644 charts/screenshots/DVN/DVN_4H_20260522_210251.png
 delete mode 100644 charts/screenshots/DVN/DVN_Daily_20260522_184711.png
 create mode 100644 charts/screenshots/DVN/DVN_Daily_20260522_210251.png
 delete mode 100644 charts/screenshots/DVN/DVN_Monthly_20260522_184711.png
 create mode 100644 charts/screenshots/DVN/DVN_Monthly_20260522_210251.png
 delete mode 100644 charts/screenshots/DVN/DVN_Weekly_20260522_184711.png
 create mode 100644 charts/screenshots/DVN/DVN_Weekly_20260522_210251.png
 delete mode 100644 charts/screenshots/EBAY/EBAY_1H_20260522_181028.png
 create mode 100644 charts/screenshots/EBAY/EBAY_1H_20260522_202942.png
 delete mode 100644 charts/screenshots/EBAY/EBAY_4H_20260522_181028.png
 create mode 100644 charts/screenshots/EBAY/EBAY_4H_20260522_202942.png
 delete mode 100644 charts/screenshots/EBAY/EBAY_Daily_20260522_181028.png
 create mode 100644 charts/screenshots/EBAY/EBAY_Daily_20260522_202942.png
 delete mode 100644 charts/screenshots/EBAY/EBAY_Monthly_20260522_181028.png
 create mode 100644 charts/screenshots/EBAY/EBAY_Monthly_20260522_202942.png
 delete mode 100644 charts/screenshots/EBAY/EBAY_Weekly_20260522_181028.png
 create mode 100644 charts/screenshots/EBAY/EBAY_Weekly_20260522_202942.png
 create mode 100644 charts/screenshots/ETN/ETN_1H_20260522_210606.png
 create mode 100644 charts/screenshots/ETN/ETN_4H_20260522_210606.png
 create mode 100644 charts/screenshots/ETN/ETN_Daily_20260522_210606.png
 create mode 100644 charts/screenshots/ETN/ETN_Monthly_20260522_210606.png
 create mode 100644 charts/screenshots/ETN/ETN_Weekly_20260522_210606.png
 delete mode 100644 charts/screenshots/F/F_1H_20260522_182247.png
 create mode 100644 charts/screenshots/F/F_1H_20260522_202745.png
 delete mode 100644 charts/screenshots/F/F_4H_20260522_182247.png
 create mode 100644 charts/screenshots/F/F_4H_20260522_202745.png
 delete mode 100644 charts/screenshots/F/F_Daily_20260522_182247.png
 create mode 100644 charts/screenshots/F/F_Daily_20260522_202745.png
 delete mode 100644 charts/screenshots/F/F_Monthly_20260522_182247.png
 create mode 100644 charts/screenshots/F/F_Monthly_20260522_202745.png
 delete mode 100644 charts/screenshots/F/F_Weekly_20260522_182247.png
 create mode 100644 charts/screenshots/F/F_Weekly_20260522_202745.png
 delete mode 100644 charts/screenshots/FCX/FCX_1H_20260522_183735.png
 create mode 100644 charts/screenshots/FCX/FCX_1H_20260522_205623.png
 delete mode 100644 charts/screenshots/FCX/FCX_4H_20260522_183735.png
 create mode 100644 charts/screenshots/FCX/FCX_4H_20260522_205623.png
 delete mode 100644 charts/screenshots/FCX/FCX_Daily_20260522_183735.png
 create mode 100644 charts/screenshots/FCX/FCX_Daily_20260522_205623.png
 delete mode 100644 charts/screenshots/FCX/FCX_Monthly_20260522_183735.png
 create mode 100644 charts/screenshots/FCX/FCX_Monthly_20260522_205623.png
 delete mode 100644 charts/screenshots/FCX/FCX_Weekly_20260522_183735.png
 create mode 100644 charts/screenshots/FCX/FCX_Weekly_20260522_205623.png
 delete mode 100644 charts/screenshots/GE/GE_1H_20260522_184515.png
 delete mode 100644 charts/screenshots/GE/GE_4H_20260522_184515.png
 delete mode 100644 charts/screenshots/GE/GE_Daily_20260522_184515.png
 delete mode 100644 charts/screenshots/GE/GE_Monthly_20260522_184515.png
 delete mode 100644 charts/screenshots/GE/GE_Weekly_20260522_184515.png
 delete mode 100644 charts/screenshots/GEV/GEV_1H_20260522_184554.png
 create mode 100644 charts/screenshots/GEV/GEV_1H_20260522_210409.png
 delete mode 100644 charts/screenshots/GEV/GEV_4H_20260522_184554.png
 create mode 100644 charts/screenshots/GEV/GEV_4H_20260522_210409.png
 delete mode 100644 charts/screenshots/GEV/GEV_Daily_20260522_184554.png
 create mode 100644 charts/screenshots/GEV/GEV_Daily_20260522_210409.png
 delete mode 100644 charts/screenshots/GEV/GEV_Monthly_20260522_184554.png
 create mode 100644 charts/screenshots/GEV/GEV_Monthly_20260522_210409.png
 delete mode 100644 charts/screenshots/GEV/GEV_Weekly_20260522_184554.png
 create mode 100644 charts/screenshots/GEV/GEV_Weekly_20260522_210409.png
 delete mode 100644 charts/screenshots/GLW/GLW_1H_20260522_182442.png
 create mode 100644 charts/screenshots/GLW/GLW_1H_20260522_204359.png
 delete mode 100644 charts/screenshots/GLW/GLW_4H_20260522_182442.png
 create mode 100644 charts/screenshots/GLW/GLW_4H_20260522_204359.png
 delete mode 100644 charts/screenshots/GLW/GLW_Daily_20260522_182442.png
 create mode 100644 charts/screenshots/GLW/GLW_Daily_20260522_204359.png
 delete mode 100644 charts/screenshots/GLW/GLW_Monthly_20260522_182442.png
 create mode 100644 charts/screenshots/GLW/GLW_Monthly_20260522_204359.png
 delete mode 100644 charts/screenshots/GLW/GLW_Weekly_20260522_182442.png
 create mode 100644 charts/screenshots/GLW/GLW_Weekly_20260522_204359.png
 delete mode 100644 charts/screenshots/GOOG/GOOG_1H_20260522_181107.png
 create mode 100644 charts/screenshots/GOOG/GOOG_1H_20260522_203021.png
 delete mode 100644 charts/screenshots/GOOG/GOOG_4H_20260522_181107.png
 create mode 100644 charts/screenshots/GOOG/GOOG_4H_20260522_203021.png
 delete mode 100644 charts/screenshots/GOOG/GOOG_Daily_20260522_181107.png
 create mode 100644 charts/screenshots/GOOG/GOOG_Daily_20260522_203021.png
 delete mode 100644 charts/screenshots/GOOG/GOOG_Monthly_20260522_181107.png
 create mode 100644 charts/screenshots/GOOG/GOOG_Monthly_20260522_203021.png
 delete mode 100644 charts/screenshots/GOOG/GOOG_Weekly_20260522_181107.png
 create mode 100644 charts/screenshots/GOOG/GOOG_Weekly_20260522_203021.png
 delete mode 100644 charts/screenshots/GOOGL/GOOGL_1H_20260522_181145.png
 create mode 100644 charts/screenshots/GOOGL/GOOGL_1H_20260522_203059.png
 delete mode 100644 charts/screenshots/GOOGL/GOOGL_4H_20260522_181145.png
 create mode 100644 charts/screenshots/GOOGL/GOOGL_4H_20260522_203059.png
 delete mode 100644 charts/screenshots/GOOGL/GOOGL_Daily_20260522_181145.png
 create mode 100644 charts/screenshots/GOOGL/GOOGL_Daily_20260522_203059.png
 delete mode 100644 charts/screenshots/GOOGL/GOOGL_Monthly_20260522_181145.png
 create mode 100644 charts/screenshots/GOOGL/GOOGL_Monthly_20260522_203059.png
 delete mode 100644 charts/screenshots/GOOGL/GOOGL_Weekly_20260522_181145.png
 create mode 100644 charts/screenshots/GOOGL/GOOGL_Weekly_20260522_203059.png
 delete mode 100644 charts/screenshots/GS/GS_1H_20260522_183423.png
 create mode 100644 charts/screenshots/GS/GS_1H_20260522_205228.png
 delete mode 100644 charts/screenshots/GS/GS_4H_20260522_183423.png
 create mode 100644 charts/screenshots/GS/GS_4H_20260522_205228.png
 delete mode 100644 charts/screenshots/GS/GS_Daily_20260522_183423.png
 create mode 100644 charts/screenshots/GS/GS_Daily_20260522_205228.png
 delete mode 100644 charts/screenshots/GS/GS_Monthly_20260522_183423.png
 create mode 100644 charts/screenshots/GS/GS_Monthly_20260522_205228.png
 delete mode 100644 charts/screenshots/GS/GS_Weekly_20260522_183423.png
 create mode 100644 charts/screenshots/GS/GS_Weekly_20260522_205228.png
 delete mode 100644 charts/screenshots/HON/HON_1H_20260522_184400.png
 create mode 100644 charts/screenshots/HON/HON_1H_20260522_210016.png
 delete mode 100644 charts/screenshots/HON/HON_4H_20260522_184400.png
 create mode 100644 charts/screenshots/HON/HON_4H_20260522_210016.png
 delete mode 100644 charts/screenshots/HON/HON_Daily_20260522_184400.png
 create mode 100644 charts/screenshots/HON/HON_Daily_20260522_210016.png
 delete mode 100644 charts/screenshots/HON/HON_Monthly_20260522_184400.png
 create mode 100644 charts/screenshots/HON/HON_Monthly_20260522_210016.png
 delete mode 100644 charts/screenshots/HON/HON_Weekly_20260522_184400.png
 create mode 100644 charts/screenshots/HON/HON_Weekly_20260522_210016.png
 delete mode 100644 charts/screenshots/INTC/INTC_1H_20260522_181223.png
 create mode 100644 charts/screenshots/INTC/INTC_1H_20260522_203138.png
 delete mode 100644 charts/screenshots/INTC/INTC_4H_20260522_181223.png
 create mode 100644 charts/screenshots/INTC/INTC_4H_20260522_203138.png
 delete mode 100644 charts/screenshots/INTC/INTC_Daily_20260522_181223.png
 create mode 100644 charts/screenshots/INTC/INTC_Daily_20260522_203138.png
 delete mode 100644 charts/screenshots/INTC/INTC_Monthly_20260522_181223.png
 create mode 100644 charts/screenshots/INTC/INTC_Monthly_20260522_203138.png
 delete mode 100644 charts/screenshots/INTC/INTC_Weekly_20260522_181223.png
 create mode 100644 charts/screenshots/INTC/INTC_Weekly_20260522_203138.png
 delete mode 100644 charts/screenshots/INTU/INTU_1H_20260522_184907.png
 create mode 100644 charts/screenshots/INTU/INTU_1H_20260522_210803.png
 delete mode 100644 charts/screenshots/INTU/INTU_4H_20260522_184907.png
 create mode 100644 charts/screenshots/INTU/INTU_4H_20260522_210803.png
 delete mode 100644 charts/screenshots/INTU/INTU_Daily_20260522_184907.png
 create mode 100644 charts/screenshots/INTU/INTU_Daily_20260522_210803.png
 delete mode 100644 charts/screenshots/INTU/INTU_Monthly_20260522_184907.png
 create mode 100644 charts/screenshots/INTU/INTU_Monthly_20260522_210803.png
 delete mode 100644 charts/screenshots/INTU/INTU_Weekly_20260522_184907.png
 create mode 100644 charts/screenshots/INTU/INTU_Weekly_20260522_210803.png
 delete mode 100644 charts/screenshots/ISRG/ISRG_1H_20260522_185102.png
 create mode 100644 charts/screenshots/ISRG/ISRG_1H_20260522_211043.png
 delete mode 100644 charts/screenshots/ISRG/ISRG_4H_20260522_185102.png
 create mode 100644 charts/screenshots/ISRG/ISRG_4H_20260522_211043.png
 delete mode 100644 charts/screenshots/ISRG/ISRG_Daily_20260522_185102.png
 create mode 100644 charts/screenshots/ISRG/ISRG_Daily_20260522_211043.png
 delete mode 100644 charts/screenshots/ISRG/ISRG_Monthly_20260522_185102.png
 create mode 100644 charts/screenshots/ISRG/ISRG_Monthly_20260522_211043.png
 delete mode 100644 charts/screenshots/ISRG/ISRG_Weekly_20260522_185102.png
 create mode 100644 charts/screenshots/ISRG/ISRG_Weekly_20260522_211043.png
 delete mode 100644 charts/screenshots/IWM/IWM_1H_20260522_183931.png
 create mode 100644 charts/screenshots/IWM/IWM_1H_20260522_205859.png
 delete mode 100644 charts/screenshots/IWM/IWM_4H_20260522_183931.png
 create mode 100644 charts/screenshots/IWM/IWM_4H_20260522_205859.png
 delete mode 100644 charts/screenshots/IWM/IWM_Daily_20260522_183931.png
 create mode 100644 charts/screenshots/IWM/IWM_Daily_20260522_205859.png
 delete mode 100644 charts/screenshots/IWM/IWM_Monthly_20260522_183931.png
 create mode 100644 charts/screenshots/IWM/IWM_Monthly_20260522_205859.png
 delete mode 100644 charts/screenshots/IWM/IWM_Weekly_20260522_183931.png
 create mode 100644 charts/screenshots/IWM/IWM_Weekly_20260522_205859.png
 delete mode 100644 charts/screenshots/JNJ/JNJ_1H_20260522_184437.png
 create mode 100644 charts/screenshots/JNJ/JNJ_1H_20260522_210330.png
 delete mode 100644 charts/screenshots/JNJ/JNJ_4H_20260522_184437.png
 create mode 100644 charts/screenshots/JNJ/JNJ_4H_20260522_210330.png
 delete mode 100644 charts/screenshots/JNJ/JNJ_Daily_20260522_184437.png
 create mode 100644 charts/screenshots/JNJ/JNJ_Daily_20260522_210330.png
 delete mode 100644 charts/screenshots/JNJ/JNJ_Monthly_20260522_184437.png
 create mode 100644 charts/screenshots/JNJ/JNJ_Monthly_20260522_210330.png
 delete mode 100644 charts/screenshots/JNJ/JNJ_Weekly_20260522_184437.png
 create mode 100644 charts/screenshots/JNJ/JNJ_Weekly_20260522_210330.png
 delete mode 100644 charts/screenshots/KLAC/KLAC_1H_20260522_184125.png
 create mode 100644 charts/screenshots/KLAC/KLAC_1H_20260522_210055.png
 delete mode 100644 charts/screenshots/KLAC/KLAC_4H_20260522_184125.png
 create mode 100644 charts/screenshots/KLAC/KLAC_4H_20260522_210055.png
 delete mode 100644 charts/screenshots/KLAC/KLAC_Daily_20260522_184125.png
 create mode 100644 charts/screenshots/KLAC/KLAC_Daily_20260522_210055.png
 delete mode 100644 charts/screenshots/KLAC/KLAC_Monthly_20260522_184125.png
 create mode 100644 charts/screenshots/KLAC/KLAC_Monthly_20260522_210055.png
 delete mode 100644 charts/screenshots/KLAC/KLAC_Weekly_20260522_184125.png
 create mode 100644 charts/screenshots/KLAC/KLAC_Weekly_20260522_210055.png
 delete mode 100644 charts/screenshots/KO/KO_1H_20260522_181302.png
 create mode 100644 charts/screenshots/KO/KO_1H_20260522_203217.png
 delete mode 100644 charts/screenshots/KO/KO_4H_20260522_181302.png
 create mode 100644 charts/screenshots/KO/KO_4H_20260522_203217.png
 delete mode 100644 charts/screenshots/KO/KO_Daily_20260522_181302.png
 create mode 100644 charts/screenshots/KO/KO_Daily_20260522_203217.png
 delete mode 100644 charts/screenshots/KO/KO_Monthly_20260522_181302.png
 create mode 100644 charts/screenshots/KO/KO_Monthly_20260522_203217.png
 delete mode 100644 charts/screenshots/KO/KO_Weekly_20260522_181302.png
 create mode 100644 charts/screenshots/KO/KO_Weekly_20260522_203217.png
 delete mode 100644 charts/screenshots/LIN/LIN_1H_20260522_183814.png
 create mode 100644 charts/screenshots/LIN/LIN_1H_20260522_205741.png
 delete mode 100644 charts/screenshots/LIN/LIN_4H_20260522_183814.png
 create mode 100644 charts/screenshots/LIN/LIN_4H_20260522_205741.png
 delete mode 100644 charts/screenshots/LIN/LIN_Daily_20260522_183814.png
 create mode 100644 charts/screenshots/LIN/LIN_Daily_20260522_205741.png
 delete mode 100644 charts/screenshots/LIN/LIN_Monthly_20260522_183814.png
 create mode 100644 charts/screenshots/LIN/LIN_Monthly_20260522_205741.png
 delete mode 100644 charts/screenshots/LIN/LIN_Weekly_20260522_183814.png
 create mode 100644 charts/screenshots/LIN/LIN_Weekly_20260522_205741.png
 delete mode 100644 charts/screenshots/LLY/LLY_1H_20260522_182521.png
 create mode 100644 charts/screenshots/LLY/LLY_1H_20260522_204438.png
 delete mode 100644 charts/screenshots/LLY/LLY_4H_20260522_182521.png
 create mode 100644 charts/screenshots/LLY/LLY_4H_20260522_204438.png
 delete mode 100644 charts/screenshots/LLY/LLY_Daily_20260522_182521.png
 create mode 100644 charts/screenshots/LLY/LLY_Daily_20260522_204438.png
 delete mode 100644 charts/screenshots/LLY/LLY_Monthly_20260522_182521.png
 create mode 100644 charts/screenshots/LLY/LLY_Monthly_20260522_204438.png
 delete mode 100644 charts/screenshots/LLY/LLY_Weekly_20260522_182521.png
 create mode 100644 charts/screenshots/LLY/LLY_Weekly_20260522_204438.png
 delete mode 100644 charts/screenshots/LRCX/LRCX_1H_20260522_182600.png
 create mode 100644 charts/screenshots/LRCX/LRCX_1H_20260522_204517.png
 delete mode 100644 charts/screenshots/LRCX/LRCX_4H_20260522_182600.png
 create mode 100644 charts/screenshots/LRCX/LRCX_4H_20260522_204517.png
 delete mode 100644 charts/screenshots/LRCX/LRCX_Daily_20260522_182600.png
 create mode 100644 charts/screenshots/LRCX/LRCX_Daily_20260522_204517.png
 delete mode 100644 charts/screenshots/LRCX/LRCX_Monthly_20260522_182600.png
 create mode 100644 charts/screenshots/LRCX/LRCX_Monthly_20260522_204517.png
 delete mode 100644 charts/screenshots/LRCX/LRCX_Weekly_20260522_182600.png
 create mode 100644 charts/screenshots/LRCX/LRCX_Weekly_20260522_204517.png
 delete mode 100644 charts/screenshots/MCHP/MCHP_1H_20260522_181341.png
 create mode 100644 charts/screenshots/MCHP/MCHP_1H_20260522_203256.png
 delete mode 100644 charts/screenshots/MCHP/MCHP_4H_20260522_181341.png
 create mode 100644 charts/screenshots/MCHP/MCHP_4H_20260522_203256.png
 delete mode 100644 charts/screenshots/MCHP/MCHP_Daily_20260522_181341.png
 create mode 100644 charts/screenshots/MCHP/MCHP_Daily_20260522_203256.png
 delete mode 100644 charts/screenshots/MCHP/MCHP_Monthly_20260522_181341.png
 create mode 100644 charts/screenshots/MCHP/MCHP_Monthly_20260522_203256.png
 delete mode 100644 charts/screenshots/MCHP/MCHP_Weekly_20260522_181341.png
 create mode 100644 charts/screenshots/MCHP/MCHP_Weekly_20260522_203256.png
 delete mode 100644 charts/screenshots/MPWR/MPWR_1H_20260522_182049.png
 create mode 100644 charts/screenshots/MPWR/MPWR_1H_20260522_204044.png
 delete mode 100644 charts/screenshots/MPWR/MPWR_4H_20260522_182049.png
 create mode 100644 charts/screenshots/MPWR/MPWR_4H_20260522_204044.png
 delete mode 100644 charts/screenshots/MPWR/MPWR_Daily_20260522_182049.png
 create mode 100644 charts/screenshots/MPWR/MPWR_Daily_20260522_204044.png
 delete mode 100644 charts/screenshots/MPWR/MPWR_Monthly_20260522_182049.png
 create mode 100644 charts/screenshots/MPWR/MPWR_Monthly_20260522_204044.png
 delete mode 100644 charts/screenshots/MPWR/MPWR_Weekly_20260522_182049.png
 create mode 100644 charts/screenshots/MPWR/MPWR_Weekly_20260522_204044.png
 delete mode 100644 charts/screenshots/MRK/MRK_1H_20260522_184009.png
 create mode 100644 charts/screenshots/MRK/MRK_1H_20260522_205426.png
 delete mode 100644 charts/screenshots/MRK/MRK_4H_20260522_184009.png
 create mode 100644 charts/screenshots/MRK/MRK_4H_20260522_205426.png
 delete mode 100644 charts/screenshots/MRK/MRK_Daily_20260522_184009.png
 create mode 100644 charts/screenshots/MRK/MRK_Daily_20260522_205426.png
 delete mode 100644 charts/screenshots/MRK/MRK_Monthly_20260522_184009.png
 create mode 100644 charts/screenshots/MRK/MRK_Monthly_20260522_205426.png
 delete mode 100644 charts/screenshots/MRK/MRK_Weekly_20260522_184009.png
 create mode 100644 charts/screenshots/MRK/MRK_Weekly_20260522_205426.png
 delete mode 100644 charts/screenshots/MRVL/MRVL_1H_20260522_182325.png
 create mode 100644 charts/screenshots/MRVL/MRVL_1H_20260522_204202.png
 delete mode 100644 charts/screenshots/MRVL/MRVL_4H_20260522_182325.png
 create mode 100644 charts/screenshots/MRVL/MRVL_4H_20260522_204202.png
 delete mode 100644 charts/screenshots/MRVL/MRVL_Daily_20260522_182325.png
 create mode 100644 charts/screenshots/MRVL/MRVL_Daily_20260522_204202.png
 delete mode 100644 charts/screenshots/MRVL/MRVL_Monthly_20260522_182325.png
 create mode 100644 charts/screenshots/MRVL/MRVL_Monthly_20260522_204202.png
 delete mode 100644 charts/screenshots/MRVL/MRVL_Weekly_20260522_182325.png
 create mode 100644 charts/screenshots/MRVL/MRVL_Weekly_20260522_204202.png
 delete mode 100644 charts/screenshots/MS/MS_1H_20260522_182757.png
 create mode 100644 charts/screenshots/MS/MS_1H_20260522_204636.png
 delete mode 100644 charts/screenshots/MS/MS_4H_20260522_182757.png
 create mode 100644 charts/screenshots/MS/MS_4H_20260522_204636.png
 delete mode 100644 charts/screenshots/MS/MS_Daily_20260522_182757.png
 create mode 100644 charts/screenshots/MS/MS_Daily_20260522_204636.png
 delete mode 100644 charts/screenshots/MS/MS_Monthly_20260522_182757.png
 create mode 100644 charts/screenshots/MS/MS_Monthly_20260522_204636.png
 delete mode 100644 charts/screenshots/MS/MS_Weekly_20260522_182757.png
 create mode 100644 charts/screenshots/MS/MS_Weekly_20260522_204636.png
 delete mode 100644 charts/screenshots/MU/MU_1H_20260522_181420.png
 create mode 100644 charts/screenshots/MU/MU_1H_20260522_203335.png
 delete mode 100644 charts/screenshots/MU/MU_4H_20260522_181420.png
 create mode 100644 charts/screenshots/MU/MU_4H_20260522_203335.png
 delete mode 100644 charts/screenshots/MU/MU_Daily_20260522_181420.png
 create mode 100644 charts/screenshots/MU/MU_Daily_20260522_203335.png
 delete mode 100644 charts/screenshots/MU/MU_Monthly_20260522_181420.png
 create mode 100644 charts/screenshots/MU/MU_Monthly_20260522_203335.png
 delete mode 100644 charts/screenshots/MU/MU_Weekly_20260522_181420.png
 create mode 100644 charts/screenshots/MU/MU_Weekly_20260522_203335.png
 delete mode 100644 charts/screenshots/NBM.V/NBM.V_1H_20260522_185337.png
 create mode 100644 charts/screenshots/NBM.V/NBM.V_1H_20260522_211202.png
 delete mode 100644 charts/screenshots/NBM.V/NBM.V_4H_20260522_185337.png
 create mode 100644 charts/screenshots/NBM.V/NBM.V_4H_20260522_211202.png
 delete mode 100644 charts/screenshots/NBM.V/NBM.V_Daily_20260522_185337.png
 create mode 100644 charts/screenshots/NBM.V/NBM.V_Daily_20260522_211202.png
 delete mode 100644 charts/screenshots/NBM.V/NBM.V_Monthly_20260522_185337.png
 create mode 100644 charts/screenshots/NBM.V/NBM.V_Monthly_20260522_211202.png
 delete mode 100644 charts/screenshots/NBM.V/NBM.V_Weekly_20260522_185337.png
 create mode 100644 charts/screenshots/NBM.V/NBM.V_Weekly_20260522_211202.png
 create mode 100644 charts/screenshots/NEM/NEM_1H_20260522_210724.png
 create mode 100644 charts/screenshots/NEM/NEM_4H_20260522_210724.png
 create mode 100644 charts/screenshots/NEM/NEM_Daily_20260522_210724.png
 create mode 100644 charts/screenshots/NEM/NEM_Monthly_20260522_210724.png
 create mode 100644 charts/screenshots/NEM/NEM_Weekly_20260522_210724.png
 delete mode 100644 charts/screenshots/NVDA/NVDA_1H_20260522_181459.png
 create mode 100644 charts/screenshots/NVDA/NVDA_1H_20260522_203414.png
 delete mode 100644 charts/screenshots/NVDA/NVDA_4H_20260522_181459.png
 create mode 100644 charts/screenshots/NVDA/NVDA_4H_20260522_203414.png
 delete mode 100644 charts/screenshots/NVDA/NVDA_Daily_20260522_181459.png
 create mode 100644 charts/screenshots/NVDA/NVDA_Daily_20260522_203414.png
 delete mode 100644 charts/screenshots/NVDA/NVDA_Monthly_20260522_181459.png
 create mode 100644 charts/screenshots/NVDA/NVDA_Monthly_20260522_203414.png
 delete mode 100644 charts/screenshots/NVDA/NVDA_Weekly_20260522_181459.png
 create mode 100644 charts/screenshots/NVDA/NVDA_Weekly_20260522_203414.png
 delete mode 100644 charts/screenshots/NXPI/NXPI_1H_20260522_180558.png
 create mode 100644 charts/screenshots/NXPI/NXPI_1H_20260522_202707.png
 delete mode 100644 charts/screenshots/NXPI/NXPI_4H_20260522_180558.png
 create mode 100644 charts/screenshots/NXPI/NXPI_4H_20260522_202707.png
 delete mode 100644 charts/screenshots/NXPI/NXPI_Daily_20260522_180558.png
 create mode 100644 charts/screenshots/NXPI/NXPI_Daily_20260522_202707.png
 delete mode 100644 charts/screenshots/NXPI/NXPI_Monthly_20260522_180558.png
 create mode 100644 charts/screenshots/NXPI/NXPI_Monthly_20260522_202707.png
 delete mode 100644 charts/screenshots/NXPI/NXPI_Weekly_20260522_180558.png
 create mode 100644 charts/screenshots/NXPI/NXPI_Weekly_20260522_202707.png
 delete mode 100644 charts/screenshots/ON/ON_1H_20260522_181537.png
 create mode 100644 charts/screenshots/ON/ON_1H_20260522_203452.png
 delete mode 100644 charts/screenshots/ON/ON_4H_20260522_181537.png
 create mode 100644 charts/screenshots/ON/ON_4H_20260522_203452.png
 delete mode 100644 charts/screenshots/ON/ON_Daily_20260522_181537.png
 create mode 100644 charts/screenshots/ON/ON_Daily_20260522_203452.png
 delete mode 100644 charts/screenshots/ON/ON_Monthly_20260522_181537.png
 create mode 100644 charts/screenshots/ON/ON_Monthly_20260522_203452.png
 delete mode 100644 charts/screenshots/ON/ON_Weekly_20260522_181537.png
 create mode 100644 charts/screenshots/ON/ON_Weekly_20260522_203452.png
 delete mode 100644 charts/screenshots/PANW/PANW_1H_20260522_183110.png
 create mode 100644 charts/screenshots/PANW/PANW_1H_20260522_205030.png
 delete mode 100644 charts/screenshots/PANW/PANW_4H_20260522_183110.png
 create mode 100644 charts/screenshots/PANW/PANW_4H_20260522_205030.png
 delete mode 100644 charts/screenshots/PANW/PANW_Daily_20260522_183110.png
 create mode 100644 charts/screenshots/PANW/PANW_Daily_20260522_205030.png
 delete mode 100644 charts/screenshots/PANW/PANW_Monthly_20260522_183110.png
 create mode 100644 charts/screenshots/PANW/PANW_Monthly_20260522_205030.png
 delete mode 100644 charts/screenshots/PANW/PANW_Weekly_20260522_183110.png
 create mode 100644 charts/screenshots/PANW/PANW_Weekly_20260522_205030.png
 delete mode 100644 charts/screenshots/PLTR/PLTR_1H_20260522_185219.png
 create mode 100644 charts/screenshots/PLTR/PLTR_1H_20260522_211000.png
 delete mode 100644 charts/screenshots/PLTR/PLTR_4H_20260522_185219.png
 create mode 100644 charts/screenshots/PLTR/PLTR_4H_20260522_211000.png
 delete mode 100644 charts/screenshots/PLTR/PLTR_Daily_20260522_185219.png
 create mode 100644 charts/screenshots/PLTR/PLTR_Daily_20260522_211000.png
 delete mode 100644 charts/screenshots/PLTR/PLTR_Monthly_20260522_185219.png
 create mode 100644 charts/screenshots/PLTR/PLTR_Monthly_20260522_211000.png
 delete mode 100644 charts/screenshots/PLTR/PLTR_Weekly_20260522_185219.png
 create mode 100644 charts/screenshots/PLTR/PLTR_Weekly_20260522_211000.png
 delete mode 100644 charts/screenshots/PM/PM_1H_20260522_181616.png
 create mode 100644 charts/screenshots/PM/PM_1H_20260522_203531.png
 delete mode 100644 charts/screenshots/PM/PM_4H_20260522_181616.png
 create mode 100644 charts/screenshots/PM/PM_4H_20260522_203531.png
 delete mode 100644 charts/screenshots/PM/PM_Daily_20260522_181616.png
 create mode 100644 charts/screenshots/PM/PM_Daily_20260522_203531.png
 delete mode 100644 charts/screenshots/PM/PM_Monthly_20260522_181616.png
 create mode 100644 charts/screenshots/PM/PM_Monthly_20260522_203531.png
 delete mode 100644 charts/screenshots/PM/PM_Weekly_20260522_181616.png
 create mode 100644 charts/screenshots/PM/PM_Weekly_20260522_203531.png
 delete mode 100644 charts/screenshots/PWR/PWR_1H_20260522_181655.png
 create mode 100644 charts/screenshots/PWR/PWR_1H_20260522_203611.png
 delete mode 100644 charts/screenshots/PWR/PWR_4H_20260522_181655.png
 create mode 100644 charts/screenshots/PWR/PWR_4H_20260522_203611.png
 delete mode 100644 charts/screenshots/PWR/PWR_Daily_20260522_181655.png
 create mode 100644 charts/screenshots/PWR/PWR_Daily_20260522_203611.png
 delete mode 100644 charts/screenshots/PWR/PWR_Monthly_20260522_181655.png
 create mode 100644 charts/screenshots/PWR/PWR_Monthly_20260522_203611.png
 delete mode 100644 charts/screenshots/PWR/PWR_Weekly_20260522_181655.png
 create mode 100644 charts/screenshots/PWR/PWR_Weekly_20260522_203611.png
 delete mode 100644 charts/screenshots/QCOM/QCOM_1H_20260522_181734.png
 create mode 100644 charts/screenshots/QCOM/QCOM_1H_20260522_203650.png
 delete mode 100644 charts/screenshots/QCOM/QCOM_4H_20260522_181734.png
 create mode 100644 charts/screenshots/QCOM/QCOM_4H_20260522_203650.png
 delete mode 100644 charts/screenshots/QCOM/QCOM_Daily_20260522_181734.png
 create mode 100644 charts/screenshots/QCOM/QCOM_Daily_20260522_203650.png
 delete mode 100644 charts/screenshots/QCOM/QCOM_Monthly_20260522_181734.png
 create mode 100644 charts/screenshots/QCOM/QCOM_Monthly_20260522_203650.png
 delete mode 100644 charts/screenshots/QCOM/QCOM_Weekly_20260522_181734.png
 create mode 100644 charts/screenshots/QCOM/QCOM_Weekly_20260522_203650.png
 delete mode 100644 charts/screenshots/QQQ/QQQ_1H_20260522_180637.png
 create mode 100644 charts/screenshots/QQQ/QQQ_1H_20260522_202430.png
 delete mode 100644 charts/screenshots/QQQ/QQQ_4H_20260522_180637.png
 create mode 100644 charts/screenshots/QQQ/QQQ_4H_20260522_202430.png
 delete mode 100644 charts/screenshots/QQQ/QQQ_Daily_20260522_180637.png
 create mode 100644 charts/screenshots/QQQ/QQQ_Daily_20260522_202430.png
 delete mode 100644 charts/screenshots/QQQ/QQQ_Monthly_20260522_180637.png
 create mode 100644 charts/screenshots/QQQ/QQQ_Monthly_20260522_202430.png
 delete mode 100644 charts/screenshots/QQQ/QQQ_Weekly_20260522_180637.png
 create mode 100644 charts/screenshots/QQQ/QQQ_Weekly_20260522_202430.png
 delete mode 100644 charts/screenshots/SBUX/SBUX_1H_20260522_182208.png
 create mode 100644 charts/screenshots/SBUX/SBUX_1H_20260522_204123.png
 delete mode 100644 charts/screenshots/SBUX/SBUX_4H_20260522_182208.png
 create mode 100644 charts/screenshots/SBUX/SBUX_4H_20260522_204123.png
 delete mode 100644 charts/screenshots/SBUX/SBUX_Daily_20260522_182208.png
 create mode 100644 charts/screenshots/SBUX/SBUX_Daily_20260522_204123.png
 delete mode 100644 charts/screenshots/SBUX/SBUX_Monthly_20260522_182208.png
 create mode 100644 charts/screenshots/SBUX/SBUX_Monthly_20260522_204123.png
 delete mode 100644 charts/screenshots/SBUX/SBUX_Weekly_20260522_182208.png
 create mode 100644 charts/screenshots/SBUX/SBUX_Weekly_20260522_204123.png
 delete mode 100644 charts/screenshots/SNPS/SNPS_1H_20260522_183500.png
 create mode 100644 charts/screenshots/SNPS/SNPS_1H_20260522_205346.png
 delete mode 100644 charts/screenshots/SNPS/SNPS_4H_20260522_183500.png
 create mode 100644 charts/screenshots/SNPS/SNPS_4H_20260522_205346.png
 delete mode 100644 charts/screenshots/SNPS/SNPS_Daily_20260522_183500.png
 create mode 100644 charts/screenshots/SNPS/SNPS_Daily_20260522_205346.png
 delete mode 100644 charts/screenshots/SNPS/SNPS_Monthly_20260522_183500.png
 create mode 100644 charts/screenshots/SNPS/SNPS_Monthly_20260522_205346.png
 delete mode 100644 charts/screenshots/SNPS/SNPS_Weekly_20260522_183500.png
 create mode 100644 charts/screenshots/SNPS/SNPS_Weekly_20260522_205346.png
 delete mode 100644 charts/screenshots/SPY/SPY_1H_20260522_182010.png
 create mode 100644 charts/screenshots/SPY/SPY_1H_20260522_203926.png
 delete mode 100644 charts/screenshots/SPY/SPY_4H_20260522_182010.png
 create mode 100644 charts/screenshots/SPY/SPY_4H_20260522_203926.png
 delete mode 100644 charts/screenshots/SPY/SPY_Daily_20260522_182010.png
 create mode 100644 charts/screenshots/SPY/SPY_Daily_20260522_203926.png
 delete mode 100644 charts/screenshots/SPY/SPY_Monthly_20260522_182010.png
 create mode 100644 charts/screenshots/SPY/SPY_Monthly_20260522_203926.png
 delete mode 100644 charts/screenshots/SPY/SPY_Weekly_20260522_182010.png
 create mode 100644 charts/screenshots/SPY/SPY_Weekly_20260522_203926.png
 delete mode 100644 charts/screenshots/STX/STX_1H_20260522_181813.png
 create mode 100644 charts/screenshots/STX/STX_1H_20260522_203729.png
 delete mode 100644 charts/screenshots/STX/STX_4H_20260522_181813.png
 create mode 100644 charts/screenshots/STX/STX_4H_20260522_203729.png
 delete mode 100644 charts/screenshots/STX/STX_Daily_20260522_181813.png
 create mode 100644 charts/screenshots/STX/STX_Daily_20260522_203729.png
 delete mode 100644 charts/screenshots/STX/STX_Monthly_20260522_181813.png
 create mode 100644 charts/screenshots/STX/STX_Monthly_20260522_203729.png
 delete mode 100644 charts/screenshots/STX/STX_Weekly_20260522_181813.png
 create mode 100644 charts/screenshots/STX/STX_Weekly_20260522_203729.png
 delete mode 100644 charts/screenshots/TGT/TGT_1H_20260522_183657.png
 create mode 100644 charts/screenshots/TGT/TGT_1H_20260522_205544.png
 delete mode 100644 charts/screenshots/TGT/TGT_4H_20260522_183657.png
 create mode 100644 charts/screenshots/TGT/TGT_4H_20260522_205544.png
 delete mode 100644 charts/screenshots/TGT/TGT_Daily_20260522_183657.png
 create mode 100644 charts/screenshots/TGT/TGT_Daily_20260522_205544.png
 delete mode 100644 charts/screenshots/TGT/TGT_Monthly_20260522_183657.png
 create mode 100644 charts/screenshots/TGT/TGT_Monthly_20260522_205544.png
 delete mode 100644 charts/screenshots/TGT/TGT_Weekly_20260522_183657.png
 create mode 100644 charts/screenshots/TGT/TGT_Weekly_20260522_205544.png
 delete mode 100644 charts/screenshots/TJX/TJX_1H_20260522_183618.png
 create mode 100644 charts/screenshots/TJX/TJX_1H_20260522_205307.png
 delete mode 100644 charts/screenshots/TJX/TJX_4H_20260522_183618.png
 create mode 100644 charts/screenshots/TJX/TJX_4H_20260522_205307.png
 delete mode 100644 charts/screenshots/TJX/TJX_Daily_20260522_183618.png
 create mode 100644 charts/screenshots/TJX/TJX_Daily_20260522_205307.png
 delete mode 100644 charts/screenshots/TJX/TJX_Monthly_20260522_183618.png
 create mode 100644 charts/screenshots/TJX/TJX_Monthly_20260522_205307.png
 delete mode 100644 charts/screenshots/TJX/TJX_Weekly_20260522_183618.png
 create mode 100644 charts/screenshots/TJX/TJX_Weekly_20260522_205307.png
 delete mode 100644 charts/screenshots/TMO/TMO_1H_20260522_185024.png
 create mode 100644 charts/screenshots/TMO/TMO_1H_20260522_210921.png
 delete mode 100644 charts/screenshots/TMO/TMO_4H_20260522_185024.png
 create mode 100644 charts/screenshots/TMO/TMO_4H_20260522_210921.png
 delete mode 100644 charts/screenshots/TMO/TMO_Daily_20260522_185024.png
 create mode 100644 charts/screenshots/TMO/TMO_Daily_20260522_210921.png
 delete mode 100644 charts/screenshots/TMO/TMO_Monthly_20260522_185024.png
 create mode 100644 charts/screenshots/TMO/TMO_Monthly_20260522_210921.png
 delete mode 100644 charts/screenshots/TMO/TMO_Weekly_20260522_185024.png
 create mode 100644 charts/screenshots/TMO/TMO_Weekly_20260522_210921.png
 delete mode 100644 charts/screenshots/TSLA/TSLA_1H_20260522_183227.png
 create mode 100644 charts/screenshots/TSLA/TSLA_1H_20260522_205148.png
 delete mode 100644 charts/screenshots/TSLA/TSLA_4H_20260522_183227.png
 create mode 100644 charts/screenshots/TSLA/TSLA_4H_20260522_205148.png
 delete mode 100644 charts/screenshots/TSLA/TSLA_Daily_20260522_183227.png
 create mode 100644 charts/screenshots/TSLA/TSLA_Daily_20260522_205148.png
 delete mode 100644 charts/screenshots/TSLA/TSLA_Monthly_20260522_183227.png
 create mode 100644 charts/screenshots/TSLA/TSLA_Monthly_20260522_205148.png
 delete mode 100644 charts/screenshots/TSLA/TSLA_Weekly_20260522_183227.png
 create mode 100644 charts/screenshots/TSLA/TSLA_Weekly_20260522_205148.png
 delete mode 100644 charts/screenshots/TXN/TXN_1H_20260522_181851.png
 create mode 100644 charts/screenshots/TXN/TXN_1H_20260522_203808.png
 delete mode 100644 charts/screenshots/TXN/TXN_4H_20260522_181851.png
 create mode 100644 charts/screenshots/TXN/TXN_4H_20260522_203808.png
 delete mode 100644 charts/screenshots/TXN/TXN_Daily_20260522_181851.png
 create mode 100644 charts/screenshots/TXN/TXN_Daily_20260522_203808.png
 delete mode 100644 charts/screenshots/TXN/TXN_Monthly_20260522_181851.png
 create mode 100644 charts/screenshots/TXN/TXN_Monthly_20260522_203808.png
 delete mode 100644 charts/screenshots/TXN/TXN_Weekly_20260522_181851.png
 create mode 100644 charts/screenshots/TXN/TXN_Weekly_20260522_203808.png
 delete mode 100644 charts/screenshots/UNH/UNH_1H_20260522_180833.png
 create mode 100644 charts/screenshots/UNH/UNH_1H_20260522_202627.png
 delete mode 100644 charts/screenshots/UNH/UNH_4H_20260522_180833.png
 create mode 100644 charts/screenshots/UNH/UNH_4H_20260522_202627.png
 delete mode 100644 charts/screenshots/UNH/UNH_Daily_20260522_180833.png
 create mode 100644 charts/screenshots/UNH/UNH_Daily_20260522_202627.png
 delete mode 100644 charts/screenshots/UNH/UNH_Monthly_20260522_180833.png
 create mode 100644 charts/screenshots/UNH/UNH_Monthly_20260522_202627.png
 delete mode 100644 charts/screenshots/UNH/UNH_Weekly_20260522_180833.png
 create mode 100644 charts/screenshots/UNH/UNH_Weekly_20260522_202627.png
 delete mode 100644 charts/screenshots/VLO/VLO_1H_20260522_183306.png
 create mode 100644 charts/screenshots/VLO/VLO_1H_20260522_204753.png
 delete mode 100644 charts/screenshots/VLO/VLO_4H_20260522_183306.png
 create mode 100644 charts/screenshots/VLO/VLO_4H_20260522_204753.png
 delete mode 100644 charts/screenshots/VLO/VLO_Daily_20260522_183306.png
 create mode 100644 charts/screenshots/VLO/VLO_Daily_20260522_204753.png
 delete mode 100644 charts/screenshots/VLO/VLO_Monthly_20260522_183306.png
 create mode 100644 charts/screenshots/VLO/VLO_Monthly_20260522_204753.png
 delete mode 100644 charts/screenshots/VLO/VLO_Weekly_20260522_183306.png
 create mode 100644 charts/screenshots/VLO/VLO_Weekly_20260522_204753.png
 delete mode 100644 charts/screenshots/VXX/VXX_1H_20260522_185259.png
 create mode 100644 charts/screenshots/VXX/VXX_1H_20260522_211123.png
 delete mode 100644 charts/screenshots/VXX/VXX_4H_20260522_185259.png
 create mode 100644 charts/screenshots/VXX/VXX_4H_20260522_211123.png
 delete mode 100644 charts/screenshots/VXX/VXX_Daily_20260522_185259.png
 create mode 100644 charts/screenshots/VXX/VXX_Daily_20260522_211123.png
 delete mode 100644 charts/screenshots/VXX/VXX_Monthly_20260522_185259.png
 create mode 100644 charts/screenshots/VXX/VXX_Monthly_20260522_211123.png
 delete mode 100644 charts/screenshots/VXX/VXX_Weekly_20260522_185259.png
 create mode 100644 charts/screenshots/VXX/VXX_Weekly_20260522_211123.png
 delete mode 100644 charts/screenshots/VZ/VZ_1H_20260522_184204.png
 create mode 100644 charts/screenshots/VZ/VZ_1H_20260522_205703.png
 delete mode 100644 charts/screenshots/VZ/VZ_4H_20260522_184204.png
 create mode 100644 charts/screenshots/VZ/VZ_4H_20260522_205703.png
 delete mode 100644 charts/screenshots/VZ/VZ_Daily_20260522_184204.png
 create mode 100644 charts/screenshots/VZ/VZ_Daily_20260522_205703.png
 delete mode 100644 charts/screenshots/VZ/VZ_Monthly_20260522_184204.png
 create mode 100644 charts/screenshots/VZ/VZ_Monthly_20260522_205703.png
 delete mode 100644 charts/screenshots/VZ/VZ_Weekly_20260522_184204.png
 create mode 100644 charts/screenshots/VZ/VZ_Weekly_20260522_205703.png
 delete mode 100644 charts/screenshots/WDC/WDC_1H_20260522_182639.png
 create mode 100644 charts/screenshots/WDC/WDC_1H_20260522_204556.png
 delete mode 100644 charts/screenshots/WDC/WDC_4H_20260522_182639.png
 create mode 100644 charts/screenshots/WDC/WDC_4H_20260522_204556.png
 delete mode 100644 charts/screenshots/WDC/WDC_Daily_20260522_182639.png
 create mode 100644 charts/screenshots/WDC/WDC_Daily_20260522_204556.png
 delete mode 100644 charts/screenshots/WDC/WDC_Monthly_20260522_182639.png
 create mode 100644 charts/screenshots/WDC/WDC_Monthly_20260522_204556.png
 delete mode 100644 charts/screenshots/WDC/WDC_Weekly_20260522_182639.png
 create mode 100644 charts/screenshots/WDC/WDC_Weekly_20260522_204556.png
 delete mode 100644 charts/screenshots/XOM/XOM_1H_20260522_182719.png
 create mode 100644 charts/screenshots/XOM/XOM_1H_20260522_204005.png
 delete mode 100644 charts/screenshots/XOM/XOM_4H_20260522_182719.png
 create mode 100644 charts/screenshots/XOM/XOM_4H_20260522_204005.png
 delete mode 100644 charts/screenshots/XOM/XOM_Daily_20260522_182719.png
 create mode 100644 charts/screenshots/XOM/XOM_Daily_20260522_204005.png
 delete mode 100644 charts/screenshots/XOM/XOM_Monthly_20260522_182719.png
 create mode 100644 charts/screenshots/XOM/XOM_Monthly_20260522_204005.png
 delete mode 100644 charts/screenshots/XOM/XOM_Weekly_20260522_182719.png
 create mode 100644 charts/screenshots/XOM/XOM_Weekly_20260522_204005.png
 delete mode 100644 charts/screenshots/ZTS/ZTS_1H_20260522_184945.png
 create mode 100644 charts/screenshots/ZTS/ZTS_1H_20260522_210842.png
 delete mode 100644 charts/screenshots/ZTS/ZTS_4H_20260522_184945.png
 create mode 100644 charts/screenshots/ZTS/ZTS_4H_20260522_210842.png
 delete mode 100644 charts/screenshots/ZTS/ZTS_Daily_20260522_184945.png
 create mode 100644 charts/screenshots/ZTS/ZTS_Daily_20260522_210842.png
 delete mode 100644 charts/screenshots/ZTS/ZTS_Monthly_20260522_184945.png
 create mode 100644 charts/screenshots/ZTS/ZTS_Monthly_20260522_210842.png
 delete mode 100644 charts/screenshots/ZTS/ZTS_Weekly_20260522_184945.png
 create mode 100644 charts/screenshots/ZTS/ZTS_Weekly_20260522_210842.png
[[SP500 차트분석]] GitHub 푸시 완료
[[SP500 차트분석]] Google Sheets 업데이트 완료
[Paper Trading] SP500 ranked_df 스냅샷 저장 완료 (130개 종목)

[요약] 파이프라인 완료 – 총 4046.2초 (67.44분) 소요
