============================================================
[Unified Paper Trading] SP500 + NASDAQ/NYSE 통합 실행 시작
============================================================
2026-08-21 05:15:09,273 [INFO] paper_trading.runner — [Runner] SP500 snapshot 로드: 129개 종목
[Unified PT] SP500 snapshot 로드: 129개 종목
2026-08-21 05:15:09,283 [INFO] paper_trading.runner — [Runner] NASDAQ snapshot 로드: 217개 종목
[Unified PT] NASDAQ snapshot 로드: 217개 종목
[Unified PT] 합산 완료: 339개 종목 (SP500 129 + NASDAQ 217개, 중복 제거 후)
[Unified PT] 골든크로스임박 종목: 47개
2026-08-21 05:15:10,066 [INFO] paper_trading.candidate_selector — [전략점수 분포] ~4.0: 113 | 4.0~5.0: 31 | 5.0~5.5: 18 | 5.5~6.0: 23 | 6.0+: 154
2026-08-21 05:15:10,083 [INFO] paper_trading.candidate_selector — [CandidateSelector] Regime=bull | Filtered=11/339 | Selected: MPC (CCS=0.5866)
2026-08-21 05:15:10,096 [INFO] paper_trading.engine — [PaperTrading] 교체 기준 미달 — 매수 안 함
[Unified PT] 매도=0 매수=0 보유=3종목
[Unified PT] 레짐=bull | 필터={'전략점수<6.0': 185, '바닥반등_52주과열': 1, '판단등급_미달': 129, '과열_차단': 11, '유동성_부족': 0, '어닝_임박': 0, '보유_중복': 0, '모멘텀_ADX부족': 2, '바닥_RSI데드존': 0, '섹터_집중': 0, '_통과': 11, '_전체': 339}
[Unified PT] 스킵 사유: 교체_미달
[Unified PT] Top5 후보:
  MPC    CCS=0.5866 전략=📈 모멘텀 섹터=Energy
  PGEN   CCS=0.5234 전략=📈 모멘텀 섹터=Unknown
  YSS    CCS=0.4869 전략=📉 바닥반등 섹터=Unknown
  TGT    CCS=0.4754 전략=📈 모멘텀 섹터=Unknown
  TBBB   CCS=0.4575 전략=📈 모멘텀 섹터=Unknown
2026-08-21 05:15:11,437 [INFO] paper_trading.sheet_sync — [SheetSync] 포지션현황 업데이트: 3개 종목
2026-08-21 05:15:12,547 [INFO] paper_trading.sheet_sync — [SheetSync] 성과요약 업데이트: 39건 거래
[Unified PT] 구글 시트 동기화 완료
[시장분석] 55개 종목 데이터 수집 중...
2026-08-21 05:15:19,104 [WARNING] data.fetch — [fetch_analyst_data] TBBB: 'dict' object has no attribute 'empty'
2026-08-21 05:15:19,187 [WARNING] data.fetch — [fetch_analyst_data] YSS: 'dict' object has no attribute 'empty'
2026-08-21 05:15:19,264 [WARNING] data.fetch — [fetch_analyst_data] PGEN: 'dict' object has no attribute 'empty'
2026-08-21 05:15:19,266 [WARNING] data.fetch — [fetch_analyst_data] MPC: 'dict' object has no attribute 'empty'
2026-08-21 05:15:19,310 [WARNING] data.fetch — [fetch_analyst_data] TGT: 'dict' object has no attribute 'empty'
2026-08-21 05:15:25,529 [WARNING] data.fetch — [fetch_analyst_data] HD: 'dict' object has no attribute 'empty'
2026-08-21 05:15:25,589 [WARNING] data.fetch — [fetch_analyst_data] DUOL: 'dict' object has no attribute 'empty'
2026-08-21 05:15:25,665 [WARNING] data.fetch — [fetch_analyst_data] WDAY: 'dict' object has no attribute 'empty'
2026-08-21 05:15:25,716 [WARNING] data.fetch — [fetch_analyst_data] LIF: 'dict' object has no attribute 'empty'
2026-08-21 05:15:25,767 [WARNING] data.fetch — [fetch_analyst_data] DHR: 'dict' object has no attribute 'empty'
2026-08-21 05:15:31,881 [WARNING] data.fetch — [fetch_analyst_data] MELI: 'dict' object has no attribute 'empty'
2026-08-21 05:15:32,048 [WARNING] data.fetch — [fetch_analyst_data] ABT: 'dict' object has no attribute 'empty'
2026-08-21 05:15:32,081 [WARNING] data.fetch — [fetch_analyst_data] SYK: 'dict' object has no attribute 'empty'
2026-08-21 05:15:32,117 [WARNING] data.fetch — [fetch_analyst_data] UBER: 'dict' object has no attribute 'empty'
2026-08-21 05:15:32,147 [WARNING] data.fetch — [fetch_analyst_data] PWR: 'dict' object has no attribute 'empty'
2026-08-21 05:15:38,368 [WARNING] data.fetch — [fetch_analyst_data] Z: 'dict' object has no attribute 'empty'
2026-08-21 05:15:38,415 [WARNING] data.fetch — [fetch_analyst_data] CSGP: 'dict' object has no attribute 'empty'
2026-08-21 05:15:38,452 [WARNING] data.fetch — [fetch_analyst_data] BSX: 'dict' object has no attribute 'empty'
2026-08-21 05:15:38,510 [WARNING] data.fetch — [fetch_analyst_data] ASST: 'dict' object has no attribute 'empty'
2026-08-21 05:15:38,777 [WARNING] data.fetch — [fetch_analyst_data] SPCE: 'dict' object has no attribute 'empty'
2026-08-21 05:15:44,705 [WARNING] data.fetch — [fetch_analyst_data] DXYZ: 'dict' object has no attribute 'empty'
2026-08-21 05:15:44,791 [WARNING] data.fetch — [fetch_analyst_data] RXRX: 'dict' object has no attribute 'empty'
2026-08-21 05:15:44,913 [WARNING] data.fetch — [fetch_analyst_data] PEP: 'dict' object has no attribute 'empty'
2026-08-21 05:15:44,947 [WARNING] data.fetch — [fetch_analyst_data] MRVL: 'dict' object has no attribute 'empty'
2026-08-21 05:15:45,456 [WARNING] data.fetch — [fetch_analyst_data] RDW: 'dict' object has no attribute 'empty'
2026-08-21 05:15:51,043 [WARNING] data.fetch — [fetch_analyst_data] KRMN: 'dict' object has no attribute 'empty'
2026-08-21 05:15:51,136 [WARNING] data.fetch — [fetch_analyst_data] TMUS: 'dict' object has no attribute 'empty'
2026-08-21 05:15:51,245 [WARNING] data.fetch — [fetch_analyst_data] NFLX: 'dict' object has no attribute 'empty'
2026-08-21 05:15:51,287 [WARNING] data.fetch — [fetch_analyst_data] HYMC: 'dict' object has no attribute 'empty'
2026-08-21 05:15:51,733 [WARNING] data.fetch — [fetch_analyst_data] FIGR: 'dict' object has no attribute 'empty'
2026-08-21 05:15:57,335 [WARNING] data.fetch — [fetch_analyst_data] ALOY: 'dict' object has no attribute 'empty'
2026-08-21 05:15:57,471 [WARNING] data.fetch — [fetch_analyst_data] CPNG: 'dict' object has no attribute 'empty'
2026-08-21 05:15:57,653 [WARNING] data.fetch — [fetch_analyst_data] COIN: 'dict' object has no attribute 'empty'
2026-08-21 05:15:57,657 [WARNING] data.fetch — [fetch_analyst_data] IBM: 'dict' object has no attribute 'empty'
2026-08-21 05:15:58,457 [WARNING] data.fetch — [fetch_analyst_data] ZTS: 'dict' object has no attribute 'empty'
2026-08-21 05:16:03,642 [WARNING] data.fetch — [fetch_analyst_data] XOS: 'dict' object has no attribute 'empty'
2026-08-21 05:16:03,824 [WARNING] data.fetch — [fetch_analyst_data] LI: 'dict' object has no attribute 'empty'
2026-08-21 05:16:03,955 [WARNING] data.fetch — [fetch_analyst_data] NTLA: 'dict' object has no attribute 'empty'
2026-08-21 05:16:04,027 [WARNING] data.fetch — [fetch_analyst_data] BLSH: 'dict' object has no attribute 'empty'
2026-08-21 05:16:04,837 [WARNING] data.fetch — [fetch_analyst_data] PG: 'dict' object has no attribute 'empty'
2026-08-21 05:16:10,031 [WARNING] data.fetch — [fetch_analyst_data] MSFT: 'dict' object has no attribute 'empty'
2026-08-21 05:16:10,134 [WARNING] data.fetch — [fetch_analyst_data] LRN: 'dict' object has no attribute 'empty'
2026-08-21 05:16:10,417 [WARNING] data.fetch — [fetch_analyst_data] AXP: 'dict' object has no attribute 'empty'
2026-08-21 05:16:10,444 [WARNING] data.fetch — [fetch_analyst_data] WFC: 'dict' object has no attribute 'empty'
2026-08-21 05:16:11,623 [WARNING] data.fetch — [fetch_analyst_data] NIQ: 'dict' object has no attribute 'empty'
2026-08-21 05:16:16,404 [WARNING] data.fetch — [fetch_analyst_data] SPGI: 'dict' object has no attribute 'empty'
2026-08-21 05:16:16,461 [WARNING] data.fetch — [fetch_analyst_data] BTDR: 'dict' object has no attribute 'empty'
2026-08-21 05:16:16,790 [WARNING] data.fetch — [fetch_analyst_data] BKNG: 'dict' object has no attribute 'empty'
2026-08-21 05:16:16,825 [WARNING] data.fetch — [fetch_analyst_data] DIS: 'dict' object has no attribute 'empty'
2026-08-21 05:16:17,912 [WARNING] data.fetch — [fetch_analyst_data] CLRO: 'dict' object has no attribute 'empty'
2026-08-21 05:16:22,707 [WARNING] data.fetch — [fetch_analyst_data] TEAM: 'dict' object has no attribute 'empty'
2026-08-21 05:16:22,795 [WARNING] data.fetch — [fetch_analyst_data] DASH: 'dict' object has no attribute 'empty'
2026-08-21 05:16:23,081 [WARNING] data.fetch — [fetch_analyst_data] ARWR: 'dict' object has no attribute 'empty'
2026-08-21 05:16:23,159 [WARNING] data.fetch — [fetch_analyst_data] CVS: 'dict' object has no attribute 'empty'
2026-08-21 05:16:24,651 [WARNING] data.fetch — [fetch_analyst_data] WYFI: 'dict' object has no attribute 'empty'
[시장분석] enrichment 완료
[Email] 페이퍼 트레이딩 알림 발송 완료 (매도 0건, 매수 0건, 재평가 0건, 재평가실패 0건, 후보 5건) → chunghwan14@gmail.com, roykim0311@gmail.com, ssamjungtan@naver.com
============================================================
[Unified Paper Trading] 완료
============================================================
