============================================================
[Unified Paper Trading] SP500 + NASDAQ/NYSE 통합 실행 시작
============================================================
2026-08-19 05:03:06,036 [INFO] paper_trading.runner — [Runner] SP500 snapshot 로드: 129개 종목
[Unified PT] SP500 snapshot 로드: 129개 종목
2026-08-19 05:03:06,047 [INFO] paper_trading.runner — [Runner] NASDAQ snapshot 로드: 214개 종목
[Unified PT] NASDAQ snapshot 로드: 214개 종목
[Unified PT] 합산 완료: 335개 종목 (SP500 129 + NASDAQ 214개, 중복 제거 후)
[Unified PT] 골든크로스임박 종목: 46개
2026-08-19 05:03:07,290 [INFO] paper_trading.engine — [PaperTrading] SELL META @ 543.67 (트레일링(-9.3%))
2026-08-19 05:03:07,290 [INFO] paper_trading.engine — [PaperTrading] SELL PGY @ 20.32 (트레일링(-5.8%))
2026-08-19 05:03:07,294 [INFO] paper_trading.candidate_selector — [전략점수 분포] ~4.0: 127 | 4.0~5.0: 27 | 5.0~5.5: 14 | 5.5~6.0: 20 | 6.0+: 147
2026-08-19 05:03:07,305 [INFO] paper_trading.candidate_selector — [CandidateSelector] Regime=bull | Filtered=4/335 | Selected: CVS (CCS=0.4781)
2026-08-19 05:03:07,311 [INFO] paper_trading.engine — [PaperTrading] BUY CVS @ 94.91 (CCS=0.4781, RSI=38, upside P50=+6% P75=+10%)
[Unified PT] 매도=2 매수=1 보유=2종목
[Unified PT] 레짐=bull | 필터={'전략점수<6.0': 188, '바닥반등_52주과열': 1, '판단등급_미달': 139, '과열_차단': 3, '유동성_부족': 0, '어닝_임박': 0, '보유_중복': 0, '모멘텀_ADX부족': 0, '바닥_RSI데드존': 0, '섹터_집중': 0, '_통과': 4, '_전체': 335}
[Unified PT] Top5 후보:
  CVS    CCS=0.4781 전략=📈 모멘텀 섹터=Healthcare
  AVAV   CCS=0.4536 전략=📈 모멘텀 섹터=Unknown
2026-08-19 05:03:08,800 [INFO] paper_trading.sheet_sync — [SheetSync] 거래로그 append: SELL META
2026-08-19 05:03:09,992 [INFO] paper_trading.sheet_sync — [SheetSync] 거래로그 append: SELL PGY
2026-08-19 05:03:11,043 [INFO] paper_trading.sheet_sync — [SheetSync] 거래로그 append: BUY CVS
2026-08-19 05:03:12,723 [INFO] paper_trading.sheet_sync — [SheetSync] 포지션현황 업데이트: 2개 종목
2026-08-19 05:03:14,141 [INFO] paper_trading.sheet_sync — [SheetSync] 성과요약 업데이트: 39건 거래
[Unified PT] 구글 시트 동기화 완료
2026-08-19 05:03:14,419 [INFO] matplotlib.font_manager — Failed to extract font properties from /usr/share/fonts/truetype/noto/NotoColorEmoji.ttf: Non-scalable fonts are not supported
2026-08-19 05:03:14,433 [INFO] matplotlib.font_manager — generated new fontManager
2026-08-19 05:03:15,507 [WARNING] fpdf.output — Font MPDFAA+NanumGothic is missing the following glyphs: '📈' (\U0001f4c8), '📉' (\U0001f4c9)
2026-08-19 05:03:15,518 [INFO] fontTools.subset — maxp pruned
2026-08-19 05:03:15,518 [INFO] fontTools.subset — cmap pruned
2026-08-19 05:03:15,518 [INFO] fontTools.subset — post pruned
2026-08-19 05:03:15,519 [INFO] fontTools.subset — DSIG dropped
2026-08-19 05:03:15,519 [INFO] fontTools.subset — GPOS dropped
2026-08-19 05:03:15,519 [INFO] fontTools.subset — GSUB dropped
2026-08-19 05:03:15,519 [INFO] fontTools.subset — glyf pruned
2026-08-19 05:03:15,520 [INFO] fontTools.subset — Added gid0 to subset
2026-08-19 05:03:15,520 [INFO] fontTools.subset — Added first four glyphs to subset
2026-08-19 05:03:15,520 [INFO] fontTools.subset — Closing glyph list over 'glyf': 100 glyphs before
2026-08-19 05:03:15,520 [INFO] fontTools.subset — Glyph names: ['.notdef', 'A', 'B', 'C', 'D', 'E', 'F', 'G', 'H', 'I', 'L', 'M', 'N', 'O', 'P', 'Q', 'R', 'S', 'T', 'U', 'V', 'W', 'Y', 'a', 'arrowright', 'b', 'bar', 'c', 'colon', 'comma', 'copyright', 'd', 'dollar', 'e', 'eight', 'emdash', 'exclam', 'f', 'five', 'four', 'g', 'h', 'hyphen', 'i', 'k', 'l', 'm', 'n', 'nine', 'numbersign', 'o', 'one', 'p', 'parenleft', 'parenright', 'percent', 'period', 'periodcentered', 'plus', 'q', 'quotedbl', 'r', 's', 'seven', 'six', 'slash', 'space', 't', 'three', 'triagup', 'two', 'u', 'uniAC00', 'uniAC04', 'uniAE30', 'uniB2E5', 'uniB4F1', 'uniB808', 'uniB9C1', 'uniBA58', 'uniBAA8', 'uniBAA9', 'uniBC14', 'uniBC18', 'uniBCF4', 'uniC190', 'uniC2DC', 'uniC720', 'uniC775', 'uniC77C', 'uniC7A5', 'uniC808', 'uniD140', 'uniD2B8', 'uniD45C', 'v', 'w', 'x', 'y', 'zero']
2026-08-19 05:03:15,521 [INFO] fontTools.subset — Glyph IDs:   [0, 1, 2, 3, 4, 5, 8, 9, 11, 12, 13, 14, 15, 16, 17, 18, 19, 20, 21, 22, 23, 24, 25, 26, 33, 34, 35, 36, 37, 38, 39, 40, 41, 44, 45, 46, 47, 48, 49, 50, 51, 52, 53, 54, 55, 57, 64, 65, 66, 67, 68, 69, 70, 71, 72, 74, 75, 76, 77, 78, 79, 80, 81, 82, 83, 84, 85, 86, 87, 88, 91, 96, 99, 104, 159, 162, 495, 497, 654, 928, 1042, 1177, 1267, 1310, 1326, 1327, 1397, 1401, 1458, 1675, 1751, 2013, 2043, 2045, 2067, 2091, 2518, 2576, 2661, 13296]
2026-08-19 05:03:15,521 [INFO] fontTools.subset — Closed glyph list over 'glyf': 100 glyphs after
2026-08-19 05:03:15,521 [INFO] fontTools.subset — Glyph names: ['.notdef', 'A', 'B', 'C', 'D', 'E', 'F', 'G', 'H', 'I', 'L', 'M', 'N', 'O', 'P', 'Q', 'R', 'S', 'T', 'U', 'V', 'W', 'Y', 'a', 'arrowright', 'b', 'bar', 'c', 'colon', 'comma', 'copyright', 'd', 'dollar', 'e', 'eight', 'emdash', 'exclam', 'f', 'five', 'four', 'g', 'h', 'hyphen', 'i', 'k', 'l', 'm', 'n', 'nine', 'numbersign', 'o', 'one', 'p', 'parenleft', 'parenright', 'percent', 'period', 'periodcentered', 'plus', 'q', 'quotedbl', 'r', 's', 'seven', 'six', 'slash', 'space', 't', 'three', 'triagup', 'two', 'u', 'uniAC00', 'uniAC04', 'uniAE30', 'uniB2E5', 'uniB4F1', 'uniB808', 'uniB9C1', 'uniBA58', 'uniBAA8', 'uniBAA9', 'uniBC14', 'uniBC18', 'uniBCF4', 'uniC190', 'uniC2DC', 'uniC720', 'uniC775', 'uniC77C', 'uniC7A5', 'uniC808', 'uniD140', 'uniD2B8', 'uniD45C', 'v', 'w', 'x', 'y', 'zero']
2026-08-19 05:03:15,521 [INFO] fontTools.subset — Glyph IDs:   [0, 1, 2, 3, 4, 5, 8, 9, 11, 12, 13, 14, 15, 16, 17, 18, 19, 20, 21, 22, 23, 24, 25, 26, 33, 34, 35, 36, 37, 38, 39, 40, 41, 44, 45, 46, 47, 48, 49, 50, 51, 52, 53, 54, 55, 57, 64, 65, 66, 67, 68, 69, 70, 71, 72, 74, 75, 76, 77, 78, 79, 80, 81, 82, 83, 84, 85, 86, 87, 88, 91, 96, 99, 104, 159, 162, 495, 497, 654, 928, 1042, 1177, 1267, 1310, 1326, 1327, 1397, 1401, 1458, 1675, 1751, 2013, 2043, 2045, 2067, 2091, 2518, 2576, 2661, 13296]
2026-08-19 05:03:15,522 [INFO] fontTools.subset — Retaining 100 glyphs
2026-08-19 05:03:15,522 [INFO] fontTools.subset — head subsetting not needed
2026-08-19 05:03:15,522 [INFO] fontTools.subset — hhea subsetting not needed
2026-08-19 05:03:15,522 [INFO] fontTools.subset — maxp subsetting not needed
2026-08-19 05:03:15,522 [INFO] fontTools.subset — OS/2 subsetting not needed
2026-08-19 05:03:15,523 [INFO] fontTools.subset — hmtx subsetted
2026-08-19 05:03:15,524 [INFO] fontTools.subset — cmap subsetted
2026-08-19 05:03:15,524 [INFO] fontTools.subset — fpgm subsetting not needed
2026-08-19 05:03:15,524 [INFO] fontTools.subset — prep subsetting not needed
2026-08-19 05:03:15,524 [INFO] fontTools.subset — cvt  subsetting not needed
2026-08-19 05:03:15,524 [INFO] fontTools.subset — loca subsetting not needed
2026-08-19 05:03:15,524 [INFO] fontTools.subset — post subsetted
2026-08-19 05:03:15,524 [INFO] fontTools.subset — gasp subsetting not needed
2026-08-19 05:03:15,524 [INFO] fontTools.subset — name subsetting not needed
2026-08-19 05:03:15,527 [INFO] fontTools.subset — glyf subsetted
2026-08-19 05:03:15,527 [INFO] fontTools.subset — head pruned
2026-08-19 05:03:15,527 [INFO] fontTools.subset — OS/2 Unicode ranges pruned: [0, 1, 31, 37, 45, 56]
2026-08-19 05:03:15,527 [INFO] fontTools.subset — OS/2 CodePage ranges pruned: [0]
2026-08-19 05:03:15,529 [INFO] fontTools.subset — glyf pruned
2026-08-19 05:03:15,529 [INFO] fontTools.subset — name pruned
2026-08-19 05:03:15,547 [WARNING] fpdf.output — Font MPDFAA+NanumGothicBold is missing the following glyphs: '📈' (\U0001f4c8)
2026-08-19 05:03:15,548 [INFO] fontTools.subset — maxp pruned
2026-08-19 05:03:15,548 [INFO] fontTools.subset — cmap pruned
2026-08-19 05:03:15,548 [INFO] fontTools.subset — post pruned
2026-08-19 05:03:15,548 [INFO] fontTools.subset — DSIG dropped
2026-08-19 05:03:15,548 [INFO] fontTools.subset — GPOS dropped
2026-08-19 05:03:15,548 [INFO] fontTools.subset — GSUB dropped
2026-08-19 05:03:15,548 [INFO] fontTools.subset — glyf pruned
2026-08-19 05:03:15,549 [INFO] fontTools.subset — Added gid0 to subset
2026-08-19 05:03:15,549 [INFO] fontTools.subset — Added first four glyphs to subset
2026-08-19 05:03:15,550 [INFO] fontTools.subset — Closing glyph list over 'glyf': 100 glyphs before
2026-08-19 05:03:15,550 [INFO] fontTools.subset — Glyph names: ['.notdef', 'A', 'B', 'C', 'D', 'E', 'F', 'G', 'H', 'I', 'J', 'K', 'L', 'M', 'N', 'O', 'P', 'Q', 'R', 'S', 'T', 'U', 'V', 'W', 'X', 'Y', 'Z', 'a', 'ampersand', 'b', 'c', 'colon', 'd', 'dollar', 'e', 'eight', 'emdash', 'equal', 'exclam', 'f', 'five', 'four', 'g', 'h', 'hyphen', 'i', 'j', 'k', 'l', 'm', 'n', 'nine', 'numbersign', 'o', 'one', 'p', 'parenleft', 'parenright', 'percent', 'period', 'periodcentered', 'plus', 'q', 'quotedbl', 'quotesingle', 'r', 's', 'seven', 'six', 'slash', 'space', 't', 'three', 'two', 'u', 'uni2605', 'uniACE8', 'uniB20C', 'uniB370', 'uniB4DC', 'uniB4E0', 'uniB85C', 'uniB9BC', 'uniBA58', 'uniBAA8', 'uniBAA9', 'uniBC30', 'uniC131', 'uniC2A4', 'uniC5F4', 'uniC815', 'uniC911', 'uniD06C', 'uniD140', 'uniD615', 'v', 'w', 'x', 'y', 'zero']
2026-08-19 05:03:15,550 [INFO] fontTools.subset — Glyph IDs:   [0, 1, 2, 3, 4, 5, 6, 7, 8, 9, 11, 13, 14, 15, 16, 17, 18, 19, 20, 21, 22, 23, 24, 25, 26, 29, 33, 34, 35, 36, 37, 38, 39, 40, 41, 42, 43, 44, 45, 46, 47, 48, 49, 50, 51, 52, 53, 54, 55, 56, 57, 58, 64, 65, 66, 67, 68, 69, 70, 71, 72, 73, 74, 75, 76, 77, 78, 79, 80, 81, 82, 83, 84, 85, 86, 87, 88, 99, 104, 150, 573, 881, 967, 1031, 1033, 1196, 1262, 1308, 1324, 1325, 1410, 1646, 1740, 1915, 2094, 2153, 2475, 2516, 2746, 13533]
2026-08-19 05:03:15,550 [INFO] fontTools.subset — Closed glyph list over 'glyf': 100 glyphs after
2026-08-19 05:03:15,550 [INFO] fontTools.subset — Glyph names: ['.notdef', 'A', 'B', 'C', 'D', 'E', 'F', 'G', 'H', 'I', 'J', 'K', 'L', 'M', 'N', 'O', 'P', 'Q', 'R', 'S', 'T', 'U', 'V', 'W', 'X', 'Y', 'Z', 'a', 'ampersand', 'b', 'c', 'colon', 'd', 'dollar', 'e', 'eight', 'emdash', 'equal', 'exclam', 'f', 'five', 'four', 'g', 'h', 'hyphen', 'i', 'j', 'k', 'l', 'm', 'n', 'nine', 'numbersign', 'o', 'one', 'p', 'parenleft', 'parenright', 'percent', 'period', 'periodcentered', 'plus', 'q', 'quotedbl', 'quotesingle', 'r', 's', 'seven', 'six', 'slash', 'space', 't', 'three', 'two', 'u', 'uni2605', 'uniACE8', 'uniB20C', 'uniB370', 'uniB4DC', 'uniB4E0', 'uniB85C', 'uniB9BC', 'uniBA58', 'uniBAA8', 'uniBAA9', 'uniBC30', 'uniC131', 'uniC2A4', 'uniC5F4', 'uniC815', 'uniC911', 'uniD06C', 'uniD140', 'uniD615', 'v', 'w', 'x', 'y', 'zero']
2026-08-19 05:03:15,550 [INFO] fontTools.subset — Glyph IDs:   [0, 1, 2, 3, 4, 5, 6, 7, 8, 9, 11, 13, 14, 15, 16, 17, 18, 19, 20, 21, 22, 23, 24, 25, 26, 29, 33, 34, 35, 36, 37, 38, 39, 40, 41, 42, 43, 44, 45, 46, 47, 48, 49, 50, 51, 52, 53, 54, 55, 56, 57, 58, 64, 65, 66, 67, 68, 69, 70, 71, 72, 73, 74, 75, 76, 77, 78, 79, 80, 81, 82, 83, 84, 85, 86, 87, 88, 99, 104, 150, 573, 881, 967, 1031, 1033, 1196, 1262, 1308, 1324, 1325, 1410, 1646, 1740, 1915, 2094, 2153, 2475, 2516, 2746, 13533]
2026-08-19 05:03:15,551 [INFO] fontTools.subset — Retaining 100 glyphs
2026-08-19 05:03:15,551 [INFO] fontTools.subset — head subsetting not needed
2026-08-19 05:03:15,551 [INFO] fontTools.subset — hhea subsetting not needed
2026-08-19 05:03:15,551 [INFO] fontTools.subset — maxp subsetting not needed
2026-08-19 05:03:15,551 [INFO] fontTools.subset — OS/2 subsetting not needed
2026-08-19 05:03:15,552 [INFO] fontTools.subset — hmtx subsetted
2026-08-19 05:03:15,553 [INFO] fontTools.subset — cmap subsetted
2026-08-19 05:03:15,553 [INFO] fontTools.subset — fpgm subsetting not needed
2026-08-19 05:03:15,553 [INFO] fontTools.subset — prep subsetting not needed
2026-08-19 05:03:15,553 [INFO] fontTools.subset — cvt  subsetting not needed
2026-08-19 05:03:15,553 [INFO] fontTools.subset — loca subsetting not needed
2026-08-19 05:03:15,554 [INFO] fontTools.subset — post subsetted
2026-08-19 05:03:15,554 [INFO] fontTools.subset — gasp subsetting not needed
2026-08-19 05:03:15,554 [INFO] fontTools.subset — name subsetting not needed
2026-08-19 05:03:15,556 [INFO] fontTools.subset — glyf subsetted
2026-08-19 05:03:15,556 [INFO] fontTools.subset — head pruned
2026-08-19 05:03:15,557 [INFO] fontTools.subset — OS/2 Unicode ranges pruned: [0, 1, 31, 46, 56]
2026-08-19 05:03:15,557 [INFO] fontTools.subset — OS/2 CodePage ranges pruned: [0]
2026-08-19 05:03:15,558 [INFO] fontTools.subset — glyf pruned
2026-08-19 05:03:15,558 [INFO] fontTools.subset — name pruned
[Unified PT] PDF 리포트 생성 완료 (175,074 bytes)
[시장분석] 50개 종목 데이터 수집 중...
2026-08-19 05:03:22,507 [WARNING] data.fetch — [fetch_analyst_data] SMCI: 'dict' object has no attribute 'empty'
2026-08-19 05:03:22,539 [WARNING] data.fetch — [fetch_analyst_data] PGY: 'dict' object has no attribute 'empty'
2026-08-19 05:03:22,571 [WARNING] data.fetch — [fetch_analyst_data] CVS: 'dict' object has no attribute 'empty'
2026-08-19 05:03:22,597 [WARNING] data.fetch — [fetch_analyst_data] META: 'dict' object has no attribute 'empty'
2026-08-19 05:03:22,644 [WARNING] data.fetch — [fetch_analyst_data] AVAV: 'dict' object has no attribute 'empty'
2026-08-19 05:03:29,158 [WARNING] data.fetch — [fetch_analyst_data] HD: 'dict' object has no attribute 'empty'
2026-08-19 05:03:29,189 [WARNING] data.fetch — [fetch_analyst_data] LIF: 'dict' object has no attribute 'empty'
2026-08-19 05:03:29,245 [WARNING] data.fetch — [fetch_analyst_data] WDAY: 'dict' object has no attribute 'empty'
2026-08-19 05:03:29,265 [WARNING] data.fetch — [fetch_analyst_data] DUOL: 'dict' object has no attribute 'empty'
2026-08-19 05:03:29,313 [WARNING] data.fetch — [fetch_analyst_data] DHR: 'dict' object has no attribute 'empty'
2026-08-19 05:03:35,807 [WARNING] data.fetch — [fetch_analyst_data] MELI: 'dict' object has no attribute 'empty'
2026-08-19 05:03:35,880 [WARNING] data.fetch — [fetch_analyst_data] ABT: 'dict' object has no attribute 'empty'
2026-08-19 05:03:35,891 [WARNING] data.fetch — [fetch_analyst_data] UBER: 'dict' object has no attribute 'empty'
2026-08-19 05:03:35,919 [WARNING] data.fetch — [fetch_analyst_data] SYK: 'dict' object has no attribute 'empty'
2026-08-19 05:03:35,950 [WARNING] data.fetch — [fetch_analyst_data] GEV: 'dict' object has no attribute 'empty'
2026-08-19 05:03:42,440 [WARNING] data.fetch — [fetch_analyst_data] BSX: 'dict' object has no attribute 'empty'
2026-08-19 05:03:42,606 [WARNING] data.fetch — [fetch_analyst_data] COST: 'dict' object has no attribute 'empty'
2026-08-19 05:03:42,648 [WARNING] data.fetch — [fetch_analyst_data] PWR: 'dict' object has no attribute 'empty'
2026-08-19 05:03:42,650 [WARNING] data.fetch — [fetch_analyst_data] FIGR: 'dict' object has no attribute 'empty'
2026-08-19 05:03:42,674 [WARNING] data.fetch — [fetch_analyst_data] CEG: 'dict' object has no attribute 'empty'
2026-08-19 05:03:49,096 [WARNING] data.fetch — [fetch_analyst_data] RDW: 'dict' object has no attribute 'empty'
2026-08-19 05:03:49,328 [WARNING] data.fetch — [fetch_analyst_data] TMUS: 'dict' object has no attribute 'empty'
2026-08-19 05:03:49,355 [WARNING] data.fetch — [fetch_analyst_data] ZG: 'dict' object has no attribute 'empty'
2026-08-19 05:03:49,376 [WARNING] data.fetch — [fetch_analyst_data] WMT: 'dict' object has no attribute 'empty'
2026-08-19 05:03:49,425 [WARNING] data.fetch — [fetch_analyst_data] PEP: 'dict' object has no attribute 'empty'
2026-08-19 05:03:55,753 [WARNING] data.fetch — [fetch_analyst_data] PEGA: 'dict' object has no attribute 'empty'
2026-08-19 05:03:56,046 [WARNING] data.fetch — [fetch_analyst_data] CSGP: 'dict' object has no attribute 'empty'
2026-08-19 05:03:56,079 [WARNING] data.fetch — [fetch_analyst_data] Z: 'dict' object has no attribute 'empty'
2026-08-19 05:03:56,110 [WARNING] data.fetch — [fetch_analyst_data] ISRG: 'dict' object has no attribute 'empty'
2026-08-19 05:03:56,122 [WARNING] data.fetch — [fetch_analyst_data] NFLX: 'dict' object has no attribute 'empty'
2026-08-19 05:04:02,452 [WARNING] data.fetch — [fetch_analyst_data] TER: 'dict' object has no attribute 'empty'
2026-08-19 05:04:02,678 [WARNING] data.fetch — [fetch_analyst_data] KTOS: 'dict' object has no attribute 'empty'
2026-08-19 05:04:02,711 [WARNING] data.fetch — [fetch_analyst_data] CELH: 'dict' object has no attribute 'empty'
2026-08-19 05:04:02,802 [WARNING] data.fetch — [fetch_analyst_data] IBM: 'dict' object has no attribute 'empty'
2026-08-19 05:04:02,855 [WARNING] data.fetch — [fetch_analyst_data] DXYZ: 'dict' object has no attribute 'empty'
2026-08-19 05:04:09,064 [WARNING] data.fetch — [fetch_analyst_data] ASST: 'dict' object has no attribute 'empty'
2026-08-19 05:04:09,319 [WARNING] data.fetch — [fetch_analyst_data] STKH: 'dict' object has no attribute 'empty'
2026-08-19 05:04:09,419 [WARNING] data.fetch — [fetch_analyst_data] LAES: 'dict' object has no attribute 'empty'
2026-08-19 05:04:09,466 [WARNING] data.fetch — [fetch_analyst_data] BOXL: 'dict' object has no attribute 'empty'
2026-08-19 05:04:09,475 [WARNING] data.fetch — [fetch_analyst_data] ACHR: 'dict' object has no attribute 'empty'
2026-08-19 05:04:15,744 [WARNING] data.fetch — [fetch_analyst_data] USAR: 'dict' object has no attribute 'empty'
2026-08-19 05:04:16,017 [WARNING] data.fetch — [fetch_analyst_data] PG: 'dict' object has no attribute 'empty'
2026-08-19 05:04:16,119 [WARNING] data.fetch — [fetch_analyst_data] LRN: 'dict' object has no attribute 'empty'
2026-08-19 05:04:16,121 [WARNING] data.fetch — [fetch_analyst_data] HOOD: 'dict' object has no attribute 'empty'
2026-08-19 05:04:16,128 [WARNING] data.fetch — [fetch_analyst_data] MSFT: 'dict' object has no attribute 'empty'
2026-08-19 05:04:22,397 [WARNING] data.fetch — [fetch_analyst_data] SPGI: 'dict' object has no attribute 'empty'
2026-08-19 05:04:22,669 [WARNING] data.fetch — [fetch_analyst_data] BKNG: 'dict' object has no attribute 'empty'
2026-08-19 05:04:22,771 [WARNING] data.fetch — [fetch_analyst_data] DASH: 'dict' object has no attribute 'empty'
2026-08-19 05:04:22,784 [WARNING] data.fetch — [fetch_analyst_data] ARWR: 'dict' object has no attribute 'empty'
2026-08-19 05:04:22,798 [WARNING] data.fetch — [fetch_analyst_data] DIS: 'dict' object has no attribute 'empty'
[시장분석] enrichment 완료
[Email] 페이퍼 트레이딩 알림 발송 완료 (PDF 첨부) (매도 2건, 매수 1건, 재평가 0건, 재평가실패 0건, 후보 2건) → chunghwan14@gmail.com, roykim0311@gmail.com, ssamjungtan@naver.com
============================================================
[Unified Paper Trading] 완료
============================================================
