============================================================
[Unified Paper Trading] SP500 + NASDAQ/NYSE 통합 실행 시작
============================================================
2026-04-08 23:20:52,162 [INFO] paper_trading.runner — [Runner] SP500 snapshot 로드: 130개 종목
[Unified PT] SP500 snapshot 로드: 130개 종목
2026-04-08 23:20:52,168 [INFO] paper_trading.runner — [Runner] NASDAQ snapshot 로드: 204개 종목
[Unified PT] NASDAQ snapshot 로드: 204개 종목
[Unified PT] 합산 완료: 321개 종목 (SP500 130 + NASDAQ 204개, 중복 제거 후)
2026-04-08 23:20:53,316 [INFO] paper_trading.candidate_selector — [전략점수 분포] ~4.0: 120 | 4.0~5.0: 33 | 5.0~5.5: 28 | 5.5~6.0: 16 | 6.0+: 124
2026-04-08 23:20:53,330 [INFO] paper_trading.candidate_selector — [CandidateSelector] Regime=bull | Filtered=5/321 | Selected: SLB (CCS=0.5490)
2026-04-08 23:20:53,335 [INFO] paper_trading.engine — [PaperTrading] 교체 기준 미달 — 매수 안 함
[Unified PT] 매도=0 매수=0 보유=3종목
[Unified PT] 레짐=bull | 필터={'전략점수<6.0': 197, '바닥반등_52주과열': 3, '판단등급_미달': 108, '과열_차단': 6, '유동성_부족': 0, '어닝_임박': 0, '보유_중복': 0, '모멘텀_ADX부족': 2, '바닥_RSI데드존': 0, '섹터_집중': 0, '_통과': 5, '_전체': 321}
[Unified PT] 스킵 사유: 교체_미달
[Unified PT] Top5 후보:
  SLB    CCS=0.5490 전략=📈 모멘텀 섹터=Energy
  HON    CCS=0.4654 전략=📈 모멘텀 섹터=Industrials
  SMR    CCS=0.4617 전략=📉 바닥반등 섹터=Industrials
  VRDN   CCS=0.4336 전략=📉 바닥반등 섹터=Healthcare
  RH     CCS=0.4331 전략=📉 바닥반등 섹터=Consumer Cyclical
2026-04-08 23:20:54,781 [INFO] paper_trading.sheet_sync — [SheetSync] 포지션현황 업데이트: 3개 종목
2026-04-08 23:20:55,939 [INFO] paper_trading.sheet_sync — [SheetSync] 성과요약 업데이트: 0건 거래
[Unified PT] 구글 시트 동기화 완료
[Email] 페이퍼 트레이딩 변동 없음 — 이메일 발송 생략
============================================================
[Unified Paper Trading] 완료
============================================================
