[OHLCV] 배치 다운로드 1/4 (150개 종목, period=5y)...
[OHLCV] 배치 다운로드 2/4 (150개 종목, period=5y)...
[OHLCV] 배치 다운로드 3/4 (150개 종목, period=5y)...
[OHLCV] 배치 다운로드 4/4 (68개 종목, period=5y)...
[DataValidator] 15건의 데이터 품질 경고 발생
Warning:  BK: Close NaN 비율 100.0% (기준: 30%)
Warning:  SOLV: Close NaN 비율 51.5% (기준: 30%)
Warning:  VLTO: Close NaN 비율 42.0% (기준: 30%)
Warning:  HOLX: Close NaN 비율 100.0% (기준: 30%)
Warning:  KVUE: Close NaN 비율 33.6% (기준: 30%)
Warning:  AVB: Close NaN 비율 97.8% (기준: 30%)
Warning:  CTRA: Close NaN 비율 100.0% (기준: 30%)
Warning:  DAY: Close NaN 비율 100.0% (기준: 30%)
Warning:  EQR: Close NaN 비율 98.8% (기준: 30%)
Warning:  GEV: Close NaN 비율 51.6% (기준: 30%)
Warning:  GL: 비정상 가격 변동 53.1% (2024-04-11) — 스플릿/데이터 오류 가능
Warning:  MNST: 비정상 가격 변동 95.6% (2026-07-23) — 스플릿/데이터 오류 가능
Warning:  PDD: 비정상 가격 변동 56.1% (2022-03-16) — 스플릿/데이터 오류 가능
Warning:  EA: Close NaN 비율 99.5% (기준: 30%)
Warning:  MRNA: 비정상 가격 변동 177.0% (2026-08-19) — 스플릿/데이터 오류 가능
[[SP500 분석]] 강한 섹터: {'Health Care', 'Information Technology', 'Energy', 'Materials', 'Communication Services'}
[DataValidator] 1건의 데이터 품질 경고 발생
Warning:  MRNA: 비정상 가격 변동 177.0% (2026-08-19) — 스플릿/데이터 오류 가능
[[SP500 분석]] Extreme model 'label_low' walk-forward ROC 0.66, AP 0.43
[[SP500 분석]] Extreme model 'label_high' walk-forward ROC 0.60, AP 0.30
[[SP500 분석]] Google Sheets 업데이트 완료
[Email] 바닥반등 16개 + 모멘텀 72개 = 총 88개 종목 리스트를 chunghwan14@gmail.com, roykim0311@gmail.com, ssamjungtan@naver.com로 발송 완료
[[SP500 분석]] Signals 결과 기반 차트분석 종목 리스트 생성 중...
[Dynamic Portfolio] 생성된 차트분석 종목 리스트(89개): ['NBM.V', 'CVS', 'NXPI', 'MPC', 'UBER', 'MS', 'DASH', 'APH', 'V', 'NEM', 'KO', 'PWR', 'MRVL', 'CRM', 'COP', 'GE', 'AXP', 'PG', 'JNJ', 'MSFT', 'HD', 'PM', 'SMCI', 'CRWD', 'VLO', 'WDAY', 'DE', 'ABT', 'GS', 'QQQ', 'DIS', 'CVX', 'ABNB', 'MCK', 'JPM', 'DHR', 'BRK-B', 'SYK', 'BAC', 'ADI', 'APP', 'PANW', 'SPGI', 'PH', 'AAPL', 'ASML', 'C', 'NOW', 'NKE', 'META', 'WFC', 'GOOGL', 'FCX', 'IWM', 'GILD', 'LLY', 'MELI', 'TGT', 'BMY', 'UNH', 'HOOD', 'DELL', 'NVDA', 'SPY', 'ETN', 'T', 'PLTR', 'UNP', 'ANET', 'DDOG', 'MU', 'ABBV', 'AMZN', 'BA', 'TMO', 'FTNT', 'SCHW', 'HPE', 'MRNA', 'MA', 'RTX', 'AMGN', 'XOM', 'PFE', 'VZ', 'TEAM', 'BKNG', 'MRK', 'STX']
[[SP500 차트분석]] [SP500 분석] 결과 기반 [SP500 차트분석] 시트 생성 중 (89개 종목)...
[[SP500 차트분석]] [SP500 분석]에 없는 종목은 별도 분석: ['NBM.V']
[DataValidator] 1건의 데이터 품질 경고 발생
Warning:  NBM.V: 비정상 가격 변동 56.3% (2024-09-25) — 스플릿/데이터 오류 가능
[[SP500 차트분석]] 강한 섹터: {'Health Care', 'Information Technology', 'Energy', 'Materials', 'Communication Services'}
[[SP500 차트분석]] Extreme model 'global' skipped: insufficient_tickers
[[SP500 차트분석]] 기존 차트 파일 삭제 중...
[[SP500 차트분석]] 차트 저장 디렉토리 준비 완료: charts/screenshots
[[SP500 차트분석]] TradingView 차트 캡처 시작...
[[SP500 차트분석]] 89개 종목 차트 캡처 중...
[TradingView] BAC 브라우저 세션 시작  (로그인 세션)...
[TradingView] 1H 캡처 완료 (60)
[TradingView] 4H 캡처 완료 (240)
[TradingView] Daily 캡처 완료 (D)
[TradingView] Weekly 캡처 완료 (W)
[TradingView] Monthly 캡처 완료 (M)
[[SP500 차트분석]] BAC 차트 5개 처리 완료
[TradingView] DIS 브라우저 세션 시작  (로그인 세션)...
[TradingView] 1H 캡처 완료 (60)
[TradingView] 4H 캡처 완료 (240)
[TradingView] Daily 캡처 완료 (D)
[TradingView] Weekly 캡처 완료 (W)
[TradingView] Monthly 캡처 완료 (M)
[[SP500 차트분석]] DIS 차트 5개 처리 완료
[TradingView] MRVL 브라우저 세션 시작  (로그인 세션)...
[TradingView] 1H 캡처 완료 (60)
[TradingView] 4H 캡처 완료 (240)
[TradingView] Daily 캡처 완료 (D)
[TradingView] Weekly 캡처 완료 (W)
[TradingView] Monthly 캡처 완료 (M)
[[SP500 차트분석]] MRVL 차트 5개 처리 완료
[TradingView] WDAY 브라우저 세션 시작  (로그인 세션)...
[TradingView] 1H 캡처 완료 (60)
[TradingView] 4H 캡처 완료 (240)
[TradingView] Daily 캡처 완료 (D)
[TradingView] Weekly 캡처 완료 (W)
[TradingView] Monthly 캡처 완료 (M)
[[SP500 차트분석]] WDAY 차트 5개 처리 완료
[TradingView] BKNG 브라우저 세션 시작  (로그인 세션)...
[TradingView] 1H 캡처 완료 (60)
[TradingView] 4H 캡처 완료 (240)
[TradingView] Daily 캡처 완료 (D)
[TradingView] Weekly 캡처 완료 (W)
[TradingView] Monthly 캡처 완료 (M)
[[SP500 차트분석]] BKNG 차트 5개 처리 완료
[TradingView] CRWD 브라우저 세션 시작  (로그인 세션)...
[TradingView] 1H 캡처 완료 (60)
[TradingView] 4H 캡처 완료 (240)
[TradingView] Daily 캡처 완료 (D)
[TradingView] Weekly 캡처 완료 (W)
[TradingView] Monthly 캡처 완료 (M)
[[SP500 차트분석]] CRWD 차트 5개 처리 완료
[TradingView] SCHW 브라우저 세션 시작  (로그인 세션)...
[TradingView] 1H 캡처 완료 (60)
[TradingView] 4H 캡처 완료 (240)
[TradingView] Daily 캡처 완료 (D)
[TradingView] Weekly 캡처 완료 (W)
[TradingView] Monthly 캡처 완료 (M)
[[SP500 차트분석]] SCHW 차트 5개 처리 완료
[TradingView] COP 브라우저 세션 시작  (로그인 세션)...
[TradingView] 1H 캡처 완료 (60)
[TradingView] 4H 캡처 완료 (240)
[TradingView] Daily 캡처 완료 (D)
[TradingView] Weekly 캡처 완료 (W)
[TradingView] Monthly 캡처 완료 (M)
[[SP500 차트분석]] COP 차트 5개 처리 완료
[TradingView] VLO 브라우저 세션 시작  (로그인 세션)...
[TradingView] 1H 캡처 완료 (60)
[TradingView] 4H 캡처 완료 (240)
[TradingView] Daily 캡처 완료 (D)
[TradingView] Weekly 캡처 완료 (W)
[TradingView] Monthly 캡처 완료 (M)
[[SP500 차트분석]] VLO 차트 5개 처리 완료
[TradingView] CVX 브라우저 세션 시작  (로그인 세션)...
[TradingView] 1H 캡처 완료 (60)
[TradingView] 4H 캡처 완료 (240)
[TradingView] Daily 캡처 완료 (D)
[TradingView] Weekly 캡처 완료 (W)
[TradingView] Monthly 캡처 완료 (M)
[[SP500 차트분석]] CVX 차트 5개 처리 완료
[TradingView] MPC 브라우저 세션 시작  (로그인 세션)...
[TradingView] 1H 캡처 완료 (60)
[TradingView] 4H 캡처 완료 (240)
[TradingView] Daily 캡처 완료 (D)
[TradingView] Weekly 캡처 완료 (W)
[TradingView] Monthly 캡처 완료 (M)
[[SP500 차트분석]] MPC 차트 5개 처리 완료
[TradingView] MS 브라우저 세션 시작  (로그인 세션)...
[TradingView] 1H 캡처 완료 (60)
[TradingView] 4H 캡처 완료 (240)
[TradingView] Daily 캡처 완료 (D)
[TradingView] Weekly 캡처 완료 (W)
[TradingView] Monthly 캡처 완료 (M)
[[SP500 차트분석]] MS 차트 5개 처리 완료
[TradingView] TGT 브라우저 세션 시작  (로그인 세션)...
[TradingView] 1H 캡처 완료 (60)
[TradingView] 4H 캡처 완료 (240)
[TradingView] Daily 캡처 완료 (D)
[TradingView] Weekly 캡처 완료 (W)
[TradingView] Monthly 캡처 완료 (M)
[[SP500 차트분석]] TGT 차트 5개 처리 완료
[TradingView] ASML 브라우저 세션 시작  (로그인 세션)...
[TradingView] 1H 캡처 완료 (60)
[TradingView] 4H 캡처 완료 (240)
[TradingView] Daily 캡처 완료 (D)
[TradingView] Weekly 캡처 완료 (W)
[TradingView] Monthly 캡처 완료 (M)
[[SP500 차트분석]] ASML 차트 5개 처리 완료
[TradingView] C 브라우저 세션 시작  (로그인 세션)...
[TradingView] 1H 캡처 완료 (60)
[TradingView] 4H 캡처 완료 (240)
[TradingView] Daily 캡처 완료 (D)
[TradingView] Weekly 캡처 완료 (W)
[TradingView] Monthly 캡처 완료 (M)
[[SP500 차트분석]] C 차트 5개 처리 완료
[TradingView] PH 브라우저 세션 시작  (로그인 세션)...
[TradingView] 1H 캡처 완료 (60)
[TradingView] 4H 캡처 완료 (240)
[TradingView] Daily 캡처 완료 (D)
[TradingView] Weekly 캡처 완료 (W)
[TradingView] Monthly 캡처 완료 (M)
[[SP500 차트분석]] PH 차트 5개 처리 완료
[TradingView] ABT 브라우저 세션 시작  (로그인 세션)...
[TradingView] 1H 캡처 완료 (60)
[TradingView] 4H 캡처 완료 (240)
[TradingView] Daily 캡처 완료 (D)
[TradingView] Weekly 캡처 완료 (W)
[TradingView] Monthly 캡처 완료 (M)
[[SP500 차트분석]] ABT 차트 5개 처리 완료
[TradingView] ABBV 브라우저 세션 시작  (로그인 세션)...
[TradingView] 1H 캡처 완료 (60)
[TradingView] 4H 캡처 완료 (240)
[TradingView] Daily 캡처 완료 (D)
[TradingView] Weekly 캡처 완료 (W)
[TradingView] Monthly 캡처 완료 (M)
[[SP500 차트분석]] ABBV 차트 5개 처리 완료
[TradingView] DASH 브라우저 세션 시작  (로그인 세션)...
[TradingView] 1H 캡처 완료 (60)
[TradingView] 4H 캡처 완료 (240)
[TradingView] Daily 캡처 완료 (D)
[TradingView] Weekly 캡처 완료 (W)
[TradingView] Monthly 캡처 완료 (M)
[[SP500 차트분석]] DASH 차트 5개 처리 완료
[TradingView] FCX 브라우저 세션 시작  (로그인 세션)...
[TradingView] 1H 캡처 완료 (60)
[TradingView] 4H 캡처 완료 (240)
[TradingView] Daily 캡처 완료 (D)
[TradingView] Weekly 캡처 완료 (W)
[TradingView] Monthly 캡처 완료 (M)
[[SP500 차트분석]] FCX 차트 5개 처리 완료
[TradingView] HPE 브라우저 세션 시작  (로그인 세션)...
[TradingView] 1H 캡처 완료 (60)
[TradingView] 4H 캡처 완료 (240)
[TradingView] Daily 캡처 완료 (D)
[TradingView] Weekly 캡처 완료 (W)
[TradingView] Monthly 캡처 완료 (M)
[[SP500 차트분석]] HPE 차트 5개 처리 완료
[TradingView] MA 브라우저 세션 시작  (로그인 세션)...
[TradingView] 1H 캡처 완료 (60)
[TradingView] 4H 캡처 완료 (240)
[TradingView] Daily 캡처 완료 (D)
[TradingView] Weekly 캡처 완료 (W)
[TradingView] Monthly 캡처 완료 (M)
[[SP500 차트분석]] MA 차트 5개 처리 완료
[TradingView] NEM 브라우저 세션 시작  (로그인 세션)...
[TradingView] 1H 캡처 완료 (60)
[TradingView] 4H 캡처 완료 (240)
[TradingView] Daily 캡처 완료 (D)
[TradingView] Weekly 캡처 완료 (W)
[TradingView] Monthly 캡처 완료 (M)
[[SP500 차트분석]] NEM 차트 5개 처리 완료
[TradingView] PLTR 브라우저 세션 시작  (로그인 세션)...
[TradingView] 1H 캡처 완료 (60)
[TradingView] 4H 캡처 완료 (240)
[TradingView] Daily 캡처 완료 (D)
[TradingView] Weekly 캡처 완료 (W)
[TradingView] Monthly 캡처 완료 (M)
[[SP500 차트분석]] PLTR 차트 5개 처리 완료
[TradingView] ABNB 브라우저 세션 시작  (로그인 세션)...
[TradingView] 1H 캡처 완료 (60)
[TradingView] 4H 캡처 완료 (240)
[TradingView] Daily 캡처 완료 (D)
[TradingView] Weekly 캡처 완료 (W)
[TradingView] Monthly 캡처 완료 (M)
[[SP500 차트분석]] ABNB 차트 5개 처리 완료
[TradingView] AMGN 브라우저 세션 시작  (로그인 세션)...
[TradingView] 1H 캡처 완료 (60)
[TradingView] 4H 캡처 완료 (240)
[TradingView] Daily 캡처 완료 (D)
[TradingView] Weekly 캡처 완료 (W)
[TradingView] Monthly 캡처 완료 (M)
[[SP500 차트분석]] AMGN 차트 5개 처리 완료
[TradingView] BMY 브라우저 세션 시작  (로그인 세션)...
[TradingView] 1H 캡처 완료 (60)
[TradingView] 4H 캡처 완료 (240)
[TradingView] Daily 캡처 완료 (D)
[TradingView] Weekly 캡처 완료 (W)
[TradingView] Monthly 캡처 완료 (M)
[[SP500 차트분석]] BMY 차트 5개 처리 완료
[TradingView] GILD 브라우저 세션 시작  (로그인 세션)...
[TradingView] 1H 캡처 완료 (60)
[TradingView] 4H 캡처 완료 (240)
[TradingView] Daily 캡처 완료 (D)
[TradingView] Weekly 캡처 완료 (W)
[TradingView] Monthly 캡처 완료 (M)
[[SP500 차트분석]] GILD 차트 5개 처리 완료
[TradingView] KO 브라우저 세션 시작  (로그인 세션)...
[TradingView] 1H 캡처 완료 (60)
[TradingView] 4H 캡처 완료 (240)
[TradingView] Daily 캡처 완료 (D)
[TradingView] Weekly 캡처 완료 (W)
[TradingView] Monthly 캡처 완료 (M)
[[SP500 차트분석]] KO 차트 5개 처리 완료
[TradingView] MRK 브라우저 세션 시작  (로그인 세션)...
[TradingView] 1H 캡처 완료 (60)
[TradingView] 4H 캡처 완료 (240)
[TradingView] Daily 캡처 완료 (D)
[TradingView] Weekly 캡처 완료 (W)
[TradingView] Monthly 캡처 완료 (M)
[[SP500 차트분석]] MRK 차트 5개 처리 완료
[TradingView] MRNA 브라우저 세션 시작  (로그인 세션)...
[TradingView] 1H 캡처 완료 (60)
[TradingView] 4H 캡처 완료 (240)
[TradingView] Daily 캡처 완료 (D)
[TradingView] Weekly 캡처 완료 (W)
[TradingView] Monthly 캡처 완료 (M)
[[SP500 차트분석]] MRNA 차트 5개 처리 완료
[TradingView] PFE 브라우저 세션 시작  (로그인 세션)...
[TradingView] 1H 캡처 완료 (60)
[TradingView] 4H 캡처 완료 (240)
[TradingView] Daily 캡처 완료 (D)
[TradingView] Weekly 캡처 완료 (W)
[TradingView] Monthly 캡처 완료 (M)
[[SP500 차트분석]] PFE 차트 5개 처리 완료
[TradingView] TMO 브라우저 세션 시작  (로그인 세션)...
[TradingView] 1H 캡처 완료 (60)
[TradingView] 4H 캡처 완료 (240)
[TradingView] Daily 캡처 완료 (D)
[TradingView] Weekly 캡처 완료 (W)
[TradingView] Monthly 캡처 완료 (M)
[[SP500 차트분석]] TMO 차트 5개 처리 완료
[TradingView] UNP 브라우저 세션 시작  (로그인 세션)...
[TradingView] 1H 캡처 완료 (60)
[TradingView] 4H 캡처 완료 (240)
[TradingView] Daily 캡처 완료 (D)
[TradingView] Weekly 캡처 완료 (W)
[TradingView] Monthly 캡처 완료 (M)
[[SP500 차트분석]] UNP 차트 5개 처리 완료
[TradingView] IWM 브라우저 세션 시작  (로그인 세션)...
[TradingView] 1H 캡처 완료 (60)
[TradingView] 4H 캡처 완료 (240)
[TradingView] Daily 캡처 완료 (D)
[TradingView] Weekly 캡처 완료 (W)
[TradingView] Monthly 캡처 완료 (M)
[[SP500 차트분석]] IWM 차트 5개 처리 완료
[TradingView] XOM 브라우저 세션 시작  (로그인 세션)...
[TradingView] 1H 캡처 완료 (60)
[TradingView] 4H 캡처 완료 (240)
[TradingView] Daily 캡처 완료 (D)
[TradingView] Weekly 캡처 완료 (W)
[TradingView] Monthly 캡처 완료 (M)
[[SP500 차트분석]] XOM 차트 5개 처리 완료
[TradingView] T 브라우저 세션 시작  (로그인 세션)...
[TradingView] 1H 캡처 완료 (60)
[TradingView] 4H 캡처 완료 (240)
[TradingView] Daily 캡처 완료 (D)
[TradingView] Weekly 캡처 완료 (W)
[TradingView] Monthly 캡처 완료 (M)
[[SP500 차트분석]] T 차트 5개 처리 완료
[TradingView] RTX 브라우저 세션 시작  (로그인 세션)...
[TradingView] 1H 캡처 완료 (60)
[TradingView] 4H 캡처 완료 (240)
[TradingView] Daily 캡처 완료 (D)
[TradingView] Weekly 캡처 완료 (W)
[TradingView] Monthly 캡처 완료 (M)
[[SP500 차트분석]] RTX 차트 5개 처리 완료
[TradingView] FTNT 브라우저 세션 시작  (로그인 세션)...
[TradingView] 1H 캡처 완료 (60)
[TradingView] 4H 캡처 완료 (240)
[TradingView] Daily 캡처 완료 (D)
[TradingView] Weekly 캡처 완료 (W)
[TradingView] Monthly 캡처 완료 (M)
[[SP500 차트분석]] FTNT 차트 5개 처리 완료
[TradingView] SYK 브라우저 세션 시작  (로그인 세션)...
[TradingView] 1H 캡처 완료 (60)
[TradingView] 4H 캡처 완료 (240)
[TradingView] Daily 캡처 완료 (D)
[TradingView] Weekly 캡처 완료 (W)
[TradingView] Monthly 캡처 완료 (M)
[[SP500 차트분석]] SYK 차트 5개 처리 완료
[TradingView] GS 브라우저 세션 시작  (로그인 세션)...
[TradingView] 1H 캡처 완료 (60)
[TradingView] 4H 캡처 완료 (240)
[TradingView] Daily 캡처 완료 (D)
[TradingView] Weekly 캡처 완료 (W)
[TradingView] Monthly 캡처 완료 (M)
[[SP500 차트분석]] GS 차트 5개 처리 완료
[TradingView] V 브라우저 세션 시작  (로그인 세션)...
[TradingView] 1H 캡처 완료 (60)
[TradingView] 4H 캡처 완료 (240)
[TradingView] Daily 캡처 완료 (D)
[TradingView] Weekly 캡처 완료 (W)
[TradingView] Monthly 캡처 완료 (M)
[[SP500 차트분석]] V 차트 5개 처리 완료
[TradingView] AXP 브라우저 세션 시작  (로그인 세션)...
[TradingView] 1H 캡처 완료 (60)
[TradingView] 4H 캡처 완료 (240)
[TradingView] Daily 캡처 완료 (D)
[TradingView] Weekly 캡처 완료 (W)
[TradingView] Monthly 캡처 완료 (M)
[[SP500 차트분석]] AXP 차트 5개 처리 완료
[TradingView] DE 브라우저 세션 시작  (로그인 세션)...
[TradingView] 1H 캡처 완료 (60)
[TradingView] 4H 캡처 완료 (240)
[TradingView] Daily 캡처 완료 (D)
[TradingView] Weekly 캡처 완료 (W)
[TradingView] Monthly 캡처 완료 (M)
[[SP500 차트분석]] DE 차트 5개 처리 완료
[TradingView] LLY 브라우저 세션 시작  (로그인 세션)...
[TradingView] 1H 캡처 완료 (60)
[TradingView] 4H 캡처 완료 (240)
[TradingView] Daily 캡처 완료 (D)
[TradingView] Weekly 캡처 완료 (W)
[TradingView] Monthly 캡처 완료 (M)
[[SP500 차트분석]] LLY 차트 5개 처리 완료
[TradingView] SMCI 브라우저 세션 시작  (로그인 세션)...
[TradingView] 1H 캡처 완료 (60)
[TradingView] 4H 캡처 완료 (240)
[TradingView] Daily 캡처 완료 (D)
[TradingView] Weekly 캡처 완료 (W)
[TradingView] Monthly 캡처 완료 (M)
[[SP500 차트분석]] SMCI 차트 5개 처리 완료
[TradingView] DHR 브라우저 세션 시작  (로그인 세션)...
[TradingView] 1H 캡처 완료 (60)
[TradingView] 4H 캡처 완료 (240)
[TradingView] Daily 캡처 완료 (D)
[TradingView] Weekly 캡처 완료 (W)
[TradingView] Monthly 캡처 완료 (M)
[[SP500 차트분석]] DHR 차트 5개 처리 완료
[TradingView] HOOD 브라우저 세션 시작  (로그인 세션)...
[TradingView] 1H 캡처 완료 (60)
[TradingView] 4H 캡처 완료 (240)
[TradingView] Daily 캡처 완료 (D)
[TradingView] Weekly 캡처 완료 (W)
[TradingView] Monthly 캡처 완료 (M)
[[SP500 차트분석]] HOOD 차트 5개 처리 완료
[TradingView] JNJ 브라우저 세션 시작  (로그인 세션)...
[TradingView] 1H 캡처 완료 (60)
[TradingView] 4H 캡처 완료 (240)
[TradingView] Daily 캡처 완료 (D)
[TradingView] Weekly 캡처 완료 (W)
[TradingView] Monthly 캡처 완료 (M)
[[SP500 차트분석]] JNJ 차트 5개 처리 완료
[TradingView] MCK 브라우저 세션 시작  (로그인 세션)...
[TradingView] 1H 캡처 완료 (60)
[TradingView] 4H 캡처 완료 (240)
[TradingView] Daily 캡처 완료 (D)
[TradingView] Weekly 캡처 완료 (W)
[TradingView] Monthly 캡처 완료 (M)
[[SP500 차트분석]] MCK 차트 5개 처리 완료
[TradingView] MU 브라우저 세션 시작  (로그인 세션)...
[TradingView] 1H 캡처 완료 (60)
[TradingView] 4H 캡처 완료 (240)
[TradingView] Daily 캡처 완료 (D)
[TradingView] Weekly 캡처 완료 (W)
[TradingView] Monthly 캡처 완료 (M)
[[SP500 차트분석]] MU 차트 5개 처리 완료
[TradingView] NVDA 브라우저 세션 시작  (로그인 세션)...
[TradingView] 1H 캡처 완료 (60)
[TradingView] 4H 캡처 완료 (240)
[TradingView] Daily 캡처 완료 (D)
[TradingView] Weekly 캡처 완료 (W)
[TradingView] Monthly 캡처 완료 (M)
[[SP500 차트분석]] NVDA 차트 5개 처리 완료
[TradingView] MSFT 브라우저 세션 시작  (로그인 세션)...
[TradingView] 1H 캡처 완료 (60)
[TradingView] 4H 캡처 완료 (240)
[TradingView] Daily 캡처 완료 (D)
[TradingView] Weekly 캡처 완료 (W)
[TradingView] Monthly 캡처 완료 (M)
[[SP500 차트분석]] MSFT 차트 5개 처리 완료
[TradingView] HD 브라우저 세션 시작  (로그인 세션)...
[TradingView] 1H 캡처 완료 (60)
[TradingView] 4H 캡처 완료 (240)
[TradingView] Daily 캡처 완료 (D)
[TradingView] Weekly 캡처 완료 (W)
[TradingView] Monthly 캡처 완료 (M)
[[SP500 차트분석]] HD 차트 5개 처리 완료
[TradingView] BRK-B 브라우저 세션 시작  (로그인 세션)...
[TradingView] 1H 캡처 완료 (60)
[TradingView] 4H 캡처 완료 (240)
[TradingView] Daily 캡처 완료 (D)
[TradingView] Weekly 캡처 완료 (W)
[TradingView] Monthly 캡처 완료 (M)
[[SP500 차트분석]] BRK-B 차트 5개 처리 완료
[TradingView] UNH 브라우저 세션 시작  (로그인 세션)...
[TradingView] 1H 캡처 완료 (60)
[TradingView] 4H 캡처 완료 (240)
[TradingView] Daily 캡처 완료 (D)
[TradingView] Weekly 캡처 완료 (W)
[TradingView] Monthly 캡처 완료 (M)
[[SP500 차트분석]] UNH 차트 5개 처리 완료
[TradingView] GE 브라우저 세션 시작  (로그인 세션)...
[TradingView] 1H 캡처 완료 (60)
[TradingView] 4H 캡처 완료 (240)
[TradingView] Daily 캡처 완료 (D)
[TradingView] Weekly 캡처 완료 (W)
[TradingView] Monthly 캡처 완료 (M)
[[SP500 차트분석]] GE 차트 5개 처리 완료
[TradingView] VZ 브라우저 세션 시작  (로그인 세션)...
[TradingView] 1H 캡처 완료 (60)
[TradingView] 4H 캡처 완료 (240)
[TradingView] Daily 캡처 완료 (D)
[TradingView] Weekly 캡처 완료 (W)
[TradingView] Monthly 캡처 완료 (M)
[[SP500 차트분석]] VZ 차트 5개 처리 완료
[TradingView] TEAM 브라우저 세션 시작  (로그인 세션)...
[TradingView] 1H 캡처 완료 (60)
[TradingView] 4H 캡처 완료 (240)
[TradingView] Daily 캡처 완료 (D)
[TradingView] Weekly 캡처 완료 (W)
[TradingView] Monthly 캡처 완료 (M)
[[SP500 차트분석]] TEAM 차트 5개 처리 완료
[TradingView] MELI 브라우저 세션 시작  (로그인 세션)...
[TradingView] 1H 캡처 완료 (60)
[TradingView] 4H 캡처 완료 (240)
[TradingView] Daily 캡처 완료 (D)
[TradingView] Weekly 캡처 완료 (W)
[TradingView] Monthly 캡처 완료 (M)
[[SP500 차트분석]] MELI 차트 5개 처리 완료
[TradingView] JPM 브라우저 세션 시작  (로그인 세션)...
[TradingView] 1H 캡처 완료 (60)
[TradingView] 4H 캡처 완료 (240)
[TradingView] Daily 캡처 완료 (D)
[TradingView] Weekly 캡처 완료 (W)
[TradingView] Monthly 캡처 완료 (M)
[[SP500 차트분석]] JPM 차트 5개 처리 완료
[TradingView] APH 브라우저 세션 시작  (로그인 세션)...
[TradingView] 1H 캡처 완료 (60)
[TradingView] 4H 캡처 완료 (240)
[TradingView] Daily 캡처 완료 (D)
[TradingView] Weekly 캡처 완료 (W)
[TradingView] Monthly 캡처 완료 (M)
[[SP500 차트분석]] APH 차트 5개 처리 완료
[TradingView] STX 브라우저 세션 시작  (로그인 세션)...
[TradingView] 1H 캡처 완료 (60)
[TradingView] 4H 캡처 완료 (240)
[TradingView] Daily 캡처 완료 (D)
[TradingView] Weekly 캡처 완료 (W)
[TradingView] Monthly 캡처 완료 (M)
[[SP500 차트분석]] STX 차트 5개 처리 완료
[TradingView] UBER 브라우저 세션 시작  (로그인 세션)...
[TradingView] 1H 캡처 완료 (60)
[TradingView] 4H 캡처 완료 (240)
[TradingView] Daily 캡처 완료 (D)
[TradingView] Weekly 캡처 완료 (W)
[TradingView] Monthly 캡처 완료 (M)
[[SP500 차트분석]] UBER 차트 5개 처리 완료
[TradingView] ANET 브라우저 세션 시작  (로그인 세션)...
[TradingView] 1H 캡처 완료 (60)
[TradingView] 4H 캡처 완료 (240)
[TradingView] Daily 캡처 완료 (D)
[TradingView] Weekly 캡처 완료 (W)
[TradingView] Monthly 캡처 완료 (M)
[[SP500 차트분석]] ANET 차트 5개 처리 완료
[TradingView] DDOG 브라우저 세션 시작  (로그인 세션)...
[TradingView] 1H 캡처 완료 (60)
[TradingView] 4H 캡처 완료 (240)
[TradingView] Daily 캡처 완료 (D)
[TradingView] Weekly 캡처 완료 (W)
[TradingView] Monthly 캡처 완료 (M)
[[SP500 차트분석]] DDOG 차트 5개 처리 완료
[TradingView] DELL 브라우저 세션 시작  (로그인 세션)...
[TradingView] 1H 캡처 완료 (60)
[TradingView] 4H 캡처 완료 (240)
[TradingView] Daily 캡처 완료 (D)
[TradingView] Weekly 캡처 완료 (W)
[TradingView] Monthly 캡처 완료 (M)
[[SP500 차트분석]] DELL 차트 5개 처리 완료
[TradingView] PANW 브라우저 세션 시작  (로그인 세션)...
[TradingView] 1H 캡처 완료 (60)
[TradingView] 4H 캡처 완료 (240)
[TradingView] Daily 캡처 완료 (D)
[TradingView] Weekly 캡처 완료 (W)
[TradingView] Monthly 캡처 완료 (M)
[[SP500 차트분석]] PANW 차트 5개 처리 완료
[TradingView] NOW 브라우저 세션 시작  (로그인 세션)...
[TradingView] 1H 캡처 완료 (60)
[TradingView] 4H 캡처 완료 (240)
[TradingView] Daily 캡처 완료 (D)
[TradingView] Weekly 캡처 완료 (W)
[TradingView] Monthly 캡처 완료 (M)
[[SP500 차트분석]] NOW 차트 5개 처리 완료
[TradingView] AAPL 브라우저 세션 시작  (로그인 세션)...
[TradingView] 1H 캡처 완료 (60)
[TradingView] 4H 캡처 완료 (240)
[TradingView] Daily 캡처 완료 (D)
[TradingView] Weekly 캡처 완료 (W)
[TradingView] Monthly 캡처 완료 (M)
[[SP500 차트분석]] AAPL 차트 5개 처리 완료
[TradingView] GOOGL 브라우저 세션 시작  (로그인 세션)...
[TradingView] 1H 캡처 완료 (60)
[TradingView] 4H 캡처 완료 (240)
[TradingView] Daily 캡처 완료 (D)
[TradingView] Weekly 캡처 완료 (W)
[TradingView] Monthly 캡처 완료 (M)
[[SP500 차트분석]] GOOGL 차트 5개 처리 완료
[TradingView] CVS 브라우저 세션 시작  (로그인 세션)...
[TradingView] 1H 캡처 완료 (60)
[TradingView] 4H 캡처 완료 (240)
[TradingView] Daily 캡처 완료 (D)
[TradingView] Weekly 캡처 완료 (W)
[TradingView] Monthly 캡처 완료 (M)
[[SP500 차트분석]] CVS 차트 5개 처리 완료
[TradingView] SPY 브라우저 세션 시작  (로그인 세션)...
[TradingView] 1H 캡처 완료 (60)
[TradingView] 4H 캡처 완료 (240)
[TradingView] Daily 캡처 완료 (D)
[TradingView] Weekly 캡처 완료 (W)
[TradingView] Monthly 캡처 완료 (M)
[[SP500 차트분석]] SPY 차트 5개 처리 완료
[TradingView] QQQ 브라우저 세션 시작  (로그인 세션)...
[TradingView] 1H 캡처 완료 (60)
[TradingView] 4H 캡처 완료 (240)
[TradingView] Daily 캡처 완료 (D)
[TradingView] Weekly 캡처 완료 (W)
[TradingView] Monthly 캡처 완료 (M)
[[SP500 차트분석]] QQQ 차트 5개 처리 완료
[TradingView] AMZN 브라우저 세션 시작  (로그인 세션)...
[TradingView] 1H 캡처 완료 (60)
[TradingView] 4H 캡처 완료 (240)
[TradingView] Daily 캡처 완료 (D)
[TradingView] Weekly 캡처 완료 (W)
[TradingView] Monthly 캡처 완료 (M)
[[SP500 차트분석]] AMZN 차트 5개 처리 완료
[TradingView] CRM 브라우저 세션 시작  (로그인 세션)...
[TradingView] 1H 캡처 완료 (60)
[TradingView] 4H 캡처 완료 (240)
[TradingView] Daily 캡처 완료 (D)
[TradingView] Weekly 캡처 완료 (W)
[TradingView] Monthly 캡처 완료 (M)
[[SP500 차트분석]] CRM 차트 5개 처리 완료
[TradingView] WFC 브라우저 세션 시작  (로그인 세션)...
[TradingView] 1H 캡처 완료 (60)
[TradingView] 4H 캡처 완료 (240)
[TradingView] Daily 캡처 완료 (D)
[TradingView] Weekly 캡처 완료 (W)
[TradingView] Monthly 캡처 완료 (M)
[[SP500 차트분석]] WFC 차트 5개 처리 완료
[TradingView] ETN 브라우저 세션 시작  (로그인 세션)...
[TradingView] 1H 캡처 완료 (60)
[TradingView] 4H 캡처 완료 (240)
[TradingView] Daily 캡처 완료 (D)
[TradingView] Weekly 캡처 완료 (W)
[TradingView] Monthly 캡처 완료 (M)
[[SP500 차트분석]] ETN 차트 5개 처리 완료
[TradingView] PM 브라우저 세션 시작  (로그인 세션)...
[TradingView] 1H 캡처 완료 (60)
[TradingView] 4H 캡처 완료 (240)
[TradingView] Daily 캡처 완료 (D)
[TradingView] Weekly 캡처 완료 (W)
[TradingView] Monthly 캡처 완료 (M)
[[SP500 차트분석]] PM 차트 5개 처리 완료
[TradingView] SPGI 브라우저 세션 시작  (로그인 세션)...
[TradingView] 1H 캡처 완료 (60)
[TradingView] 4H 캡처 완료 (240)
[TradingView] Daily 캡처 완료 (D)
[TradingView] Weekly 캡처 완료 (W)
[TradingView] Monthly 캡처 완료 (M)
[[SP500 차트분석]] SPGI 차트 5개 처리 완료
[TradingView] NXPI 브라우저 세션 시작  (로그인 세션)...
[TradingView] 1H 캡처 완료 (60)
[TradingView] 4H 캡처 완료 (240)
[TradingView] Daily 캡처 완료 (D)
[TradingView] Weekly 캡처 완료 (W)
[TradingView] Monthly 캡처 완료 (M)
[[SP500 차트분석]] NXPI 차트 5개 처리 완료
[TradingView] APP 브라우저 세션 시작  (로그인 세션)...
[TradingView] 1H 캡처 완료 (60)
[TradingView] 4H 캡처 완료 (240)
[TradingView] Daily 캡처 완료 (D)
[TradingView] Weekly 캡처 완료 (W)
[TradingView] Monthly 캡처 완료 (M)
[[SP500 차트분석]] APP 차트 5개 처리 완료
[TradingView] PG 브라우저 세션 시작  (로그인 세션)...
[TradingView] 1H 캡처 완료 (60)
[TradingView] 4H 캡처 완료 (240)
[TradingView] Daily 캡처 완료 (D)
[TradingView] Weekly 캡처 완료 (W)
[TradingView] Monthly 캡처 완료 (M)
[[SP500 차트분석]] PG 차트 5개 처리 완료
[TradingView] BA 브라우저 세션 시작  (로그인 세션)...
[TradingView] 1H 캡처 완료 (60)
[TradingView] 4H 캡처 완료 (240)
[TradingView] Daily 캡처 완료 (D)
[TradingView] Weekly 캡처 완료 (W)
[TradingView] Monthly 캡처 완료 (M)
[[SP500 차트분석]] BA 차트 5개 처리 완료
[TradingView] NKE 브라우저 세션 시작  (로그인 세션)...
[TradingView] 1H 캡처 완료 (60)
[TradingView] 4H 캡처 완료 (240)
[TradingView] Daily 캡처 완료 (D)
[TradingView] Weekly 캡처 완료 (W)
[TradingView] Monthly 캡처 완료 (M)
[[SP500 차트분석]] NKE 차트 5개 처리 완료
[TradingView] ADI 브라우저 세션 시작  (로그인 세션)...
[TradingView] 1H 캡처 완료 (60)
[TradingView] 4H 캡처 완료 (240)
[TradingView] Daily 캡처 완료 (D)
[TradingView] Weekly 캡처 완료 (W)
[TradingView] Monthly 캡처 완료 (M)
[[SP500 차트분석]] ADI 차트 5개 처리 완료
[TradingView] PWR 브라우저 세션 시작  (로그인 세션)...
[TradingView] 1H 캡처 완료 (60)
[TradingView] 4H 캡처 완료 (240)
[TradingView] Daily 캡처 완료 (D)
[TradingView] Weekly 캡처 완료 (W)
[TradingView] Monthly 캡처 완료 (M)
[[SP500 차트분석]] PWR 차트 5개 처리 완료
[TradingView] META 브라우저 세션 시작  (로그인 세션)...
[TradingView] 1H 캡처 완료 (60)
[TradingView] 4H 캡처 완료 (240)
[TradingView] Daily 캡처 완료 (D)
[TradingView] Weekly 캡처 완료 (W)
[TradingView] Monthly 캡처 완료 (M)
[[SP500 차트분석]] META 차트 5개 처리 완료
[TradingView] 티커 매핑 적용: NBM.V -> NBM
[TradingView] NBM.V 브라우저 세션 시작  (로그인 세션)...
[TradingView] 1H 캡처 완료 (60)
[TradingView] 4H 캡처 완료 (240)
[TradingView] Daily 캡처 완료 (D)
[TradingView] Weekly 캡처 완료 (W)
[TradingView] Monthly 캡처 완료 (M)
[[SP500 차트분석]] NBM.V 차트 5개 처리 완료
[[SP500 차트분석]] 차트 캡처 완료
[[SP500 차트분석]] GitHub에 차트 이미지 푸시 중...
rm 'charts/screenshots/AAPL/AAPL_1H_20260829_074705.png'
rm 'charts/screenshots/AAPL/AAPL_4H_20260829_074705.png'
rm 'charts/screenshots/AAPL/AAPL_Daily_20260829_074705.png'
rm 'charts/screenshots/AAPL/AAPL_Monthly_20260829_074705.png'
rm 'charts/screenshots/AAPL/AAPL_Weekly_20260829_074705.png'
rm 'charts/screenshots/ABBV/ABBV_1H_20260829_074743.png'
rm 'charts/screenshots/ABBV/ABBV_4H_20260829_074743.png'
rm 'charts/screenshots/ABBV/ABBV_Daily_20260829_074743.png'
rm 'charts/screenshots/ABBV/ABBV_Monthly_20260829_074743.png'
rm 'charts/screenshots/ABBV/ABBV_Weekly_20260829_074743.png'
rm 'charts/screenshots/ABNB/ABNB_1H_20260829_074820.png'
rm 'charts/screenshots/ABNB/ABNB_4H_20260829_074820.png'
rm 'charts/screenshots/ABNB/ABNB_Daily_20260829_074820.png'
rm 'charts/screenshots/ABNB/ABNB_Monthly_20260829_074820.png'
rm 'charts/screenshots/ABNB/ABNB_Weekly_20260829_074820.png'
rm 'charts/screenshots/ABT/ABT_1H_20260829_080503.png'
rm 'charts/screenshots/ABT/ABT_4H_20260829_080503.png'
rm 'charts/screenshots/ABT/ABT_Daily_20260829_080503.png'
rm 'charts/screenshots/ABT/ABT_Monthly_20260829_080503.png'
rm 'charts/screenshots/ABT/ABT_Weekly_20260829_080503.png'
rm 'charts/screenshots/AMD/AMD_1H_20260829_081614.png'
rm 'charts/screenshots/AMD/AMD_4H_20260829_081614.png'
rm 'charts/screenshots/AMD/AMD_Daily_20260829_081614.png'
rm 'charts/screenshots/AMD/AMD_Monthly_20260829_081614.png'
rm 'charts/screenshots/AMD/AMD_Weekly_20260829_081614.png'
rm 'charts/screenshots/AMGN/AMGN_1H_20260829_074857.png'
rm 'charts/screenshots/AMGN/AMGN_4H_20260829_074857.png'
rm 'charts/screenshots/AMGN/AMGN_Daily_20260829_074857.png'
rm 'charts/screenshots/AMGN/AMGN_Monthly_20260829_074857.png'
rm 'charts/screenshots/AMGN/AMGN_Weekly_20260829_074857.png'
rm 'charts/screenshots/AMZN/AMZN_1H_20260829_081117.png'
rm 'charts/screenshots/AMZN/AMZN_4H_20260829_081117.png'
rm 'charts/screenshots/AMZN/AMZN_Daily_20260829_081117.png'
rm 'charts/screenshots/AMZN/AMZN_Monthly_20260829_081117.png'
rm 'charts/screenshots/AMZN/AMZN_Weekly_20260829_081117.png'
rm 'charts/screenshots/ANET/ANET_1H_20260829_081155.png'
rm 'charts/screenshots/ANET/ANET_4H_20260829_081155.png'
rm 'charts/screenshots/ANET/ANET_Daily_20260829_081155.png'
rm 'charts/screenshots/ANET/ANET_Monthly_20260829_081155.png'
rm 'charts/screenshots/ANET/ANET_Weekly_20260829_081155.png'
rm 'charts/screenshots/APP/APP_1H_20260829_082109.png'
rm 'charts/screenshots/APP/APP_4H_20260829_082109.png'
rm 'charts/screenshots/APP/APP_Daily_20260829_082109.png'
rm 'charts/screenshots/APP/APP_Monthly_20260829_082109.png'
rm 'charts/screenshots/APP/APP_Weekly_20260829_082109.png'
rm 'charts/screenshots/BAC/BAC_1H_20260829_081003.png'
rm 'charts/screenshots/BAC/BAC_4H_20260829_081003.png'
rm 'charts/screenshots/BAC/BAC_Daily_20260829_081003.png'
rm 'charts/screenshots/BAC/BAC_Monthly_20260829_081003.png'
rm 'charts/screenshots/BAC/BAC_Weekly_20260829_081003.png'
rm 'charts/screenshots/BMY/BMY_1H_20260829_074933.png'
rm 'charts/screenshots/BMY/BMY_4H_20260829_074933.png'
rm 'charts/screenshots/BMY/BMY_Daily_20260829_074933.png'
rm 'charts/screenshots/BMY/BMY_Monthly_20260829_074933.png'
rm 'charts/screenshots/BMY/BMY_Weekly_20260829_074933.png'
rm 'charts/screenshots/C/C_1H_20260829_074209.png'
rm 'charts/screenshots/C/C_4H_20260829_074209.png'
rm 'charts/screenshots/C/C_Daily_20260829_074209.png'
rm 'charts/screenshots/C/C_Monthly_20260829_074209.png'
rm 'charts/screenshots/C/C_Weekly_20260829_074209.png'
rm 'charts/screenshots/COP/COP_1H_20260829_074359.png'
rm 'charts/screenshots/COP/COP_4H_20260829_074359.png'
rm 'charts/screenshots/COP/COP_Daily_20260829_074359.png'
rm 'charts/screenshots/COP/COP_Monthly_20260829_074359.png'
rm 'charts/screenshots/COP/COP_Weekly_20260829_074359.png'
rm 'charts/screenshots/CRM/CRM_1H_20260829_080311.png'
rm 'charts/screenshots/CRM/CRM_4H_20260829_080311.png'
rm 'charts/screenshots/CRM/CRM_Daily_20260829_080311.png'
rm 'charts/screenshots/CRM/CRM_Monthly_20260829_080311.png'
rm 'charts/screenshots/CRM/CRM_Weekly_20260829_080311.png'
rm 'charts/screenshots/CRWD/CRWD_1H_20260829_075010.png'
rm 'charts/screenshots/CRWD/CRWD_4H_20260829_075010.png'
rm 'charts/screenshots/CRWD/CRWD_Daily_20260829_075010.png'
rm 'charts/screenshots/CRWD/CRWD_Monthly_20260829_075010.png'
rm 'charts/screenshots/CRWD/CRWD_Weekly_20260829_075010.png'
rm 'charts/screenshots/CSCO/CSCO_1H_20260829_081918.png'
rm 'charts/screenshots/CSCO/CSCO_4H_20260829_081918.png'
rm 'charts/screenshots/CSCO/CSCO_Daily_20260829_081918.png'
rm 'charts/screenshots/CSCO/CSCO_Monthly_20260829_081918.png'
rm 'charts/screenshots/CSCO/CSCO_Weekly_20260829_081918.png'
rm 'charts/screenshots/CVS/CVS_1H_20260829_081956.png'
rm 'charts/screenshots/CVS/CVS_4H_20260829_081956.png'
rm 'charts/screenshots/CVS/CVS_Daily_20260829_081956.png'
rm 'charts/screenshots/CVS/CVS_Monthly_20260829_081956.png'
rm 'charts/screenshots/CVS/CVS_Weekly_20260829_081956.png'
rm 'charts/screenshots/CVX/CVX_1H_20260829_080733.png'
rm 'charts/screenshots/CVX/CVX_4H_20260829_080733.png'
rm 'charts/screenshots/CVX/CVX_Daily_20260829_080733.png'
rm 'charts/screenshots/CVX/CVX_Monthly_20260829_080733.png'
rm 'charts/screenshots/CVX/CVX_Weekly_20260829_080733.png'
rm 'charts/screenshots/DASH/DASH_1H_20260829_075048.png'
rm 'charts/screenshots/DASH/DASH_4H_20260829_075048.png'
rm 'charts/screenshots/DASH/DASH_Daily_20260829_075048.png'
rm 'charts/screenshots/DASH/DASH_Monthly_20260829_075048.png'
rm 'charts/screenshots/DASH/DASH_Weekly_20260829_075048.png'
rm 'charts/screenshots/DE/DE_1H_20260829_075125.png'
rm 'charts/screenshots/DE/DE_4H_20260829_075125.png'
rm 'charts/screenshots/DE/DE_Daily_20260829_075125.png'
rm 'charts/screenshots/DE/DE_Monthly_20260829_075125.png'
rm 'charts/screenshots/DE/DE_Weekly_20260829_075125.png'
rm 'charts/screenshots/DHR/DHR_1H_20260829_074551.png'
rm 'charts/screenshots/DHR/DHR_4H_20260829_074551.png'
rm 'charts/screenshots/DHR/DHR_Daily_20260829_074551.png'
rm 'charts/screenshots/DHR/DHR_Monthly_20260829_074551.png'
rm 'charts/screenshots/DHR/DHR_Weekly_20260829_074551.png'
rm 'charts/screenshots/DIS/DIS_1H_20260829_080349.png'
rm 'charts/screenshots/DIS/DIS_4H_20260829_080349.png'
rm 'charts/screenshots/DIS/DIS_Daily_20260829_080349.png'
rm 'charts/screenshots/DIS/DIS_Monthly_20260829_080349.png'
rm 'charts/screenshots/DIS/DIS_Weekly_20260829_080349.png'
rm 'charts/screenshots/FCX/FCX_1H_20260829_074246.png'
rm 'charts/screenshots/FCX/FCX_4H_20260829_074246.png'
rm 'charts/screenshots/FCX/FCX_Daily_20260829_074246.png'
rm 'charts/screenshots/FCX/FCX_Monthly_20260829_074246.png'
rm 'charts/screenshots/FCX/FCX_Weekly_20260829_074246.png'
rm 'charts/screenshots/FTNT/FTNT_1H_20260829_075201.png'
rm 'charts/screenshots/FTNT/FTNT_4H_20260829_075201.png'
rm 'charts/screenshots/FTNT/FTNT_Daily_20260829_075201.png'
rm 'charts/screenshots/FTNT/FTNT_Monthly_20260829_075201.png'
rm 'charts/screenshots/FTNT/FTNT_Weekly_20260829_075201.png'
rm 'charts/screenshots/GILD/GILD_1H_20260829_075239.png'
rm 'charts/screenshots/GILD/GILD_4H_20260829_075239.png'
rm 'charts/screenshots/GILD/GILD_Daily_20260829_075239.png'
rm 'charts/screenshots/GILD/GILD_Monthly_20260829_075239.png'
rm 'charts/screenshots/GILD/GILD_Weekly_20260829_075239.png'
rm 'charts/screenshots/GS/GS_1H_20260829_081231.png'
rm 'charts/screenshots/GS/GS_4H_20260829_081231.png'
rm 'charts/screenshots/GS/GS_Daily_20260829_081231.png'
rm 'charts/screenshots/GS/GS_Monthly_20260829_081231.png'
rm 'charts/screenshots/GS/GS_Weekly_20260829_081231.png'
rm 'charts/screenshots/HOOD/HOOD_1H_20260829_075316.png'
rm 'charts/screenshots/HOOD/HOOD_4H_20260829_075316.png'
rm 'charts/screenshots/HOOD/HOOD_Daily_20260829_075316.png'
rm 'charts/screenshots/HOOD/HOOD_Monthly_20260829_075316.png'
rm 'charts/screenshots/HOOD/HOOD_Weekly_20260829_075316.png'
rm 'charts/screenshots/HPE/HPE_1H_20260829_081308.png'
rm 'charts/screenshots/HPE/HPE_4H_20260829_081308.png'
rm 'charts/screenshots/HPE/HPE_Daily_20260829_081308.png'
rm 'charts/screenshots/HPE/HPE_Monthly_20260829_081308.png'
rm 'charts/screenshots/HPE/HPE_Weekly_20260829_081308.png'
rm 'charts/screenshots/IWM/IWM_1H_20260829_080235.png'
rm 'charts/screenshots/IWM/IWM_4H_20260829_080235.png'
rm 'charts/screenshots/IWM/IWM_Daily_20260829_080235.png'
rm 'charts/screenshots/IWM/IWM_Monthly_20260829_080235.png'
rm 'charts/screenshots/IWM/IWM_Weekly_20260829_080235.png'
rm 'charts/screenshots/JNJ/JNJ_1H_20260829_075354.png'
rm 'charts/screenshots/JNJ/JNJ_4H_20260829_075354.png'
rm 'charts/screenshots/JNJ/JNJ_Daily_20260829_075354.png'
rm 'charts/screenshots/JNJ/JNJ_Monthly_20260829_075354.png'
rm 'charts/screenshots/JNJ/JNJ_Weekly_20260829_075354.png'
rm 'charts/screenshots/KO/KO_1H_20260829_081345.png'
rm 'charts/screenshots/KO/KO_4H_20260829_081345.png'
rm 'charts/screenshots/KO/KO_Daily_20260829_081345.png'
rm 'charts/screenshots/KO/KO_Monthly_20260829_081345.png'
rm 'charts/screenshots/KO/KO_Weekly_20260829_081345.png'
rm 'charts/screenshots/LRCX/LRCX_1H_20260829_081651.png'
rm 'charts/screenshots/LRCX/LRCX_4H_20260829_081651.png'
rm 'charts/screenshots/LRCX/LRCX_Daily_20260829_081651.png'
rm 'charts/screenshots/LRCX/LRCX_Monthly_20260829_081651.png'
rm 'charts/screenshots/LRCX/LRCX_Weekly_20260829_081651.png'
rm 'charts/screenshots/MA/MA_1H_20260829_081422.png'
rm 'charts/screenshots/MA/MA_4H_20260829_081422.png'
rm 'charts/screenshots/MA/MA_Daily_20260829_081422.png'
rm 'charts/screenshots/MA/MA_Monthly_20260829_081422.png'
rm 'charts/screenshots/MA/MA_Weekly_20260829_081422.png'
rm 'charts/screenshots/MCK/MCK_1H_20260829_081500.png'
rm 'charts/screenshots/MCK/MCK_4H_20260829_081500.png'
rm 'charts/screenshots/MCK/MCK_Daily_20260829_081500.png'
rm 'charts/screenshots/MCK/MCK_Monthly_20260829_081500.png'
rm 'charts/screenshots/MCK/MCK_Weekly_20260829_081500.png'
rm 'charts/screenshots/MELI/MELI_1H_20260829_080427.png'
rm 'charts/screenshots/MELI/MELI_4H_20260829_080427.png'
rm 'charts/screenshots/MELI/MELI_Daily_20260829_080427.png'
rm 'charts/screenshots/MELI/MELI_Monthly_20260829_080427.png'
rm 'charts/screenshots/MELI/MELI_Weekly_20260829_080427.png'
rm 'charts/screenshots/MPC/MPC_1H_20260829_074437.png'
rm 'charts/screenshots/MPC/MPC_4H_20260829_074437.png'
rm 'charts/screenshots/MPC/MPC_Daily_20260829_074437.png'
rm 'charts/screenshots/MPC/MPC_Monthly_20260829_074437.png'
rm 'charts/screenshots/MPC/MPC_Weekly_20260829_074437.png'
rm 'charts/screenshots/MRK/MRK_1H_20260829_075432.png'
rm 'charts/screenshots/MRK/MRK_4H_20260829_075432.png'
rm 'charts/screenshots/MRK/MRK_Daily_20260829_075432.png'
rm 'charts/screenshots/MRK/MRK_Monthly_20260829_075432.png'
rm 'charts/screenshots/MRK/MRK_Weekly_20260829_075432.png'
rm 'charts/screenshots/MRNA/MRNA_1H_20260829_075509.png'
rm 'charts/screenshots/MRNA/MRNA_4H_20260829_075509.png'
rm 'charts/screenshots/MRNA/MRNA_Daily_20260829_075509.png'
rm 'charts/screenshots/MRNA/MRNA_Monthly_20260829_075509.png'
rm 'charts/screenshots/MRNA/MRNA_Weekly_20260829_075509.png'
rm 'charts/screenshots/MRVL/MRVL_1H_20260829_074322.png'
rm 'charts/screenshots/MRVL/MRVL_4H_20260829_074322.png'
rm 'charts/screenshots/MRVL/MRVL_Daily_20260829_074322.png'
rm 'charts/screenshots/MRVL/MRVL_Monthly_20260829_074322.png'
rm 'charts/screenshots/MRVL/MRVL_Weekly_20260829_074322.png'
rm 'charts/screenshots/MS/MS_1H_20260829_075546.png'
rm 'charts/screenshots/MS/MS_4H_20260829_075546.png'
rm 'charts/screenshots/MS/MS_Daily_20260829_075546.png'
rm 'charts/screenshots/MS/MS_Monthly_20260829_075546.png'
rm 'charts/screenshots/MS/MS_Weekly_20260829_075546.png'
rm 'charts/screenshots/MU/MU_1H_20260829_075623.png'
rm 'charts/screenshots/MU/MU_4H_20260829_075623.png'
rm 'charts/screenshots/MU/MU_Daily_20260829_075623.png'
rm 'charts/screenshots/MU/MU_Monthly_20260829_075623.png'
rm 'charts/screenshots/MU/MU_Weekly_20260829_075623.png'
rm 'charts/screenshots/NBM.V/NBM.V_1H_20260829_082146.png'
rm 'charts/screenshots/NBM.V/NBM.V_4H_20260829_082146.png'
rm 'charts/screenshots/NBM.V/NBM.V_Daily_20260829_082146.png'
rm 'charts/screenshots/NBM.V/NBM.V_Monthly_20260829_082146.png'
rm 'charts/screenshots/NBM.V/NBM.V_Weekly_20260829_082146.png'
rm 'charts/screenshots/NEM/NEM_1H_20260829_075700.png'
rm 'charts/screenshots/NEM/NEM_4H_20260829_075700.png'
rm 'charts/screenshots/NEM/NEM_Daily_20260829_075700.png'
rm 'charts/screenshots/NEM/NEM_Monthly_20260829_075700.png'
rm 'charts/screenshots/NEM/NEM_Weekly_20260829_075700.png'
rm 'charts/screenshots/NOW/NOW_1H_20260829_074628.png'
rm 'charts/screenshots/NOW/NOW_4H_20260829_074628.png'
rm 'charts/screenshots/NOW/NOW_Daily_20260829_074628.png'
rm 'charts/screenshots/NOW/NOW_Monthly_20260829_074628.png'
rm 'charts/screenshots/NOW/NOW_Weekly_20260829_074628.png'
rm 'charts/screenshots/NVDA/NVDA_1H_20260829_081537.png'
rm 'charts/screenshots/NVDA/NVDA_4H_20260829_081537.png'
rm 'charts/screenshots/NVDA/NVDA_Daily_20260829_081537.png'
rm 'charts/screenshots/NVDA/NVDA_Monthly_20260829_081537.png'
rm 'charts/screenshots/NVDA/NVDA_Weekly_20260829_081537.png'
rm 'charts/screenshots/NXPI/NXPI_1H_20260829_082033.png'
rm 'charts/screenshots/NXPI/NXPI_4H_20260829_082033.png'
rm 'charts/screenshots/NXPI/NXPI_Daily_20260829_082033.png'
rm 'charts/screenshots/NXPI/NXPI_Monthly_20260829_082033.png'
rm 'charts/screenshots/NXPI/NXPI_Weekly_20260829_082033.png'
rm 'charts/screenshots/PFE/PFE_1H_20260829_075736.png'
rm 'charts/screenshots/PFE/PFE_4H_20260829_075736.png'
rm 'charts/screenshots/PFE/PFE_Daily_20260829_075736.png'
rm 'charts/screenshots/PFE/PFE_Monthly_20260829_075736.png'
rm 'charts/screenshots/PFE/PFE_Weekly_20260829_075736.png'
rm 'charts/screenshots/PLTR/PLTR_1H_20260829_075812.png'
rm 'charts/screenshots/PLTR/PLTR_4H_20260829_075812.png'
rm 'charts/screenshots/PLTR/PLTR_Daily_20260829_075812.png'
rm 'charts/screenshots/PLTR/PLTR_Monthly_20260829_075812.png'
rm 'charts/screenshots/PLTR/PLTR_Weekly_20260829_075812.png'
rm 'charts/screenshots/PM/PM_1H_20260829_075850.png'
rm 'charts/screenshots/PM/PM_4H_20260829_075850.png'
rm 'charts/screenshots/PM/PM_Daily_20260829_075850.png'
rm 'charts/screenshots/PM/PM_Monthly_20260829_075850.png'
rm 'charts/screenshots/PM/PM_Weekly_20260829_075850.png'
rm 'charts/screenshots/QQQ/QQQ_1H_20260829_081728.png'
rm 'charts/screenshots/QQQ/QQQ_4H_20260829_081728.png'
rm 'charts/screenshots/QQQ/QQQ_Daily_20260829_081728.png'
rm 'charts/screenshots/QQQ/QQQ_Monthly_20260829_081728.png'
rm 'charts/screenshots/QQQ/QQQ_Weekly_20260829_081728.png'
rm 'charts/screenshots/SCHW/SCHW_1H_20260829_075928.png'
rm 'charts/screenshots/SCHW/SCHW_4H_20260829_075928.png'
rm 'charts/screenshots/SCHW/SCHW_Daily_20260829_075928.png'
rm 'charts/screenshots/SCHW/SCHW_Monthly_20260829_075928.png'
rm 'charts/screenshots/SCHW/SCHW_Weekly_20260829_075928.png'
rm 'charts/screenshots/SPY/SPY_1H_20260829_081805.png'
rm 'charts/screenshots/SPY/SPY_4H_20260829_081805.png'
rm 'charts/screenshots/SPY/SPY_Daily_20260829_081805.png'
rm 'charts/screenshots/SPY/SPY_Monthly_20260829_081805.png'
rm 'charts/screenshots/SPY/SPY_Weekly_20260829_081805.png'
rm 'charts/screenshots/STX/STX_1H_20260829_080656.png'
rm 'charts/screenshots/STX/STX_4H_20260829_080656.png'
rm 'charts/screenshots/STX/STX_Daily_20260829_080656.png'
rm 'charts/screenshots/STX/STX_Monthly_20260829_080656.png'
rm 'charts/screenshots/STX/STX_Weekly_20260829_080656.png'
rm 'charts/screenshots/TEAM/TEAM_1H_20260829_080848.png'
rm 'charts/screenshots/TEAM/TEAM_4H_20260829_080848.png'
rm 'charts/screenshots/TEAM/TEAM_Daily_20260829_080848.png'
rm 'charts/screenshots/TEAM/TEAM_Monthly_20260829_080848.png'
rm 'charts/screenshots/TEAM/TEAM_Weekly_20260829_080848.png'
rm 'charts/screenshots/TER/TER_1H_20260829_080925.png'
rm 'charts/screenshots/TER/TER_4H_20260829_080925.png'
rm 'charts/screenshots/TER/TER_Daily_20260829_080925.png'
rm 'charts/screenshots/TER/TER_Monthly_20260829_080925.png'
rm 'charts/screenshots/TER/TER_Weekly_20260829_080925.png'
rm 'charts/screenshots/TGT/TGT_1H_20260829_080006.png'
rm 'charts/screenshots/TGT/TGT_4H_20260829_080006.png'
rm 'charts/screenshots/TGT/TGT_Daily_20260829_080006.png'
rm 'charts/screenshots/TGT/TGT_Monthly_20260829_080006.png'
rm 'charts/screenshots/TGT/TGT_Weekly_20260829_080006.png'
rm 'charts/screenshots/TMO/TMO_1H_20260829_080043.png'
rm 'charts/screenshots/TMO/TMO_4H_20260829_080043.png'
rm 'charts/screenshots/TMO/TMO_Daily_20260829_080043.png'
rm 'charts/screenshots/TMO/TMO_Monthly_20260829_080043.png'
rm 'charts/screenshots/TMO/TMO_Weekly_20260829_080043.png'
rm 'charts/screenshots/UBER/UBER_1H_20260829_080541.png'
rm 'charts/screenshots/UBER/UBER_4H_20260829_080541.png'
rm 'charts/screenshots/UBER/UBER_Daily_20260829_080541.png'
rm 'charts/screenshots/UBER/UBER_Monthly_20260829_080541.png'
rm 'charts/screenshots/UBER/UBER_Weekly_20260829_080541.png'
rm 'charts/screenshots/UNP/UNP_1H_20260829_080121.png'
rm 'charts/screenshots/UNP/UNP_4H_20260829_080121.png'
rm 'charts/screenshots/UNP/UNP_Daily_20260829_080121.png'
rm 'charts/screenshots/UNP/UNP_Monthly_20260829_080121.png'
rm 'charts/screenshots/UNP/UNP_Weekly_20260829_080121.png'
rm 'charts/screenshots/V/V_1H_20260829_080158.png'
rm 'charts/screenshots/V/V_4H_20260829_080158.png'
rm 'charts/screenshots/V/V_Daily_20260829_080158.png'
rm 'charts/screenshots/V/V_Monthly_20260829_080158.png'
rm 'charts/screenshots/V/V_Weekly_20260829_080158.png'
rm 'charts/screenshots/VLO/VLO_1H_20260829_080811.png'
rm 'charts/screenshots/VLO/VLO_4H_20260829_080811.png'
rm 'charts/screenshots/VLO/VLO_Daily_20260829_080811.png'
rm 'charts/screenshots/VLO/VLO_Monthly_20260829_080811.png'
rm 'charts/screenshots/VLO/VLO_Weekly_20260829_080811.png'
rm 'charts/screenshots/VZ/VZ_1H_20260829_074514.png'
rm 'charts/screenshots/VZ/VZ_4H_20260829_074514.png'
rm 'charts/screenshots/VZ/VZ_Daily_20260829_074514.png'
rm 'charts/screenshots/VZ/VZ_Monthly_20260829_074514.png'
rm 'charts/screenshots/VZ/VZ_Weekly_20260829_074514.png'
rm 'charts/screenshots/WDAY/WDAY_1H_20260829_081040.png'
rm 'charts/screenshots/WDAY/WDAY_4H_20260829_081040.png'
rm 'charts/screenshots/WDAY/WDAY_Daily_20260829_081040.png'
rm 'charts/screenshots/WDAY/WDAY_Monthly_20260829_081040.png'
rm 'charts/screenshots/WDAY/WDAY_Weekly_20260829_081040.png'
rm 'charts/screenshots/WFC/WFC_1H_20260829_080618.png'
rm 'charts/screenshots/WFC/WFC_4H_20260829_080618.png'
rm 'charts/screenshots/WFC/WFC_Daily_20260829_080618.png'
rm 'charts/screenshots/WFC/WFC_Monthly_20260829_080618.png'
rm 'charts/screenshots/WFC/WFC_Weekly_20260829_080618.png'
rm 'charts/screenshots/XOM/XOM_1H_20260829_081842.png'
rm 'charts/screenshots/XOM/XOM_4H_20260829_081842.png'
rm 'charts/screenshots/XOM/XOM_Daily_20260829_081842.png'
rm 'charts/screenshots/XOM/XOM_Monthly_20260829_081842.png'
rm 'charts/screenshots/XOM/XOM_Weekly_20260829_081842.png'
[main dcdb941] Update chart screenshots 1788073315
 758 files changed, 0 insertions(+), 0 deletions(-)
 delete mode 100644 charts/screenshots/AAPL/AAPL_1H_20260829_074705.png
 create mode 100644 charts/screenshots/AAPL/AAPL_1H_20260830_064952.png
 delete mode 100644 charts/screenshots/AAPL/AAPL_4H_20260829_074705.png
 create mode 100644 charts/screenshots/AAPL/AAPL_4H_20260830_064952.png
 delete mode 100644 charts/screenshots/AAPL/AAPL_Daily_20260829_074705.png
 create mode 100644 charts/screenshots/AAPL/AAPL_Daily_20260830_064952.png
 delete mode 100644 charts/screenshots/AAPL/AAPL_Monthly_20260829_074705.png
 create mode 100644 charts/screenshots/AAPL/AAPL_Monthly_20260830_064952.png
 delete mode 100644 charts/screenshots/AAPL/AAPL_Weekly_20260829_074705.png
 create mode 100644 charts/screenshots/AAPL/AAPL_Weekly_20260830_064952.png
 delete mode 100644 charts/screenshots/ABBV/ABBV_1H_20260829_074743.png
 create mode 100644 charts/screenshots/ABBV/ABBV_1H_20260830_061824.png
 delete mode 100644 charts/screenshots/ABBV/ABBV_4H_20260829_074743.png
 create mode 100644 charts/screenshots/ABBV/ABBV_4H_20260830_061824.png
 delete mode 100644 charts/screenshots/ABBV/ABBV_Daily_20260829_074743.png
 create mode 100644 charts/screenshots/ABBV/ABBV_Daily_20260830_061824.png
 delete mode 100644 charts/screenshots/ABBV/ABBV_Monthly_20260829_074743.png
 create mode 100644 charts/screenshots/ABBV/ABBV_Monthly_20260830_061824.png
 delete mode 100644 charts/screenshots/ABBV/ABBV_Weekly_20260829_074743.png
 create mode 100644 charts/screenshots/ABBV/ABBV_Weekly_20260830_061824.png
 rename charts/screenshots/ABNB/{ABNB_1H_20260829_074820.png => ABNB_1H_20260830_062236.png} (100%)
 delete mode 100644 charts/screenshots/ABNB/ABNB_4H_20260829_074820.png
 create mode 100644 charts/screenshots/ABNB/ABNB_4H_20260830_062236.png
 delete mode 100644 charts/screenshots/ABNB/ABNB_Daily_20260829_074820.png
 create mode 100644 charts/screenshots/ABNB/ABNB_Daily_20260830_062236.png
 delete mode 100644 charts/screenshots/ABNB/ABNB_Monthly_20260829_074820.png
 create mode 100644 charts/screenshots/ABNB/ABNB_Monthly_20260830_062236.png
 delete mode 100644 charts/screenshots/ABNB/ABNB_Weekly_20260829_074820.png
 create mode 100644 charts/screenshots/ABNB/ABNB_Weekly_20260830_062236.png
 delete mode 100644 charts/screenshots/ABT/ABT_1H_20260829_080503.png
 create mode 100644 charts/screenshots/ABT/ABT_1H_20260830_061748.png
 delete mode 100644 charts/screenshots/ABT/ABT_4H_20260829_080503.png
 create mode 100644 charts/screenshots/ABT/ABT_4H_20260830_061748.png
 delete mode 100644 charts/screenshots/ABT/ABT_Daily_20260829_080503.png
 create mode 100644 charts/screenshots/ABT/ABT_Daily_20260830_061748.png
 delete mode 100644 charts/screenshots/ABT/ABT_Monthly_20260829_080503.png
 create mode 100644 charts/screenshots/ABT/ABT_Monthly_20260830_061748.png
 delete mode 100644 charts/screenshots/ABT/ABT_Weekly_20260829_080503.png
 create mode 100644 charts/screenshots/ABT/ABT_Weekly_20260830_061748.png
 create mode 100644 charts/screenshots/ADI/ADI_1H_20260830_065929.png
 create mode 100644 charts/screenshots/ADI/ADI_4H_20260830_065929.png
 create mode 100644 charts/screenshots/ADI/ADI_Daily_20260830_065929.png
 create mode 100644 charts/screenshots/ADI/ADI_Monthly_20260830_065929.png
 create mode 100644 charts/screenshots/ADI/ADI_Weekly_20260830_065929.png
 delete mode 100644 charts/screenshots/AMD/AMD_1H_20260829_081614.png
 delete mode 100644 charts/screenshots/AMD/AMD_4H_20260829_081614.png
 delete mode 100644 charts/screenshots/AMD/AMD_Daily_20260829_081614.png
 delete mode 100644 charts/screenshots/AMD/AMD_Monthly_20260829_081614.png
 delete mode 100644 charts/screenshots/AMD/AMD_Weekly_20260829_081614.png
 delete mode 100644 charts/screenshots/AMGN/AMGN_1H_20260829_074857.png
 create mode 100644 charts/screenshots/AMGN/AMGN_1H_20260830_062312.png
 delete mode 100644 charts/screenshots/AMGN/AMGN_4H_20260829_074857.png
 create mode 100644 charts/screenshots/AMGN/AMGN_4H_20260830_062312.png
 delete mode 100644 charts/screenshots/AMGN/AMGN_Daily_20260829_074857.png
 create mode 100644 charts/screenshots/AMGN/AMGN_Daily_20260830_062312.png
 delete mode 100644 charts/screenshots/AMGN/AMGN_Monthly_20260829_074857.png
 create mode 100644 charts/screenshots/AMGN/AMGN_Monthly_20260830_062312.png
 delete mode 100644 charts/screenshots/AMGN/AMGN_Weekly_20260829_074857.png
 create mode 100644 charts/screenshots/AMGN/AMGN_Weekly_20260830_062312.png
 delete mode 100644 charts/screenshots/AMZN/AMZN_1H_20260829_081117.png
 create mode 100644 charts/screenshots/AMZN/AMZN_1H_20260830_065253.png
 delete mode 100644 charts/screenshots/AMZN/AMZN_4H_20260829_081117.png
 create mode 100644 charts/screenshots/AMZN/AMZN_4H_20260830_065253.png
 delete mode 100644 charts/screenshots/AMZN/AMZN_Daily_20260829_081117.png
 create mode 100644 charts/screenshots/AMZN/AMZN_Daily_20260830_065253.png
 delete mode 100644 charts/screenshots/AMZN/AMZN_Monthly_20260829_081117.png
 create mode 100644 charts/screenshots/AMZN/AMZN_Monthly_20260830_065253.png
 delete mode 100644 charts/screenshots/AMZN/AMZN_Weekly_20260829_081117.png
 create mode 100644 charts/screenshots/AMZN/AMZN_Weekly_20260830_065253.png
 delete mode 100644 charts/screenshots/ANET/ANET_1H_20260829_081155.png
 create mode 100644 charts/screenshots/ANET/ANET_1H_20260830_064651.png
 delete mode 100644 charts/screenshots/ANET/ANET_4H_20260829_081155.png
 create mode 100644 charts/screenshots/ANET/ANET_4H_20260830_064651.png
 delete mode 100644 charts/screenshots/ANET/ANET_Daily_20260829_081155.png
 create mode 100644 charts/screenshots/ANET/ANET_Daily_20260830_064651.png
 delete mode 100644 charts/screenshots/ANET/ANET_Monthly_20260829_081155.png
 create mode 100644 charts/screenshots/ANET/ANET_Monthly_20260830_064651.png
 delete mode 100644 charts/screenshots/ANET/ANET_Weekly_20260829_081155.png
 create mode 100644 charts/screenshots/ANET/ANET_Weekly_20260830_064651.png
 create mode 100644 charts/screenshots/APH/APH_1H_20260830_064503.png
 create mode 100644 charts/screenshots/APH/APH_4H_20260830_064503.png
 create mode 100644 charts/screenshots/APH/APH_Daily_20260830_064503.png
 create mode 100644 charts/screenshots/APH/APH_Monthly_20260830_064503.png
 create mode 100644 charts/screenshots/APH/APH_Weekly_20260830_064503.png
 delete mode 100644 charts/screenshots/APP/APP_1H_20260829_082109.png
 create mode 100644 charts/screenshots/APP/APP_1H_20260830_065706.png
 delete mode 100644 charts/screenshots/APP/APP_4H_20260829_082109.png
 create mode 100644 charts/screenshots/APP/APP_4H_20260830_065706.png
 delete mode 100644 charts/screenshots/APP/APP_Daily_20260829_082109.png
 create mode 100644 charts/screenshots/APP/APP_Daily_20260830_065706.png
 delete mode 100644 charts/screenshots/APP/APP_Monthly_20260829_082109.png
 create mode 100644 charts/screenshots/APP/APP_Monthly_20260830_065706.png
 delete mode 100644 charts/screenshots/APP/APP_Weekly_20260829_082109.png
 create mode 100644 charts/screenshots/APP/APP_Weekly_20260830_065706.png
 create mode 100644 charts/screenshots/ASML/ASML_1H_20260830_061600.png
 create mode 100644 charts/screenshots/ASML/ASML_4H_20260830_061600.png
 create mode 100644 charts/screenshots/ASML/ASML_Daily_20260830_061600.png
 create mode 100644 charts/screenshots/ASML/ASML_Monthly_20260830_061600.png
 create mode 100644 charts/screenshots/ASML/ASML_Weekly_20260830_061600.png
 create mode 100644 charts/screenshots/AXP/AXP_1H_20260830_063321.png
 create mode 100644 charts/screenshots/AXP/AXP_4H_20260830_063321.png
 create mode 100644 charts/screenshots/AXP/AXP_Daily_20260830_063321.png
 create mode 100644 charts/screenshots/AXP/AXP_Monthly_20260830_063321.png
 create mode 100644 charts/screenshots/AXP/AXP_Weekly_20260830_063321.png
 create mode 100644 charts/screenshots/BA/BA_1H_20260830_065818.png
 create mode 100644 charts/screenshots/BA/BA_4H_20260830_065818.png
 create mode 100644 charts/screenshots/BA/BA_Daily_20260830_065818.png
 create mode 100644 charts/screenshots/BA/BA_Monthly_20260830_065818.png
 create mode 100644 charts/screenshots/BA/BA_Weekly_20260830_065818.png
 delete mode 100644 charts/screenshots/BAC/BAC_1H_20260829_081003.png
 create mode 100644 charts/screenshots/BAC/BAC_1H_20260830_060812.png
 delete mode 100644 charts/screenshots/BAC/BAC_4H_20260829_081003.png
 create mode 100644 charts/screenshots/BAC/BAC_4H_20260830_060812.png
 delete mode 100644 charts/screenshots/BAC/BAC_Daily_20260829_081003.png
 create mode 100644 charts/screenshots/BAC/BAC_Daily_20260830_060812.png
 delete mode 100644 charts/screenshots/BAC/BAC_Monthly_20260829_081003.png
 create mode 100644 charts/screenshots/BAC/BAC_Monthly_20260830_060812.png
 delete mode 100644 charts/screenshots/BAC/BAC_Weekly_20260829_081003.png
 create mode 100644 charts/screenshots/BAC/BAC_Weekly_20260830_060812.png
 create mode 100644 charts/screenshots/BKNG/BKNG_1H_20260830_061036.png
 create mode 100644 charts/screenshots/BKNG/BKNG_4H_20260830_061036.png
 create mode 100644 charts/screenshots/BKNG/BKNG_Daily_20260830_061036.png
 create mode 100644 charts/screenshots/BKNG/BKNG_Monthly_20260830_061036.png
 create mode 100644 charts/screenshots/BKNG/BKNG_Weekly_20260830_061036.png
 delete mode 100644 charts/screenshots/BMY/BMY_1H_20260829_074933.png
 create mode 100644 charts/screenshots/BMY/BMY_1H_20260830_062348.png
 delete mode 100644 charts/screenshots/BMY/BMY_4H_20260829_074933.png
 create mode 100644 charts/screenshots/BMY/BMY_4H_20260830_062348.png
 delete mode 100644 charts/screenshots/BMY/BMY_Daily_20260829_074933.png
 create mode 100644 charts/screenshots/BMY/BMY_Daily_20260830_062348.png
 delete mode 100644 charts/screenshots/BMY/BMY_Monthly_20260829_074933.png
 create mode 100644 charts/screenshots/BMY/BMY_Monthly_20260830_062348.png
 delete mode 100644 charts/screenshots/BMY/BMY_Weekly_20260829_074933.png
 create mode 100644 charts/screenshots/BMY/BMY_Weekly_20260830_062348.png
 create mode 100644 charts/screenshots/BRK-B/BRK-B_1H_20260830_064051.png
 create mode 100644 charts/screenshots/BRK-B/BRK-B_4H_20260830_064051.png
 create mode 100644 charts/screenshots/BRK-B/BRK-B_Daily_20260830_064051.png
 create mode 100644 charts/screenshots/BRK-B/BRK-B_Monthly_20260830_064051.png
 create mode 100644 charts/screenshots/BRK-B/BRK-B_Weekly_20260830_064051.png
 delete mode 100644 charts/screenshots/C/C_1H_20260829_074209.png
 create mode 100644 charts/screenshots/C/C_1H_20260830_061636.png
 delete mode 100644 charts/screenshots/C/C_4H_20260829_074209.png
 create mode 100644 charts/screenshots/C/C_4H_20260830_061636.png
 delete mode 100644 charts/screenshots/C/C_Daily_20260829_074209.png
 create mode 100644 charts/screenshots/C/C_Daily_20260830_061636.png
 delete mode 100644 charts/screenshots/C/C_Monthly_20260829_074209.png
 create mode 100644 charts/screenshots/C/C_Monthly_20260830_061636.png
 delete mode 100644 charts/screenshots/C/C_Weekly_20260829_074209.png
 create mode 100644 charts/screenshots/C/C_Weekly_20260830_061636.png
 delete mode 100644 charts/screenshots/COP/COP_1H_20260829_074359.png
 create mode 100644 charts/screenshots/COP/COP_1H_20260830_061225.png
 delete mode 100644 charts/screenshots/COP/COP_4H_20260829_074359.png
 create mode 100644 charts/screenshots/COP/COP_4H_20260830_061225.png
 delete mode 100644 charts/screenshots/COP/COP_Daily_20260829_074359.png
 create mode 100644 charts/screenshots/COP/COP_Daily_20260830_061225.png
 delete mode 100644 charts/screenshots/COP/COP_Monthly_20260829_074359.png
 create mode 100644 charts/screenshots/COP/COP_Monthly_20260830_061225.png
 delete mode 100644 charts/screenshots/COP/COP_Weekly_20260829_074359.png
 create mode 100644 charts/screenshots/COP/COP_Weekly_20260830_061225.png
 delete mode 100644 charts/screenshots/CRM/CRM_1H_20260829_080311.png
 create mode 100644 charts/screenshots/CRM/CRM_1H_20260830_065328.png
 delete mode 100644 charts/screenshots/CRM/CRM_4H_20260829_080311.png
 create mode 100644 charts/screenshots/CRM/CRM_4H_20260830_065328.png
 delete mode 100644 charts/screenshots/CRM/CRM_Daily_20260829_080311.png
 create mode 100644 charts/screenshots/CRM/CRM_Daily_20260830_065328.png
 delete mode 100644 charts/screenshots/CRM/CRM_Monthly_20260829_080311.png
 create mode 100644 charts/screenshots/CRM/CRM_Monthly_20260830_065328.png
 delete mode 100644 charts/screenshots/CRM/CRM_Weekly_20260829_080311.png
 create mode 100644 charts/screenshots/CRM/CRM_Weekly_20260830_065328.png
 delete mode 100644 charts/screenshots/CRWD/CRWD_1H_20260829_075010.png
 create mode 100644 charts/screenshots/CRWD/CRWD_1H_20260830_061112.png
 delete mode 100644 charts/screenshots/CRWD/CRWD_4H_20260829_075010.png
 create mode 100644 charts/screenshots/CRWD/CRWD_4H_20260830_061112.png
 delete mode 100644 charts/screenshots/CRWD/CRWD_Daily_20260829_075010.png
 create mode 100644 charts/screenshots/CRWD/CRWD_Daily_20260830_061112.png
 delete mode 100644 charts/screenshots/CRWD/CRWD_Monthly_20260829_075010.png
 create mode 100644 charts/screenshots/CRWD/CRWD_Monthly_20260830_061112.png
 delete mode 100644 charts/screenshots/CRWD/CRWD_Weekly_20260829_075010.png
 create mode 100644 charts/screenshots/CRWD/CRWD_Weekly_20260830_061112.png
 delete mode 100644 charts/screenshots/CSCO/CSCO_1H_20260829_081918.png
 delete mode 100644 charts/screenshots/CSCO/CSCO_4H_20260829_081918.png
 delete mode 100644 charts/screenshots/CSCO/CSCO_Daily_20260829_081918.png
 delete mode 100644 charts/screenshots/CSCO/CSCO_Monthly_20260829_081918.png
 delete mode 100644 charts/screenshots/CSCO/CSCO_Weekly_20260829_081918.png
 delete mode 100644 charts/screenshots/CVS/CVS_1H_20260829_081956.png
 create mode 100644 charts/screenshots/CVS/CVS_1H_20260830_065104.png
 delete mode 100644 charts/screenshots/CVS/CVS_4H_20260829_081956.png
 create mode 100644 charts/screenshots/CVS/CVS_4H_20260830_065104.png
 delete mode 100644 charts/screenshots/CVS/CVS_Daily_20260829_081956.png
 create mode 100644 charts/screenshots/CVS/CVS_Daily_20260830_065104.png
 delete mode 100644 charts/screenshots/CVS/CVS_Monthly_20260829_081956.png
 create mode 100644 charts/screenshots/CVS/CVS_Monthly_20260830_065104.png
 delete mode 100644 charts/screenshots/CVS/CVS_Weekly_20260829_081956.png
 create mode 100644 charts/screenshots/CVS/CVS_Weekly_20260830_065104.png
 delete mode 100644 charts/screenshots/CVX/CVX_1H_20260829_080733.png
 create mode 100644 charts/screenshots/CVX/CVX_1H_20260830_061337.png
 delete mode 100644 charts/screenshots/CVX/CVX_4H_20260829_080733.png
 create mode 100644 charts/screenshots/CVX/CVX_4H_20260830_061337.png
 rename charts/screenshots/CVX/{CVX_Daily_20260829_080733.png => CVX_Daily_20260830_061337.png} (59%)
 delete mode 100644 charts/screenshots/CVX/CVX_Monthly_20260829_080733.png
 create mode 100644 charts/screenshots/CVX/CVX_Monthly_20260830_061337.png
 delete mode 100644 charts/screenshots/CVX/CVX_Weekly_20260829_080733.png
 create mode 100644 charts/screenshots/CVX/CVX_Weekly_20260830_061337.png
 delete mode 100644 charts/screenshots/DASH/DASH_1H_20260829_075048.png
 create mode 100644 charts/screenshots/DASH/DASH_1H_20260830_061900.png
 delete mode 100644 charts/screenshots/DASH/DASH_4H_20260829_075048.png
 create mode 100644 charts/screenshots/DASH/DASH_4H_20260830_061900.png
 delete mode 100644 charts/screenshots/DASH/DASH_Daily_20260829_075048.png
 create mode 100644 charts/screenshots/DASH/DASH_Daily_20260830_061900.png
 delete mode 100644 charts/screenshots/DASH/DASH_Monthly_20260829_075048.png
 create mode 100644 charts/screenshots/DASH/DASH_Monthly_20260830_061900.png
 delete mode 100644 charts/screenshots/DASH/DASH_Weekly_20260829_075048.png
 create mode 100644 charts/screenshots/DASH/DASH_Weekly_20260830_061900.png
 create mode 100644 charts/screenshots/DDOG/DDOG_1H_20260830_064727.png
 create mode 100644 charts/screenshots/DDOG/DDOG_4H_20260830_064727.png
 create mode 100644 charts/screenshots/DDOG/DDOG_Daily_20260830_064727.png
 create mode 100644 charts/screenshots/DDOG/DDOG_Monthly_20260830_064727.png
 create mode 100644 charts/screenshots/DDOG/DDOG_Weekly_20260830_064727.png
 delete mode 100644 charts/screenshots/DE/DE_1H_20260829_075125.png
 create mode 100644 charts/screenshots/DE/DE_1H_20260830_063357.png
 delete mode 100644 charts/screenshots/DE/DE_4H_20260829_075125.png
 create mode 100644 charts/screenshots/DE/DE_4H_20260830_063357.png
 delete mode 100644 charts/screenshots/DE/DE_Daily_20260829_075125.png
 create mode 100644 charts/screenshots/DE/DE_Daily_20260830_063357.png
 delete mode 100644 charts/screenshots/DE/DE_Monthly_20260829_075125.png
 create mode 100644 charts/screenshots/DE/DE_Monthly_20260830_063357.png
 delete mode 100644 charts/screenshots/DE/DE_Weekly_20260829_075125.png
 create mode 100644 charts/screenshots/DE/DE_Weekly_20260830_063357.png
 create mode 100644 charts/screenshots/DELL/DELL_1H_20260830_064804.png
 create mode 100644 charts/screenshots/DELL/DELL_4H_20260830_064804.png
 create mode 100644 charts/screenshots/DELL/DELL_Daily_20260830_064804.png
 create mode 100644 charts/screenshots/DELL/DELL_Monthly_20260830_064804.png
 create mode 100644 charts/screenshots/DELL/DELL_Weekly_20260830_064804.png
 delete mode 100644 charts/screenshots/DHR/DHR_1H_20260829_074551.png
 create mode 100644 charts/screenshots/DHR/DHR_1H_20260830_063544.png
 rename charts/screenshots/DHR/{DHR_4H_20260829_074551.png => DHR_4H_20260830_063544.png} (58%)
 delete mode 100644 charts/screenshots/DHR/DHR_Daily_20260829_074551.png
 create mode 100644 charts/screenshots/DHR/DHR_Daily_20260830_063544.png
 delete mode 100644 charts/screenshots/DHR/DHR_Monthly_20260829_074551.png
 create mode 100644 charts/screenshots/DHR/DHR_Monthly_20260830_063544.png
 rename charts/screenshots/DHR/{DHR_Weekly_20260829_074551.png => DHR_Weekly_20260830_063544.png} (100%)
 delete mode 100644 charts/screenshots/DIS/DIS_1H_20260829_080349.png
 create mode 100644 charts/screenshots/DIS/DIS_1H_20260830_060848.png
 delete mode 100644 charts/screenshots/DIS/DIS_4H_20260829_080349.png
 create mode 100644 charts/screenshots/DIS/DIS_4H_20260830_060848.png
 delete mode 100644 charts/screenshots/DIS/DIS_Daily_20260829_080349.png
 create mode 100644 charts/screenshots/DIS/DIS_Daily_20260830_060848.png
 delete mode 100644 charts/screenshots/DIS/DIS_Monthly_20260829_080349.png
 create mode 100644 charts/screenshots/DIS/DIS_Monthly_20260830_060848.png
 delete mode 100644 charts/screenshots/DIS/DIS_Weekly_20260829_080349.png
 create mode 100644 charts/screenshots/DIS/DIS_Weekly_20260830_060848.png
 create mode 100644 charts/screenshots/ETN/ETN_1H_20260830_065441.png
 create mode 100644 charts/screenshots/ETN/ETN_4H_20260830_065441.png
 create mode 100644 charts/screenshots/ETN/ETN_Daily_20260830_065441.png
 create mode 100644 charts/screenshots/ETN/ETN_Monthly_20260830_065441.png
 create mode 100644 charts/screenshots/ETN/ETN_Weekly_20260830_065441.png
 delete mode 100644 charts/screenshots/FCX/FCX_1H_20260829_074246.png
 create mode 100644 charts/screenshots/FCX/FCX_1H_20260830_061936.png
 delete mode 100644 charts/screenshots/FCX/FCX_4H_20260829_074246.png
 create mode 100644 charts/screenshots/FCX/FCX_4H_20260830_061936.png
 delete mode 100644 charts/screenshots/FCX/FCX_Daily_20260829_074246.png
 create mode 100644 charts/screenshots/FCX/FCX_Daily_20260830_061936.png
 delete mode 100644 charts/screenshots/FCX/FCX_Monthly_20260829_074246.png
 create mode 100644 charts/screenshots/FCX/FCX_Monthly_20260830_061936.png
 delete mode 100644 charts/screenshots/FCX/FCX_Weekly_20260829_074246.png
 create mode 100644 charts/screenshots/FCX/FCX_Weekly_20260830_061936.png
 rename charts/screenshots/FTNT/{FTNT_1H_20260829_075201.png => FTNT_1H_20260830_063057.png} (69%)
 delete mode 100644 charts/screenshots/FTNT/FTNT_4H_20260829_075201.png
 create mode 100644 charts/screenshots/FTNT/FTNT_4H_20260830_063057.png
 delete mode 100644 charts/screenshots/FTNT/FTNT_Daily_20260829_075201.png
 create mode 100644 charts/screenshots/FTNT/FTNT_Daily_20260830_063057.png
 delete mode 100644 charts/screenshots/FTNT/FTNT_Monthly_20260829_075201.png
 create mode 100644 charts/screenshots/FTNT/FTNT_Monthly_20260830_063057.png
 delete mode 100644 charts/screenshots/FTNT/FTNT_Weekly_20260829_075201.png
 create mode 100644 charts/screenshots/FTNT/FTNT_Weekly_20260830_063057.png
 create mode 100644 charts/screenshots/GE/GE_1H_20260830_064203.png
 create mode 100644 charts/screenshots/GE/GE_4H_20260830_064203.png
 create mode 100644 charts/screenshots/GE/GE_Daily_20260830_064203.png
 create mode 100644 charts/screenshots/GE/GE_Monthly_20260830_064203.png
 create mode 100644 charts/screenshots/GE/GE_Weekly_20260830_064203.png
 delete mode 100644 charts/screenshots/GILD/GILD_1H_20260829_075239.png
 create mode 100644 charts/screenshots/GILD/GILD_1H_20260830_062423.png
 delete mode 100644 charts/screenshots/GILD/GILD_4H_20260829_075239.png
 create mode 100644 charts/screenshots/GILD/GILD_4H_20260830_062423.png
 delete mode 100644 charts/screenshots/GILD/GILD_Daily_20260829_075239.png
 create mode 100644 charts/screenshots/GILD/GILD_Daily_20260830_062423.png
 delete mode 100644 charts/screenshots/GILD/GILD_Monthly_20260829_075239.png
 create mode 100644 charts/screenshots/GILD/GILD_Monthly_20260830_062423.png
 delete mode 100644 charts/screenshots/GILD/GILD_Weekly_20260829_075239.png
 create mode 100644 charts/screenshots/GILD/GILD_Weekly_20260830_062423.png
 create mode 100644 charts/screenshots/GOOGL/GOOGL_1H_20260830_065028.png
 create mode 100644 charts/screenshots/GOOGL/GOOGL_4H_20260830_065028.png
 create mode 100644 charts/screenshots/GOOGL/GOOGL_Daily_20260830_065028.png
 create mode 100644 charts/screenshots/GOOGL/GOOGL_Monthly_20260830_065028.png
 create mode 100644 charts/screenshots/GOOGL/GOOGL_Weekly_20260830_065028.png
 delete mode 100644 charts/screenshots/GS/GS_1H_20260829_081231.png
 create mode 100644 charts/screenshots/GS/GS_1H_20260830_063209.png
 delete mode 100644 charts/screenshots/GS/GS_4H_20260829_081231.png
 create mode 100644 charts/screenshots/GS/GS_4H_20260830_063209.png
 delete mode 100644 charts/screenshots/GS/GS_Daily_20260829_081231.png
 create mode 100644 charts/screenshots/GS/GS_Daily_20260830_063209.png
 delete mode 100644 charts/screenshots/GS/GS_Monthly_20260829_081231.png
 create mode 100644 charts/screenshots/GS/GS_Monthly_20260830_063209.png
 delete mode 100644 charts/screenshots/GS/GS_Weekly_20260829_081231.png
 create mode 100644 charts/screenshots/GS/GS_Weekly_20260830_063209.png
 create mode 100644 charts/screenshots/HD/HD_1H_20260830_063955.png
 create mode 100644 charts/screenshots/HD/HD_4H_20260830_063955.png
 create mode 100644 charts/screenshots/HD/HD_Daily_20260830_063955.png
 create mode 100644 charts/screenshots/HD/HD_Monthly_20260830_063955.png
 create mode 100644 charts/screenshots/HD/HD_Weekly_20260830_063955.png
 delete mode 100644 charts/screenshots/HOOD/HOOD_1H_20260829_075316.png
 create mode 100644 charts/screenshots/HOOD/HOOD_1H_20260830_063620.png
 delete mode 100644 charts/screenshots/HOOD/HOOD_4H_20260829_075316.png
 create mode 100644 charts/screenshots/HOOD/HOOD_4H_20260830_063620.png
 delete mode 100644 charts/screenshots/HOOD/HOOD_Daily_20260829_075316.png
 create mode 100644 charts/screenshots/HOOD/HOOD_Daily_20260830_063620.png
 delete mode 100644 charts/screenshots/HOOD/HOOD_Monthly_20260829_075316.png
 create mode 100644 charts/screenshots/HOOD/HOOD_Monthly_20260830_063620.png
 delete mode 100644 charts/screenshots/HOOD/HOOD_Weekly_20260829_075316.png
 create mode 100644 charts/screenshots/HOOD/HOOD_Weekly_20260830_063620.png
 delete mode 100644 charts/screenshots/HPE/HPE_1H_20260829_081308.png
 create mode 100644 charts/screenshots/HPE/HPE_1H_20260830_062012.png
 delete mode 100644 charts/screenshots/HPE/HPE_4H_20260829_081308.png
 create mode 100644 charts/screenshots/HPE/HPE_4H_20260830_062012.png
 delete mode 100644 charts/screenshots/HPE/HPE_Daily_20260829_081308.png
 create mode 100644 charts/screenshots/HPE/HPE_Daily_20260830_062012.png
 delete mode 100644 charts/screenshots/HPE/HPE_Monthly_20260829_081308.png
 create mode 100644 charts/screenshots/HPE/HPE_Monthly_20260830_062012.png
 delete mode 100644 charts/screenshots/HPE/HPE_Weekly_20260829_081308.png
 create mode 100644 charts/screenshots/HPE/HPE_Weekly_20260830_062012.png
 delete mode 100644 charts/screenshots/IWM/IWM_1H_20260829_080235.png
 create mode 100644 charts/screenshots/IWM/IWM_1H_20260830_062835.png
 delete mode 100644 charts/screenshots/IWM/IWM_4H_20260829_080235.png
 create mode 100644 charts/screenshots/IWM/IWM_4H_20260830_062835.png
 delete mode 100644 charts/screenshots/IWM/IWM_Daily_20260829_080235.png
 create mode 100644 charts/screenshots/IWM/IWM_Daily_20260830_062835.png
 delete mode 100644 charts/screenshots/IWM/IWM_Monthly_20260829_080235.png
 create mode 100644 charts/screenshots/IWM/IWM_Monthly_20260830_062835.png
 delete mode 100644 charts/screenshots/IWM/IWM_Weekly_20260829_080235.png
 create mode 100644 charts/screenshots/IWM/IWM_Weekly_20260830_062835.png
 delete mode 100644 charts/screenshots/JNJ/JNJ_1H_20260829_075354.png
 create mode 100644 charts/screenshots/JNJ/JNJ_1H_20260830_063657.png
 rename charts/screenshots/JNJ/{JNJ_4H_20260829_075354.png => JNJ_4H_20260830_063657.png} (76%)
 delete mode 100644 charts/screenshots/JNJ/JNJ_Daily_20260829_075354.png
 create mode 100644 charts/screenshots/JNJ/JNJ_Daily_20260830_063657.png
 delete mode 100644 charts/screenshots/JNJ/JNJ_Monthly_20260829_075354.png
 create mode 100644 charts/screenshots/JNJ/JNJ_Monthly_20260830_063657.png
 delete mode 100644 charts/screenshots/JNJ/JNJ_Weekly_20260829_075354.png
 create mode 100644 charts/screenshots/JNJ/JNJ_Weekly_20260830_063657.png
 create mode 100644 charts/screenshots/JPM/JPM_1H_20260830_064427.png
 create mode 100644 charts/screenshots/JPM/JPM_4H_20260830_064427.png
 create mode 100644 charts/screenshots/JPM/JPM_Daily_20260830_064427.png
 create mode 100644 charts/screenshots/JPM/JPM_Monthly_20260830_064427.png
 create mode 100644 charts/screenshots/JPM/JPM_Weekly_20260830_064427.png
 delete mode 100644 charts/screenshots/KO/KO_1H_20260829_081345.png
 create mode 100644 charts/screenshots/KO/KO_1H_20260830_062459.png
 delete mode 100644 charts/screenshots/KO/KO_4H_20260829_081345.png
 create mode 100644 charts/screenshots/KO/KO_4H_20260830_062459.png
 delete mode 100644 charts/screenshots/KO/KO_Daily_20260829_081345.png
 create mode 100644 charts/screenshots/KO/KO_Daily_20260830_062459.png
 delete mode 100644 charts/screenshots/KO/KO_Monthly_20260829_081345.png
 create mode 100644 charts/screenshots/KO/KO_Monthly_20260830_062459.png
 delete mode 100644 charts/screenshots/KO/KO_Weekly_20260829_081345.png
 create mode 100644 charts/screenshots/KO/KO_Weekly_20260830_062459.png
 create mode 100644 charts/screenshots/LLY/LLY_1H_20260830_063433.png
 create mode 100644 charts/screenshots/LLY/LLY_4H_20260830_063433.png
 create mode 100644 charts/screenshots/LLY/LLY_Daily_20260830_063433.png
 create mode 100644 charts/screenshots/LLY/LLY_Monthly_20260830_063433.png
 create mode 100644 charts/screenshots/LLY/LLY_Weekly_20260830_063433.png
 delete mode 100644 charts/screenshots/LRCX/LRCX_1H_20260829_081651.png
 delete mode 100644 charts/screenshots/LRCX/LRCX_4H_20260829_081651.png
 delete mode 100644 charts/screenshots/LRCX/LRCX_Daily_20260829_081651.png
 delete mode 100644 charts/screenshots/LRCX/LRCX_Monthly_20260829_081651.png
 delete mode 100644 charts/screenshots/LRCX/LRCX_Weekly_20260829_081651.png
 delete mode 100644 charts/screenshots/MA/MA_1H_20260829_081422.png
 create mode 100644 charts/screenshots/MA/MA_1H_20260830_062048.png
 delete mode 100644 charts/screenshots/MA/MA_4H_20260829_081422.png
 create mode 100644 charts/screenshots/MA/MA_4H_20260830_062048.png
 delete mode 100644 charts/screenshots/MA/MA_Daily_20260829_081422.png
 create mode 100644 charts/screenshots/MA/MA_Daily_20260830_062048.png
 delete mode 100644 charts/screenshots/MA/MA_Monthly_20260829_081422.png
 create mode 100644 charts/screenshots/MA/MA_Monthly_20260830_062048.png
 delete mode 100644 charts/screenshots/MA/MA_Weekly_20260829_081422.png
 create mode 100644 charts/screenshots/MA/MA_Weekly_20260830_062048.png
 delete mode 100644 charts/screenshots/MCK/MCK_1H_20260829_081500.png
 create mode 100644 charts/screenshots/MCK/MCK_1H_20260830_063733.png
 delete mode 100644 charts/screenshots/MCK/MCK_4H_20260829_081500.png
 create mode 100644 charts/screenshots/MCK/MCK_4H_20260830_063733.png
 delete mode 100644 charts/screenshots/MCK/MCK_Daily_20260829_081500.png
 create mode 100644 charts/screenshots/MCK/MCK_Daily_20260830_063733.png
 delete mode 100644 charts/screenshots/MCK/MCK_Monthly_20260829_081500.png
 create mode 100644 charts/screenshots/MCK/MCK_Monthly_20260830_063733.png
 delete mode 100644 charts/screenshots/MCK/MCK_Weekly_20260829_081500.png
 create mode 100644 charts/screenshots/MCK/MCK_Weekly_20260830_063733.png
 delete mode 100644 charts/screenshots/MELI/MELI_1H_20260829_080427.png
 create mode 100644 charts/screenshots/MELI/MELI_1H_20260830_064351.png
 delete mode 100644 charts/screenshots/MELI/MELI_4H_20260829_080427.png
 create mode 100644 charts/screenshots/MELI/MELI_4H_20260830_064351.png
 delete mode 100644 charts/screenshots/MELI/MELI_Daily_20260829_080427.png
 create mode 100644 charts/screenshots/MELI/MELI_Daily_20260830_064351.png
 delete mode 100644 charts/screenshots/MELI/MELI_Monthly_20260829_080427.png
 create mode 100644 charts/screenshots/MELI/MELI_Monthly_20260830_064351.png
 delete mode 100644 charts/screenshots/MELI/MELI_Weekly_20260829_080427.png
 create mode 100644 charts/screenshots/MELI/MELI_Weekly_20260830_064351.png
 create mode 100644 charts/screenshots/META/META_1H_20260830_070041.png
 create mode 100644 charts/screenshots/META/META_4H_20260830_070041.png
 create mode 100644 charts/screenshots/META/META_Daily_20260830_070041.png
 create mode 100644 charts/screenshots/META/META_Monthly_20260830_070041.png
 create mode 100644 charts/screenshots/META/META_Weekly_20260830_070041.png
 delete mode 100644 charts/screenshots/MPC/MPC_1H_20260829_074437.png
 create mode 100644 charts/screenshots/MPC/MPC_1H_20260830_061413.png
 delete mode 100644 charts/screenshots/MPC/MPC_4H_20260829_074437.png
 create mode 100644 charts/screenshots/MPC/MPC_4H_20260830_061413.png
 delete mode 100644 charts/screenshots/MPC/MPC_Daily_20260829_074437.png
 create mode 100644 charts/screenshots/MPC/MPC_Daily_20260830_061413.png
 delete mode 100644 charts/screenshots/MPC/MPC_Monthly_20260829_074437.png
 create mode 100644 charts/screenshots/MPC/MPC_Monthly_20260830_061413.png
 delete mode 100644 charts/screenshots/MPC/MPC_Weekly_20260829_074437.png
 create mode 100644 charts/screenshots/MPC/MPC_Weekly_20260830_061413.png
 delete mode 100644 charts/screenshots/MRK/MRK_1H_20260829_075432.png
 create mode 100644 charts/screenshots/MRK/MRK_1H_20260830_062535.png
 delete mode 100644 charts/screenshots/MRK/MRK_4H_20260829_075432.png
 create mode 100644 charts/screenshots/MRK/MRK_4H_20260830_062535.png
 delete mode 100644 charts/screenshots/MRK/MRK_Daily_20260829_075432.png
 create mode 100644 charts/screenshots/MRK/MRK_Daily_20260830_062535.png
 delete mode 100644 charts/screenshots/MRK/MRK_Monthly_20260829_075432.png
 create mode 100644 charts/screenshots/MRK/MRK_Monthly_20260830_062535.png
 delete mode 100644 charts/screenshots/MRK/MRK_Weekly_20260829_075432.png
 create mode 100644 charts/screenshots/MRK/MRK_Weekly_20260830_062535.png
 delete mode 100644 charts/screenshots/MRNA/MRNA_1H_20260829_075509.png
 create mode 100644 charts/screenshots/MRNA/MRNA_1H_20260830_062611.png
 delete mode 100644 charts/screenshots/MRNA/MRNA_4H_20260829_075509.png
 create mode 100644 charts/screenshots/MRNA/MRNA_4H_20260830_062611.png
 delete mode 100644 charts/screenshots/MRNA/MRNA_Daily_20260829_075509.png
 create mode 100644 charts/screenshots/MRNA/MRNA_Daily_20260830_062611.png
 delete mode 100644 charts/screenshots/MRNA/MRNA_Monthly_20260829_075509.png
 create mode 100644 charts/screenshots/MRNA/MRNA_Monthly_20260830_062611.png
 delete mode 100644 charts/screenshots/MRNA/MRNA_Weekly_20260829_075509.png
 create mode 100644 charts/screenshots/MRNA/MRNA_Weekly_20260830_062611.png
 delete mode 100644 charts/screenshots/MRVL/MRVL_1H_20260829_074322.png
 create mode 100644 charts/screenshots/MRVL/MRVL_1H_20260830_060924.png
 delete mode 100644 charts/screenshots/MRVL/MRVL_4H_20260829_074322.png
 create mode 100644 charts/screenshots/MRVL/MRVL_4H_20260830_060924.png
 delete mode 100644 charts/screenshots/MRVL/MRVL_Daily_20260829_074322.png
 create mode 100644 charts/screenshots/MRVL/MRVL_Daily_20260830_060924.png
 delete mode 100644 charts/screenshots/MRVL/MRVL_Monthly_20260829_074322.png
 create mode 100644 charts/screenshots/MRVL/MRVL_Monthly_20260830_060924.png
 delete mode 100644 charts/screenshots/MRVL/MRVL_Weekly_20260829_074322.png
 create mode 100644 charts/screenshots/MRVL/MRVL_Weekly_20260830_060924.png
 delete mode 100644 charts/screenshots/MS/MS_1H_20260829_075546.png
 create mode 100644 charts/screenshots/MS/MS_1H_20260830_061449.png
 delete mode 100644 charts/screenshots/MS/MS_4H_20260829_075546.png
 create mode 100644 charts/screenshots/MS/MS_4H_20260830_061449.png
 delete mode 100644 charts/screenshots/MS/MS_Daily_20260829_075546.png
 create mode 100644 charts/screenshots/MS/MS_Daily_20260830_061449.png
 delete mode 100644 charts/screenshots/MS/MS_Monthly_20260829_075546.png
 create mode 100644 charts/screenshots/MS/MS_Monthly_20260830_061449.png
 delete mode 100644 charts/screenshots/MS/MS_Weekly_20260829_075546.png
 create mode 100644 charts/screenshots/MS/MS_Weekly_20260830_061449.png
 create mode 100644 charts/screenshots/MSFT/MSFT_1H_20260830_063920.png
 create mode 100644 charts/screenshots/MSFT/MSFT_4H_20260830_063920.png
 create mode 100644 charts/screenshots/MSFT/MSFT_Daily_20260830_063920.png
 create mode 100644 charts/screenshots/MSFT/MSFT_Monthly_20260830_063920.png
 create mode 100644 charts/screenshots/MSFT/MSFT_Weekly_20260830_063920.png
 delete mode 100644 charts/screenshots/MU/MU_1H_20260829_075623.png
 create mode 100644 charts/screenshots/MU/MU_1H_20260830_063808.png
 delete mode 100644 charts/screenshots/MU/MU_4H_20260829_075623.png
 create mode 100644 charts/screenshots/MU/MU_4H_20260830_063808.png
 delete mode 100644 charts/screenshots/MU/MU_Daily_20260829_075623.png
 create mode 100644 charts/screenshots/MU/MU_Daily_20260830_063808.png
 delete mode 100644 charts/screenshots/MU/MU_Monthly_20260829_075623.png
 create mode 100644 charts/screenshots/MU/MU_Monthly_20260830_063808.png
 delete mode 100644 charts/screenshots/MU/MU_Weekly_20260829_075623.png
 create mode 100644 charts/screenshots/MU/MU_Weekly_20260830_063808.png
 delete mode 100644 charts/screenshots/NBM.V/NBM.V_1H_20260829_082146.png
 create mode 100644 charts/screenshots/NBM.V/NBM.V_1H_20260830_070117.png
 rename charts/screenshots/NBM.V/{NBM.V_4H_20260829_082146.png => NBM.V_4H_20260830_070117.png} (100%)
 delete mode 100644 charts/screenshots/NBM.V/NBM.V_Daily_20260829_082146.png
 create mode 100644 charts/screenshots/NBM.V/NBM.V_Daily_20260830_070117.png
 delete mode 100644 charts/screenshots/NBM.V/NBM.V_Monthly_20260829_082146.png
 create mode 100644 charts/screenshots/NBM.V/NBM.V_Monthly_20260830_070117.png
 delete mode 100644 charts/screenshots/NBM.V/NBM.V_Weekly_20260829_082146.png
 create mode 100644 charts/screenshots/NBM.V/NBM.V_Weekly_20260830_070117.png
 rename charts/screenshots/NEM/{NEM_1H_20260829_075700.png => NEM_1H_20260830_062124.png} (77%)
 delete mode 100644 charts/screenshots/NEM/NEM_4H_20260829_075700.png
 create mode 100644 charts/screenshots/NEM/NEM_4H_20260830_062124.png
 delete mode 100644 charts/screenshots/NEM/NEM_Daily_20260829_075700.png
 create mode 100644 charts/screenshots/NEM/NEM_Daily_20260830_062124.png
 delete mode 100644 charts/screenshots/NEM/NEM_Monthly_20260829_075700.png
 create mode 100644 charts/screenshots/NEM/NEM_Monthly_20260830_062124.png
 delete mode 100644 charts/screenshots/NEM/NEM_Weekly_20260829_075700.png
 create mode 100644 charts/screenshots/NEM/NEM_Weekly_20260830_062124.png
 create mode 100644 charts/screenshots/NKE/NKE_1H_20260830_065854.png
 create mode 100644 charts/screenshots/NKE/NKE_4H_20260830_065854.png
 create mode 100644 charts/screenshots/NKE/NKE_Daily_20260830_065854.png
 create mode 100644 charts/screenshots/NKE/NKE_Monthly_20260830_065854.png
 create mode 100644 charts/screenshots/NKE/NKE_Weekly_20260830_065854.png
 delete mode 100644 charts/screenshots/NOW/NOW_1H_20260829_074628.png
 create mode 100644 charts/screenshots/NOW/NOW_1H_20260830_064917.png
 rename charts/screenshots/NOW/{NOW_4H_20260829_074628.png => NOW_4H_20260830_064917.png} (52%)
 delete mode 100644 charts/screenshots/NOW/NOW_Daily_20260829_074628.png
 create mode 100644 charts/screenshots/NOW/NOW_Daily_20260830_064917.png
 delete mode 100644 charts/screenshots/NOW/NOW_Monthly_20260829_074628.png
 create mode 100644 charts/screenshots/NOW/NOW_Monthly_20260830_064917.png
 delete mode 100644 charts/screenshots/NOW/NOW_Weekly_20260829_074628.png
 create mode 100644 charts/screenshots/NOW/NOW_Weekly_20260830_064917.png
 delete mode 100644 charts/screenshots/NVDA/NVDA_1H_20260829_081537.png
 create mode 100644 charts/screenshots/NVDA/NVDA_1H_20260830_063844.png
 delete mode 100644 charts/screenshots/NVDA/NVDA_4H_20260829_081537.png
 create mode 100644 charts/screenshots/NVDA/NVDA_4H_20260830_063844.png
 delete mode 100644 charts/screenshots/NVDA/NVDA_Daily_20260829_081537.png
 create mode 100644 charts/screenshots/NVDA/NVDA_Daily_20260830_063844.png
 delete mode 100644 charts/screenshots/NVDA/NVDA_Monthly_20260829_081537.png
 create mode 100644 charts/screenshots/NVDA/NVDA_Monthly_20260830_063844.png
 delete mode 100644 charts/screenshots/NVDA/NVDA_Weekly_20260829_081537.png
 create mode 100644 charts/screenshots/NVDA/NVDA_Weekly_20260830_063844.png
 delete mode 100644 charts/screenshots/NXPI/NXPI_1H_20260829_082033.png
 create mode 100644 charts/screenshots/NXPI/NXPI_1H_20260830_065630.png
 delete mode 100644 charts/screenshots/NXPI/NXPI_4H_20260829_082033.png
 create mode 100644 charts/screenshots/NXPI/NXPI_4H_20260830_065630.png
 delete mode 100644 charts/screenshots/NXPI/NXPI_Daily_20260829_082033.png
 create mode 100644 charts/screenshots/NXPI/NXPI_Daily_20260830_065630.png
 delete mode 100644 charts/screenshots/NXPI/NXPI_Monthly_20260829_082033.png
 create mode 100644 charts/screenshots/NXPI/NXPI_Monthly_20260830_065630.png
 delete mode 100644 charts/screenshots/NXPI/NXPI_Weekly_20260829_082033.png
 create mode 100644 charts/screenshots/NXPI/NXPI_Weekly_20260830_065630.png
 create mode 100644 charts/screenshots/PANW/PANW_1H_20260830_064841.png
 create mode 100644 charts/screenshots/PANW/PANW_4H_20260830_064841.png
 create mode 100644 charts/screenshots/PANW/PANW_Daily_20260830_064841.png
 create mode 100644 charts/screenshots/PANW/PANW_Monthly_20260830_064841.png
 create mode 100644 charts/screenshots/PANW/PANW_Weekly_20260830_064841.png
 delete mode 100644 charts/screenshots/PFE/PFE_1H_20260829_075736.png
 create mode 100644 charts/screenshots/PFE/PFE_1H_20260830_062647.png
 delete mode 100644 charts/screenshots/PFE/PFE_4H_20260829_075736.png
 create mode 100644 charts/screenshots/PFE/PFE_4H_20260830_062647.png
 delete mode 100644 charts/screenshots/PFE/PFE_Daily_20260829_075736.png
 create mode 100644 charts/screenshots/PFE/PFE_Daily_20260830_062647.png
 delete mode 100644 charts/screenshots/PFE/PFE_Monthly_20260829_075736.png
 create mode 100644 charts/screenshots/PFE/PFE_Monthly_20260830_062647.png
 delete mode 100644 charts/screenshots/PFE/PFE_Weekly_20260829_075736.png
 create mode 100644 charts/screenshots/PFE/PFE_Weekly_20260830_062647.png
 create mode 100644 charts/screenshots/PG/PG_1H_20260830_065742.png
 create mode 100644 charts/screenshots/PG/PG_4H_20260830_065742.png
 create mode 100644 charts/screenshots/PG/PG_Daily_20260830_065742.png
 create mode 100644 charts/screenshots/PG/PG_Monthly_20260830_065742.png
 create mode 100644 charts/screenshots/PG/PG_Weekly_20260830_065742.png
 create mode 100644 charts/screenshots/PH/PH_1H_20260830_061712.png
 create mode 100644 charts/screenshots/PH/PH_4H_20260830_061712.png
 create mode 100644 charts/screenshots/PH/PH_Daily_20260830_061712.png
 create mode 100644 charts/screenshots/PH/PH_Monthly_20260830_061712.png
 create mode 100644 charts/screenshots/PH/PH_Weekly_20260830_061712.png
 delete mode 100644 charts/screenshots/PLTR/PLTR_1H_20260829_075812.png
 create mode 100644 charts/screenshots/PLTR/PLTR_1H_20260830_062200.png
 delete mode 100644 charts/screenshots/PLTR/PLTR_4H_20260829_075812.png
 create mode 100644 charts/screenshots/PLTR/PLTR_4H_20260830_062200.png
 delete mode 100644 charts/screenshots/PLTR/PLTR_Daily_20260829_075812.png
 create mode 100644 charts/screenshots/PLTR/PLTR_Daily_20260830_062200.png
 delete mode 100644 charts/screenshots/PLTR/PLTR_Monthly_20260829_075812.png
 create mode 100644 charts/screenshots/PLTR/PLTR_Monthly_20260830_062200.png
 delete mode 100644 charts/screenshots/PLTR/PLTR_Weekly_20260829_075812.png
 create mode 100644 charts/screenshots/PLTR/PLTR_Weekly_20260830_062200.png
 delete mode 100644 charts/screenshots/PM/PM_1H_20260829_075850.png
 create mode 100644 charts/screenshots/PM/PM_1H_20260830_065517.png
 delete mode 100644 charts/screenshots/PM/PM_4H_20260829_075850.png
 create mode 100644 charts/screenshots/PM/PM_4H_20260830_065517.png
 delete mode 100644 charts/screenshots/PM/PM_Daily_20260829_075850.png
 create mode 100644 charts/screenshots/PM/PM_Daily_20260830_065517.png
 delete mode 100644 charts/screenshots/PM/PM_Monthly_20260829_075850.png
 create mode 100644 charts/screenshots/PM/PM_Monthly_20260830_065517.png
 delete mode 100644 charts/screenshots/PM/PM_Weekly_20260829_075850.png
 create mode 100644 charts/screenshots/PM/PM_Weekly_20260830_065517.png
 create mode 100644 charts/screenshots/PWR/PWR_1H_20260830_070005.png
 create mode 100644 charts/screenshots/PWR/PWR_4H_20260830_070005.png
 create mode 100644 charts/screenshots/PWR/PWR_Daily_20260830_070005.png
 create mode 100644 charts/screenshots/PWR/PWR_Monthly_20260830_070005.png
 create mode 100644 charts/screenshots/PWR/PWR_Weekly_20260830_070005.png
 rename charts/screenshots/QQQ/{QQQ_1H_20260829_081728.png => QQQ_1H_20260830_065217.png} (68%)
 delete mode 100644 charts/screenshots/QQQ/QQQ_4H_20260829_081728.png
 create mode 100644 charts/screenshots/QQQ/QQQ_4H_20260830_065217.png
 delete mode 100644 charts/screenshots/QQQ/QQQ_Daily_20260829_081728.png
 create mode 100644 charts/screenshots/QQQ/QQQ_Daily_20260830_065217.png
 delete mode 100644 charts/screenshots/QQQ/QQQ_Monthly_20260829_081728.png
 create mode 100644 charts/screenshots/QQQ/QQQ_Monthly_20260830_065217.png
 delete mode 100644 charts/screenshots/QQQ/QQQ_Weekly_20260829_081728.png
 create mode 100644 charts/screenshots/QQQ/QQQ_Weekly_20260830_065217.png
 create mode 100644 charts/screenshots/RTX/RTX_1H_20260830_063021.png
 create mode 100644 charts/screenshots/RTX/RTX_4H_20260830_063021.png
 create mode 100644 charts/screenshots/RTX/RTX_Daily_20260830_063021.png
 create mode 100644 charts/screenshots/RTX/RTX_Monthly_20260830_063021.png
 create mode 100644 charts/screenshots/RTX/RTX_Weekly_20260830_063021.png
 delete mode 100644 charts/screenshots/SCHW/SCHW_1H_20260829_075928.png
 create mode 100644 charts/screenshots/SCHW/SCHW_1H_20260830_061149.png
 rename charts/screenshots/SCHW/{SCHW_4H_20260829_075928.png => SCHW_4H_20260830_061149.png} (100%)
 delete mode 100644 charts/screenshots/SCHW/SCHW_Daily_20260829_075928.png
 create mode 100644 charts/screenshots/SCHW/SCHW_Daily_20260830_061149.png
 delete mode 100644 charts/screenshots/SCHW/SCHW_Monthly_20260829_075928.png
 create mode 100644 charts/screenshots/SCHW/SCHW_Monthly_20260830_061149.png
 delete mode 100644 charts/screenshots/SCHW/SCHW_Weekly_20260829_075928.png
 create mode 100644 charts/screenshots/SCHW/SCHW_Weekly_20260830_061149.png
 create mode 100644 charts/screenshots/SMCI/SMCI_1H_20260830_063509.png
 create mode 100644 charts/screenshots/SMCI/SMCI_4H_20260830_063509.png
 create mode 100644 charts/screenshots/SMCI/SMCI_Daily_20260830_063509.png
 create mode 100644 charts/screenshots/SMCI/SMCI_Monthly_20260830_063509.png
 create mode 100644 charts/screenshots/SMCI/SMCI_Weekly_20260830_063509.png
 create mode 100644 charts/screenshots/SPGI/SPGI_1H_20260830_065554.png
 create mode 100644 charts/screenshots/SPGI/SPGI_4H_20260830_065554.png
 create mode 100644 charts/screenshots/SPGI/SPGI_Daily_20260830_065554.png
 create mode 100644 charts/screenshots/SPGI/SPGI_Monthly_20260830_065554.png
 create mode 100644 charts/screenshots/SPGI/SPGI_Weekly_20260830_065554.png
 delete mode 100644 charts/screenshots/SPY/SPY_1H_20260829_081805.png
 create mode 100644 charts/screenshots/SPY/SPY_1H_20260830_065140.png
 delete mode 100644 charts/screenshots/SPY/SPY_4H_20260829_081805.png
 create mode 100644 charts/screenshots/SPY/SPY_4H_20260830_065140.png
 delete mode 100644 charts/screenshots/SPY/SPY_Daily_20260829_081805.png
 create mode 100644 charts/screenshots/SPY/SPY_Daily_20260830_065140.png
 delete mode 100644 charts/screenshots/SPY/SPY_Monthly_20260829_081805.png
 create mode 100644 charts/screenshots/SPY/SPY_Monthly_20260830_065140.png
 rename charts/screenshots/SPY/{SPY_Weekly_20260829_081805.png => SPY_Weekly_20260830_065140.png} (100%)
 delete mode 100644 charts/screenshots/STX/STX_1H_20260829_080656.png
 create mode 100644 charts/screenshots/STX/STX_1H_20260830_064539.png
 delete mode 100644 charts/screenshots/STX/STX_4H_20260829_080656.png
 create mode 100644 charts/screenshots/STX/STX_4H_20260830_064539.png
 delete mode 100644 charts/screenshots/STX/STX_Daily_20260829_080656.png
 create mode 100644 charts/screenshots/STX/STX_Daily_20260830_064539.png
 delete mode 100644 charts/screenshots/STX/STX_Monthly_20260829_080656.png
 create mode 100644 charts/screenshots/STX/STX_Monthly_20260830_064539.png
 delete mode 100644 charts/screenshots/STX/STX_Weekly_20260829_080656.png
 create mode 100644 charts/screenshots/STX/STX_Weekly_20260830_064539.png
 create mode 100644 charts/screenshots/SYK/SYK_1H_20260830_063133.png
 create mode 100644 charts/screenshots/SYK/SYK_4H_20260830_063133.png
 create mode 100644 charts/screenshots/SYK/SYK_Daily_20260830_063133.png
 create mode 100644 charts/screenshots/SYK/SYK_Monthly_20260830_063133.png
 create mode 100644 charts/screenshots/SYK/SYK_Weekly_20260830_063133.png
 create mode 100644 charts/screenshots/T/T_1H_20260830_062946.png
 create mode 100644 charts/screenshots/T/T_4H_20260830_062946.png
 create mode 100644 charts/screenshots/T/T_Daily_20260830_062946.png
 create mode 100644 charts/screenshots/T/T_Monthly_20260830_062946.png
 create mode 100644 charts/screenshots/T/T_Weekly_20260830_062946.png
 delete mode 100644 charts/screenshots/TEAM/TEAM_1H_20260829_080848.png
 create mode 100644 charts/screenshots/TEAM/TEAM_1H_20260830_064315.png
 delete mode 100644 charts/screenshots/TEAM/TEAM_4H_20260829_080848.png
 create mode 100644 charts/screenshots/TEAM/TEAM_4H_20260830_064315.png
 delete mode 100644 charts/screenshots/TEAM/TEAM_Daily_20260829_080848.png
 create mode 100644 charts/screenshots/TEAM/TEAM_Daily_20260830_064315.png
 delete mode 100644 charts/screenshots/TEAM/TEAM_Monthly_20260829_080848.png
 create mode 100644 charts/screenshots/TEAM/TEAM_Monthly_20260830_064315.png
 delete mode 100644 charts/screenshots/TEAM/TEAM_Weekly_20260829_080848.png
 create mode 100644 charts/screenshots/TEAM/TEAM_Weekly_20260830_064315.png
 delete mode 100644 charts/screenshots/TER/TER_1H_20260829_080925.png
 delete mode 100644 charts/screenshots/TER/TER_4H_20260829_080925.png
 delete mode 100644 charts/screenshots/TER/TER_Daily_20260829_080925.png
 delete mode 100644 charts/screenshots/TER/TER_Monthly_20260829_080925.png
 delete mode 100644 charts/screenshots/TER/TER_Weekly_20260829_080925.png
 delete mode 100644 charts/screenshots/TGT/TGT_1H_20260829_080006.png
 create mode 100644 charts/screenshots/TGT/TGT_1H_20260830_061525.png
 delete mode 100644 charts/screenshots/TGT/TGT_4H_20260829_080006.png
 create mode 100644 charts/screenshots/TGT/TGT_4H_20260830_061525.png
 delete mode 100644 charts/screenshots/TGT/TGT_Daily_20260829_080006.png
 create mode 100644 charts/screenshots/TGT/TGT_Daily_20260830_061525.png
 delete mode 100644 charts/screenshots/TGT/TGT_Monthly_20260829_080006.png
 create mode 100644 charts/screenshots/TGT/TGT_Monthly_20260830_061525.png
 delete mode 100644 charts/screenshots/TGT/TGT_Weekly_20260829_080006.png
 create mode 100644 charts/screenshots/TGT/TGT_Weekly_20260830_061525.png
 delete mode 100644 charts/screenshots/TMO/TMO_1H_20260829_080043.png
 create mode 100644 charts/screenshots/TMO/TMO_1H_20260830_062723.png
 delete mode 100644 charts/screenshots/TMO/TMO_4H_20260829_080043.png
 create mode 100644 charts/screenshots/TMO/TMO_4H_20260830_062723.png
 delete mode 100644 charts/screenshots/TMO/TMO_Daily_20260829_080043.png
 create mode 100644 charts/screenshots/TMO/TMO_Daily_20260830_062723.png
 delete mode 100644 charts/screenshots/TMO/TMO_Monthly_20260829_080043.png
 create mode 100644 charts/screenshots/TMO/TMO_Monthly_20260830_062723.png
 delete mode 100644 charts/screenshots/TMO/TMO_Weekly_20260829_080043.png
 create mode 100644 charts/screenshots/TMO/TMO_Weekly_20260830_062723.png
 delete mode 100644 charts/screenshots/UBER/UBER_1H_20260829_080541.png
 create mode 100644 charts/screenshots/UBER/UBER_1H_20260830_064615.png
 delete mode 100644 charts/screenshots/UBER/UBER_4H_20260829_080541.png
 create mode 100644 charts/screenshots/UBER/UBER_4H_20260830_064615.png
 delete mode 100644 charts/screenshots/UBER/UBER_Daily_20260829_080541.png
 create mode 100644 charts/screenshots/UBER/UBER_Daily_20260830_064615.png
 delete mode 100644 charts/screenshots/UBER/UBER_Monthly_20260829_080541.png
 create mode 100644 charts/screenshots/UBER/UBER_Monthly_20260830_064615.png
 delete mode 100644 charts/screenshots/UBER/UBER_Weekly_20260829_080541.png
 create mode 100644 charts/screenshots/UBER/UBER_Weekly_20260830_064615.png
 create mode 100644 charts/screenshots/UNH/UNH_1H_20260830_064127.png
 create mode 100644 charts/screenshots/UNH/UNH_4H_20260830_064127.png
 create mode 100644 charts/screenshots/UNH/UNH_Daily_20260830_064127.png
 create mode 100644 charts/screenshots/UNH/UNH_Monthly_20260830_064127.png
 create mode 100644 charts/screenshots/UNH/UNH_Weekly_20260830_064127.png
 delete mode 100644 charts/screenshots/UNP/UNP_1H_20260829_080121.png
 create mode 100644 charts/screenshots/UNP/UNP_1H_20260830_062759.png
 delete mode 100644 charts/screenshots/UNP/UNP_4H_20260829_080121.png
 create mode 100644 charts/screenshots/UNP/UNP_4H_20260830_062759.png
 delete mode 100644 charts/screenshots/UNP/UNP_Daily_20260829_080121.png
 create mode 100644 charts/screenshots/UNP/UNP_Daily_20260830_062759.png
 delete mode 100644 charts/screenshots/UNP/UNP_Monthly_20260829_080121.png
 create mode 100644 charts/screenshots/UNP/UNP_Monthly_20260830_062759.png
 delete mode 100644 charts/screenshots/UNP/UNP_Weekly_20260829_080121.png
 create mode 100644 charts/screenshots/UNP/UNP_Weekly_20260830_062759.png
 delete mode 100644 charts/screenshots/V/V_1H_20260829_080158.png
 create mode 100644 charts/screenshots/V/V_1H_20260830_063245.png
 delete mode 100644 charts/screenshots/V/V_4H_20260829_080158.png
 create mode 100644 charts/screenshots/V/V_4H_20260830_063245.png
 delete mode 100644 charts/screenshots/V/V_Daily_20260829_080158.png
 create mode 100644 charts/screenshots/V/V_Daily_20260830_063245.png
 delete mode 100644 charts/screenshots/V/V_Monthly_20260829_080158.png
 create mode 100644 charts/screenshots/V/V_Monthly_20260830_063245.png
 delete mode 100644 charts/screenshots/V/V_Weekly_20260829_080158.png
 create mode 100644 charts/screenshots/V/V_Weekly_20260830_063245.png
 delete mode 100644 charts/screenshots/VLO/VLO_1H_20260829_080811.png
 create mode 100644 charts/screenshots/VLO/VLO_1H_20260830_061301.png
 delete mode 100644 charts/screenshots/VLO/VLO_4H_20260829_080811.png
 create mode 100644 charts/screenshots/VLO/VLO_4H_20260830_061301.png
 delete mode 100644 charts/screenshots/VLO/VLO_Daily_20260829_080811.png
 create mode 100644 charts/screenshots/VLO/VLO_Daily_20260830_061301.png
 delete mode 100644 charts/screenshots/VLO/VLO_Monthly_20260829_080811.png
 create mode 100644 charts/screenshots/VLO/VLO_Monthly_20260830_061301.png
 delete mode 100644 charts/screenshots/VLO/VLO_Weekly_20260829_080811.png
 create mode 100644 charts/screenshots/VLO/VLO_Weekly_20260830_061301.png
 delete mode 100644 charts/screenshots/VZ/VZ_1H_20260829_074514.png
 create mode 100644 charts/screenshots/VZ/VZ_1H_20260830_064239.png
 delete mode 100644 charts/screenshots/VZ/VZ_4H_20260829_074514.png
 create mode 100644 charts/screenshots/VZ/VZ_4H_20260830_064239.png
 delete mode 100644 charts/screenshots/VZ/VZ_Daily_20260829_074514.png
 create mode 100644 charts/screenshots/VZ/VZ_Daily_20260830_064239.png
 delete mode 100644 charts/screenshots/VZ/VZ_Monthly_20260829_074514.png
 create mode 100644 charts/screenshots/VZ/VZ_Monthly_20260830_064239.png
 delete mode 100644 charts/screenshots/VZ/VZ_Weekly_20260829_074514.png
 create mode 100644 charts/screenshots/VZ/VZ_Weekly_20260830_064239.png
 delete mode 100644 charts/screenshots/WDAY/WDAY_1H_20260829_081040.png
 create mode 100644 charts/screenshots/WDAY/WDAY_1H_20260830_061000.png
 delete mode 100644 charts/screenshots/WDAY/WDAY_4H_20260829_081040.png
 create mode 100644 charts/screenshots/WDAY/WDAY_4H_20260830_061000.png
 delete mode 100644 charts/screenshots/WDAY/WDAY_Daily_20260829_081040.png
 create mode 100644 charts/screenshots/WDAY/WDAY_Daily_20260830_061000.png
 delete mode 100644 charts/screenshots/WDAY/WDAY_Monthly_20260829_081040.png
 create mode 100644 charts/screenshots/WDAY/WDAY_Monthly_20260830_061000.png
 delete mode 100644 charts/screenshots/WDAY/WDAY_Weekly_20260829_081040.png
 create mode 100644 charts/screenshots/WDAY/WDAY_Weekly_20260830_061000.png
 delete mode 100644 charts/screenshots/WFC/WFC_1H_20260829_080618.png
 create mode 100644 charts/screenshots/WFC/WFC_1H_20260830_065405.png
 delete mode 100644 charts/screenshots/WFC/WFC_4H_20260829_080618.png
 create mode 100644 charts/screenshots/WFC/WFC_4H_20260830_065405.png
 delete mode 100644 charts/screenshots/WFC/WFC_Daily_20260829_080618.png
 create mode 100644 charts/screenshots/WFC/WFC_Daily_20260830_065405.png
 delete mode 100644 charts/screenshots/WFC/WFC_Monthly_20260829_080618.png
 create mode 100644 charts/screenshots/WFC/WFC_Monthly_20260830_065405.png
 delete mode 100644 charts/screenshots/WFC/WFC_Weekly_20260829_080618.png
 create mode 100644 charts/screenshots/WFC/WFC_Weekly_20260830_065405.png
 delete mode 100644 charts/screenshots/XOM/XOM_1H_20260829_081842.png
 create mode 100644 charts/screenshots/XOM/XOM_1H_20260830_062910.png
 delete mode 100644 charts/screenshots/XOM/XOM_4H_20260829_081842.png
 create mode 100644 charts/screenshots/XOM/XOM_4H_20260830_062910.png
 delete mode 100644 charts/screenshots/XOM/XOM_Daily_20260829_081842.png
 create mode 100644 charts/screenshots/XOM/XOM_Daily_20260830_062910.png
 delete mode 100644 charts/screenshots/XOM/XOM_Monthly_20260829_081842.png
 create mode 100644 charts/screenshots/XOM/XOM_Monthly_20260830_062910.png
 delete mode 100644 charts/screenshots/XOM/XOM_Weekly_20260829_081842.png
 create mode 100644 charts/screenshots/XOM/XOM_Weekly_20260830_062910.png
[[SP500 차트분석]] GitHub 푸시 완료
[[SP500 차트분석]] Google Sheets 업데이트 완료
[Paper Trading] SP500 ranked_df 스냅샷 저장 완료 (128개 종목)

[요약] 파이프라인 완료 – 총 4179.4초 (69.66분) 소요
