============================================================
[Unified Paper Trading] SP500 + NASDAQ/NYSE 통합 실행 시작
============================================================
2026-05-06 07:13:25,791 [INFO] paper_trading.runner — [Runner] SP500 snapshot 로드: 130개 종목
[Unified PT] SP500 snapshot 로드: 130개 종목
2026-05-06 07:13:25,798 [INFO] paper_trading.runner — [Runner] NASDAQ snapshot 로드: 236개 종목
[Unified PT] NASDAQ snapshot 로드: 236개 종목
[Unified PT] 합산 완료: 341개 종목 (SP500 130 + NASDAQ 236개, 중복 제거 후)
2026-05-06 07:13:26,721 [INFO] paper_trading.candidate_selector — [전략점수 분포] ~4.0: 103 | 4.0~5.0: 25 | 5.0~5.5: 19 | 5.5~6.0: 11 | 6.0+: 183
2026-05-06 07:13:26,733 [INFO] paper_trading.candidate_selector — [CandidateSelector] Regime=bull | Filtered=2/341 | Selected: PYPL (CCS=0.4619)
2026-05-06 07:13:26,744 [INFO] paper_trading.engine — [PaperTrading] 교체 기준 미달 — 매수 안 함
[Unified PT] 매도=0 매수=0 보유=3종목
[Unified PT] 레짐=bull | 필터={'전략점수<6.0': 158, '바닥반등_52주과열': 0, '판단등급_미달': 180, '과열_차단': 0, '유동성_부족': 0, '어닝_임박': 0, '보유_중복': 1, '모멘텀_ADX부족': 0, '바닥_RSI데드존': 0, '섹터_집중': 0, '_통과': 2, '_전체': 341}
[Unified PT] 스킵 사유: 교체_미달
[Unified PT] Top5 후보:
  PYPL   CCS=0.4619 전략=📈 모멘텀 섹터=Financial Services
  PODD   CCS=0.4229 전략=📉 바닥반등 섹터=Healthcare
2026-05-06 07:13:28,060 [INFO] paper_trading.sheet_sync — [SheetSync] 포지션현황 업데이트: 3개 종목
2026-05-06 07:13:29,503 [INFO] paper_trading.sheet_sync — [SheetSync] 성과요약 업데이트: 8건 거래
[Unified PT] 구글 시트 동기화 완료
[시장분석] 5개 종목 데이터 수집 중...
2026-05-06 07:13:35,840 [WARNING] data.fetch — [fetch_analyst_data] NTLA: 'dict' object has no attribute 'empty'
2026-05-06 07:13:35,968 [WARNING] data.fetch — [fetch_analyst_data] PODD: 'dict' object has no attribute 'empty'
2026-05-06 07:13:36,106 [WARNING] data.fetch — [fetch_analyst_data] CRML: 'dict' object has no attribute 'empty'
2026-05-06 07:13:36,151 [WARNING] data.fetch — [fetch_analyst_data] PYPL: 'dict' object has no attribute 'empty'
2026-05-06 07:13:36,153 [WARNING] data.fetch — [fetch_analyst_data] T: 'dict' object has no attribute 'empty'
[시장분석] enrichment 완료
[Email] 페이퍼 트레이딩 알림 발송 완료 (매도 0건, 매수 0건, 재평가 0건, 재평가실패 0건, 후보 2건) → chunghwan14@gmail.com, roykim0311@gmail.com, ssamjungtan@naver.com
============================================================
[Unified Paper Trading] 완료
============================================================
