============================================================
[Unified Paper Trading] SP500 + NASDAQ/NYSE 통합 실행 시작
============================================================
2026-06-02 08:35:33,556 [INFO] paper_trading.runner — [Runner] SP500 snapshot 로드: 130개 종목
[Unified PT] SP500 snapshot 로드: 130개 종목
2026-06-02 08:35:33,566 [INFO] paper_trading.runner — [Runner] NASDAQ snapshot 로드: 219개 종목
[Unified PT] NASDAQ snapshot 로드: 219개 종목
[Unified PT] 합산 완료: 326개 종목 (SP500 130 + NASDAQ 219개, 중복 제거 후)
[Unified PT] 골든크로스임박 종목: 55개
2026-06-02 08:35:34,520 [INFO] paper_trading.engine — [PaperTrading] SELL ELF @ 53.49 (트레일링(-6.8%))
2026-06-02 08:35:34,525 [INFO] paper_trading.candidate_selector — [전략점수 분포] ~4.0: 97 | 4.0~5.0: 28 | 5.0~5.5: 14 | 5.5~6.0: 7 | 6.0+: 180
2026-06-02 08:35:34,535 [INFO] paper_trading.engine — [PaperTrading] 오늘 매수 후보 없음
[Unified PT] 매도=1 매수=0 보유=2종목
[Unified PT] 레짐=bull | 필터={'전략점수<6.0': 146, '바닥반등_52주과열': 0, '판단등급_미달': 169, '과열_차단': 8, '유동성_부족': 0, '어닝_임박': 0, '보유_중복': 0, '모멘텀_ADX부족': 3, '바닥_RSI데드존': 0, '섹터_집중': 0, '_통과': 0, '_전체': 326}
[Unified PT] 스킵 사유: 후보_없음
2026-06-02 08:35:35,457 [INFO] paper_trading.sheet_sync — [SheetSync] 거래로그 append: SELL ELF
2026-06-02 08:35:36,629 [INFO] paper_trading.sheet_sync — [SheetSync] 포지션현황 업데이트: 2개 종목
2026-06-02 08:35:37,709 [INFO] paper_trading.sheet_sync — [SheetSync] 성과요약 업데이트: 18건 거래
[Unified PT] 구글 시트 동기화 완료
2026-06-02 08:35:38,015 [INFO] matplotlib.font_manager — Failed to extract font properties from /usr/share/fonts/truetype/noto/NotoColorEmoji.ttf: Can not load face (unknown file format; error code 0x2)
2026-06-02 08:35:38,021 [INFO] matplotlib.font_manager — generated new fontManager
2026-06-02 08:35:38,718 [WARNING] fpdf.output — Font MPDFAA+NanumGothic is missing the following glyphs: '📉' (\U0001f4c9), '📈' (\U0001f4c8)
2026-06-02 08:35:38,720 [INFO] fontTools.subset — maxp pruned
2026-06-02 08:35:38,720 [INFO] fontTools.subset — cmap pruned
2026-06-02 08:35:38,721 [INFO] fontTools.subset — post pruned
2026-06-02 08:35:38,721 [INFO] fontTools.subset — DSIG dropped
2026-06-02 08:35:38,721 [INFO] fontTools.subset — GPOS dropped
2026-06-02 08:35:38,721 [INFO] fontTools.subset — GSUB dropped
2026-06-02 08:35:38,722 [INFO] fontTools.subset — glyf pruned
2026-06-02 08:35:38,723 [INFO] fontTools.subset — Added gid0 to subset
2026-06-02 08:35:38,723 [INFO] fontTools.subset — Added first four glyphs to subset
2026-06-02 08:35:38,723 [INFO] fontTools.subset — Closing glyph list over 'glyf': 98 glyphs before
2026-06-02 08:35:38,723 [INFO] fontTools.subset — Glyph names: ['.notdef', 'A', 'B', 'C', 'D', 'E', 'F', 'G', 'H', 'I', 'L', 'M', 'N', 'O', 'P', 'Q', 'R', 'S', 'T', 'U', 'V', 'W', 'Y', 'a', 'arrowright', 'b', 'bar', 'c', 'colon', 'comma', 'copyright', 'd', 'dollar', 'e', 'eight', 'emdash', 'exclam', 'f', 'five', 'four', 'g', 'h', 'hyphen', 'i', 'k', 'l', 'm', 'n', 'nine', 'numbersign', 'o', 'one', 'p', 'parenleft', 'parenright', 'percent', 'period', 'periodcentered', 'plus', 'q', 'quotedbl', 'r', 's', 'seven', 'six', 'slash', 'space', 't', 'three', 'triagup', 'two', 'u', 'uniAC00', 'uniAC04', 'uniAD50', 'uniB2E5', 'uniB4F1', 'uniB808', 'uniB9C1', 'uniBA58', 'uniBAA8', 'uniBAA9', 'uniBC14', 'uniBC18', 'uniC190', 'uniC2DC', 'uniC775', 'uniC77C', 'uniC808', 'uniCCB4', 'uniD140', 'uniD2B8', 'uniD45C', 'v', 'w', 'x', 'y', 'zero']
2026-06-02 08:35:38,724 [INFO] fontTools.subset — Glyph IDs:   [0, 1, 2, 3, 4, 5, 8, 9, 11, 12, 13, 14, 15, 16, 17, 18, 19, 20, 21, 22, 23, 24, 25, 26, 33, 34, 35, 36, 37, 38, 39, 40, 41, 44, 45, 46, 47, 48, 49, 50, 51, 52, 53, 54, 55, 57, 64, 65, 66, 67, 68, 69, 70, 71, 72, 74, 75, 76, 77, 78, 79, 80, 81, 82, 83, 84, 85, 86, 87, 88, 91, 96, 99, 104, 159, 162, 495, 497, 607, 928, 1042, 1177, 1267, 1310, 1326, 1327, 1397, 1401, 1675, 1751, 2043, 2045, 2091, 2308, 2518, 2576, 2661, 13296]
2026-06-02 08:35:38,724 [INFO] fontTools.subset — Closed glyph list over 'glyf': 98 glyphs after
2026-06-02 08:35:38,724 [INFO] fontTools.subset — Glyph names: ['.notdef', 'A', 'B', 'C', 'D', 'E', 'F', 'G', 'H', 'I', 'L', 'M', 'N', 'O', 'P', 'Q', 'R', 'S', 'T', 'U', 'V', 'W', 'Y', 'a', 'arrowright', 'b', 'bar', 'c', 'colon', 'comma', 'copyright', 'd', 'dollar', 'e', 'eight', 'emdash', 'exclam', 'f', 'five', 'four', 'g', 'h', 'hyphen', 'i', 'k', 'l', 'm', 'n', 'nine', 'numbersign', 'o', 'one', 'p', 'parenleft', 'parenright', 'percent', 'period', 'periodcentered', 'plus', 'q', 'quotedbl', 'r', 's', 'seven', 'six', 'slash', 'space', 't', 'three', 'triagup', 'two', 'u', 'uniAC00', 'uniAC04', 'uniAD50', 'uniB2E5', 'uniB4F1', 'uniB808', 'uniB9C1', 'uniBA58', 'uniBAA8', 'uniBAA9', 'uniBC14', 'uniBC18', 'uniC190', 'uniC2DC', 'uniC775', 'uniC77C', 'uniC808', 'uniCCB4', 'uniD140', 'uniD2B8', 'uniD45C', 'v', 'w', 'x', 'y', 'zero']
2026-06-02 08:35:38,724 [INFO] fontTools.subset — Glyph IDs:   [0, 1, 2, 3, 4, 5, 8, 9, 11, 12, 13, 14, 15, 16, 17, 18, 19, 20, 21, 22, 23, 24, 25, 26, 33, 34, 35, 36, 37, 38, 39, 40, 41, 44, 45, 46, 47, 48, 49, 50, 51, 52, 53, 54, 55, 57, 64, 65, 66, 67, 68, 69, 70, 71, 72, 74, 75, 76, 77, 78, 79, 80, 81, 82, 83, 84, 85, 86, 87, 88, 91, 96, 99, 104, 159, 162, 495, 497, 607, 928, 1042, 1177, 1267, 1310, 1326, 1327, 1397, 1401, 1675, 1751, 2043, 2045, 2091, 2308, 2518, 2576, 2661, 13296]
2026-06-02 08:35:38,725 [INFO] fontTools.subset — Retaining 98 glyphs
2026-06-02 08:35:38,725 [INFO] fontTools.subset — head subsetting not needed
2026-06-02 08:35:38,725 [INFO] fontTools.subset — hhea subsetting not needed
2026-06-02 08:35:38,725 [INFO] fontTools.subset — maxp subsetting not needed
2026-06-02 08:35:38,725 [INFO] fontTools.subset — OS/2 subsetting not needed
2026-06-02 08:35:38,726 [INFO] fontTools.subset — hmtx subsetted
2026-06-02 08:35:38,728 [INFO] fontTools.subset — cmap subsetted
2026-06-02 08:35:38,728 [INFO] fontTools.subset — fpgm subsetting not needed
2026-06-02 08:35:38,728 [INFO] fontTools.subset — prep subsetting not needed
2026-06-02 08:35:38,728 [INFO] fontTools.subset — cvt  subsetting not needed
2026-06-02 08:35:38,728 [INFO] fontTools.subset — loca subsetting not needed
2026-06-02 08:35:38,728 [INFO] fontTools.subset — post subsetted
2026-06-02 08:35:38,728 [INFO] fontTools.subset — gasp subsetting not needed
2026-06-02 08:35:38,728 [INFO] fontTools.subset — name subsetting not needed
2026-06-02 08:35:38,731 [INFO] fontTools.subset — glyf subsetted
2026-06-02 08:35:38,731 [INFO] fontTools.subset — head pruned
2026-06-02 08:35:38,731 [INFO] fontTools.subset — OS/2 Unicode ranges pruned: [0, 1, 31, 37, 45, 56]
2026-06-02 08:35:38,731 [INFO] fontTools.subset — OS/2 CodePage ranges pruned: [0]
2026-06-02 08:35:38,733 [INFO] fontTools.subset — glyf pruned
2026-06-02 08:35:38,733 [INFO] fontTools.subset — name pruned
2026-06-02 08:35:38,751 [WARNING] fpdf.output — Font MPDFAA+NanumGothicBold is missing the following glyphs: '📈' (\U0001f4c8)
2026-06-02 08:35:38,751 [INFO] fontTools.subset — maxp pruned
2026-06-02 08:35:38,751 [INFO] fontTools.subset — cmap pruned
2026-06-02 08:35:38,752 [INFO] fontTools.subset — post pruned
2026-06-02 08:35:38,752 [INFO] fontTools.subset — DSIG dropped
2026-06-02 08:35:38,752 [INFO] fontTools.subset — GPOS dropped
2026-06-02 08:35:38,752 [INFO] fontTools.subset — GSUB dropped
2026-06-02 08:35:38,752 [INFO] fontTools.subset — glyf pruned
2026-06-02 08:35:38,753 [INFO] fontTools.subset — Added gid0 to subset
2026-06-02 08:35:38,753 [INFO] fontTools.subset — Added first four glyphs to subset
2026-06-02 08:35:38,753 [INFO] fontTools.subset — Closing glyph list over 'glyf': 82 glyphs before
2026-06-02 08:35:38,753 [INFO] fontTools.subset — Glyph names: ['.notdef', 'A', 'B', 'C', 'D', 'E', 'F', 'G', 'H', 'I', 'K', 'L', 'M', 'N', 'O', 'P', 'Q', 'R', 'S', 'T', 'U', 'V', 'W', 'X', 'Y', 'Z', 'a', 'ampersand', 'b', 'c', 'colon', 'd', 'dollar', 'e', 'eight', 'equal', 'exclam', 'f', 'five', 'four', 'g', 'h', 'hyphen', 'i', 'j', 'k', 'l', 'm', 'n', 'nine', 'numbersign', 'o', 'one', 'p', 'parenleft', 'parenright', 'percent', 'period', 'periodcentered', 'plus', 'q', 'quotedbl', 'quotesingle', 'r', 's', 'seven', 'six', 'slash', 'space', 't', 'three', 'two', 'u', 'uni2605', 'uniBA58', 'uniBAA8', 'uniD140', 'v', 'w', 'x', 'y', 'zero']
2026-06-02 08:35:38,753 [INFO] fontTools.subset — Glyph IDs:   [0, 1, 2, 3, 4, 5, 6, 7, 8, 9, 11, 13, 14, 15, 16, 17, 18, 19, 20, 21, 22, 23, 24, 25, 26, 29, 33, 34, 35, 36, 37, 38, 39, 40, 41, 43, 44, 45, 46, 47, 48, 49, 50, 51, 52, 53, 54, 55, 56, 57, 58, 64, 65, 66, 67, 68, 69, 70, 71, 72, 73, 74, 75, 76, 77, 78, 79, 80, 81, 82, 83, 84, 85, 86, 87, 88, 99, 150, 1308, 1324, 2516, 13533]
2026-06-02 08:35:38,753 [INFO] fontTools.subset — Closed glyph list over 'glyf': 82 glyphs after
2026-06-02 08:35:38,753 [INFO] fontTools.subset — Glyph names: ['.notdef', 'A', 'B', 'C', 'D', 'E', 'F', 'G', 'H', 'I', 'K', 'L', 'M', 'N', 'O', 'P', 'Q', 'R', 'S', 'T', 'U', 'V', 'W', 'X', 'Y', 'Z', 'a', 'ampersand', 'b', 'c', 'colon', 'd', 'dollar', 'e', 'eight', 'equal', 'exclam', 'f', 'five', 'four', 'g', 'h', 'hyphen', 'i', 'j', 'k', 'l', 'm', 'n', 'nine', 'numbersign', 'o', 'one', 'p', 'parenleft', 'parenright', 'percent', 'period', 'periodcentered', 'plus', 'q', 'quotedbl', 'quotesingle', 'r', 's', 'seven', 'six', 'slash', 'space', 't', 'three', 'two', 'u', 'uni2605', 'uniBA58', 'uniBAA8', 'uniD140', 'v', 'w', 'x', 'y', 'zero']
2026-06-02 08:35:38,753 [INFO] fontTools.subset — Glyph IDs:   [0, 1, 2, 3, 4, 5, 6, 7, 8, 9, 11, 13, 14, 15, 16, 17, 18, 19, 20, 21, 22, 23, 24, 25, 26, 29, 33, 34, 35, 36, 37, 38, 39, 40, 41, 43, 44, 45, 46, 47, 48, 49, 50, 51, 52, 53, 54, 55, 56, 57, 58, 64, 65, 66, 67, 68, 69, 70, 71, 72, 73, 74, 75, 76, 77, 78, 79, 80, 81, 82, 83, 84, 85, 86, 87, 88, 99, 150, 1308, 1324, 2516, 13533]
2026-06-02 08:35:38,754 [INFO] fontTools.subset — Retaining 82 glyphs
2026-06-02 08:35:38,754 [INFO] fontTools.subset — head subsetting not needed
2026-06-02 08:35:38,754 [INFO] fontTools.subset — hhea subsetting not needed
2026-06-02 08:35:38,754 [INFO] fontTools.subset — maxp subsetting not needed
2026-06-02 08:35:38,754 [INFO] fontTools.subset — OS/2 subsetting not needed
2026-06-02 08:35:38,755 [INFO] fontTools.subset — hmtx subsetted
2026-06-02 08:35:38,756 [INFO] fontTools.subset — cmap subsetted
2026-06-02 08:35:38,756 [INFO] fontTools.subset — fpgm subsetting not needed
2026-06-02 08:35:38,756 [INFO] fontTools.subset — prep subsetting not needed
2026-06-02 08:35:38,756 [INFO] fontTools.subset — cvt  subsetting not needed
2026-06-02 08:35:38,756 [INFO] fontTools.subset — loca subsetting not needed
2026-06-02 08:35:38,756 [INFO] fontTools.subset — post subsetted
2026-06-02 08:35:38,756 [INFO] fontTools.subset — gasp subsetting not needed
2026-06-02 08:35:38,757 [INFO] fontTools.subset — name subsetting not needed
2026-06-02 08:35:38,759 [INFO] fontTools.subset — glyf subsetted
2026-06-02 08:35:38,759 [INFO] fontTools.subset — head pruned
2026-06-02 08:35:38,760 [INFO] fontTools.subset — OS/2 Unicode ranges pruned: [0, 1, 46, 56]
2026-06-02 08:35:38,760 [INFO] fontTools.subset — OS/2 CodePage ranges pruned: [0]
2026-06-02 08:35:38,760 [INFO] fontTools.subset — glyf pruned
2026-06-02 08:35:38,761 [INFO] fontTools.subset — name pruned
[Unified PT] PDF 리포트 생성 완료 (75,430 bytes)
[시장분석] 58개 종목 데이터 수집 중...
2026-06-02 08:35:45,173 [WARNING] data.fetch — [fetch_analyst_data] ELF: 'dict' object has no attribute 'empty'
2026-06-02 08:35:45,223 [WARNING] data.fetch — [fetch_analyst_data] V: 'dict' object has no attribute 'empty'
2026-06-02 08:35:45,238 [WARNING] data.fetch — [fetch_analyst_data] CCL: 'dict' object has no attribute 'empty'
2026-06-02 08:35:45,286 [WARNING] data.fetch — [fetch_analyst_data] TMHC: 'dict' object has no attribute 'empty'
2026-06-02 08:35:45,347 [WARNING] data.fetch — [fetch_analyst_data] JPM: 'dict' object has no attribute 'empty'
2026-06-02 08:35:51,574 [WARNING] data.fetch — [fetch_analyst_data] GPK: 'dict' object has no attribute 'empty'
2026-06-02 08:35:51,744 [WARNING] data.fetch — [fetch_analyst_data] FIG: 'dict' object has no attribute 'empty'
2026-06-02 08:35:51,797 [WARNING] data.fetch — [fetch_analyst_data] DIS: 'dict' object has no attribute 'empty'
2026-06-02 08:35:51,808 [WARNING] data.fetch — [fetch_analyst_data] META: 'dict' object has no attribute 'empty'
2026-06-02 08:35:51,828 [WARNING] data.fetch — [fetch_analyst_data] UPST: 'dict' object has no attribute 'empty'
2026-06-02 08:35:58,014 [WARNING] data.fetch — [fetch_analyst_data] ABBV: 'dict' object has no attribute 'empty'
2026-06-02 08:35:58,168 [WARNING] data.fetch — [fetch_analyst_data] IT: 'dict' object has no attribute 'empty'
2026-06-02 08:35:58,176 [WARNING] data.fetch — [fetch_analyst_data] PGY: 'dict' object has no attribute 'empty'
2026-06-02 08:35:58,236 [WARNING] data.fetch — [fetch_analyst_data] HOOD: 'dict' object has no attribute 'empty'
2026-06-02 08:35:58,326 [WARNING] data.fetch — [fetch_analyst_data] MRK: 'dict' object has no attribute 'empty'
2026-06-02 08:36:04,396 [WARNING] data.fetch — [fetch_analyst_data] ASAN: 'dict' object has no attribute 'empty'
2026-06-02 08:36:04,519 [WARNING] data.fetch — [fetch_analyst_data] PLTR: 'dict' object has no attribute 'empty'
2026-06-02 08:36:04,660 [WARNING] data.fetch — [fetch_analyst_data] HON: 'dict' object has no attribute 'empty'
2026-06-02 08:36:04,701 [WARNING] data.fetch — [fetch_analyst_data] ADBE: 'dict' object has no attribute 'empty'
2026-06-02 08:36:04,768 [WARNING] data.fetch — [fetch_analyst_data] MNDY: 'dict' object has no attribute 'empty'
2026-06-02 08:36:10,874 [WARNING] data.fetch — [fetch_analyst_data] SE: 'dict' object has no attribute 'empty'
2026-06-02 08:36:10,912 [WARNING] data.fetch — [fetch_analyst_data] RCL: 'dict' object has no attribute 'empty'
2026-06-02 08:36:11,085 [WARNING] data.fetch — [fetch_analyst_data] GE: 'dict' object has no attribute 'empty'
2026-06-02 08:36:11,234 [WARNING] data.fetch — [fetch_analyst_data] VST: 'dict' object has no attribute 'empty'
2026-06-02 08:36:11,266 [WARNING] data.fetch — [fetch_analyst_data] CRM: 'dict' object has no attribute 'empty'
2026-06-02 08:36:17,309 [WARNING] data.fetch — [fetch_analyst_data] NOW: 'dict' object has no attribute 'empty'
2026-06-02 08:36:17,364 [WARNING] data.fetch — [fetch_analyst_data] SPGI: 'dict' object has no attribute 'empty'
2026-06-02 08:36:17,536 [WARNING] data.fetch — [fetch_analyst_data] AI: 'dict' object has no attribute 'empty'
2026-06-02 08:36:17,615 [WARNING] data.fetch — [fetch_analyst_data] LAES: 'dict' object has no attribute 'empty'
2026-06-02 08:36:17,651 [WARNING] data.fetch — [fetch_analyst_data] KLAR: 'dict' object has no attribute 'empty'
2026-06-02 08:36:23,712 [WARNING] data.fetch — [fetch_analyst_data] WFC: 'dict' object has no attribute 'empty'
2026-06-02 08:36:23,862 [WARNING] data.fetch — [fetch_analyst_data] IBM: 'dict' object has no attribute 'empty'
2026-06-02 08:36:23,952 [WARNING] data.fetch — [fetch_analyst_data] HCC: 'dict' object has no attribute 'empty'
2026-06-02 08:36:24,072 [WARNING] data.fetch — [fetch_analyst_data] MASK: 'dict' object has no attribute 'empty'
2026-06-02 08:36:24,142 [WARNING] data.fetch — [fetch_analyst_data] SMR: 'dict' object has no attribute 'empty'
2026-06-02 08:36:30,155 [WARNING] data.fetch — [fetch_analyst_data] TMO: 'dict' object has no attribute 'empty'
2026-06-02 08:36:30,279 [WARNING] data.fetch — [fetch_analyst_data] MELI: 'dict' object has no attribute 'empty'
2026-06-02 08:36:30,495 [WARNING] data.fetch — [fetch_analyst_data] TRI: 'dict' object has no attribute 'empty'
2026-06-02 08:36:30,554 [WARNING] data.fetch — [fetch_analyst_data] BKNG: 'dict' object has no attribute 'empty'
2026-06-02 08:36:30,668 [WARNING] data.fetch — [fetch_analyst_data] EOSE: 'dict' object has no attribute 'empty'
2026-06-02 08:36:36,665 [WARNING] data.fetch — [fetch_analyst_data] ACN: 'dict' object has no attribute 'empty'
2026-06-02 08:36:36,688 [WARNING] data.fetch — [fetch_analyst_data] DHR: 'dict' object has no attribute 'empty'
2026-06-02 08:36:36,786 [WARNING] data.fetch — [fetch_analyst_data] FRMI: 'dict' object has no attribute 'empty'
2026-06-02 08:36:37,001 [WARNING] data.fetch — [fetch_analyst_data] FOUR: 'dict' object has no attribute 'empty'
2026-06-02 08:36:37,122 [WARNING] data.fetch — [fetch_analyst_data] ONDS: 'dict' object has no attribute 'empty'
2026-06-02 08:36:43,005 [WARNING] data.fetch — [fetch_analyst_data] TTD: 'dict' object has no attribute 'empty'
2026-06-02 08:36:43,113 [WARNING] data.fetch — [fetch_analyst_data] RYAN: 'dict' object has no attribute 'empty'
2026-06-02 08:36:43,144 [WARNING] data.fetch — [fetch_analyst_data] NKE: 'dict' object has no attribute 'empty'
2026-06-02 08:36:43,498 [WARNING] data.fetch — [fetch_analyst_data] SFM: 'dict' object has no attribute 'empty'
2026-06-02 08:36:43,521 [WARNING] data.fetch — [fetch_analyst_data] AVAV: 'dict' object has no attribute 'empty'
2026-06-02 08:36:49,407 [WARNING] data.fetch — [fetch_analyst_data] HPQ: 'dict' object has no attribute 'empty'
2026-06-02 08:36:49,434 [WARNING] data.fetch — [fetch_analyst_data] SLNH: 'dict' object has no attribute 'empty'
2026-06-02 08:36:49,665 [WARNING] data.fetch — [fetch_analyst_data] MSFT: 'dict' object has no attribute 'empty'
2026-06-02 08:36:49,891 [WARNING] data.fetch — [fetch_analyst_data] SNPS: 'dict' object has no attribute 'empty'
2026-06-02 08:36:50,209 [WARNING] data.fetch — [fetch_analyst_data] AXP: 'dict' object has no attribute 'empty'
2026-06-02 08:36:55,841 [WARNING] data.fetch — [fetch_analyst_data] GOOG: 'dict' object has no attribute 'empty'
2026-06-02 08:36:55,917 [WARNING] data.fetch — [fetch_analyst_data] CRCL: 'dict' object has no attribute 'empty'
2026-06-02 08:36:55,976 [WARNING] data.fetch — [fetch_analyst_data] GOOGL: 'dict' object has no attribute 'empty'
[시장분석] enrichment 완료
[Email] 페이퍼 트레이딩 알림 발송 완료 (PDF 첨부) (매도 1건, 매수 0건, 재평가 0건, 재평가실패 0건, 후보 0건) → chunghwan14@gmail.com, roykim0311@gmail.com, ssamjungtan@naver.com
============================================================
[Unified Paper Trading] 완료
============================================================
