============================================================
[Unified Paper Trading] SP500 + NASDAQ/NYSE 통합 실행 시작
============================================================
2026-09-06 08:04:45,541 [INFO] paper_trading.runner — [Runner] SP500 snapshot 로드: 128개 종목
[Unified PT] SP500 snapshot 로드: 128개 종목
2026-09-06 08:04:45,550 [INFO] paper_trading.runner — [Runner] NASDAQ snapshot 로드: 209개 종목
[Unified PT] NASDAQ snapshot 로드: 209개 종목
[Unified PT] 합산 완료: 326개 종목 (SP500 128 + NASDAQ 209개, 중복 제거 후)
[Unified PT] 골든크로스임박 종목: 42개
2026-09-06 08:04:46,246 [INFO] paper_trading.candidate_selector — [전략점수 분포] ~4.0: 105 | 4.0~5.0: 35 | 5.0~5.5: 38 | 5.5~6.0: 28 | 6.0+: 120
2026-09-06 08:04:46,264 [INFO] paper_trading.candidate_selector — [CandidateSelector] Regime=bull | Filtered=4/326 | Selected: FRO (CCS=0.5502)
2026-09-06 08:04:46,275 [INFO] paper_trading.engine — [PaperTrading] 교체 기준 미달 — 매수 안 함
[Unified PT] 매도=0 매수=0 보유=3종목
[Unified PT] 레짐=bull | 필터={'전략점수<6.0': 206, '바닥반등_52주과열': 1, '판단등급_미달': 105, '과열_차단': 3, '유동성_부족': 0, '어닝_임박': 0, '보유_중복': 2, '모멘텀_ADX부족': 4, '바닥_RSI데드존': 1, '섹터_집중': 0, '_통과': 4, '_전체': 326}
[Unified PT] 스킵 사유: 교체_미달
[Unified PT] Top5 후보:
  FRO    CCS=0.5502 전략=📈 모멘텀 섹터=Energy
  SNPS   CCS=0.5343 전략=📉 바닥반등 섹터=Technology
  FPS    CCS=0.4259 전략=📉 바닥반등 섹터=Industrials
2026-09-06 08:04:47,766 [INFO] paper_trading.sheet_sync — [SheetSync] 포지션현황 업데이트: 3개 종목
2026-09-06 08:04:48,990 [INFO] paper_trading.sheet_sync — [SheetSync] 성과요약 업데이트: 44건 거래
[Unified PT] 구글 시트 동기화 완료
[시장분석] 47개 종목 데이터 수집 중...
2026-09-06 08:04:55,281 [WARNING] data.fetch — [fetch_analyst_data] SNPS: 'dict' object has no attribute 'empty'
2026-09-06 08:04:55,296 [WARNING] data.fetch — [fetch_analyst_data] FPS: 'dict' object has no attribute 'empty'
2026-09-06 08:04:55,315 [WARNING] data.fetch — [fetch_analyst_data] FRO: 'dict' object has no attribute 'empty'
2026-09-06 08:04:55,334 [WARNING] data.fetch — [fetch_analyst_data] META: 'dict' object has no attribute 'empty'
2026-09-06 08:04:55,358 [WARNING] data.fetch — [fetch_analyst_data] SPGI: 'dict' object has no attribute 'empty'
2026-09-06 08:05:01,562 [WARNING] data.fetch — [fetch_analyst_data] MELI: 'dict' object has no attribute 'empty'
2026-09-06 08:05:01,581 [WARNING] data.fetch — [fetch_analyst_data] AXP: 'dict' object has no attribute 'empty'
2026-09-06 08:05:01,601 [WARNING] data.fetch — [fetch_analyst_data] UBER: 'dict' object has no attribute 'empty'
2026-09-06 08:05:01,602 [WARNING] data.fetch — [fetch_analyst_data] DIS: 'dict' object has no attribute 'empty'
2026-09-06 08:05:01,618 [WARNING] data.fetch — [fetch_analyst_data] ABT: 'dict' object has no attribute 'empty'
2026-09-06 08:05:07,844 [WARNING] data.fetch — [fetch_analyst_data] SYK: 'dict' object has no attribute 'empty'
2026-09-06 08:05:07,857 [WARNING] data.fetch — [fetch_analyst_data] NTLA: 'dict' object has no attribute 'empty'
2026-09-06 08:05:07,867 [WARNING] data.fetch — [fetch_analyst_data] SMR: 'dict' object has no attribute 'empty'
2026-09-06 08:05:07,889 [WARNING] data.fetch — [fetch_analyst_data] FMC: 'dict' object has no attribute 'empty'
2026-09-06 08:05:07,913 [WARNING] data.fetch — [fetch_analyst_data] ORCL: 'dict' object has no attribute 'empty'
2026-09-06 08:05:14,081 [WARNING] data.fetch — [fetch_analyst_data] FLUT: 'dict' object has no attribute 'empty'
2026-09-06 08:05:14,152 [WARNING] data.fetch — [fetch_analyst_data] METC: 'dict' object has no attribute 'empty'
2026-09-06 08:05:14,183 [WARNING] data.fetch — [fetch_analyst_data] IBM: 'dict' object has no attribute 'empty'
2026-09-06 08:05:14,195 [WARNING] data.fetch — [fetch_analyst_data] QCOM: 'dict' object has no attribute 'empty'
2026-09-06 08:05:14,199 [WARNING] data.fetch — [fetch_analyst_data] BTBT: 'dict' object has no attribute 'empty'
2026-09-06 08:05:20,337 [WARNING] data.fetch — [fetch_analyst_data] PODD: 'dict' object has no attribute 'empty'
2026-09-06 08:05:20,383 [WARNING] data.fetch — [fetch_analyst_data] SYM: 'dict' object has no attribute 'empty'
2026-09-06 08:05:20,407 [WARNING] data.fetch — [fetch_analyst_data] MARA: 'dict' object has no attribute 'empty'
2026-09-06 08:05:20,447 [WARNING] data.fetch — [fetch_analyst_data] LIF: 'dict' object has no attribute 'empty'
2026-09-06 08:05:20,487 [WARNING] data.fetch — [fetch_analyst_data] HIVE: 'dict' object has no attribute 'empty'
2026-09-06 08:05:26,648 [WARNING] data.fetch — [fetch_analyst_data] MDT: 'dict' object has no attribute 'empty'
2026-09-06 08:05:26,671 [WARNING] data.fetch — [fetch_analyst_data] FIG: 'dict' object has no attribute 'empty'
2026-09-06 08:05:26,737 [WARNING] data.fetch — [fetch_analyst_data] ADBE: 'dict' object has no attribute 'empty'
2026-09-06 08:05:26,799 [WARNING] data.fetch — [fetch_analyst_data] HD: 'dict' object has no attribute 'empty'
2026-09-06 08:05:26,810 [WARNING] data.fetch — [fetch_analyst_data] PG: 'dict' object has no attribute 'empty'
2026-09-06 08:05:32,896 [WARNING] data.fetch — [fetch_analyst_data] CRM: 'dict' object has no attribute 'empty'
2026-09-06 08:05:32,906 [WARNING] data.fetch — [fetch_analyst_data] WIX: 'dict' object has no attribute 'empty'
2026-09-06 08:05:32,996 [WARNING] data.fetch — [fetch_analyst_data] NOW: 'dict' object has no attribute 'empty'
2026-09-06 08:05:33,049 [WARNING] data.fetch — [fetch_analyst_data] CRE: 'dict' object has no attribute 'empty'
2026-09-06 08:05:33,093 [WARNING] data.fetch — [fetch_analyst_data] INSP: 'dict' object has no attribute 'empty'
2026-09-06 08:05:39,127 [WARNING] data.fetch — [fetch_analyst_data] COUR: 'dict' object has no attribute 'empty'
2026-09-06 08:05:39,142 [WARNING] data.fetch — [fetch_analyst_data] MNDY: 'dict' object has no attribute 'empty'
2026-09-06 08:05:39,236 [WARNING] data.fetch — [fetch_analyst_data] HUBS: 'dict' object has no attribute 'empty'
2026-09-06 08:05:39,281 [WARNING] data.fetch — [fetch_analyst_data] SMCI: 'dict' object has no attribute 'empty'
2026-09-06 08:05:39,370 [WARNING] data.fetch — [fetch_analyst_data] T: 'dict' object has no attribute 'empty'
2026-09-06 08:05:45,361 [WARNING] data.fetch — [fetch_analyst_data] COIN: 'dict' object has no attribute 'empty'
2026-09-06 08:05:45,375 [WARNING] data.fetch — [fetch_analyst_data] CEG: 'dict' object has no attribute 'empty'
2026-09-06 08:05:45,529 [WARNING] data.fetch — [fetch_analyst_data] DUOL: 'dict' object has no attribute 'empty'
2026-09-06 08:05:45,542 [WARNING] data.fetch — [fetch_analyst_data] PEP: 'dict' object has no attribute 'empty'
2026-09-06 08:05:45,651 [WARNING] data.fetch — [fetch_analyst_data] RZLV: 'dict' object has no attribute 'empty'
2026-09-06 08:05:51,643 [WARNING] data.fetch — [fetch_analyst_data] BAC: 'dict' object has no attribute 'empty'
2026-09-06 08:05:51,653 [WARNING] data.fetch — [fetch_analyst_data] DHT: 'dict' object has no attribute 'empty'
[시장분석] enrichment 완료
[Email] 페이퍼 트레이딩 알림 발송 완료 (매도 0건, 매수 0건, 재평가 0건, 재평가실패 0건, 후보 3건) → chunghwan14@gmail.com, roykim0311@gmail.com, ssamjungtan@naver.com
============================================================
[Unified Paper Trading] 완료
============================================================
