============================================================
[Unified Paper Trading] SP500 + NASDAQ/NYSE 통합 실행 시작
============================================================
2026-10-03 06:56:01,214 [INFO] paper_trading.runner — [Runner] SP500 snapshot 로드: 128개 종목
[Unified PT] SP500 snapshot 로드: 128개 종목
2026-10-03 06:56:01,225 [INFO] paper_trading.runner — [Runner] NASDAQ snapshot 로드: 231개 종목
[Unified PT] NASDAQ snapshot 로드: 231개 종목
[Unified PT] 합산 완료: 347개 종목 (SP500 128 + NASDAQ 231개, 중복 제거 후)
[Unified PT] 거래일(일봉 날짜): 2026-10-02
[Unified PT] 골든크로스임박 종목: 50개
2026-10-03 06:56:02,104 [INFO] paper_trading.engine — [PaperTrading] SELL MMYT @ 44.62 (트레일링(-7.7%))
2026-10-03 06:56:02,113 [INFO] paper_trading.candidate_selector — [전략점수 분포] ~4.0: 99 | 4.0~5.0: 25 | 5.0~5.5: 48 | 5.5~6.0: 42 | 6.0+: 133
2026-10-03 06:56:02,124 [INFO] paper_trading.candidate_selector — [CandidateSelector] Regime=bull | Filtered=3/347 | Selected: FIG (CCS=0.5123)
2026-10-03 06:56:02,130 [INFO] paper_trading.engine — [PaperTrading] BUY FIG @ 21.36 (CCS=0.5123, RSI=41, upside P50=+5% P75=+8%)
[Unified PT] 매도=1 매수=1 보유=3종목
[Unified PT] 레짐=bull | 필터={'전략점수<6.0': 214, '바닥반등_52주과열': 1, '판단등급_미달': 127, '과열_차단': 0, '유동성_부족': 0, '어닝_임박': 0, '보유_중복': 0, '모멘텀_ADX부족': 2, '바닥_RSI데드존': 0, '섹터_집중': 0, '_통과': 3, '_전체': 347}
[Unified PT] Top5 후보:
  FIG    CCS=0.5123 전략=📉 바닥반등 섹터=Technology
  DASH   CCS=0.5065 전략=📉 바닥반등 섹터=Consumer Cyclical
  FICO   CCS=0.4920 전략=📉 바닥반등 섹터=Technology
2026-10-03 06:56:03,184 [INFO] paper_trading.sheet_sync — [SheetSync] 거래로그 append: SELL MMYT
2026-10-03 06:56:04,074 [INFO] paper_trading.sheet_sync — [SheetSync] 거래로그 append: BUY FIG
2026-10-03 06:56:05,138 [INFO] paper_trading.sheet_sync — [SheetSync] 포지션현황 업데이트: 3개 종목
2026-10-03 06:56:06,121 [INFO] paper_trading.sheet_sync — [SheetSync] 성과요약 업데이트: 50건 거래
[Unified PT] 구글 시트 동기화 완료
2026-10-03 06:56:06,693 [INFO] matplotlib.font_manager — Failed to extract font properties from /usr/share/fonts/truetype/noto/NotoColorEmoji.ttf: Non-scalable fonts are not supported
2026-10-03 06:56:07,780 [INFO] matplotlib.font_manager — generated new fontManager
2026-10-03 06:56:08,601 [WARNING] fpdf.output — Font MPDFAA+NanumGothic is missing the following glyphs: '📉' (\U0001f4c9), '📈' (\U0001f4c8)
2026-10-03 06:56:08,619 [INFO] fontTools.subset — maxp pruned
2026-10-03 06:56:08,620 [INFO] fontTools.subset — cmap pruned
2026-10-03 06:56:08,620 [INFO] fontTools.subset — post pruned
2026-10-03 06:56:08,620 [INFO] fontTools.subset — DSIG dropped
2026-10-03 06:56:08,620 [INFO] fontTools.subset — GPOS dropped
2026-10-03 06:56:08,621 [INFO] fontTools.subset — GSUB dropped
2026-10-03 06:56:08,621 [INFO] fontTools.subset — glyf pruned
2026-10-03 06:56:08,622 [INFO] fontTools.subset — Added gid0 to subset
2026-10-03 06:56:08,622 [INFO] fontTools.subset — Added first four glyphs to subset
2026-10-03 06:56:08,622 [INFO] fontTools.subset — Closing glyph list over 'glyf': 96 glyphs before
2026-10-03 06:56:08,622 [INFO] fontTools.subset — Glyph names: ['.notdef', 'A', 'B', 'C', 'D', 'E', 'F', 'G', 'H', 'I', 'L', 'M', 'N', 'O', 'P', 'Q', 'R', 'S', 'T', 'U', 'V', 'W', 'Y', 'Z', 'a', 'arrowright', 'b', 'bar', 'c', 'colon', 'comma', 'copyright', 'd', 'dollar', 'e', 'eight', 'emdash', 'exclam', 'f', 'five', 'four', 'g', 'h', 'hyphen', 'i', 'k', 'l', 'm', 'n', 'nine', 'numbersign', 'o', 'one', 'p', 'parenleft', 'parenright', 'percent', 'period', 'periodcentered', 'plus', 'q', 'quotedbl', 'r', 's', 'seven', 'six', 'slash', 'space', 't', 'three', 'triagup', 'two', 'u', 'uniAC04', 'uniAD50', 'uniB2E5', 'uniB4F1', 'uniB808', 'uniB9C1', 'uniBA58', 'uniBAA8', 'uniBC14', 'uniBC18', 'uniC190', 'uniC2DC', 'uniC775', 'uniC77C', 'uniC808', 'uniCCB4', 'uniD140', 'uniD2B8', 'v', 'w', 'x', 'y', 'zero']
2026-10-03 06:56:08,622 [INFO] fontTools.subset — Glyph IDs:   [0, 1, 2, 3, 4, 5, 8, 9, 11, 12, 13, 14, 15, 16, 17, 18, 19, 20, 21, 22, 23, 24, 25, 26, 33, 34, 35, 36, 37, 38, 39, 40, 41, 44, 45, 46, 47, 48, 49, 50, 51, 52, 53, 54, 55, 57, 58, 64, 65, 66, 67, 68, 69, 70, 71, 72, 74, 75, 76, 77, 78, 79, 80, 81, 82, 83, 84, 85, 86, 87, 88, 91, 96, 99, 104, 159, 162, 497, 607, 928, 1042, 1177, 1267, 1310, 1326, 1397, 1401, 1675, 1751, 2043, 2045, 2091, 2308, 2518, 2576, 13296]
2026-10-03 06:56:08,622 [INFO] fontTools.subset — Closed glyph list over 'glyf': 96 glyphs after
2026-10-03 06:56:08,623 [INFO] fontTools.subset — Glyph names: ['.notdef', 'A', 'B', 'C', 'D', 'E', 'F', 'G', 'H', 'I', 'L', 'M', 'N', 'O', 'P', 'Q', 'R', 'S', 'T', 'U', 'V', 'W', 'Y', 'Z', 'a', 'arrowright', 'b', 'bar', 'c', 'colon', 'comma', 'copyright', 'd', 'dollar', 'e', 'eight', 'emdash', 'exclam', 'f', 'five', 'four', 'g', 'h', 'hyphen', 'i', 'k', 'l', 'm', 'n', 'nine', 'numbersign', 'o', 'one', 'p', 'parenleft', 'parenright', 'percent', 'period', 'periodcentered', 'plus', 'q', 'quotedbl', 'r', 's', 'seven', 'six', 'slash', 'space', 't', 'three', 'triagup', 'two', 'u', 'uniAC04', 'uniAD50', 'uniB2E5', 'uniB4F1', 'uniB808', 'uniB9C1', 'uniBA58', 'uniBAA8', 'uniBC14', 'uniBC18', 'uniC190', 'uniC2DC', 'uniC775', 'uniC77C', 'uniC808', 'uniCCB4', 'uniD140', 'uniD2B8', 'v', 'w', 'x', 'y', 'zero']
2026-10-03 06:56:08,623 [INFO] fontTools.subset — Glyph IDs:   [0, 1, 2, 3, 4, 5, 8, 9, 11, 12, 13, 14, 15, 16, 17, 18, 19, 20, 21, 22, 23, 24, 25, 26, 33, 34, 35, 36, 37, 38, 39, 40, 41, 44, 45, 46, 47, 48, 49, 50, 51, 52, 53, 54, 55, 57, 58, 64, 65, 66, 67, 68, 69, 70, 71, 72, 74, 75, 76, 77, 78, 79, 80, 81, 82, 83, 84, 85, 86, 87, 88, 91, 96, 99, 104, 159, 162, 497, 607, 928, 1042, 1177, 1267, 1310, 1326, 1397, 1401, 1675, 1751, 2043, 2045, 2091, 2308, 2518, 2576, 13296]
2026-10-03 06:56:08,623 [INFO] fontTools.subset — Retaining 96 glyphs
2026-10-03 06:56:08,624 [INFO] fontTools.subset — head subsetting not needed
2026-10-03 06:56:08,624 [INFO] fontTools.subset — hhea subsetting not needed
2026-10-03 06:56:08,624 [INFO] fontTools.subset — maxp subsetting not needed
2026-10-03 06:56:08,624 [INFO] fontTools.subset — OS/2 subsetting not needed
2026-10-03 06:56:08,624 [INFO] fontTools.subset — hmtx subsetted
2026-10-03 06:56:08,626 [INFO] fontTools.subset — cmap subsetted
2026-10-03 06:56:08,626 [INFO] fontTools.subset — fpgm subsetting not needed
2026-10-03 06:56:08,626 [INFO] fontTools.subset — prep subsetting not needed
2026-10-03 06:56:08,626 [INFO] fontTools.subset — cvt  subsetting not needed
2026-10-03 06:56:08,626 [INFO] fontTools.subset — loca subsetting not needed
2026-10-03 06:56:08,626 [INFO] fontTools.subset — post subsetted
2026-10-03 06:56:08,626 [INFO] fontTools.subset — gasp subsetting not needed
2026-10-03 06:56:08,626 [INFO] fontTools.subset — name subsetting not needed
2026-10-03 06:56:08,628 [INFO] fontTools.subset — glyf subsetted
2026-10-03 06:56:08,629 [INFO] fontTools.subset — head pruned
2026-10-03 06:56:08,629 [INFO] fontTools.subset — OS/2 Unicode ranges pruned: [0, 1, 31, 37, 45, 56]
2026-10-03 06:56:08,629 [INFO] fontTools.subset — OS/2 CodePage ranges pruned: [0]
2026-10-03 06:56:08,630 [INFO] fontTools.subset — glyf pruned
2026-10-03 06:56:08,631 [INFO] fontTools.subset — name pruned
2026-10-03 06:56:08,647 [WARNING] fpdf.output — Font MPDFAA+NanumGothicBold is missing the following glyphs: '📈' (\U0001f4c8), '📉' (\U0001f4c9)
2026-10-03 06:56:08,647 [INFO] fontTools.subset — maxp pruned
2026-10-03 06:56:08,648 [INFO] fontTools.subset — cmap pruned
2026-10-03 06:56:08,648 [INFO] fontTools.subset — post pruned
2026-10-03 06:56:08,648 [INFO] fontTools.subset — DSIG dropped
2026-10-03 06:56:08,648 [INFO] fontTools.subset — GPOS dropped
2026-10-03 06:56:08,648 [INFO] fontTools.subset — GSUB dropped
2026-10-03 06:56:08,648 [INFO] fontTools.subset — glyf pruned
2026-10-03 06:56:08,649 [INFO] fontTools.subset — Added gid0 to subset
2026-10-03 06:56:08,649 [INFO] fontTools.subset — Added first four glyphs to subset
2026-10-03 06:56:08,649 [INFO] fontTools.subset — Closing glyph list over 'glyf': 93 glyphs before
2026-10-03 06:56:08,649 [INFO] fontTools.subset — Glyph names: ['.notdef', 'A', 'B', 'C', 'D', 'E', 'F', 'G', 'H', 'I', 'J', 'K', 'L', 'M', 'N', 'O', 'P', 'Q', 'R', 'S', 'T', 'U', 'V', 'W', 'X', 'Y', 'Z', 'a', 'ampersand', 'b', 'c', 'colon', 'd', 'dollar', 'e', 'eight', 'emdash', 'equal', 'exclam', 'f', 'five', 'four', 'g', 'h', 'hyphen', 'i', 'j', 'k', 'l', 'm', 'n', 'nine', 'numbersign', 'o', 'one', 'p', 'parenleft', 'parenright', 'percent', 'period', 'periodcentered', 'plus', 'q', 'quotedbl', 'quotesingle', 'r', 's', 'seven', 'six', 'slash', 'space', 't', 'three', 'two', 'u', 'uni2605', 'uniACE8', 'uniB2E5', 'uniB4E0', 'uniB4F1', 'uniB85C', 'uniBA58', 'uniBAA8', 'uniBC14', 'uniBC18', 'uniC2A4', 'uniD06C', 'uniD140', 'v', 'w', 'x', 'y', 'zero']
2026-10-03 06:56:08,649 [INFO] fontTools.subset — Glyph IDs:   [0, 1, 2, 3, 4, 5, 6, 7, 8, 9, 11, 13, 14, 15, 16, 17, 18, 19, 20, 21, 22, 23, 24, 25, 26, 29, 33, 34, 35, 36, 37, 38, 39, 40, 41, 42, 43, 44, 45, 46, 47, 48, 49, 50, 51, 52, 53, 54, 55, 56, 57, 58, 64, 65, 66, 67, 68, 69, 70, 71, 72, 73, 74, 75, 76, 77, 78, 79, 80, 81, 82, 83, 84, 85, 86, 87, 88, 99, 104, 150, 573, 926, 1033, 1040, 1196, 1308, 1324, 1395, 1399, 1740, 2475, 2516, 13533]
2026-10-03 06:56:08,649 [INFO] fontTools.subset — Closed glyph list over 'glyf': 93 glyphs after
2026-10-03 06:56:08,649 [INFO] fontTools.subset — Glyph names: ['.notdef', 'A', 'B', 'C', 'D', 'E', 'F', 'G', 'H', 'I', 'J', 'K', 'L', 'M', 'N', 'O', 'P', 'Q', 'R', 'S', 'T', 'U', 'V', 'W', 'X', 'Y', 'Z', 'a', 'ampersand', 'b', 'c', 'colon', 'd', 'dollar', 'e', 'eight', 'emdash', 'equal', 'exclam', 'f', 'five', 'four', 'g', 'h', 'hyphen', 'i', 'j', 'k', 'l', 'm', 'n', 'nine', 'numbersign', 'o', 'one', 'p', 'parenleft', 'parenright', 'percent', 'period', 'periodcentered', 'plus', 'q', 'quotedbl', 'quotesingle', 'r', 's', 'seven', 'six', 'slash', 'space', 't', 'three', 'two', 'u', 'uni2605', 'uniACE8', 'uniB2E5', 'uniB4E0', 'uniB4F1', 'uniB85C', 'uniBA58', 'uniBAA8', 'uniBC14', 'uniBC18', 'uniC2A4', 'uniD06C', 'uniD140', 'v', 'w', 'x', 'y', 'zero']
2026-10-03 06:56:08,650 [INFO] fontTools.subset — Glyph IDs:   [0, 1, 2, 3, 4, 5, 6, 7, 8, 9, 11, 13, 14, 15, 16, 17, 18, 19, 20, 21, 22, 23, 24, 25, 26, 29, 33, 34, 35, 36, 37, 38, 39, 40, 41, 42, 43, 44, 45, 46, 47, 48, 49, 50, 51, 52, 53, 54, 55, 56, 57, 58, 64, 65, 66, 67, 68, 69, 70, 71, 72, 73, 74, 75, 76, 77, 78, 79, 80, 81, 82, 83, 84, 85, 86, 87, 88, 99, 104, 150, 573, 926, 1033, 1040, 1196, 1308, 1324, 1395, 1399, 1740, 2475, 2516, 13533]
2026-10-03 06:56:08,650 [INFO] fontTools.subset — Retaining 93 glyphs
2026-10-03 06:56:08,650 [INFO] fontTools.subset — head subsetting not needed
2026-10-03 06:56:08,650 [INFO] fontTools.subset — hhea subsetting not needed
2026-10-03 06:56:08,650 [INFO] fontTools.subset — maxp subsetting not needed
2026-10-03 06:56:08,650 [INFO] fontTools.subset — OS/2 subsetting not needed
2026-10-03 06:56:08,651 [INFO] fontTools.subset — hmtx subsetted
2026-10-03 06:56:08,652 [INFO] fontTools.subset — cmap subsetted
2026-10-03 06:56:08,652 [INFO] fontTools.subset — fpgm subsetting not needed
2026-10-03 06:56:08,652 [INFO] fontTools.subset — prep subsetting not needed
2026-10-03 06:56:08,652 [INFO] fontTools.subset — cvt  subsetting not needed
2026-10-03 06:56:08,652 [INFO] fontTools.subset — loca subsetting not needed
2026-10-03 06:56:08,652 [INFO] fontTools.subset — post subsetted
2026-10-03 06:56:08,652 [INFO] fontTools.subset — gasp subsetting not needed
2026-10-03 06:56:08,652 [INFO] fontTools.subset — name subsetting not needed
2026-10-03 06:56:08,654 [INFO] fontTools.subset — glyf subsetted
2026-10-03 06:56:08,655 [INFO] fontTools.subset — head pruned
2026-10-03 06:56:08,655 [INFO] fontTools.subset — OS/2 Unicode ranges pruned: [0, 1, 31, 46, 56]
2026-10-03 06:56:08,655 [INFO] fontTools.subset — OS/2 CodePage ranges pruned: [0]
2026-10-03 06:56:08,656 [INFO] fontTools.subset — glyf pruned
2026-10-03 06:56:08,656 [INFO] fontTools.subset — name pruned
[Unified PT] PDF 리포트 생성 완료 (143,646 bytes)
[시장분석] 54개 종목 데이터 수집 중...
[시장분석] enrichment 완료
[Email] 페이퍼 트레이딩 알림 발송 완료 (PDF 첨부) (매도 1건, 매수 1건, 재평가 0건, 재평가실패 0건, 후보 3건) → chunghwan14@gmail.com
============================================================
[Unified Paper Trading] 완료
============================================================
