============================================================
[Unified Paper Trading] SP500 + NASDAQ/NYSE 통합 실행 시작
============================================================
2026-09-10 08:04:09,407 [INFO] paper_trading.runner — [Runner] SP500 snapshot 로드: 128개 종목
[Unified PT] SP500 snapshot 로드: 128개 종목
2026-09-10 08:04:09,416 [INFO] paper_trading.runner — [Runner] NASDAQ snapshot 로드: 212개 종목
[Unified PT] NASDAQ snapshot 로드: 212개 종목
[Unified PT] 합산 완료: 332개 종목 (SP500 128 + NASDAQ 212개, 중복 제거 후)
[Unified PT] 골든크로스임박 종목: 39개
2026-09-10 08:04:10,133 [INFO] paper_trading.candidate_selector — [전략점수 분포] ~4.0: 135 | 4.0~5.0: 32 | 5.0~5.5: 23 | 5.5~6.0: 19 | 6.0+: 123
2026-09-10 08:04:10,149 [INFO] paper_trading.candidate_selector — [CandidateSelector] Regime=bull | Filtered=6/332 | Selected: OKTA (CCS=0.5424)
2026-09-10 08:04:10,161 [INFO] paper_trading.engine — [PaperTrading] 교체 기준 미달 — 매수 안 함
[Unified PT] 매도=0 매수=0 보유=3종목
[Unified PT] 레짐=bull | 필터={'전략점수<6.0': 209, '바닥반등_52주과열': 1, '판단등급_미달': 112, '과열_차단': 3, '유동성_부족': 0, '어닝_임박': 0, '보유_중복': 1, '모멘텀_ADX부족': 0, '바닥_RSI데드존': 0, '섹터_집중': 0, '_통과': 6, '_전체': 332}
[Unified PT] 스킵 사유: 교체_미달
[Unified PT] Top5 후보:
  OKTA   CCS=0.5424 전략=📈 모멘텀 섹터=Technology
  AMZN   CCS=0.5403 전략=📉 바닥반등 섹터=Consumer Cyclical
  SLB    CCS=0.5139 전략=📈 모멘텀 섹터=Energy
  PBR    CCS=0.5052 전략=📈 모멘텀 섹터=Energy
  FPS    CCS=0.4266 전략=📉 바닥반등 섹터=Industrials
2026-09-10 08:04:12,755 [INFO] paper_trading.sheet_sync — [SheetSync] 포지션현황 업데이트: 3개 종목
2026-09-10 08:04:20,127 [INFO] paper_trading.sheet_sync — [SheetSync] 성과요약 업데이트: 44건 거래
[Unified PT] 구글 시트 동기화 완료
[시장분석] 46개 종목 데이터 수집 중...
2026-09-10 08:04:26,607 [WARNING] data.fetch — [fetch_analyst_data] FPS: 'dict' object has no attribute 'empty'
2026-09-10 08:04:26,613 [WARNING] data.fetch — [fetch_analyst_data] OKTA: 'dict' object has no attribute 'empty'
2026-09-10 08:04:26,619 [WARNING] data.fetch — [fetch_analyst_data] AMZN: 'dict' object has no attribute 'empty'
2026-09-10 08:04:26,636 [WARNING] data.fetch — [fetch_analyst_data] PBR: 'dict' object has no attribute 'empty'
2026-09-10 08:04:26,659 [WARNING] data.fetch — [fetch_analyst_data] SLB: 'dict' object has no attribute 'empty'
2026-09-10 08:04:32,789 [WARNING] data.fetch — [fetch_analyst_data] MNDY: 'dict' object has no attribute 'empty'
2026-09-10 08:04:32,809 [WARNING] data.fetch — [fetch_analyst_data] ADBE: 'dict' object has no attribute 'empty'
2026-09-10 08:04:32,818 [WARNING] data.fetch — [fetch_analyst_data] MMYT: 'dict' object has no attribute 'empty'
2026-09-10 08:04:32,877 [WARNING] data.fetch — [fetch_analyst_data] SPGI: 'dict' object has no attribute 'empty'
2026-09-10 08:04:32,912 [WARNING] data.fetch — [fetch_analyst_data] DIS: 'dict' object has no attribute 'empty'
2026-09-10 08:04:38,987 [WARNING] data.fetch — [fetch_analyst_data] ZS: 'dict' object has no attribute 'empty'
2026-09-10 08:04:38,996 [WARNING] data.fetch — [fetch_analyst_data] FIG: 'dict' object has no attribute 'empty'
2026-09-10 08:04:39,053 [WARNING] data.fetch — [fetch_analyst_data] T: 'dict' object has no attribute 'empty'
2026-09-10 08:04:39,097 [WARNING] data.fetch — [fetch_analyst_data] MELI: 'dict' object has no attribute 'empty'
2026-09-10 08:04:39,121 [WARNING] data.fetch — [fetch_analyst_data] UBER: 'dict' object has no attribute 'empty'
2026-09-10 08:04:45,181 [WARNING] data.fetch — [fetch_analyst_data] META: 'dict' object has no attribute 'empty'
2026-09-10 08:04:45,213 [WARNING] data.fetch — [fetch_analyst_data] ABT: 'dict' object has no attribute 'empty'
2026-09-10 08:04:45,246 [WARNING] data.fetch — [fetch_analyst_data] COUR: 'dict' object has no attribute 'empty'
2026-09-10 08:04:45,298 [WARNING] data.fetch — [fetch_analyst_data] ASML: 'dict' object has no attribute 'empty'
2026-09-10 08:04:45,323 [WARNING] data.fetch — [fetch_analyst_data] ORCL: 'dict' object has no attribute 'empty'
2026-09-10 08:04:51,398 [WARNING] data.fetch — [fetch_analyst_data] SMR: 'dict' object has no attribute 'empty'
2026-09-10 08:04:51,407 [WARNING] data.fetch — [fetch_analyst_data] STX: 'dict' object has no attribute 'empty'
2026-09-10 08:04:51,420 [WARNING] data.fetch — [fetch_analyst_data] TSLA: 'dict' object has no attribute 'empty'
2026-09-10 08:04:51,476 [WARNING] data.fetch — [fetch_analyst_data] BTBT: 'dict' object has no attribute 'empty'
2026-09-10 08:04:51,559 [WARNING] data.fetch — [fetch_analyst_data] IBM: 'dict' object has no attribute 'empty'
2026-09-10 08:04:57,604 [WARNING] data.fetch — [fetch_analyst_data] SYM: 'dict' object has no attribute 'empty'
2026-09-10 08:04:57,623 [WARNING] data.fetch — [fetch_analyst_data] FMC: 'dict' object has no attribute 'empty'
2026-09-10 08:04:57,652 [WARNING] data.fetch — [fetch_analyst_data] QCOM: 'dict' object has no attribute 'empty'
2026-09-10 08:04:57,679 [WARNING] data.fetch — [fetch_analyst_data] INTC: 'dict' object has no attribute 'empty'
2026-09-10 08:04:57,813 [WARNING] data.fetch — [fetch_analyst_data] HIVE: 'dict' object has no attribute 'empty'
2026-09-10 08:05:03,828 [WARNING] data.fetch — [fetch_analyst_data] WDC: 'dict' object has no attribute 'empty'
2026-09-10 08:05:03,844 [WARNING] data.fetch — [fetch_analyst_data] BTDR: 'dict' object has no attribute 'empty'
2026-09-10 08:05:03,865 [WARNING] data.fetch — [fetch_analyst_data] RBLX: 'dict' object has no attribute 'empty'
2026-09-10 08:05:03,925 [WARNING] data.fetch — [fetch_analyst_data] GLW: 'dict' object has no attribute 'empty'
2026-09-10 08:05:04,056 [WARNING] data.fetch — [fetch_analyst_data] AXP: 'dict' object has no attribute 'empty'
2026-09-10 08:05:10,015 [WARNING] data.fetch — [fetch_analyst_data] INSP: 'dict' object has no attribute 'empty'
2026-09-10 08:05:10,032 [WARNING] data.fetch — [fetch_analyst_data] CRE: 'dict' object has no attribute 'empty'
2026-09-10 08:05:10,089 [WARNING] data.fetch — [fetch_analyst_data] CRM: 'dict' object has no attribute 'empty'
2026-09-10 08:05:10,194 [WARNING] data.fetch — [fetch_analyst_data] WIX: 'dict' object has no attribute 'empty'
2026-09-10 08:05:10,245 [WARNING] data.fetch — [fetch_analyst_data] BKNG: 'dict' object has no attribute 'empty'
2026-09-10 08:05:16,210 [WARNING] data.fetch — [fetch_analyst_data] HUBS: 'dict' object has no attribute 'empty'
2026-09-10 08:05:16,215 [WARNING] data.fetch — [fetch_analyst_data] TTAN: 'dict' object has no attribute 'empty'
2026-09-10 08:05:16,286 [WARNING] data.fetch — [fetch_analyst_data] GPK: 'dict' object has no attribute 'empty'
2026-09-10 08:05:16,496 [WARNING] data.fetch — [fetch_analyst_data] PEP: 'dict' object has no attribute 'empty'
2026-09-10 08:05:16,561 [WARNING] data.fetch — [fetch_analyst_data] BAC: 'dict' object has no attribute 'empty'
2026-09-10 08:05:22,414 [WARNING] data.fetch — [fetch_analyst_data] DHT: 'dict' object has no attribute 'empty'
[시장분석] enrichment 완료
[Email] 페이퍼 트레이딩 알림 발송 완료 (매도 0건, 매수 0건, 재평가 0건, 재평가실패 0건, 후보 5건) → chunghwan14@gmail.com, roykim0311@gmail.com, ssamjungtan@naver.com
============================================================
[Unified Paper Trading] 완료
============================================================
