============================================================
[Unified Paper Trading] SP500 + NASDAQ/NYSE 통합 실행 시작
============================================================
2026-08-16 05:25:56,394 [INFO] paper_trading.runner — [Runner] SP500 snapshot 로드: 129개 종목
[Unified PT] SP500 snapshot 로드: 129개 종목
2026-08-16 05:25:56,403 [INFO] paper_trading.runner — [Runner] NASDAQ snapshot 로드: 216개 종목
[Unified PT] NASDAQ snapshot 로드: 216개 종목
[Unified PT] 합산 완료: 336개 종목 (SP500 129 + NASDAQ 216개, 중복 제거 후)
[Unified PT] 골든크로스임박 종목: 59개
2026-08-16 05:25:57,177 [INFO] paper_trading.candidate_selector — [전략점수 분포] ~4.0: 102 | 4.0~5.0: 34 | 5.0~5.5: 23 | 5.5~6.0: 10 | 6.0+: 167
2026-08-16 05:25:57,190 [INFO] paper_trading.candidate_selector — [CandidateSelector] Regime=bull | Filtered=6/336 | Selected: CVS (CCS=0.5833)
2026-08-16 05:25:57,200 [INFO] paper_trading.engine — [PaperTrading] 교체 기준 미달 — 매수 안 함
[Unified PT] 매도=0 매수=0 보유=3종목
[Unified PT] 레짐=bull | 필터={'전략점수<6.0': 169, '바닥반등_52주과열': 1, '판단등급_미달': 155, '과열_차단': 1, '유동성_부족': 0, '어닝_임박': 0, '보유_중복': 0, '모멘텀_ADX부족': 3, '바닥_RSI데드존': 1, '섹터_집중': 0, '_통과': 6, '_전체': 336}
[Unified PT] 스킵 사유: 교체_미달
[Unified PT] Top5 후보:
  CVS    CCS=0.5833 전략=📈 모멘텀 섹터=Healthcare
  LIF    CCS=0.5291 전략=📉 바닥반등 섹터=Technology
  HIVE   CCS=0.5196 전략=📉 바닥반등 섹터=Financial Services
  SOC    CCS=0.4872 전략=📉 바닥반등 섹터=Energy
  MNST   CCS=0.4839 전략=📉 바닥반등 섹터=Consumer Defensive
2026-08-16 05:25:58,537 [INFO] paper_trading.sheet_sync — [SheetSync] 포지션현황 업데이트: 3개 종목
2026-08-16 05:25:59,768 [INFO] paper_trading.sheet_sync — [SheetSync] 성과요약 업데이트: 37건 거래
[Unified PT] 구글 시트 동기화 완료
[시장분석] 65개 종목 데이터 수집 중...
2026-08-16 05:26:06,315 [WARNING] data.fetch — [fetch_analyst_data] MNST: 'dict' object has no attribute 'empty'
2026-08-16 05:26:06,348 [WARNING] data.fetch — [fetch_analyst_data] HIVE: 'dict' object has no attribute 'empty'
2026-08-16 05:26:06,393 [WARNING] data.fetch — [fetch_analyst_data] CVS: 'dict' object has no attribute 'empty'
2026-08-16 05:26:06,398 [WARNING] data.fetch — [fetch_analyst_data] SOC: 'dict' object has no attribute 'empty'
2026-08-16 05:26:06,591 [WARNING] data.fetch — [fetch_analyst_data] LIF: 'dict' object has no attribute 'empty'
2026-08-16 05:26:12,700 [WARNING] data.fetch — [fetch_analyst_data] UBER: 'dict' object has no attribute 'empty'
2026-08-16 05:26:12,748 [WARNING] data.fetch — [fetch_analyst_data] SMCI: 'dict' object has no attribute 'empty'
2026-08-16 05:26:12,901 [WARNING] data.fetch — [fetch_analyst_data] HD: 'dict' object has no attribute 'empty'
2026-08-16 05:26:12,903 [WARNING] data.fetch — [fetch_analyst_data] PG: 'dict' object has no attribute 'empty'
2026-08-16 05:26:12,978 [WARNING] data.fetch — [fetch_analyst_data] CPHI: 'dict' object has no attribute 'empty'
2026-08-16 05:26:19,080 [WARNING] data.fetch — [fetch_analyst_data] DUOL: 'dict' object has no attribute 'empty'
2026-08-16 05:26:19,129 [WARNING] data.fetch — [fetch_analyst_data] MELI: 'dict' object has no attribute 'empty'
2026-08-16 05:26:19,318 [WARNING] data.fetch — [fetch_analyst_data] SYK: 'dict' object has no attribute 'empty'
2026-08-16 05:26:19,387 [WARNING] data.fetch — [fetch_analyst_data] DHR: 'dict' object has no attribute 'empty'
2026-08-16 05:26:19,398 [WARNING] data.fetch — [fetch_analyst_data] FISV: 'dict' object has no attribute 'empty'
2026-08-16 05:26:25,435 [WARNING] data.fetch — [fetch_analyst_data] BSX: 'dict' object has no attribute 'empty'
2026-08-16 05:26:25,502 [WARNING] data.fetch — [fetch_analyst_data] CEG: 'dict' object has no attribute 'empty'
2026-08-16 05:26:25,728 [WARNING] data.fetch — [fetch_analyst_data] COST: 'dict' object has no attribute 'empty'
2026-08-16 05:26:25,805 [WARNING] data.fetch — [fetch_analyst_data] SOUN: 'dict' object has no attribute 'empty'
2026-08-16 05:26:25,875 [WARNING] data.fetch — [fetch_analyst_data] MCD: 'dict' object has no attribute 'empty'
2026-08-16 05:26:31,820 [WARNING] data.fetch — [fetch_analyst_data] ADI: 'dict' object has no attribute 'empty'
2026-08-16 05:26:31,944 [WARNING] data.fetch — [fetch_analyst_data] PEP: 'dict' object has no attribute 'empty'
2026-08-16 05:26:32,161 [WARNING] data.fetch — [fetch_analyst_data] DIS: 'dict' object has no attribute 'empty'
2026-08-16 05:26:32,237 [WARNING] data.fetch — [fetch_analyst_data] ZG: 'dict' object has no attribute 'empty'
2026-08-16 05:26:32,351 [WARNING] data.fetch — [fetch_analyst_data] MPWR: 'dict' object has no attribute 'empty'
2026-08-16 05:26:38,215 [WARNING] data.fetch — [fetch_analyst_data] CMCSA: 'dict' object has no attribute 'empty'
2026-08-16 05:26:38,290 [WARNING] data.fetch — [fetch_analyst_data] TMUS: 'dict' object has no attribute 'empty'
2026-08-16 05:26:38,580 [WARNING] data.fetch — [fetch_analyst_data] TER: 'dict' object has no attribute 'empty'
2026-08-16 05:26:38,638 [WARNING] data.fetch — [fetch_analyst_data] WMT: 'dict' object has no attribute 'empty'
2026-08-16 05:26:38,833 [WARNING] data.fetch — [fetch_analyst_data] KTOS: 'dict' object has no attribute 'empty'
2026-08-16 05:26:44,528 [WARNING] data.fetch — [fetch_analyst_data] Z: 'dict' object has no attribute 'empty'
2026-08-16 05:26:44,684 [WARNING] data.fetch — [fetch_analyst_data] INTU: 'dict' object has no attribute 'empty'
2026-08-16 05:26:44,916 [WARNING] data.fetch — [fetch_analyst_data] PEGA: 'dict' object has no attribute 'empty'
2026-08-16 05:26:45,023 [WARNING] data.fetch — [fetch_analyst_data] HTFL: 'dict' object has no attribute 'empty'
2026-08-16 05:26:45,172 [WARNING] data.fetch — [fetch_analyst_data] AVAV: 'dict' object has no attribute 'empty'
2026-08-16 05:26:50,914 [WARNING] data.fetch — [fetch_analyst_data] CSGP: 'dict' object has no attribute 'empty'
2026-08-16 05:26:51,002 [WARNING] data.fetch — [fetch_analyst_data] RGTI: 'dict' object has no attribute 'empty'
2026-08-16 05:26:51,237 [WARNING] data.fetch — [fetch_analyst_data] NBIS: 'dict' object has no attribute 'empty'
2026-08-16 05:26:51,356 [WARNING] data.fetch — [fetch_analyst_data] NFLX: 'dict' object has no attribute 'empty'
2026-08-16 05:26:51,496 [WARNING] data.fetch — [fetch_analyst_data] QUBT: 'dict' object has no attribute 'empty'
2026-08-16 05:26:57,302 [WARNING] data.fetch — [fetch_analyst_data] QBTS: 'dict' object has no attribute 'empty'
2026-08-16 05:26:57,340 [WARNING] data.fetch — [fetch_analyst_data] ISRG: 'dict' object has no attribute 'empty'
2026-08-16 05:26:57,699 [WARNING] data.fetch — [fetch_analyst_data] NEM: 'dict' object has no attribute 'empty'
2026-08-16 05:26:57,732 [WARNING] data.fetch — [fetch_analyst_data] FIGR: 'dict' object has no attribute 'empty'
2026-08-16 05:26:57,801 [WARNING] data.fetch — [fetch_analyst_data] ACHR: 'dict' object has no attribute 'empty'
2026-08-16 05:27:03,688 [WARNING] data.fetch — [fetch_analyst_data] SYM: 'dict' object has no attribute 'empty'
2026-08-16 05:27:03,722 [WARNING] data.fetch — [fetch_analyst_data] IBM: 'dict' object has no attribute 'empty'
2026-08-16 05:27:04,102 [WARNING] data.fetch — [fetch_analyst_data] HYMC: 'dict' object has no attribute 'empty'
2026-08-16 05:27:04,116 [WARNING] data.fetch — [fetch_analyst_data] MCHP: 'dict' object has no attribute 'empty'
2026-08-16 05:27:04,164 [WARNING] data.fetch — [fetch_analyst_data] HP: 'dict' object has no attribute 'empty'
2026-08-16 05:27:10,059 [WARNING] data.fetch — [fetch_analyst_data] LAES: 'dict' object has no attribute 'empty'
2026-08-16 05:27:10,122 [WARNING] data.fetch — [fetch_analyst_data] ORCL: 'dict' object has no attribute 'empty'
2026-08-16 05:27:10,552 [WARNING] data.fetch — [fetch_analyst_data] BKNG: 'dict' object has no attribute 'empty'
2026-08-16 05:27:10,553 [WARNING] data.fetch — [fetch_analyst_data] BTDR: 'dict' object has no attribute 'empty'
2026-08-16 05:27:10,558 [WARNING] data.fetch — [fetch_analyst_data] WDAY: 'dict' object has no attribute 'empty'
2026-08-16 05:27:16,465 [WARNING] data.fetch — [fetch_analyst_data] LRN: 'dict' object has no attribute 'empty'
2026-08-16 05:27:16,515 [WARNING] data.fetch — [fetch_analyst_data] DASH: 'dict' object has no attribute 'empty'
2026-08-16 05:27:16,974 [WARNING] data.fetch — [fetch_analyst_data] MSFT: 'dict' object has no attribute 'empty'
2026-08-16 05:27:17,003 [WARNING] data.fetch — [fetch_analyst_data] CHYM: 'dict' object has no attribute 'empty'
2026-08-16 05:27:17,027 [WARNING] data.fetch — [fetch_analyst_data] KLAR: 'dict' object has no attribute 'empty'
2026-08-16 05:27:22,935 [WARNING] data.fetch — [fetch_analyst_data] SPGI: 'dict' object has no attribute 'empty'
2026-08-16 05:27:22,976 [WARNING] data.fetch — [fetch_analyst_data] ABT: 'dict' object has no attribute 'empty'
2026-08-16 05:27:23,319 [WARNING] data.fetch — [fetch_analyst_data] PGY: 'dict' object has no attribute 'empty'
2026-08-16 05:27:23,392 [WARNING] data.fetch — [fetch_analyst_data] ARWR: 'dict' object has no attribute 'empty'
2026-08-16 05:27:23,396 [WARNING] data.fetch — [fetch_analyst_data] META: 'dict' object has no attribute 'empty'
[시장분석] enrichment 완료
[Email] 페이퍼 트레이딩 알림 발송 완료 (매도 0건, 매수 0건, 재평가 0건, 재평가실패 0건, 후보 5건) → chunghwan14@gmail.com, roykim0311@gmail.com, ssamjungtan@naver.com
============================================================
[Unified Paper Trading] 완료
============================================================
