============================================================
[Unified Paper Trading] SP500 + NASDAQ/NYSE 통합 실행 시작
============================================================
2026-07-29 06:59:21,976 [INFO] paper_trading.runner — [Runner] SP500 snapshot 로드: 129개 종목
[Unified PT] SP500 snapshot 로드: 129개 종목
2026-07-29 06:59:21,985 [INFO] paper_trading.runner — [Runner] NASDAQ snapshot 로드: 209개 종목
[Unified PT] NASDAQ snapshot 로드: 209개 종목
[Unified PT] 합산 완료: 330개 종목 (SP500 129 + NASDAQ 209개, 중복 제거 후)
[Unified PT] 골든크로스임박 종목: 59개
2026-07-29 06:59:23,089 [INFO] paper_trading.candidate_selector — [전략점수 분포] ~4.0: 127 | 4.0~5.0: 26 | 5.0~5.5: 25 | 5.5~6.0: 25 | 6.0+: 127
2026-07-29 06:59:23,102 [INFO] paper_trading.candidate_selector — [CandidateSelector] Regime=bull | Filtered=5/330 | Selected: PLUG (CCS=0.5299)
2026-07-29 06:59:23,113 [INFO] paper_trading.engine — [PaperTrading] 교체 기준 미달 — 매수 안 함
[Unified PT] 매도=0 매수=0 보유=3종목
[Unified PT] 레짐=bull | 필터={'전략점수<6.0': 203, '바닥반등_52주과열': 0, '판단등급_미달': 114, '과열_차단': 2, '유동성_부족': 0, '어닝_임박': 0, '보유_중복': 0, '모멘텀_ADX부족': 2, '바닥_RSI데드존': 1, '섹터_집중': 3, '_통과': 5, '_전체': 330}
[Unified PT] 스킵 사유: 교체_미달
[Unified PT] Top5 후보:
  PLUG   CCS=0.5299 전략=📉 바닥반등 섹터=Industrials
  SG     CCS=0.4593 전략=📉 바닥반등 섹터=Consumer Cyclical
  ARRY   CCS=0.4388 전략=📉 바닥반등 섹터=Technology
2026-07-29 06:59:24,416 [INFO] paper_trading.sheet_sync — [SheetSync] 포지션현황 업데이트: 3개 종목
2026-07-29 06:59:25,624 [INFO] paper_trading.sheet_sync — [SheetSync] 성과요약 업데이트: 32건 거래
[Unified PT] 구글 시트 동기화 완료
[시장분석] 65개 종목 데이터 수집 중...
2026-07-29 06:59:32,396 [WARNING] data.fetch — [fetch_analyst_data] SG: 'dict' object has no attribute 'empty'
2026-07-29 06:59:32,456 [WARNING] data.fetch — [fetch_analyst_data] SMCI: 'dict' object has no attribute 'empty'
2026-07-29 06:59:32,525 [WARNING] data.fetch — [fetch_analyst_data] ARRY: 'dict' object has no attribute 'empty'
2026-07-29 06:59:32,530 [WARNING] data.fetch — [fetch_analyst_data] PLUG: 'dict' object has no attribute 'empty'
2026-07-29 06:59:32,539 [WARNING] data.fetch — [fetch_analyst_data] SHW: 'dict' object has no attribute 'empty'
2026-07-29 06:59:39,033 [WARNING] data.fetch — [fetch_analyst_data] IBM: 'dict' object has no attribute 'empty'
2026-07-29 06:59:39,168 [WARNING] data.fetch — [fetch_analyst_data] MA: 'dict' object has no attribute 'empty'
2026-07-29 06:59:39,250 [WARNING] data.fetch — [fetch_analyst_data] BKNG: 'dict' object has no attribute 'empty'
2026-07-29 06:59:39,296 [WARNING] data.fetch — [fetch_analyst_data] UTZ: 'dict' object has no attribute 'empty'
2026-07-29 06:59:39,369 [WARNING] data.fetch — [fetch_analyst_data] HD: 'dict' object has no attribute 'empty'
2026-07-29 06:59:45,461 [WARNING] data.fetch — [fetch_analyst_data] SFM: 'dict' object has no attribute 'empty'
2026-07-29 06:59:45,742 [WARNING] data.fetch — [fetch_analyst_data] KHC: 'dict' object has no attribute 'empty'
2026-07-29 06:59:45,989 [WARNING] data.fetch — [fetch_analyst_data] NEE: 'dict' object has no attribute 'empty'
2026-07-29 06:59:45,991 [WARNING] data.fetch — [fetch_analyst_data] GM: 'dict' object has no attribute 'empty'
2026-07-29 06:59:46,054 [WARNING] data.fetch — [fetch_analyst_data] VZ: 'dict' object has no attribute 'empty'
2026-07-29 06:59:51,978 [WARNING] data.fetch — [fetch_analyst_data] HON: 'dict' object has no attribute 'empty'
2026-07-29 06:59:52,382 [WARNING] data.fetch — [fetch_analyst_data] HUBS: 'dict' object has no attribute 'empty'
2026-07-29 06:59:52,668 [WARNING] data.fetch — [fetch_analyst_data] XOM: 'dict' object has no attribute 'empty'
2026-07-29 06:59:52,703 [WARNING] data.fetch — [fetch_analyst_data] PFE: 'dict' object has no attribute 'empty'
2026-07-29 06:59:52,855 [WARNING] data.fetch — [fetch_analyst_data] CVX: 'dict' object has no attribute 'empty'
2026-07-29 06:59:58,422 [WARNING] data.fetch — [fetch_analyst_data] ADBE: 'dict' object has no attribute 'empty'
2026-07-29 06:59:58,883 [WARNING] data.fetch — [fetch_analyst_data] LCID: 'dict' object has no attribute 'empty'
2026-07-29 06:59:59,179 [WARNING] data.fetch — [fetch_analyst_data] ORLY: 'dict' object has no attribute 'empty'
2026-07-29 06:59:59,363 [WARNING] data.fetch — [fetch_analyst_data] SBET: 'dict' object has no attribute 'empty'
2026-07-29 06:59:59,581 [WARNING] data.fetch — [fetch_analyst_data] MSFT: 'dict' object has no attribute 'empty'
2026-07-29 07:00:05,034 [WARNING] data.fetch — [fetch_analyst_data] T: 'dict' object has no attribute 'empty'
2026-07-29 07:00:05,372 [WARNING] data.fetch — [fetch_analyst_data] CRM: 'dict' object has no attribute 'empty'
2026-07-29 07:00:05,779 [WARNING] data.fetch — [fetch_analyst_data] DIS: 'dict' object has no attribute 'empty'
2026-07-29 07:00:06,063 [WARNING] data.fetch — [fetch_analyst_data] COST: 'dict' object has no attribute 'empty'
2026-07-29 07:00:06,179 [WARNING] data.fetch — [fetch_analyst_data] TME: 'dict' object has no attribute 'empty'
2026-07-29 07:00:11,507 [WARNING] data.fetch — [fetch_analyst_data] DRS: 'dict' object has no attribute 'empty'
2026-07-29 07:00:12,082 [WARNING] data.fetch — [fetch_analyst_data] NKE: 'dict' object has no attribute 'empty'
2026-07-29 07:00:12,365 [WARNING] data.fetch — [fetch_analyst_data] PEP: 'dict' object has no attribute 'empty'
2026-07-29 07:00:12,714 [WARNING] data.fetch — [fetch_analyst_data] FISV: 'dict' object has no attribute 'empty'
2026-07-29 07:00:12,868 [WARNING] data.fetch — [fetch_analyst_data] CMCSA: 'dict' object has no attribute 'empty'
2026-07-29 07:00:18,048 [WARNING] data.fetch — [fetch_analyst_data] CME: 'dict' object has no attribute 'empty'
2026-07-29 07:00:18,659 [WARNING] data.fetch — [fetch_analyst_data] PLNT: 'dict' object has no attribute 'empty'
2026-07-29 07:00:18,934 [WARNING] data.fetch — [fetch_analyst_data] STAK: 'dict' object has no attribute 'empty'
2026-07-29 07:00:19,390 [WARNING] data.fetch — [fetch_analyst_data] COIN: 'dict' object has no attribute 'empty'
2026-07-29 07:00:19,665 [WARNING] data.fetch — [fetch_analyst_data] IT: 'dict' object has no attribute 'empty'
2026-07-29 07:00:24,657 [WARNING] data.fetch — [fetch_analyst_data] WMT: 'dict' object has no attribute 'empty'
2026-07-29 07:00:25,185 [WARNING] data.fetch — [fetch_analyst_data] CNXC: 'dict' object has no attribute 'empty'
2026-07-29 07:00:25,567 [WARNING] data.fetch — [fetch_analyst_data] LEU: 'dict' object has no attribute 'empty'
2026-07-29 07:00:25,980 [WARNING] data.fetch — [fetch_analyst_data] BMNR: 'dict' object has no attribute 'empty'
2026-07-29 07:00:26,412 [WARNING] data.fetch — [fetch_analyst_data] TMDX: 'dict' object has no attribute 'empty'
2026-07-29 07:00:31,181 [WARNING] data.fetch — [fetch_analyst_data] WIX: 'dict' object has no attribute 'empty'
2026-07-29 07:00:31,751 [WARNING] data.fetch — [fetch_analyst_data] CRWV: 'dict' object has no attribute 'empty'
2026-07-29 07:00:32,172 [WARNING] data.fetch — [fetch_analyst_data] PG: 'dict' object has no attribute 'empty'
2026-07-29 07:00:32,541 [WARNING] data.fetch — [fetch_analyst_data] RZLV: 'dict' object has no attribute 'empty'
2026-07-29 07:00:32,917 [WARNING] data.fetch — [fetch_analyst_data] APP: 'dict' object has no attribute 'empty'
2026-07-29 07:00:37,929 [WARNING] data.fetch — [fetch_analyst_data] CLRO: 'dict' object has no attribute 'empty'
2026-07-29 07:00:38,442 [WARNING] data.fetch — [fetch_analyst_data] HIMS: 'dict' object has no attribute 'empty'
2026-07-29 07:00:38,822 [WARNING] data.fetch — [fetch_analyst_data] HOOD: 'dict' object has no attribute 'empty'
2026-07-29 07:00:39,156 [WARNING] data.fetch — [fetch_analyst_data] IREN: 'dict' object has no attribute 'empty'
2026-07-29 07:00:39,420 [WARNING] data.fetch — [fetch_analyst_data] QBTS: 'dict' object has no attribute 'empty'
2026-07-29 07:00:44,461 [WARNING] data.fetch — [fetch_analyst_data] QUBT: 'dict' object has no attribute 'empty'
2026-07-29 07:00:45,086 [WARNING] data.fetch — [fetch_analyst_data] COF: 'dict' object has no attribute 'empty'
2026-07-29 07:00:45,380 [WARNING] data.fetch — [fetch_analyst_data] STUB: 'dict' object has no attribute 'empty'
2026-07-29 07:00:45,728 [WARNING] data.fetch — [fetch_analyst_data] BULL: 'dict' object has no attribute 'empty'
2026-07-29 07:00:46,109 [WARNING] data.fetch — [fetch_analyst_data] META: 'dict' object has no attribute 'empty'
2026-07-29 07:00:50,995 [WARNING] data.fetch — [fetch_analyst_data] AMZN: 'dict' object has no attribute 'empty'
2026-07-29 07:00:51,696 [WARNING] data.fetch — [fetch_analyst_data] SPGI: 'dict' object has no attribute 'empty'
2026-07-29 07:00:51,882 [WARNING] data.fetch — [fetch_analyst_data] CDNS: 'dict' object has no attribute 'empty'
2026-07-29 07:00:52,273 [WARNING] data.fetch — [fetch_analyst_data] UUUU: 'dict' object has no attribute 'empty'
2026-07-29 07:00:52,654 [WARNING] data.fetch — [fetch_analyst_data] PARR: 'dict' object has no attribute 'empty'
[시장분석] enrichment 완료
[Email] 페이퍼 트레이딩 알림 발송 완료 (매도 0건, 매수 0건, 재평가 0건, 재평가실패 0건, 후보 3건) → chunghwan14@gmail.com, roykim0311@gmail.com, ssamjungtan@naver.com
============================================================
[Unified Paper Trading] 완료
============================================================
