============================================================
[Unified Paper Trading] SP500 + NASDAQ/NYSE 통합 실행 시작
============================================================
2026-07-14 06:31:16,273 [INFO] paper_trading.runner — [Runner] SP500 snapshot 로드: 129개 종목
[Unified PT] SP500 snapshot 로드: 129개 종목
2026-07-14 06:31:16,278 [INFO] paper_trading.runner — [Runner] NASDAQ snapshot 로드: 211개 종목
[Unified PT] NASDAQ snapshot 로드: 211개 종목
[Unified PT] 합산 완료: 334개 종목 (SP500 129 + NASDAQ 211개, 중복 제거 후)
[Unified PT] 골든크로스임박 종목: 54개
2026-07-14 06:31:17,335 [INFO] paper_trading.engine — [PaperTrading] SELL QBTS @ 18.66 (손절(-11.8%))
2026-07-14 06:31:17,338 [INFO] paper_trading.candidate_selector — [전략점수 분포] ~4.0: 129 | 4.0~5.0: 32 | 5.0~5.5: 23 | 5.5~6.0: 25 | 6.0+: 125
2026-07-14 06:31:17,347 [INFO] paper_trading.candidate_selector — [CandidateSelector] Regime=bull | Filtered=2/334 | Selected: APP (CCS=0.6948)
2026-07-14 06:31:17,352 [INFO] paper_trading.engine — [PaperTrading] BUY APP @ 442.85 (CCS=0.6948, RSI=38, upside P50=+5% P75=+8%)
[Unified PT] 매도=1 매수=1 보유=3종목
[Unified PT] 레짐=bull | 필터={'전략점수<6.0': 209, '바닥반등_52주과열': 0, '판단등급_미달': 122, '과열_차단': 1, '유동성_부족': 0, '어닝_임박': 0, '보유_중복': 0, '모멘텀_ADX부족': 0, '바닥_RSI데드존': 0, '섹터_집중': 0, '_통과': 2, '_전체': 334}
[Unified PT] Top5 후보:
  APP    CCS=0.6948 전략=📉 바닥반등 섹터=Communication Services
2026-07-14 06:31:18,606 [INFO] paper_trading.sheet_sync — [SheetSync] 거래로그 append: SELL QBTS
2026-07-14 06:31:19,969 [INFO] paper_trading.sheet_sync — [SheetSync] 거래로그 append: BUY APP
2026-07-14 06:31:21,187 [INFO] paper_trading.sheet_sync — [SheetSync] 포지션현황 업데이트: 3개 종목
2026-07-14 06:31:22,292 [INFO] paper_trading.sheet_sync — [SheetSync] 성과요약 업데이트: 28건 거래
[Unified PT] 구글 시트 동기화 완료
2026-07-14 06:31:22,573 [INFO] matplotlib.font_manager — Failed to extract font properties from /usr/share/fonts/truetype/noto/NotoColorEmoji.ttf: Non-scalable fonts are not supported
2026-07-14 06:31:22,584 [INFO] matplotlib.font_manager — generated new fontManager
2026-07-14 06:31:23,370 [WARNING] fpdf.output — Font MPDFAA+NanumGothic is missing the following glyphs: '📉' (\U0001f4c9), '📈' (\U0001f4c8)
2026-07-14 06:31:23,380 [INFO] fontTools.subset — maxp pruned
2026-07-14 06:31:23,380 [INFO] fontTools.subset — cmap pruned
2026-07-14 06:31:23,380 [INFO] fontTools.subset — post pruned
2026-07-14 06:31:23,381 [INFO] fontTools.subset — DSIG dropped
2026-07-14 06:31:23,381 [INFO] fontTools.subset — GPOS dropped
2026-07-14 06:31:23,381 [INFO] fontTools.subset — GSUB dropped
2026-07-14 06:31:23,381 [INFO] fontTools.subset — glyf pruned
2026-07-14 06:31:23,382 [INFO] fontTools.subset — Added gid0 to subset
2026-07-14 06:31:23,382 [INFO] fontTools.subset — Added first four glyphs to subset
2026-07-14 06:31:23,382 [INFO] fontTools.subset — Closing glyph list over 'glyf': 102 glyphs before
2026-07-14 06:31:23,382 [INFO] fontTools.subset — Glyph names: ['.notdef', 'A', 'B', 'C', 'D', 'E', 'F', 'G', 'H', 'I', 'L', 'M', 'N', 'O', 'P', 'Q', 'R', 'S', 'T', 'U', 'V', 'W', 'Y', 'a', 'arrowright', 'b', 'bar', 'c', 'colon', 'comma', 'copyright', 'd', 'dollar', 'e', 'eight', 'emdash', 'exclam', 'f', 'five', 'four', 'g', 'h', 'hyphen', 'i', 'k', 'l', 'm', 'n', 'nine', 'numbersign', 'o', 'one', 'p', 'parenleft', 'parenright', 'percent', 'period', 'periodcentered', 'plus', 'q', 'quotedbl', 'r', 's', 'seven', 'six', 'slash', 'space', 't', 'three', 'triagup', 'two', 'u', 'uniAC00', 'uniAC04', 'uniAD50', 'uniAE30', 'uniB2E5', 'uniB4F1', 'uniB808', 'uniB9C1', 'uniBA58', 'uniBAA8', 'uniBAA9', 'uniBC14', 'uniBC18', 'uniBCF4', 'uniC190', 'uniC2DC', 'uniC720', 'uniC775', 'uniC77C', 'uniC7A5', 'uniC808', 'uniCCB4', 'uniD140', 'uniD2B8', 'uniD45C', 'v', 'w', 'x', 'y', 'zero']
2026-07-14 06:31:23,383 [INFO] fontTools.subset — Glyph IDs:   [0, 1, 2, 3, 4, 5, 8, 9, 11, 12, 13, 14, 15, 16, 17, 18, 19, 20, 21, 22, 23, 24, 25, 26, 33, 34, 35, 36, 37, 38, 39, 40, 41, 44, 45, 46, 47, 48, 49, 50, 51, 52, 53, 54, 55, 57, 64, 65, 66, 67, 68, 69, 70, 71, 72, 74, 75, 76, 77, 78, 79, 80, 81, 82, 83, 84, 85, 86, 87, 88, 91, 96, 99, 104, 159, 162, 495, 497, 607, 654, 928, 1042, 1177, 1267, 1310, 1326, 1327, 1397, 1401, 1458, 1675, 1751, 2013, 2043, 2045, 2067, 2091, 2308, 2518, 2576, 2661, 13296]
2026-07-14 06:31:23,383 [INFO] fontTools.subset — Closed glyph list over 'glyf': 102 glyphs after
2026-07-14 06:31:23,383 [INFO] fontTools.subset — Glyph names: ['.notdef', 'A', 'B', 'C', 'D', 'E', 'F', 'G', 'H', 'I', 'L', 'M', 'N', 'O', 'P', 'Q', 'R', 'S', 'T', 'U', 'V', 'W', 'Y', 'a', 'arrowright', 'b', 'bar', 'c', 'colon', 'comma', 'copyright', 'd', 'dollar', 'e', 'eight', 'emdash', 'exclam', 'f', 'five', 'four', 'g', 'h', 'hyphen', 'i', 'k', 'l', 'm', 'n', 'nine', 'numbersign', 'o', 'one', 'p', 'parenleft', 'parenright', 'percent', 'period', 'periodcentered', 'plus', 'q', 'quotedbl', 'r', 's', 'seven', 'six', 'slash', 'space', 't', 'three', 'triagup', 'two', 'u', 'uniAC00', 'uniAC04', 'uniAD50', 'uniAE30', 'uniB2E5', 'uniB4F1', 'uniB808', 'uniB9C1', 'uniBA58', 'uniBAA8', 'uniBAA9', 'uniBC14', 'uniBC18', 'uniBCF4', 'uniC190', 'uniC2DC', 'uniC720', 'uniC775', 'uniC77C', 'uniC7A5', 'uniC808', 'uniCCB4', 'uniD140', 'uniD2B8', 'uniD45C', 'v', 'w', 'x', 'y', 'zero']
2026-07-14 06:31:23,383 [INFO] fontTools.subset — Glyph IDs:   [0, 1, 2, 3, 4, 5, 8, 9, 11, 12, 13, 14, 15, 16, 17, 18, 19, 20, 21, 22, 23, 24, 25, 26, 33, 34, 35, 36, 37, 38, 39, 40, 41, 44, 45, 46, 47, 48, 49, 50, 51, 52, 53, 54, 55, 57, 64, 65, 66, 67, 68, 69, 70, 71, 72, 74, 75, 76, 77, 78, 79, 80, 81, 82, 83, 84, 85, 86, 87, 88, 91, 96, 99, 104, 159, 162, 495, 497, 607, 654, 928, 1042, 1177, 1267, 1310, 1326, 1327, 1397, 1401, 1458, 1675, 1751, 2013, 2043, 2045, 2067, 2091, 2308, 2518, 2576, 2661, 13296]
2026-07-14 06:31:23,384 [INFO] fontTools.subset — Retaining 102 glyphs
2026-07-14 06:31:23,384 [INFO] fontTools.subset — head subsetting not needed
2026-07-14 06:31:23,384 [INFO] fontTools.subset — hhea subsetting not needed
2026-07-14 06:31:23,384 [INFO] fontTools.subset — maxp subsetting not needed
2026-07-14 06:31:23,384 [INFO] fontTools.subset — OS/2 subsetting not needed
2026-07-14 06:31:23,384 [INFO] fontTools.subset — hmtx subsetted
2026-07-14 06:31:23,385 [INFO] fontTools.subset — cmap subsetted
2026-07-14 06:31:23,385 [INFO] fontTools.subset — fpgm subsetting not needed
2026-07-14 06:31:23,386 [INFO] fontTools.subset — prep subsetting not needed
2026-07-14 06:31:23,386 [INFO] fontTools.subset — cvt  subsetting not needed
2026-07-14 06:31:23,386 [INFO] fontTools.subset — loca subsetting not needed
2026-07-14 06:31:23,386 [INFO] fontTools.subset — post subsetted
2026-07-14 06:31:23,386 [INFO] fontTools.subset — gasp subsetting not needed
2026-07-14 06:31:23,386 [INFO] fontTools.subset — name subsetting not needed
2026-07-14 06:31:23,388 [INFO] fontTools.subset — glyf subsetted
2026-07-14 06:31:23,388 [INFO] fontTools.subset — head pruned
2026-07-14 06:31:23,388 [INFO] fontTools.subset — OS/2 Unicode ranges pruned: [0, 1, 31, 37, 45, 56]
2026-07-14 06:31:23,388 [INFO] fontTools.subset — OS/2 CodePage ranges pruned: [0]
2026-07-14 06:31:23,389 [INFO] fontTools.subset — glyf pruned
2026-07-14 06:31:23,389 [INFO] fontTools.subset — name pruned
2026-07-14 06:31:23,404 [WARNING] fpdf.output — Font MPDFAA+NanumGothicBold is missing the following glyphs: '📈' (\U0001f4c8), '📉' (\U0001f4c9)
2026-07-14 06:31:23,405 [INFO] fontTools.subset — maxp pruned
2026-07-14 06:31:23,405 [INFO] fontTools.subset — cmap pruned
2026-07-14 06:31:23,405 [INFO] fontTools.subset — post pruned
2026-07-14 06:31:23,405 [INFO] fontTools.subset — DSIG dropped
2026-07-14 06:31:23,405 [INFO] fontTools.subset — GPOS dropped
2026-07-14 06:31:23,405 [INFO] fontTools.subset — GSUB dropped
2026-07-14 06:31:23,405 [INFO] fontTools.subset — glyf pruned
2026-07-14 06:31:23,406 [INFO] fontTools.subset — Added gid0 to subset
2026-07-14 06:31:23,406 [INFO] fontTools.subset — Added first four glyphs to subset
2026-07-14 06:31:23,406 [INFO] fontTools.subset — Closing glyph list over 'glyf': 99 glyphs before
2026-07-14 06:31:23,406 [INFO] fontTools.subset — Glyph names: ['.notdef', 'A', 'B', 'C', 'D', 'E', 'F', 'G', 'H', 'I', 'J', 'K', 'L', 'M', 'N', 'O', 'P', 'Q', 'R', 'S', 'T', 'U', 'V', 'W', 'X', 'Y', 'Z', 'a', 'ampersand', 'b', 'c', 'colon', 'd', 'dollar', 'e', 'eight', 'emdash', 'equal', 'exclam', 'f', 'five', 'four', 'g', 'h', 'hyphen', 'i', 'j', 'k', 'l', 'm', 'n', 'nine', 'numbersign', 'o', 'one', 'p', 'parenleft', 'parenright', 'percent', 'period', 'periodcentered', 'plus', 'q', 'quotedbl', 'quotesingle', 'r', 's', 'seven', 'six', 'slash', 'space', 't', 'three', 'two', 'u', 'uni2605', 'uniACE8', 'uniB2E5', 'uniB370', 'uniB4DC', 'uniB4E0', 'uniB4F1', 'uniB85C', 'uniBA58', 'uniBAA8', 'uniBC14', 'uniBC15', 'uniBC18', 'uniC2A4', 'uniC774', 'uniC784', 'uniC911', 'uniD06C', 'uniD140', 'v', 'w', 'x', 'y', 'zero']
2026-07-14 06:31:23,406 [INFO] fontTools.subset — Glyph IDs:   [0, 1, 2, 3, 4, 5, 6, 7, 8, 9, 11, 13, 14, 15, 16, 17, 18, 19, 20, 21, 22, 23, 24, 25, 26, 29, 33, 34, 35, 36, 37, 38, 39, 40, 41, 42, 43, 44, 45, 46, 47, 48, 49, 50, 51, 52, 53, 54, 55, 56, 57, 58, 64, 65, 66, 67, 68, 69, 70, 71, 72, 73, 74, 75, 76, 77, 78, 79, 80, 81, 82, 83, 84, 85, 86, 87, 88, 99, 104, 150, 573, 926, 967, 1031, 1033, 1040, 1196, 1308, 1324, 1395, 1396, 1399, 1740, 2040, 2047, 2153, 2475, 2516, 13533]
2026-07-14 06:31:23,406 [INFO] fontTools.subset — Closed glyph list over 'glyf': 99 glyphs after
2026-07-14 06:31:23,406 [INFO] fontTools.subset — Glyph names: ['.notdef', 'A', 'B', 'C', 'D', 'E', 'F', 'G', 'H', 'I', 'J', 'K', 'L', 'M', 'N', 'O', 'P', 'Q', 'R', 'S', 'T', 'U', 'V', 'W', 'X', 'Y', 'Z', 'a', 'ampersand', 'b', 'c', 'colon', 'd', 'dollar', 'e', 'eight', 'emdash', 'equal', 'exclam', 'f', 'five', 'four', 'g', 'h', 'hyphen', 'i', 'j', 'k', 'l', 'm', 'n', 'nine', 'numbersign', 'o', 'one', 'p', 'parenleft', 'parenright', 'percent', 'period', 'periodcentered', 'plus', 'q', 'quotedbl', 'quotesingle', 'r', 's', 'seven', 'six', 'slash', 'space', 't', 'three', 'two', 'u', 'uni2605', 'uniACE8', 'uniB2E5', 'uniB370', 'uniB4DC', 'uniB4E0', 'uniB4F1', 'uniB85C', 'uniBA58', 'uniBAA8', 'uniBC14', 'uniBC15', 'uniBC18', 'uniC2A4', 'uniC774', 'uniC784', 'uniC911', 'uniD06C', 'uniD140', 'v', 'w', 'x', 'y', 'zero']
2026-07-14 06:31:23,406 [INFO] fontTools.subset — Glyph IDs:   [0, 1, 2, 3, 4, 5, 6, 7, 8, 9, 11, 13, 14, 15, 16, 17, 18, 19, 20, 21, 22, 23, 24, 25, 26, 29, 33, 34, 35, 36, 37, 38, 39, 40, 41, 42, 43, 44, 45, 46, 47, 48, 49, 50, 51, 52, 53, 54, 55, 56, 57, 58, 64, 65, 66, 67, 68, 69, 70, 71, 72, 73, 74, 75, 76, 77, 78, 79, 80, 81, 82, 83, 84, 85, 86, 87, 88, 99, 104, 150, 573, 926, 967, 1031, 1033, 1040, 1196, 1308, 1324, 1395, 1396, 1399, 1740, 2040, 2047, 2153, 2475, 2516, 13533]
2026-07-14 06:31:23,407 [INFO] fontTools.subset — Retaining 99 glyphs
2026-07-14 06:31:23,407 [INFO] fontTools.subset — head subsetting not needed
2026-07-14 06:31:23,407 [INFO] fontTools.subset — hhea subsetting not needed
2026-07-14 06:31:23,407 [INFO] fontTools.subset — maxp subsetting not needed
2026-07-14 06:31:23,407 [INFO] fontTools.subset — OS/2 subsetting not needed
2026-07-14 06:31:23,408 [INFO] fontTools.subset — hmtx subsetted
2026-07-14 06:31:23,409 [INFO] fontTools.subset — cmap subsetted
2026-07-14 06:31:23,409 [INFO] fontTools.subset — fpgm subsetting not needed
2026-07-14 06:31:23,409 [INFO] fontTools.subset — prep subsetting not needed
2026-07-14 06:31:23,409 [INFO] fontTools.subset — cvt  subsetting not needed
2026-07-14 06:31:23,410 [INFO] fontTools.subset — loca subsetting not needed
2026-07-14 06:31:23,410 [INFO] fontTools.subset — post subsetted
2026-07-14 06:31:23,410 [INFO] fontTools.subset — gasp subsetting not needed
2026-07-14 06:31:23,410 [INFO] fontTools.subset — name subsetting not needed
2026-07-14 06:31:23,412 [INFO] fontTools.subset — glyf subsetted
2026-07-14 06:31:23,412 [INFO] fontTools.subset — head pruned
2026-07-14 06:31:23,412 [INFO] fontTools.subset — OS/2 Unicode ranges pruned: [0, 1, 31, 46, 56]
2026-07-14 06:31:23,412 [INFO] fontTools.subset — OS/2 CodePage ranges pruned: [0]
2026-07-14 06:31:23,413 [INFO] fontTools.subset — glyf pruned
2026-07-14 06:31:23,413 [INFO] fontTools.subset — name pruned
[Unified PT] PDF 리포트 생성 완료 (152,705 bytes)
[시장분석] 56개 종목 데이터 수집 중...
2026-07-14 06:31:30,141 [WARNING] data.fetch — [fetch_analyst_data] APP: 'dict' object has no attribute 'empty'
2026-07-14 06:31:30,165 [WARNING] data.fetch — [fetch_analyst_data] QBTS: 'dict' object has no attribute 'empty'
2026-07-14 06:31:30,183 [WARNING] data.fetch — [fetch_analyst_data] SMCI: 'dict' object has no attribute 'empty'
2026-07-14 06:31:30,193 [WARNING] data.fetch — [fetch_analyst_data] SHW: 'dict' object has no attribute 'empty'
2026-07-14 06:31:30,244 [WARNING] data.fetch — [fetch_analyst_data] MA: 'dict' object has no attribute 'empty'
2026-07-14 06:31:36,611 [WARNING] data.fetch — [fetch_analyst_data] SFM: 'dict' object has no attribute 'empty'
2026-07-14 06:31:36,621 [WARNING] data.fetch — [fetch_analyst_data] UBER: 'dict' object has no attribute 'empty'
2026-07-14 06:31:36,717 [WARNING] data.fetch — [fetch_analyst_data] FLUT: 'dict' object has no attribute 'empty'
2026-07-14 06:31:36,775 [WARNING] data.fetch — [fetch_analyst_data] ABT: 'dict' object has no attribute 'empty'
2026-07-14 06:31:36,838 [WARNING] data.fetch — [fetch_analyst_data] GILD: 'dict' object has no attribute 'empty'
2026-07-14 06:31:43,095 [WARNING] data.fetch — [fetch_analyst_data] SMPL: 'dict' object has no attribute 'empty'
2026-07-14 06:31:43,110 [WARNING] data.fetch — [fetch_analyst_data] MCK: 'dict' object has no attribute 'empty'
2026-07-14 06:31:43,174 [WARNING] data.fetch — [fetch_analyst_data] TEAM: 'dict' object has no attribute 'empty'
2026-07-14 06:31:43,296 [WARNING] data.fetch — [fetch_analyst_data] INSP: 'dict' object has no attribute 'empty'
2026-07-14 06:31:43,358 [WARNING] data.fetch — [fetch_analyst_data] NEE: 'dict' object has no attribute 'empty'
2026-07-14 06:31:49,560 [WARNING] data.fetch — [fetch_analyst_data] COTY: 'dict' object has no attribute 'empty'
2026-07-14 06:31:49,697 [WARNING] data.fetch — [fetch_analyst_data] KMPR: 'dict' object has no attribute 'empty'
2026-07-14 06:31:49,749 [WARNING] data.fetch — [fetch_analyst_data] SYK: 'dict' object has no attribute 'empty'
2026-07-14 06:31:49,762 [WARNING] data.fetch — [fetch_analyst_data] FIG: 'dict' object has no attribute 'empty'
2026-07-14 06:31:49,814 [WARNING] data.fetch — [fetch_analyst_data] NOW: 'dict' object has no attribute 'empty'
2026-07-14 06:31:56,093 [WARNING] data.fetch — [fetch_analyst_data] KVYO: 'dict' object has no attribute 'empty'
2026-07-14 06:31:56,155 [WARNING] data.fetch — [fetch_analyst_data] MNDY: 'dict' object has no attribute 'empty'
2026-07-14 06:31:56,273 [WARNING] data.fetch — [fetch_analyst_data] TMUS: 'dict' object has no attribute 'empty'
2026-07-14 06:31:56,274 [WARNING] data.fetch — [fetch_analyst_data] OWL: 'dict' object has no attribute 'empty'
2026-07-14 06:31:56,301 [WARNING] data.fetch — [fetch_analyst_data] DOCS: 'dict' object has no attribute 'empty'
2026-07-14 06:32:02,636 [WARNING] data.fetch — [fetch_analyst_data] NKE: 'dict' object has no attribute 'empty'
2026-07-14 06:32:02,697 [WARNING] data.fetch — [fetch_analyst_data] XOM: 'dict' object has no attribute 'empty'
2026-07-14 06:32:02,758 [WARNING] data.fetch — [fetch_analyst_data] AZO: 'dict' object has no attribute 'empty'
2026-07-14 06:32:02,810 [WARNING] data.fetch — [fetch_analyst_data] KD: 'dict' object has no attribute 'empty'
2026-07-14 06:32:02,826 [WARNING] data.fetch — [fetch_analyst_data] COP: 'dict' object has no attribute 'empty'
2026-07-14 06:32:09,086 [WARNING] data.fetch — [fetch_analyst_data] PARR: 'dict' object has no attribute 'empty'
2026-07-14 06:32:09,158 [WARNING] data.fetch — [fetch_analyst_data] DJT: 'dict' object has no attribute 'empty'
2026-07-14 06:32:09,216 [WARNING] data.fetch — [fetch_analyst_data] PLTR: 'dict' object has no attribute 'empty'
2026-07-14 06:32:09,284 [WARNING] data.fetch — [fetch_analyst_data] CRM: 'dict' object has no attribute 'empty'
2026-07-14 06:32:09,419 [WARNING] data.fetch — [fetch_analyst_data] CMCSA: 'dict' object has no attribute 'empty'
2026-07-14 06:32:15,551 [WARNING] data.fetch — [fetch_analyst_data] PODD: 'dict' object has no attribute 'empty'
2026-07-14 06:32:15,626 [WARNING] data.fetch — [fetch_analyst_data] HUBS: 'dict' object has no attribute 'empty'
2026-07-14 06:32:15,674 [WARNING] data.fetch — [fetch_analyst_data] FISV: 'dict' object has no attribute 'empty'
2026-07-14 06:32:15,751 [WARNING] data.fetch — [fetch_analyst_data] ADBE: 'dict' object has no attribute 'empty'
2026-07-14 06:32:15,966 [WARNING] data.fetch — [fetch_analyst_data] TME: 'dict' object has no attribute 'empty'
2026-07-14 06:32:22,001 [WARNING] data.fetch — [fetch_analyst_data] TSLA: 'dict' object has no attribute 'empty'
2026-07-14 06:32:22,126 [WARNING] data.fetch — [fetch_analyst_data] RZLV: 'dict' object has no attribute 'empty'
2026-07-14 06:32:22,231 [WARNING] data.fetch — [fetch_analyst_data] ARX: 'dict' object has no attribute 'empty'
2026-07-14 06:32:22,256 [WARNING] data.fetch — [fetch_analyst_data] PG: 'dict' object has no attribute 'empty'
2026-07-14 06:32:22,433 [WARNING] data.fetch — [fetch_analyst_data] SNPS: 'dict' object has no attribute 'empty'
2026-07-14 06:32:28,476 [WARNING] data.fetch — [fetch_analyst_data] UPC: 'dict' object has no attribute 'empty'
2026-07-14 06:32:28,594 [WARNING] data.fetch — [fetch_analyst_data] META: 'dict' object has no attribute 'empty'
2026-07-14 06:32:28,677 [WARNING] data.fetch — [fetch_analyst_data] QUBT: 'dict' object has no attribute 'empty'
2026-07-14 06:32:28,753 [WARNING] data.fetch — [fetch_analyst_data] HD: 'dict' object has no attribute 'empty'
2026-07-14 06:32:28,911 [WARNING] data.fetch — [fetch_analyst_data] FLNC: 'dict' object has no attribute 'empty'
2026-07-14 06:32:34,935 [WARNING] data.fetch — [fetch_analyst_data] CUPR: 'dict' object has no attribute 'empty'
2026-07-14 06:32:35,046 [WARNING] data.fetch — [fetch_analyst_data] ARQQ: 'dict' object has no attribute 'empty'
2026-07-14 06:32:35,223 [WARNING] data.fetch — [fetch_analyst_data] COF: 'dict' object has no attribute 'empty'
2026-07-14 06:32:35,308 [WARNING] data.fetch — [fetch_analyst_data] TMO: 'dict' object has no attribute 'empty'
2026-07-14 06:32:35,429 [WARNING] data.fetch — [fetch_analyst_data] ACA: 'dict' object has no attribute 'empty'
2026-07-14 06:32:41,484 [WARNING] data.fetch — [fetch_analyst_data] RTX: 'dict' object has no attribute 'empty'
[시장분석] enrichment 완료
[Email] 페이퍼 트레이딩 알림 발송 완료 (PDF 첨부) (매도 1건, 매수 1건, 재평가 0건, 재평가실패 0건, 후보 1건) → chunghwan14@gmail.com, roykim0311@gmail.com, ssamjungtan@naver.com
============================================================
[Unified Paper Trading] 완료
============================================================
