============================================================
[Unified Paper Trading] SP500 + NASDAQ/NYSE 통합 실행 시작
============================================================
2026-05-20 07:45:58,381 [INFO] paper_trading.runner — [Runner] SP500 snapshot 로드: 130개 종목
[Unified PT] SP500 snapshot 로드: 130개 종목
2026-05-20 07:45:58,390 [INFO] paper_trading.runner — [Runner] NASDAQ snapshot 로드: 211개 종목
[Unified PT] NASDAQ snapshot 로드: 211개 종목
[Unified PT] 합산 완료: 331개 종목 (SP500 130 + NASDAQ 211개, 중복 제거 후)
[Unified PT] 골든크로스임박 종목: 4개
2026-05-20 07:46:01,561 [INFO] paper_trading.candidate_selector — [전략점수 분포] ~4.0: 116 | 4.0~5.0: 37 | 5.0~5.5: 40 | 5.5~6.0: 18 | 6.0+: 120
2026-05-20 07:46:01,573 [INFO] paper_trading.candidate_selector — [CandidateSelector] Regime=bull | Filtered=2/331 | Selected: CRK (CCS=0.4780)
2026-05-20 07:46:01,582 [INFO] paper_trading.engine — [PaperTrading] 교체 기준 미달 — 매수 안 함
[Unified PT] 매도=0 매수=0 보유=3종목
[Unified PT] 레짐=bull | 필터={'전략점수<6.0': 211, '바닥반등_52주과열': 1, '판단등급_미달': 112, '과열_차단': 4, '유동성_부족': 0, '어닝_임박': 0, '보유_중복': 0, '모멘텀_ADX부족': 1, '바닥_RSI데드존': 0, '섹터_집중': 0, '_통과': 2, '_전체': 331}
[Unified PT] 스킵 사유: 교체_미달
[Unified PT] Top5 후보:
  CRK    CCS=0.4780 전략=📉 바닥반등 섹터=Energy
  T      CCS=0.4547 전략=📉 바닥반등 섹터=Communication Services
2026-05-20 07:46:04,025 [INFO] paper_trading.sheet_sync — [SheetSync] 포지션현황 업데이트: 3개 종목
2026-05-20 07:46:05,441 [INFO] paper_trading.sheet_sync — [SheetSync] 성과요약 업데이트: 12건 거래
[Unified PT] 구글 시트 동기화 완료
[시장분석] 5개 종목 데이터 수집 중...
2026-05-20 07:46:06,607 [ERROR] yfinance — HTTP Error 404: {"quoteSummary":{"result":null,"error":{"code":"Not Found","description":"No fundamentals data found for symbol: VXX"}}}
2026-05-20 07:46:09,914 [ERROR] yfinance — HTTP Error 404: {"quoteSummary":{"result":null,"error":{"code":"Not Found","description":"No fundamentals data found for symbol: VXX"}}}
2026-05-20 07:46:12,764 [WARNING] data.fetch — [fetch_analyst_data] ANET: 'dict' object has no attribute 'empty'
2026-05-20 07:46:12,825 [WARNING] data.fetch — [fetch_analyst_data] CRK: 'dict' object has no attribute 'empty'
2026-05-20 07:46:12,829 [WARNING] data.fetch — [fetch_analyst_data] ISRG: 'dict' object has no attribute 'empty'
2026-05-20 07:46:12,886 [WARNING] data.fetch — [fetch_analyst_data] T: 'dict' object has no attribute 'empty'
2026-05-20 07:46:13,160 [ERROR] yfinance — HTTP Error 404: {"quoteSummary":{"result":null,"error":{"code":"Not Found","description":"No fundamentals data found for symbol: VXX"}}}
2026-05-20 07:46:13,160 [WARNING] data.fetch — [fetch_analyst_data] VXX: 'dict' object has no attribute 'empty'
[시장분석] enrichment 완료
[Email] 페이퍼 트레이딩 알림 발송 완료 (매도 0건, 매수 0건, 재평가 0건, 재평가실패 0건, 후보 2건) → chunghwan14@gmail.com, roykim0311@gmail.com, ssamjungtan@naver.com
============================================================
[Unified Paper Trading] 완료
============================================================
