============================================================
[Unified Paper Trading] SP500 + NASDAQ/NYSE 통합 실행 시작
============================================================
2026-09-12 07:57:01,876 [INFO] paper_trading.runner — [Runner] SP500 snapshot 로드: 128개 종목
[Unified PT] SP500 snapshot 로드: 128개 종목
2026-09-12 07:57:01,884 [INFO] paper_trading.runner — [Runner] NASDAQ snapshot 로드: 209개 종목
[Unified PT] NASDAQ snapshot 로드: 209개 종목
[Unified PT] 합산 완료: 330개 종목 (SP500 128 + NASDAQ 209개, 중복 제거 후)
[Unified PT] 골든크로스임박 종목: 46개
2026-09-12 07:57:02,657 [INFO] paper_trading.candidate_selector — [전략점수 분포] ~4.0: 114 | 4.0~5.0: 36 | 5.0~5.5: 44 | 5.5~6.0: 31 | 6.0+: 105
2026-09-12 07:57:02,675 [INFO] paper_trading.candidate_selector — [CandidateSelector] Regime=bull | Filtered=7/330 | Selected: ADBE (CCS=0.6876)
2026-09-12 07:57:02,687 [INFO] paper_trading.engine — [PaperTrading] 교체 기준 미달 — 매수 안 함
[Unified PT] 매도=0 매수=0 보유=3종목
[Unified PT] 레짐=bull | 필터={'전략점수<6.0': 225, '바닥반등_52주과열': 1, '판단등급_미달': 84, '과열_차단': 10, '유동성_부족': 0, '어닝_임박': 0, '보유_중복': 1, '모멘텀_ADX부족': 1, '바닥_RSI데드존': 1, '섹터_집중': 0, '_통과': 7, '_전체': 330}
[Unified PT] 스킵 사유: 교체_미달
[Unified PT] Top5 후보:
  ADBE   CCS=0.6876 전략=📉 바닥반등 섹터=Technology
  MDT    CCS=0.6103 전략=📈 모멘텀 섹터=Healthcare
  DINO   CCS=0.5477 전략=📈 모멘텀 섹터=Energy
  HYMC   CCS=0.5078 전략=📉 바닥반등 섹터=Basic Materials
  DK     CCS=0.5016 전략=📈 모멘텀 섹터=Energy
2026-09-12 07:57:04,136 [INFO] paper_trading.sheet_sync — [SheetSync] 포지션현황 업데이트: 3개 종목
2026-09-12 07:57:05,268 [INFO] paper_trading.sheet_sync — [SheetSync] 성과요약 업데이트: 44건 거래
[Unified PT] 구글 시트 동기화 완료
[시장분석] 51개 종목 데이터 수집 중...
2026-09-12 07:57:11,557 [WARNING] data.fetch — [fetch_analyst_data] DK: 'dict' object has no attribute 'empty'
2026-09-12 07:57:11,562 [WARNING] data.fetch — [fetch_analyst_data] ADBE: 'dict' object has no attribute 'empty'
2026-09-12 07:57:11,595 [WARNING] data.fetch — [fetch_analyst_data] MDT: 'dict' object has no attribute 'empty'
2026-09-12 07:57:11,641 [WARNING] data.fetch — [fetch_analyst_data] HYMC: 'dict' object has no attribute 'empty'
2026-09-12 07:57:11,721 [WARNING] data.fetch — [fetch_analyst_data] DINO: 'dict' object has no attribute 'empty'
2026-09-12 07:57:17,748 [WARNING] data.fetch — [fetch_analyst_data] META: 'dict' object has no attribute 'empty'
2026-09-12 07:57:17,786 [WARNING] data.fetch — [fetch_analyst_data] QCOM: 'dict' object has no attribute 'empty'
2026-09-12 07:57:17,846 [WARNING] data.fetch — [fetch_analyst_data] PG: 'dict' object has no attribute 'empty'
2026-09-12 07:57:17,922 [WARNING] data.fetch — [fetch_analyst_data] MMYT: 'dict' object has no attribute 'empty'
2026-09-12 07:57:17,955 [WARNING] data.fetch — [fetch_analyst_data] FIG: 'dict' object has no attribute 'empty'
2026-09-12 07:57:24,010 [WARNING] data.fetch — [fetch_analyst_data] DIS: 'dict' object has no attribute 'empty'
2026-09-12 07:57:24,043 [WARNING] data.fetch — [fetch_analyst_data] SPGI: 'dict' object has no attribute 'empty'
2026-09-12 07:57:24,045 [WARNING] data.fetch — [fetch_analyst_data] ZS: 'dict' object has no attribute 'empty'
2026-09-12 07:57:24,178 [WARNING] data.fetch — [fetch_analyst_data] UBER: 'dict' object has no attribute 'empty'
2026-09-12 07:57:24,200 [WARNING] data.fetch — [fetch_analyst_data] MNDY: 'dict' object has no attribute 'empty'
2026-09-12 07:57:30,183 [WARNING] data.fetch — [fetch_analyst_data] MELI: 'dict' object has no attribute 'empty'
2026-09-12 07:57:30,244 [WARNING] data.fetch — [fetch_analyst_data] COUR: 'dict' object has no attribute 'empty'
2026-09-12 07:57:30,296 [WARNING] data.fetch — [fetch_analyst_data] ABT: 'dict' object has no attribute 'empty'
2026-09-12 07:57:30,380 [WARNING] data.fetch — [fetch_analyst_data] SMR: 'dict' object has no attribute 'empty'
2026-09-12 07:57:30,414 [WARNING] data.fetch — [fetch_analyst_data] ETN: 'dict' object has no attribute 'empty'
2026-09-12 07:57:36,374 [WARNING] data.fetch — [fetch_analyst_data] ORCL: 'dict' object has no attribute 'empty'
2026-09-12 07:57:36,456 [WARNING] data.fetch — [fetch_analyst_data] TMUS: 'dict' object has no attribute 'empty'
2026-09-12 07:57:36,512 [WARNING] data.fetch — [fetch_analyst_data] STX: 'dict' object has no attribute 'empty'
2026-09-12 07:57:36,575 [WARNING] data.fetch — [fetch_analyst_data] AMD: 'dict' object has no attribute 'empty'
2026-09-12 07:57:36,579 [WARNING] data.fetch — [fetch_analyst_data] TSLA: 'dict' object has no attribute 'empty'
2026-09-12 07:57:42,535 [WARNING] data.fetch — [fetch_analyst_data] BTBT: 'dict' object has no attribute 'empty'
2026-09-12 07:57:42,709 [WARNING] data.fetch — [fetch_analyst_data] IBM: 'dict' object has no attribute 'empty'
2026-09-12 07:57:42,776 [WARNING] data.fetch — [fetch_analyst_data] INTC: 'dict' object has no attribute 'empty'
2026-09-12 07:57:42,830 [WARNING] data.fetch — [fetch_analyst_data] FLUT: 'dict' object has no attribute 'empty'
2026-09-12 07:57:43,019 [WARNING] data.fetch — [fetch_analyst_data] ODD: 'dict' object has no attribute 'empty'
2026-09-12 07:57:48,702 [WARNING] data.fetch — [fetch_analyst_data] SYM: 'dict' object has no attribute 'empty'
2026-09-12 07:57:48,898 [WARNING] data.fetch — [fetch_analyst_data] HIVE: 'dict' object has no attribute 'empty'
2026-09-12 07:57:48,992 [WARNING] data.fetch — [fetch_analyst_data] GLW: 'dict' object has no attribute 'empty'
2026-09-12 07:57:49,081 [WARNING] data.fetch — [fetch_analyst_data] WMT: 'dict' object has no attribute 'empty'
2026-09-12 07:57:49,215 [WARNING] data.fetch — [fetch_analyst_data] BTDR: 'dict' object has no attribute 'empty'
2026-09-12 07:57:54,878 [WARNING] data.fetch — [fetch_analyst_data] RBLX: 'dict' object has no attribute 'empty'
2026-09-12 07:57:55,098 [WARNING] data.fetch — [fetch_analyst_data] SRAD: 'dict' object has no attribute 'empty'
2026-09-12 07:57:55,187 [WARNING] data.fetch — [fetch_analyst_data] STLA: 'dict' object has no attribute 'empty'
2026-09-12 07:57:55,328 [WARNING] data.fetch — [fetch_analyst_data] AXP: 'dict' object has no attribute 'empty'
2026-09-12 07:57:55,424 [WARNING] data.fetch — [fetch_analyst_data] CRE: 'dict' object has no attribute 'empty'
2026-09-12 07:58:01,058 [WARNING] data.fetch — [fetch_analyst_data] WIX: 'dict' object has no attribute 'empty'
2026-09-12 07:58:01,323 [WARNING] data.fetch — [fetch_analyst_data] T: 'dict' object has no attribute 'empty'
2026-09-12 07:58:01,381 [WARNING] data.fetch — [fetch_analyst_data] CRM: 'dict' object has no attribute 'empty'
2026-09-12 07:58:01,731 [WARNING] data.fetch — [fetch_analyst_data] TTAN: 'dict' object has no attribute 'empty'
2026-09-12 07:58:01,797 [WARNING] data.fetch — [fetch_analyst_data] BKNG: 'dict' object has no attribute 'empty'
2026-09-12 07:58:07,242 [WARNING] data.fetch — [fetch_analyst_data] GPK: 'dict' object has no attribute 'empty'
2026-09-12 07:58:07,504 [WARNING] data.fetch — [fetch_analyst_data] SBET: 'dict' object has no attribute 'empty'
2026-09-12 07:58:07,604 [WARNING] data.fetch — [fetch_analyst_data] PEP: 'dict' object has no attribute 'empty'
2026-09-12 07:58:07,920 [WARNING] data.fetch — [fetch_analyst_data] HUBS: 'dict' object has no attribute 'empty'
2026-09-12 07:58:08,045 [WARNING] data.fetch — [fetch_analyst_data] BAC: 'dict' object has no attribute 'empty'
2026-09-12 07:58:13,439 [WARNING] data.fetch — [fetch_analyst_data] DHT: 'dict' object has no attribute 'empty'
[시장분석] enrichment 완료
[Email] 페이퍼 트레이딩 알림 발송 완료 (매도 0건, 매수 0건, 재평가 0건, 재평가실패 0건, 후보 5건) → chunghwan14@gmail.com, roykim0311@gmail.com, ssamjungtan@naver.com
============================================================
[Unified Paper Trading] 완료
============================================================
