============================================================
[Unified Paper Trading] SP500 + NASDAQ/NYSE 통합 실행 시작
============================================================
2026-09-07 08:04:32,721 [INFO] paper_trading.runner — [Runner] SP500 snapshot 로드: 128개 종목
[Unified PT] SP500 snapshot 로드: 128개 종목
2026-09-07 08:04:32,733 [INFO] paper_trading.runner — [Runner] NASDAQ snapshot 로드: 209개 종목
[Unified PT] NASDAQ snapshot 로드: 209개 종목
[Unified PT] 합산 완료: 326개 종목 (SP500 128 + NASDAQ 209개, 중복 제거 후)
[Unified PT] 골든크로스임박 종목: 42개
2026-09-07 08:04:33,524 [INFO] paper_trading.candidate_selector — [전략점수 분포] ~4.0: 106 | 4.0~5.0: 34 | 5.0~5.5: 38 | 5.5~6.0: 28 | 6.0+: 120
2026-09-07 08:04:33,536 [INFO] paper_trading.candidate_selector — [CandidateSelector] Regime=bull | Filtered=4/326 | Selected: FRO (CCS=0.5502)
2026-09-07 08:04:33,545 [INFO] paper_trading.engine — [PaperTrading] 교체 기준 미달 — 매수 안 함
[Unified PT] 매도=0 매수=0 보유=3종목
[Unified PT] 레짐=bull | 필터={'전략점수<6.0': 206, '바닥반등_52주과열': 1, '판단등급_미달': 105, '과열_차단': 3, '유동성_부족': 0, '어닝_임박': 0, '보유_중복': 2, '모멘텀_ADX부족': 4, '바닥_RSI데드존': 1, '섹터_집중': 0, '_통과': 4, '_전체': 326}
[Unified PT] 스킵 사유: 교체_미달
[Unified PT] Top5 후보:
  FRO    CCS=0.5502 전략=📈 모멘텀 섹터=Energy
  SNPS   CCS=0.5343 전략=📉 바닥반등 섹터=Technology
  FPS    CCS=0.4259 전략=📉 바닥반등 섹터=Industrials
2026-09-07 08:04:35,236 [INFO] paper_trading.sheet_sync — [SheetSync] 포지션현황 업데이트: 3개 종목
2026-09-07 08:04:36,615 [INFO] paper_trading.sheet_sync — [SheetSync] 성과요약 업데이트: 44건 거래
[Unified PT] 구글 시트 동기화 완료
[시장분석] 47개 종목 데이터 수집 중...
2026-09-07 08:04:42,914 [WARNING] data.fetch — [fetch_analyst_data] FPS: 'dict' object has no attribute 'empty'
2026-09-07 08:04:42,955 [WARNING] data.fetch — [fetch_analyst_data] FRO: 'dict' object has no attribute 'empty'
2026-09-07 08:04:42,968 [WARNING] data.fetch — [fetch_analyst_data] SNPS: 'dict' object has no attribute 'empty'
2026-09-07 08:04:43,040 [WARNING] data.fetch — [fetch_analyst_data] SPGI: 'dict' object has no attribute 'empty'
2026-09-07 08:04:43,095 [WARNING] data.fetch — [fetch_analyst_data] META: 'dict' object has no attribute 'empty'
2026-09-07 08:04:49,165 [WARNING] data.fetch — [fetch_analyst_data] DIS: 'dict' object has no attribute 'empty'
2026-09-07 08:04:49,270 [WARNING] data.fetch — [fetch_analyst_data] AXP: 'dict' object has no attribute 'empty'
2026-09-07 08:04:49,294 [WARNING] data.fetch — [fetch_analyst_data] MELI: 'dict' object has no attribute 'empty'
2026-09-07 08:04:49,305 [WARNING] data.fetch — [fetch_analyst_data] UBER: 'dict' object has no attribute 'empty'
2026-09-07 08:04:49,337 [WARNING] data.fetch — [fetch_analyst_data] ABT: 'dict' object has no attribute 'empty'
2026-09-07 08:04:55,440 [WARNING] data.fetch — [fetch_analyst_data] SYK: 'dict' object has no attribute 'empty'
2026-09-07 08:04:55,547 [WARNING] data.fetch — [fetch_analyst_data] ORCL: 'dict' object has no attribute 'empty'
2026-09-07 08:04:55,569 [WARNING] data.fetch — [fetch_analyst_data] NTLA: 'dict' object has no attribute 'empty'
2026-09-07 08:04:55,578 [WARNING] data.fetch — [fetch_analyst_data] FMC: 'dict' object has no attribute 'empty'
2026-09-07 08:04:55,585 [WARNING] data.fetch — [fetch_analyst_data] SMR: 'dict' object has no attribute 'empty'
2026-09-07 08:05:01,834 [WARNING] data.fetch — [fetch_analyst_data] FLUT: 'dict' object has no attribute 'empty'
2026-09-07 08:05:01,865 [WARNING] data.fetch — [fetch_analyst_data] QCOM: 'dict' object has no attribute 'empty'
2026-09-07 08:05:01,871 [WARNING] data.fetch — [fetch_analyst_data] BTBT: 'dict' object has no attribute 'empty'
2026-09-07 08:05:01,880 [WARNING] data.fetch — [fetch_analyst_data] METC: 'dict' object has no attribute 'empty'
2026-09-07 08:05:01,894 [WARNING] data.fetch — [fetch_analyst_data] IBM: 'dict' object has no attribute 'empty'
2026-09-07 08:05:08,084 [WARNING] data.fetch — [fetch_analyst_data] MARA: 'dict' object has no attribute 'empty'
2026-09-07 08:05:08,137 [WARNING] data.fetch — [fetch_analyst_data] PODD: 'dict' object has no attribute 'empty'
2026-09-07 08:05:08,154 [WARNING] data.fetch — [fetch_analyst_data] SYM: 'dict' object has no attribute 'empty'
2026-09-07 08:05:08,175 [WARNING] data.fetch — [fetch_analyst_data] LIF: 'dict' object has no attribute 'empty'
2026-09-07 08:05:08,177 [WARNING] data.fetch — [fetch_analyst_data] HIVE: 'dict' object has no attribute 'empty'
2026-09-07 08:05:14,358 [WARNING] data.fetch — [fetch_analyst_data] MDT: 'dict' object has no attribute 'empty'
2026-09-07 08:05:14,405 [WARNING] data.fetch — [fetch_analyst_data] HD: 'dict' object has no attribute 'empty'
2026-09-07 08:05:14,423 [WARNING] data.fetch — [fetch_analyst_data] FIG: 'dict' object has no attribute 'empty'
2026-09-07 08:05:14,458 [WARNING] data.fetch — [fetch_analyst_data] PG: 'dict' object has no attribute 'empty'
2026-09-07 08:05:14,536 [WARNING] data.fetch — [fetch_analyst_data] ADBE: 'dict' object has no attribute 'empty'
2026-09-07 08:05:20,597 [WARNING] data.fetch — [fetch_analyst_data] CRM: 'dict' object has no attribute 'empty'
2026-09-07 08:05:20,685 [WARNING] data.fetch — [fetch_analyst_data] WIX: 'dict' object has no attribute 'empty'
2026-09-07 08:05:20,769 [WARNING] data.fetch — [fetch_analyst_data] CRE: 'dict' object has no attribute 'empty'
2026-09-07 08:05:20,776 [WARNING] data.fetch — [fetch_analyst_data] NOW: 'dict' object has no attribute 'empty'
2026-09-07 08:05:20,807 [WARNING] data.fetch — [fetch_analyst_data] INSP: 'dict' object has no attribute 'empty'
2026-09-07 08:05:26,884 [WARNING] data.fetch — [fetch_analyst_data] COUR: 'dict' object has no attribute 'empty'
2026-09-07 08:05:26,910 [WARNING] data.fetch — [fetch_analyst_data] MNDY: 'dict' object has no attribute 'empty'
2026-09-07 08:05:27,025 [WARNING] data.fetch — [fetch_analyst_data] SMCI: 'dict' object has no attribute 'empty'
2026-09-07 08:05:27,048 [WARNING] data.fetch — [fetch_analyst_data] HUBS: 'dict' object has no attribute 'empty'
2026-09-07 08:05:27,133 [WARNING] data.fetch — [fetch_analyst_data] T: 'dict' object has no attribute 'empty'
2026-09-07 08:05:33,157 [WARNING] data.fetch — [fetch_analyst_data] CEG: 'dict' object has no attribute 'empty'
2026-09-07 08:05:33,199 [WARNING] data.fetch — [fetch_analyst_data] COIN: 'dict' object has no attribute 'empty'
2026-09-07 08:05:33,307 [WARNING] data.fetch — [fetch_analyst_data] PEP: 'dict' object has no attribute 'empty'
2026-09-07 08:05:33,347 [WARNING] data.fetch — [fetch_analyst_data] DUOL: 'dict' object has no attribute 'empty'
2026-09-07 08:05:33,378 [WARNING] data.fetch — [fetch_analyst_data] RZLV: 'dict' object has no attribute 'empty'
2026-09-07 08:05:39,481 [WARNING] data.fetch — [fetch_analyst_data] BAC: 'dict' object has no attribute 'empty'
2026-09-07 08:05:39,505 [WARNING] data.fetch — [fetch_analyst_data] DHT: 'dict' object has no attribute 'empty'
[시장분석] enrichment 완료
[Email] 페이퍼 트레이딩 알림 발송 완료 (매도 0건, 매수 0건, 재평가 0건, 재평가실패 0건, 후보 3건) → chunghwan14@gmail.com, roykim0311@gmail.com, ssamjungtan@naver.com
============================================================
[Unified Paper Trading] 완료
============================================================
