============================================================
[Unified Paper Trading] SP500 + NASDAQ/NYSE 통합 실행 시작
============================================================
2026-07-19 07:27:43,566 [INFO] paper_trading.runner — [Runner] SP500 snapshot 로드: 129개 종목
[Unified PT] SP500 snapshot 로드: 129개 종목
2026-07-19 07:27:43,575 [INFO] paper_trading.runner — [Runner] NASDAQ snapshot 로드: 223개 종목
[Unified PT] NASDAQ snapshot 로드: 223개 종목
[Unified PT] 합산 완료: 345개 종목 (SP500 129 + NASDAQ 223개, 중복 제거 후)
[Unified PT] 골든크로스임박 종목: 63개
2026-07-19 07:27:45,006 [INFO] paper_trading.candidate_selector — [전략점수 분포] ~4.0: 125 | 4.0~5.0: 42 | 5.0~5.5: 22 | 5.5~6.0: 25 | 6.0+: 131
2026-07-19 07:27:45,022 [INFO] paper_trading.engine — [PaperTrading] 오늘 매수 후보 없음
[Unified PT] 매도=0 매수=0 보유=3종목
[Unified PT] 레짐=bull | 필터={'전략점수<6.0': 214, '바닥반등_52주과열': 2, '판단등급_미달': 125, '과열_차단': 0, '유동성_부족': 0, '어닝_임박': 0, '보유_중복': 1, '모멘텀_ADX부족': 3, '바닥_RSI데드존': 0, '섹터_집중': 0, '_통과': 0, '_전체': 345}
[Unified PT] 스킵 사유: 후보_없음
2026-07-19 07:27:46,241 [INFO] paper_trading.sheet_sync — [SheetSync] 포지션현황 업데이트: 3개 종목
2026-07-19 07:27:47,282 [INFO] paper_trading.sheet_sync — [SheetSync] 성과요약 업데이트: 29건 거래
[Unified PT] 구글 시트 동기화 완료
[시장분석] 66개 종목 데이터 수집 중...
2026-07-19 07:27:53,988 [WARNING] data.fetch — [fetch_analyst_data] QBTS: 'dict' object has no attribute 'empty'
2026-07-19 07:27:54,061 [WARNING] data.fetch — [fetch_analyst_data] HIMS: 'dict' object has no attribute 'empty'
2026-07-19 07:27:54,134 [WARNING] data.fetch — [fetch_analyst_data] PGR: 'dict' object has no attribute 'empty'
2026-07-19 07:27:54,174 [WARNING] data.fetch — [fetch_analyst_data] APP: 'dict' object has no attribute 'empty'
2026-07-19 07:27:54,182 [WARNING] data.fetch — [fetch_analyst_data] META: 'dict' object has no attribute 'empty'
2026-07-19 07:28:00,486 [WARNING] data.fetch — [fetch_analyst_data] MA: 'dict' object has no attribute 'empty'
2026-07-19 07:28:00,667 [WARNING] data.fetch — [fetch_analyst_data] SHW: 'dict' object has no attribute 'empty'
2026-07-19 07:28:00,707 [WARNING] data.fetch — [fetch_analyst_data] SFM: 'dict' object has no attribute 'empty'
2026-07-19 07:28:00,856 [WARNING] data.fetch — [fetch_analyst_data] IBM: 'dict' object has no attribute 'empty'
2026-07-19 07:28:00,859 [WARNING] data.fetch — [fetch_analyst_data] NVDA: 'dict' object has no attribute 'empty'
2026-07-19 07:28:07,021 [WARNING] data.fetch — [fetch_analyst_data] DJT: 'dict' object has no attribute 'empty'
2026-07-19 07:28:07,266 [WARNING] data.fetch — [fetch_analyst_data] BRBR: 'dict' object has no attribute 'empty'
2026-07-19 07:28:07,304 [WARNING] data.fetch — [fetch_analyst_data] ZS: 'dict' object has no attribute 'empty'
2026-07-19 07:28:07,405 [WARNING] data.fetch — [fetch_analyst_data] GILD: 'dict' object has no attribute 'empty'
2026-07-19 07:28:07,444 [WARNING] data.fetch — [fetch_analyst_data] NEE: 'dict' object has no attribute 'empty'
2026-07-19 07:28:13,509 [WARNING] data.fetch — [fetch_analyst_data] BLK: 'dict' object has no attribute 'empty'
2026-07-19 07:28:13,880 [WARNING] data.fetch — [fetch_analyst_data] MCK: 'dict' object has no attribute 'empty'
2026-07-19 07:28:13,961 [WARNING] data.fetch — [fetch_analyst_data] KVYO: 'dict' object has no attribute 'empty'
2026-07-19 07:28:14,009 [WARNING] data.fetch — [fetch_analyst_data] ABT: 'dict' object has no attribute 'empty'
2026-07-19 07:28:14,014 [WARNING] data.fetch — [fetch_analyst_data] TMUS: 'dict' object has no attribute 'empty'
2026-07-19 07:28:20,052 [WARNING] data.fetch — [fetch_analyst_data] SKYQ: 'dict' object has no attribute 'empty'
2026-07-19 07:28:20,421 [WARNING] data.fetch — [fetch_analyst_data] INSP: 'dict' object has no attribute 'empty'
2026-07-19 07:28:20,640 [WARNING] data.fetch — [fetch_analyst_data] DAR: 'dict' object has no attribute 'empty'
2026-07-19 07:28:20,647 [WARNING] data.fetch — [fetch_analyst_data] HUBS: 'dict' object has no attribute 'empty'
2026-07-19 07:28:20,660 [WARNING] data.fetch — [fetch_analyst_data] CVX: 'dict' object has no attribute 'empty'
2026-07-19 07:28:26,671 [WARNING] data.fetch — [fetch_analyst_data] OWL: 'dict' object has no attribute 'empty'
2026-07-19 07:28:26,966 [WARNING] data.fetch — [fetch_analyst_data] TEAM: 'dict' object has no attribute 'empty'
2026-07-19 07:28:27,175 [WARNING] data.fetch — [fetch_analyst_data] PRGO: 'dict' object has no attribute 'empty'
2026-07-19 07:28:27,205 [WARNING] data.fetch — [fetch_analyst_data] MSFT: 'dict' object has no attribute 'empty'
2026-07-19 07:28:27,253 [WARNING] data.fetch — [fetch_analyst_data] XOM: 'dict' object has no attribute 'empty'
2026-07-19 07:28:33,188 [WARNING] data.fetch — [fetch_analyst_data] FIG: 'dict' object has no attribute 'empty'
2026-07-19 07:28:33,602 [WARNING] data.fetch — [fetch_analyst_data] PFE: 'dict' object has no attribute 'empty'
2026-07-19 07:28:33,664 [WARNING] data.fetch — [fetch_analyst_data] TRI: 'dict' object has no attribute 'empty'
2026-07-19 07:28:33,717 [WARNING] data.fetch — [fetch_analyst_data] NKE: 'dict' object has no attribute 'empty'
2026-07-19 07:28:33,780 [WARNING] data.fetch — [fetch_analyst_data] COP: 'dict' object has no attribute 'empty'
2026-07-19 07:28:39,650 [WARNING] data.fetch — [fetch_analyst_data] PLTR: 'dict' object has no attribute 'empty'
2026-07-19 07:28:40,106 [WARNING] data.fetch — [fetch_analyst_data] NVVE: 'dict' object has no attribute 'empty'
2026-07-19 07:28:40,174 [WARNING] data.fetch — [fetch_analyst_data] KD: 'dict' object has no attribute 'empty'
2026-07-19 07:28:40,253 [WARNING] data.fetch — [fetch_analyst_data] CRM: 'dict' object has no attribute 'empty'
2026-07-19 07:28:40,325 [WARNING] data.fetch — [fetch_analyst_data] PODD: 'dict' object has no attribute 'empty'
2026-07-19 07:28:46,162 [WARNING] data.fetch — [fetch_analyst_data] ADBE: 'dict' object has no attribute 'empty'
2026-07-19 07:28:46,713 [WARNING] data.fetch — [fetch_analyst_data] CMCSA: 'dict' object has no attribute 'empty'
2026-07-19 07:28:46,809 [WARNING] data.fetch — [fetch_analyst_data] WMT: 'dict' object has no attribute 'empty'
2026-07-19 07:28:46,828 [WARNING] data.fetch — [fetch_analyst_data] TME: 'dict' object has no attribute 'empty'
2026-07-19 07:28:46,850 [WARNING] data.fetch — [fetch_analyst_data] CHWY: 'dict' object has no attribute 'empty'
2026-07-19 07:28:52,660 [WARNING] data.fetch — [fetch_analyst_data] PYPL: 'dict' object has no attribute 'empty'
2026-07-19 07:28:53,223 [WARNING] data.fetch — [fetch_analyst_data] LCID: 'dict' object has no attribute 'empty'
2026-07-19 07:28:53,331 [WARNING] data.fetch — [fetch_analyst_data] CNXC: 'dict' object has no attribute 'empty'
2026-07-19 07:28:53,396 [WARNING] data.fetch — [fetch_analyst_data] IT: 'dict' object has no attribute 'empty'
2026-07-19 07:28:53,435 [WARNING] data.fetch — [fetch_analyst_data] CME: 'dict' object has no attribute 'empty'
2026-07-19 07:28:59,151 [WARNING] data.fetch — [fetch_analyst_data] T: 'dict' object has no attribute 'empty'
2026-07-19 07:28:59,789 [WARNING] data.fetch — [fetch_analyst_data] PG: 'dict' object has no attribute 'empty'
2026-07-19 07:28:59,873 [WARNING] data.fetch — [fetch_analyst_data] TSLA: 'dict' object has no attribute 'empty'
2026-07-19 07:28:59,908 [WARNING] data.fetch — [fetch_analyst_data] RZLV: 'dict' object has no attribute 'empty'
2026-07-19 07:28:59,939 [WARNING] data.fetch — [fetch_analyst_data] UPC: 'dict' object has no attribute 'empty'
2026-07-19 07:29:05,695 [WARNING] data.fetch — [fetch_analyst_data] SMCI: 'dict' object has no attribute 'empty'
2026-07-19 07:29:06,293 [WARNING] data.fetch — [fetch_analyst_data] CRWV: 'dict' object has no attribute 'empty'
2026-07-19 07:29:06,424 [WARNING] data.fetch — [fetch_analyst_data] IREN: 'dict' object has no attribute 'empty'
2026-07-19 07:29:06,426 [WARNING] data.fetch — [fetch_analyst_data] ALOY: 'dict' object has no attribute 'empty'
2026-07-19 07:29:06,527 [WARNING] data.fetch — [fetch_analyst_data] HD: 'dict' object has no attribute 'empty'
2026-07-19 07:29:12,204 [WARNING] data.fetch — [fetch_analyst_data] QUBT: 'dict' object has no attribute 'empty'
2026-07-19 07:29:12,828 [WARNING] data.fetch — [fetch_analyst_data] TMO: 'dict' object has no attribute 'empty'
2026-07-19 07:29:12,960 [WARNING] data.fetch — [fetch_analyst_data] ACA: 'dict' object has no attribute 'empty'
2026-07-19 07:29:12,981 [WARNING] data.fetch — [fetch_analyst_data] BKNG: 'dict' object has no attribute 'empty'
2026-07-19 07:29:13,097 [WARNING] data.fetch — [fetch_analyst_data] RTX: 'dict' object has no attribute 'empty'
2026-07-19 07:29:18,783 [WARNING] data.fetch — [fetch_analyst_data] LRCX: 'dict' object has no attribute 'empty'
[시장분석] enrichment 완료
[Email] 페이퍼 트레이딩 알림 발송 완료 (매도 0건, 매수 0건, 재평가 0건, 재평가실패 0건, 후보 0건) → chunghwan14@gmail.com, roykim0311@gmail.com, ssamjungtan@naver.com
============================================================
[Unified Paper Trading] 완료
============================================================
