============================================================
[Unified Paper Trading] SP500 + NASDAQ/NYSE 통합 실행 시작
============================================================
2026-07-18 06:55:06,048 [INFO] paper_trading.runner — [Runner] SP500 snapshot 로드: 129개 종목
[Unified PT] SP500 snapshot 로드: 129개 종목
2026-07-18 06:55:06,057 [INFO] paper_trading.runner — [Runner] NASDAQ snapshot 로드: 223개 종목
[Unified PT] NASDAQ snapshot 로드: 223개 종목
[Unified PT] 합산 완료: 345개 종목 (SP500 129 + NASDAQ 223개, 중복 제거 후)
[Unified PT] 골든크로스임박 종목: 63개
2026-07-18 06:55:06,839 [INFO] paper_trading.engine — [PaperTrading] SELL APP @ 424.54 (트레일링(-6.2%))
2026-07-18 06:55:06,844 [INFO] paper_trading.candidate_selector — [전략점수 분포] ~4.0: 119 | 4.0~5.0: 38 | 5.0~5.5: 21 | 5.5~6.0: 27 | 6.0+: 140
2026-07-18 06:55:06,861 [INFO] paper_trading.candidate_selector — [CandidateSelector] Regime=bull | Filtered=1/345 | Selected: LRCX (CCS=0.5772)
2026-07-18 06:55:06,867 [INFO] paper_trading.engine — [PaperTrading] BUY LRCX @ 313.30 (CCS=0.5772, RSI=42, upside P50=+5% P75=+8%)
[Unified PT] 매도=1 매수=1 보유=3종목
[Unified PT] 레짐=bull | 필터={'전략점수<6.0': 205, '바닥반등_52주과열': 2, '판단등급_미달': 126, '과열_차단': 3, '유동성_부족': 0, '어닝_임박': 0, '보유_중복': 0, '모멘텀_ADX부족': 7, '바닥_RSI데드존': 1, '섹터_집중': 0, '_통과': 1, '_전체': 345}
[Unified PT] Top5 후보:
  LRCX   CCS=0.5772 전략=📉 바닥반등 섹터=Technology
2026-07-18 06:55:08,145 [INFO] paper_trading.sheet_sync — [SheetSync] 거래로그 append: SELL APP
2026-07-18 06:55:08,969 [INFO] paper_trading.sheet_sync — [SheetSync] 거래로그 append: BUY LRCX
2026-07-18 06:55:09,984 [INFO] paper_trading.sheet_sync — [SheetSync] 포지션현황 업데이트: 3개 종목
2026-07-18 06:55:10,987 [INFO] paper_trading.sheet_sync — [SheetSync] 성과요약 업데이트: 29건 거래
[Unified PT] 구글 시트 동기화 완료
2026-07-18 06:55:11,303 [INFO] matplotlib.font_manager — Failed to extract font properties from /usr/share/fonts/truetype/noto/NotoColorEmoji.ttf: Non-scalable fonts are not supported
2026-07-18 06:55:11,327 [INFO] matplotlib.font_manager — generated new fontManager
2026-07-18 06:55:12,334 [WARNING] fpdf.output — Font MPDFAA+NanumGothic is missing the following glyphs: '📉' (\U0001f4c9), '📈' (\U0001f4c8)
2026-07-18 06:55:12,360 [INFO] fontTools.subset — maxp pruned
2026-07-18 06:55:12,360 [INFO] fontTools.subset — cmap pruned
2026-07-18 06:55:12,361 [INFO] fontTools.subset — post pruned
2026-07-18 06:55:12,361 [INFO] fontTools.subset — DSIG dropped
2026-07-18 06:55:12,361 [INFO] fontTools.subset — GPOS dropped
2026-07-18 06:55:12,361 [INFO] fontTools.subset — GSUB dropped
2026-07-18 06:55:12,361 [INFO] fontTools.subset — glyf pruned
2026-07-18 06:55:12,362 [INFO] fontTools.subset — Added gid0 to subset
2026-07-18 06:55:12,362 [INFO] fontTools.subset — Added first four glyphs to subset
2026-07-18 06:55:12,363 [INFO] fontTools.subset — Closing glyph list over 'glyf': 102 glyphs before
2026-07-18 06:55:12,363 [INFO] fontTools.subset — Glyph names: ['.notdef', 'A', 'B', 'C', 'D', 'E', 'F', 'G', 'H', 'I', 'L', 'M', 'N', 'O', 'P', 'Q', 'R', 'S', 'T', 'U', 'V', 'W', 'Y', 'a', 'arrowright', 'b', 'bar', 'c', 'colon', 'comma', 'copyright', 'd', 'dollar', 'e', 'eight', 'emdash', 'exclam', 'f', 'five', 'four', 'g', 'h', 'hyphen', 'i', 'k', 'l', 'm', 'n', 'nine', 'numbersign', 'o', 'one', 'p', 'parenleft', 'parenright', 'percent', 'period', 'periodcentered', 'plus', 'q', 'quotedbl', 'r', 's', 'seven', 'six', 'slash', 'space', 't', 'three', 'triagup', 'two', 'u', 'uniAC00', 'uniAC04', 'uniAD50', 'uniAE30', 'uniB2E5', 'uniB4F1', 'uniB808', 'uniB9C1', 'uniBA58', 'uniBAA8', 'uniBAA9', 'uniBC14', 'uniBC18', 'uniBCF4', 'uniC190', 'uniC2DC', 'uniC720', 'uniC775', 'uniC77C', 'uniC7A5', 'uniC808', 'uniCCB4', 'uniD140', 'uniD2B8', 'uniD45C', 'v', 'w', 'x', 'y', 'zero']
2026-07-18 06:55:12,363 [INFO] fontTools.subset — Glyph IDs:   [0, 1, 2, 3, 4, 5, 8, 9, 11, 12, 13, 14, 15, 16, 17, 18, 19, 20, 21, 22, 23, 24, 25, 26, 33, 34, 35, 36, 37, 38, 39, 40, 41, 44, 45, 46, 47, 48, 49, 50, 51, 52, 53, 54, 55, 57, 64, 65, 66, 67, 68, 69, 70, 71, 72, 74, 75, 76, 77, 78, 79, 80, 81, 82, 83, 84, 85, 86, 87, 88, 91, 96, 99, 104, 159, 162, 495, 497, 607, 654, 928, 1042, 1177, 1267, 1310, 1326, 1327, 1397, 1401, 1458, 1675, 1751, 2013, 2043, 2045, 2067, 2091, 2308, 2518, 2576, 2661, 13296]
2026-07-18 06:55:12,363 [INFO] fontTools.subset — Closed glyph list over 'glyf': 102 glyphs after
2026-07-18 06:55:12,363 [INFO] fontTools.subset — Glyph names: ['.notdef', 'A', 'B', 'C', 'D', 'E', 'F', 'G', 'H', 'I', 'L', 'M', 'N', 'O', 'P', 'Q', 'R', 'S', 'T', 'U', 'V', 'W', 'Y', 'a', 'arrowright', 'b', 'bar', 'c', 'colon', 'comma', 'copyright', 'd', 'dollar', 'e', 'eight', 'emdash', 'exclam', 'f', 'five', 'four', 'g', 'h', 'hyphen', 'i', 'k', 'l', 'm', 'n', 'nine', 'numbersign', 'o', 'one', 'p', 'parenleft', 'parenright', 'percent', 'period', 'periodcentered', 'plus', 'q', 'quotedbl', 'r', 's', 'seven', 'six', 'slash', 'space', 't', 'three', 'triagup', 'two', 'u', 'uniAC00', 'uniAC04', 'uniAD50', 'uniAE30', 'uniB2E5', 'uniB4F1', 'uniB808', 'uniB9C1', 'uniBA58', 'uniBAA8', 'uniBAA9', 'uniBC14', 'uniBC18', 'uniBCF4', 'uniC190', 'uniC2DC', 'uniC720', 'uniC775', 'uniC77C', 'uniC7A5', 'uniC808', 'uniCCB4', 'uniD140', 'uniD2B8', 'uniD45C', 'v', 'w', 'x', 'y', 'zero']
2026-07-18 06:55:12,364 [INFO] fontTools.subset — Glyph IDs:   [0, 1, 2, 3, 4, 5, 8, 9, 11, 12, 13, 14, 15, 16, 17, 18, 19, 20, 21, 22, 23, 24, 25, 26, 33, 34, 35, 36, 37, 38, 39, 40, 41, 44, 45, 46, 47, 48, 49, 50, 51, 52, 53, 54, 55, 57, 64, 65, 66, 67, 68, 69, 70, 71, 72, 74, 75, 76, 77, 78, 79, 80, 81, 82, 83, 84, 85, 86, 87, 88, 91, 96, 99, 104, 159, 162, 495, 497, 607, 654, 928, 1042, 1177, 1267, 1310, 1326, 1327, 1397, 1401, 1458, 1675, 1751, 2013, 2043, 2045, 2067, 2091, 2308, 2518, 2576, 2661, 13296]
2026-07-18 06:55:12,364 [INFO] fontTools.subset — Retaining 102 glyphs
2026-07-18 06:55:12,364 [INFO] fontTools.subset — head subsetting not needed
2026-07-18 06:55:12,364 [INFO] fontTools.subset — hhea subsetting not needed
2026-07-18 06:55:12,365 [INFO] fontTools.subset — maxp subsetting not needed
2026-07-18 06:55:12,365 [INFO] fontTools.subset — OS/2 subsetting not needed
2026-07-18 06:55:12,365 [INFO] fontTools.subset — hmtx subsetted
2026-07-18 06:55:12,367 [INFO] fontTools.subset — cmap subsetted
2026-07-18 06:55:12,367 [INFO] fontTools.subset — fpgm subsetting not needed
2026-07-18 06:55:12,367 [INFO] fontTools.subset — prep subsetting not needed
2026-07-18 06:55:12,367 [INFO] fontTools.subset — cvt  subsetting not needed
2026-07-18 06:55:12,367 [INFO] fontTools.subset — loca subsetting not needed
2026-07-18 06:55:12,367 [INFO] fontTools.subset — post subsetted
2026-07-18 06:55:12,367 [INFO] fontTools.subset — gasp subsetting not needed
2026-07-18 06:55:12,367 [INFO] fontTools.subset — name subsetting not needed
2026-07-18 06:55:12,369 [INFO] fontTools.subset — glyf subsetted
2026-07-18 06:55:12,370 [INFO] fontTools.subset — head pruned
2026-07-18 06:55:12,370 [INFO] fontTools.subset — OS/2 Unicode ranges pruned: [0, 1, 31, 37, 45, 56]
2026-07-18 06:55:12,370 [INFO] fontTools.subset — OS/2 CodePage ranges pruned: [0]
2026-07-18 06:55:12,371 [INFO] fontTools.subset — glyf pruned
2026-07-18 06:55:12,372 [INFO] fontTools.subset — name pruned
2026-07-18 06:55:12,392 [WARNING] fpdf.output — Font MPDFAA+NanumGothicBold is missing the following glyphs: '📈' (\U0001f4c8), '📉' (\U0001f4c9)
2026-07-18 06:55:12,392 [INFO] fontTools.subset — maxp pruned
2026-07-18 06:55:12,393 [INFO] fontTools.subset — cmap pruned
2026-07-18 06:55:12,393 [INFO] fontTools.subset — post pruned
2026-07-18 06:55:12,393 [INFO] fontTools.subset — DSIG dropped
2026-07-18 06:55:12,393 [INFO] fontTools.subset — GPOS dropped
2026-07-18 06:55:12,393 [INFO] fontTools.subset — GSUB dropped
2026-07-18 06:55:12,393 [INFO] fontTools.subset — glyf pruned
2026-07-18 06:55:12,394 [INFO] fontTools.subset — Added gid0 to subset
2026-07-18 06:55:12,394 [INFO] fontTools.subset — Added first four glyphs to subset
2026-07-18 06:55:12,394 [INFO] fontTools.subset — Closing glyph list over 'glyf': 103 glyphs before
2026-07-18 06:55:12,394 [INFO] fontTools.subset — Glyph names: ['.notdef', 'A', 'B', 'C', 'D', 'E', 'F', 'G', 'H', 'I', 'J', 'K', 'L', 'M', 'N', 'O', 'P', 'Q', 'R', 'S', 'T', 'U', 'V', 'W', 'X', 'Y', 'Z', 'a', 'ampersand', 'b', 'c', 'colon', 'd', 'dollar', 'e', 'eight', 'emdash', 'equal', 'exclam', 'f', 'five', 'four', 'g', 'h', 'hyphen', 'i', 'j', 'k', 'l', 'm', 'n', 'nine', 'numbersign', 'o', 'one', 'p', 'parenleft', 'parenright', 'percent', 'period', 'periodcentered', 'plus', 'q', 'quotedbl', 'quotesingle', 'r', 's', 'seven', 'six', 'slash', 'space', 't', 'three', 'two', 'u', 'uni2605', 'uniACE8', 'uniB20C', 'uniB2E5', 'uniB370', 'uniB4DC', 'uniB4E0', 'uniB4F1', 'uniB85C', 'uniB9BC', 'uniBA58', 'uniBAA8', 'uniBAA9', 'uniBC14', 'uniBC15', 'uniBC18', 'uniBC30', 'uniC2A4', 'uniC5F4', 'uniC784', 'uniC815', 'uniD06C', 'uniD140', 'v', 'w', 'x', 'y', 'zero']
2026-07-18 06:55:12,394 [INFO] fontTools.subset — Glyph IDs:   [0, 1, 2, 3, 4, 5, 6, 7, 8, 9, 11, 13, 14, 15, 16, 17, 18, 19, 20, 21, 22, 23, 24, 25, 26, 29, 33, 34, 35, 36, 37, 38, 39, 40, 41, 42, 43, 44, 45, 46, 47, 48, 49, 50, 51, 52, 53, 54, 55, 56, 57, 58, 64, 65, 66, 67, 68, 69, 70, 71, 72, 73, 74, 75, 76, 77, 78, 79, 80, 81, 82, 83, 84, 85, 86, 87, 88, 99, 104, 150, 573, 881, 926, 967, 1031, 1033, 1040, 1196, 1262, 1308, 1324, 1325, 1395, 1396, 1399, 1410, 1740, 1915, 2047, 2094, 2475, 2516, 13533]
2026-07-18 06:55:12,395 [INFO] fontTools.subset — Closed glyph list over 'glyf': 103 glyphs after
2026-07-18 06:55:12,395 [INFO] fontTools.subset — Glyph names: ['.notdef', 'A', 'B', 'C', 'D', 'E', 'F', 'G', 'H', 'I', 'J', 'K', 'L', 'M', 'N', 'O', 'P', 'Q', 'R', 'S', 'T', 'U', 'V', 'W', 'X', 'Y', 'Z', 'a', 'ampersand', 'b', 'c', 'colon', 'd', 'dollar', 'e', 'eight', 'emdash', 'equal', 'exclam', 'f', 'five', 'four', 'g', 'h', 'hyphen', 'i', 'j', 'k', 'l', 'm', 'n', 'nine', 'numbersign', 'o', 'one', 'p', 'parenleft', 'parenright', 'percent', 'period', 'periodcentered', 'plus', 'q', 'quotedbl', 'quotesingle', 'r', 's', 'seven', 'six', 'slash', 'space', 't', 'three', 'two', 'u', 'uni2605', 'uniACE8', 'uniB20C', 'uniB2E5', 'uniB370', 'uniB4DC', 'uniB4E0', 'uniB4F1', 'uniB85C', 'uniB9BC', 'uniBA58', 'uniBAA8', 'uniBAA9', 'uniBC14', 'uniBC15', 'uniBC18', 'uniBC30', 'uniC2A4', 'uniC5F4', 'uniC784', 'uniC815', 'uniD06C', 'uniD140', 'v', 'w', 'x', 'y', 'zero']
2026-07-18 06:55:12,395 [INFO] fontTools.subset — Glyph IDs:   [0, 1, 2, 3, 4, 5, 6, 7, 8, 9, 11, 13, 14, 15, 16, 17, 18, 19, 20, 21, 22, 23, 24, 25, 26, 29, 33, 34, 35, 36, 37, 38, 39, 40, 41, 42, 43, 44, 45, 46, 47, 48, 49, 50, 51, 52, 53, 54, 55, 56, 57, 58, 64, 65, 66, 67, 68, 69, 70, 71, 72, 73, 74, 75, 76, 77, 78, 79, 80, 81, 82, 83, 84, 85, 86, 87, 88, 99, 104, 150, 573, 881, 926, 967, 1031, 1033, 1040, 1196, 1262, 1308, 1324, 1325, 1395, 1396, 1399, 1410, 1740, 1915, 2047, 2094, 2475, 2516, 13533]
2026-07-18 06:55:12,395 [INFO] fontTools.subset — Retaining 103 glyphs
2026-07-18 06:55:12,396 [INFO] fontTools.subset — head subsetting not needed
2026-07-18 06:55:12,396 [INFO] fontTools.subset — hhea subsetting not needed
2026-07-18 06:55:12,396 [INFO] fontTools.subset — maxp subsetting not needed
2026-07-18 06:55:12,396 [INFO] fontTools.subset — OS/2 subsetting not needed
2026-07-18 06:55:12,396 [INFO] fontTools.subset — hmtx subsetted
2026-07-18 06:55:12,398 [INFO] fontTools.subset — cmap subsetted
2026-07-18 06:55:12,398 [INFO] fontTools.subset — fpgm subsetting not needed
2026-07-18 06:55:12,398 [INFO] fontTools.subset — prep subsetting not needed
2026-07-18 06:55:12,398 [INFO] fontTools.subset — cvt  subsetting not needed
2026-07-18 06:55:12,398 [INFO] fontTools.subset — loca subsetting not needed
2026-07-18 06:55:12,398 [INFO] fontTools.subset — post subsetted
2026-07-18 06:55:12,398 [INFO] fontTools.subset — gasp subsetting not needed
2026-07-18 06:55:12,398 [INFO] fontTools.subset — name subsetting not needed
2026-07-18 06:55:12,401 [INFO] fontTools.subset — glyf subsetted
2026-07-18 06:55:12,401 [INFO] fontTools.subset — head pruned
2026-07-18 06:55:12,401 [INFO] fontTools.subset — OS/2 Unicode ranges pruned: [0, 1, 31, 46, 56]
2026-07-18 06:55:12,401 [INFO] fontTools.subset — OS/2 CodePage ranges pruned: [0]
2026-07-18 06:55:12,402 [INFO] fontTools.subset — glyf pruned
2026-07-18 06:55:12,403 [INFO] fontTools.subset — name pruned
[Unified PT] PDF 리포트 생성 완료 (149,432 bytes)
[시장분석] 66개 종목 데이터 수집 중...
2026-07-18 06:55:18,924 [WARNING] data.fetch — [fetch_analyst_data] APP: 'dict' object has no attribute 'empty'
2026-07-18 06:55:19,101 [WARNING] data.fetch — [fetch_analyst_data] META: 'dict' object has no attribute 'empty'
2026-07-18 06:55:19,115 [WARNING] data.fetch — [fetch_analyst_data] HIMS: 'dict' object has no attribute 'empty'
2026-07-18 06:55:19,120 [WARNING] data.fetch — [fetch_analyst_data] LRCX: 'dict' object has no attribute 'empty'
2026-07-18 06:55:19,136 [WARNING] data.fetch — [fetch_analyst_data] PGR: 'dict' object has no attribute 'empty'
2026-07-18 06:55:25,277 [WARNING] data.fetch — [fetch_analyst_data] QBTS: 'dict' object has no attribute 'empty'
2026-07-18 06:55:25,490 [WARNING] data.fetch — [fetch_analyst_data] SHW: 'dict' object has no attribute 'empty'
2026-07-18 06:55:25,585 [WARNING] data.fetch — [fetch_analyst_data] MA: 'dict' object has no attribute 'empty'
2026-07-18 06:55:25,616 [WARNING] data.fetch — [fetch_analyst_data] IBM: 'dict' object has no attribute 'empty'
2026-07-18 06:55:25,630 [WARNING] data.fetch — [fetch_analyst_data] SFM: 'dict' object has no attribute 'empty'
2026-07-18 06:55:31,561 [WARNING] data.fetch — [fetch_analyst_data] NVDA: 'dict' object has no attribute 'empty'
2026-07-18 06:55:31,785 [WARNING] data.fetch — [fetch_analyst_data] DJT: 'dict' object has no attribute 'empty'
2026-07-18 06:55:31,942 [WARNING] data.fetch — [fetch_analyst_data] BRBR: 'dict' object has no attribute 'empty'
2026-07-18 06:55:31,988 [WARNING] data.fetch — [fetch_analyst_data] GILD: 'dict' object has no attribute 'empty'
2026-07-18 06:55:32,001 [WARNING] data.fetch — [fetch_analyst_data] ZS: 'dict' object has no attribute 'empty'
2026-07-18 06:55:37,893 [WARNING] data.fetch — [fetch_analyst_data] NEE: 'dict' object has no attribute 'empty'
2026-07-18 06:55:38,156 [WARNING] data.fetch — [fetch_analyst_data] BLK: 'dict' object has no attribute 'empty'
2026-07-18 06:55:38,362 [WARNING] data.fetch — [fetch_analyst_data] MCK: 'dict' object has no attribute 'empty'
2026-07-18 06:55:38,367 [WARNING] data.fetch — [fetch_analyst_data] KVYO: 'dict' object has no attribute 'empty'
2026-07-18 06:55:38,395 [WARNING] data.fetch — [fetch_analyst_data] ABT: 'dict' object has no attribute 'empty'
2026-07-18 06:55:44,182 [WARNING] data.fetch — [fetch_analyst_data] TMUS: 'dict' object has no attribute 'empty'
2026-07-18 06:55:44,472 [WARNING] data.fetch — [fetch_analyst_data] SKYQ: 'dict' object has no attribute 'empty'
2026-07-18 06:55:44,657 [WARNING] data.fetch — [fetch_analyst_data] INSP: 'dict' object has no attribute 'empty'
2026-07-18 06:55:44,664 [WARNING] data.fetch — [fetch_analyst_data] DAR: 'dict' object has no attribute 'empty'
2026-07-18 06:55:44,725 [WARNING] data.fetch — [fetch_analyst_data] CVX: 'dict' object has no attribute 'empty'
2026-07-18 06:55:50,441 [WARNING] data.fetch — [fetch_analyst_data] HUBS: 'dict' object has no attribute 'empty'
2026-07-18 06:55:50,859 [WARNING] data.fetch — [fetch_analyst_data] OWL: 'dict' object has no attribute 'empty'
2026-07-18 06:55:50,933 [WARNING] data.fetch — [fetch_analyst_data] TEAM: 'dict' object has no attribute 'empty'
2026-07-18 06:55:50,962 [WARNING] data.fetch — [fetch_analyst_data] PRGO: 'dict' object has no attribute 'empty'
2026-07-18 06:55:51,103 [WARNING] data.fetch — [fetch_analyst_data] XOM: 'dict' object has no attribute 'empty'
2026-07-18 06:55:56,742 [WARNING] data.fetch — [fetch_analyst_data] MSFT: 'dict' object has no attribute 'empty'
2026-07-18 06:55:57,112 [WARNING] data.fetch — [fetch_analyst_data] FIG: 'dict' object has no attribute 'empty'
2026-07-18 06:55:57,292 [WARNING] data.fetch — [fetch_analyst_data] TRI: 'dict' object has no attribute 'empty'
2026-07-18 06:55:57,317 [WARNING] data.fetch — [fetch_analyst_data] PFE: 'dict' object has no attribute 'empty'
2026-07-18 06:55:57,428 [WARNING] data.fetch — [fetch_analyst_data] NKE: 'dict' object has no attribute 'empty'
2026-07-18 06:56:03,076 [WARNING] data.fetch — [fetch_analyst_data] COP: 'dict' object has no attribute 'empty'
2026-07-18 06:56:03,366 [WARNING] data.fetch — [fetch_analyst_data] PLTR: 'dict' object has no attribute 'empty'
2026-07-18 06:56:03,630 [WARNING] data.fetch — [fetch_analyst_data] KD: 'dict' object has no attribute 'empty'
2026-07-18 06:56:03,639 [WARNING] data.fetch — [fetch_analyst_data] NVVE: 'dict' object has no attribute 'empty'
2026-07-18 06:56:03,704 [WARNING] data.fetch — [fetch_analyst_data] CRM: 'dict' object has no attribute 'empty'
2026-07-18 06:56:09,335 [WARNING] data.fetch — [fetch_analyst_data] PODD: 'dict' object has no attribute 'empty'
2026-07-18 06:56:09,755 [WARNING] data.fetch — [fetch_analyst_data] ADBE: 'dict' object has no attribute 'empty'
2026-07-18 06:56:09,980 [WARNING] data.fetch — [fetch_analyst_data] WMT: 'dict' object has no attribute 'empty'
2026-07-18 06:56:10,064 [WARNING] data.fetch — [fetch_analyst_data] CMCSA: 'dict' object has no attribute 'empty'
2026-07-18 06:56:10,077 [WARNING] data.fetch — [fetch_analyst_data] TME: 'dict' object has no attribute 'empty'
2026-07-18 06:56:15,593 [WARNING] data.fetch — [fetch_analyst_data] CHWY: 'dict' object has no attribute 'empty'
2026-07-18 06:56:16,052 [WARNING] data.fetch — [fetch_analyst_data] PYPL: 'dict' object has no attribute 'empty'
2026-07-18 06:56:16,285 [WARNING] data.fetch — [fetch_analyst_data] LCID: 'dict' object has no attribute 'empty'
2026-07-18 06:56:16,350 [WARNING] data.fetch — [fetch_analyst_data] IT: 'dict' object has no attribute 'empty'
2026-07-18 06:56:16,411 [WARNING] data.fetch — [fetch_analyst_data] CNXC: 'dict' object has no attribute 'empty'
2026-07-18 06:56:21,887 [WARNING] data.fetch — [fetch_analyst_data] CME: 'dict' object has no attribute 'empty'
2026-07-18 06:56:22,365 [WARNING] data.fetch — [fetch_analyst_data] T: 'dict' object has no attribute 'empty'
2026-07-18 06:56:22,704 [WARNING] data.fetch — [fetch_analyst_data] PG: 'dict' object has no attribute 'empty'
2026-07-18 06:56:22,706 [WARNING] data.fetch — [fetch_analyst_data] TSLA: 'dict' object has no attribute 'empty'
2026-07-18 06:56:22,735 [WARNING] data.fetch — [fetch_analyst_data] RZLV: 'dict' object has no attribute 'empty'
2026-07-18 06:56:28,173 [WARNING] data.fetch — [fetch_analyst_data] UPC: 'dict' object has no attribute 'empty'
2026-07-18 06:56:28,632 [WARNING] data.fetch — [fetch_analyst_data] SMCI: 'dict' object has no attribute 'empty'
2026-07-18 06:56:29,036 [WARNING] data.fetch — [fetch_analyst_data] IREN: 'dict' object has no attribute 'empty'
2026-07-18 06:56:29,079 [WARNING] data.fetch — [fetch_analyst_data] ALOY: 'dict' object has no attribute 'empty'
2026-07-18 06:56:29,098 [WARNING] data.fetch — [fetch_analyst_data] CRWV: 'dict' object has no attribute 'empty'
2026-07-18 06:56:34,473 [WARNING] data.fetch — [fetch_analyst_data] HD: 'dict' object has no attribute 'empty'
2026-07-18 06:56:34,884 [WARNING] data.fetch — [fetch_analyst_data] QUBT: 'dict' object has no attribute 'empty'
2026-07-18 06:56:35,385 [WARNING] data.fetch — [fetch_analyst_data] TMO: 'dict' object has no attribute 'empty'
2026-07-18 06:56:35,421 [WARNING] data.fetch — [fetch_analyst_data] BKNG: 'dict' object has no attribute 'empty'
2026-07-18 06:56:35,457 [WARNING] data.fetch — [fetch_analyst_data] ACA: 'dict' object has no attribute 'empty'
2026-07-18 06:56:40,808 [WARNING] data.fetch — [fetch_analyst_data] RTX: 'dict' object has no attribute 'empty'
[시장분석] enrichment 완료
[Email] 페이퍼 트레이딩 알림 발송 완료 (PDF 첨부) (매도 1건, 매수 1건, 재평가 0건, 재평가실패 0건, 후보 1건) → chunghwan14@gmail.com, roykim0311@gmail.com, ssamjungtan@naver.com
============================================================
[Unified Paper Trading] 완료
============================================================
