[OHLCV] 배치 다운로드 1/4 (150개 종목, period=5y)...
[OHLCV] 배치 다운로드 2/4 (150개 종목, period=5y)...
[OHLCV] 배치 다운로드 3/4 (150개 종목, period=5y)...
[OHLCV] 배치 다운로드 4/4 (68개 종목, period=5y)...
[DataValidator] 11건의 데이터 품질 경고 발생
Warning:  HOLX: Close NaN 비율 100.0% (기준: 30%)
Warning:  PDD: 비정상 가격 변동 56.1% (2022-03-16) — 스플릿/데이터 오류 가능
Warning:  SOLV: Close NaN 비율 53.9% (기준: 30%)
Warning:  VLTO: Close NaN 비율 44.4% (기준: 30%)
Warning:  CTRA: Close NaN 비율 100.0% (기준: 30%)
Warning:  GL: 비정상 가격 변동 53.1% (2024-04-11) — 스플릿/데이터 오류 가능
Warning:  HOOD: 비정상 가격 변동 50.4% (2021-08-04) — 스플릿/데이터 오류 가능
Warning:  KVUE: Close NaN 비율 36.0% (기준: 30%)
Warning:  BK: Close NaN 비율 100.0% (기준: 30%)
Warning:  DAY: Close NaN 비율 100.0% (기준: 30%)
Warning:  GEV: Close NaN 비율 53.9% (기준: 30%)
[[SP500 분석]] 강한 섹터: {'Health Care', 'Financials', 'Energy', 'Real Estate', 'Utilities', 'Communication Services', 'Consumer Staples'}
[[SP500 분석]] Extreme model 'label_low' walk-forward ROC 0.66, AP 0.39
[[SP500 분석]] Extreme model 'label_high' walk-forward ROC 0.56, AP 0.26
[[SP500 분석]] Google Sheets 업데이트 완료
[Email] 바닥반등 30개 + 모멘텀 46개 = 총 76개 종목 리스트를 chunghwan14@gmail.com, roykim0311@gmail.com, ssamjungtan@naver.com로 발송 완료
[[SP500 분석]] Signals 결과 기반 차트분석 종목 리스트 생성 중...
[Dynamic Portfolio] 생성된 차트분석 종목 리스트(78개): ['NBM.V', 'ACA', 'RTX', 'APP', 'ABBV', 'HPE', 'WDC', 'CDNS', 'SMCI', 'CVX', 'PANW', 'KO', 'TMO', 'APH', 'HLT', 'INTC', 'V', 'IWM', 'CSCO', 'MRVL', 'GE', 'AMD', 'NXPI', 'SPY', 'LRCX', 'C', 'SHW', 'BAC', 'META', 'PM', 'GEV', 'MS', 'ETN', 'AXP', 'HD', 'HWM', 'MU', 'NEM', 'WFC', 'IBM', 'CRWD', 'MCHP', 'TXN', 'GOOGL', 'DELL', 'QQQ', 'VRTX', 'MA', 'LLY', 'ORCL', 'GOOG', 'STX', 'QCOM', 'BRK-B', 'AAPL', 'KLAC', 'PG', 'MRK', 'PWR', 'SCHW', 'UNH', 'PGR', 'ANET', 'AMGN', 'CAT', 'GS', 'VLO', 'NVDA', 'HOOD', 'ASML', 'TER', 'CVS', 'DDOG', 'LIN', 'AMAT', 'JPM', 'FTNT', 'JNJ']
[[SP500 차트분석]] [SP500 분석] 결과 기반 [SP500 차트분석] 시트 생성 중 (78개 종목)...
[[SP500 차트분석]] [SP500 분석]에 없는 종목은 별도 분석: ['NBM.V', 'ACA']
[DataValidator] 1건의 데이터 품질 경고 발생
Warning:  NBM.V: 비정상 가격 변동 56.3% (2024-09-25) — 스플릿/데이터 오류 가능
[[SP500 차트분석]] 강한 섹터: {'Health Care', 'Financials', 'Energy', 'Real Estate', 'Utilities', 'Communication Services', 'Consumer Staples'}
[[SP500 차트분석]] Extreme model 'global' skipped: insufficient_tickers
[[SP500 차트분석]] 기존 차트 파일 삭제 중...
[[SP500 차트분석]] 차트 저장 디렉토리 준비 완료: charts/screenshots
[[SP500 차트분석]] TradingView 차트 캡처 시작...
[[SP500 차트분석]] 78개 종목 차트 캡처 중...
[TradingView] UNH 브라우저 세션 시작  (로그인 세션)...
[TradingView] 1H 캡처 완료 (60)
[TradingView] 4H 캡처 완료 (240)
[TradingView] Daily 캡처 완료 (D)
[TradingView] Weekly 캡처 완료 (W)
[TradingView] Monthly 캡처 완료 (M)
[[SP500 차트분석]] UNH 차트 5개 처리 완료
[TradingView] KO 브라우저 세션 시작  (로그인 세션)...
[TradingView] 1H 캡처 완료 (60)
[TradingView] 4H 캡처 완료 (240)
[TradingView] Daily 캡처 완료 (D)
[TradingView] Weekly 캡처 완료 (W)
[TradingView] Monthly 캡처 완료 (M)
[[SP500 차트분석]] KO 차트 5개 처리 완료
[TradingView] IWM 브라우저 세션 시작  (로그인 세션)...
[TradingView] 1H 캡처 완료 (60)
[TradingView] 4H 캡처 완료 (240)
[TradingView] Daily 캡처 완료 (D)
[TradingView] Weekly 캡처 완료 (W)
[TradingView] Monthly 캡처 완료 (M)
[[SP500 차트분석]] IWM 차트 5개 처리 완료
[TradingView] META 브라우저 세션 시작  (로그인 세션)...
[TradingView] 1H 캡처 완료 (60)
[TradingView] 4H 캡처 완료 (240)
[TradingView] Daily 캡처 완료 (D)
[TradingView] Weekly 캡처 완료 (W)
[TradingView] Monthly 캡처 완료 (M)
[[SP500 차트분석]] META 차트 5개 처리 완료
[TradingView] PGR 브라우저 세션 시작  (로그인 세션)...
[TradingView] 1H 캡처 완료 (60)
[TradingView] 4H 캡처 완료 (240)
[TradingView] Daily 캡처 완료 (D)
[TradingView] Weekly 캡처 완료 (W)
[TradingView] Monthly 캡처 완료 (M)
[[SP500 차트분석]] PGR 차트 5개 처리 완료
[TradingView] CSCO 브라우저 세션 시작  (로그인 세션)...
[TradingView] 1H 캡처 완료 (60)
[TradingView] 4H 캡처 완료 (240)
[TradingView] Daily 캡처 완료 (D)
[TradingView] Weekly 캡처 완료 (W)
[TradingView] Monthly 캡처 완료 (M)
[[SP500 차트분석]] CSCO 차트 5개 처리 완료
[TradingView] AMD 브라우저 세션 시작  (로그인 세션)...
[TradingView] 1H 캡처 완료 (60)
[TradingView] 4H 캡처 완료 (240)
[TradingView] Daily 캡처 완료 (D)
[TradingView] Weekly 캡처 완료 (W)
[TradingView] Monthly 캡처 완료 (M)
[[SP500 차트분석]] AMD 차트 5개 처리 완료
[TradingView] DELL 브라우저 세션 시작  (로그인 세션)...
[TradingView] 1H 캡처 완료 (60)
[TradingView] 4H 캡처 완료 (240)
[TradingView] Daily 캡처 완료 (D)
[TradingView] Weekly 캡처 완료 (W)
[TradingView] Monthly 캡처 완료 (M)
[[SP500 차트분석]] DELL 차트 5개 처리 완료
[TradingView] GE 브라우저 세션 시작  (로그인 세션)...
[TradingView] 1H 캡처 완료 (60)
[TradingView] 4H 캡처 완료 (240)
[TradingView] Daily 캡처 완료 (D)
[TradingView] Weekly 캡처 완료 (W)
[TradingView] Monthly 캡처 완료 (M)
[[SP500 차트분석]] GE 차트 5개 처리 완료
[TradingView] GEV 브라우저 세션 시작  (로그인 세션)...
[TradingView] 1H 캡처 완료 (60)
[TradingView] 4H 캡처 완료 (240)
[TradingView] Daily 캡처 완료 (D)
[TradingView] Weekly 캡처 완료 (W)
[TradingView] Monthly 캡처 완료 (M)
[[SP500 차트분석]] GEV 차트 5개 처리 완료
[TradingView] MA 브라우저 세션 시작  (로그인 세션)...
[TradingView] 1H 캡처 완료 (60)
[TradingView] 4H 캡처 완료 (240)
[TradingView] Daily 캡처 완료 (D)
[TradingView] Weekly 캡처 완료 (W)
[TradingView] Monthly 캡처 완료 (M)
[[SP500 차트분석]] MA 차트 5개 처리 완료
[TradingView] AAPL 브라우저 세션 시작  (로그인 세션)...
[TradingView] 1H 캡처 완료 (60)
[TradingView] 4H 캡처 완료 (240)
[TradingView] Daily 캡처 완료 (D)
[TradingView] Weekly 캡처 완료 (W)
[TradingView] Monthly 캡처 완료 (M)
[[SP500 차트분석]] AAPL 차트 5개 처리 완료
[TradingView] ABBV 브라우저 세션 시작  (로그인 세션)...
[TradingView] 1H 캡처 완료 (60)
[TradingView] 4H 캡처 완료 (240)
[TradingView] Daily 캡처 완료 (D)
[TradingView] Weekly 캡처 완료 (W)
[TradingView] Monthly 캡처 완료 (M)
[[SP500 차트분석]] ABBV 차트 5개 처리 완료
[TradingView] AXP 브라우저 세션 시작  (로그인 세션)...
[TradingView] 1H 캡처 완료 (60)
[TradingView] 4H 캡처 완료 (240)
[TradingView] Daily 캡처 완료 (D)
[TradingView] Weekly 캡처 완료 (W)
[TradingView] Monthly 캡처 완료 (M)
[[SP500 차트분석]] AXP 차트 5개 처리 완료
[TradingView] BAC 브라우저 세션 시작  (로그인 세션)...
[TradingView] 1H 캡처 완료 (60)
[TradingView] 4H 캡처 완료 (240)
[TradingView] Daily 캡처 완료 (D)
[TradingView] Weekly 캡처 완료 (W)
[TradingView] Monthly 캡처 완료 (M)
[[SP500 차트분석]] BAC 차트 5개 처리 완료
[TradingView] CRWD 브라우저 세션 시작  (로그인 세션)...
[TradingView] 1H 캡처 완료 (60)
[TradingView] 4H 캡처 완료 (240)
[TradingView] Daily 캡처 완료 (D)
[TradingView] Weekly 캡처 완료 (W)
[TradingView] Monthly 캡처 완료 (M)
[[SP500 차트분석]] CRWD 차트 5개 처리 완료
[TradingView] CVS 브라우저 세션 시작  (로그인 세션)...
[TradingView] 1H 캡처 완료 (60)
[TradingView] 4H 캡처 완료 (240)
[TradingView] Daily 캡처 완료 (D)
[TradingView] Weekly 캡처 완료 (W)
[TradingView] Monthly 캡처 완료 (M)
[[SP500 차트분석]] CVS 차트 5개 처리 완료
[TradingView] DDOG 브라우저 세션 시작  (로그인 세션)...
[TradingView] 1H 캡처 완료 (60)
[TradingView] 4H 캡처 완료 (240)
[TradingView] Daily 캡처 완료 (D)
[TradingView] Weekly 캡처 완료 (W)
[TradingView] Monthly 캡처 완료 (M)
[[SP500 차트분석]] DDOG 차트 5개 처리 완료
[TradingView] FTNT 브라우저 세션 시작  (로그인 세션)...
[TradingView] 1H 캡처 완료 (60)
[TradingView] 4H 캡처 완료 (240)
[TradingView] Daily 캡처 완료 (D)
[TradingView] Weekly 캡처 완료 (W)
[TradingView] Monthly 캡처 완료 (M)
[[SP500 차트분석]] FTNT 차트 5개 처리 완료
[TradingView] PANW 브라우저 세션 시작  (로그인 세션)...
[TradingView] 1H 캡처 완료 (60)
[TradingView] 4H 캡처 완료 (240)
[TradingView] Daily 캡처 완료 (D)
[TradingView] Weekly 캡처 완료 (W)
[TradingView] Monthly 캡처 완료 (M)
[[SP500 차트분석]] PANW 차트 5개 처리 완료
[TradingView] SCHW 브라우저 세션 시작  (로그인 세션)...
[TradingView] 1H 캡처 완료 (60)
[TradingView] 4H 캡처 완료 (240)
[TradingView] Daily 캡처 완료 (D)
[TradingView] Weekly 캡처 완료 (W)
[TradingView] Monthly 캡처 완료 (M)
[[SP500 차트분석]] SCHW 차트 5개 처리 완료
[TradingView] TMO 브라우저 세션 시작  (로그인 세션)...
[TradingView] 1H 캡처 완료 (60)
[TradingView] 4H 캡처 완료 (240)
[TradingView] Daily 캡처 완료 (D)
[TradingView] Weekly 캡처 완료 (W)
[TradingView] Monthly 캡처 완료 (M)
[[SP500 차트분석]] TMO 차트 5개 처리 완료
[TradingView] V 브라우저 세션 시작  (로그인 세션)...
[TradingView] 1H 캡처 완료 (60)
[TradingView] 4H 캡처 완료 (240)
[TradingView] Daily 캡처 완료 (D)
[TradingView] Weekly 캡처 완료 (W)
[TradingView] Monthly 캡처 완료 (M)
[[SP500 차트분석]] V 차트 5개 처리 완료
[TradingView] CDNS 브라우저 세션 시작  (로그인 세션)...
[TradingView] 1H 캡처 완료 (60)
[TradingView] 4H 캡처 완료 (240)
[TradingView] Daily 캡처 완료 (D)
[TradingView] Weekly 캡처 완료 (W)
[TradingView] Monthly 캡처 완료 (M)
[[SP500 차트분석]] CDNS 차트 5개 처리 완료
[TradingView] HOOD 브라우저 세션 시작  (로그인 세션)...
[TradingView] 1H 캡처 완료 (60)
[TradingView] 4H 캡처 완료 (240)
[TradingView] Daily 캡처 완료 (D)
[TradingView] Weekly 캡처 완료 (W)
[TradingView] Monthly 캡처 완료 (M)
[[SP500 차트분석]] HOOD 차트 5개 처리 완료
[TradingView] QQQ 브라우저 세션 시작  (로그인 세션)...
[TradingView] 1H 캡처 완료 (60)
[TradingView] 4H 캡처 완료 (240)
[TradingView] Daily 캡처 완료 (D)
[TradingView] Weekly 캡처 완료 (W)
[TradingView] Monthly 캡처 완료 (M)
[[SP500 차트분석]] QQQ 차트 5개 처리 완료
[TradingView] SPY 브라우저 세션 시작  (로그인 세션)...
[TradingView] 1H 캡처 완료 (60)
[TradingView] 4H 캡처 완료 (240)
[TradingView] Daily 캡처 완료 (D)
[TradingView] Weekly 캡처 완료 (W)
[TradingView] Monthly 캡처 완료 (M)
[[SP500 차트분석]] SPY 차트 5개 처리 완료
[TradingView] VRTX 브라우저 세션 시작  (로그인 세션)...
[TradingView] 1H 캡처 완료 (60)
[TradingView] 4H 캡처 완료 (240)
[TradingView] Daily 캡처 완료 (D)
[TradingView] Weekly 캡처 완료 (W)
[TradingView] Monthly 캡처 완료 (M)
[[SP500 차트분석]] VRTX 차트 5개 처리 완료
[TradingView] VLO 브라우저 세션 시작  (로그인 세션)...
[TradingView] 1H 캡처 완료 (60)
[TradingView] 4H 캡처 완료 (240)
[TradingView] Daily 캡처 완료 (D)
[TradingView] Weekly 캡처 완료 (W)
[TradingView] Monthly 캡처 완료 (M)
[[SP500 차트분석]] VLO 차트 5개 처리 완료
[TradingView] STX 브라우저 세션 시작  (로그인 세션)...
[TradingView] 1H 캡처 완료 (60)
[TradingView] 4H 캡처 완료 (240)
[TradingView] Daily 캡처 완료 (D)
[TradingView] Weekly 캡처 완료 (W)
[TradingView] Monthly 캡처 완료 (M)
[[SP500 차트분석]] STX 차트 5개 처리 완료
[TradingView] MS 브라우저 세션 시작  (로그인 세션)...
[TradingView] 1H 캡처 완료 (60)
[TradingView] 4H 캡처 완료 (240)
[TradingView] Daily 캡처 완료 (D)
[TradingView] Weekly 캡처 완료 (W)
[TradingView] Monthly 캡처 완료 (M)
[[SP500 차트분석]] MS 차트 5개 처리 완료
[TradingView] ASML 브라우저 세션 시작  (로그인 세션)...
[TradingView] 1H 캡처 완료 (60)
[TradingView] 4H 캡처 완료 (240)
[TradingView] Daily 캡처 완료 (D)
[TradingView] Weekly 캡처 완료 (W)
[TradingView] Monthly 캡처 완료 (M)
[[SP500 차트분석]] ASML 차트 5개 처리 완료
[TradingView] C 브라우저 세션 시작  (로그인 세션)...
[TradingView] 1H 캡처 완료 (60)
[TradingView] 4H 캡처 완료 (240)
[TradingView] Daily 캡처 완료 (D)
[TradingView] Weekly 캡처 완료 (W)
[TradingView] Monthly 캡처 완료 (M)
[[SP500 차트분석]] C 차트 5개 처리 완료
[TradingView] JPM 브라우저 세션 시작  (로그인 세션)...
[TradingView] 1H 캡처 완료 (60)
[TradingView] 4H 캡처 완료 (240)
[TradingView] Daily 캡처 완료 (D)
[TradingView] Weekly 캡처 완료 (W)
[TradingView] Monthly 캡처 완료 (M)
[[SP500 차트분석]] JPM 차트 5개 처리 완료
[TradingView] WFC 브라우저 세션 시작  (로그인 세션)...
[TradingView] 1H 캡처 완료 (60)
[TradingView] 4H 캡처 완료 (240)
[TradingView] Daily 캡처 완료 (D)
[TradingView] Weekly 캡처 완료 (W)
[TradingView] Monthly 캡처 완료 (M)
[[SP500 차트분석]] WFC 차트 5개 처리 완료
[TradingView] LIN 브라우저 세션 시작  (로그인 세션)...
[TradingView] 1H 캡처 완료 (60)
[TradingView] 4H 캡처 완료 (240)
[TradingView] Daily 캡처 완료 (D)
[TradingView] Weekly 캡처 완료 (W)
[TradingView] Monthly 캡처 완료 (M)
[[SP500 차트분석]] LIN 차트 5개 처리 완료
[TradingView] JNJ 브라우저 세션 시작  (로그인 세션)...
[TradingView] 1H 캡처 완료 (60)
[TradingView] 4H 캡처 완료 (240)
[TradingView] Daily 캡처 완료 (D)
[TradingView] Weekly 캡처 완료 (W)
[TradingView] Monthly 캡처 완료 (M)
[[SP500 차트분석]] JNJ 차트 5개 처리 완료
[TradingView] MRVL 브라우저 세션 시작  (로그인 세션)...
[TradingView] 1H 캡처 완료 (60)
[TradingView] 4H 캡처 완료 (240)
[TradingView] Daily 캡처 완료 (D)
[TradingView] Weekly 캡처 완료 (W)
[TradingView] Monthly 캡처 완료 (M)
[[SP500 차트분석]] MRVL 차트 5개 처리 완료
[TradingView] CAT 브라우저 세션 시작  (로그인 세션)...
[TradingView] 1H 캡처 완료 (60)
[TradingView] 4H 캡처 완료 (240)
[TradingView] Daily 캡처 완료 (D)
[TradingView] Weekly 캡처 완료 (W)
[TradingView] Monthly 캡처 완료 (M)
[[SP500 차트분석]] CAT 차트 5개 처리 완료
[TradingView] BRK-B 브라우저 세션 시작  (로그인 세션)...
[TradingView] 1H 캡처 완료 (60)
[TradingView] 4H 캡처 완료 (240)
[TradingView] Daily 캡처 완료 (D)
[TradingView] Weekly 캡처 완료 (W)
[TradingView] Monthly 캡처 완료 (M)
[[SP500 차트분석]] BRK-B 차트 5개 처리 완료
[TradingView] MU 브라우저 세션 시작  (로그인 세션)...
[TradingView] 1H 캡처 완료 (60)
[TradingView] 4H 캡처 완료 (240)
[TradingView] Daily 캡처 완료 (D)
[TradingView] Weekly 캡처 완료 (W)
[TradingView] Monthly 캡처 완료 (M)
[[SP500 차트분석]] MU 차트 5개 처리 완료
[TradingView] TXN 브라우저 세션 시작  (로그인 세션)...
[TradingView] 1H 캡처 완료 (60)
[TradingView] 4H 캡처 완료 (240)
[TradingView] Daily 캡처 완료 (D)
[TradingView] Weekly 캡처 완료 (W)
[TradingView] Monthly 캡처 완료 (M)
[[SP500 차트분석]] TXN 차트 5개 처리 완료
[TradingView] AMAT 브라우저 세션 시작  (로그인 세션)...
[TradingView] 1H 캡처 완료 (60)
[TradingView] 4H 캡처 완료 (240)
[TradingView] Daily 캡처 완료 (D)
[TradingView] Weekly 캡처 완료 (W)
[TradingView] Monthly 캡처 완료 (M)
[[SP500 차트분석]] AMAT 차트 5개 처리 완료
[TradingView] GOOG 브라우저 세션 시작  (로그인 세션)...
[TradingView] 1H 캡처 완료 (60)
[TradingView] 4H 캡처 완료 (240)
[TradingView] Daily 캡처 완료 (D)
[TradingView] Weekly 캡처 완료 (W)
[TradingView] Monthly 캡처 완료 (M)
[[SP500 차트분석]] GOOG 차트 5개 처리 완료
[TradingView] KLAC 브라우저 세션 시작  (로그인 세션)...
[TradingView] 1H 캡처 완료 (60)
[TradingView] 4H 캡처 완료 (240)
[TradingView] Daily 캡처 완료 (D)
[TradingView] Weekly 캡처 완료 (W)
[TradingView] Monthly 캡처 완료 (M)
[[SP500 차트분석]] KLAC 차트 5개 처리 완료
[TradingView] IBM 브라우저 세션 시작  (로그인 세션)...
[TradingView] 1H 캡처 완료 (60)
[TradingView] 4H 캡처 완료 (240)
[TradingView] Daily 캡처 완료 (D)
[TradingView] Weekly 캡처 완료 (W)
[TradingView] Monthly 캡처 완료 (M)
[[SP500 차트분석]] IBM 차트 5개 처리 완료
[TradingView] WDC 브라우저 세션 시작  (로그인 세션)...
[TradingView] 1H 캡처 완료 (60)
[TradingView] 4H 캡처 완료 (240)
[TradingView] Daily 캡처 완료 (D)
[TradingView] Weekly 캡처 완료 (W)
[TradingView] Monthly 캡처 완료 (M)
[[SP500 차트분석]] WDC 차트 5개 처리 완료
[TradingView] LRCX 브라우저 세션 시작  (로그인 세션)...
[TradingView] 1H 캡처 완료 (60)
[TradingView] 4H 캡처 완료 (240)
[TradingView] Daily 캡처 완료 (D)
[TradingView] Weekly 캡처 완료 (W)
[TradingView] Monthly 캡처 완료 (M)
[[SP500 차트분석]] LRCX 차트 5개 처리 완료
[TradingView] APH 브라우저 세션 시작  (로그인 세션)...
[TradingView] 1H 캡처 완료 (60)
[TradingView] 4H 캡처 완료 (240)
[TradingView] Daily 캡처 완료 (D)
[TradingView] Weekly 캡처 완료 (W)
[TradingView] Monthly 캡처 완료 (M)
[[SP500 차트분석]] APH 차트 5개 처리 완료
[TradingView] ETN 브라우저 세션 시작  (로그인 세션)...
[TradingView] 1H 캡처 완료 (60)
[TradingView] 4H 캡처 완료 (240)
[TradingView] Daily 캡처 완료 (D)
[TradingView] Weekly 캡처 완료 (W)
[TradingView] Monthly 캡처 완료 (M)
[[SP500 차트분석]] ETN 차트 5개 처리 완료
[TradingView] HPE 브라우저 세션 시작  (로그인 세션)...
[TradingView] 1H 캡처 완료 (60)
[TradingView] 4H 캡처 완료 (240)
[TradingView] Daily 캡처 완료 (D)
[TradingView] Weekly 캡처 완료 (W)
[TradingView] Monthly 캡처 완료 (M)
[[SP500 차트분석]] HPE 차트 5개 처리 완료
[TradingView] NVDA 브라우저 세션 시작  (로그인 세션)...
[TradingView] 1H 캡처 완료 (60)
[TradingView] 4H 캡처 완료 (240)
[TradingView] Daily 캡처 완료 (D)
[TradingView] Weekly 캡처 완료 (W)
[TradingView] Monthly 캡처 완료 (M)
[[SP500 차트분석]] NVDA 차트 5개 처리 완료
[TradingView] ANET 브라우저 세션 시작  (로그인 세션)...
[TradingView] 1H 캡처 완료 (60)
[TradingView] 4H 캡처 완료 (240)
[TradingView] Daily 캡처 완료 (D)
[TradingView] Weekly 캡처 완료 (W)
[TradingView] Monthly 캡처 완료 (M)
[[SP500 차트분석]] ANET 차트 5개 처리 완료
[TradingView] GS 브라우저 세션 시작  (로그인 세션)...
[TradingView] 1H 캡처 완료 (60)
[TradingView] 4H 캡처 완료 (240)
[TradingView] Daily 캡처 완료 (D)
[TradingView] Weekly 캡처 완료 (W)
[TradingView] Monthly 캡처 완료 (M)
[[SP500 차트분석]] GS 차트 5개 처리 완료
[TradingView] AMGN 브라우저 세션 시작  (로그인 세션)...
[TradingView] 1H 캡처 완료 (60)
[TradingView] 4H 캡처 완료 (240)
[TradingView] Daily 캡처 완료 (D)
[TradingView] Weekly 캡처 완료 (W)
[TradingView] Monthly 캡처 완료 (M)
[[SP500 차트분석]] AMGN 차트 5개 처리 완료
[TradingView] LLY 브라우저 세션 시작  (로그인 세션)...
[TradingView] 1H 캡처 완료 (60)
[TradingView] 4H 캡처 완료 (240)
[TradingView] Daily 캡처 완료 (D)
[TradingView] Weekly 캡처 완료 (W)
[TradingView] Monthly 캡처 완료 (M)
[[SP500 차트분석]] LLY 차트 5개 처리 완료
[TradingView] MRK 브라우저 세션 시작  (로그인 세션)...
[TradingView] 1H 캡처 완료 (60)
[TradingView] 4H 캡처 완료 (240)
[TradingView] Daily 캡처 완료 (D)
[TradingView] Weekly 캡처 완료 (W)
[TradingView] Monthly 캡처 완료 (M)
[[SP500 차트분석]] MRK 차트 5개 처리 완료
[TradingView] HD 브라우저 세션 시작  (로그인 세션)...
[TradingView] 1H 캡처 완료 (60)
[TradingView] 4H 캡처 완료 (240)
[TradingView] Daily 캡처 완료 (D)
[TradingView] Weekly 캡처 완료 (W)
[TradingView] Monthly 캡처 완료 (M)
[[SP500 차트분석]] HD 차트 5개 처리 완료
[TradingView] NXPI 브라우저 세션 시작  (로그인 세션)...
[TradingView] 1H 캡처 완료 (60)
[TradingView] 4H 캡처 완료 (240)
[TradingView] Daily 캡처 완료 (D)
[TradingView] Weekly 캡처 완료 (W)
[TradingView] Monthly 캡처 완료 (M)
[[SP500 차트분석]] NXPI 차트 5개 처리 완료
[TradingView] APP 브라우저 세션 시작  (로그인 세션)...
[TradingView] 1H 캡처 완료 (60)
[TradingView] 4H 캡처 완료 (240)
[TradingView] Daily 캡처 완료 (D)
[TradingView] Weekly 캡처 완료 (W)
[TradingView] Monthly 캡처 완료 (M)
[[SP500 차트분석]] APP 차트 5개 처리 완료
[TradingView] HLT 브라우저 세션 시작  (로그인 세션)...
[TradingView] 1H 캡처 완료 (60)
[TradingView] 4H 캡처 완료 (240)
[TradingView] Daily 캡처 완료 (D)
[TradingView] Weekly 캡처 완료 (W)
[TradingView] Monthly 캡처 완료 (M)
[[SP500 차트분석]] HLT 차트 5개 처리 완료
[TradingView] RTX 브라우저 세션 시작  (로그인 세션)...
[TradingView] 1H 캡처 완료 (60)
[TradingView] 4H 캡처 완료 (240)
[TradingView] Daily 캡처 완료 (D)
[TradingView] Weekly 캡처 완료 (W)
[TradingView] Monthly 캡처 완료 (M)
[[SP500 차트분석]] RTX 차트 5개 처리 완료
[TradingView] CVX 브라우저 세션 시작  (로그인 세션)...
[TradingView] 1H 캡처 완료 (60)
[TradingView] 4H 캡처 완료 (240)
[TradingView] Daily 캡처 완료 (D)
[TradingView] Weekly 캡처 완료 (W)
[TradingView] Monthly 캡처 완료 (M)
[[SP500 차트분석]] CVX 차트 5개 처리 완료
[TradingView] SMCI 브라우저 세션 시작  (로그인 세션)...
[TradingView] 1H 캡처 완료 (60)
[TradingView] 4H 캡처 완료 (240)
[TradingView] Daily 캡처 완료 (D)
[TradingView] Weekly 캡처 완료 (W)
[TradingView] Monthly 캡처 완료 (M)
[[SP500 차트분석]] SMCI 차트 5개 처리 완료
[TradingView] QCOM 브라우저 세션 시작  (로그인 세션)...
[TradingView] 1H 캡처 완료 (60)
[TradingView] 4H 캡처 완료 (240)
[TradingView] Daily 캡처 완료 (D)
[TradingView] Weekly 캡처 완료 (W)
[TradingView] Monthly 캡처 완료 (M)
[[SP500 차트분석]] QCOM 차트 5개 처리 완료
[TradingView] HWM 브라우저 세션 시작  (로그인 세션)...
[TradingView] 1H 캡처 완료 (60)
[TradingView] 4H 캡처 완료 (240)
[TradingView] Daily 캡처 완료 (D)
[TradingView] Weekly 캡처 완료 (W)
[TradingView] Monthly 캡처 완료 (M)
[[SP500 차트분석]] HWM 차트 5개 처리 완료
[TradingView] INTC 브라우저 세션 시작  (로그인 세션)...
[TradingView] 1H 캡처 완료 (60)
[TradingView] 4H 캡처 완료 (240)
[TradingView] Daily 캡처 완료 (D)
[TradingView] Weekly 캡처 완료 (W)
[TradingView] Monthly 캡처 완료 (M)
[[SP500 차트분석]] INTC 차트 5개 처리 완료
[TradingView] SHW 브라우저 세션 시작  (로그인 세션)...
[TradingView] 1H 캡처 완료 (60)
[TradingView] 4H 캡처 완료 (240)
[TradingView] Daily 캡처 완료 (D)
[TradingView] Weekly 캡처 완료 (W)
[TradingView] Monthly 캡처 완료 (M)
[[SP500 차트분석]] SHW 차트 5개 처리 완료
[TradingView] PM 브라우저 세션 시작  (로그인 세션)...
[TradingView] 1H 캡처 완료 (60)
[TradingView] 4H 캡처 완료 (240)
[TradingView] Daily 캡처 완료 (D)
[TradingView] Weekly 캡처 완료 (W)
[TradingView] Monthly 캡처 완료 (M)
[[SP500 차트분석]] PM 차트 5개 처리 완료
[TradingView] PG 브라우저 세션 시작  (로그인 세션)...
[TradingView] 1H 캡처 완료 (60)
[TradingView] 4H 캡처 완료 (240)
[TradingView] Daily 캡처 완료 (D)
[TradingView] Weekly 캡처 완료 (W)
[TradingView] Monthly 캡처 완료 (M)
[[SP500 차트분석]] PG 차트 5개 처리 완료
[TradingView] GOOGL 브라우저 세션 시작  (로그인 세션)...
[TradingView] 1H 캡처 완료 (60)
[TradingView] 4H 캡처 완료 (240)
[TradingView] Daily 캡처 완료 (D)
[TradingView] Weekly 캡처 완료 (W)
[TradingView] Monthly 캡처 완료 (M)
[[SP500 차트분석]] GOOGL 차트 5개 처리 완료
[TradingView] ORCL 브라우저 세션 시작  (로그인 세션)...
[TradingView] 1H 캡처 완료 (60)
[TradingView] 4H 캡처 완료 (240)
[TradingView] Daily 캡처 완료 (D)
[TradingView] Weekly 캡처 완료 (W)
[TradingView] Monthly 캡처 완료 (M)
[[SP500 차트분석]] ORCL 차트 5개 처리 완료
[TradingView] NEM 브라우저 세션 시작  (로그인 세션)...
[TradingView] 1H 캡처 완료 (60)
[TradingView] 4H 캡처 완료 (240)
[TradingView] Daily 캡처 완료 (D)
[TradingView] Weekly 캡처 완료 (W)
[TradingView] Monthly 캡처 완료 (M)
[[SP500 차트분석]] NEM 차트 5개 처리 완료
[TradingView] MCHP 브라우저 세션 시작  (로그인 세션)...
[TradingView] 1H 캡처 완료 (60)
[TradingView] 4H 캡처 완료 (240)
[TradingView] Daily 캡처 완료 (D)
[TradingView] Weekly 캡처 완료 (W)
[TradingView] Monthly 캡처 완료 (M)
[[SP500 차트분석]] MCHP 차트 5개 처리 완료
[TradingView] TER 브라우저 세션 시작  (로그인 세션)...
[TradingView] 1H 캡처 완료 (60)
[TradingView] 4H 캡처 완료 (240)
[TradingView] Daily 캡처 완료 (D)
[TradingView] Weekly 캡처 완료 (W)
[TradingView] Monthly 캡처 완료 (M)
[[SP500 차트분석]] TER 차트 5개 처리 완료
[TradingView] PWR 브라우저 세션 시작  (로그인 세션)...
[TradingView] 1H 캡처 완료 (60)
[TradingView] 4H 캡처 완료 (240)
[TradingView] Daily 캡처 완료 (D)
[TradingView] Weekly 캡처 완료 (W)
[TradingView] Monthly 캡처 완료 (M)
[[SP500 차트분석]] PWR 차트 5개 처리 완료
[TradingView] ACA 브라우저 세션 시작  (로그인 세션)...
[TradingView] 1H 캡처 완료 (60)
[TradingView] 4H 캡처 완료 (240)
[TradingView] Daily 캡처 완료 (D)
[TradingView] Weekly 캡처 완료 (W)
[TradingView] Monthly 캡처 완료 (M)
[[SP500 차트분석]] ACA 차트 5개 처리 완료
[TradingView] 티커 매핑 적용: NBM.V -> NBM
[TradingView] NBM.V 브라우저 세션 시작  (로그인 세션)...
[TradingView] 1H 캡처 완료 (60)
[TradingView] 4H 캡처 완료 (240)
[TradingView] Daily 캡처 완료 (D)
[TradingView] Weekly 캡처 완료 (W)
[TradingView] Monthly 캡처 완료 (M)
[[SP500 차트분석]] NBM.V 차트 5개 처리 완료
[[SP500 차트분석]] 차트 캡처 완료
[[SP500 차트분석]] GitHub에 차트 이미지 푸시 중...
[main afab354] Update chart screenshots 1784350549
 770 files changed, 0 insertions(+), 0 deletions(-)
 delete mode 100644 charts/screenshots/AAPL/AAPL_1H_20260717_043243.png
 create mode 100644 charts/screenshots/AAPL/AAPL_1H_20260718_041144.png
 delete mode 100644 charts/screenshots/AAPL/AAPL_4H_20260717_043243.png
 create mode 100644 charts/screenshots/AAPL/AAPL_4H_20260718_041144.png
 delete mode 100644 charts/screenshots/AAPL/AAPL_Daily_20260717_043243.png
 create mode 100644 charts/screenshots/AAPL/AAPL_Daily_20260718_041144.png
 delete mode 100644 charts/screenshots/AAPL/AAPL_Monthly_20260717_043243.png
 create mode 100644 charts/screenshots/AAPL/AAPL_Monthly_20260718_041144.png
 delete mode 100644 charts/screenshots/AAPL/AAPL_Weekly_20260717_043243.png
 create mode 100644 charts/screenshots/AAPL/AAPL_Weekly_20260718_041144.png
 delete mode 100644 charts/screenshots/ABBV/ABBV_1H_20260717_042210.png
 create mode 100644 charts/screenshots/ABBV/ABBV_1H_20260718_041224.png
 delete mode 100644 charts/screenshots/ABBV/ABBV_4H_20260717_042210.png
 create mode 100644 charts/screenshots/ABBV/ABBV_4H_20260718_041224.png
 delete mode 100644 charts/screenshots/ABBV/ABBV_Daily_20260717_042210.png
 create mode 100644 charts/screenshots/ABBV/ABBV_Daily_20260718_041224.png
 delete mode 100644 charts/screenshots/ABBV/ABBV_Monthly_20260717_042210.png
 create mode 100644 charts/screenshots/ABBV/ABBV_Monthly_20260718_041224.png
 delete mode 100644 charts/screenshots/ABBV/ABBV_Weekly_20260717_042210.png
 create mode 100644 charts/screenshots/ABBV/ABBV_Weekly_20260718_041224.png
 delete mode 100644 charts/screenshots/ACA/ACA_1H_20260717_050751.png
 create mode 100644 charts/screenshots/ACA/ACA_1H_20260718_045421.png
 delete mode 100644 charts/screenshots/ACA/ACA_4H_20260717_050751.png
 create mode 100644 charts/screenshots/ACA/ACA_4H_20260718_045421.png
 delete mode 100644 charts/screenshots/ACA/ACA_Daily_20260717_050751.png
 create mode 100644 charts/screenshots/ACA/ACA_Daily_20260718_045421.png
 delete mode 100644 charts/screenshots/ACA/ACA_Monthly_20260717_050751.png
 create mode 100644 charts/screenshots/ACA/ACA_Monthly_20260718_045421.png
 delete mode 100644 charts/screenshots/ACA/ACA_Weekly_20260717_050751.png
 create mode 100644 charts/screenshots/ACA/ACA_Weekly_20260718_045421.png
 delete mode 100644 charts/screenshots/ADI/ADI_1H_20260717_050232.png
 delete mode 100644 charts/screenshots/ADI/ADI_4H_20260717_050232.png
 delete mode 100644 charts/screenshots/ADI/ADI_Daily_20260717_050232.png
 delete mode 100644 charts/screenshots/ADI/ADI_Monthly_20260717_050232.png
 delete mode 100644 charts/screenshots/ADI/ADI_Weekly_20260717_050232.png
 delete mode 100644 charts/screenshots/AMAT/AMAT_1H_20260717_045156.png
 create mode 100644 charts/screenshots/AMAT/AMAT_1H_20260718_043205.png
 delete mode 100644 charts/screenshots/AMAT/AMAT_4H_20260717_045156.png
 create mode 100644 charts/screenshots/AMAT/AMAT_4H_20260718_043205.png
 delete mode 100644 charts/screenshots/AMAT/AMAT_Daily_20260717_045156.png
 create mode 100644 charts/screenshots/AMAT/AMAT_Daily_20260718_043205.png
 delete mode 100644 charts/screenshots/AMAT/AMAT_Monthly_20260717_045156.png
 create mode 100644 charts/screenshots/AMAT/AMAT_Monthly_20260718_043205.png
 delete mode 100644 charts/screenshots/AMAT/AMAT_Weekly_20260717_045156.png
 create mode 100644 charts/screenshots/AMAT/AMAT_Weekly_20260718_043205.png
 delete mode 100644 charts/screenshots/AMD/AMD_1H_20260717_043641.png
 create mode 100644 charts/screenshots/AMD/AMD_1H_20260718_040827.png
 delete mode 100644 charts/screenshots/AMD/AMD_4H_20260717_043641.png
 create mode 100644 charts/screenshots/AMD/AMD_4H_20260718_040827.png
 delete mode 100644 charts/screenshots/AMD/AMD_Daily_20260717_043641.png
 create mode 100644 charts/screenshots/AMD/AMD_Daily_20260718_040827.png
 delete mode 100644 charts/screenshots/AMD/AMD_Monthly_20260717_043641.png
 create mode 100644 charts/screenshots/AMD/AMD_Monthly_20260718_040827.png
 delete mode 100644 charts/screenshots/AMD/AMD_Weekly_20260717_043641.png
 create mode 100644 charts/screenshots/AMD/AMD_Weekly_20260718_040827.png
 delete mode 100644 charts/screenshots/AMGN/AMGN_1H_20260717_044002.png
 create mode 100644 charts/screenshots/AMGN/AMGN_1H_20260718_043955.png
 delete mode 100644 charts/screenshots/AMGN/AMGN_4H_20260717_044002.png
 create mode 100644 charts/screenshots/AMGN/AMGN_4H_20260718_043955.png
 delete mode 100644 charts/screenshots/AMGN/AMGN_Daily_20260717_044002.png
 create mode 100644 charts/screenshots/AMGN/AMGN_Daily_20260718_043955.png
 delete mode 100644 charts/screenshots/AMGN/AMGN_Monthly_20260717_044002.png
 create mode 100644 charts/screenshots/AMGN/AMGN_Monthly_20260718_043955.png
 delete mode 100644 charts/screenshots/AMGN/AMGN_Weekly_20260717_044002.png
 create mode 100644 charts/screenshots/AMGN/AMGN_Weekly_20260718_043955.png
 delete mode 100644 charts/screenshots/AMZN/AMZN_1H_20260717_045117.png
 delete mode 100644 charts/screenshots/AMZN/AMZN_4H_20260717_045117.png
 delete mode 100644 charts/screenshots/AMZN/AMZN_Daily_20260717_045117.png
 delete mode 100644 charts/screenshots/AMZN/AMZN_Monthly_20260717_045117.png
 delete mode 100644 charts/screenshots/AMZN/AMZN_Weekly_20260717_045117.png
 delete mode 100644 charts/screenshots/ANET/ANET_1H_20260717_043921.png
 create mode 100644 charts/screenshots/ANET/ANET_1H_20260718_043835.png
 delete mode 100644 charts/screenshots/ANET/ANET_4H_20260717_043921.png
 create mode 100644 charts/screenshots/ANET/ANET_4H_20260718_043835.png
 delete mode 100644 charts/screenshots/ANET/ANET_Daily_20260717_043921.png
 create mode 100644 charts/screenshots/ANET/ANET_Daily_20260718_043835.png
 delete mode 100644 charts/screenshots/ANET/ANET_Monthly_20260717_043921.png
 create mode 100644 charts/screenshots/ANET/ANET_Monthly_20260718_043835.png
 delete mode 100644 charts/screenshots/ANET/ANET_Weekly_20260717_043921.png
 create mode 100644 charts/screenshots/ANET/ANET_Weekly_20260718_043835.png
 delete mode 100644 charts/screenshots/APH/APH_1H_20260717_045952.png
 create mode 100644 charts/screenshots/APH/APH_1H_20260718_043559.png
 delete mode 100644 charts/screenshots/APH/APH_4H_20260717_045952.png
 create mode 100644 charts/screenshots/APH/APH_4H_20260718_043559.png
 delete mode 100644 charts/screenshots/APH/APH_Daily_20260717_045952.png
 create mode 100644 charts/screenshots/APH/APH_Daily_20260718_043559.png
 delete mode 100644 charts/screenshots/APH/APH_Monthly_20260717_045952.png
 create mode 100644 charts/screenshots/APH/APH_Monthly_20260718_043559.png
 delete mode 100644 charts/screenshots/APH/APH_Weekly_20260717_045952.png
 create mode 100644 charts/screenshots/APH/APH_Weekly_20260718_043559.png
 delete mode 100644 charts/screenshots/APP/APP_1H_20260717_050431.png
 create mode 100644 charts/screenshots/APP/APP_1H_20260718_044313.png
 delete mode 100644 charts/screenshots/APP/APP_4H_20260717_050431.png
 create mode 100644 charts/screenshots/APP/APP_4H_20260718_044313.png
 delete mode 100644 charts/screenshots/APP/APP_Daily_20260717_050431.png
 create mode 100644 charts/screenshots/APP/APP_Daily_20260718_044313.png
 delete mode 100644 charts/screenshots/APP/APP_Monthly_20260717_050431.png
 create mode 100644 charts/screenshots/APP/APP_Monthly_20260718_044313.png
 delete mode 100644 charts/screenshots/APP/APP_Weekly_20260717_050431.png
 create mode 100644 charts/screenshots/APP/APP_Weekly_20260718_044313.png
 delete mode 100644 charts/screenshots/ASML/ASML_1H_20260717_043802.png
 create mode 100644 charts/screenshots/ASML/ASML_1H_20260718_042453.png
 delete mode 100644 charts/screenshots/ASML/ASML_4H_20260717_043802.png
 create mode 100644 charts/screenshots/ASML/ASML_4H_20260718_042453.png
 delete mode 100644 charts/screenshots/ASML/ASML_Daily_20260717_043802.png
 create mode 100644 charts/screenshots/ASML/ASML_Daily_20260718_042453.png
 delete mode 100644 charts/screenshots/ASML/ASML_Monthly_20260717_043802.png
 create mode 100644 charts/screenshots/ASML/ASML_Monthly_20260718_042453.png
 delete mode 100644 charts/screenshots/ASML/ASML_Weekly_20260717_043802.png
 create mode 100644 charts/screenshots/ASML/ASML_Weekly_20260718_042453.png
 delete mode 100644 charts/screenshots/AXP/AXP_1H_20260717_043323.png
 create mode 100644 charts/screenshots/AXP/AXP_1H_20260718_041303.png
 delete mode 100644 charts/screenshots/AXP/AXP_4H_20260717_043323.png
 create mode 100644 charts/screenshots/AXP/AXP_4H_20260718_041303.png
 delete mode 100644 charts/screenshots/AXP/AXP_Daily_20260717_043323.png
 create mode 100644 charts/screenshots/AXP/AXP_Daily_20260718_041303.png
 delete mode 100644 charts/screenshots/AXP/AXP_Monthly_20260717_043323.png
 create mode 100644 charts/screenshots/AXP/AXP_Monthly_20260718_041303.png
 delete mode 100644 charts/screenshots/AXP/AXP_Weekly_20260717_043323.png
 create mode 100644 charts/screenshots/AXP/AXP_Weekly_20260718_041303.png
 delete mode 100644 charts/screenshots/BAC/BAC_1H_20260717_043403.png
 create mode 100644 charts/screenshots/BAC/BAC_1H_20260718_041343.png
 delete mode 100644 charts/screenshots/BAC/BAC_4H_20260717_043403.png
 create mode 100644 charts/screenshots/BAC/BAC_4H_20260718_041343.png
 delete mode 100644 charts/screenshots/BAC/BAC_Daily_20260717_043403.png
 create mode 100644 charts/screenshots/BAC/BAC_Daily_20260718_041343.png
 delete mode 100644 charts/screenshots/BAC/BAC_Monthly_20260717_043403.png
 create mode 100644 charts/screenshots/BAC/BAC_Monthly_20260718_041343.png
 delete mode 100644 charts/screenshots/BAC/BAC_Weekly_20260717_043403.png
 create mode 100644 charts/screenshots/BAC/BAC_Weekly_20260718_041343.png
 delete mode 100644 charts/screenshots/BRK-B/BRK-B_1H_20260717_045912.png
 create mode 100644 charts/screenshots/BRK-B/BRK-B_1H_20260718_043007.png
 delete mode 100644 charts/screenshots/BRK-B/BRK-B_4H_20260717_045912.png
 create mode 100644 charts/screenshots/BRK-B/BRK-B_4H_20260718_043007.png
 delete mode 100644 charts/screenshots/BRK-B/BRK-B_Daily_20260717_045912.png
 create mode 100644 charts/screenshots/BRK-B/BRK-B_Daily_20260718_043007.png
 delete mode 100644 charts/screenshots/BRK-B/BRK-B_Monthly_20260717_045912.png
 create mode 100644 charts/screenshots/BRK-B/BRK-B_Monthly_20260718_043007.png
 delete mode 100644 charts/screenshots/BRK-B/BRK-B_Weekly_20260717_045912.png
 create mode 100644 charts/screenshots/BRK-B/BRK-B_Weekly_20260718_043007.png
 delete mode 100644 charts/screenshots/C/C_1H_20260717_045435.png
 create mode 100644 charts/screenshots/C/C_1H_20260718_042532.png
 delete mode 100644 charts/screenshots/C/C_4H_20260717_045435.png
 create mode 100644 charts/screenshots/C/C_4H_20260718_042532.png
 delete mode 100644 charts/screenshots/C/C_Daily_20260717_045435.png
 create mode 100644 charts/screenshots/C/C_Daily_20260718_042532.png
 delete mode 100644 charts/screenshots/C/C_Monthly_20260717_045435.png
 create mode 100644 charts/screenshots/C/C_Monthly_20260718_042532.png
 delete mode 100644 charts/screenshots/C/C_Weekly_20260717_045435.png
 create mode 100644 charts/screenshots/C/C_Weekly_20260718_042532.png
 delete mode 100644 charts/screenshots/CAT/CAT_1H_20260717_045635.png
 create mode 100644 charts/screenshots/CAT/CAT_1H_20260718_042928.png
 delete mode 100644 charts/screenshots/CAT/CAT_4H_20260717_045635.png
 create mode 100644 charts/screenshots/CAT/CAT_4H_20260718_042928.png
 delete mode 100644 charts/screenshots/CAT/CAT_Daily_20260717_045635.png
 create mode 100644 charts/screenshots/CAT/CAT_Daily_20260718_042928.png
 delete mode 100644 charts/screenshots/CAT/CAT_Monthly_20260717_045635.png
 create mode 100644 charts/screenshots/CAT/CAT_Monthly_20260718_042928.png
 delete mode 100644 charts/screenshots/CAT/CAT_Weekly_20260717_045635.png
 create mode 100644 charts/screenshots/CAT/CAT_Weekly_20260718_042928.png
 delete mode 100644 charts/screenshots/CDNS/CDNS_1H_20260717_045515.png
 create mode 100644 charts/screenshots/CDNS/CDNS_1H_20260718_041938.png
 delete mode 100644 charts/screenshots/CDNS/CDNS_4H_20260717_045515.png
 create mode 100644 charts/screenshots/CDNS/CDNS_4H_20260718_041938.png
 delete mode 100644 charts/screenshots/CDNS/CDNS_Daily_20260717_045515.png
 create mode 100644 charts/screenshots/CDNS/CDNS_Daily_20260718_041938.png
 delete mode 100644 charts/screenshots/CDNS/CDNS_Monthly_20260717_045515.png
 create mode 100644 charts/screenshots/CDNS/CDNS_Monthly_20260718_041938.png
 delete mode 100644 charts/screenshots/CDNS/CDNS_Weekly_20260717_045515.png
 create mode 100644 charts/screenshots/CDNS/CDNS_Weekly_20260718_041938.png
 delete mode 100644 charts/screenshots/CRWD/CRWD_1H_20260717_042250.png
 create mode 100644 charts/screenshots/CRWD/CRWD_1H_20260718_041422.png
 delete mode 100644 charts/screenshots/CRWD/CRWD_4H_20260717_042250.png
 create mode 100644 charts/screenshots/CRWD/CRWD_4H_20260718_041422.png
 delete mode 100644 charts/screenshots/CRWD/CRWD_Daily_20260717_042250.png
 create mode 100644 charts/screenshots/CRWD/CRWD_Daily_20260718_041422.png
 delete mode 100644 charts/screenshots/CRWD/CRWD_Monthly_20260717_042250.png
 create mode 100644 charts/screenshots/CRWD/CRWD_Monthly_20260718_041422.png
 delete mode 100644 charts/screenshots/CRWD/CRWD_Weekly_20260717_042250.png
 create mode 100644 charts/screenshots/CRWD/CRWD_Weekly_20260718_041422.png
 delete mode 100644 charts/screenshots/CSCO/CSCO_1H_20260717_044521.png
 create mode 100644 charts/screenshots/CSCO/CSCO_1H_20260718_040748.png
 delete mode 100644 charts/screenshots/CSCO/CSCO_4H_20260717_044521.png
 create mode 100644 charts/screenshots/CSCO/CSCO_4H_20260718_040748.png
 delete mode 100644 charts/screenshots/CSCO/CSCO_Daily_20260717_044521.png
 create mode 100644 charts/screenshots/CSCO/CSCO_Daily_20260718_040748.png
 delete mode 100644 charts/screenshots/CSCO/CSCO_Monthly_20260717_044521.png
 create mode 100644 charts/screenshots/CSCO/CSCO_Monthly_20260718_040748.png
 delete mode 100644 charts/screenshots/CSCO/CSCO_Weekly_20260717_044521.png
 create mode 100644 charts/screenshots/CSCO/CSCO_Weekly_20260718_040748.png
 delete mode 100644 charts/screenshots/CVS/CVS_1H_20260717_042330.png
 create mode 100644 charts/screenshots/CVS/CVS_1H_20260718_041502.png
 delete mode 100644 charts/screenshots/CVS/CVS_4H_20260717_042330.png
 create mode 100644 charts/screenshots/CVS/CVS_4H_20260718_041502.png
 delete mode 100644 charts/screenshots/CVS/CVS_Daily_20260717_042330.png
 create mode 100644 charts/screenshots/CVS/CVS_Daily_20260718_041502.png
 delete mode 100644 charts/screenshots/CVS/CVS_Monthly_20260717_042330.png
 create mode 100644 charts/screenshots/CVS/CVS_Monthly_20260718_041502.png
 delete mode 100644 charts/screenshots/CVS/CVS_Weekly_20260717_042330.png
 create mode 100644 charts/screenshots/CVS/CVS_Weekly_20260718_041502.png
 create mode 100644 charts/screenshots/CVX/CVX_1H_20260718_044512.png
 create mode 100644 charts/screenshots/CVX/CVX_4H_20260718_044512.png
 create mode 100644 charts/screenshots/CVX/CVX_Daily_20260718_044512.png
 create mode 100644 charts/screenshots/CVX/CVX_Monthly_20260718_044512.png
 create mode 100644 charts/screenshots/CVX/CVX_Weekly_20260718_044512.png
 delete mode 100644 charts/screenshots/DDOG/DDOG_1H_20260717_042410.png
 create mode 100644 charts/screenshots/DDOG/DDOG_1H_20260718_041541.png
 delete mode 100644 charts/screenshots/DDOG/DDOG_4H_20260717_042410.png
 create mode 100644 charts/screenshots/DDOG/DDOG_4H_20260718_041541.png
 delete mode 100644 charts/screenshots/DDOG/DDOG_Daily_20260717_042410.png
 create mode 100644 charts/screenshots/DDOG/DDOG_Daily_20260718_041541.png
 delete mode 100644 charts/screenshots/DDOG/DDOG_Monthly_20260717_042410.png
 create mode 100644 charts/screenshots/DDOG/DDOG_Monthly_20260718_041541.png
 delete mode 100644 charts/screenshots/DDOG/DDOG_Weekly_20260717_042410.png
 create mode 100644 charts/screenshots/DDOG/DDOG_Weekly_20260718_041541.png
 delete mode 100644 charts/screenshots/DELL/DELL_1H_20260717_042927.png
 create mode 100644 charts/screenshots/DELL/DELL_1H_20260718_040906.png
 delete mode 100644 charts/screenshots/DELL/DELL_4H_20260717_042927.png
 create mode 100644 charts/screenshots/DELL/DELL_4H_20260718_040906.png
 delete mode 100644 charts/screenshots/DELL/DELL_Daily_20260717_042927.png
 create mode 100644 charts/screenshots/DELL/DELL_Daily_20260718_040906.png
 delete mode 100644 charts/screenshots/DELL/DELL_Monthly_20260717_042927.png
 create mode 100644 charts/screenshots/DELL/DELL_Monthly_20260718_040906.png
 delete mode 100644 charts/screenshots/DELL/DELL_Weekly_20260717_042927.png
 create mode 100644 charts/screenshots/DELL/DELL_Weekly_20260718_040906.png
 delete mode 100644 charts/screenshots/DHR/DHR_1H_20260717_044840.png
 delete mode 100644 charts/screenshots/DHR/DHR_4H_20260717_044840.png
 delete mode 100644 charts/screenshots/DHR/DHR_Daily_20260717_044840.png
 delete mode 100644 charts/screenshots/DHR/DHR_Monthly_20260717_044840.png
 delete mode 100644 charts/screenshots/DHR/DHR_Weekly_20260717_044840.png
 delete mode 100644 charts/screenshots/ETN/ETN_1H_20260717_045315.png
 create mode 100644 charts/screenshots/ETN/ETN_1H_20260718_043638.png
 delete mode 100644 charts/screenshots/ETN/ETN_4H_20260717_045315.png
 create mode 100644 charts/screenshots/ETN/ETN_4H_20260718_043638.png
 delete mode 100644 charts/screenshots/ETN/ETN_Daily_20260717_045315.png
 create mode 100644 charts/screenshots/ETN/ETN_Daily_20260718_043638.png
 delete mode 100644 charts/screenshots/ETN/ETN_Monthly_20260717_045315.png
 create mode 100644 charts/screenshots/ETN/ETN_Monthly_20260718_043638.png
 delete mode 100644 charts/screenshots/ETN/ETN_Weekly_20260717_045315.png
 create mode 100644 charts/screenshots/ETN/ETN_Weekly_20260718_043638.png
 delete mode 100644 charts/screenshots/FTNT/FTNT_1H_20260717_042450.png
 create mode 100644 charts/screenshots/FTNT/FTNT_1H_20260718_041621.png
 delete mode 100644 charts/screenshots/FTNT/FTNT_4H_20260717_042450.png
 create mode 100644 charts/screenshots/FTNT/FTNT_4H_20260718_041621.png
 delete mode 100644 charts/screenshots/FTNT/FTNT_Daily_20260717_042450.png
 create mode 100644 charts/screenshots/FTNT/FTNT_Daily_20260718_041621.png
 delete mode 100644 charts/screenshots/FTNT/FTNT_Monthly_20260717_042450.png
 create mode 100644 charts/screenshots/FTNT/FTNT_Monthly_20260718_041621.png
 delete mode 100644 charts/screenshots/FTNT/FTNT_Weekly_20260717_042450.png
 create mode 100644 charts/screenshots/FTNT/FTNT_Weekly_20260718_041621.png
 delete mode 100644 charts/screenshots/GE/GE_1H_20260717_043442.png
 create mode 100644 charts/screenshots/GE/GE_1H_20260718_040946.png
 delete mode 100644 charts/screenshots/GE/GE_4H_20260717_043442.png
 create mode 100644 charts/screenshots/GE/GE_4H_20260718_040946.png
 delete mode 100644 charts/screenshots/GE/GE_Daily_20260717_043442.png
 create mode 100644 charts/screenshots/GE/GE_Daily_20260718_040946.png
 delete mode 100644 charts/screenshots/GE/GE_Monthly_20260717_043442.png
 create mode 100644 charts/screenshots/GE/GE_Monthly_20260718_040946.png
 delete mode 100644 charts/screenshots/GE/GE_Weekly_20260717_043442.png
 create mode 100644 charts/screenshots/GE/GE_Weekly_20260718_040946.png
 delete mode 100644 charts/screenshots/GEV/GEV_1H_20260717_043721.png
 create mode 100644 charts/screenshots/GEV/GEV_1H_20260718_041025.png
 delete mode 100644 charts/screenshots/GEV/GEV_4H_20260717_043721.png
 create mode 100644 charts/screenshots/GEV/GEV_4H_20260718_041025.png
 delete mode 100644 charts/screenshots/GEV/GEV_Daily_20260717_043721.png
 create mode 100644 charts/screenshots/GEV/GEV_Daily_20260718_041025.png
 delete mode 100644 charts/screenshots/GEV/GEV_Monthly_20260717_043721.png
 create mode 100644 charts/screenshots/GEV/GEV_Monthly_20260718_041025.png
 delete mode 100644 charts/screenshots/GEV/GEV_Weekly_20260717_043721.png
 create mode 100644 charts/screenshots/GEV/GEV_Weekly_20260718_041025.png
 delete mode 100644 charts/screenshots/GILD/GILD_1H_20260717_045235.png
 delete mode 100644 charts/screenshots/GILD/GILD_4H_20260717_045235.png
 delete mode 100644 charts/screenshots/GILD/GILD_Daily_20260717_045235.png
 delete mode 100644 charts/screenshots/GILD/GILD_Monthly_20260717_045235.png
 delete mode 100644 charts/screenshots/GILD/GILD_Weekly_20260717_045235.png
 delete mode 100644 charts/screenshots/GOOG/GOOG_1H_20260717_044321.png
 create mode 100644 charts/screenshots/GOOG/GOOG_1H_20260718_043243.png
 delete mode 100644 charts/screenshots/GOOG/GOOG_4H_20260717_044321.png
 create mode 100644 charts/screenshots/GOOG/GOOG_4H_20260718_043243.png
 delete mode 100644 charts/screenshots/GOOG/GOOG_Daily_20260717_044321.png
 create mode 100644 charts/screenshots/GOOG/GOOG_Daily_20260718_043243.png
 delete mode 100644 charts/screenshots/GOOG/GOOG_Monthly_20260717_044321.png
 create mode 100644 charts/screenshots/GOOG/GOOG_Monthly_20260718_043243.png
 delete mode 100644 charts/screenshots/GOOG/GOOG_Weekly_20260717_044321.png
 create mode 100644 charts/screenshots/GOOG/GOOG_Weekly_20260718_043243.png
 delete mode 100644 charts/screenshots/GOOGL/GOOGL_1H_20260717_044402.png
 create mode 100644 charts/screenshots/GOOGL/GOOGL_1H_20260718_045026.png
 delete mode 100644 charts/screenshots/GOOGL/GOOGL_4H_20260717_044402.png
 create mode 100644 charts/screenshots/GOOGL/GOOGL_4H_20260718_045026.png
 delete mode 100644 charts/screenshots/GOOGL/GOOGL_Daily_20260717_044402.png
 create mode 100644 charts/screenshots/GOOGL/GOOGL_Daily_20260718_045026.png
 delete mode 100644 charts/screenshots/GOOGL/GOOGL_Monthly_20260717_044402.png
 create mode 100644 charts/screenshots/GOOGL/GOOGL_Monthly_20260718_045026.png
 delete mode 100644 charts/screenshots/GOOGL/GOOGL_Weekly_20260717_044402.png
 create mode 100644 charts/screenshots/GOOGL/GOOGL_Weekly_20260718_045026.png
 delete mode 100644 charts/screenshots/GS/GS_1H_20260717_044600.png
 create mode 100644 charts/screenshots/GS/GS_1H_20260718_043915.png
 delete mode 100644 charts/screenshots/GS/GS_4H_20260717_044600.png
 create mode 100644 charts/screenshots/GS/GS_4H_20260718_043915.png
 delete mode 100644 charts/screenshots/GS/GS_Daily_20260717_044600.png
 create mode 100644 charts/screenshots/GS/GS_Daily_20260718_043915.png
 delete mode 100644 charts/screenshots/GS/GS_Monthly_20260717_044600.png
 create mode 100644 charts/screenshots/GS/GS_Monthly_20260718_043915.png
 delete mode 100644 charts/screenshots/GS/GS_Weekly_20260717_044600.png
 create mode 100644 charts/screenshots/GS/GS_Weekly_20260718_043915.png
 create mode 100644 charts/screenshots/HD/HD_1H_20260718_044154.png
 create mode 100644 charts/screenshots/HD/HD_4H_20260718_044154.png
 create mode 100644 charts/screenshots/HD/HD_Daily_20260718_044154.png
 create mode 100644 charts/screenshots/HD/HD_Monthly_20260718_044154.png
 create mode 100644 charts/screenshots/HD/HD_Weekly_20260718_044154.png
 delete mode 100644 charts/screenshots/HLT/HLT_1H_20260717_050312.png
 create mode 100644 charts/screenshots/HLT/HLT_1H_20260718_044353.png
 delete mode 100644 charts/screenshots/HLT/HLT_4H_20260717_050312.png
 create mode 100644 charts/screenshots/HLT/HLT_4H_20260718_044353.png
 delete mode 100644 charts/screenshots/HLT/HLT_Daily_20260717_050312.png
 create mode 100644 charts/screenshots/HLT/HLT_Daily_20260718_044353.png
 delete mode 100644 charts/screenshots/HLT/HLT_Monthly_20260717_050312.png
 create mode 100644 charts/screenshots/HLT/HLT_Monthly_20260718_044353.png
 delete mode 100644 charts/screenshots/HLT/HLT_Weekly_20260717_050312.png
 create mode 100644 charts/screenshots/HLT/HLT_Weekly_20260718_044353.png
 delete mode 100644 charts/screenshots/HOOD/HOOD_1H_20260717_042529.png
 create mode 100644 charts/screenshots/HOOD/HOOD_1H_20260718_042017.png
 delete mode 100644 charts/screenshots/HOOD/HOOD_4H_20260717_042529.png
 create mode 100644 charts/screenshots/HOOD/HOOD_4H_20260718_042017.png
 delete mode 100644 charts/screenshots/HOOD/HOOD_Daily_20260717_042529.png
 create mode 100644 charts/screenshots/HOOD/HOOD_Daily_20260718_042017.png
 delete mode 100644 charts/screenshots/HOOD/HOOD_Monthly_20260717_042529.png
 create mode 100644 charts/screenshots/HOOD/HOOD_Monthly_20260718_042017.png
 delete mode 100644 charts/screenshots/HOOD/HOOD_Weekly_20260717_042529.png
 create mode 100644 charts/screenshots/HOOD/HOOD_Weekly_20260718_042017.png
 delete mode 100644 charts/screenshots/HPE/HPE_1H_20260717_045356.png
 create mode 100644 charts/screenshots/HPE/HPE_1H_20260718_043717.png
 delete mode 100644 charts/screenshots/HPE/HPE_4H_20260717_045356.png
 create mode 100644 charts/screenshots/HPE/HPE_4H_20260718_043717.png
 delete mode 100644 charts/screenshots/HPE/HPE_Daily_20260717_045356.png
 create mode 100644 charts/screenshots/HPE/HPE_Daily_20260718_043717.png
 delete mode 100644 charts/screenshots/HPE/HPE_Monthly_20260717_045356.png
 create mode 100644 charts/screenshots/HPE/HPE_Monthly_20260718_043717.png
 delete mode 100644 charts/screenshots/HPE/HPE_Weekly_20260717_045356.png
 create mode 100644 charts/screenshots/HPE/HPE_Weekly_20260718_043717.png
 delete mode 100644 charts/screenshots/HWM/HWM_1H_20260717_044241.png
 create mode 100644 charts/screenshots/HWM/HWM_1H_20260718_044709.png
 delete mode 100644 charts/screenshots/HWM/HWM_4H_20260717_044241.png
 create mode 100644 charts/screenshots/HWM/HWM_4H_20260718_044709.png
 delete mode 100644 charts/screenshots/HWM/HWM_Daily_20260717_044241.png
 create mode 100644 charts/screenshots/HWM/HWM_Daily_20260718_044709.png
 delete mode 100644 charts/screenshots/HWM/HWM_Monthly_20260717_044241.png
 create mode 100644 charts/screenshots/HWM/HWM_Monthly_20260718_044709.png
 delete mode 100644 charts/screenshots/HWM/HWM_Weekly_20260717_044241.png
 create mode 100644 charts/screenshots/HWM/HWM_Weekly_20260718_044709.png
 delete mode 100644 charts/screenshots/IBM/IBM_1H_20260717_044919.png
 create mode 100644 charts/screenshots/IBM/IBM_1H_20260718_043402.png
 delete mode 100644 charts/screenshots/IBM/IBM_4H_20260717_044919.png
 create mode 100644 charts/screenshots/IBM/IBM_4H_20260718_043402.png
 delete mode 100644 charts/screenshots/IBM/IBM_Daily_20260717_044919.png
 create mode 100644 charts/screenshots/IBM/IBM_Daily_20260718_043402.png
 delete mode 100644 charts/screenshots/IBM/IBM_Monthly_20260717_044919.png
 create mode 100644 charts/screenshots/IBM/IBM_Monthly_20260718_043402.png
 delete mode 100644 charts/screenshots/IBM/IBM_Weekly_20260717_044919.png
 create mode 100644 charts/screenshots/IBM/IBM_Weekly_20260718_043402.png
 delete mode 100644 charts/screenshots/INTC/INTC_1H_20260717_044957.png
 create mode 100644 charts/screenshots/INTC/INTC_1H_20260718_044750.png
 delete mode 100644 charts/screenshots/INTC/INTC_4H_20260717_044957.png
 create mode 100644 charts/screenshots/INTC/INTC_4H_20260718_044750.png
 delete mode 100644 charts/screenshots/INTC/INTC_Daily_20260717_044957.png
 create mode 100644 charts/screenshots/INTC/INTC_Daily_20260718_044750.png
 delete mode 100644 charts/screenshots/INTC/INTC_Monthly_20260717_044957.png
 create mode 100644 charts/screenshots/INTC/INTC_Monthly_20260718_044750.png
 delete mode 100644 charts/screenshots/INTC/INTC_Weekly_20260717_044957.png
 create mode 100644 charts/screenshots/INTC/INTC_Weekly_20260718_044750.png
 delete mode 100644 charts/screenshots/IWM/IWM_1H_20260717_043522.png
 create mode 100644 charts/screenshots/IWM/IWM_1H_20260718_040550.png
 delete mode 100644 charts/screenshots/IWM/IWM_4H_20260717_043522.png
 create mode 100644 charts/screenshots/IWM/IWM_4H_20260718_040550.png
 delete mode 100644 charts/screenshots/IWM/IWM_Daily_20260717_043522.png
 create mode 100644 charts/screenshots/IWM/IWM_Daily_20260718_040550.png
 delete mode 100644 charts/screenshots/IWM/IWM_Monthly_20260717_043522.png
 create mode 100644 charts/screenshots/IWM/IWM_Monthly_20260718_040550.png
 delete mode 100644 charts/screenshots/IWM/IWM_Weekly_20260717_043522.png
 create mode 100644 charts/screenshots/IWM/IWM_Weekly_20260718_040550.png
 delete mode 100644 charts/screenshots/JNJ/JNJ_1H_20260717_043045.png
 create mode 100644 charts/screenshots/JNJ/JNJ_1H_20260718_042809.png
 delete mode 100644 charts/screenshots/JNJ/JNJ_4H_20260717_043045.png
 create mode 100644 charts/screenshots/JNJ/JNJ_4H_20260718_042809.png
 delete mode 100644 charts/screenshots/JNJ/JNJ_Daily_20260717_043045.png
 create mode 100644 charts/screenshots/JNJ/JNJ_Daily_20260718_042809.png
 delete mode 100644 charts/screenshots/JNJ/JNJ_Monthly_20260717_043045.png
 create mode 100644 charts/screenshots/JNJ/JNJ_Monthly_20260718_042809.png
 delete mode 100644 charts/screenshots/JNJ/JNJ_Weekly_20260717_043045.png
 create mode 100644 charts/screenshots/JNJ/JNJ_Weekly_20260718_042809.png
 delete mode 100644 charts/screenshots/JPM/JPM_1H_20260717_043006.png
 create mode 100644 charts/screenshots/JPM/JPM_1H_20260718_042611.png
 delete mode 100644 charts/screenshots/JPM/JPM_4H_20260717_043006.png
 create mode 100644 charts/screenshots/JPM/JPM_4H_20260718_042611.png
 delete mode 100644 charts/screenshots/JPM/JPM_Daily_20260717_043006.png
 create mode 100644 charts/screenshots/JPM/JPM_Daily_20260718_042611.png
 delete mode 100644 charts/screenshots/JPM/JPM_Monthly_20260717_043006.png
 create mode 100644 charts/screenshots/JPM/JPM_Monthly_20260718_042611.png
 delete mode 100644 charts/screenshots/JPM/JPM_Weekly_20260717_043006.png
 create mode 100644 charts/screenshots/JPM/JPM_Weekly_20260718_042611.png
 create mode 100644 charts/screenshots/KLAC/KLAC_1H_20260718_043322.png
 create mode 100644 charts/screenshots/KLAC/KLAC_4H_20260718_043322.png
 create mode 100644 charts/screenshots/KLAC/KLAC_Daily_20260718_043322.png
 create mode 100644 charts/screenshots/KLAC/KLAC_Monthly_20260718_043322.png
 create mode 100644 charts/screenshots/KLAC/KLAC_Weekly_20260718_043322.png
 delete mode 100644 charts/screenshots/KO/KO_1H_20260717_044042.png
 create mode 100644 charts/screenshots/KO/KO_1H_20260718_040511.png
 delete mode 100644 charts/screenshots/KO/KO_4H_20260717_044042.png
 create mode 100644 charts/screenshots/KO/KO_4H_20260718_040511.png
 delete mode 100644 charts/screenshots/KO/KO_Daily_20260717_044042.png
 create mode 100644 charts/screenshots/KO/KO_Daily_20260718_040511.png
 delete mode 100644 charts/screenshots/KO/KO_Monthly_20260717_044042.png
 create mode 100644 charts/screenshots/KO/KO_Monthly_20260718_040511.png
 delete mode 100644 charts/screenshots/KO/KO_Weekly_20260717_044042.png
 create mode 100644 charts/screenshots/KO/KO_Weekly_20260718_040511.png
 delete mode 100644 charts/screenshots/LIN/LIN_1H_20260717_045714.png
 create mode 100644 charts/screenshots/LIN/LIN_1H_20260718_042729.png
 delete mode 100644 charts/screenshots/LIN/LIN_4H_20260717_045714.png
 create mode 100644 charts/screenshots/LIN/LIN_4H_20260718_042729.png
 delete mode 100644 charts/screenshots/LIN/LIN_Daily_20260717_045714.png
 create mode 100644 charts/screenshots/LIN/LIN_Daily_20260718_042729.png
 delete mode 100644 charts/screenshots/LIN/LIN_Monthly_20260717_045714.png
 create mode 100644 charts/screenshots/LIN/LIN_Monthly_20260718_042729.png
 delete mode 100644 charts/screenshots/LIN/LIN_Weekly_20260717_045714.png
 create mode 100644 charts/screenshots/LIN/LIN_Weekly_20260718_042729.png
 delete mode 100644 charts/screenshots/LLY/LLY_1H_20260717_043123.png
 create mode 100644 charts/screenshots/LLY/LLY_1H_20260718_044035.png
 delete mode 100644 charts/screenshots/LLY/LLY_4H_20260717_043123.png
 create mode 100644 charts/screenshots/LLY/LLY_4H_20260718_044035.png
 delete mode 100644 charts/screenshots/LLY/LLY_Daily_20260717_043123.png
 create mode 100644 charts/screenshots/LLY/LLY_Daily_20260718_044035.png
 delete mode 100644 charts/screenshots/LLY/LLY_Monthly_20260717_043123.png
 create mode 100644 charts/screenshots/LLY/LLY_Monthly_20260718_044035.png
 delete mode 100644 charts/screenshots/LLY/LLY_Weekly_20260717_043123.png
 create mode 100644 charts/screenshots/LLY/LLY_Weekly_20260718_044035.png
 delete mode 100644 charts/screenshots/LRCX/LRCX_1H_20260717_050152.png
 create mode 100644 charts/screenshots/LRCX/LRCX_1H_20260718_043520.png
 delete mode 100644 charts/screenshots/LRCX/LRCX_4H_20260717_050152.png
 create mode 100644 charts/screenshots/LRCX/LRCX_4H_20260718_043520.png
 delete mode 100644 charts/screenshots/LRCX/LRCX_Daily_20260717_050152.png
 create mode 100644 charts/screenshots/LRCX/LRCX_Daily_20260718_043520.png
 delete mode 100644 charts/screenshots/LRCX/LRCX_Monthly_20260717_050152.png
 create mode 100644 charts/screenshots/LRCX/LRCX_Monthly_20260718_043520.png
 delete mode 100644 charts/screenshots/LRCX/LRCX_Weekly_20260717_050152.png
 create mode 100644 charts/screenshots/LRCX/LRCX_Weekly_20260718_043520.png
 delete mode 100644 charts/screenshots/MA/MA_1H_20260717_042051.png
 create mode 100644 charts/screenshots/MA/MA_1H_20260718_041105.png
 delete mode 100644 charts/screenshots/MA/MA_4H_20260717_042051.png
 create mode 100644 charts/screenshots/MA/MA_4H_20260718_041105.png
 delete mode 100644 charts/screenshots/MA/MA_Daily_20260717_042051.png
 create mode 100644 charts/screenshots/MA/MA_Daily_20260718_041105.png
 delete mode 100644 charts/screenshots/MA/MA_Monthly_20260717_042051.png
 create mode 100644 charts/screenshots/MA/MA_Monthly_20260718_041105.png
 delete mode 100644 charts/screenshots/MA/MA_Weekly_20260717_042051.png
 create mode 100644 charts/screenshots/MA/MA_Weekly_20260718_041105.png
 create mode 100644 charts/screenshots/MCHP/MCHP_1H_20260718_045223.png
 create mode 100644 charts/screenshots/MCHP/MCHP_4H_20260718_045223.png
 create mode 100644 charts/screenshots/MCHP/MCHP_Daily_20260718_045223.png
 create mode 100644 charts/screenshots/MCHP/MCHP_Monthly_20260718_045223.png
 create mode 100644 charts/screenshots/MCHP/MCHP_Weekly_20260718_045223.png
 delete mode 100644 charts/screenshots/META/META_1H_20260717_044800.png
 create mode 100644 charts/screenshots/META/META_1H_20260718_040629.png
 delete mode 100644 charts/screenshots/META/META_4H_20260717_044800.png
 create mode 100644 charts/screenshots/META/META_4H_20260718_040629.png
 delete mode 100644 charts/screenshots/META/META_Daily_20260717_044800.png
 create mode 100644 charts/screenshots/META/META_Daily_20260718_040629.png
 delete mode 100644 charts/screenshots/META/META_Monthly_20260717_044800.png
 create mode 100644 charts/screenshots/META/META_Monthly_20260718_040629.png
 delete mode 100644 charts/screenshots/META/META_Weekly_20260717_044800.png
 create mode 100644 charts/screenshots/META/META_Weekly_20260718_040629.png
 delete mode 100644 charts/screenshots/MRK/MRK_1H_20260717_044121.png
 create mode 100644 charts/screenshots/MRK/MRK_1H_20260718_044114.png
 delete mode 100644 charts/screenshots/MRK/MRK_4H_20260717_044121.png
 create mode 100644 charts/screenshots/MRK/MRK_4H_20260718_044114.png
 delete mode 100644 charts/screenshots/MRK/MRK_Daily_20260717_044121.png
 create mode 100644 charts/screenshots/MRK/MRK_Daily_20260718_044114.png
 delete mode 100644 charts/screenshots/MRK/MRK_Monthly_20260717_044121.png
 create mode 100644 charts/screenshots/MRK/MRK_Monthly_20260718_044114.png
 delete mode 100644 charts/screenshots/MRK/MRK_Weekly_20260717_044121.png
 create mode 100644 charts/screenshots/MRK/MRK_Weekly_20260718_044114.png
 delete mode 100644 charts/screenshots/MRVL/MRVL_1H_20260717_050351.png
 create mode 100644 charts/screenshots/MRVL/MRVL_1H_20260718_042848.png
 delete mode 100644 charts/screenshots/MRVL/MRVL_4H_20260717_050351.png
 create mode 100644 charts/screenshots/MRVL/MRVL_4H_20260718_042848.png
 delete mode 100644 charts/screenshots/MRVL/MRVL_Daily_20260717_050351.png
 create mode 100644 charts/screenshots/MRVL/MRVL_Daily_20260718_042848.png
 delete mode 100644 charts/screenshots/MRVL/MRVL_Monthly_20260717_050351.png
 create mode 100644 charts/screenshots/MRVL/MRVL_Monthly_20260718_042848.png
 delete mode 100644 charts/screenshots/MRVL/MRVL_Weekly_20260717_050351.png
 create mode 100644 charts/screenshots/MRVL/MRVL_Weekly_20260718_042848.png
 delete mode 100644 charts/screenshots/MS/MS_1H_20260717_042011.png
 create mode 100644 charts/screenshots/MS/MS_1H_20260718_042415.png
 delete mode 100644 charts/screenshots/MS/MS_4H_20260717_042011.png
 create mode 100644 charts/screenshots/MS/MS_4H_20260718_042415.png
 delete mode 100644 charts/screenshots/MS/MS_Daily_20260717_042011.png
 create mode 100644 charts/screenshots/MS/MS_Daily_20260718_042415.png
 delete mode 100644 charts/screenshots/MS/MS_Monthly_20260717_042011.png
 create mode 100644 charts/screenshots/MS/MS_Monthly_20260718_042415.png
 delete mode 100644 charts/screenshots/MS/MS_Weekly_20260717_042011.png
 create mode 100644 charts/screenshots/MS/MS_Weekly_20260718_042415.png
 delete mode 100644 charts/screenshots/MU/MU_1H_20260717_045834.png
 create mode 100644 charts/screenshots/MU/MU_1H_20260718_043047.png
 delete mode 100644 charts/screenshots/MU/MU_4H_20260717_045834.png
 create mode 100644 charts/screenshots/MU/MU_4H_20260718_043047.png
 delete mode 100644 charts/screenshots/MU/MU_Daily_20260717_045834.png
 create mode 100644 charts/screenshots/MU/MU_Daily_20260718_043047.png
 delete mode 100644 charts/screenshots/MU/MU_Monthly_20260717_045834.png
 create mode 100644 charts/screenshots/MU/MU_Monthly_20260718_043047.png
 delete mode 100644 charts/screenshots/MU/MU_Weekly_20260717_045834.png
 create mode 100644 charts/screenshots/MU/MU_Weekly_20260718_043047.png
 delete mode 100644 charts/screenshots/NBM.V/NBM.V_1H_20260717_050831.png
 create mode 100644 charts/screenshots/NBM.V/NBM.V_1H_20260718_045501.png
 delete mode 100644 charts/screenshots/NBM.V/NBM.V_4H_20260717_050831.png
 create mode 100644 charts/screenshots/NBM.V/NBM.V_4H_20260718_045501.png
 delete mode 100644 charts/screenshots/NBM.V/NBM.V_Daily_20260717_050831.png
 create mode 100644 charts/screenshots/NBM.V/NBM.V_Daily_20260718_045501.png
 delete mode 100644 charts/screenshots/NBM.V/NBM.V_Monthly_20260717_050831.png
 create mode 100644 charts/screenshots/NBM.V/NBM.V_Monthly_20260718_045501.png
 delete mode 100644 charts/screenshots/NBM.V/NBM.V_Weekly_20260717_050831.png
 create mode 100644 charts/screenshots/NBM.V/NBM.V_Weekly_20260718_045501.png
 delete mode 100644 charts/screenshots/NEE/NEE_1H_20260717_045036.png
 delete mode 100644 charts/screenshots/NEE/NEE_4H_20260717_045036.png
 delete mode 100644 charts/screenshots/NEE/NEE_Daily_20260717_045036.png
 delete mode 100644 charts/screenshots/NEE/NEE_Monthly_20260717_045036.png
 delete mode 100644 charts/screenshots/NEE/NEE_Weekly_20260717_045036.png
 create mode 100644 charts/screenshots/NEM/NEM_1H_20260718_045144.png
 create mode 100644 charts/screenshots/NEM/NEM_4H_20260718_045144.png
 create mode 100644 charts/screenshots/NEM/NEM_Daily_20260718_045144.png
 create mode 100644 charts/screenshots/NEM/NEM_Monthly_20260718_045144.png
 create mode 100644 charts/screenshots/NEM/NEM_Weekly_20260718_045144.png
 delete mode 100644 charts/screenshots/NVDA/NVDA_1H_20260717_043601.png
 create mode 100644 charts/screenshots/NVDA/NVDA_1H_20260718_043756.png
 delete mode 100644 charts/screenshots/NVDA/NVDA_4H_20260717_043601.png
 create mode 100644 charts/screenshots/NVDA/NVDA_4H_20260718_043756.png
 delete mode 100644 charts/screenshots/NVDA/NVDA_Daily_20260717_043601.png
 create mode 100644 charts/screenshots/NVDA/NVDA_Daily_20260718_043756.png
 delete mode 100644 charts/screenshots/NVDA/NVDA_Monthly_20260717_043601.png
 create mode 100644 charts/screenshots/NVDA/NVDA_Monthly_20260718_043756.png
 delete mode 100644 charts/screenshots/NVDA/NVDA_Weekly_20260717_043601.png
 create mode 100644 charts/screenshots/NVDA/NVDA_Weekly_20260718_043756.png
 create mode 100644 charts/screenshots/NXPI/NXPI_1H_20260718_044233.png
 create mode 100644 charts/screenshots/NXPI/NXPI_4H_20260718_044233.png
 create mode 100644 charts/screenshots/NXPI/NXPI_Daily_20260718_044233.png
 create mode 100644 charts/screenshots/NXPI/NXPI_Monthly_20260718_044233.png
 create mode 100644 charts/screenshots/NXPI/NXPI_Weekly_20260718_044233.png
 create mode 100644 charts/screenshots/ORCL/ORCL_1H_20260718_045105.png
 create mode 100644 charts/screenshots/ORCL/ORCL_4H_20260718_045105.png
 create mode 100644 charts/screenshots/ORCL/ORCL_Daily_20260718_045105.png
 create mode 100644 charts/screenshots/ORCL/ORCL_Monthly_20260718_045105.png
 create mode 100644 charts/screenshots/ORCL/ORCL_Weekly_20260718_045105.png
 delete mode 100644 charts/screenshots/PANW/PANW_1H_20260717_042609.png
 create mode 100644 charts/screenshots/PANW/PANW_1H_20260718_041701.png
 delete mode 100644 charts/screenshots/PANW/PANW_4H_20260717_042609.png
 create mode 100644 charts/screenshots/PANW/PANW_4H_20260718_041701.png
 delete mode 100644 charts/screenshots/PANW/PANW_Daily_20260717_042609.png
 create mode 100644 charts/screenshots/PANW/PANW_Daily_20260718_041701.png
 delete mode 100644 charts/screenshots/PANW/PANW_Monthly_20260717_042609.png
 create mode 100644 charts/screenshots/PANW/PANW_Monthly_20260718_041701.png
 delete mode 100644 charts/screenshots/PANW/PANW_Weekly_20260717_042609.png
 create mode 100644 charts/screenshots/PANW/PANW_Weekly_20260718_041701.png
 delete mode 100644 charts/screenshots/PG/PG_1H_20260717_045556.png
 create mode 100644 charts/screenshots/PG/PG_1H_20260718_044947.png
 delete mode 100644 charts/screenshots/PG/PG_4H_20260717_045556.png
 create mode 100644 charts/screenshots/PG/PG_4H_20260718_044947.png
 delete mode 100644 charts/screenshots/PG/PG_Daily_20260717_045556.png
 create mode 100644 charts/screenshots/PG/PG_Daily_20260718_044947.png
 delete mode 100644 charts/screenshots/PG/PG_Monthly_20260717_045556.png
 create mode 100644 charts/screenshots/PG/PG_Monthly_20260718_044947.png
 delete mode 100644 charts/screenshots/PG/PG_Weekly_20260717_045556.png
 create mode 100644 charts/screenshots/PG/PG_Weekly_20260718_044947.png
 delete mode 100644 charts/screenshots/PGR/PGR_1H_20260717_044201.png
 create mode 100644 charts/screenshots/PGR/PGR_1H_20260718_040708.png
 delete mode 100644 charts/screenshots/PGR/PGR_4H_20260717_044201.png
 create mode 100644 charts/screenshots/PGR/PGR_4H_20260718_040708.png
 delete mode 100644 charts/screenshots/PGR/PGR_Daily_20260717_044201.png
 create mode 100644 charts/screenshots/PGR/PGR_Daily_20260718_040708.png
 delete mode 100644 charts/screenshots/PGR/PGR_Monthly_20260717_044201.png
 create mode 100644 charts/screenshots/PGR/PGR_Monthly_20260718_040708.png
 delete mode 100644 charts/screenshots/PGR/PGR_Weekly_20260717_044201.png
 create mode 100644 charts/screenshots/PGR/PGR_Weekly_20260718_040708.png
 delete mode 100644 charts/screenshots/PM/PM_1H_20260717_044720.png
 create mode 100644 charts/screenshots/PM/PM_1H_20260718_044908.png
 delete mode 100644 charts/screenshots/PM/PM_4H_20260717_044720.png
 create mode 100644 charts/screenshots/PM/PM_4H_20260718_044908.png
 delete mode 100644 charts/screenshots/PM/PM_Daily_20260717_044720.png
 create mode 100644 charts/screenshots/PM/PM_Daily_20260718_044908.png
 delete mode 100644 charts/screenshots/PM/PM_Monthly_20260717_044720.png
 create mode 100644 charts/screenshots/PM/PM_Monthly_20260718_044908.png
 delete mode 100644 charts/screenshots/PM/PM_Weekly_20260717_044720.png
 create mode 100644 charts/screenshots/PM/PM_Weekly_20260718_044908.png
 delete mode 100644 charts/screenshots/PWR/PWR_1H_20260717_050632.png
 create mode 100644 charts/screenshots/PWR/PWR_1H_20260718_045342.png
 delete mode 100644 charts/screenshots/PWR/PWR_4H_20260717_050632.png
 create mode 100644 charts/screenshots/PWR/PWR_4H_20260718_045342.png
 delete mode 100644 charts/screenshots/PWR/PWR_Daily_20260717_050632.png
 create mode 100644 charts/screenshots/PWR/PWR_Daily_20260718_045342.png
 delete mode 100644 charts/screenshots/PWR/PWR_Monthly_20260717_050632.png
 create mode 100644 charts/screenshots/PWR/PWR_Monthly_20260718_045342.png
 delete mode 100644 charts/screenshots/PWR/PWR_Weekly_20260717_050632.png
 create mode 100644 charts/screenshots/PWR/PWR_Weekly_20260718_045342.png
 delete mode 100644 charts/screenshots/QCOM/QCOM_1H_20260717_050551.png
 create mode 100644 charts/screenshots/QCOM/QCOM_1H_20260718_044630.png
 delete mode 100644 charts/screenshots/QCOM/QCOM_4H_20260717_050551.png
 create mode 100644 charts/screenshots/QCOM/QCOM_4H_20260718_044630.png
 delete mode 100644 charts/screenshots/QCOM/QCOM_Daily_20260717_050551.png
 create mode 100644 charts/screenshots/QCOM/QCOM_Daily_20260718_044630.png
 delete mode 100644 charts/screenshots/QCOM/QCOM_Monthly_20260717_050551.png
 create mode 100644 charts/screenshots/QCOM/QCOM_Monthly_20260718_044630.png
 delete mode 100644 charts/screenshots/QCOM/QCOM_Weekly_20260717_050551.png
 create mode 100644 charts/screenshots/QCOM/QCOM_Weekly_20260718_044630.png
 delete mode 100644 charts/screenshots/QQQ/QQQ_1H_20260717_045754.png
 create mode 100644 charts/screenshots/QQQ/QQQ_1H_20260718_042057.png
 delete mode 100644 charts/screenshots/QQQ/QQQ_4H_20260717_045754.png
 create mode 100644 charts/screenshots/QQQ/QQQ_4H_20260718_042057.png
 delete mode 100644 charts/screenshots/QQQ/QQQ_Daily_20260717_045754.png
 create mode 100644 charts/screenshots/QQQ/QQQ_Daily_20260718_042057.png
 delete mode 100644 charts/screenshots/QQQ/QQQ_Monthly_20260717_045754.png
 create mode 100644 charts/screenshots/QQQ/QQQ_Monthly_20260718_042057.png
 delete mode 100644 charts/screenshots/QQQ/QQQ_Weekly_20260717_045754.png
 create mode 100644 charts/screenshots/QQQ/QQQ_Weekly_20260718_042057.png
 delete mode 100644 charts/screenshots/RTX/RTX_1H_20260717_042808.png
 create mode 100644 charts/screenshots/RTX/RTX_1H_20260718_044432.png
 delete mode 100644 charts/screenshots/RTX/RTX_4H_20260717_042808.png
 create mode 100644 charts/screenshots/RTX/RTX_4H_20260718_044432.png
 delete mode 100644 charts/screenshots/RTX/RTX_Daily_20260717_042808.png
 create mode 100644 charts/screenshots/RTX/RTX_Daily_20260718_044432.png
 delete mode 100644 charts/screenshots/RTX/RTX_Monthly_20260717_042808.png
 create mode 100644 charts/screenshots/RTX/RTX_Monthly_20260718_044432.png
 delete mode 100644 charts/screenshots/RTX/RTX_Weekly_20260717_042808.png
 create mode 100644 charts/screenshots/RTX/RTX_Weekly_20260718_044432.png
 delete mode 100644 charts/screenshots/SCHW/SCHW_1H_20260717_042648.png
 create mode 100644 charts/screenshots/SCHW/SCHW_1H_20260718_041740.png
 delete mode 100644 charts/screenshots/SCHW/SCHW_4H_20260717_042648.png
 create mode 100644 charts/screenshots/SCHW/SCHW_4H_20260718_041740.png
 delete mode 100644 charts/screenshots/SCHW/SCHW_Daily_20260717_042648.png
 create mode 100644 charts/screenshots/SCHW/SCHW_Daily_20260718_041740.png
 delete mode 100644 charts/screenshots/SCHW/SCHW_Monthly_20260717_042648.png
 create mode 100644 charts/screenshots/SCHW/SCHW_Monthly_20260718_041740.png
 delete mode 100644 charts/screenshots/SCHW/SCHW_Weekly_20260717_042648.png
 create mode 100644 charts/screenshots/SCHW/SCHW_Weekly_20260718_041740.png
 delete mode 100644 charts/screenshots/SHW/SHW_1H_20260717_044639.png
 create mode 100644 charts/screenshots/SHW/SHW_1H_20260718_044829.png
 delete mode 100644 charts/screenshots/SHW/SHW_4H_20260717_044639.png
 create mode 100644 charts/screenshots/SHW/SHW_4H_20260718_044829.png
 delete mode 100644 charts/screenshots/SHW/SHW_Daily_20260717_044639.png
 create mode 100644 charts/screenshots/SHW/SHW_Daily_20260718_044829.png
 delete mode 100644 charts/screenshots/SHW/SHW_Monthly_20260717_044639.png
 create mode 100644 charts/screenshots/SHW/SHW_Monthly_20260718_044829.png
 delete mode 100644 charts/screenshots/SHW/SHW_Weekly_20260717_044639.png
 create mode 100644 charts/screenshots/SHW/SHW_Weekly_20260718_044829.png
 create mode 100644 charts/screenshots/SMCI/SMCI_1H_20260718_044551.png
 create mode 100644 charts/screenshots/SMCI/SMCI_4H_20260718_044551.png
 create mode 100644 charts/screenshots/SMCI/SMCI_Daily_20260718_044551.png
 create mode 100644 charts/screenshots/SMCI/SMCI_Monthly_20260718_044551.png
 create mode 100644 charts/screenshots/SMCI/SMCI_Weekly_20260718_044551.png
 delete mode 100644 charts/screenshots/SPY/SPY_1H_20260717_042130.png
 create mode 100644 charts/screenshots/SPY/SPY_1H_20260718_042137.png
 delete mode 100644 charts/screenshots/SPY/SPY_4H_20260717_042130.png
 create mode 100644 charts/screenshots/SPY/SPY_4H_20260718_042137.png
 delete mode 100644 charts/screenshots/SPY/SPY_Daily_20260717_042130.png
 create mode 100644 charts/screenshots/SPY/SPY_Daily_20260718_042137.png
 delete mode 100644 charts/screenshots/SPY/SPY_Monthly_20260717_042130.png
 create mode 100644 charts/screenshots/SPY/SPY_Monthly_20260718_042137.png
 delete mode 100644 charts/screenshots/SPY/SPY_Weekly_20260717_042130.png
 create mode 100644 charts/screenshots/SPY/SPY_Weekly_20260718_042137.png
 delete mode 100644 charts/screenshots/STX/STX_1H_20260717_050032.png
 create mode 100644 charts/screenshots/STX/STX_1H_20260718_042336.png
 delete mode 100644 charts/screenshots/STX/STX_4H_20260717_050032.png
 create mode 100644 charts/screenshots/STX/STX_4H_20260718_042336.png
 delete mode 100644 charts/screenshots/STX/STX_Daily_20260717_050032.png
 create mode 100644 charts/screenshots/STX/STX_Daily_20260718_042336.png
 delete mode 100644 charts/screenshots/STX/STX_Monthly_20260717_050032.png
 create mode 100644 charts/screenshots/STX/STX_Monthly_20260718_042336.png
 delete mode 100644 charts/screenshots/STX/STX_Weekly_20260717_050032.png
 create mode 100644 charts/screenshots/STX/STX_Weekly_20260718_042336.png
 delete mode 100644 charts/screenshots/TER/TER_1H_20260717_050711.png
 create mode 100644 charts/screenshots/TER/TER_1H_20260718_045303.png
 delete mode 100644 charts/screenshots/TER/TER_4H_20260717_050711.png
 create mode 100644 charts/screenshots/TER/TER_4H_20260718_045303.png
 delete mode 100644 charts/screenshots/TER/TER_Daily_20260717_050711.png
 create mode 100644 charts/screenshots/TER/TER_Daily_20260718_045303.png
 delete mode 100644 charts/screenshots/TER/TER_Monthly_20260717_050711.png
 create mode 100644 charts/screenshots/TER/TER_Monthly_20260718_045303.png
 delete mode 100644 charts/screenshots/TER/TER_Weekly_20260717_050711.png
 create mode 100644 charts/screenshots/TER/TER_Weekly_20260718_045303.png
 delete mode 100644 charts/screenshots/TJX/TJX_1H_20260717_050511.png
 delete mode 100644 charts/screenshots/TJX/TJX_4H_20260717_050511.png
 delete mode 100644 charts/screenshots/TJX/TJX_Daily_20260717_050511.png
 delete mode 100644 charts/screenshots/TJX/TJX_Monthly_20260717_050511.png
 delete mode 100644 charts/screenshots/TJX/TJX_Weekly_20260717_050511.png
 delete mode 100644 charts/screenshots/TMO/TMO_1H_20260717_042848.png
 create mode 100644 charts/screenshots/TMO/TMO_1H_20260718_041820.png
 delete mode 100644 charts/screenshots/TMO/TMO_4H_20260717_042848.png
 create mode 100644 charts/screenshots/TMO/TMO_4H_20260718_041820.png
 delete mode 100644 charts/screenshots/TMO/TMO_Daily_20260717_042848.png
 create mode 100644 charts/screenshots/TMO/TMO_Daily_20260718_041820.png
 delete mode 100644 charts/screenshots/TMO/TMO_Monthly_20260717_042848.png
 create mode 100644 charts/screenshots/TMO/TMO_Monthly_20260718_041820.png
 delete mode 100644 charts/screenshots/TMO/TMO_Weekly_20260717_042848.png
 create mode 100644 charts/screenshots/TMO/TMO_Weekly_20260718_041820.png
 delete mode 100644 charts/screenshots/TXN/TXN_1H_20260717_043841.png
 create mode 100644 charts/screenshots/TXN/TXN_1H_20260718_043126.png
 delete mode 100644 charts/screenshots/TXN/TXN_4H_20260717_043841.png
 create mode 100644 charts/screenshots/TXN/TXN_4H_20260718_043126.png
 delete mode 100644 charts/screenshots/TXN/TXN_Daily_20260717_043841.png
 create mode 100644 charts/screenshots/TXN/TXN_Daily_20260718_043126.png
 delete mode 100644 charts/screenshots/TXN/TXN_Monthly_20260717_043841.png
 create mode 100644 charts/screenshots/TXN/TXN_Monthly_20260718_043126.png
 delete mode 100644 charts/screenshots/TXN/TXN_Weekly_20260717_043841.png
 create mode 100644 charts/screenshots/TXN/TXN_Weekly_20260718_043126.png
 delete mode 100644 charts/screenshots/UNH/UNH_1H_20260717_041851.png
 create mode 100644 charts/screenshots/UNH/UNH_1H_20260718_040432.png
 delete mode 100644 charts/screenshots/UNH/UNH_4H_20260717_041851.png
 create mode 100644 charts/screenshots/UNH/UNH_4H_20260718_040432.png
 delete mode 100644 charts/screenshots/UNH/UNH_Daily_20260717_041851.png
 create mode 100644 charts/screenshots/UNH/UNH_Daily_20260718_040432.png
 delete mode 100644 charts/screenshots/UNH/UNH_Monthly_20260717_041851.png
 create mode 100644 charts/screenshots/UNH/UNH_Monthly_20260718_040432.png
 delete mode 100644 charts/screenshots/UNH/UNH_Weekly_20260717_041851.png
 create mode 100644 charts/screenshots/UNH/UNH_Weekly_20260718_040432.png
 delete mode 100644 charts/screenshots/V/V_1H_20260717_042728.png
 create mode 100644 charts/screenshots/V/V_1H_20260718_041859.png
 delete mode 100644 charts/screenshots/V/V_4H_20260717_042728.png
 create mode 100644 charts/screenshots/V/V_4H_20260718_041859.png
 delete mode 100644 charts/screenshots/V/V_Daily_20260717_042728.png
 create mode 100644 charts/screenshots/V/V_Daily_20260718_041859.png
 delete mode 100644 charts/screenshots/V/V_Monthly_20260717_042728.png
 create mode 100644 charts/screenshots/V/V_Monthly_20260718_041859.png
 delete mode 100644 charts/screenshots/V/V_Weekly_20260717_042728.png
 create mode 100644 charts/screenshots/V/V_Weekly_20260718_041859.png
 delete mode 100644 charts/screenshots/VLO/VLO_1H_20260717_041931.png
 create mode 100644 charts/screenshots/VLO/VLO_1H_20260718_042256.png
 delete mode 100644 charts/screenshots/VLO/VLO_4H_20260717_041931.png
 create mode 100644 charts/screenshots/VLO/VLO_4H_20260718_042256.png
 delete mode 100644 charts/screenshots/VLO/VLO_Daily_20260717_041931.png
 create mode 100644 charts/screenshots/VLO/VLO_Daily_20260718_042256.png
 delete mode 100644 charts/screenshots/VLO/VLO_Monthly_20260717_041931.png
 create mode 100644 charts/screenshots/VLO/VLO_Monthly_20260718_042256.png
 delete mode 100644 charts/screenshots/VLO/VLO_Weekly_20260717_041931.png
 create mode 100644 charts/screenshots/VLO/VLO_Weekly_20260718_042256.png
 delete mode 100644 charts/screenshots/VRTX/VRTX_1H_20260717_043202.png
 create mode 100644 charts/screenshots/VRTX/VRTX_1H_20260718_042216.png
 delete mode 100644 charts/screenshots/VRTX/VRTX_4H_20260717_043202.png
 create mode 100644 charts/screenshots/VRTX/VRTX_4H_20260718_042216.png
 delete mode 100644 charts/screenshots/VRTX/VRTX_Daily_20260717_043202.png
 create mode 100644 charts/screenshots/VRTX/VRTX_Daily_20260718_042216.png
 delete mode 100644 charts/screenshots/VRTX/VRTX_Monthly_20260717_043202.png
 create mode 100644 charts/screenshots/VRTX/VRTX_Monthly_20260718_042216.png
 delete mode 100644 charts/screenshots/VRTX/VRTX_Weekly_20260717_043202.png
 create mode 100644 charts/screenshots/VRTX/VRTX_Weekly_20260718_042216.png
 delete mode 100644 charts/screenshots/WDC/WDC_1H_20260717_050112.png
 create mode 100644 charts/screenshots/WDC/WDC_1H_20260718_043441.png
 delete mode 100644 charts/screenshots/WDC/WDC_4H_20260717_050112.png
 create mode 100644 charts/screenshots/WDC/WDC_4H_20260718_043441.png
 delete mode 100644 charts/screenshots/WDC/WDC_Daily_20260717_050112.png
 create mode 100644 charts/screenshots/WDC/WDC_Daily_20260718_043441.png
 delete mode 100644 charts/screenshots/WDC/WDC_Monthly_20260717_050112.png
 create mode 100644 charts/screenshots/WDC/WDC_Monthly_20260718_043441.png
 delete mode 100644 charts/screenshots/WDC/WDC_Weekly_20260717_050112.png
 create mode 100644 charts/screenshots/WDC/WDC_Weekly_20260718_043441.png
 delete mode 100644 charts/screenshots/WFC/WFC_1H_20260717_044441.png
 create mode 100644 charts/screenshots/WFC/WFC_1H_20260718_042650.png
 delete mode 100644 charts/screenshots/WFC/WFC_4H_20260717_044441.png
 create mode 100644 charts/screenshots/WFC/WFC_4H_20260718_042650.png
 delete mode 100644 charts/screenshots/WFC/WFC_Daily_20260717_044441.png
 create mode 100644 charts/screenshots/WFC/WFC_Daily_20260718_042650.png
 delete mode 100644 charts/screenshots/WFC/WFC_Monthly_20260717_044441.png
 create mode 100644 charts/screenshots/WFC/WFC_Monthly_20260718_042650.png
 delete mode 100644 charts/screenshots/WFC/WFC_Weekly_20260717_044441.png
 create mode 100644 charts/screenshots/WFC/WFC_Weekly_20260718_042650.png
[[SP500 차트분석]] GitHub 푸시 완료
[[SP500 차트분석]] Google Sheets 업데이트 완료
[Paper Trading] SP500 ranked_df 스냅샷 저장 완료 (129개 종목)

[요약] 파이프라인 완료 – 총 4211.8초 (70.20분) 소요
