============================================================
[Unified Paper Trading] SP500 + NASDAQ/NYSE 통합 실행 시작
============================================================
2026-09-11 07:56:46,541 [INFO] paper_trading.runner — [Runner] SP500 snapshot 로드: 128개 종목
[Unified PT] SP500 snapshot 로드: 128개 종목
2026-09-11 07:56:46,551 [INFO] paper_trading.runner — [Runner] NASDAQ snapshot 로드: 211개 종목
[Unified PT] NASDAQ snapshot 로드: 211개 종목
[Unified PT] 합산 완료: 333개 종목 (SP500 128 + NASDAQ 211개, 중복 제거 후)
[Unified PT] 골든크로스임박 종목: 35개
2026-09-11 07:56:47,365 [INFO] paper_trading.candidate_selector — [전략점수 분포] ~4.0: 121 | 4.0~5.0: 35 | 5.0~5.5: 41 | 5.5~6.0: 29 | 6.0+: 107
2026-09-11 07:56:47,375 [INFO] paper_trading.candidate_selector — [CandidateSelector] Regime=neutral | Filtered=6/333 | Selected: ADBE (CCS=0.5878)
2026-09-11 07:56:47,383 [INFO] paper_trading.engine — [PaperTrading] 교체 기준 미달 — 매수 안 함
[Unified PT] 매도=0 매수=0 보유=3종목
[Unified PT] 레짐=neutral | 필터={'전략점수<6.0': 226, '바닥반등_52주과열': 2, '판단등급_미달': 91, '과열_차단': 7, '유동성_부족': 0, '어닝_임박': 0, '보유_중복': 0, '모멘텀_ADX부족': 1, '바닥_RSI데드존': 0, '섹터_집중': 0, '_통과': 6, '_전체': 333}
[Unified PT] 스킵 사유: 교체_미달
[Unified PT] Top5 후보:
  ADBE   CCS=0.5878 전략=📉 바닥반등 섹터=Technology
  CVX    CCS=0.5259 전략=📈 모멘텀 섹터=Energy
  PBR    CCS=0.5083 전략=📈 모멘텀 섹터=Energy
  RZLV   CCS=0.4873 전략=📉 바닥반등 섹터=Technology
  TRIP   CCS=0.4537 전략=📉 바닥반등 섹터=Consumer Cyclical
2026-09-11 07:56:49,194 [INFO] paper_trading.sheet_sync — [SheetSync] 포지션현황 업데이트: 3개 종목
2026-09-11 07:56:50,677 [INFO] paper_trading.sheet_sync — [SheetSync] 성과요약 업데이트: 44건 거래
[Unified PT] 구글 시트 동기화 완료
[시장분석] 41개 종목 데이터 수집 중...
2026-09-11 07:56:57,146 [WARNING] data.fetch — [fetch_analyst_data] TRIP: 'dict' object has no attribute 'empty'
2026-09-11 07:56:57,155 [WARNING] data.fetch — [fetch_analyst_data] ADBE: 'dict' object has no attribute 'empty'
2026-09-11 07:56:57,211 [WARNING] data.fetch — [fetch_analyst_data] CVX: 'dict' object has no attribute 'empty'
2026-09-11 07:56:57,214 [WARNING] data.fetch — [fetch_analyst_data] RZLV: 'dict' object has no attribute 'empty'
2026-09-11 07:56:57,228 [WARNING] data.fetch — [fetch_analyst_data] PBR: 'dict' object has no attribute 'empty'
2026-09-11 07:57:03,503 [WARNING] data.fetch — [fetch_analyst_data] META: 'dict' object has no attribute 'empty'
2026-09-11 07:57:03,559 [WARNING] data.fetch — [fetch_analyst_data] MMYT: 'dict' object has no attribute 'empty'
2026-09-11 07:57:03,566 [WARNING] data.fetch — [fetch_analyst_data] SPGI: 'dict' object has no attribute 'empty'
2026-09-11 07:57:03,612 [WARNING] data.fetch — [fetch_analyst_data] T: 'dict' object has no attribute 'empty'
2026-09-11 07:57:03,626 [WARNING] data.fetch — [fetch_analyst_data] DIS: 'dict' object has no attribute 'empty'
2026-09-11 07:57:09,851 [WARNING] data.fetch — [fetch_analyst_data] FIG: 'dict' object has no attribute 'empty'
2026-09-11 07:57:09,916 [WARNING] data.fetch — [fetch_analyst_data] MNDY: 'dict' object has no attribute 'empty'
2026-09-11 07:57:09,918 [WARNING] data.fetch — [fetch_analyst_data] ZS: 'dict' object has no attribute 'empty'
2026-09-11 07:57:09,955 [WARNING] data.fetch — [fetch_analyst_data] UBER: 'dict' object has no attribute 'empty'
2026-09-11 07:57:09,986 [WARNING] data.fetch — [fetch_analyst_data] MELI: 'dict' object has no attribute 'empty'
2026-09-11 07:57:16,208 [WARNING] data.fetch — [fetch_analyst_data] CRE: 'dict' object has no attribute 'empty'
2026-09-11 07:57:16,283 [WARNING] data.fetch — [fetch_analyst_data] COUR: 'dict' object has no attribute 'empty'
2026-09-11 07:57:16,302 [WARNING] data.fetch — [fetch_analyst_data] AMD: 'dict' object has no attribute 'empty'
2026-09-11 07:57:16,308 [WARNING] data.fetch — [fetch_analyst_data] ABT: 'dict' object has no attribute 'empty'
2026-09-11 07:57:16,358 [WARNING] data.fetch — [fetch_analyst_data] ORCL: 'dict' object has no attribute 'empty'
2026-09-11 07:57:22,584 [WARNING] data.fetch — [fetch_analyst_data] STX: 'dict' object has no attribute 'empty'
2026-09-11 07:57:22,625 [WARNING] data.fetch — [fetch_analyst_data] SMR: 'dict' object has no attribute 'empty'
2026-09-11 07:57:22,682 [WARNING] data.fetch — [fetch_analyst_data] TSLA: 'dict' object has no attribute 'empty'
2026-09-11 07:57:22,746 [WARNING] data.fetch — [fetch_analyst_data] FMC: 'dict' object has no attribute 'empty'
2026-09-11 07:57:22,754 [WARNING] data.fetch — [fetch_analyst_data] QCOM: 'dict' object has no attribute 'empty'
2026-09-11 07:57:28,957 [WARNING] data.fetch — [fetch_analyst_data] INTC: 'dict' object has no attribute 'empty'
2026-09-11 07:57:28,969 [WARNING] data.fetch — [fetch_analyst_data] HIVE: 'dict' object has no attribute 'empty'
2026-09-11 07:57:29,062 [WARNING] data.fetch — [fetch_analyst_data] GLW: 'dict' object has no attribute 'empty'
2026-09-11 07:57:29,097 [WARNING] data.fetch — [fetch_analyst_data] RBLX: 'dict' object has no attribute 'empty'
2026-09-11 07:57:29,216 [WARNING] data.fetch — [fetch_analyst_data] AXP: 'dict' object has no attribute 'empty'
2026-09-11 07:57:35,312 [WARNING] data.fetch — [fetch_analyst_data] INSP: 'dict' object has no attribute 'empty'
2026-09-11 07:57:35,386 [WARNING] data.fetch — [fetch_analyst_data] PG: 'dict' object has no attribute 'empty'
2026-09-11 07:57:35,404 [WARNING] data.fetch — [fetch_analyst_data] WIX: 'dict' object has no attribute 'empty'
2026-09-11 07:57:35,575 [WARNING] data.fetch — [fetch_analyst_data] BKNG: 'dict' object has no attribute 'empty'
2026-09-11 07:57:35,584 [WARNING] data.fetch — [fetch_analyst_data] CRM: 'dict' object has no attribute 'empty'
2026-09-11 07:57:41,658 [WARNING] data.fetch — [fetch_analyst_data] BNC: 'dict' object has no attribute 'empty'
2026-09-11 07:57:41,728 [WARNING] data.fetch — [fetch_analyst_data] TTAN: 'dict' object has no attribute 'empty'
2026-09-11 07:57:41,767 [WARNING] data.fetch — [fetch_analyst_data] GPK: 'dict' object has no attribute 'empty'
2026-09-11 07:57:41,981 [WARNING] data.fetch — [fetch_analyst_data] BAC: 'dict' object has no attribute 'empty'
2026-09-11 07:57:42,004 [WARNING] data.fetch — [fetch_analyst_data] PEP: 'dict' object has no attribute 'empty'
2026-09-11 07:57:48,037 [WARNING] data.fetch — [fetch_analyst_data] DHT: 'dict' object has no attribute 'empty'
[시장분석] enrichment 완료
[Email] 페이퍼 트레이딩 알림 발송 완료 (매도 0건, 매수 0건, 재평가 0건, 재평가실패 0건, 후보 5건) → chunghwan14@gmail.com, roykim0311@gmail.com, ssamjungtan@naver.com
============================================================
[Unified Paper Trading] 완료
============================================================
