============================================================
[Unified Paper Trading] SP500 + NASDAQ/NYSE 통합 실행 시작
============================================================
2026-05-17 22:58:48,752 [INFO] paper_trading.runner — [Runner] SP500 snapshot 로드: 130개 종목
[Unified PT] SP500 snapshot 로드: 130개 종목
2026-05-17 22:58:48,759 [INFO] paper_trading.runner — [Runner] NASDAQ snapshot 로드: 218개 종목
[Unified PT] NASDAQ snapshot 로드: 218개 종목
[Unified PT] 합산 완료: 331개 종목 (SP500 130 + NASDAQ 218개, 중복 제거 후)
2026-05-17 22:58:49,668 [INFO] paper_trading.candidate_selector — [전략점수 분포] ~4.0: 114 | 4.0~5.0: 33 | 5.0~5.5: 28 | 5.5~6.0: 21 | 6.0+: 135
2026-05-17 22:58:49,686 [INFO] paper_trading.candidate_selector — [CandidateSelector] Regime=bull | Filtered=1/331 | Selected: LTH (CCS=0.5305)
2026-05-17 22:58:49,697 [INFO] paper_trading.engine — [PaperTrading] 교체 기준 미달 — 매수 안 함
[Unified PT] 매도=0 매수=0 보유=3종목
[Unified PT] 레짐=bull | 필터={'전략점수<6.0': 196, '바닥반등_52주과열': 1, '판단등급_미달': 125, '과열_차단': 3, '유동성_부족': 0, '어닝_임박': 0, '보유_중복': 1, '모멘텀_ADX부족': 1, '바닥_RSI데드존': 2, '섹터_집중': 1, '_통과': 1, '_전체': 331}
[Unified PT] 스킵 사유: 교체_미달
[Unified PT] Top5 후보:
  LTH    CCS=0.5305 전략=📈 모멘텀 섹터=Consumer Cyclical
2026-05-17 22:58:51,046 [INFO] paper_trading.sheet_sync — [SheetSync] 포지션현황 업데이트: 3개 종목
2026-05-17 22:58:52,896 [INFO] paper_trading.sheet_sync — [SheetSync] 성과요약 업데이트: 11건 거래
[Unified PT] 구글 시트 동기화 완료
[시장분석] 4개 종목 데이터 수집 중...
2026-05-17 22:58:53,323 [ERROR] yfinance — HTTP Error 404: {"quoteSummary":{"result":null,"error":{"code":"Not Found","description":"No fundamentals data found for symbol: VXX"}}}
2026-05-17 22:58:56,489 [ERROR] yfinance — HTTP Error 404: {"quoteSummary":{"result":null,"error":{"code":"Not Found","description":"No fundamentals data found for symbol: VXX"}}}
2026-05-17 22:58:59,401 [WARNING] data.fetch — [fetch_analyst_data] ANET: 'dict' object has no attribute 'empty'
2026-05-17 22:58:59,428 [WARNING] data.fetch — [fetch_analyst_data] LTH: 'dict' object has no attribute 'empty'
2026-05-17 22:58:59,455 [WARNING] data.fetch — [fetch_analyst_data] ARWR: 'dict' object has no attribute 'empty'
2026-05-17 22:58:59,642 [ERROR] yfinance — HTTP Error 404: {"quoteSummary":{"result":null,"error":{"code":"Not Found","description":"No fundamentals data found for symbol: VXX"}}}
2026-05-17 22:58:59,642 [WARNING] data.fetch — [fetch_analyst_data] VXX: 'dict' object has no attribute 'empty'
[시장분석] enrichment 완료
[Email] 페이퍼 트레이딩 알림 발송 완료 (매도 0건, 매수 0건, 재평가 0건, 재평가실패 0건, 후보 1건) → chunghwan14@gmail.com, roykim0311@gmail.com, ssamjungtan@naver.com
============================================================
[Unified Paper Trading] 완료
============================================================
