============================================================
[Unified Paper Trading] SP500 + NASDAQ/NYSE 통합 실행 시작
============================================================
2026-08-28 14:59:39,603 [INFO] paper_trading.runner — [Runner] SP500 snapshot 로드: 128개 종목
[Unified PT] SP500 snapshot 로드: 128개 종목
2026-08-28 14:59:39,610 [INFO] paper_trading.runner — [Runner] NASDAQ snapshot 로드: 212개 종목
[Unified PT] NASDAQ snapshot 로드: 212개 종목
[Unified PT] 합산 완료: 333개 종목 (SP500 128 + NASDAQ 212개, 중복 제거 후)
[Unified PT] 골든크로스임박 종목: 43개
2026-08-28 14:59:40,527 [INFO] paper_trading.engine — [PaperTrading] SELL WYFI @ 18.35 (손절(-14.2%))
2026-08-28 14:59:40,531 [INFO] paper_trading.candidate_selector — [전략점수 분포] ~4.0: 111 | 4.0~5.0: 37 | 5.0~5.5: 22 | 5.5~6.0: 18 | 6.0+: 145
2026-08-28 14:59:40,540 [INFO] paper_trading.candidate_selector — [CandidateSelector] Regime=bull | Filtered=4/333 | Selected: MPC (CCS=0.5918)
2026-08-28 14:59:40,545 [INFO] paper_trading.engine — [PaperTrading] BUY MPC @ 363.54 (CCS=0.5918, RSI=70, upside P50=+4% P75=+8%)
[Unified PT] 매도=1 매수=1 보유=3종목
[Unified PT] 레짐=bull | 필터={'전략점수<6.0': 188, '바닥반등_52주과열': 0, '판단등급_미달': 139, '과열_차단': 0, '유동성_부족': 0, '어닝_임박': 0, '보유_중복': 1, '모멘텀_ADX부족': 1, '바닥_RSI데드존': 0, '섹터_집중': 0, '_통과': 4, '_전체': 333}
[Unified PT] Top5 후보:
  MPC    CCS=0.5918 전략=📈 모멘텀 섹터=Energy
  DIS    CCS=0.5802 전략=📈 모멘텀 섹터=Communication Services
  LCID   CCS=0.4583 전략=📉 바닥반등 섹터=Consumer Cyclical
2026-08-28 14:59:42,477 [INFO] paper_trading.sheet_sync — [SheetSync] 거래로그 append: SELL WYFI
2026-08-28 14:59:44,084 [INFO] paper_trading.sheet_sync — [SheetSync] 거래로그 append: BUY MPC
2026-08-28 14:59:45,811 [INFO] paper_trading.sheet_sync — [SheetSync] 포지션현황 업데이트: 3개 종목
2026-08-28 14:59:47,794 [INFO] paper_trading.sheet_sync — [SheetSync] 성과요약 업데이트: 41건 거래
[Unified PT] 구글 시트 동기화 완료
2026-08-28 14:59:48,015 [INFO] matplotlib.font_manager — Failed to extract font properties from /usr/share/fonts/truetype/noto/NotoColorEmoji.ttf: Non-scalable fonts are not supported
2026-08-28 14:59:48,030 [INFO] matplotlib.font_manager — generated new fontManager
2026-08-28 14:59:48,772 [WARNING] fpdf.output — Font MPDFAA+NanumGothic is missing the following glyphs: '📈' (\U0001f4c8), '📉' (\U0001f4c9)
2026-08-28 14:59:48,797 [INFO] fontTools.subset — maxp pruned
2026-08-28 14:59:48,798 [INFO] fontTools.subset — cmap pruned
2026-08-28 14:59:48,798 [INFO] fontTools.subset — post pruned
2026-08-28 14:59:48,798 [INFO] fontTools.subset — DSIG dropped
2026-08-28 14:59:48,798 [INFO] fontTools.subset — GPOS dropped
2026-08-28 14:59:48,799 [INFO] fontTools.subset — GSUB dropped
2026-08-28 14:59:48,799 [INFO] fontTools.subset — glyf pruned
2026-08-28 14:59:48,800 [INFO] fontTools.subset — Added gid0 to subset
2026-08-28 14:59:48,800 [INFO] fontTools.subset — Added first four glyphs to subset
2026-08-28 14:59:48,800 [INFO] fontTools.subset — Closing glyph list over 'glyf': 100 glyphs before
2026-08-28 14:59:48,800 [INFO] fontTools.subset — Glyph names: ['.notdef', 'A', 'B', 'C', 'D', 'E', 'F', 'G', 'H', 'I', 'L', 'M', 'N', 'O', 'P', 'Q', 'R', 'S', 'T', 'U', 'V', 'W', 'Y', 'a', 'arrowright', 'b', 'bar', 'c', 'colon', 'comma', 'copyright', 'd', 'dollar', 'e', 'eight', 'emdash', 'exclam', 'f', 'five', 'four', 'g', 'h', 'hyphen', 'i', 'k', 'l', 'm', 'n', 'nine', 'numbersign', 'o', 'one', 'p', 'parenleft', 'parenright', 'percent', 'period', 'periodcentered', 'plus', 'q', 'quotedbl', 'r', 's', 'seven', 'six', 'slash', 'space', 't', 'three', 'triagup', 'two', 'u', 'uniAC00', 'uniAC04', 'uniAE30', 'uniB2E5', 'uniB4F1', 'uniB808', 'uniB9C1', 'uniBA58', 'uniBAA8', 'uniBAA9', 'uniBC14', 'uniBC18', 'uniBCF4', 'uniC190', 'uniC2DC', 'uniC720', 'uniC775', 'uniC77C', 'uniC7A5', 'uniC808', 'uniD140', 'uniD2B8', 'uniD45C', 'v', 'w', 'x', 'y', 'zero']
2026-08-28 14:59:48,800 [INFO] fontTools.subset — Glyph IDs:   [0, 1, 2, 3, 4, 5, 8, 9, 11, 12, 13, 14, 15, 16, 17, 18, 19, 20, 21, 22, 23, 24, 25, 26, 33, 34, 35, 36, 37, 38, 39, 40, 41, 44, 45, 46, 47, 48, 49, 50, 51, 52, 53, 54, 55, 57, 64, 65, 66, 67, 68, 69, 70, 71, 72, 74, 75, 76, 77, 78, 79, 80, 81, 82, 83, 84, 85, 86, 87, 88, 91, 96, 99, 104, 159, 162, 495, 497, 654, 928, 1042, 1177, 1267, 1310, 1326, 1327, 1397, 1401, 1458, 1675, 1751, 2013, 2043, 2045, 2067, 2091, 2518, 2576, 2661, 13296]
2026-08-28 14:59:48,800 [INFO] fontTools.subset — Closed glyph list over 'glyf': 100 glyphs after
2026-08-28 14:59:48,800 [INFO] fontTools.subset — Glyph names: ['.notdef', 'A', 'B', 'C', 'D', 'E', 'F', 'G', 'H', 'I', 'L', 'M', 'N', 'O', 'P', 'Q', 'R', 'S', 'T', 'U', 'V', 'W', 'Y', 'a', 'arrowright', 'b', 'bar', 'c', 'colon', 'comma', 'copyright', 'd', 'dollar', 'e', 'eight', 'emdash', 'exclam', 'f', 'five', 'four', 'g', 'h', 'hyphen', 'i', 'k', 'l', 'm', 'n', 'nine', 'numbersign', 'o', 'one', 'p', 'parenleft', 'parenright', 'percent', 'period', 'periodcentered', 'plus', 'q', 'quotedbl', 'r', 's', 'seven', 'six', 'slash', 'space', 't', 'three', 'triagup', 'two', 'u', 'uniAC00', 'uniAC04', 'uniAE30', 'uniB2E5', 'uniB4F1', 'uniB808', 'uniB9C1', 'uniBA58', 'uniBAA8', 'uniBAA9', 'uniBC14', 'uniBC18', 'uniBCF4', 'uniC190', 'uniC2DC', 'uniC720', 'uniC775', 'uniC77C', 'uniC7A5', 'uniC808', 'uniD140', 'uniD2B8', 'uniD45C', 'v', 'w', 'x', 'y', 'zero']
2026-08-28 14:59:48,800 [INFO] fontTools.subset — Glyph IDs:   [0, 1, 2, 3, 4, 5, 8, 9, 11, 12, 13, 14, 15, 16, 17, 18, 19, 20, 21, 22, 23, 24, 25, 26, 33, 34, 35, 36, 37, 38, 39, 40, 41, 44, 45, 46, 47, 48, 49, 50, 51, 52, 53, 54, 55, 57, 64, 65, 66, 67, 68, 69, 70, 71, 72, 74, 75, 76, 77, 78, 79, 80, 81, 82, 83, 84, 85, 86, 87, 88, 91, 96, 99, 104, 159, 162, 495, 497, 654, 928, 1042, 1177, 1267, 1310, 1326, 1327, 1397, 1401, 1458, 1675, 1751, 2013, 2043, 2045, 2067, 2091, 2518, 2576, 2661, 13296]
2026-08-28 14:59:48,801 [INFO] fontTools.subset — Retaining 100 glyphs
2026-08-28 14:59:48,801 [INFO] fontTools.subset — head subsetting not needed
2026-08-28 14:59:48,801 [INFO] fontTools.subset — hhea subsetting not needed
2026-08-28 14:59:48,801 [INFO] fontTools.subset — maxp subsetting not needed
2026-08-28 14:59:48,801 [INFO] fontTools.subset — OS/2 subsetting not needed
2026-08-28 14:59:48,802 [INFO] fontTools.subset — hmtx subsetted
2026-08-28 14:59:48,803 [INFO] fontTools.subset — cmap subsetted
2026-08-28 14:59:48,803 [INFO] fontTools.subset — fpgm subsetting not needed
2026-08-28 14:59:48,803 [INFO] fontTools.subset — prep subsetting not needed
2026-08-28 14:59:48,803 [INFO] fontTools.subset — cvt  subsetting not needed
2026-08-28 14:59:48,803 [INFO] fontTools.subset — loca subsetting not needed
2026-08-28 14:59:48,803 [INFO] fontTools.subset — post subsetted
2026-08-28 14:59:48,803 [INFO] fontTools.subset — gasp subsetting not needed
2026-08-28 14:59:48,803 [INFO] fontTools.subset — name subsetting not needed
2026-08-28 14:59:48,805 [INFO] fontTools.subset — glyf subsetted
2026-08-28 14:59:48,805 [INFO] fontTools.subset — head pruned
2026-08-28 14:59:48,805 [INFO] fontTools.subset — OS/2 Unicode ranges pruned: [0, 1, 31, 37, 45, 56]
2026-08-28 14:59:48,806 [INFO] fontTools.subset — OS/2 CodePage ranges pruned: [0]
2026-08-28 14:59:48,806 [INFO] fontTools.subset — glyf pruned
2026-08-28 14:59:48,807 [INFO] fontTools.subset — name pruned
2026-08-28 14:59:48,821 [WARNING] fpdf.output — Font MPDFAA+NanumGothicBold is missing the following glyphs: '📈' (\U0001f4c8), '📉' (\U0001f4c9)
2026-08-28 14:59:48,821 [INFO] fontTools.subset — maxp pruned
2026-08-28 14:59:48,821 [INFO] fontTools.subset — cmap pruned
2026-08-28 14:59:48,821 [INFO] fontTools.subset — post pruned
2026-08-28 14:59:48,822 [INFO] fontTools.subset — DSIG dropped
2026-08-28 14:59:48,822 [INFO] fontTools.subset — GPOS dropped
2026-08-28 14:59:48,822 [INFO] fontTools.subset — GSUB dropped
2026-08-28 14:59:48,822 [INFO] fontTools.subset — glyf pruned
2026-08-28 14:59:48,822 [INFO] fontTools.subset — Added gid0 to subset
2026-08-28 14:59:48,823 [INFO] fontTools.subset — Added first four glyphs to subset
2026-08-28 14:59:48,823 [INFO] fontTools.subset — Closing glyph list over 'glyf': 100 glyphs before
2026-08-28 14:59:48,823 [INFO] fontTools.subset — Glyph names: ['.notdef', 'A', 'B', 'C', 'D', 'E', 'F', 'G', 'H', 'I', 'J', 'K', 'L', 'M', 'N', 'O', 'P', 'Q', 'R', 'S', 'T', 'U', 'V', 'W', 'X', 'Y', 'Z', 'a', 'ampersand', 'b', 'c', 'colon', 'd', 'dollar', 'e', 'eight', 'emdash', 'equal', 'exclam', 'f', 'five', 'four', 'g', 'h', 'hyphen', 'i', 'j', 'k', 'l', 'm', 'n', 'nine', 'numbersign', 'o', 'one', 'p', 'parenleft', 'parenright', 'percent', 'period', 'periodcentered', 'plus', 'q', 'quotedbl', 'quotesingle', 'r', 's', 'seven', 'six', 'slash', 'space', 't', 'three', 'two', 'u', 'uni2605', 'uniACE8', 'uniB2E5', 'uniB3C4', 'uniB4E0', 'uniB4F1', 'uniB85C', 'uniBA58', 'uniBAA8', 'uniBC14', 'uniBC18', 'uniBC30', 'uniC2A4', 'uniC5F4', 'uniC644', 'uniC804', 'uniC815', 'uniC9C0', 'uniD06C', 'uniD140', 'v', 'w', 'x', 'y', 'zero']
2026-08-28 14:59:48,823 [INFO] fontTools.subset — Glyph IDs:   [0, 1, 2, 3, 4, 5, 6, 7, 8, 9, 11, 13, 14, 15, 16, 17, 18, 19, 20, 21, 22, 23, 24, 25, 26, 29, 33, 34, 35, 36, 37, 38, 39, 40, 41, 42, 43, 44, 45, 46, 47, 48, 49, 50, 51, 52, 53, 54, 55, 56, 57, 58, 64, 65, 66, 67, 68, 69, 70, 71, 72, 73, 74, 75, 76, 77, 78, 79, 80, 81, 82, 83, 84, 85, 86, 87, 88, 99, 104, 150, 573, 926, 983, 1033, 1040, 1196, 1308, 1324, 1395, 1399, 1410, 1740, 1915, 1949, 2088, 2094, 2176, 2475, 2516, 13533]
2026-08-28 14:59:48,823 [INFO] fontTools.subset — Closed glyph list over 'glyf': 100 glyphs after
2026-08-28 14:59:48,823 [INFO] fontTools.subset — Glyph names: ['.notdef', 'A', 'B', 'C', 'D', 'E', 'F', 'G', 'H', 'I', 'J', 'K', 'L', 'M', 'N', 'O', 'P', 'Q', 'R', 'S', 'T', 'U', 'V', 'W', 'X', 'Y', 'Z', 'a', 'ampersand', 'b', 'c', 'colon', 'd', 'dollar', 'e', 'eight', 'emdash', 'equal', 'exclam', 'f', 'five', 'four', 'g', 'h', 'hyphen', 'i', 'j', 'k', 'l', 'm', 'n', 'nine', 'numbersign', 'o', 'one', 'p', 'parenleft', 'parenright', 'percent', 'period', 'periodcentered', 'plus', 'q', 'quotedbl', 'quotesingle', 'r', 's', 'seven', 'six', 'slash', 'space', 't', 'three', 'two', 'u', 'uni2605', 'uniACE8', 'uniB2E5', 'uniB3C4', 'uniB4E0', 'uniB4F1', 'uniB85C', 'uniBA58', 'uniBAA8', 'uniBC14', 'uniBC18', 'uniBC30', 'uniC2A4', 'uniC5F4', 'uniC644', 'uniC804', 'uniC815', 'uniC9C0', 'uniD06C', 'uniD140', 'v', 'w', 'x', 'y', 'zero']
2026-08-28 14:59:48,823 [INFO] fontTools.subset — Glyph IDs:   [0, 1, 2, 3, 4, 5, 6, 7, 8, 9, 11, 13, 14, 15, 16, 17, 18, 19, 20, 21, 22, 23, 24, 25, 26, 29, 33, 34, 35, 36, 37, 38, 39, 40, 41, 42, 43, 44, 45, 46, 47, 48, 49, 50, 51, 52, 53, 54, 55, 56, 57, 58, 64, 65, 66, 67, 68, 69, 70, 71, 72, 73, 74, 75, 76, 77, 78, 79, 80, 81, 82, 83, 84, 85, 86, 87, 88, 99, 104, 150, 573, 926, 983, 1033, 1040, 1196, 1308, 1324, 1395, 1399, 1410, 1740, 1915, 1949, 2088, 2094, 2176, 2475, 2516, 13533]
2026-08-28 14:59:48,824 [INFO] fontTools.subset — Retaining 100 glyphs
2026-08-28 14:59:48,824 [INFO] fontTools.subset — head subsetting not needed
2026-08-28 14:59:48,824 [INFO] fontTools.subset — hhea subsetting not needed
2026-08-28 14:59:48,824 [INFO] fontTools.subset — maxp subsetting not needed
2026-08-28 14:59:48,824 [INFO] fontTools.subset — OS/2 subsetting not needed
2026-08-28 14:59:48,824 [INFO] fontTools.subset — hmtx subsetted
2026-08-28 14:59:48,825 [INFO] fontTools.subset — cmap subsetted
2026-08-28 14:59:48,825 [INFO] fontTools.subset — fpgm subsetting not needed
2026-08-28 14:59:48,825 [INFO] fontTools.subset — prep subsetting not needed
2026-08-28 14:59:48,825 [INFO] fontTools.subset — cvt  subsetting not needed
2026-08-28 14:59:48,826 [INFO] fontTools.subset — loca subsetting not needed
2026-08-28 14:59:48,826 [INFO] fontTools.subset — post subsetted
2026-08-28 14:59:48,826 [INFO] fontTools.subset — gasp subsetting not needed
2026-08-28 14:59:48,826 [INFO] fontTools.subset — name subsetting not needed
2026-08-28 14:59:48,828 [INFO] fontTools.subset — glyf subsetted
2026-08-28 14:59:48,828 [INFO] fontTools.subset — head pruned
2026-08-28 14:59:48,828 [INFO] fontTools.subset — OS/2 Unicode ranges pruned: [0, 1, 31, 46, 56]
2026-08-28 14:59:48,828 [INFO] fontTools.subset — OS/2 CodePage ranges pruned: [0]
2026-08-28 14:59:48,829 [INFO] fontTools.subset — glyf pruned
2026-08-28 14:59:48,829 [INFO] fontTools.subset — name pruned
[Unified PT] PDF 리포트 생성 완료 (147,390 bytes)
[시장분석] 48개 종목 데이터 수집 중...
2026-08-28 14:59:55,348 [WARNING] data.fetch — [fetch_analyst_data] WYFI: 'dict' object has no attribute 'empty'
2026-08-28 14:59:55,360 [WARNING] data.fetch — [fetch_analyst_data] RZLV: 'dict' object has no attribute 'empty'
2026-08-28 14:59:55,385 [WARNING] data.fetch — [fetch_analyst_data] DIS: 'dict' object has no attribute 'empty'
2026-08-28 14:59:55,399 [WARNING] data.fetch — [fetch_analyst_data] MPC: 'dict' object has no attribute 'empty'
2026-08-28 14:59:55,465 [WARNING] data.fetch — [fetch_analyst_data] LCID: 'dict' object has no attribute 'empty'
2026-08-28 15:00:01,714 [WARNING] data.fetch — [fetch_analyst_data] NIQ: 'dict' object has no attribute 'empty'
2026-08-28 15:00:01,791 [WARNING] data.fetch — [fetch_analyst_data] DUOL: 'dict' object has no attribute 'empty'
2026-08-28 15:00:01,823 [WARNING] data.fetch — [fetch_analyst_data] ASST: 'dict' object has no attribute 'empty'
2026-08-28 15:00:01,899 [WARNING] data.fetch — [fetch_analyst_data] HD: 'dict' object has no attribute 'empty'
2026-08-28 15:00:02,118 [WARNING] data.fetch — [fetch_analyst_data] DHR: 'dict' object has no attribute 'empty'
2026-08-28 15:00:08,174 [WARNING] data.fetch — [fetch_analyst_data] LIF: 'dict' object has no attribute 'empty'
2026-08-28 15:00:08,215 [WARNING] data.fetch — [fetch_analyst_data] ABT: 'dict' object has no attribute 'empty'
2026-08-28 15:00:08,324 [WARNING] data.fetch — [fetch_analyst_data] SMCI: 'dict' object has no attribute 'empty'
2026-08-28 15:00:08,492 [WARNING] data.fetch — [fetch_analyst_data] MELI: 'dict' object has no attribute 'empty'
2026-08-28 15:00:08,653 [WARNING] data.fetch — [fetch_analyst_data] SPGI: 'dict' object has no attribute 'empty'
2026-08-28 15:00:14,562 [WARNING] data.fetch — [fetch_analyst_data] WDAY: 'dict' object has no attribute 'empty'
2026-08-28 15:00:14,692 [WARNING] data.fetch — [fetch_analyst_data] UBER: 'dict' object has no attribute 'empty'
2026-08-28 15:00:14,993 [WARNING] data.fetch — [fetch_analyst_data] CSGP: 'dict' object has no attribute 'empty'
2026-08-28 15:00:15,011 [WARNING] data.fetch — [fetch_analyst_data] NFLX: 'dict' object has no attribute 'empty'
2026-08-28 15:00:15,131 [WARNING] data.fetch — [fetch_analyst_data] NOW: 'dict' object has no attribute 'empty'
2026-08-28 15:00:20,955 [WARNING] data.fetch — [fetch_analyst_data] UPST: 'dict' object has no attribute 'empty'
2026-08-28 15:00:21,099 [WARNING] data.fetch — [fetch_analyst_data] LRCX: 'dict' object has no attribute 'empty'
2026-08-28 15:00:21,384 [WARNING] data.fetch — [fetch_analyst_data] RXRX: 'dict' object has no attribute 'empty'
2026-08-28 15:00:21,389 [WARNING] data.fetch — [fetch_analyst_data] TMC: 'dict' object has no attribute 'empty'
2026-08-28 15:00:21,887 [WARNING] data.fetch — [fetch_analyst_data] MSTR: 'dict' object has no attribute 'empty'
2026-08-28 15:00:27,452 [WARNING] data.fetch — [fetch_analyst_data] PLNT: 'dict' object has no attribute 'empty'
2026-08-28 15:00:27,462 [WARNING] data.fetch — [fetch_analyst_data] NTLA: 'dict' object has no attribute 'empty'
2026-08-28 15:00:27,732 [WARNING] data.fetch — [fetch_analyst_data] CPNG: 'dict' object has no attribute 'empty'
2026-08-28 15:00:27,777 [WARNING] data.fetch — [fetch_analyst_data] COIN: 'dict' object has no attribute 'empty'
2026-08-28 15:00:29,096 [WARNING] data.fetch — [fetch_analyst_data] ORCL: 'dict' object has no attribute 'empty'
2026-08-28 15:00:33,937 [WARNING] data.fetch — [fetch_analyst_data] SMR: 'dict' object has no attribute 'empty'
2026-08-28 15:00:33,946 [WARNING] data.fetch — [fetch_analyst_data] ZTS: 'dict' object has no attribute 'empty'
2026-08-28 15:00:34,163 [WARNING] data.fetch — [fetch_analyst_data] SYM: 'dict' object has no attribute 'empty'
2026-08-28 15:00:34,283 [WARNING] data.fetch — [fetch_analyst_data] IBM: 'dict' object has no attribute 'empty'
2026-08-28 15:00:35,493 [WARNING] data.fetch — [fetch_analyst_data] BTBT: 'dict' object has no attribute 'empty'
2026-08-28 15:00:40,309 [WARNING] data.fetch — [fetch_analyst_data] BLSH: 'dict' object has no attribute 'empty'
2026-08-28 15:00:40,468 [WARNING] data.fetch — [fetch_analyst_data] FMC: 'dict' object has no attribute 'empty'
2026-08-28 15:00:40,542 [WARNING] data.fetch — [fetch_analyst_data] TSLA: 'dict' object has no attribute 'empty'
2026-08-28 15:00:40,664 [WARNING] data.fetch — [fetch_analyst_data] NNE: 'dict' object has no attribute 'empty'
2026-08-28 15:00:41,913 [WARNING] data.fetch — [fetch_analyst_data] BBAI: 'dict' object has no attribute 'empty'
2026-08-28 15:00:46,701 [WARNING] data.fetch — [fetch_analyst_data] QCOM: 'dict' object has no attribute 'empty'
2026-08-28 15:00:46,972 [WARNING] data.fetch — [fetch_analyst_data] CLRO: 'dict' object has no attribute 'empty'
2026-08-28 15:00:46,980 [WARNING] data.fetch — [fetch_analyst_data] SYK: 'dict' object has no attribute 'empty'
2026-08-28 15:00:47,047 [WARNING] data.fetch — [fetch_analyst_data] BKNG: 'dict' object has no attribute 'empty'
2026-08-28 15:00:48,335 [WARNING] data.fetch — [fetch_analyst_data] CRM: 'dict' object has no attribute 'empty'
2026-08-28 15:00:53,154 [WARNING] data.fetch — [fetch_analyst_data] BTDR: 'dict' object has no attribute 'empty'
2026-08-28 15:00:53,395 [WARNING] data.fetch — [fetch_analyst_data] CVS: 'dict' object has no attribute 'empty'
2026-08-28 15:00:53,433 [WARNING] data.fetch — [fetch_analyst_data] NXPI: 'dict' object has no attribute 'empty'
[시장분석] enrichment 완료
[Email] 페이퍼 트레이딩 알림 발송 완료 (PDF 첨부) (매도 1건, 매수 1건, 재평가 0건, 재평가실패 0건, 후보 3건) → chunghwan14@gmail.com, roykim0311@gmail.com, ssamjungtan@naver.com
============================================================
[Unified Paper Trading] 완료
============================================================
