============================================================
[Unified Paper Trading] SP500 + NASDAQ/NYSE 통합 실행 시작
============================================================
2026-09-18 08:03:09,299 [INFO] paper_trading.runner — [Runner] SP500 snapshot 로드: 128개 종목
[Unified PT] SP500 snapshot 로드: 128개 종목
2026-09-18 08:03:09,305 [INFO] paper_trading.runner — [Runner] NASDAQ snapshot 로드: 216개 종목
[Unified PT] NASDAQ snapshot 로드: 216개 종목
[Unified PT] 합산 완료: 332개 종목 (SP500 128 + NASDAQ 216개, 중복 제거 후)
[Unified PT] 골든크로스임박 종목: 33개
2026-09-18 08:03:09,950 [INFO] paper_trading.candidate_selector — [전략점수 분포] ~4.0: 99 | 4.0~5.0: 34 | 5.0~5.5: 49 | 5.5~6.0: 25 | 6.0+: 125
2026-09-18 08:03:09,960 [INFO] paper_trading.candidate_selector — [CandidateSelector] Regime=bull | Filtered=3/332 | Selected: MELI (CCS=0.6367)
2026-09-18 08:03:10,006 [INFO] paper_trading.engine — [PaperTrading] 교체 기준 미달 — 매수 안 함
[Unified PT] 매도=0 매수=0 보유=3종목
[Unified PT] 레짐=bull | 필터={'전략점수<6.0': 207, '바닥반등_52주과열': 3, '판단등급_미달': 111, '과열_차단': 4, '유동성_부족': 0, '어닝_임박': 0, '보유_중복': 1, '모멘텀_ADX부족': 1, '바닥_RSI데드존': 2, '섹터_집중': 0, '_통과': 3, '_전체': 332}
[Unified PT] 스킵 사유: 교체_미달
[Unified PT] Top5 후보:
  MELI   CCS=0.6367 전략=📉 바닥반등 섹터=Consumer Cyclical
2026-09-18 08:03:11,107 [INFO] paper_trading.sheet_sync — [SheetSync] 포지션현황 업데이트: 3개 종목
2026-09-18 08:03:12,232 [INFO] paper_trading.sheet_sync — [SheetSync] 성과요약 업데이트: 46건 거래
[Unified PT] 구글 시트 동기화 완료
[시장분석] 34개 종목 데이터 수집 중...
2026-09-18 08:03:18,504 [WARNING] data.fetch — [fetch_analyst_data] MELI: 'dict' object has no attribute 'empty'
2026-09-18 08:03:18,522 [WARNING] data.fetch — [fetch_analyst_data] FIG: 'dict' object has no attribute 'empty'
2026-09-18 08:03:18,547 [WARNING] data.fetch — [fetch_analyst_data] SPGI: 'dict' object has no attribute 'empty'
2026-09-18 08:03:18,555 [WARNING] data.fetch — [fetch_analyst_data] DIS: 'dict' object has no attribute 'empty'
2026-09-18 08:03:18,813 [WARNING] data.fetch — [fetch_analyst_data] ADBE: 'dict' object has no attribute 'empty'
2026-09-18 08:03:24,728 [WARNING] data.fetch — [fetch_analyst_data] MNDY: 'dict' object has no attribute 'empty'
2026-09-18 08:03:24,771 [WARNING] data.fetch — [fetch_analyst_data] WIX: 'dict' object has no attribute 'empty'
2026-09-18 08:03:24,782 [WARNING] data.fetch — [fetch_analyst_data] MMYT: 'dict' object has no attribute 'empty'
2026-09-18 08:03:24,793 [WARNING] data.fetch — [fetch_analyst_data] T: 'dict' object has no attribute 'empty'
2026-09-18 08:03:25,031 [WARNING] data.fetch — [fetch_analyst_data] UBER: 'dict' object has no attribute 'empty'
2026-09-18 08:03:31,000 [WARNING] data.fetch — [fetch_analyst_data] META: 'dict' object has no attribute 'empty'
2026-09-18 08:03:31,031 [WARNING] data.fetch — [fetch_analyst_data] COF: 'dict' object has no attribute 'empty'
2026-09-18 08:03:31,035 [WARNING] data.fetch — [fetch_analyst_data] DHR: 'dict' object has no attribute 'empty'
2026-09-18 08:03:31,064 [WARNING] data.fetch — [fetch_analyst_data] ABT: 'dict' object has no attribute 'empty'
2026-09-18 08:03:31,266 [WARNING] data.fetch — [fetch_analyst_data] BMNR: 'dict' object has no attribute 'empty'
2026-09-18 08:03:37,227 [WARNING] data.fetch — [fetch_analyst_data] RBLX: 'dict' object has no attribute 'empty'
2026-09-18 08:03:37,259 [WARNING] data.fetch — [fetch_analyst_data] TSLA: 'dict' object has no attribute 'empty'
2026-09-18 08:03:37,289 [WARNING] data.fetch — [fetch_analyst_data] INTC: 'dict' object has no attribute 'empty'
2026-09-18 08:03:37,307 [WARNING] data.fetch — [fetch_analyst_data] QCOM: 'dict' object has no attribute 'empty'
2026-09-18 08:03:37,502 [WARNING] data.fetch — [fetch_analyst_data] GOOGL: 'dict' object has no attribute 'empty'
2026-09-18 08:03:43,480 [WARNING] data.fetch — [fetch_analyst_data] BTBT: 'dict' object has no attribute 'empty'
2026-09-18 08:03:43,507 [WARNING] data.fetch — [fetch_analyst_data] HIVE: 'dict' object has no attribute 'empty'
2026-09-18 08:03:43,538 [WARNING] data.fetch — [fetch_analyst_data] ISRG: 'dict' object has no attribute 'empty'
2026-09-18 08:03:43,559 [WARNING] data.fetch — [fetch_analyst_data] GOOG: 'dict' object has no attribute 'empty'
2026-09-18 08:03:43,766 [WARNING] data.fetch — [fetch_analyst_data] SBET: 'dict' object has no attribute 'empty'
2026-09-18 08:03:49,738 [WARNING] data.fetch — [fetch_analyst_data] BNC: 'dict' object has no attribute 'empty'
2026-09-18 08:03:49,762 [WARNING] data.fetch — [fetch_analyst_data] PG: 'dict' object has no attribute 'empty'
2026-09-18 08:03:49,779 [WARNING] data.fetch — [fetch_analyst_data] GENI: 'dict' object has no attribute 'empty'
2026-09-18 08:03:49,795 [WARNING] data.fetch — [fetch_analyst_data] BKNG: 'dict' object has no attribute 'empty'
2026-09-18 08:03:49,985 [WARNING] data.fetch — [fetch_analyst_data] TTAN: 'dict' object has no attribute 'empty'
2026-09-18 08:03:55,969 [WARNING] data.fetch — [fetch_analyst_data] CRE: 'dict' object has no attribute 'empty'
2026-09-18 08:03:55,981 [WARNING] data.fetch — [fetch_analyst_data] HUBS: 'dict' object has no attribute 'empty'
2026-09-18 08:03:56,061 [WARNING] data.fetch — [fetch_analyst_data] BTCT: 'dict' object has no attribute 'empty'
2026-09-18 08:03:56,065 [WARNING] data.fetch — [fetch_analyst_data] VLO: 'dict' object has no attribute 'empty'
[시장분석] enrichment 완료
[Email] 페이퍼 트레이딩 알림 발송 완료 (매도 0건, 매수 0건, 재평가 0건, 재평가실패 0건, 후보 1건) → chunghwan14@gmail.com, roykim0311@gmail.com, ssamjungtan@naver.com
============================================================
[Unified Paper Trading] 완료
============================================================
