============================================================
[1단계] 전 종목 리스트 수집 및 기본 필터링
============================================================
[ticker_fetcher] 나스닥 FTP 서버에서 종목 리스트 다운로드 중...
[ticker_fetcher] 총 7370개 종목 로드 → 비표준 심볼 1169개 제거 → 6201개 보통주
[ticker_fetcher] 1단계 필터링 배치 1/42 (150개 종목)...
[ticker_fetcher] 1단계 필터링 배치 2/42 (150개 종목)...
[ticker_fetcher] 1단계 필터링 배치 3/42 (150개 종목)...
[ticker_fetcher] 1단계 필터링 배치 4/42 (150개 종목)...
[ticker_fetcher] 1단계 필터링 배치 5/42 (150개 종목)...
[ticker_fetcher] 1단계 필터링 배치 6/42 (150개 종목)...
[ticker_fetcher] 1단계 필터링 배치 7/42 (150개 종목)...
[ticker_fetcher] 1단계 필터링 배치 8/42 (150개 종목)...
[ticker_fetcher] 1단계 필터링 배치 9/42 (150개 종목)...
[ticker_fetcher] 1단계 필터링 배치 10/42 (150개 종목)...
[ticker_fetcher] 1단계 필터링 배치 11/42 (150개 종목)...
[ticker_fetcher] 1단계 필터링 배치 12/42 (150개 종목)...
[ticker_fetcher] 1단계 필터링 배치 13/42 (150개 종목)...
[ticker_fetcher] 1단계 필터링 배치 14/42 (150개 종목)...
[ticker_fetcher] 1단계 필터링 배치 15/42 (150개 종목)...
[ticker_fetcher] 1단계 필터링 배치 16/42 (150개 종목)...
[ticker_fetcher] 1단계 필터링 배치 17/42 (150개 종목)...
[ticker_fetcher] 1단계 필터링 배치 18/42 (150개 종목)...
[ticker_fetcher] 1단계 필터링 배치 19/42 (150개 종목)...
[ticker_fetcher] 1단계 필터링 배치 20/42 (150개 종목)...
[ticker_fetcher] 1단계 필터링 배치 21/42 (150개 종목)...
[ticker_fetcher] 1단계 필터링 배치 22/42 (150개 종목)...
[ticker_fetcher] 1단계 필터링 배치 23/42 (150개 종목)...
[ticker_fetcher] 1단계 필터링 배치 24/42 (150개 종목)...
[ticker_fetcher] 1단계 필터링 배치 25/42 (150개 종목)...
[ticker_fetcher] 1단계 필터링 배치 26/42 (150개 종목)...
[ticker_fetcher] 1단계 필터링 배치 27/42 (150개 종목)...
[ticker_fetcher] 1단계 필터링 배치 28/42 (150개 종목)...
[ticker_fetcher] 1단계 필터링 배치 29/42 (150개 종목)...
[ticker_fetcher] 1단계 필터링 배치 30/42 (150개 종목)...
[ticker_fetcher] 1단계 필터링 배치 31/42 (150개 종목)...
[ticker_fetcher] 1단계 필터링 배치 32/42 (150개 종목)...
[ticker_fetcher] 1단계 필터링 배치 33/42 (150개 종목)...
[ticker_fetcher] 1단계 필터링 배치 34/42 (150개 종목)...
[ticker_fetcher] 1단계 필터링 배치 35/42 (150개 종목)...
[ticker_fetcher] 1단계 필터링 배치 36/42 (150개 종목)...
[ticker_fetcher] 1단계 필터링 배치 37/42 (150개 종목)...
[ticker_fetcher] 1단계 필터링 배치 38/42 (150개 종목)...
[ticker_fetcher] 1단계 필터링 배치 39/42 (150개 종목)...
[ticker_fetcher] 1단계 필터링 배치 40/42 (150개 종목)...
[ticker_fetcher] 1단계 필터링 배치 41/42 (150개 종목)...
[ticker_fetcher] 1단계 필터링 배치 42/42 (51개 종목)...
[ticker_fetcher] 1단계 필터링 완료: 6201개 → 3081개 (가격 ≥ $1.0, 평균 거래량 ≥ 100,000)

============================================================
[2단계] 바닥 탈출 / 강세 돌파 후보 선별
============================================================
[2단계] 배치 1/21 (150개 종목 분석 중)...
[2단계] 배치 2/21 (150개 종목 분석 중)...
[2단계] 배치 3/21 (150개 종목 분석 중)...
[2단계] 배치 4/21 (150개 종목 분석 중)...
[2단계] 배치 5/21 (150개 종목 분석 중)...
[2단계] 배치 6/21 (150개 종목 분석 중)...
[2단계] 배치 7/21 (150개 종목 분석 중)...
[2단계] 배치 8/21 (150개 종목 분석 중)...
[2단계] 배치 9/21 (150개 종목 분석 중)...
[2단계] 배치 10/21 (150개 종목 분석 중)...
[2단계] 배치 11/21 (150개 종목 분석 중)...
[2단계] 배치 12/21 (150개 종목 분석 중)...
[2단계] 배치 13/21 (150개 종목 분석 중)...
[2단계] 배치 14/21 (150개 종목 분석 중)...
[2단계] 배치 15/21 (150개 종목 분석 중)...
[2단계] 배치 16/21 (150개 종목 분석 중)...
[2단계] 배치 17/21 (150개 종목 분석 중)...
[2단계] 배치 18/21 (150개 종목 분석 중)...
[2단계] 배치 19/21 (150개 종목 분석 중)...
[2단계] 배치 20/21 (150개 종목 분석 중)...
[2단계] 배치 21/21 (81개 종목 분석 중)...
[2단계] 필터링 완료: 3081개 → 353개 후보 선별

============================================================
[3단계] 353개 후보 종목 정밀 분석
============================================================
[[NASDAQ/NYSE 분석]] 강한 섹터: {'Materials', 'Information Technology', 'Energy', 'Utilities', 'Financials'}
[[NASDAQ/NYSE 분석]] Extreme model 'label_low' ROC 0.54, AP 0.41
[[NASDAQ/NYSE 분석]] Extreme model 'label_high' ROC 0.64, AP 0.54
[fetch_company_names] TIC: Too Many Requests. Rate limited. Try after a while.
[fetch_company_names] APPF: Too Many Requests. Rate limited. Try after a while.
[fetch_company_names] ASAN: Too Many Requests. Rate limited. Try after a while.
[fetch_company_names] GENI: Too Many Requests. Rate limited. Try after a while.
[fetch_company_names] MMYT: Too Many Requests. Rate limited. Try after a while.
[fetch_company_names] TMC: Too Many Requests. Rate limited. Try after a while.
[fetch_company_names] LCID: Too Many Requests. Rate limited. Try after a while.
[[NASDAQ/NYSE 분석]] Google Sheets 업데이트 완료 (51개 종목)
[Email] 바닥반등 14개 + 모멘텀 17개 = 총 31개 종목 리스트를 chunghwan14@gmail.com로 발송 완료

============================================================
[[NASDAQ/NYSE 차트분석]] 이메일 대상 종목 차트 분석 시작
============================================================
[[NASDAQ/NYSE 차트분석]] 차트분석 대상 31개 종목: ['CLMT', 'GENI', 'ECVT', 'APPF', 'GRDN', 'BP', 'RXRX', 'TMC', 'APA', 'MBLY', 'FNGD', 'FMC', 'ASAN', 'WGS', 'EC', 'FISV', 'DOCN', 'MMYT', 'SYRE', 'UNFI', 'ARTL', 'GLNG', 'TIC', 'WDC', 'TRI', 'AGX', 'HOOD', 'LCID', 'BIAF', 'BKSY', 'TTE']
[[NASDAQ/NYSE 차트분석]] Google Sheets 업데이트 완료 (31개 종목)
[Paper Trading] NASDAQ ranked_df 스냅샷 저장 완료 (51개 종목)

[요약] 전 종목 스캔 완료 – 총 757.7초 (12.63분) 소요
