============================================================
[Unified Paper Trading] SP500 + NASDAQ/NYSE 통합 실행 시작
============================================================
2026-04-06 22:48:37,712 [INFO] paper_trading.runner — [Runner] SP500 snapshot 로드: 130개 종목
[Unified PT] SP500 snapshot 로드: 130개 종목
2026-04-06 22:48:37,718 [INFO] paper_trading.runner — [Runner] NASDAQ snapshot 로드: 51개 종목
[Unified PT] NASDAQ snapshot 로드: 51개 종목
[Unified PT] 합산 완료: 179개 종목 (SP500 130 + NASDAQ 51개, 중복 제거 후)
2026-04-06 22:48:45,036 [INFO] paper_trading.candidate_selector — [전략점수 분포] ~4.0: 54 | 4.0~5.0: 22 | 5.0~5.5: 17 | 5.5~6.0: 11 | 6.0+: 75
2026-04-06 22:48:45,046 [INFO] paper_trading.candidate_selector — [CandidateSelector] Regime=neutral | Filtered=11/179 | Selected: NEE (CCS=0.5697)
2026-04-06 22:48:45,048 [INFO] paper_trading.engine — [PaperTrading] 교체 기준 미달 — 매수 안 함
[Unified PT] 매도=0 매수=0 보유=3종목
[Unified PT] 레짐=neutral | 필터={'전략점수<6.0': 104, '바닥반등_52주과열': 2, '판단등급_미달': 61, '과열_차단': 1, '유동성_부족': 0, '어닝_임박': 0, '보유_중복': 0, '섹터_집중': 0, '_통과': 11, '_전체': 179}
[Unified PT] 스킵 사유: 교체_미달
[Unified PT] Top5 후보:
  NEE    CCS=0.5697 전략=📈 모멘텀 섹터=Utilities
  TER    CCS=0.5432 전략=📈 모멘텀 섹터=Technology
  WDC    CCS=0.5298 전략=📈 모멘텀 섹터=Unknown
  CAT    CCS=0.5014 전략=📈 모멘텀 섹터=Industrials
  MU     CCS=0.4850 전략=📈 모멘텀 섹터=Technology
2026-04-06 22:48:49,431 [INFO] paper_trading.sheet_sync — [SheetSync] 포지션현황 업데이트: 3개 종목
2026-04-06 22:48:50,702 [INFO] paper_trading.sheet_sync — [SheetSync] 성과요약 업데이트: 0건 거래
[Unified PT] 구글 시트 동기화 완료
[Email] 페이퍼 트레이딩 변동 없음 — 이메일 발송 생략
============================================================
[Unified Paper Trading] 완료
============================================================
