[OHLCV] 배치 다운로드 1/11 (50개 종목, period=5y)...
[OHLCV] 배치 다운로드 2/11 (50개 종목, period=5y)...
[OHLCV] 배치 다운로드 3/11 (50개 종목, period=5y)...
[OHLCV] 배치 다운로드 4/11 (50개 종목, period=5y)...
[OHLCV] 배치 다운로드 5/11 (50개 종목, period=5y)...
[OHLCV] 배치 다운로드 6/11 (50개 종목, period=5y)...
[OHLCV] 배치 다운로드 7/11 (50개 종목, period=5y)...
[OHLCV] 배치 다운로드 8/11 (50개 종목, period=5y)...
[OHLCV] 배치 다운로드 9/11 (50개 종목, period=5y)...
[OHLCV] 배치 다운로드 10/11 (50개 종목, period=5y)...
[OHLCV] 배치 다운로드 11/11 (18개 종목, period=5y)...
[DataValidator] 14건의 데이터 품질 경고 발생
Warning:  PDD: 비정상 가격 변동 56.1% (2022-03-16) — 스플릿/데이터 오류 가능
Warning:  KVUE: Close NaN 비율 31.9% (기준: 30%)
Warning:  VLTO: Close NaN 비율 40.2% (기준: 30%)
Warning:  MRNA: 비정상 가격 변동 177.0% (2026-08-19) — 스플릿/데이터 오류 가능
Warning:  GEV: Close NaN 비율 49.8% (기준: 30%)
Warning:  CTRA: Close NaN 비율 100.0% (기준: 30%)
Warning:  EQR: Close NaN 비율 99.9% (기준: 30%)
Warning:  HOLX: Close NaN 비율 100.0% (기준: 30%)
Warning:  SOLV: Close NaN 비율 49.7% (기준: 30%)
Warning:  GL: 비정상 가격 변동 53.1% (2024-04-11) — 스플릿/데이터 오류 가능
Warning:  DAY: Close NaN 비율 100.0% (기준: 30%)
Warning:  EA: Close NaN 비율 99.9% (기준: 30%)
Warning:  AVB: Close NaN 비율 99.9% (기준: 30%)
Warning:  BK: Close NaN 비율 100.0% (기준: 30%)
[[SP500 분석]] 강한 섹터: {'Information Technology', 'Communication Services'}
[OHLCV] 배치 다운로드 1/3 (50개 종목, period=2y)...
[OHLCV] 배치 다운로드 2/3 (50개 종목, period=2y)...
[OHLCV] 배치 다운로드 3/3 (28개 종목, period=2y)...
[DataValidator] 1건의 데이터 품질 경고 발생
Warning:  MRNA: 비정상 가격 변동 177.0% (2026-08-19) — 스플릿/데이터 오류 가능
[[SP500 분석]] Extreme model 'label_low' walk-forward ROC 0.65, AP 0.42
[[SP500 분석]] Extreme model 'label_high' walk-forward ROC 0.62, AP 0.32
[[SP500 분석]] Google Sheets 업데이트 완료
[Email] 바닥반등 6개 + 모멘텀 52개 = 총 58개 종목 리스트를 chunghwan14@gmail.com로 발송 완료
[[SP500 분석]] Signals 결과 기반 차트분석 종목 리스트 생성 중...
[Dynamic Portfolio] 생성된 차트분석 종목 리스트(61개): ['NBM.V', 'T', 'MMYT', 'INSP', 'STX', 'FCX', 'LRCX', 'MDT', 'SPGI', 'BMY', 'META', 'TXN', 'DASH', 'HPE', 'DDOG', 'XOM', 'AMGN', 'ABT', 'ADI', 'AMD', 'ASML', 'AMAT', 'MRVL', 'MRNA', 'QQQ', 'LLY', 'KLAC', 'ETN', 'NEM', 'PFE', 'ANET', 'TER', 'AAPL', 'BRK-B', 'DHR', 'KO', 'MCK', 'MELI', 'DIS', 'DE', 'RTX', 'SMCI', 'APH', 'MPWR', 'INTC', 'NVDA', 'SPY', 'PLTR', 'GILD', 'TMO', 'MSFT', 'PANW', 'WBD', 'MU', 'OKTA', 'ABBV', 'PG', 'CRWD', 'JNJ', 'ZS', 'PM']
[[SP500 차트분석]] [SP500 분석] 결과 기반 [SP500 차트분석] 시트 생성 중 (61개 종목)...
[[SP500 차트분석]] [SP500 분석]에 없는 종목은 별도 분석: ['NBM.V', 'MMYT', 'INSP']
[DataValidator] 1건의 데이터 품질 경고 발생
Warning:  NBM.V: 비정상 가격 변동 56.3% (2024-09-25) — 스플릿/데이터 오류 가능
[[SP500 차트분석]] 강한 섹터: {'Information Technology'}
[[SP500 차트분석]] Extreme model 'global' skipped: insufficient_tickers
[[SP500 차트분석]] Google Sheets 업데이트 완료
[Paper Trading] SP500 ranked_df 스냅샷 저장 완료 (128개 종목)

[요약] 파이프라인 완료 – 총 1023.4초 (17.06분) 소요
