============================================================
[Unified Paper Trading] SP500 + NASDAQ/NYSE 통합 실행 시작
============================================================
2026-06-16 09:18:18,746 [INFO] paper_trading.runner — [Runner] SP500 snapshot 로드: 129개 종목
[Unified PT] SP500 snapshot 로드: 129개 종목
2026-06-16 09:18:18,753 [INFO] paper_trading.runner — [Runner] NASDAQ snapshot 로드: 229개 종목
[Unified PT] NASDAQ snapshot 로드: 229개 종목
[Unified PT] 합산 완료: 345개 종목 (SP500 129 + NASDAQ 229개, 중복 제거 후)
[Unified PT] 골든크로스임박 종목: 27개
2026-06-16 09:18:19,709 [INFO] paper_trading.candidate_selector — [전략점수 분포] ~4.0: 124 | 4.0~5.0: 39 | 5.0~5.5: 20 | 5.5~6.0: 13 | 6.0+: 149
2026-06-16 09:18:19,718 [INFO] paper_trading.engine — [PaperTrading] 오늘 매수 후보 없음
[Unified PT] 매도=0 매수=0 보유=3종목
[Unified PT] 레짐=bull | 필터={'전략점수<6.0': 196, '바닥반등_52주과열': 0, '판단등급_미달': 148, '과열_차단': 1, '유동성_부족': 0, '어닝_임박': 0, '보유_중복': 0, '모멘텀_ADX부족': 0, '바닥_RSI데드존': 0, '섹터_집중': 0, '_통과': 0, '_전체': 345}
[Unified PT] 스킵 사유: 후보_없음
2026-06-16 09:18:20,856 [INFO] paper_trading.sheet_sync — [SheetSync] 포지션현황 업데이트: 3개 종목
2026-06-16 09:18:21,853 [INFO] paper_trading.sheet_sync — [SheetSync] 성과요약 업데이트: 20건 거래
[Unified PT] 구글 시트 동기화 완료
[시장분석] 30개 종목 데이터 수집 중...
2026-06-16 09:18:28,292 [WARNING] data.fetch — [fetch_analyst_data] SFM: 'dict' object has no attribute 'empty'
2026-06-16 09:18:28,335 [WARNING] data.fetch — [fetch_analyst_data] V: 'dict' object has no attribute 'empty'
2026-06-16 09:18:28,371 [WARNING] data.fetch — [fetch_analyst_data] WFC: 'dict' object has no attribute 'empty'
2026-06-16 09:18:28,395 [WARNING] data.fetch — [fetch_analyst_data] BRK-B: 'dict' object has no attribute 'empty'
2026-06-16 09:18:28,505 [WARNING] data.fetch — [fetch_analyst_data] PG: 'dict' object has no attribute 'empty'
2026-06-16 09:18:34,624 [WARNING] data.fetch — [fetch_analyst_data] AMGN: 'dict' object has no attribute 'empty'
2026-06-16 09:18:34,739 [WARNING] data.fetch — [fetch_analyst_data] WELL: 'dict' object has no attribute 'empty'
2026-06-16 09:18:34,756 [WARNING] data.fetch — [fetch_analyst_data] SBUX: 'dict' object has no attribute 'empty'
2026-06-16 09:18:34,856 [WARNING] data.fetch — [fetch_analyst_data] JNJ: 'dict' object has no attribute 'empty'
2026-06-16 09:18:34,873 [WARNING] data.fetch — [fetch_analyst_data] COF: 'dict' object has no attribute 'empty'
2026-06-16 09:18:40,976 [WARNING] data.fetch — [fetch_analyst_data] RXRX: 'dict' object has no attribute 'empty'
2026-06-16 09:18:41,039 [WARNING] data.fetch — [fetch_analyst_data] FLUT: 'dict' object has no attribute 'empty'
2026-06-16 09:18:41,240 [WARNING] data.fetch — [fetch_analyst_data] NUVL: 'dict' object has no attribute 'empty'
2026-06-16 09:18:41,245 [WARNING] data.fetch — [fetch_analyst_data] MCK: 'dict' object has no attribute 'empty'
2026-06-16 09:18:41,252 [WARNING] data.fetch — [fetch_analyst_data] SMCI: 'dict' object has no attribute 'empty'
2026-06-16 09:18:47,305 [WARNING] data.fetch — [fetch_analyst_data] MNTS: 'dict' object has no attribute 'empty'
2026-06-16 09:18:47,378 [WARNING] data.fetch — [fetch_analyst_data] ASPI: 'dict' object has no attribute 'empty'
2026-06-16 09:18:47,641 [WARNING] data.fetch — [fetch_analyst_data] ASH: 'dict' object has no attribute 'empty'
2026-06-16 09:18:47,662 [WARNING] data.fetch — [fetch_analyst_data] ORCL: 'dict' object has no attribute 'empty'
2026-06-16 09:18:47,683 [WARNING] data.fetch — [fetch_analyst_data] BA: 'dict' object has no attribute 'empty'
2026-06-16 09:18:53,711 [WARNING] data.fetch — [fetch_analyst_data] LAC: 'dict' object has no attribute 'empty'
2026-06-16 09:18:53,722 [WARNING] data.fetch — [fetch_analyst_data] DIS: 'dict' object has no attribute 'empty'
2026-06-16 09:18:53,993 [WARNING] data.fetch — [fetch_analyst_data] META: 'dict' object has no attribute 'empty'
2026-06-16 09:18:54,048 [WARNING] data.fetch — [fetch_analyst_data] AXP: 'dict' object has no attribute 'empty'
2026-06-16 09:18:54,051 [WARNING] data.fetch — [fetch_analyst_data] SNPS: 'dict' object has no attribute 'empty'
2026-06-16 09:19:00,053 [WARNING] data.fetch — [fetch_analyst_data] ENVX: 'dict' object has no attribute 'empty'
2026-06-16 09:19:00,057 [WARNING] data.fetch — [fetch_analyst_data] CRML: 'dict' object has no attribute 'empty'
2026-06-16 09:19:00,370 [WARNING] data.fetch — [fetch_analyst_data] GOOGL: 'dict' object has no attribute 'empty'
2026-06-16 09:19:00,422 [WARNING] data.fetch — [fetch_analyst_data] GEV: 'dict' object has no attribute 'empty'
2026-06-16 09:19:00,454 [WARNING] data.fetch — [fetch_analyst_data] GOOG: 'dict' object has no attribute 'empty'
[시장분석] enrichment 완료
[Email] 페이퍼 트레이딩 알림 발송 완료 (매도 0건, 매수 0건, 재평가 0건, 재평가실패 0건, 후보 0건) → chunghwan14@gmail.com, roykim0311@gmail.com, ssamjungtan@naver.com
============================================================
[Unified Paper Trading] 완료
============================================================
