============================================================
[Unified Paper Trading] SP500 + NASDAQ/NYSE 통합 실행 시작
============================================================
2026-08-06 07:02:53,469 [INFO] paper_trading.runner — [Runner] SP500 snapshot 로드: 129개 종목
[Unified PT] SP500 snapshot 로드: 129개 종목
2026-08-06 07:02:53,479 [INFO] paper_trading.runner — [Runner] NASDAQ snapshot 로드: 202개 종목
[Unified PT] NASDAQ snapshot 로드: 202개 종목
[Unified PT] 합산 완료: 327개 종목 (SP500 129 + NASDAQ 202개, 중복 제거 후)
[Unified PT] 골든크로스임박 종목: 68개
2026-08-06 07:02:54,177 [INFO] paper_trading.candidate_selector — [전략점수 분포] ~4.0: 113 | 4.0~5.0: 35 | 5.0~5.5: 23 | 5.5~6.0: 17 | 6.0+: 139
2026-08-06 07:02:54,191 [INFO] paper_trading.candidate_selector — [CandidateSelector] Regime=bull | Filtered=2/327 | Selected: HTZ (CCS=0.4634)
2026-08-06 07:02:54,198 [INFO] paper_trading.engine — [PaperTrading] BUY HTZ @ 1.56 (CCS=0.4634, RSI=28, upside P50=+5% P75=+8%)
[Unified PT] 매도=0 매수=1 보유=3종목
[Unified PT] 레짐=bull | 필터={'전략점수<6.0': 188, '바닥반등_52주과열': 0, '판단등급_미달': 125, '과열_차단': 6, '유동성_부족': 0, '어닝_임박': 0, '보유_중복': 1, '모멘텀_ADX부족': 5, '바닥_RSI데드존': 0, '섹터_집중': 0, '_통과': 2, '_전체': 327}
[Unified PT] Top5 후보:
  HTZ    CCS=0.4634 전략=📉 바닥반등 섹터=Industrials
2026-08-06 07:02:55,897 [INFO] paper_trading.sheet_sync — [SheetSync] 거래로그 append: BUY HTZ
2026-08-06 07:02:57,688 [INFO] paper_trading.sheet_sync — [SheetSync] 포지션현황 업데이트: 3개 종목
2026-08-06 07:02:59,637 [INFO] paper_trading.sheet_sync — [SheetSync] 성과요약 업데이트: 35건 거래
[Unified PT] 구글 시트 동기화 완료
2026-08-06 07:02:59,987 [INFO] matplotlib.font_manager — Failed to extract font properties from /usr/share/fonts/truetype/noto/NotoColorEmoji.ttf: Non-scalable fonts are not supported
2026-08-06 07:03:00,003 [INFO] matplotlib.font_manager — generated new fontManager
2026-08-06 07:03:00,873 [WARNING] fpdf.output — Font MPDFAA+NanumGothic is missing the following glyphs: '📉' (\U0001f4c9), '📈' (\U0001f4c8)
2026-08-06 07:03:00,890 [INFO] fontTools.subset — maxp pruned
2026-08-06 07:03:00,890 [INFO] fontTools.subset — cmap pruned
2026-08-06 07:03:00,891 [INFO] fontTools.subset — post pruned
2026-08-06 07:03:00,891 [INFO] fontTools.subset — DSIG dropped
2026-08-06 07:03:00,891 [INFO] fontTools.subset — GPOS dropped
2026-08-06 07:03:00,891 [INFO] fontTools.subset — GSUB dropped
2026-08-06 07:03:00,891 [INFO] fontTools.subset — glyf pruned
2026-08-06 07:03:00,893 [INFO] fontTools.subset — Added gid0 to subset
2026-08-06 07:03:00,893 [INFO] fontTools.subset — Added first four glyphs to subset
2026-08-06 07:03:00,893 [INFO] fontTools.subset — Closing glyph list over 'glyf': 104 glyphs before
2026-08-06 07:03:00,893 [INFO] fontTools.subset — Glyph names: ['.notdef', 'A', 'B', 'C', 'D', 'E', 'F', 'G', 'H', 'I', 'L', 'M', 'N', 'O', 'P', 'Q', 'R', 'S', 'T', 'U', 'V', 'W', 'Y', 'Z', 'a', 'arrowright', 'b', 'bar', 'c', 'colon', 'comma', 'copyright', 'd', 'dollar', 'e', 'eight', 'emdash', 'exclam', 'f', 'five', 'four', 'g', 'h', 'hyphen', 'i', 'k', 'l', 'm', 'n', 'nine', 'numbersign', 'o', 'one', 'p', 'parenleft', 'parenright', 'percent', 'period', 'periodcentered', 'plus', 'q', 'quotedbl', 'r', 's', 'seven', 'six', 'slash', 'space', 't', 'three', 'triagup', 'two', 'u', 'uniAC00', 'uniAC04', 'uniAD50', 'uniAE30', 'uniB2E5', 'uniB4F1', 'uniB808', 'uniB9C1', 'uniBA58', 'uniBAA8', 'uniBAA9', 'uniBC14', 'uniBC18', 'uniBCF4', 'uniC190', 'uniC2DC', 'uniC720', 'uniC775', 'uniC77C', 'uniC7A5', 'uniC808', 'uniCCB4', 'uniD140', 'uniD2B8', 'uniD45C', 'v', 'w', 'x', 'y', 'z', 'zero']
2026-08-06 07:03:00,893 [INFO] fontTools.subset — Glyph IDs:   [0, 1, 2, 3, 4, 5, 8, 9, 11, 12, 13, 14, 15, 16, 17, 18, 19, 20, 21, 22, 23, 24, 25, 26, 33, 34, 35, 36, 37, 38, 39, 40, 41, 44, 45, 46, 47, 48, 49, 50, 51, 52, 53, 54, 55, 57, 58, 64, 65, 66, 67, 68, 69, 70, 71, 72, 74, 75, 76, 77, 78, 79, 80, 81, 82, 83, 84, 85, 86, 87, 88, 89, 91, 96, 99, 104, 159, 162, 495, 497, 607, 654, 928, 1042, 1177, 1267, 1310, 1326, 1327, 1397, 1401, 1458, 1675, 1751, 2013, 2043, 2045, 2067, 2091, 2308, 2518, 2576, 2661, 13296]
2026-08-06 07:03:00,893 [INFO] fontTools.subset — Closed glyph list over 'glyf': 104 glyphs after
2026-08-06 07:03:00,893 [INFO] fontTools.subset — Glyph names: ['.notdef', 'A', 'B', 'C', 'D', 'E', 'F', 'G', 'H', 'I', 'L', 'M', 'N', 'O', 'P', 'Q', 'R', 'S', 'T', 'U', 'V', 'W', 'Y', 'Z', 'a', 'arrowright', 'b', 'bar', 'c', 'colon', 'comma', 'copyright', 'd', 'dollar', 'e', 'eight', 'emdash', 'exclam', 'f', 'five', 'four', 'g', 'h', 'hyphen', 'i', 'k', 'l', 'm', 'n', 'nine', 'numbersign', 'o', 'one', 'p', 'parenleft', 'parenright', 'percent', 'period', 'periodcentered', 'plus', 'q', 'quotedbl', 'r', 's', 'seven', 'six', 'slash', 'space', 't', 'three', 'triagup', 'two', 'u', 'uniAC00', 'uniAC04', 'uniAD50', 'uniAE30', 'uniB2E5', 'uniB4F1', 'uniB808', 'uniB9C1', 'uniBA58', 'uniBAA8', 'uniBAA9', 'uniBC14', 'uniBC18', 'uniBCF4', 'uniC190', 'uniC2DC', 'uniC720', 'uniC775', 'uniC77C', 'uniC7A5', 'uniC808', 'uniCCB4', 'uniD140', 'uniD2B8', 'uniD45C', 'v', 'w', 'x', 'y', 'z', 'zero']
2026-08-06 07:03:00,894 [INFO] fontTools.subset — Glyph IDs:   [0, 1, 2, 3, 4, 5, 8, 9, 11, 12, 13, 14, 15, 16, 17, 18, 19, 20, 21, 22, 23, 24, 25, 26, 33, 34, 35, 36, 37, 38, 39, 40, 41, 44, 45, 46, 47, 48, 49, 50, 51, 52, 53, 54, 55, 57, 58, 64, 65, 66, 67, 68, 69, 70, 71, 72, 74, 75, 76, 77, 78, 79, 80, 81, 82, 83, 84, 85, 86, 87, 88, 89, 91, 96, 99, 104, 159, 162, 495, 497, 607, 654, 928, 1042, 1177, 1267, 1310, 1326, 1327, 1397, 1401, 1458, 1675, 1751, 2013, 2043, 2045, 2067, 2091, 2308, 2518, 2576, 2661, 13296]
2026-08-06 07:03:00,894 [INFO] fontTools.subset — Retaining 104 glyphs
2026-08-06 07:03:00,895 [INFO] fontTools.subset — head subsetting not needed
2026-08-06 07:03:00,895 [INFO] fontTools.subset — hhea subsetting not needed
2026-08-06 07:03:00,895 [INFO] fontTools.subset — maxp subsetting not needed
2026-08-06 07:03:00,895 [INFO] fontTools.subset — OS/2 subsetting not needed
2026-08-06 07:03:00,895 [INFO] fontTools.subset — hmtx subsetted
2026-08-06 07:03:00,897 [INFO] fontTools.subset — cmap subsetted
2026-08-06 07:03:00,897 [INFO] fontTools.subset — fpgm subsetting not needed
2026-08-06 07:03:00,897 [INFO] fontTools.subset — prep subsetting not needed
2026-08-06 07:03:00,897 [INFO] fontTools.subset — cvt  subsetting not needed
2026-08-06 07:03:00,897 [INFO] fontTools.subset — loca subsetting not needed
2026-08-06 07:03:00,897 [INFO] fontTools.subset — post subsetted
2026-08-06 07:03:00,897 [INFO] fontTools.subset — gasp subsetting not needed
2026-08-06 07:03:00,897 [INFO] fontTools.subset — name subsetting not needed
2026-08-06 07:03:00,900 [INFO] fontTools.subset — glyf subsetted
2026-08-06 07:03:00,900 [INFO] fontTools.subset — head pruned
2026-08-06 07:03:00,900 [INFO] fontTools.subset — OS/2 Unicode ranges pruned: [0, 1, 31, 37, 45, 56]
2026-08-06 07:03:00,901 [INFO] fontTools.subset — OS/2 CodePage ranges pruned: [0]
2026-08-06 07:03:00,902 [INFO] fontTools.subset — glyf pruned
2026-08-06 07:03:00,902 [INFO] fontTools.subset — name pruned
2026-08-06 07:03:00,924 [WARNING] fpdf.output — Font MPDFAA+NanumGothicBold is missing the following glyphs: '📉' (\U0001f4c9)
2026-08-06 07:03:00,925 [INFO] fontTools.subset — maxp pruned
2026-08-06 07:03:00,925 [INFO] fontTools.subset — cmap pruned
2026-08-06 07:03:00,925 [INFO] fontTools.subset — post pruned
2026-08-06 07:03:00,925 [INFO] fontTools.subset — DSIG dropped
2026-08-06 07:03:00,925 [INFO] fontTools.subset — GPOS dropped
2026-08-06 07:03:00,925 [INFO] fontTools.subset — GSUB dropped
2026-08-06 07:03:00,926 [INFO] fontTools.subset — glyf pruned
2026-08-06 07:03:00,927 [INFO] fontTools.subset — Added gid0 to subset
2026-08-06 07:03:00,927 [INFO] fontTools.subset — Added first four glyphs to subset
2026-08-06 07:03:00,927 [INFO] fontTools.subset — Closing glyph list over 'glyf': 85 glyphs before
2026-08-06 07:03:00,927 [INFO] fontTools.subset — Glyph names: ['.notdef', 'A', 'B', 'C', 'D', 'E', 'F', 'G', 'H', 'I', 'J', 'K', 'L', 'M', 'N', 'O', 'P', 'Q', 'R', 'S', 'T', 'U', 'V', 'W', 'X', 'Y', 'Z', 'a', 'ampersand', 'b', 'c', 'colon', 'd', 'dollar', 'e', 'eight', 'emdash', 'equal', 'exclam', 'f', 'five', 'four', 'g', 'h', 'hyphen', 'i', 'j', 'k', 'l', 'm', 'n', 'nine', 'numbersign', 'o', 'one', 'p', 'parenleft', 'parenright', 'percent', 'period', 'periodcentered', 'plus', 'q', 'quotedbl', 'quotesingle', 'r', 's', 'seven', 'six', 'slash', 'space', 't', 'three', 'two', 'u', 'uni2605', 'uniB2E5', 'uniB4F1', 'uniBC14', 'uniBC18', 'v', 'w', 'x', 'y', 'zero']
2026-08-06 07:03:00,927 [INFO] fontTools.subset — Glyph IDs:   [0, 1, 2, 3, 4, 5, 6, 7, 8, 9, 11, 13, 14, 15, 16, 17, 18, 19, 20, 21, 22, 23, 24, 25, 26, 29, 33, 34, 35, 36, 37, 38, 39, 40, 41, 42, 43, 44, 45, 46, 47, 48, 49, 50, 51, 52, 53, 54, 55, 56, 57, 58, 64, 65, 66, 67, 68, 69, 70, 71, 72, 73, 74, 75, 76, 77, 78, 79, 80, 81, 82, 83, 84, 85, 86, 87, 88, 99, 104, 150, 926, 1040, 1395, 1399, 13533]
2026-08-06 07:03:00,927 [INFO] fontTools.subset — Closed glyph list over 'glyf': 85 glyphs after
2026-08-06 07:03:00,927 [INFO] fontTools.subset — Glyph names: ['.notdef', 'A', 'B', 'C', 'D', 'E', 'F', 'G', 'H', 'I', 'J', 'K', 'L', 'M', 'N', 'O', 'P', 'Q', 'R', 'S', 'T', 'U', 'V', 'W', 'X', 'Y', 'Z', 'a', 'ampersand', 'b', 'c', 'colon', 'd', 'dollar', 'e', 'eight', 'emdash', 'equal', 'exclam', 'f', 'five', 'four', 'g', 'h', 'hyphen', 'i', 'j', 'k', 'l', 'm', 'n', 'nine', 'numbersign', 'o', 'one', 'p', 'parenleft', 'parenright', 'percent', 'period', 'periodcentered', 'plus', 'q', 'quotedbl', 'quotesingle', 'r', 's', 'seven', 'six', 'slash', 'space', 't', 'three', 'two', 'u', 'uni2605', 'uniB2E5', 'uniB4F1', 'uniBC14', 'uniBC18', 'v', 'w', 'x', 'y', 'zero']
2026-08-06 07:03:00,928 [INFO] fontTools.subset — Glyph IDs:   [0, 1, 2, 3, 4, 5, 6, 7, 8, 9, 11, 13, 14, 15, 16, 17, 18, 19, 20, 21, 22, 23, 24, 25, 26, 29, 33, 34, 35, 36, 37, 38, 39, 40, 41, 42, 43, 44, 45, 46, 47, 48, 49, 50, 51, 52, 53, 54, 55, 56, 57, 58, 64, 65, 66, 67, 68, 69, 70, 71, 72, 73, 74, 75, 76, 77, 78, 79, 80, 81, 82, 83, 84, 85, 86, 87, 88, 99, 104, 150, 926, 1040, 1395, 1399, 13533]
2026-08-06 07:03:00,928 [INFO] fontTools.subset — Retaining 85 glyphs
2026-08-06 07:03:00,929 [INFO] fontTools.subset — head subsetting not needed
2026-08-06 07:03:00,929 [INFO] fontTools.subset — hhea subsetting not needed
2026-08-06 07:03:00,929 [INFO] fontTools.subset — maxp subsetting not needed
2026-08-06 07:03:00,929 [INFO] fontTools.subset — OS/2 subsetting not needed
2026-08-06 07:03:00,929 [INFO] fontTools.subset — hmtx subsetted
2026-08-06 07:03:00,931 [INFO] fontTools.subset — cmap subsetted
2026-08-06 07:03:00,931 [INFO] fontTools.subset — fpgm subsetting not needed
2026-08-06 07:03:00,931 [INFO] fontTools.subset — prep subsetting not needed
2026-08-06 07:03:00,931 [INFO] fontTools.subset — cvt  subsetting not needed
2026-08-06 07:03:00,931 [INFO] fontTools.subset — loca subsetting not needed
2026-08-06 07:03:00,931 [INFO] fontTools.subset — post subsetted
2026-08-06 07:03:00,931 [INFO] fontTools.subset — gasp subsetting not needed
2026-08-06 07:03:00,932 [INFO] fontTools.subset — name subsetting not needed
2026-08-06 07:03:00,934 [INFO] fontTools.subset — glyf subsetted
2026-08-06 07:03:00,934 [INFO] fontTools.subset — head pruned
2026-08-06 07:03:00,934 [INFO] fontTools.subset — OS/2 Unicode ranges pruned: [0, 1, 31, 46, 56]
2026-08-06 07:03:00,935 [INFO] fontTools.subset — OS/2 CodePage ranges pruned: [0]
2026-08-06 07:03:00,935 [INFO] fontTools.subset — glyf pruned
2026-08-06 07:03:00,936 [INFO] fontTools.subset — name pruned
[Unified PT] PDF 리포트 생성 완료 (114,483 bytes)
[시장분석] 71개 종목 데이터 수집 중...
2026-08-06 07:03:07,501 [WARNING] data.fetch — [fetch_analyst_data] BULL: 'dict' object has no attribute 'empty'
2026-08-06 07:03:07,527 [WARNING] data.fetch — [fetch_analyst_data] HTZ: 'dict' object has no attribute 'empty'
2026-08-06 07:03:07,547 [WARNING] data.fetch — [fetch_analyst_data] HD: 'dict' object has no attribute 'empty'
2026-08-06 07:03:07,593 [WARNING] data.fetch — [fetch_analyst_data] PG: 'dict' object has no attribute 'empty'
2026-08-06 07:03:07,636 [WARNING] data.fetch — [fetch_analyst_data] MSFT: 'dict' object has no attribute 'empty'
2026-08-06 07:03:13,886 [WARNING] data.fetch — [fetch_analyst_data] PYPL: 'dict' object has no attribute 'empty'
2026-08-06 07:03:13,960 [WARNING] data.fetch — [fetch_analyst_data] DHR: 'dict' object has no attribute 'empty'
2026-08-06 07:03:14,030 [WARNING] data.fetch — [fetch_analyst_data] SYK: 'dict' object has no attribute 'empty'
2026-08-06 07:03:14,067 [WARNING] data.fetch — [fetch_analyst_data] TJX: 'dict' object has no attribute 'empty'
2026-08-06 07:03:14,096 [WARNING] data.fetch — [fetch_analyst_data] NVDA: 'dict' object has no attribute 'empty'
2026-08-06 07:03:20,281 [WARNING] data.fetch — [fetch_analyst_data] TME: 'dict' object has no attribute 'empty'
2026-08-06 07:03:20,397 [WARNING] data.fetch — [fetch_analyst_data] AVGO: 'dict' object has no attribute 'empty'
2026-08-06 07:03:20,506 [WARNING] data.fetch — [fetch_analyst_data] COUR: 'dict' object has no attribute 'empty'
2026-08-06 07:03:20,567 [WARNING] data.fetch — [fetch_analyst_data] PLTR: 'dict' object has no attribute 'empty'
2026-08-06 07:03:20,579 [WARNING] data.fetch — [fetch_analyst_data] FISV: 'dict' object has no attribute 'empty'
2026-08-06 07:03:26,681 [WARNING] data.fetch — [fetch_analyst_data] ACN: 'dict' object has no attribute 'empty'
2026-08-06 07:03:26,829 [WARNING] data.fetch — [fetch_analyst_data] BA: 'dict' object has no attribute 'empty'
2026-08-06 07:03:27,009 [WARNING] data.fetch — [fetch_analyst_data] EPAM: 'dict' object has no attribute 'empty'
2026-08-06 07:03:27,039 [WARNING] data.fetch — [fetch_analyst_data] WIX: 'dict' object has no attribute 'empty'
2026-08-06 07:03:27,098 [WARNING] data.fetch — [fetch_analyst_data] FCX: 'dict' object has no attribute 'empty'
2026-08-06 07:03:33,022 [WARNING] data.fetch — [fetch_analyst_data] SBET: 'dict' object has no attribute 'empty'
2026-08-06 07:03:33,306 [WARNING] data.fetch — [fetch_analyst_data] VZ: 'dict' object has no attribute 'empty'
2026-08-06 07:03:33,367 [WARNING] data.fetch — [fetch_analyst_data] CNXC: 'dict' object has no attribute 'empty'
2026-08-06 07:03:33,460 [WARNING] data.fetch — [fetch_analyst_data] DIS: 'dict' object has no attribute 'empty'
2026-08-06 07:03:33,541 [WARNING] data.fetch — [fetch_analyst_data] CMCSA: 'dict' object has no attribute 'empty'
2026-08-06 07:03:39,364 [WARNING] data.fetch — [fetch_analyst_data] LEU: 'dict' object has no attribute 'empty'
2026-08-06 07:03:39,710 [WARNING] data.fetch — [fetch_analyst_data] BMNR: 'dict' object has no attribute 'empty'
2026-08-06 07:03:39,760 [WARNING] data.fetch — [fetch_analyst_data] MLI: 'dict' object has no attribute 'empty'
2026-08-06 07:03:39,803 [WARNING] data.fetch — [fetch_analyst_data] IESC: 'dict' object has no attribute 'empty'
2026-08-06 07:03:39,893 [WARNING] data.fetch — [fetch_analyst_data] DOCS: 'dict' object has no attribute 'empty'
2026-08-06 07:03:45,756 [WARNING] data.fetch — [fetch_analyst_data] ETN: 'dict' object has no attribute 'empty'
2026-08-06 07:03:46,096 [WARNING] data.fetch — [fetch_analyst_data] AI: 'dict' object has no attribute 'empty'
2026-08-06 07:03:46,194 [WARNING] data.fetch — [fetch_analyst_data] MTRN: 'dict' object has no attribute 'empty'
2026-08-06 07:03:46,202 [WARNING] data.fetch — [fetch_analyst_data] AMZN: 'dict' object has no attribute 'empty'
2026-08-06 07:03:46,249 [WARNING] data.fetch — [fetch_analyst_data] INTU: 'dict' object has no attribute 'empty'
2026-08-06 07:03:52,108 [WARNING] data.fetch — [fetch_analyst_data] CRM: 'dict' object has no attribute 'empty'
2026-08-06 07:03:52,551 [WARNING] data.fetch — [fetch_analyst_data] MCD: 'dict' object has no attribute 'empty'
2026-08-06 07:03:52,620 [WARNING] data.fetch — [fetch_analyst_data] AMIX: 'dict' object has no attribute 'empty'
2026-08-06 07:03:52,683 [WARNING] data.fetch — [fetch_analyst_data] NKE: 'dict' object has no attribute 'empty'
2026-08-06 07:03:52,694 [WARNING] data.fetch — [fetch_analyst_data] GLOB: 'dict' object has no attribute 'empty'
2026-08-06 07:03:58,458 [WARNING] data.fetch — [fetch_analyst_data] ZG: 'dict' object has no attribute 'empty'
2026-08-06 07:03:59,030 [WARNING] data.fetch — [fetch_analyst_data] Z: 'dict' object has no attribute 'empty'
2026-08-06 07:03:59,084 [WARNING] data.fetch — [fetch_analyst_data] WMT: 'dict' object has no attribute 'empty'
2026-08-06 07:03:59,131 [WARNING] data.fetch — [fetch_analyst_data] ATKR: 'dict' object has no attribute 'empty'
2026-08-06 07:03:59,133 [WARNING] data.fetch — [fetch_analyst_data] CSIQ: 'dict' object has no attribute 'empty'
2026-08-06 07:04:04,952 [WARNING] data.fetch — [fetch_analyst_data] CELH: 'dict' object has no attribute 'empty'
2026-08-06 07:04:05,445 [WARNING] data.fetch — [fetch_analyst_data] WHD: 'dict' object has no attribute 'empty'
2026-08-06 07:04:05,459 [WARNING] data.fetch — [fetch_analyst_data] SMCI: 'dict' object has no attribute 'empty'
2026-08-06 07:04:05,577 [WARNING] data.fetch — [fetch_analyst_data] WHR: 'dict' object has no attribute 'empty'
2026-08-06 07:04:05,866 [WARNING] data.fetch — [fetch_analyst_data] BSX: 'dict' object has no attribute 'empty'
2026-08-06 07:04:11,294 [WARNING] data.fetch — [fetch_analyst_data] FCUV: 'dict' object has no attribute 'empty'
2026-08-06 07:04:11,793 [WARNING] data.fetch — [fetch_analyst_data] TTD: 'dict' object has no attribute 'empty'
2026-08-06 07:04:11,827 [WARNING] data.fetch — [fetch_analyst_data] PEGA: 'dict' object has no attribute 'empty'
2026-08-06 07:04:12,026 [WARNING] data.fetch — [fetch_analyst_data] AVAV: 'dict' object has no attribute 'empty'
2026-08-06 07:04:12,240 [WARNING] data.fetch — [fetch_analyst_data] NFLX: 'dict' object has no attribute 'empty'
2026-08-06 07:04:17,611 [WARNING] data.fetch — [fetch_analyst_data] CSGP: 'dict' object has no attribute 'empty'
2026-08-06 07:04:18,158 [WARNING] data.fetch — [fetch_analyst_data] ACHR: 'dict' object has no attribute 'empty'
2026-08-06 07:04:18,223 [WARNING] data.fetch — [fetch_analyst_data] MA: 'dict' object has no attribute 'empty'
2026-08-06 07:04:18,425 [WARNING] data.fetch — [fetch_analyst_data] LRN: 'dict' object has no attribute 'empty'
2026-08-06 07:04:18,567 [WARNING] data.fetch — [fetch_analyst_data] PGY: 'dict' object has no attribute 'empty'
2026-08-06 07:04:23,931 [WARNING] data.fetch — [fetch_analyst_data] STUB: 'dict' object has no attribute 'empty'
2026-08-06 07:04:24,561 [WARNING] data.fetch — [fetch_analyst_data] KLAR: 'dict' object has no attribute 'empty'
2026-08-06 07:04:24,610 [WARNING] data.fetch — [fetch_analyst_data] DUOL: 'dict' object has no attribute 'empty'
2026-08-06 07:04:24,826 [WARNING] data.fetch — [fetch_analyst_data] BKNG: 'dict' object has no attribute 'empty'
2026-08-06 07:04:25,007 [WARNING] data.fetch — [fetch_analyst_data] HOOD: 'dict' object has no attribute 'empty'
2026-08-06 07:04:30,238 [WARNING] data.fetch — [fetch_analyst_data] BTDR: 'dict' object has no attribute 'empty'
2026-08-06 07:04:31,092 [WARNING] data.fetch — [fetch_analyst_data] ABT: 'dict' object has no attribute 'empty'
2026-08-06 07:04:31,192 [WARNING] data.fetch — [fetch_analyst_data] UTZ: 'dict' object has no attribute 'empty'
2026-08-06 07:04:31,234 [WARNING] data.fetch — [fetch_analyst_data] SPGI: 'dict' object has no attribute 'empty'
2026-08-06 07:04:31,363 [WARNING] data.fetch — [fetch_analyst_data] CDNS: 'dict' object has no attribute 'empty'
2026-08-06 07:04:36,574 [WARNING] data.fetch — [fetch_analyst_data] META: 'dict' object has no attribute 'empty'
[Insider] COUR 조회 실패 (무시): timed out
[Insider] ACN 조회 실패 (무시): timed out
[Insider] DIS 조회 실패 (무시): timed out
[시장분석] enrichment 완료
[Email] 페이퍼 트레이딩 알림 발송 완료 (PDF 첨부) (매도 0건, 매수 1건, 재평가 0건, 재평가실패 0건, 후보 1건) → chunghwan14@gmail.com, roykim0311@gmail.com, ssamjungtan@naver.com
============================================================
[Unified Paper Trading] 완료
============================================================
