============================================================
[Unified Paper Trading] SP500 + NASDAQ/NYSE 통합 실행 시작
============================================================
2026-06-12 08:49:18,447 [INFO] paper_trading.runner — [Runner] SP500 snapshot 로드: 129개 종목
[Unified PT] SP500 snapshot 로드: 129개 종목
2026-06-12 08:49:18,455 [INFO] paper_trading.runner — [Runner] NASDAQ snapshot 로드: 228개 종목
[Unified PT] NASDAQ snapshot 로드: 228개 종목
[Unified PT] 합산 완료: 347개 종목 (SP500 129 + NASDAQ 228개, 중복 제거 후)
[Unified PT] 골든크로스임박 종목: 44개
2026-06-12 08:49:19,081 [INFO] paper_trading.candidate_selector — [전략점수 분포] ~4.0: 89 | 4.0~5.0: 31 | 5.0~5.5: 29 | 5.5~6.0: 24 | 6.0+: 174
2026-06-12 08:49:19,094 [INFO] paper_trading.candidate_selector — [CandidateSelector] Regime=bull | Filtered=5/347 | Selected: GEV (CCS=0.5888)
2026-06-12 08:49:19,101 [INFO] paper_trading.engine — [PaperTrading] BUY GEV @ 906.79 (CCS=0.5888, RSI=38, upside P50=+5% P75=+8%)
[Unified PT] 매도=0 매수=1 보유=3종목
[Unified PT] 레짐=bull | 필터={'전략점수<6.0': 173, '바닥반등_52주과열': 1, '판단등급_미달': 152, '과열_차단': 13, '유동성_부족': 0, '어닝_임박': 0, '보유_중복': 0, '모멘텀_ADX부족': 2, '바닥_RSI데드존': 1, '섹터_집중': 0, '_통과': 5, '_전체': 347}
[Unified PT] Top5 후보:
  GEV    CCS=0.5888 전략=📉 바닥반등 섹터=Industrials
  RXO    CCS=0.5154 전략=📈 모멘텀 섹터=Industrials
  CME    CCS=0.4949 전략=📉 바닥반등 섹터=Financial Services
  LASE   CCS=0.4760 전략=📈 모멘텀 섹터=Industrials
  KRMN   CCS=0.4574 전략=📉 바닥반등 섹터=Industrials
2026-06-12 08:49:20,139 [INFO] paper_trading.sheet_sync — [SheetSync] 거래로그 append: BUY GEV
2026-06-12 08:49:21,212 [INFO] paper_trading.sheet_sync — [SheetSync] 포지션현황 업데이트: 3개 종목
2026-06-12 08:49:22,265 [INFO] paper_trading.sheet_sync — [SheetSync] 성과요약 업데이트: 20건 거래
[Unified PT] 구글 시트 동기화 완료
2026-06-12 08:49:22,594 [INFO] matplotlib.font_manager — Failed to extract font properties from /usr/share/fonts/truetype/noto/NotoColorEmoji.ttf: Non-scalable fonts are not supported
2026-06-12 08:49:22,615 [INFO] matplotlib.font_manager — generated new fontManager
2026-06-12 08:49:23,430 [WARNING] fpdf.output — Font MPDFAA+NanumGothic is missing the following glyphs: '📉' (\U0001f4c9), '📈' (\U0001f4c8)
2026-06-12 08:49:23,435 [INFO] fontTools.subset — maxp pruned
2026-06-12 08:49:23,436 [INFO] fontTools.subset — cmap pruned
2026-06-12 08:49:23,436 [INFO] fontTools.subset — post pruned
2026-06-12 08:49:23,437 [INFO] fontTools.subset — DSIG dropped
2026-06-12 08:49:23,437 [INFO] fontTools.subset — GPOS dropped
2026-06-12 08:49:23,437 [INFO] fontTools.subset — GSUB dropped
2026-06-12 08:49:23,437 [INFO] fontTools.subset — glyf pruned
2026-06-12 08:49:23,438 [INFO] fontTools.subset — Added gid0 to subset
2026-06-12 08:49:23,438 [INFO] fontTools.subset — Added first four glyphs to subset
2026-06-12 08:49:23,438 [INFO] fontTools.subset — Closing glyph list over 'glyf': 98 glyphs before
2026-06-12 08:49:23,439 [INFO] fontTools.subset — Glyph names: ['.notdef', 'A', 'B', 'C', 'D', 'E', 'F', 'G', 'H', 'I', 'L', 'M', 'N', 'O', 'P', 'Q', 'R', 'S', 'T', 'U', 'V', 'W', 'Y', 'a', 'arrowright', 'b', 'bar', 'c', 'colon', 'comma', 'copyright', 'd', 'dollar', 'e', 'eight', 'emdash', 'exclam', 'f', 'five', 'four', 'g', 'h', 'hyphen', 'i', 'k', 'l', 'm', 'n', 'nine', 'numbersign', 'o', 'one', 'p', 'parenleft', 'parenright', 'percent', 'period', 'periodcentered', 'plus', 'q', 'quotedbl', 'r', 's', 'seven', 'six', 'slash', 'space', 't', 'three', 'triagup', 'two', 'u', 'uniAC00', 'uniAC04', 'uniAD50', 'uniB2E5', 'uniB4F1', 'uniB808', 'uniB9C1', 'uniBA58', 'uniBAA8', 'uniBAA9', 'uniBC14', 'uniBC18', 'uniC190', 'uniC2DC', 'uniC775', 'uniC77C', 'uniC808', 'uniCCB4', 'uniD140', 'uniD2B8', 'uniD45C', 'v', 'w', 'x', 'y', 'zero']
2026-06-12 08:49:23,439 [INFO] fontTools.subset — Glyph IDs:   [0, 1, 2, 3, 4, 5, 8, 9, 11, 12, 13, 14, 15, 16, 17, 18, 19, 20, 21, 22, 23, 24, 25, 26, 33, 34, 35, 36, 37, 38, 39, 40, 41, 44, 45, 46, 47, 48, 49, 50, 51, 52, 53, 54, 55, 57, 64, 65, 66, 67, 68, 69, 70, 71, 72, 74, 75, 76, 77, 78, 79, 80, 81, 82, 83, 84, 85, 86, 87, 88, 91, 96, 99, 104, 159, 162, 495, 497, 607, 928, 1042, 1177, 1267, 1310, 1326, 1327, 1397, 1401, 1675, 1751, 2043, 2045, 2091, 2308, 2518, 2576, 2661, 13296]
2026-06-12 08:49:23,439 [INFO] fontTools.subset — Closed glyph list over 'glyf': 98 glyphs after
2026-06-12 08:49:23,439 [INFO] fontTools.subset — Glyph names: ['.notdef', 'A', 'B', 'C', 'D', 'E', 'F', 'G', 'H', 'I', 'L', 'M', 'N', 'O', 'P', 'Q', 'R', 'S', 'T', 'U', 'V', 'W', 'Y', 'a', 'arrowright', 'b', 'bar', 'c', 'colon', 'comma', 'copyright', 'd', 'dollar', 'e', 'eight', 'emdash', 'exclam', 'f', 'five', 'four', 'g', 'h', 'hyphen', 'i', 'k', 'l', 'm', 'n', 'nine', 'numbersign', 'o', 'one', 'p', 'parenleft', 'parenright', 'percent', 'period', 'periodcentered', 'plus', 'q', 'quotedbl', 'r', 's', 'seven', 'six', 'slash', 'space', 't', 'three', 'triagup', 'two', 'u', 'uniAC00', 'uniAC04', 'uniAD50', 'uniB2E5', 'uniB4F1', 'uniB808', 'uniB9C1', 'uniBA58', 'uniBAA8', 'uniBAA9', 'uniBC14', 'uniBC18', 'uniC190', 'uniC2DC', 'uniC775', 'uniC77C', 'uniC808', 'uniCCB4', 'uniD140', 'uniD2B8', 'uniD45C', 'v', 'w', 'x', 'y', 'zero']
2026-06-12 08:49:23,439 [INFO] fontTools.subset — Glyph IDs:   [0, 1, 2, 3, 4, 5, 8, 9, 11, 12, 13, 14, 15, 16, 17, 18, 19, 20, 21, 22, 23, 24, 25, 26, 33, 34, 35, 36, 37, 38, 39, 40, 41, 44, 45, 46, 47, 48, 49, 50, 51, 52, 53, 54, 55, 57, 64, 65, 66, 67, 68, 69, 70, 71, 72, 74, 75, 76, 77, 78, 79, 80, 81, 82, 83, 84, 85, 86, 87, 88, 91, 96, 99, 104, 159, 162, 495, 497, 607, 928, 1042, 1177, 1267, 1310, 1326, 1327, 1397, 1401, 1675, 1751, 2043, 2045, 2091, 2308, 2518, 2576, 2661, 13296]
2026-06-12 08:49:23,440 [INFO] fontTools.subset — Retaining 98 glyphs
2026-06-12 08:49:23,440 [INFO] fontTools.subset — head subsetting not needed
2026-06-12 08:49:23,441 [INFO] fontTools.subset — hhea subsetting not needed
2026-06-12 08:49:23,441 [INFO] fontTools.subset — maxp subsetting not needed
2026-06-12 08:49:23,441 [INFO] fontTools.subset — OS/2 subsetting not needed
2026-06-12 08:49:23,441 [INFO] fontTools.subset — hmtx subsetted
2026-06-12 08:49:23,443 [INFO] fontTools.subset — cmap subsetted
2026-06-12 08:49:23,443 [INFO] fontTools.subset — fpgm subsetting not needed
2026-06-12 08:49:23,443 [INFO] fontTools.subset — prep subsetting not needed
2026-06-12 08:49:23,443 [INFO] fontTools.subset — cvt  subsetting not needed
2026-06-12 08:49:23,443 [INFO] fontTools.subset — loca subsetting not needed
2026-06-12 08:49:23,443 [INFO] fontTools.subset — post subsetted
2026-06-12 08:49:23,443 [INFO] fontTools.subset — gasp subsetting not needed
2026-06-12 08:49:23,443 [INFO] fontTools.subset — name subsetting not needed
2026-06-12 08:49:23,446 [INFO] fontTools.subset — glyf subsetted
2026-06-12 08:49:23,446 [INFO] fontTools.subset — head pruned
2026-06-12 08:49:23,447 [INFO] fontTools.subset — OS/2 Unicode ranges pruned: [0, 1, 31, 37, 45, 56]
2026-06-12 08:49:23,447 [INFO] fontTools.subset — OS/2 CodePage ranges pruned: [0]
2026-06-12 08:49:23,448 [INFO] fontTools.subset — glyf pruned
2026-06-12 08:49:23,448 [INFO] fontTools.subset — name pruned
2026-06-12 08:49:23,466 [WARNING] fpdf.output — Font MPDFAA+NanumGothicBold is missing the following glyphs: '📈' (\U0001f4c8), '📉' (\U0001f4c9)
2026-06-12 08:49:23,467 [INFO] fontTools.subset — maxp pruned
2026-06-12 08:49:23,467 [INFO] fontTools.subset — cmap pruned
2026-06-12 08:49:23,467 [INFO] fontTools.subset — post pruned
2026-06-12 08:49:23,467 [INFO] fontTools.subset — DSIG dropped
2026-06-12 08:49:23,467 [INFO] fontTools.subset — GPOS dropped
2026-06-12 08:49:23,467 [INFO] fontTools.subset — GSUB dropped
2026-06-12 08:49:23,467 [INFO] fontTools.subset — glyf pruned
2026-06-12 08:49:23,468 [INFO] fontTools.subset — Added gid0 to subset
2026-06-12 08:49:23,468 [INFO] fontTools.subset — Added first four glyphs to subset
2026-06-12 08:49:23,468 [INFO] fontTools.subset — Closing glyph list over 'glyf': 99 glyphs before
2026-06-12 08:49:23,468 [INFO] fontTools.subset — Glyph names: ['.notdef', 'A', 'B', 'C', 'D', 'E', 'F', 'G', 'H', 'I', 'J', 'K', 'L', 'M', 'N', 'O', 'P', 'Q', 'R', 'S', 'T', 'U', 'V', 'W', 'X', 'Y', 'Z', 'a', 'ampersand', 'b', 'c', 'colon', 'd', 'dollar', 'e', 'eight', 'emdash', 'equal', 'exclam', 'f', 'five', 'four', 'g', 'h', 'hyphen', 'i', 'j', 'k', 'l', 'm', 'n', 'nine', 'numbersign', 'o', 'one', 'p', 'parenleft', 'parenright', 'percent', 'period', 'periodcentered', 'plus', 'q', 'quotedbl', 'quotesingle', 'r', 's', 'seven', 'six', 'slash', 'space', 't', 'three', 'two', 'u', 'uni2605', 'uniB20C', 'uniB2E5', 'uniB370', 'uniB4DC', 'uniB4F1', 'uniB85C', 'uniB9BC', 'uniBA58', 'uniBAA8', 'uniBAA9', 'uniBC14', 'uniBC18', 'uniBC30', 'uniC2A4', 'uniC5F4', 'uniC815', 'uniD06C', 'uniD140', 'v', 'w', 'x', 'y', 'zero']
2026-06-12 08:49:23,469 [INFO] fontTools.subset — Glyph IDs:   [0, 1, 2, 3, 4, 5, 6, 7, 8, 9, 11, 13, 14, 15, 16, 17, 18, 19, 20, 21, 22, 23, 24, 25, 26, 29, 33, 34, 35, 36, 37, 38, 39, 40, 41, 42, 43, 44, 45, 46, 47, 48, 49, 50, 51, 52, 53, 54, 55, 56, 57, 58, 64, 65, 66, 67, 68, 69, 70, 71, 72, 73, 74, 75, 76, 77, 78, 79, 80, 81, 82, 83, 84, 85, 86, 87, 88, 99, 104, 150, 881, 926, 967, 1031, 1040, 1196, 1262, 1308, 1324, 1325, 1395, 1399, 1410, 1740, 1915, 2094, 2475, 2516, 13533]
2026-06-12 08:49:23,469 [INFO] fontTools.subset — Closed glyph list over 'glyf': 99 glyphs after
2026-06-12 08:49:23,469 [INFO] fontTools.subset — Glyph names: ['.notdef', 'A', 'B', 'C', 'D', 'E', 'F', 'G', 'H', 'I', 'J', 'K', 'L', 'M', 'N', 'O', 'P', 'Q', 'R', 'S', 'T', 'U', 'V', 'W', 'X', 'Y', 'Z', 'a', 'ampersand', 'b', 'c', 'colon', 'd', 'dollar', 'e', 'eight', 'emdash', 'equal', 'exclam', 'f', 'five', 'four', 'g', 'h', 'hyphen', 'i', 'j', 'k', 'l', 'm', 'n', 'nine', 'numbersign', 'o', 'one', 'p', 'parenleft', 'parenright', 'percent', 'period', 'periodcentered', 'plus', 'q', 'quotedbl', 'quotesingle', 'r', 's', 'seven', 'six', 'slash', 'space', 't', 'three', 'two', 'u', 'uni2605', 'uniB20C', 'uniB2E5', 'uniB370', 'uniB4DC', 'uniB4F1', 'uniB85C', 'uniB9BC', 'uniBA58', 'uniBAA8', 'uniBAA9', 'uniBC14', 'uniBC18', 'uniBC30', 'uniC2A4', 'uniC5F4', 'uniC815', 'uniD06C', 'uniD140', 'v', 'w', 'x', 'y', 'zero']
2026-06-12 08:49:23,469 [INFO] fontTools.subset — Glyph IDs:   [0, 1, 2, 3, 4, 5, 6, 7, 8, 9, 11, 13, 14, 15, 16, 17, 18, 19, 20, 21, 22, 23, 24, 25, 26, 29, 33, 34, 35, 36, 37, 38, 39, 40, 41, 42, 43, 44, 45, 46, 47, 48, 49, 50, 51, 52, 53, 54, 55, 56, 57, 58, 64, 65, 66, 67, 68, 69, 70, 71, 72, 73, 74, 75, 76, 77, 78, 79, 80, 81, 82, 83, 84, 85, 86, 87, 88, 99, 104, 150, 881, 926, 967, 1031, 1040, 1196, 1262, 1308, 1324, 1325, 1395, 1399, 1410, 1740, 1915, 2094, 2475, 2516, 13533]
2026-06-12 08:49:23,469 [INFO] fontTools.subset — Retaining 99 glyphs
2026-06-12 08:49:23,470 [INFO] fontTools.subset — head subsetting not needed
2026-06-12 08:49:23,470 [INFO] fontTools.subset — hhea subsetting not needed
2026-06-12 08:49:23,470 [INFO] fontTools.subset — maxp subsetting not needed
2026-06-12 08:49:23,470 [INFO] fontTools.subset — OS/2 subsetting not needed
2026-06-12 08:49:23,470 [INFO] fontTools.subset — hmtx subsetted
2026-06-12 08:49:23,472 [INFO] fontTools.subset — cmap subsetted
2026-06-12 08:49:23,472 [INFO] fontTools.subset — fpgm subsetting not needed
2026-06-12 08:49:23,472 [INFO] fontTools.subset — prep subsetting not needed
2026-06-12 08:49:23,472 [INFO] fontTools.subset — cvt  subsetting not needed
2026-06-12 08:49:23,472 [INFO] fontTools.subset — loca subsetting not needed
2026-06-12 08:49:23,472 [INFO] fontTools.subset — post subsetted
2026-06-12 08:49:23,472 [INFO] fontTools.subset — gasp subsetting not needed
2026-06-12 08:49:23,472 [INFO] fontTools.subset — name subsetting not needed
2026-06-12 08:49:23,475 [INFO] fontTools.subset — glyf subsetted
2026-06-12 08:49:23,475 [INFO] fontTools.subset — head pruned
2026-06-12 08:49:23,475 [INFO] fontTools.subset — OS/2 Unicode ranges pruned: [0, 1, 31, 46, 56]
2026-06-12 08:49:23,475 [INFO] fontTools.subset — OS/2 CodePage ranges pruned: [0]
2026-06-12 08:49:23,476 [INFO] fontTools.subset — glyf pruned
2026-06-12 08:49:23,477 [INFO] fontTools.subset — name pruned
[Unified PT] PDF 리포트 생성 완료 (117,668 bytes)
[시장분석] 51개 종목 데이터 수집 중...
2026-06-12 08:49:29,980 [WARNING] data.fetch — [fetch_analyst_data] RXO: 'dict' object has no attribute 'empty'
2026-06-12 08:49:30,015 [WARNING] data.fetch — [fetch_analyst_data] GEV: 'dict' object has no attribute 'empty'
2026-06-12 08:49:30,078 [WARNING] data.fetch — [fetch_analyst_data] KRMN: 'dict' object has no attribute 'empty'
2026-06-12 08:49:30,108 [WARNING] data.fetch — [fetch_analyst_data] LASE: 'dict' object has no attribute 'empty'
2026-06-12 08:49:30,111 [WARNING] data.fetch — [fetch_analyst_data] CME: 'dict' object has no attribute 'empty'
2026-06-12 08:49:36,356 [WARNING] data.fetch — [fetch_analyst_data] BRK-B: 'dict' object has no attribute 'empty'
2026-06-12 08:49:36,405 [WARNING] data.fetch — [fetch_analyst_data] V: 'dict' object has no attribute 'empty'
2026-06-12 08:49:36,471 [WARNING] data.fetch — [fetch_analyst_data] AXP: 'dict' object has no attribute 'empty'
2026-06-12 08:49:36,507 [WARNING] data.fetch — [fetch_analyst_data] WELL: 'dict' object has no attribute 'empty'
2026-06-12 08:49:36,553 [WARNING] data.fetch — [fetch_analyst_data] WFC: 'dict' object has no attribute 'empty'
2026-06-12 08:49:42,723 [WARNING] data.fetch — [fetch_analyst_data] SBUX: 'dict' object has no attribute 'empty'
2026-06-12 08:49:42,746 [WARNING] data.fetch — [fetch_analyst_data] AMGN: 'dict' object has no attribute 'empty'
2026-06-12 08:49:42,861 [WARNING] data.fetch — [fetch_analyst_data] PG: 'dict' object has no attribute 'empty'
2026-06-12 08:49:42,973 [WARNING] data.fetch — [fetch_analyst_data] JNJ: 'dict' object has no attribute 'empty'
2026-06-12 08:49:42,983 [WARNING] data.fetch — [fetch_analyst_data] JPM: 'dict' object has no attribute 'empty'
2026-06-12 08:49:49,067 [WARNING] data.fetch — [fetch_analyst_data] NUVL: 'dict' object has no attribute 'empty'
2026-06-12 08:49:49,130 [WARNING] data.fetch — [fetch_analyst_data] TJX: 'dict' object has no attribute 'empty'
2026-06-12 08:49:49,183 [WARNING] data.fetch — [fetch_analyst_data] LAUR: 'dict' object has no attribute 'empty'
2026-06-12 08:49:49,367 [WARNING] data.fetch — [fetch_analyst_data] SCHW: 'dict' object has no attribute 'empty'
2026-06-12 08:49:49,428 [WARNING] data.fetch — [fetch_analyst_data] RTX: 'dict' object has no attribute 'empty'
2026-06-12 08:49:55,487 [WARNING] data.fetch — [fetch_analyst_data] TEM: 'dict' object has no attribute 'empty'
2026-06-12 08:49:55,534 [WARNING] data.fetch — [fetch_analyst_data] HD: 'dict' object has no attribute 'empty'
2026-06-12 08:49:55,536 [WARNING] data.fetch — [fetch_analyst_data] FRMI: 'dict' object has no attribute 'empty'
2026-06-12 08:49:55,791 [WARNING] data.fetch — [fetch_analyst_data] MCD: 'dict' object has no attribute 'empty'
2026-06-12 08:49:55,854 [WARNING] data.fetch — [fetch_analyst_data] MDT: 'dict' object has no attribute 'empty'
2026-06-12 08:50:01,886 [WARNING] data.fetch — [fetch_analyst_data] SYK: 'dict' object has no attribute 'empty'
2026-06-12 08:50:01,905 [WARNING] data.fetch — [fetch_analyst_data] FLUT: 'dict' object has no attribute 'empty'
2026-06-12 08:50:01,950 [WARNING] data.fetch — [fetch_analyst_data] MCK: 'dict' object has no attribute 'empty'
2026-06-12 08:50:02,167 [WARNING] data.fetch — [fetch_analyst_data] NKE: 'dict' object has no attribute 'empty'
2026-06-12 08:50:02,204 [WARNING] data.fetch — [fetch_analyst_data] ABT: 'dict' object has no attribute 'empty'
2026-06-12 08:50:08,231 [WARNING] data.fetch — [fetch_analyst_data] CAR: 'dict' object has no attribute 'empty'
2026-06-12 08:50:08,264 [WARNING] data.fetch — [fetch_analyst_data] INHD: 'dict' object has no attribute 'empty'
2026-06-12 08:50:08,327 [WARNING] data.fetch — [fetch_analyst_data] FLO: 'dict' object has no attribute 'empty'
2026-06-12 08:50:08,454 [WARNING] data.fetch — [fetch_analyst_data] SMCI: 'dict' object has no attribute 'empty'
2026-06-12 08:50:08,545 [WARNING] data.fetch — [fetch_analyst_data] HIW: 'dict' object has no attribute 'empty'
2026-06-12 08:50:14,517 [WARNING] data.fetch — [fetch_analyst_data] CRCL: 'dict' object has no attribute 'empty'
2026-06-12 08:50:14,582 [WARNING] data.fetch — [fetch_analyst_data] SMMT: 'dict' object has no attribute 'empty'
2026-06-12 08:50:14,620 [WARNING] data.fetch — [fetch_analyst_data] SLNH: 'dict' object has no attribute 'empty'
2026-06-12 08:50:14,836 [WARNING] data.fetch — [fetch_analyst_data] BA: 'dict' object has no attribute 'empty'
2026-06-12 08:50:14,870 [WARNING] data.fetch — [fetch_analyst_data] ORCL: 'dict' object has no attribute 'empty'
2026-06-12 08:50:20,891 [WARNING] data.fetch — [fetch_analyst_data] ASH: 'dict' object has no attribute 'empty'
2026-06-12 08:50:20,942 [WARNING] data.fetch — [fetch_analyst_data] ASPI: 'dict' object has no attribute 'empty'
2026-06-12 08:50:20,950 [WARNING] data.fetch — [fetch_analyst_data] DIS: 'dict' object has no attribute 'empty'
2026-06-12 08:50:21,201 [WARNING] data.fetch — [fetch_analyst_data] CRML: 'dict' object has no attribute 'empty'
2026-06-12 08:50:21,205 [WARNING] data.fetch — [fetch_analyst_data] TSLA: 'dict' object has no attribute 'empty'
2026-06-12 08:50:27,178 [WARNING] data.fetch — [fetch_analyst_data] LAC: 'dict' object has no attribute 'empty'
2026-06-12 08:50:27,288 [WARNING] data.fetch — [fetch_analyst_data] SNPS: 'dict' object has no attribute 'empty'
2026-06-12 08:50:27,317 [WARNING] data.fetch — [fetch_analyst_data] META: 'dict' object has no attribute 'empty'
2026-06-12 08:50:27,522 [WARNING] data.fetch — [fetch_analyst_data] GOOG: 'dict' object has no attribute 'empty'
2026-06-12 08:50:27,582 [WARNING] data.fetch — [fetch_analyst_data] RCL: 'dict' object has no attribute 'empty'
2026-06-12 08:50:33,488 [WARNING] data.fetch — [fetch_analyst_data] GOOGL: 'dict' object has no attribute 'empty'
[시장분석] enrichment 완료
[Email] 페이퍼 트레이딩 알림 발송 완료 (PDF 첨부) (매도 0건, 매수 1건, 재평가 0건, 재평가실패 0건, 후보 5건) → chunghwan14@gmail.com, roykim0311@gmail.com, ssamjungtan@naver.com
============================================================
[Unified Paper Trading] 완료
============================================================
