============================================================
[Unified Paper Trading] SP500 + NASDAQ/NYSE 통합 실행 시작
============================================================
2026-08-26 05:29:20,917 [INFO] paper_trading.runner — [Runner] SP500 snapshot 로드: 128개 종목
[Unified PT] SP500 snapshot 로드: 128개 종목
2026-08-26 05:29:20,927 [INFO] paper_trading.runner — [Runner] NASDAQ snapshot 로드: 223개 종목
[Unified PT] NASDAQ snapshot 로드: 223개 종목
[Unified PT] 합산 완료: 343개 종목 (SP500 128 + NASDAQ 223개, 중복 제거 후)
[Unified PT] 골든크로스임박 종목: 44개
2026-08-26 05:29:22,450 [INFO] paper_trading.candidate_selector — [전략점수 분포] ~4.0: 119 | 4.0~5.0: 35 | 5.0~5.5: 18 | 5.5~6.0: 15 | 6.0+: 156
2026-08-26 05:29:22,466 [INFO] paper_trading.candidate_selector — [CandidateSelector] Regime=bull | Filtered=5/343 | Selected: XOM (CCS=0.6606)
2026-08-26 05:29:22,477 [INFO] paper_trading.engine — [PaperTrading] 교체 기준 미달 — 매수 안 함
[Unified PT] 매도=0 매수=0 보유=3종목
[Unified PT] 레짐=bull | 필터={'전략점수<6.0': 187, '바닥반등_52주과열': 1, '판단등급_미달': 147, '과열_차단': 1, '유동성_부족': 0, '어닝_임박': 0, '보유_중복': 0, '모멘텀_ADX부족': 1, '바닥_RSI데드존': 1, '섹터_집중': 0, '_통과': 5, '_전체': 343}
[Unified PT] 스킵 사유: 교체_미달
[Unified PT] Top5 후보:
  XOM    CCS=0.6606 전략=📈 모멘텀 섹터=Energy
  CVX    CCS=0.6381 전략=📈 모멘텀 섹터=Energy
  NXPI   CCS=0.5182 전략=📉 바닥반등 섹터=Technology
  YSS    CCS=0.4803 전략=📉 바닥반등 섹터=Industrials
  LINC   CCS=0.4407 전략=📉 바닥반등 섹터=Consumer Defensive
2026-08-26 05:29:23,775 [INFO] paper_trading.sheet_sync — [SheetSync] 포지션현황 업데이트: 3개 종목
2026-08-26 05:29:24,968 [INFO] paper_trading.sheet_sync — [SheetSync] 성과요약 업데이트: 39건 거래
[Unified PT] 구글 시트 동기화 완료
[시장분석] 52개 종목 데이터 수집 중...
2026-08-26 05:29:31,931 [WARNING] data.fetch — [fetch_analyst_data] YSS: 'dict' object has no attribute 'empty'
2026-08-26 05:29:31,987 [WARNING] data.fetch — [fetch_analyst_data] LINC: 'dict' object has no attribute 'empty'
2026-08-26 05:29:32,017 [WARNING] data.fetch — [fetch_analyst_data] NXPI: 'dict' object has no attribute 'empty'
2026-08-26 05:29:32,039 [WARNING] data.fetch — [fetch_analyst_data] CVX: 'dict' object has no attribute 'empty'
2026-08-26 05:29:32,063 [WARNING] data.fetch — [fetch_analyst_data] XOM: 'dict' object has no attribute 'empty'
2026-08-26 05:29:38,624 [WARNING] data.fetch — [fetch_analyst_data] RZLV: 'dict' object has no attribute 'empty'
2026-08-26 05:29:38,735 [WARNING] data.fetch — [fetch_analyst_data] DUOL: 'dict' object has no attribute 'empty'
2026-08-26 05:29:38,746 [WARNING] data.fetch — [fetch_analyst_data] HD: 'dict' object has no attribute 'empty'
2026-08-26 05:29:38,811 [WARNING] data.fetch — [fetch_analyst_data] ABT: 'dict' object has no attribute 'empty'
2026-08-26 05:29:38,851 [WARNING] data.fetch — [fetch_analyst_data] NIQ: 'dict' object has no attribute 'empty'
2026-08-26 05:29:45,270 [WARNING] data.fetch — [fetch_analyst_data] MELI: 'dict' object has no attribute 'empty'
2026-08-26 05:29:45,516 [WARNING] data.fetch — [fetch_analyst_data] LIF: 'dict' object has no attribute 'empty'
2026-08-26 05:29:45,544 [WARNING] data.fetch — [fetch_analyst_data] SMCI: 'dict' object has no attribute 'empty'
2026-08-26 05:29:45,583 [WARNING] data.fetch — [fetch_analyst_data] DHR: 'dict' object has no attribute 'empty'
2026-08-26 05:29:45,702 [WARNING] data.fetch — [fetch_analyst_data] SPGI: 'dict' object has no attribute 'empty'
2026-08-26 05:29:51,936 [WARNING] data.fetch — [fetch_analyst_data] WDAY: 'dict' object has no attribute 'empty'
2026-08-26 05:29:52,264 [WARNING] data.fetch — [fetch_analyst_data] SYK: 'dict' object has no attribute 'empty'
2026-08-26 05:29:52,293 [WARNING] data.fetch — [fetch_analyst_data] DIS: 'dict' object has no attribute 'empty'
2026-08-26 05:29:52,315 [WARNING] data.fetch — [fetch_analyst_data] UBER: 'dict' object has no attribute 'empty'
2026-08-26 05:29:52,363 [WARNING] data.fetch — [fetch_analyst_data] SOUN: 'dict' object has no attribute 'empty'
2026-08-26 05:29:58,701 [WARNING] data.fetch — [fetch_analyst_data] COIN: 'dict' object has no attribute 'empty'
2026-08-26 05:29:58,983 [WARNING] data.fetch — [fetch_analyst_data] COST: 'dict' object has no attribute 'empty'
2026-08-26 05:29:59,125 [WARNING] data.fetch — [fetch_analyst_data] PEP: 'dict' object has no attribute 'empty'
2026-08-26 05:29:59,151 [WARNING] data.fetch — [fetch_analyst_data] CSGP: 'dict' object has no attribute 'empty'
2026-08-26 05:29:59,185 [WARNING] data.fetch — [fetch_analyst_data] BLSH: 'dict' object has no attribute 'empty'
2026-08-26 05:30:05,392 [WARNING] data.fetch — [fetch_analyst_data] Z: 'dict' object has no attribute 'empty'
2026-08-26 05:30:05,641 [WARNING] data.fetch — [fetch_analyst_data] HYMC: 'dict' object has no attribute 'empty'
2026-08-26 05:30:05,789 [WARNING] data.fetch — [fetch_analyst_data] EZPW: 'dict' object has no attribute 'empty'
2026-08-26 05:30:05,869 [WARNING] data.fetch — [fetch_analyst_data] CNXC: 'dict' object has no attribute 'empty'
2026-08-26 05:30:05,895 [WARNING] data.fetch — [fetch_analyst_data] TMUS: 'dict' object has no attribute 'empty'
2026-08-26 05:30:12,148 [WARNING] data.fetch — [fetch_analyst_data] ZG: 'dict' object has no attribute 'empty'
2026-08-26 05:30:12,299 [WARNING] data.fetch — [fetch_analyst_data] UPST: 'dict' object has no attribute 'empty'
2026-08-26 05:30:12,426 [WARNING] data.fetch — [fetch_analyst_data] DXYZ: 'dict' object has no attribute 'empty'
2026-08-26 05:30:12,608 [WARNING] data.fetch — [fetch_analyst_data] CPNG: 'dict' object has no attribute 'empty'
2026-08-26 05:30:12,672 [WARNING] data.fetch — [fetch_analyst_data] MRVL: 'dict' object has no attribute 'empty'
2026-08-26 05:30:18,801 [WARNING] data.fetch — [fetch_analyst_data] MSTR: 'dict' object has no attribute 'empty'
2026-08-26 05:30:19,037 [WARNING] data.fetch — [fetch_analyst_data] IBM: 'dict' object has no attribute 'empty'
2026-08-26 05:30:19,078 [WARNING] data.fetch — [fetch_analyst_data] SMR: 'dict' object has no attribute 'empty'
2026-08-26 05:30:19,271 [WARNING] data.fetch — [fetch_analyst_data] NTLA: 'dict' object has no attribute 'empty'
2026-08-26 05:30:19,534 [WARNING] data.fetch — [fetch_analyst_data] ORCL: 'dict' object has no attribute 'empty'
2026-08-26 05:30:25,662 [WARNING] data.fetch — [fetch_analyst_data] FMC: 'dict' object has no attribute 'empty'
2026-08-26 05:30:25,765 [WARNING] data.fetch — [fetch_analyst_data] TSLA: 'dict' object has no attribute 'empty'
2026-08-26 05:30:25,882 [WARNING] data.fetch — [fetch_analyst_data] BTBT: 'dict' object has no attribute 'empty'
2026-08-26 05:30:25,933 [WARNING] data.fetch — [fetch_analyst_data] NNE: 'dict' object has no attribute 'empty'
2026-08-26 05:30:26,302 [WARNING] data.fetch — [fetch_analyst_data] HIVE: 'dict' object has no attribute 'empty'
2026-08-26 05:30:32,417 [WARNING] data.fetch — [fetch_analyst_data] CLRO: 'dict' object has no attribute 'empty'
2026-08-26 05:30:32,501 [WARNING] data.fetch — [fetch_analyst_data] PG: 'dict' object has no attribute 'empty'
2026-08-26 05:30:32,613 [WARNING] data.fetch — [fetch_analyst_data] BTDR: 'dict' object has no attribute 'empty'
2026-08-26 05:30:32,639 [WARNING] data.fetch — [fetch_analyst_data] NOW: 'dict' object has no attribute 'empty'
2026-08-26 05:30:32,957 [WARNING] data.fetch — [fetch_analyst_data] ARWR: 'dict' object has no attribute 'empty'
2026-08-26 05:30:39,099 [WARNING] data.fetch — [fetch_analyst_data] CVS: 'dict' object has no attribute 'empty'
2026-08-26 05:30:39,235 [WARNING] data.fetch — [fetch_analyst_data] WYFI: 'dict' object has no attribute 'empty'
[시장분석] enrichment 완료
[Email] 페이퍼 트레이딩 알림 발송 완료 (매도 0건, 매수 0건, 재평가 0건, 재평가실패 0건, 후보 5건) → chunghwan14@gmail.com, roykim0311@gmail.com, ssamjungtan@naver.com
============================================================
[Unified Paper Trading] 완료
============================================================
