[OHLCV] 배치 다운로드 1/4 (150개 종목, period=5y)...
[OHLCV] 배치 다운로드 2/4 (150개 종목, period=5y)...
[OHLCV] 배치 다운로드 3/4 (150개 종목, period=5y)...
[OHLCV] 배치 다운로드 4/4 (68개 종목, period=5y)...
[DataValidator] 9건의 데이터 품질 경고 발생
Warning:  GL: 비정상 가격 변동 53.1% (2024-04-11) — 스플릿/데이터 오류 가능
Warning:  HOOD: 비정상 가격 변동 50.4% (2021-08-04) — 스플릿/데이터 오류 가능
Warning:  KVUE: Close NaN 비율 40.4% (기준: 30%)
Warning:  VLTO: Close NaN 비율 48.7% (기준: 30%)
Warning:  DAY: Close NaN 비율 100.0% (기준: 30%)
Warning:  GEHC: Close NaN 비율 32.8% (기준: 30%)
Warning:  GEV: Close NaN 비율 58.3% (기준: 30%)
Warning:  PDD: 비정상 가격 변동 56.1% (2022-03-16) — 스플릿/데이터 오류 가능
Warning:  SOLV: Close NaN 비율 58.2% (기준: 30%)
[[SP500 분석]] 강한 섹터: {'Information Technology'}
[[SP500 분석]] Extreme model 'label_low' walk-forward ROC 0.64, AP 0.33
[[SP500 분석]] Extreme model 'label_high' walk-forward ROC 0.63, AP 0.23
[[SP500 분석]] Google Sheets 업데이트 완료
[Email] 바닥반등 19개 + 모멘텀 53개 = 총 72개 종목 리스트를 chunghwan14@gmail.com, roykim0311@gmail.com, ssamjungtan@naver.com로 발송 완료
[[SP500 분석]] Signals 결과 기반 차트분석 종목 리스트 생성 중...
[Dynamic Portfolio] 생성된 차트분석 종목 리스트(73개): ['NBM.V', 'INTC', 'UNH', 'AMD', 'CME', 'GE', 'CDNS', 'RCL', 'NXPI', 'VZ', 'BAC', 'MRVL', 'QQQ', 'T', 'JPM', 'LIN', 'COST', 'GLW', 'BA', 'KO', 'NEE', 'AMZN', 'GOOG', 'NVDA', 'WMT', 'VLO', 'CVX', 'C', 'KLAC', 'PG', 'OXY', 'NEM', 'UNP', 'TJX', 'SLB', 'STX', 'NOW', 'ETN', 'GILD', 'DE', 'META', 'HOOD', 'SBUX', 'APH', 'GOOGL', 'NKE', 'GEV', 'SPY', 'UAL', 'MPWR', 'MS', 'JNJ', 'GS', 'CAT', 'ANET', 'LRCX', 'ASML', 'FCX', 'MU', 'TXN', 'TER', 'ADI', 'COP', 'ACN', 'MCHP', 'AAPL', 'AMAT', 'IWM', 'WDC', 'DELL', 'CSCO', 'ON', 'AVGO']
[[SP500 차트분석]] [SP500 분석] 결과 기반 [SP500 차트분석] 시트 생성 중 (73개 종목)...
[[SP500 차트분석]] [SP500 분석]에 없는 종목은 별도 분석: ['NBM.V']
[DataValidator] 1건의 데이터 품질 경고 발생
Warning:  NBM.V: 비정상 가격 변동 56.3% (2024-09-25) — 스플릿/데이터 오류 가능
[[SP500 차트분석]] 강한 섹터: {'Information Technology'}
[[SP500 차트분석]] Extreme model 'global' skipped: insufficient_tickers
[[SP500 차트분석]] 기존 차트 파일 삭제 중...
[[SP500 차트분석]] 차트 저장 디렉토리 준비 완료: charts/screenshots
[[SP500 차트분석]] TradingView 차트 캡처 시작...
[[SP500 차트분석]] 73개 종목 차트 캡처 중...
[TradingView] IWM 브라우저 세션 시작...
[TradingView] 1H 캡처 완료 (60)
[TradingView] 4H 캡처 완료 (240)
[TradingView] Daily 캡처 완료 (D)
[TradingView] Weekly 캡처 완료 (W)
[TradingView] Monthly 캡처 완료 (M)
[[SP500 차트분석]] IWM 차트 5개 처리 완료
[TradingView] MCHP 브라우저 세션 시작...
[TradingView] 1H 캡처 완료 (60)
[TradingView] 4H 캡처 완료 (240)
[TradingView] Daily 캡처 완료 (D)
[TradingView] Weekly 캡처 완료 (W)
[TradingView] Monthly 캡처 완료 (M)
[[SP500 차트분석]] MCHP 차트 5개 처리 완료
[TradingView] WDC 브라우저 세션 시작...
[TradingView] 1H 캡처 완료 (60)
[TradingView] 4H 캡처 완료 (240)
[TradingView] Daily 캡처 완료 (D)
[TradingView] Weekly 캡처 완료 (W)
[TradingView] Monthly 캡처 완료 (M)
[[SP500 차트분석]] WDC 차트 5개 처리 완료
[TradingView] MPWR 브라우저 세션 시작...
[TradingView] 1H 캡처 완료 (60)
[TradingView] 4H 캡처 완료 (240)
[TradingView] Daily 캡처 완료 (D)
[TradingView] Weekly 캡처 완료 (W)
[TradingView] Monthly 캡처 완료 (M)
[[SP500 차트분석]] MPWR 차트 5개 처리 완료
[TradingView] GEV 브라우저 세션 시작...
[TradingView] 1H 캡처 완료 (60)
[TradingView] 4H 캡처 완료 (240)
[TradingView] Daily 캡처 완료 (D)
[TradingView] Weekly 캡처 완료 (W)
[TradingView] Monthly 캡처 완료 (M)
[[SP500 차트분석]] GEV 차트 5개 처리 완료
[TradingView] GOOGL 브라우저 세션 시작...
[TradingView] 1H 캡처 완료 (60)
[TradingView] 4H 캡처 완료 (240)
[TradingView] Daily 캡처 완료 (D)
[TradingView] Weekly 캡처 완료 (W)
[TradingView] Monthly 캡처 완료 (M)
[[SP500 차트분석]] GOOGL 차트 5개 처리 완료
[TradingView] GOOG 브라우저 세션 시작...
[TradingView] 1H 캡처 완료 (60)
[TradingView] 4H 캡처 완료 (240)
[TradingView] Daily 캡처 완료 (D)
[TradingView] Weekly 캡처 완료 (W)
[TradingView] Monthly 캡처 완료 (M)
[[SP500 차트분석]] GOOG 차트 5개 처리 완료
[TradingView] QQQ 브라우저 세션 시작...
[TradingView] 1H 캡처 완료 (60)
[TradingView] 4H 캡처 완료 (240)
[TradingView] Daily 캡처 완료 (D)
[TradingView] Weekly 캡처 완료 (W)
[TradingView] Monthly 캡처 완료 (M)
[[SP500 차트분석]] QQQ 차트 5개 처리 완료
[TradingView] MRVL 브라우저 세션 시작...
[TradingView] 1H 캡처 완료 (60)
[TradingView] 4H 캡처 완료 (240)
[TradingView] Daily 캡처 완료 (D)
[TradingView] Weekly 캡처 완료 (W)
[TradingView] Monthly 캡처 완료 (M)
[[SP500 차트분석]] MRVL 차트 5개 처리 완료
[TradingView] TXN 브라우저 세션 시작...
[TradingView] 1H 캡처 완료 (60)
[TradingView] 4H 캡처 완료 (240)
[TradingView] Daily 캡처 완료 (D)
[TradingView] Weekly 캡처 완료 (W)
[TradingView] Monthly 캡처 완료 (M)
[[SP500 차트분석]] TXN 차트 5개 처리 완료
[TradingView] MU 브라우저 세션 시작...
[TradingView] 1H 캡처 완료 (60)
[TradingView] 4H 캡처 완료 (240)
[TradingView] Daily 캡처 완료 (D)
[TradingView] Weekly 캡처 완료 (W)
[TradingView] Monthly 캡처 완료 (M)
[[SP500 차트분석]] MU 차트 5개 처리 완료
[TradingView] ANET 브라우저 세션 시작...
[TradingView] 1H 캡처 완료 (60)
[TradingView] 4H 캡처 완료 (240)
[TradingView] Daily 캡처 완료 (D)
[TradingView] Weekly 캡처 완료 (W)
[TradingView] Monthly 캡처 완료 (M)
[[SP500 차트분석]] ANET 차트 5개 처리 완료
[TradingView] ADI 브라우저 세션 시작...
[TradingView] 1H 캡처 완료 (60)
[TradingView] 4H 캡처 완료 (240)
[TradingView] Daily 캡처 완료 (D)
[TradingView] Weekly 캡처 완료 (W)
[TradingView] Monthly 캡처 완료 (M)
[[SP500 차트분석]] ADI 차트 5개 처리 완료
[TradingView] DELL 브라우저 세션 시작...
[TradingView] 1H 캡처 완료 (60)
[TradingView] 4H 캡처 완료 (240)
[TradingView] Daily 캡처 완료 (D)
[TradingView] Weekly 캡처 완료 (W)
[TradingView] Monthly 캡처 완료 (M)
[[SP500 차트분석]] DELL 차트 5개 처리 완료
[TradingView] AVGO 브라우저 세션 시작...
[TradingView] 1H 캡처 완료 (60)
[TradingView] 4H 캡처 완료 (240)
[TradingView] Daily 캡처 완료 (D)
[TradingView] Weekly 캡처 완료 (W)
[TradingView] Monthly 캡처 완료 (M)
[[SP500 차트분석]] AVGO 차트 5개 처리 완료
[TradingView] TER 브라우저 세션 시작...
[TradingView] 1H 캡처 완료 (60)
[TradingView] 4H 캡처 완료 (240)
[TradingView] Daily 캡처 완료 (D)
[TradingView] Weekly 캡처 완료 (W)
[TradingView] Monthly 캡처 완료 (M)
[[SP500 차트분석]] TER 차트 5개 처리 완료
[TradingView] MS 브라우저 세션 시작...
[TradingView] 1H 캡처 완료 (60)
[TradingView] 4H 캡처 완료 (240)
[TradingView] Daily 캡처 완료 (D)
[TradingView] Weekly 캡처 완료 (W)
[TradingView] Monthly 캡처 완료 (M)
[[SP500 차트분석]] MS 차트 5개 처리 완료
[TradingView] KLAC 브라우저 세션 시작...
[TradingView] 1H 캡처 완료 (60)
[TradingView] 4H 캡처 완료 (240)
[TradingView] Daily 캡처 완료 (D)
[TradingView] Weekly 캡처 완료 (W)
[TradingView] Monthly 캡처 완료 (M)
[[SP500 차트분석]] KLAC 차트 5개 처리 완료
[TradingView] SLB 브라우저 세션 시작...
[TradingView] 1H 캡처 완료 (60)
[TradingView] 4H 캡처 완료 (240)
[TradingView] Daily 캡처 완료 (D)
[TradingView] Weekly 캡처 완료 (W)
[TradingView] Monthly 캡처 완료 (M)
[[SP500 차트분석]] SLB 차트 5개 처리 완료
[TradingView] NVDA 브라우저 세션 시작...
[TradingView] 1H 캡처 완료 (60)
[TradingView] 4H 캡처 완료 (240)
[TradingView] Daily 캡처 완료 (D)
[TradingView] Weekly 캡처 완료 (W)
[TradingView] Monthly 캡처 완료 (M)
[[SP500 차트분석]] NVDA 차트 5개 처리 완료
[TradingView] CAT 브라우저 세션 시작...
[TradingView] 1H 캡처 완료 (60)
[TradingView] 4H 캡처 완료 (240)
[TradingView] Daily 캡처 완료 (D)
[TradingView] Weekly 캡처 완료 (W)
[TradingView] Monthly 캡처 완료 (M)
[[SP500 차트분석]] CAT 차트 5개 처리 완료
[TradingView] UNP 브라우저 세션 시작...
[TradingView] 1H 캡처 완료 (60)
[TradingView] 4H 캡처 완료 (240)
[TradingView] Daily 캡처 완료 (D)
[TradingView] Weekly 캡처 완료 (W)
[TradingView] Monthly 캡처 완료 (M)
[[SP500 차트분석]] UNP 차트 5개 처리 완료
[TradingView] ON 브라우저 세션 시작...
[TradingView] 1H 캡처 완료 (60)
[TradingView] 4H 캡처 완료 (240)
[TradingView] Daily 캡처 완료 (D)
[TradingView] Weekly 캡처 완료 (W)
[TradingView] Monthly 캡처 완료 (M)
[[SP500 차트분석]] ON 차트 5개 처리 완료
[TradingView] AMZN 브라우저 세션 시작...
[TradingView] 1H 캡처 완료 (60)
[TradingView] 4H 캡처 완료 (240)
[TradingView] Daily 캡처 완료 (D)
[TradingView] Weekly 캡처 완료 (W)
[TradingView] Monthly 캡처 완료 (M)
[[SP500 차트분석]] AMZN 차트 5개 처리 완료
[TradingView] BAC 브라우저 세션 시작...
[TradingView] 1H 캡처 완료 (60)
[TradingView] 4H 캡처 완료 (240)
[TradingView] Daily 캡처 완료 (D)
[TradingView] Weekly 캡처 완료 (W)
[TradingView] Monthly 캡처 완료 (M)
[[SP500 차트분석]] BAC 차트 5개 처리 완료
[TradingView] APH 브라우저 세션 시작...
[TradingView] 1H 캡처 완료 (60)
[TradingView] 4H 캡처 완료 (240)
[TradingView] Daily 캡처 완료 (D)
[TradingView] Weekly 캡처 완료 (W)
[TradingView] Monthly 캡처 완료 (M)
[[SP500 차트분석]] APH 차트 5개 처리 완료
[TradingView] CSCO 브라우저 세션 시작...
[TradingView] 1H 캡처 완료 (60)
[TradingView] 4H 캡처 완료 (240)
[TradingView] Daily 캡처 완료 (D)
[TradingView] Weekly 캡처 완료 (W)
[TradingView] Monthly 캡처 완료 (M)
[[SP500 차트분석]] CSCO 차트 5개 처리 완료
[TradingView] ETN 브라우저 세션 시작...
[TradingView] 1H 캡처 완료 (60)
[TradingView] 4H 캡처 완료 (240)
[TradingView] Daily 캡처 완료 (D)
[TradingView] Weekly 캡처 완료 (W)
[TradingView] Monthly 캡처 완료 (M)
[[SP500 차트분석]] ETN 차트 5개 처리 완료
[TradingView] GLW 브라우저 세션 시작...
[TradingView] 1H 캡처 완료 (60)
[TradingView] 4H 캡처 완료 (240)
[TradingView] Daily 캡처 완료 (D)
[TradingView] Weekly 캡처 완료 (W)
[TradingView] Monthly 캡처 완료 (M)
[[SP500 차트분석]] GLW 차트 5개 처리 완료
[TradingView] UNH 브라우저 세션 시작...
[TradingView] 1H 캡처 완료 (60)
[TradingView] 4H 캡처 완료 (240)
[TradingView] Daily 캡처 완료 (D)
[TradingView] Weekly 캡처 완료 (W)
[TradingView] Monthly 캡처 완료 (M)
[[SP500 차트분석]] UNH 차트 5개 처리 완료
[TradingView] STX 브라우저 세션 시작...
[TradingView] 1H 캡처 완료 (60)
[TradingView] 4H 캡처 완료 (240)
[TradingView] Daily 캡처 완료 (D)
[TradingView] Weekly 캡처 완료 (W)
[TradingView] Monthly 캡처 완료 (M)
[[SP500 차트분석]] STX 차트 5개 처리 완료
[TradingView] AMD 브라우저 세션 시작...
[TradingView] 1H 캡처 완료 (60)
[TradingView] 4H 캡처 완료 (240)
[TradingView] Daily 캡처 완료 (D)
[TradingView] Weekly 캡처 완료 (W)
[TradingView] Monthly 캡처 완료 (M)
[[SP500 차트분석]] AMD 차트 5개 처리 완료
[TradingView] JPM 브라우저 세션 시작...
[TradingView] 1H 캡처 완료 (60)
[TradingView] 4H 캡처 완료 (240)
[TradingView] Daily 캡처 완료 (D)
[TradingView] Weekly 캡처 완료 (W)
[TradingView] Monthly 캡처 완료 (M)
[[SP500 차트분석]] JPM 차트 5개 처리 완료
[TradingView] SBUX 브라우저 세션 시작...
[TradingView] 1H 캡처 완료 (60)
[TradingView] 4H 캡처 완료 (240)
[TradingView] Daily 캡처 완료 (D)
[TradingView] Weekly 캡처 완료 (W)
[TradingView] Monthly 캡처 완료 (M)
[[SP500 차트분석]] SBUX 차트 5개 처리 완료
[TradingView] LRCX 브라우저 세션 시작...
[TradingView] 1H 캡처 완료 (60)
[TradingView] 4H 캡처 완료 (240)
[TradingView] Daily 캡처 완료 (D)
[TradingView] Weekly 캡처 완료 (W)
[TradingView] Monthly 캡처 완료 (M)
[[SP500 차트분석]] LRCX 차트 5개 처리 완료
[TradingView] AMAT 브라우저 세션 시작...
[TradingView] 1H 캡처 완료 (60)
[TradingView] 4H 캡처 완료 (240)
[TradingView] Daily 캡처 완료 (D)
[TradingView] Weekly 캡처 완료 (W)
[TradingView] Monthly 캡처 완료 (M)
[[SP500 차트분석]] AMAT 차트 5개 처리 완료
[TradingView] C 브라우저 세션 시작...
[TradingView] 1H 캡처 완료 (60)
[TradingView] 4H 캡처 완료 (240)
[TradingView] Daily 캡처 완료 (D)
[TradingView] Weekly 캡처 완료 (W)
[TradingView] Monthly 캡처 완료 (M)
[[SP500 차트분석]] C 차트 5개 처리 완료
[TradingView] GS 브라우저 세션 시작...
[TradingView] 1H 캡처 완료 (60)
[TradingView] 4H 캡처 완료 (240)
[TradingView] Daily 캡처 완료 (D)
[TradingView] Weekly 캡처 완료 (W)
[TradingView] Monthly 캡처 완료 (M)
[[SP500 차트분석]] GS 차트 5개 처리 완료
[TradingView] VLO 브라우저 세션 시작...
[TradingView] 1H 캡처 완료 (60)
[TradingView] 4H 캡처 완료 (240)
[TradingView] Daily 캡처 완료 (D)
[TradingView] Weekly 캡처 완료 (W)
[TradingView] Monthly 캡처 완료 (M)
[[SP500 차트분석]] VLO 차트 5개 처리 완료
[TradingView] WMT 브라우저 세션 시작...
[TradingView] 1H 캡처 완료 (60)
[TradingView] 4H 캡처 완료 (240)
[TradingView] Daily 캡처 완료 (D)
[TradingView] Weekly 캡처 완료 (W)
[TradingView] Monthly 캡처 완료 (M)
[[SP500 차트분석]] WMT 차트 5개 처리 완료
[TradingView] LIN 브라우저 세션 시작...
[TradingView] 1H 캡처 완료 (60)
[TradingView] 4H 캡처 완료 (240)
[TradingView] Daily 캡처 완료 (D)
[TradingView] Weekly 캡처 완료 (W)
[TradingView] Monthly 캡처 완료 (M)
[[SP500 차트분석]] LIN 차트 5개 처리 완료
[TradingView] NXPI 브라우저 세션 시작...
[TradingView] 1H 캡처 완료 (60)
[TradingView] 4H 캡처 완료 (240)
[TradingView] Daily 캡처 완료 (D)
[TradingView] Weekly 캡처 완료 (W)
[TradingView] Monthly 캡처 완료 (M)
[[SP500 차트분석]] NXPI 차트 5개 처리 완료
[TradingView] INTC 브라우저 세션 시작...
[TradingView] 1H 캡처 완료 (60)
[TradingView] 4H 캡처 완료 (240)
[TradingView] Daily 캡처 완료 (D)
[TradingView] Weekly 캡처 완료 (W)
[TradingView] Monthly 캡처 완료 (M)
[[SP500 차트분석]] INTC 차트 5개 처리 완료
[TradingView] SPY 브라우저 세션 시작...
[TradingView] 1H 캡처 완료 (60)
[TradingView] 4H 캡처 완료 (240)
[TradingView] Daily 캡처 완료 (D)
[TradingView] Weekly 캡처 완료 (W)
[TradingView] Monthly 캡처 완료 (M)
[[SP500 차트분석]] SPY 차트 5개 처리 완료
[TradingView] BA 브라우저 세션 시작...
[TradingView] 1H 캡처 완료 (60)
[TradingView] 4H 캡처 완료 (240)
[TradingView] Daily 캡처 완료 (D)
[TradingView] Weekly 캡처 완료 (W)
[TradingView] Monthly 캡처 완료 (M)
[[SP500 차트분석]] BA 차트 5개 처리 완료
[TradingView] COST 브라우저 세션 시작...
[TradingView] 1H 캡처 완료 (60)
[TradingView] 4H 캡처 완료 (240)
[TradingView] Daily 캡처 완료 (D)
[TradingView] Weekly 캡처 완료 (W)
[TradingView] Monthly 캡처 완료 (M)
[[SP500 차트분석]] COST 차트 5개 처리 완료
[TradingView] TJX 브라우저 세션 시작...
[TradingView] 1H 캡처 완료 (60)
[TradingView] 4H 캡처 완료 (240)
[TradingView] Daily 캡처 완료 (D)
[TradingView] Weekly 캡처 완료 (W)
[TradingView] Monthly 캡처 완료 (M)
[[SP500 차트분석]] TJX 차트 5개 처리 완료
[TradingView] DE 브라우저 세션 시작...
[TradingView] 1H 캡처 완료 (60)
[TradingView] 4H 캡처 완료 (240)
[TradingView] Daily 캡처 완료 (D)
[TradingView] Weekly 캡처 완료 (W)
[TradingView] Monthly 캡처 완료 (M)
[[SP500 차트분석]] DE 차트 5개 처리 완료
[TradingView] FCX 브라우저 세션 시작...
[TradingView] 1H 캡처 완료 (60)
[TradingView] 4H 캡처 완료 (240)
[TradingView] Daily 캡처 완료 (D)
[TradingView] Weekly 캡처 완료 (W)
[TradingView] Monthly 캡처 완료 (M)
[[SP500 차트분석]] FCX 차트 5개 처리 완료
[TradingView] CME 브라우저 세션 시작...
[TradingView] 1H 캡처 완료 (60)
[TradingView] 4H 캡처 완료 (240)
[TradingView] Daily 캡처 완료 (D)
[TradingView] Weekly 캡처 완료 (W)
[TradingView] Monthly 캡처 완료 (M)
[[SP500 차트분석]] CME 차트 5개 처리 완료
[TradingView] JNJ 브라우저 세션 시작...
[TradingView] 1H 캡처 완료 (60)
[TradingView] 4H 캡처 완료 (240)
[TradingView] Daily 캡처 완료 (D)
[TradingView] Weekly 캡처 완료 (W)
[TradingView] Monthly 캡처 완료 (M)
[[SP500 차트분석]] JNJ 차트 5개 처리 완료
[TradingView] META 브라우저 세션 시작...
[TradingView] 1H 캡처 완료 (60)
[TradingView] 4H 캡처 완료 (240)
[TradingView] Daily 캡처 완료 (D)
[TradingView] Weekly 캡처 완료 (W)
[TradingView] Monthly 캡처 완료 (M)
[[SP500 차트분석]] META 차트 5개 처리 완료
[TradingView] ACN 브라우저 세션 시작...
[TradingView] 1H 캡처 완료 (60)
[TradingView] 4H 캡처 완료 (240)
[TradingView] Daily 캡처 완료 (D)
[TradingView] Weekly 캡처 완료 (W)
[TradingView] Monthly 캡처 완료 (M)
[[SP500 차트분석]] ACN 차트 5개 처리 완료
[TradingView] KO 브라우저 세션 시작...
[TradingView] 1H 캡처 완료 (60)
[TradingView] 4H 캡처 완료 (240)
[TradingView] Daily 캡처 완료 (D)
[TradingView] Weekly 캡처 완료 (W)
[TradingView] Monthly 캡처 완료 (M)
[[SP500 차트분석]] KO 차트 5개 처리 완료
[TradingView] AAPL 브라우저 세션 시작...
[TradingView] 1H 캡처 완료 (60)
[TradingView] 4H 캡처 완료 (240)
[TradingView] Daily 캡처 완료 (D)
[TradingView] Weekly 캡처 완료 (W)
[TradingView] Monthly 캡처 완료 (M)
[[SP500 차트분석]] AAPL 차트 5개 처리 완료
[TradingView] NEE 브라우저 세션 시작...
[TradingView] 1H 캡처 완료 (60)
[TradingView] 4H 캡처 완료 (240)
[TradingView] Daily 캡처 완료 (D)
[TradingView] Weekly 캡처 완료 (W)
[TradingView] Monthly 캡처 완료 (M)
[[SP500 차트분석]] NEE 차트 5개 처리 완료
[TradingView] COP 브라우저 세션 시작...
[TradingView] 1H 캡처 완료 (60)
[TradingView] 4H 캡처 완료 (240)
[TradingView] Daily 캡처 완료 (D)
[TradingView] Weekly 캡처 완료 (W)
[TradingView] Monthly 캡처 완료 (M)
[[SP500 차트분석]] COP 차트 5개 처리 완료
[TradingView] OXY 브라우저 세션 시작...
[TradingView] 1H 캡처 완료 (60)
[TradingView] 4H 캡처 완료 (240)
[TradingView] Daily 캡처 완료 (D)
[TradingView] Weekly 캡처 완료 (W)
[TradingView] Monthly 캡처 완료 (M)
[[SP500 차트분석]] OXY 차트 5개 처리 완료
[TradingView] VZ 브라우저 세션 시작...
[TradingView] 1H 캡처 완료 (60)
[TradingView] 4H 캡처 완료 (240)
[TradingView] Daily 캡처 완료 (D)
[TradingView] Weekly 캡처 완료 (W)
[TradingView] Monthly 캡처 완료 (M)
[[SP500 차트분석]] VZ 차트 5개 처리 완료
[TradingView] ASML 브라우저 세션 시작...
[TradingView] 1H 캡처 완료 (60)
[TradingView] 4H 캡처 완료 (240)
[TradingView] Daily 캡처 완료 (D)
[TradingView] Weekly 캡처 완료 (W)
[TradingView] Monthly 캡처 완료 (M)
[[SP500 차트분석]] ASML 차트 5개 처리 완료
[TradingView] T 브라우저 세션 시작...
[TradingView] 1H 캡처 완료 (60)
[TradingView] 4H 캡처 완료 (240)
[TradingView] Daily 캡처 완료 (D)
[TradingView] Weekly 캡처 완료 (W)
[TradingView] Monthly 캡처 완료 (M)
[[SP500 차트분석]] T 차트 5개 처리 완료
[TradingView] UAL 브라우저 세션 시작...
[TradingView] 1H 캡처 완료 (60)
[TradingView] 4H 캡처 완료 (240)
[TradingView] Daily 캡처 완료 (D)
[TradingView] Weekly 캡처 완료 (W)
[TradingView] Monthly 캡처 완료 (M)
[[SP500 차트분석]] UAL 차트 5개 처리 완료
[TradingView] PG 브라우저 세션 시작...
[TradingView] 1H 캡처 완료 (60)
[TradingView] 4H 캡처 완료 (240)
[TradingView] Daily 캡처 완료 (D)
[TradingView] Weekly 캡처 완료 (W)
[TradingView] Monthly 캡처 완료 (M)
[[SP500 차트분석]] PG 차트 5개 처리 완료
[TradingView] GE 브라우저 세션 시작...
[TradingView] 1H 캡처 완료 (60)
[TradingView] 4H 캡처 완료 (240)
[TradingView] Daily 캡처 완료 (D)
[TradingView] Weekly 캡처 완료 (W)
[TradingView] Monthly 캡처 완료 (M)
[[SP500 차트분석]] GE 차트 5개 처리 완료
[TradingView] CVX 브라우저 세션 시작...
[TradingView] 1H 캡처 완료 (60)
[TradingView] 4H 캡처 완료 (240)
[TradingView] Daily 캡처 완료 (D)
[TradingView] Weekly 캡처 완료 (W)
[TradingView] Monthly 캡처 완료 (M)
[[SP500 차트분석]] CVX 차트 5개 처리 완료
[TradingView] NEM 브라우저 세션 시작...
[TradingView] 1H 캡처 완료 (60)
[TradingView] 4H 캡처 완료 (240)
[TradingView] Daily 캡처 완료 (D)
[TradingView] Weekly 캡처 완료 (W)
[TradingView] Monthly 캡처 완료 (M)
[[SP500 차트분석]] NEM 차트 5개 처리 완료
[TradingView] HOOD 브라우저 세션 시작...
[TradingView] 1H 캡처 완료 (60)
[TradingView] 4H 캡처 완료 (240)
[TradingView] Daily 캡처 완료 (D)
[TradingView] Weekly 캡처 완료 (W)
[TradingView] Monthly 캡처 완료 (M)
[[SP500 차트분석]] HOOD 차트 5개 처리 완료
[TradingView] CDNS 브라우저 세션 시작...
[TradingView] 1H 캡처 완료 (60)
[TradingView] 4H 캡처 완료 (240)
[TradingView] Daily 캡처 완료 (D)
[TradingView] Weekly 캡처 완료 (W)
[TradingView] Monthly 캡처 완료 (M)
[[SP500 차트분석]] CDNS 차트 5개 처리 완료
[TradingView] NOW 브라우저 세션 시작...
[TradingView] 1H 캡처 완료 (60)
[TradingView] 4H 캡처 완료 (240)
[TradingView] Daily 캡처 완료 (D)
[TradingView] Weekly 캡처 완료 (W)
[TradingView] Monthly 캡처 완료 (M)
[[SP500 차트분석]] NOW 차트 5개 처리 완료
[TradingView] RCL 브라우저 세션 시작...
[TradingView] 1H 캡처 완료 (60)
[TradingView] 4H 캡처 완료 (240)
[TradingView] Daily 캡처 완료 (D)
[TradingView] Weekly 캡처 완료 (W)
[TradingView] Monthly 캡처 완료 (M)
[[SP500 차트분석]] RCL 차트 5개 처리 완료
[TradingView] GILD 브라우저 세션 시작...
[TradingView] 1H 캡처 완료 (60)
[TradingView] 4H 캡처 완료 (240)
[TradingView] Daily 캡처 완료 (D)
[TradingView] Weekly 캡처 완료 (W)
[TradingView] Monthly 캡처 완료 (M)
[[SP500 차트분석]] GILD 차트 5개 처리 완료
[TradingView] NKE 브라우저 세션 시작...
[TradingView] 1H 캡처 완료 (60)
[TradingView] 4H 캡처 완료 (240)
[TradingView] Daily 캡처 완료 (D)
[TradingView] Weekly 캡처 완료 (W)
[TradingView] Monthly 캡처 완료 (M)
[[SP500 차트분석]] NKE 차트 5개 처리 완료
[TradingView] 티커 매핑 적용: NBM.V -> NBM
[TradingView] NBM.V 브라우저 세션 시작...
[TradingView] 1H 캡처 완료 (60)
[TradingView] 4H 캡처 완료 (240)
[TradingView] Daily 캡처 완료 (D)
[TradingView] Weekly 캡처 완료 (W)
[TradingView] Monthly 캡처 완료 (M)
[[SP500 차트분석]] NBM.V 차트 5개 처리 완료
[[SP500 차트분석]] 차트 캡처 완료
[[SP500 차트분석]] GitHub에 차트 이미지 푸시 중...
[main 912fad0] Update chart screenshots 1777525934
 725 files changed, 0 insertions(+), 0 deletions(-)
 delete mode 100644 charts/screenshots/AAPL/AAPL_1H_20260429_045809.png
 create mode 100644 charts/screenshots/AAPL/AAPL_1H_20260430_050259.png
 delete mode 100644 charts/screenshots/AAPL/AAPL_4H_20260429_045809.png
 create mode 100644 charts/screenshots/AAPL/AAPL_4H_20260430_050259.png
 delete mode 100644 charts/screenshots/AAPL/AAPL_Daily_20260429_045809.png
 create mode 100644 charts/screenshots/AAPL/AAPL_Daily_20260430_050259.png
 delete mode 100644 charts/screenshots/AAPL/AAPL_Monthly_20260429_045809.png
 create mode 100644 charts/screenshots/AAPL/AAPL_Monthly_20260430_050259.png
 delete mode 100644 charts/screenshots/AAPL/AAPL_Weekly_20260429_045809.png
 create mode 100644 charts/screenshots/AAPL/AAPL_Weekly_20260430_050259.png
 delete mode 100644 charts/screenshots/ABT/ABT_1H_20260429_050757.png
 delete mode 100644 charts/screenshots/ABT/ABT_4H_20260429_050757.png
 delete mode 100644 charts/screenshots/ABT/ABT_Daily_20260429_050757.png
 delete mode 100644 charts/screenshots/ABT/ABT_Monthly_20260429_050757.png
 delete mode 100644 charts/screenshots/ABT/ABT_Weekly_20260429_050757.png
 create mode 100644 charts/screenshots/ACN/ACN_1H_20260430_050159.png
 create mode 100644 charts/screenshots/ACN/ACN_4H_20260430_050159.png
 create mode 100644 charts/screenshots/ACN/ACN_Daily_20260430_050159.png
 create mode 100644 charts/screenshots/ACN/ACN_Monthly_20260430_050159.png
 create mode 100644 charts/screenshots/ACN/ACN_Weekly_20260430_050159.png
 delete mode 100644 charts/screenshots/ADI/ADI_1H_20260429_044258.png
 create mode 100644 charts/screenshots/ADI/ADI_1H_20260430_044223.png
 delete mode 100644 charts/screenshots/ADI/ADI_4H_20260429_044258.png
 create mode 100644 charts/screenshots/ADI/ADI_4H_20260430_044223.png
 delete mode 100644 charts/screenshots/ADI/ADI_Daily_20260429_044258.png
 create mode 100644 charts/screenshots/ADI/ADI_Daily_20260430_044223.png
 delete mode 100644 charts/screenshots/ADI/ADI_Monthly_20260429_044258.png
 create mode 100644 charts/screenshots/ADI/ADI_Monthly_20260430_044223.png
 delete mode 100644 charts/screenshots/ADI/ADI_Weekly_20260429_044258.png
 create mode 100644 charts/screenshots/ADI/ADI_Weekly_20260430_044223.png
 delete mode 100644 charts/screenshots/AMAT/AMAT_1H_20260429_045100.png
 create mode 100644 charts/screenshots/AMAT/AMAT_1H_20260430_045342.png
 delete mode 100644 charts/screenshots/AMAT/AMAT_4H_20260429_045100.png
 create mode 100644 charts/screenshots/AMAT/AMAT_4H_20260430_045342.png
 delete mode 100644 charts/screenshots/AMAT/AMAT_Daily_20260429_045100.png
 create mode 100644 charts/screenshots/AMAT/AMAT_Daily_20260430_045342.png
 delete mode 100644 charts/screenshots/AMAT/AMAT_Monthly_20260429_045100.png
 create mode 100644 charts/screenshots/AMAT/AMAT_Monthly_20260430_045342.png
 delete mode 100644 charts/screenshots/AMAT/AMAT_Weekly_20260429_045100.png
 create mode 100644 charts/screenshots/AMAT/AMAT_Weekly_20260430_045342.png
 delete mode 100644 charts/screenshots/AMD/AMD_1H_20260429_044125.png
 create mode 100644 charts/screenshots/AMD/AMD_1H_20260430_045143.png
 delete mode 100644 charts/screenshots/AMD/AMD_4H_20260429_044125.png
 create mode 100644 charts/screenshots/AMD/AMD_4H_20260430_045143.png
 delete mode 100644 charts/screenshots/AMD/AMD_Daily_20260429_044125.png
 create mode 100644 charts/screenshots/AMD/AMD_Daily_20260430_045143.png
 delete mode 100644 charts/screenshots/AMD/AMD_Monthly_20260429_044125.png
 create mode 100644 charts/screenshots/AMD/AMD_Monthly_20260430_045143.png
 delete mode 100644 charts/screenshots/AMD/AMD_Weekly_20260429_044125.png
 create mode 100644 charts/screenshots/AMD/AMD_Weekly_20260430_045143.png
 delete mode 100644 charts/screenshots/AMZN/AMZN_1H_20260429_044227.png
 create mode 100644 charts/screenshots/AMZN/AMZN_1H_20260430_044745.png
 delete mode 100644 charts/screenshots/AMZN/AMZN_4H_20260429_044227.png
 create mode 100644 charts/screenshots/AMZN/AMZN_4H_20260430_044745.png
 delete mode 100644 charts/screenshots/AMZN/AMZN_Daily_20260429_044227.png
 create mode 100644 charts/screenshots/AMZN/AMZN_Daily_20260430_044745.png
 delete mode 100644 charts/screenshots/AMZN/AMZN_Monthly_20260429_044227.png
 create mode 100644 charts/screenshots/AMZN/AMZN_Monthly_20260430_044745.png
 delete mode 100644 charts/screenshots/AMZN/AMZN_Weekly_20260429_044227.png
 create mode 100644 charts/screenshots/AMZN/AMZN_Weekly_20260430_044745.png
 delete mode 100644 charts/screenshots/ANET/ANET_1H_20260429_044358.png
 create mode 100644 charts/screenshots/ANET/ANET_1H_20260430_044153.png
 delete mode 100644 charts/screenshots/ANET/ANET_4H_20260429_044358.png
 create mode 100644 charts/screenshots/ANET/ANET_4H_20260430_044153.png
 delete mode 100644 charts/screenshots/ANET/ANET_Daily_20260429_044358.png
 create mode 100644 charts/screenshots/ANET/ANET_Daily_20260430_044153.png
 delete mode 100644 charts/screenshots/ANET/ANET_Monthly_20260429_044358.png
 create mode 100644 charts/screenshots/ANET/ANET_Monthly_20260430_044153.png
 delete mode 100644 charts/screenshots/ANET/ANET_Weekly_20260429_044358.png
 create mode 100644 charts/screenshots/ANET/ANET_Weekly_20260430_044153.png
 delete mode 100644 charts/screenshots/APH/APH_1H_20260429_045534.png
 create mode 100644 charts/screenshots/APH/APH_1H_20260430_044844.png
 delete mode 100644 charts/screenshots/APH/APH_4H_20260429_045534.png
 create mode 100644 charts/screenshots/APH/APH_4H_20260430_044844.png
 delete mode 100644 charts/screenshots/APH/APH_Daily_20260429_045534.png
 create mode 100644 charts/screenshots/APH/APH_Daily_20260430_044844.png
 delete mode 100644 charts/screenshots/APH/APH_Monthly_20260429_045534.png
 create mode 100644 charts/screenshots/APH/APH_Monthly_20260430_044844.png
 delete mode 100644 charts/screenshots/APH/APH_Weekly_20260429_045534.png
 create mode 100644 charts/screenshots/APH/APH_Weekly_20260430_044844.png
 delete mode 100644 charts/screenshots/ASML/ASML_1H_20260429_050446.png
 create mode 100644 charts/screenshots/ASML/ASML_1H_20260430_050523.png
 delete mode 100644 charts/screenshots/ASML/ASML_4H_20260429_050446.png
 create mode 100644 charts/screenshots/ASML/ASML_4H_20260430_050523.png
 delete mode 100644 charts/screenshots/ASML/ASML_Daily_20260429_050446.png
 create mode 100644 charts/screenshots/ASML/ASML_Daily_20260430_050523.png
 delete mode 100644 charts/screenshots/ASML/ASML_Monthly_20260429_050446.png
 create mode 100644 charts/screenshots/ASML/ASML_Monthly_20260430_050523.png
 delete mode 100644 charts/screenshots/ASML/ASML_Weekly_20260429_050446.png
 create mode 100644 charts/screenshots/ASML/ASML_Weekly_20260430_050523.png
 delete mode 100644 charts/screenshots/AVGO/AVGO_1H_20260429_044600.png
 create mode 100644 charts/screenshots/AVGO/AVGO_1H_20260430_044321.png
 delete mode 100644 charts/screenshots/AVGO/AVGO_4H_20260429_044600.png
 create mode 100644 charts/screenshots/AVGO/AVGO_4H_20260430_044321.png
 delete mode 100644 charts/screenshots/AVGO/AVGO_Daily_20260429_044600.png
 create mode 100644 charts/screenshots/AVGO/AVGO_Daily_20260430_044321.png
 delete mode 100644 charts/screenshots/AVGO/AVGO_Monthly_20260429_044600.png
 create mode 100644 charts/screenshots/AVGO/AVGO_Monthly_20260430_044321.png
 delete mode 100644 charts/screenshots/AVGO/AVGO_Weekly_20260429_044600.png
 create mode 100644 charts/screenshots/AVGO/AVGO_Weekly_20260430_044321.png
 delete mode 100644 charts/screenshots/BA/BA_1H_20260429_044856.png
 create mode 100644 charts/screenshots/BA/BA_1H_20260430_045803.png
 delete mode 100644 charts/screenshots/BA/BA_4H_20260429_044856.png
 create mode 100644 charts/screenshots/BA/BA_4H_20260430_045803.png
 delete mode 100644 charts/screenshots/BA/BA_Daily_20260429_044856.png
 create mode 100644 charts/screenshots/BA/BA_Daily_20260430_045803.png
 delete mode 100644 charts/screenshots/BA/BA_Monthly_20260429_044856.png
 create mode 100644 charts/screenshots/BA/BA_Monthly_20260430_045803.png
 delete mode 100644 charts/screenshots/BA/BA_Weekly_20260429_044856.png
 create mode 100644 charts/screenshots/BA/BA_Weekly_20260430_045803.png
 delete mode 100644 charts/screenshots/BAC/BAC_1H_20260429_044926.png
 create mode 100644 charts/screenshots/BAC/BAC_1H_20260430_044815.png
 delete mode 100644 charts/screenshots/BAC/BAC_4H_20260429_044926.png
 create mode 100644 charts/screenshots/BAC/BAC_4H_20260430_044815.png
 delete mode 100644 charts/screenshots/BAC/BAC_Daily_20260429_044926.png
 create mode 100644 charts/screenshots/BAC/BAC_Daily_20260430_044815.png
 delete mode 100644 charts/screenshots/BAC/BAC_Monthly_20260429_044926.png
 create mode 100644 charts/screenshots/BAC/BAC_Monthly_20260430_044815.png
 delete mode 100644 charts/screenshots/BAC/BAC_Weekly_20260429_044926.png
 create mode 100644 charts/screenshots/BAC/BAC_Weekly_20260430_044815.png
 delete mode 100644 charts/screenshots/C/C_1H_20260429_045503.png
 create mode 100644 charts/screenshots/C/C_1H_20260430_045412.png
 delete mode 100644 charts/screenshots/C/C_4H_20260429_045503.png
 create mode 100644 charts/screenshots/C/C_4H_20260430_045412.png
 delete mode 100644 charts/screenshots/C/C_Daily_20260429_045503.png
 create mode 100644 charts/screenshots/C/C_Daily_20260430_045412.png
 delete mode 100644 charts/screenshots/C/C_Monthly_20260429_045503.png
 create mode 100644 charts/screenshots/C/C_Monthly_20260430_045412.png
 delete mode 100644 charts/screenshots/C/C_Weekly_20260429_045503.png
 create mode 100644 charts/screenshots/C/C_Weekly_20260430_045412.png
 delete mode 100644 charts/screenshots/CAT/CAT_1H_20260429_045029.png
 create mode 100644 charts/screenshots/CAT/CAT_1H_20260430_044616.png
 delete mode 100644 charts/screenshots/CAT/CAT_4H_20260429_045029.png
 create mode 100644 charts/screenshots/CAT/CAT_4H_20260430_044616.png
 delete mode 100644 charts/screenshots/CAT/CAT_Daily_20260429_045029.png
 create mode 100644 charts/screenshots/CAT/CAT_Daily_20260430_044616.png
 delete mode 100644 charts/screenshots/CAT/CAT_Monthly_20260429_045029.png
 create mode 100644 charts/screenshots/CAT/CAT_Monthly_20260430_044616.png
 delete mode 100644 charts/screenshots/CAT/CAT_Weekly_20260429_045029.png
 create mode 100644 charts/screenshots/CAT/CAT_Weekly_20260430_044616.png
 create mode 100644 charts/screenshots/CDNS/CDNS_1H_20260430_050918.png
 create mode 100644 charts/screenshots/CDNS/CDNS_4H_20260430_050918.png
 create mode 100644 charts/screenshots/CDNS/CDNS_Daily_20260430_050918.png
 create mode 100644 charts/screenshots/CDNS/CDNS_Monthly_20260430_050918.png
 create mode 100644 charts/screenshots/CDNS/CDNS_Weekly_20260430_050918.png
 create mode 100644 charts/screenshots/CME/CME_1H_20260430_050031.png
 create mode 100644 charts/screenshots/CME/CME_4H_20260430_050031.png
 create mode 100644 charts/screenshots/CME/CME_Daily_20260430_050031.png
 create mode 100644 charts/screenshots/CME/CME_Monthly_20260430_050031.png
 create mode 100644 charts/screenshots/CME/CME_Weekly_20260430_050031.png
 delete mode 100644 charts/screenshots/COP/COP_1H_20260429_050958.png
 create mode 100644 charts/screenshots/COP/COP_1H_20260430_050355.png
 delete mode 100644 charts/screenshots/COP/COP_4H_20260429_050958.png
 create mode 100644 charts/screenshots/COP/COP_4H_20260430_050355.png
 delete mode 100644 charts/screenshots/COP/COP_Daily_20260429_050958.png
 create mode 100644 charts/screenshots/COP/COP_Daily_20260430_050355.png
 delete mode 100644 charts/screenshots/COP/COP_Monthly_20260429_050958.png
 create mode 100644 charts/screenshots/COP/COP_Monthly_20260430_050355.png
 delete mode 100644 charts/screenshots/COP/COP_Weekly_20260429_050958.png
 create mode 100644 charts/screenshots/COP/COP_Weekly_20260430_050355.png
 delete mode 100644 charts/screenshots/COST/COST_1H_20260429_050143.png
 create mode 100644 charts/screenshots/COST/COST_1H_20260430_045833.png
 delete mode 100644 charts/screenshots/COST/COST_4H_20260429_050143.png
 create mode 100644 charts/screenshots/COST/COST_4H_20260430_045833.png
 delete mode 100644 charts/screenshots/COST/COST_Daily_20260429_050143.png
 create mode 100644 charts/screenshots/COST/COST_Daily_20260430_045833.png
 delete mode 100644 charts/screenshots/COST/COST_Monthly_20260429_050143.png
 create mode 100644 charts/screenshots/COST/COST_Monthly_20260430_045833.png
 delete mode 100644 charts/screenshots/COST/COST_Weekly_20260429_050143.png
 create mode 100644 charts/screenshots/COST/COST_Weekly_20260430_045833.png
 delete mode 100644 charts/screenshots/CSCO/CSCO_1H_20260429_045203.png
 create mode 100644 charts/screenshots/CSCO/CSCO_1H_20260430_044914.png
 delete mode 100644 charts/screenshots/CSCO/CSCO_4H_20260429_045203.png
 create mode 100644 charts/screenshots/CSCO/CSCO_4H_20260430_044914.png
 delete mode 100644 charts/screenshots/CSCO/CSCO_Daily_20260429_045203.png
 create mode 100644 charts/screenshots/CSCO/CSCO_Daily_20260430_044914.png
 delete mode 100644 charts/screenshots/CSCO/CSCO_Monthly_20260429_045203.png
 create mode 100644 charts/screenshots/CSCO/CSCO_Monthly_20260430_044914.png
 delete mode 100644 charts/screenshots/CSCO/CSCO_Weekly_20260429_045203.png
 create mode 100644 charts/screenshots/CSCO/CSCO_Weekly_20260430_044914.png
 create mode 100644 charts/screenshots/CVX/CVX_1H_20260430_050751.png
 create mode 100644 charts/screenshots/CVX/CVX_4H_20260430_050751.png
 create mode 100644 charts/screenshots/CVX/CVX_Daily_20260430_050751.png
 create mode 100644 charts/screenshots/CVX/CVX_Monthly_20260430_050751.png
 create mode 100644 charts/screenshots/CVX/CVX_Weekly_20260430_050751.png
 delete mode 100644 charts/screenshots/DAL/DAL_1H_20260429_050243.png
 delete mode 100644 charts/screenshots/DAL/DAL_4H_20260429_050243.png
 delete mode 100644 charts/screenshots/DAL/DAL_Daily_20260429_050243.png
 delete mode 100644 charts/screenshots/DAL/DAL_Monthly_20260429_050243.png
 delete mode 100644 charts/screenshots/DAL/DAL_Weekly_20260429_050243.png
 delete mode 100644 charts/screenshots/DE/DE_1H_20260429_045636.png
 create mode 100644 charts/screenshots/DE/DE_1H_20260430_045932.png
 delete mode 100644 charts/screenshots/DE/DE_4H_20260429_045636.png
 create mode 100644 charts/screenshots/DE/DE_4H_20260430_045932.png
 delete mode 100644 charts/screenshots/DE/DE_Daily_20260429_045636.png
 create mode 100644 charts/screenshots/DE/DE_Daily_20260430_045932.png
 delete mode 100644 charts/screenshots/DE/DE_Monthly_20260429_045636.png
 create mode 100644 charts/screenshots/DE/DE_Monthly_20260430_045932.png
 delete mode 100644 charts/screenshots/DE/DE_Weekly_20260429_045636.png
 create mode 100644 charts/screenshots/DE/DE_Weekly_20260430_045932.png
 delete mode 100644 charts/screenshots/DELL/DELL_1H_20260429_044329.png
 create mode 100644 charts/screenshots/DELL/DELL_1H_20260430_044252.png
 delete mode 100644 charts/screenshots/DELL/DELL_4H_20260429_044329.png
 create mode 100644 charts/screenshots/DELL/DELL_4H_20260430_044252.png
 delete mode 100644 charts/screenshots/DELL/DELL_Daily_20260429_044329.png
 create mode 100644 charts/screenshots/DELL/DELL_Daily_20260430_044252.png
 delete mode 100644 charts/screenshots/DELL/DELL_Monthly_20260429_044329.png
 create mode 100644 charts/screenshots/DELL/DELL_Monthly_20260430_044252.png
 delete mode 100644 charts/screenshots/DELL/DELL_Weekly_20260429_044329.png
 create mode 100644 charts/screenshots/DELL/DELL_Weekly_20260430_044252.png
 delete mode 100644 charts/screenshots/ETN/ETN_1H_20260429_044957.png
 create mode 100644 charts/screenshots/ETN/ETN_1H_20260430_044944.png
 delete mode 100644 charts/screenshots/ETN/ETN_4H_20260429_044957.png
 create mode 100644 charts/screenshots/ETN/ETN_4H_20260430_044944.png
 delete mode 100644 charts/screenshots/ETN/ETN_Daily_20260429_044957.png
 create mode 100644 charts/screenshots/ETN/ETN_Daily_20260430_044944.png
 delete mode 100644 charts/screenshots/ETN/ETN_Monthly_20260429_044957.png
 create mode 100644 charts/screenshots/ETN/ETN_Monthly_20260430_044944.png
 delete mode 100644 charts/screenshots/ETN/ETN_Weekly_20260429_044957.png
 create mode 100644 charts/screenshots/ETN/ETN_Weekly_20260430_044944.png
 delete mode 100644 charts/screenshots/FCX/FCX_1H_20260429_045840.png
 create mode 100644 charts/screenshots/FCX/FCX_1H_20260430_050002.png
 delete mode 100644 charts/screenshots/FCX/FCX_4H_20260429_045840.png
 create mode 100644 charts/screenshots/FCX/FCX_4H_20260430_050002.png
 delete mode 100644 charts/screenshots/FCX/FCX_Daily_20260429_045840.png
 create mode 100644 charts/screenshots/FCX/FCX_Daily_20260430_050002.png
 delete mode 100644 charts/screenshots/FCX/FCX_Monthly_20260429_045840.png
 create mode 100644 charts/screenshots/FCX/FCX_Monthly_20260430_050002.png
 delete mode 100644 charts/screenshots/FCX/FCX_Weekly_20260429_045840.png
 create mode 100644 charts/screenshots/FCX/FCX_Weekly_20260430_050002.png
 delete mode 100644 charts/screenshots/GE/GE_1H_20260429_050045.png
 create mode 100644 charts/screenshots/GE/GE_1H_20260430_050722.png
 delete mode 100644 charts/screenshots/GE/GE_4H_20260429_050045.png
 create mode 100644 charts/screenshots/GE/GE_4H_20260430_050722.png
 delete mode 100644 charts/screenshots/GE/GE_Daily_20260429_050045.png
 create mode 100644 charts/screenshots/GE/GE_Daily_20260430_050722.png
 delete mode 100644 charts/screenshots/GE/GE_Monthly_20260429_050045.png
 create mode 100644 charts/screenshots/GE/GE_Monthly_20260430_050722.png
 delete mode 100644 charts/screenshots/GE/GE_Weekly_20260429_050045.png
 create mode 100644 charts/screenshots/GE/GE_Weekly_20260430_050722.png
 delete mode 100644 charts/screenshots/GEV/GEV_1H_20260429_043620.png
 create mode 100644 charts/screenshots/GEV/GEV_1H_20260430_043825.png
 delete mode 100644 charts/screenshots/GEV/GEV_4H_20260429_043620.png
 create mode 100644 charts/screenshots/GEV/GEV_4H_20260430_043825.png
 delete mode 100644 charts/screenshots/GEV/GEV_Daily_20260429_043620.png
 create mode 100644 charts/screenshots/GEV/GEV_Daily_20260430_043825.png
 delete mode 100644 charts/screenshots/GEV/GEV_Monthly_20260429_043620.png
 create mode 100644 charts/screenshots/GEV/GEV_Monthly_20260430_043825.png
 delete mode 100644 charts/screenshots/GEV/GEV_Weekly_20260429_043620.png
 create mode 100644 charts/screenshots/GEV/GEV_Weekly_20260430_043825.png
 delete mode 100644 charts/screenshots/GILD/GILD_1H_20260429_051029.png
 create mode 100644 charts/screenshots/GILD/GILD_1H_20260430_051045.png
 delete mode 100644 charts/screenshots/GILD/GILD_4H_20260429_051029.png
 create mode 100644 charts/screenshots/GILD/GILD_4H_20260430_051045.png
 delete mode 100644 charts/screenshots/GILD/GILD_Daily_20260429_051029.png
 create mode 100644 charts/screenshots/GILD/GILD_Daily_20260430_051045.png
 delete mode 100644 charts/screenshots/GILD/GILD_Monthly_20260429_051029.png
 create mode 100644 charts/screenshots/GILD/GILD_Monthly_20260430_051045.png
 delete mode 100644 charts/screenshots/GILD/GILD_Weekly_20260429_051029.png
 create mode 100644 charts/screenshots/GILD/GILD_Weekly_20260430_051045.png
 delete mode 100644 charts/screenshots/GLW/GLW_1H_20260429_044826.png
 create mode 100644 charts/screenshots/GLW/GLW_1H_20260430_045014.png
 delete mode 100644 charts/screenshots/GLW/GLW_4H_20260429_044826.png
 create mode 100644 charts/screenshots/GLW/GLW_4H_20260430_045014.png
 delete mode 100644 charts/screenshots/GLW/GLW_Daily_20260429_044826.png
 create mode 100644 charts/screenshots/GLW/GLW_Daily_20260430_045014.png
 delete mode 100644 charts/screenshots/GLW/GLW_Monthly_20260429_044826.png
 create mode 100644 charts/screenshots/GLW/GLW_Monthly_20260430_045014.png
 delete mode 100644 charts/screenshots/GLW/GLW_Weekly_20260429_044826.png
 create mode 100644 charts/screenshots/GLW/GLW_Weekly_20260430_045014.png
 delete mode 100644 charts/screenshots/GOOG/GOOG_1H_20260429_044658.png
 create mode 100644 charts/screenshots/GOOG/GOOG_1H_20260430_043925.png
 delete mode 100644 charts/screenshots/GOOG/GOOG_4H_20260429_044658.png
 create mode 100644 charts/screenshots/GOOG/GOOG_4H_20260430_043925.png
 delete mode 100644 charts/screenshots/GOOG/GOOG_Daily_20260429_044658.png
 create mode 100644 charts/screenshots/GOOG/GOOG_Daily_20260430_043925.png
 delete mode 100644 charts/screenshots/GOOG/GOOG_Monthly_20260429_044658.png
 create mode 100644 charts/screenshots/GOOG/GOOG_Monthly_20260430_043925.png
 delete mode 100644 charts/screenshots/GOOG/GOOG_Weekly_20260429_044658.png
 create mode 100644 charts/screenshots/GOOG/GOOG_Weekly_20260430_043925.png
 delete mode 100644 charts/screenshots/GOOGL/GOOGL_1H_20260429_044727.png
 create mode 100644 charts/screenshots/GOOGL/GOOGL_1H_20260430_043855.png
 delete mode 100644 charts/screenshots/GOOGL/GOOGL_4H_20260429_044727.png
 create mode 100644 charts/screenshots/GOOGL/GOOGL_4H_20260430_043855.png
 delete mode 100644 charts/screenshots/GOOGL/GOOGL_Daily_20260429_044727.png
 create mode 100644 charts/screenshots/GOOGL/GOOGL_Daily_20260430_043855.png
 delete mode 100644 charts/screenshots/GOOGL/GOOGL_Monthly_20260429_044727.png
 create mode 100644 charts/screenshots/GOOGL/GOOGL_Monthly_20260430_043855.png
 delete mode 100644 charts/screenshots/GOOGL/GOOGL_Weekly_20260429_044727.png
 create mode 100644 charts/screenshots/GOOGL/GOOGL_Weekly_20260430_043855.png
 delete mode 100644 charts/screenshots/GS/GS_1H_20260429_045131.png
 create mode 100644 charts/screenshots/GS/GS_1H_20260430_045442.png
 delete mode 100644 charts/screenshots/GS/GS_4H_20260429_045131.png
 create mode 100644 charts/screenshots/GS/GS_4H_20260430_045442.png
 delete mode 100644 charts/screenshots/GS/GS_Daily_20260429_045131.png
 create mode 100644 charts/screenshots/GS/GS_Daily_20260430_045442.png
 delete mode 100644 charts/screenshots/GS/GS_Monthly_20260429_045131.png
 create mode 100644 charts/screenshots/GS/GS_Monthly_20260430_045442.png
 delete mode 100644 charts/screenshots/GS/GS_Weekly_20260429_045131.png
 create mode 100644 charts/screenshots/GS/GS_Weekly_20260430_045442.png
 create mode 100644 charts/screenshots/HOOD/HOOD_1H_20260430_050849.png
 create mode 100644 charts/screenshots/HOOD/HOOD_4H_20260430_050849.png
 create mode 100644 charts/screenshots/HOOD/HOOD_Daily_20260430_050849.png
 create mode 100644 charts/screenshots/HOOD/HOOD_Monthly_20260430_050849.png
 create mode 100644 charts/screenshots/HOOD/HOOD_Weekly_20260430_050849.png
 delete mode 100644 charts/screenshots/IBM/IBM_1H_20260429_051101.png
 delete mode 100644 charts/screenshots/IBM/IBM_4H_20260429_051101.png
 delete mode 100644 charts/screenshots/IBM/IBM_Daily_20260429_051101.png
 delete mode 100644 charts/screenshots/IBM/IBM_Monthly_20260429_051101.png
 delete mode 100644 charts/screenshots/IBM/IBM_Weekly_20260429_051101.png
 delete mode 100644 charts/screenshots/INTC/INTC_1H_20260429_050015.png
 create mode 100644 charts/screenshots/INTC/INTC_1H_20260430_045705.png
 delete mode 100644 charts/screenshots/INTC/INTC_4H_20260429_050015.png
 create mode 100644 charts/screenshots/INTC/INTC_4H_20260430_045705.png
 delete mode 100644 charts/screenshots/INTC/INTC_Daily_20260429_050015.png
 create mode 100644 charts/screenshots/INTC/INTC_Daily_20260430_045705.png
 delete mode 100644 charts/screenshots/INTC/INTC_Monthly_20260429_050015.png
 create mode 100644 charts/screenshots/INTC/INTC_Monthly_20260430_045705.png
 delete mode 100644 charts/screenshots/INTC/INTC_Weekly_20260429_050015.png
 create mode 100644 charts/screenshots/INTC/INTC_Weekly_20260430_045705.png
 delete mode 100644 charts/screenshots/IWM/IWM_1H_20260429_043755.png
 create mode 100644 charts/screenshots/IWM/IWM_1H_20260430_043628.png
 delete mode 100644 charts/screenshots/IWM/IWM_4H_20260429_043755.png
 create mode 100644 charts/screenshots/IWM/IWM_4H_20260430_043628.png
 delete mode 100644 charts/screenshots/IWM/IWM_Daily_20260429_043755.png
 create mode 100644 charts/screenshots/IWM/IWM_Daily_20260430_043628.png
 delete mode 100644 charts/screenshots/IWM/IWM_Monthly_20260429_043755.png
 create mode 100644 charts/screenshots/IWM/IWM_Monthly_20260430_043628.png
 delete mode 100644 charts/screenshots/IWM/IWM_Weekly_20260429_043755.png
 create mode 100644 charts/screenshots/IWM/IWM_Weekly_20260430_043628.png
 delete mode 100644 charts/screenshots/JNJ/JNJ_1H_20260429_050214.png
 create mode 100644 charts/screenshots/JNJ/JNJ_1H_20260430_050100.png
 delete mode 100644 charts/screenshots/JNJ/JNJ_4H_20260429_050214.png
 create mode 100644 charts/screenshots/JNJ/JNJ_4H_20260430_050100.png
 delete mode 100644 charts/screenshots/JNJ/JNJ_Daily_20260429_050214.png
 create mode 100644 charts/screenshots/JNJ/JNJ_Daily_20260430_050100.png
 delete mode 100644 charts/screenshots/JNJ/JNJ_Monthly_20260429_050214.png
 create mode 100644 charts/screenshots/JNJ/JNJ_Monthly_20260430_050100.png
 delete mode 100644 charts/screenshots/JNJ/JNJ_Weekly_20260429_050214.png
 create mode 100644 charts/screenshots/JNJ/JNJ_Weekly_20260430_050100.png
 delete mode 100644 charts/screenshots/JPM/JPM_1H_20260429_045432.png
 create mode 100644 charts/screenshots/JPM/JPM_1H_20260430_045213.png
 delete mode 100644 charts/screenshots/JPM/JPM_4H_20260429_045432.png
 create mode 100644 charts/screenshots/JPM/JPM_4H_20260430_045213.png
 delete mode 100644 charts/screenshots/JPM/JPM_Daily_20260429_045432.png
 create mode 100644 charts/screenshots/JPM/JPM_Daily_20260430_045213.png
 delete mode 100644 charts/screenshots/JPM/JPM_Monthly_20260429_045432.png
 create mode 100644 charts/screenshots/JPM/JPM_Monthly_20260430_045213.png
 delete mode 100644 charts/screenshots/JPM/JPM_Weekly_20260429_045432.png
 create mode 100644 charts/screenshots/JPM/JPM_Weekly_20260430_045213.png
 delete mode 100644 charts/screenshots/KLAC/KLAC_1H_20260429_044629.png
 create mode 100644 charts/screenshots/KLAC/KLAC_1H_20260430_044448.png
 delete mode 100644 charts/screenshots/KLAC/KLAC_4H_20260429_044629.png
 create mode 100644 charts/screenshots/KLAC/KLAC_4H_20260430_044448.png
 delete mode 100644 charts/screenshots/KLAC/KLAC_Daily_20260429_044629.png
 create mode 100644 charts/screenshots/KLAC/KLAC_Daily_20260430_044448.png
 delete mode 100644 charts/screenshots/KLAC/KLAC_Monthly_20260429_044629.png
 create mode 100644 charts/screenshots/KLAC/KLAC_Monthly_20260430_044448.png
 delete mode 100644 charts/screenshots/KLAC/KLAC_Weekly_20260429_044629.png
 create mode 100644 charts/screenshots/KLAC/KLAC_Weekly_20260430_044448.png
 delete mode 100644 charts/screenshots/KO/KO_1H_20260429_050315.png
 create mode 100644 charts/screenshots/KO/KO_1H_20260430_050229.png
 delete mode 100644 charts/screenshots/KO/KO_4H_20260429_050315.png
 create mode 100644 charts/screenshots/KO/KO_4H_20260430_050229.png
 delete mode 100644 charts/screenshots/KO/KO_Daily_20260429_050315.png
 create mode 100644 charts/screenshots/KO/KO_Daily_20260430_050229.png
 delete mode 100644 charts/screenshots/KO/KO_Monthly_20260429_050315.png
 create mode 100644 charts/screenshots/KO/KO_Monthly_20260430_050229.png
 delete mode 100644 charts/screenshots/KO/KO_Weekly_20260429_050315.png
 create mode 100644 charts/screenshots/KO/KO_Weekly_20260430_050229.png
 delete mode 100644 charts/screenshots/LIN/LIN_1H_20260429_045944.png
 create mode 100644 charts/screenshots/LIN/LIN_1H_20260430_045609.png
 delete mode 100644 charts/screenshots/LIN/LIN_4H_20260429_045944.png
 create mode 100644 charts/screenshots/LIN/LIN_4H_20260430_045609.png
 delete mode 100644 charts/screenshots/LIN/LIN_Daily_20260429_045944.png
 create mode 100644 charts/screenshots/LIN/LIN_Daily_20260430_045609.png
 delete mode 100644 charts/screenshots/LIN/LIN_Monthly_20260429_045944.png
 create mode 100644 charts/screenshots/LIN/LIN_Monthly_20260430_045609.png
 delete mode 100644 charts/screenshots/LIN/LIN_Weekly_20260429_045944.png
 create mode 100644 charts/screenshots/LIN/LIN_Weekly_20260430_045609.png
 delete mode 100644 charts/screenshots/LRCX/LRCX_1H_20260429_045233.png
 create mode 100644 charts/screenshots/LRCX/LRCX_1H_20260430_045312.png
 delete mode 100644 charts/screenshots/LRCX/LRCX_4H_20260429_045233.png
 create mode 100644 charts/screenshots/LRCX/LRCX_4H_20260430_045312.png
 delete mode 100644 charts/screenshots/LRCX/LRCX_Daily_20260429_045233.png
 create mode 100644 charts/screenshots/LRCX/LRCX_Daily_20260430_045312.png
 delete mode 100644 charts/screenshots/LRCX/LRCX_Monthly_20260429_045233.png
 create mode 100644 charts/screenshots/LRCX/LRCX_Monthly_20260430_045312.png
 delete mode 100644 charts/screenshots/LRCX/LRCX_Weekly_20260429_045233.png
 create mode 100644 charts/screenshots/LRCX/LRCX_Weekly_20260430_045312.png
 delete mode 100644 charts/screenshots/MCHP/MCHP_1H_20260429_043550.png
 create mode 100644 charts/screenshots/MCHP/MCHP_1H_20260430_043657.png
 delete mode 100644 charts/screenshots/MCHP/MCHP_4H_20260429_043550.png
 create mode 100644 charts/screenshots/MCHP/MCHP_4H_20260430_043657.png
 delete mode 100644 charts/screenshots/MCHP/MCHP_Daily_20260429_043550.png
 create mode 100644 charts/screenshots/MCHP/MCHP_Daily_20260430_043657.png
 delete mode 100644 charts/screenshots/MCHP/MCHP_Monthly_20260429_043550.png
 create mode 100644 charts/screenshots/MCHP/MCHP_Monthly_20260430_043657.png
 delete mode 100644 charts/screenshots/MCHP/MCHP_Weekly_20260429_043550.png
 create mode 100644 charts/screenshots/MCHP/MCHP_Weekly_20260430_043657.png
 delete mode 100644 charts/screenshots/MCK/MCK_1H_20260429_051133.png
 delete mode 100644 charts/screenshots/MCK/MCK_4H_20260429_051133.png
 delete mode 100644 charts/screenshots/MCK/MCK_Daily_20260429_051133.png
 delete mode 100644 charts/screenshots/MCK/MCK_Monthly_20260429_051133.png
 delete mode 100644 charts/screenshots/MCK/MCK_Weekly_20260429_051133.png
 delete mode 100644 charts/screenshots/META/META_1H_20260429_050826.png
 create mode 100644 charts/screenshots/META/META_1H_20260430_050130.png
 delete mode 100644 charts/screenshots/META/META_4H_20260429_050826.png
 create mode 100644 charts/screenshots/META/META_4H_20260430_050130.png
 delete mode 100644 charts/screenshots/META/META_Daily_20260429_050826.png
 create mode 100644 charts/screenshots/META/META_Daily_20260430_050130.png
 delete mode 100644 charts/screenshots/META/META_Monthly_20260429_050826.png
 create mode 100644 charts/screenshots/META/META_Monthly_20260430_050130.png
 delete mode 100644 charts/screenshots/META/META_Weekly_20260429_050826.png
 create mode 100644 charts/screenshots/META/META_Weekly_20260430_050130.png
 delete mode 100644 charts/screenshots/MPWR/MPWR_1H_20260429_043956.png
 create mode 100644 charts/screenshots/MPWR/MPWR_1H_20260430_043756.png
 delete mode 100644 charts/screenshots/MPWR/MPWR_4H_20260429_043956.png
 create mode 100644 charts/screenshots/MPWR/MPWR_4H_20260430_043756.png
 delete mode 100644 charts/screenshots/MPWR/MPWR_Daily_20260429_043956.png
 create mode 100644 charts/screenshots/MPWR/MPWR_Daily_20260430_043756.png
 delete mode 100644 charts/screenshots/MPWR/MPWR_Monthly_20260429_043956.png
 create mode 100644 charts/screenshots/MPWR/MPWR_Monthly_20260430_043756.png
 delete mode 100644 charts/screenshots/MPWR/MPWR_Weekly_20260429_043956.png
 create mode 100644 charts/screenshots/MPWR/MPWR_Weekly_20260430_043756.png
 delete mode 100644 charts/screenshots/MRVL/MRVL_1H_20260429_044056.png
 create mode 100644 charts/screenshots/MRVL/MRVL_1H_20260430_044024.png
 delete mode 100644 charts/screenshots/MRVL/MRVL_4H_20260429_044056.png
 create mode 100644 charts/screenshots/MRVL/MRVL_4H_20260430_044024.png
 delete mode 100644 charts/screenshots/MRVL/MRVL_Daily_20260429_044056.png
 create mode 100644 charts/screenshots/MRVL/MRVL_Daily_20260430_044024.png
 delete mode 100644 charts/screenshots/MRVL/MRVL_Monthly_20260429_044056.png
 create mode 100644 charts/screenshots/MRVL/MRVL_Monthly_20260430_044024.png
 delete mode 100644 charts/screenshots/MRVL/MRVL_Weekly_20260429_044056.png
 create mode 100644 charts/screenshots/MRVL/MRVL_Weekly_20260430_044024.png
 delete mode 100644 charts/screenshots/MS/MS_1H_20260429_044500.png
 create mode 100644 charts/screenshots/MS/MS_1H_20260430_044420.png
 delete mode 100644 charts/screenshots/MS/MS_4H_20260429_044500.png
 create mode 100644 charts/screenshots/MS/MS_4H_20260430_044420.png
 delete mode 100644 charts/screenshots/MS/MS_Daily_20260429_044500.png
 create mode 100644 charts/screenshots/MS/MS_Daily_20260430_044420.png
 delete mode 100644 charts/screenshots/MS/MS_Monthly_20260429_044500.png
 create mode 100644 charts/screenshots/MS/MS_Monthly_20260430_044420.png
 delete mode 100644 charts/screenshots/MS/MS_Weekly_20260429_044500.png
 create mode 100644 charts/screenshots/MS/MS_Weekly_20260430_044420.png
 delete mode 100644 charts/screenshots/MU/MU_1H_20260429_044429.png
 create mode 100644 charts/screenshots/MU/MU_1H_20260430_044124.png
 delete mode 100644 charts/screenshots/MU/MU_4H_20260429_044429.png
 create mode 100644 charts/screenshots/MU/MU_4H_20260430_044124.png
 delete mode 100644 charts/screenshots/MU/MU_Daily_20260429_044429.png
 create mode 100644 charts/screenshots/MU/MU_Daily_20260430_044124.png
 delete mode 100644 charts/screenshots/MU/MU_Monthly_20260429_044429.png
 create mode 100644 charts/screenshots/MU/MU_Monthly_20260430_044124.png
 delete mode 100644 charts/screenshots/MU/MU_Weekly_20260429_044429.png
 create mode 100644 charts/screenshots/MU/MU_Weekly_20260430_044124.png
 delete mode 100644 charts/screenshots/NBM.V/NBM.V_1H_20260429_051204.png
 create mode 100644 charts/screenshots/NBM.V/NBM.V_1H_20260430_051143.png
 delete mode 100644 charts/screenshots/NBM.V/NBM.V_4H_20260429_051204.png
 create mode 100644 charts/screenshots/NBM.V/NBM.V_4H_20260430_051143.png
 delete mode 100644 charts/screenshots/NBM.V/NBM.V_Daily_20260429_051204.png
 create mode 100644 charts/screenshots/NBM.V/NBM.V_Daily_20260430_051143.png
 delete mode 100644 charts/screenshots/NBM.V/NBM.V_Monthly_20260429_051204.png
 create mode 100644 charts/screenshots/NBM.V/NBM.V_Monthly_20260430_051143.png
 delete mode 100644 charts/screenshots/NBM.V/NBM.V_Weekly_20260429_051204.png
 create mode 100644 charts/screenshots/NBM.V/NBM.V_Weekly_20260430_051143.png
 delete mode 100644 charts/screenshots/NEE/NEE_1H_20260429_045605.png
 create mode 100644 charts/screenshots/NEE/NEE_1H_20260430_050327.png
 delete mode 100644 charts/screenshots/NEE/NEE_4H_20260429_045605.png
 create mode 100644 charts/screenshots/NEE/NEE_4H_20260430_050327.png
 delete mode 100644 charts/screenshots/NEE/NEE_Daily_20260429_045605.png
 create mode 100644 charts/screenshots/NEE/NEE_Daily_20260430_050327.png
 delete mode 100644 charts/screenshots/NEE/NEE_Monthly_20260429_045605.png
 create mode 100644 charts/screenshots/NEE/NEE_Monthly_20260430_050327.png
 delete mode 100644 charts/screenshots/NEE/NEE_Weekly_20260429_045605.png
 create mode 100644 charts/screenshots/NEE/NEE_Weekly_20260430_050327.png
 delete mode 100644 charts/screenshots/NEM/NEM_1H_20260429_050114.png
 create mode 100644 charts/screenshots/NEM/NEM_1H_20260430_050820.png
 delete mode 100644 charts/screenshots/NEM/NEM_4H_20260429_050114.png
 create mode 100644 charts/screenshots/NEM/NEM_4H_20260430_050820.png
 delete mode 100644 charts/screenshots/NEM/NEM_Daily_20260429_050114.png
 create mode 100644 charts/screenshots/NEM/NEM_Daily_20260430_050820.png
 delete mode 100644 charts/screenshots/NEM/NEM_Monthly_20260429_050114.png
 create mode 100644 charts/screenshots/NEM/NEM_Monthly_20260430_050820.png
 delete mode 100644 charts/screenshots/NEM/NEM_Weekly_20260429_050114.png
 create mode 100644 charts/screenshots/NEM/NEM_Weekly_20260430_050820.png
 create mode 100644 charts/screenshots/NKE/NKE_1H_20260430_051114.png
 create mode 100644 charts/screenshots/NKE/NKE_4H_20260430_051114.png
 create mode 100644 charts/screenshots/NKE/NKE_Daily_20260430_051114.png
 create mode 100644 charts/screenshots/NKE/NKE_Monthly_20260430_051114.png
 create mode 100644 charts/screenshots/NKE/NKE_Weekly_20260430_051114.png
 delete mode 100644 charts/screenshots/NOW/NOW_1H_20260429_050727.png
 create mode 100644 charts/screenshots/NOW/NOW_1H_20260430_050947.png
 delete mode 100644 charts/screenshots/NOW/NOW_4H_20260429_050727.png
 create mode 100644 charts/screenshots/NOW/NOW_4H_20260430_050947.png
 delete mode 100644 charts/screenshots/NOW/NOW_Daily_20260429_050727.png
 create mode 100644 charts/screenshots/NOW/NOW_Daily_20260430_050947.png
 delete mode 100644 charts/screenshots/NOW/NOW_Monthly_20260429_050727.png
 create mode 100644 charts/screenshots/NOW/NOW_Monthly_20260430_050947.png
 delete mode 100644 charts/screenshots/NOW/NOW_Weekly_20260429_050727.png
 create mode 100644 charts/screenshots/NOW/NOW_Weekly_20260430_050947.png
 delete mode 100644 charts/screenshots/NVDA/NVDA_1H_20260429_044756.png
 create mode 100644 charts/screenshots/NVDA/NVDA_1H_20260430_044546.png
 delete mode 100644 charts/screenshots/NVDA/NVDA_4H_20260429_044756.png
 create mode 100644 charts/screenshots/NVDA/NVDA_4H_20260430_044546.png
 delete mode 100644 charts/screenshots/NVDA/NVDA_Daily_20260429_044756.png
 create mode 100644 charts/screenshots/NVDA/NVDA_Daily_20260430_044546.png
 delete mode 100644 charts/screenshots/NVDA/NVDA_Monthly_20260429_044756.png
 create mode 100644 charts/screenshots/NVDA/NVDA_Monthly_20260430_044546.png
 delete mode 100644 charts/screenshots/NVDA/NVDA_Weekly_20260429_044756.png
 create mode 100644 charts/screenshots/NVDA/NVDA_Weekly_20260430_044546.png
 delete mode 100644 charts/screenshots/NXPI/NXPI_1H_20260429_043927.png
 create mode 100644 charts/screenshots/NXPI/NXPI_1H_20260430_045637.png
 delete mode 100644 charts/screenshots/NXPI/NXPI_4H_20260429_043927.png
 create mode 100644 charts/screenshots/NXPI/NXPI_4H_20260430_045637.png
 delete mode 100644 charts/screenshots/NXPI/NXPI_Daily_20260429_043927.png
 create mode 100644 charts/screenshots/NXPI/NXPI_Daily_20260430_045637.png
 delete mode 100644 charts/screenshots/NXPI/NXPI_Monthly_20260429_043927.png
 create mode 100644 charts/screenshots/NXPI/NXPI_Monthly_20260430_045637.png
 delete mode 100644 charts/screenshots/NXPI/NXPI_Weekly_20260429_043927.png
 create mode 100644 charts/screenshots/NXPI/NXPI_Weekly_20260430_045637.png
 delete mode 100644 charts/screenshots/ON/ON_1H_20260429_045402.png
 create mode 100644 charts/screenshots/ON/ON_1H_20260430_044715.png
 delete mode 100644 charts/screenshots/ON/ON_4H_20260429_045402.png
 create mode 100644 charts/screenshots/ON/ON_4H_20260430_044715.png
 delete mode 100644 charts/screenshots/ON/ON_Daily_20260429_045402.png
 create mode 100644 charts/screenshots/ON/ON_Daily_20260430_044715.png
 delete mode 100644 charts/screenshots/ON/ON_Monthly_20260429_045402.png
 create mode 100644 charts/screenshots/ON/ON_Monthly_20260430_044715.png
 delete mode 100644 charts/screenshots/ON/ON_Weekly_20260429_045402.png
 create mode 100644 charts/screenshots/ON/ON_Weekly_20260430_044715.png
 delete mode 100644 charts/screenshots/OXY/OXY_1H_20260429_050926.png
 create mode 100644 charts/screenshots/OXY/OXY_1H_20260430_050424.png
 delete mode 100644 charts/screenshots/OXY/OXY_4H_20260429_050926.png
 create mode 100644 charts/screenshots/OXY/OXY_4H_20260430_050424.png
 delete mode 100644 charts/screenshots/OXY/OXY_Daily_20260429_050926.png
 create mode 100644 charts/screenshots/OXY/OXY_Daily_20260430_050424.png
 delete mode 100644 charts/screenshots/OXY/OXY_Monthly_20260429_050926.png
 create mode 100644 charts/screenshots/OXY/OXY_Monthly_20260430_050424.png
 delete mode 100644 charts/screenshots/OXY/OXY_Weekly_20260429_050926.png
 create mode 100644 charts/screenshots/OXY/OXY_Weekly_20260430_050424.png
 delete mode 100644 charts/screenshots/PFE/PFE_1H_20260429_050625.png
 delete mode 100644 charts/screenshots/PFE/PFE_4H_20260429_050625.png
 delete mode 100644 charts/screenshots/PFE/PFE_Daily_20260429_050625.png
 delete mode 100644 charts/screenshots/PFE/PFE_Monthly_20260429_050625.png
 delete mode 100644 charts/screenshots/PFE/PFE_Weekly_20260429_050625.png
 create mode 100644 charts/screenshots/PG/PG_1H_20260430_050652.png
 create mode 100644 charts/screenshots/PG/PG_4H_20260430_050652.png
 create mode 100644 charts/screenshots/PG/PG_Daily_20260430_050652.png
 create mode 100644 charts/screenshots/PG/PG_Monthly_20260430_050652.png
 create mode 100644 charts/screenshots/PG/PG_Weekly_20260430_050652.png
 delete mode 100644 charts/screenshots/QQQ/QQQ_1H_20260429_043826.png
 create mode 100644 charts/screenshots/QQQ/QQQ_1H_20260430_043955.png
 delete mode 100644 charts/screenshots/QQQ/QQQ_4H_20260429_043826.png
 create mode 100644 charts/screenshots/QQQ/QQQ_4H_20260430_043955.png
 delete mode 100644 charts/screenshots/QQQ/QQQ_Daily_20260429_043826.png
 create mode 100644 charts/screenshots/QQQ/QQQ_Daily_20260430_043955.png
 delete mode 100644 charts/screenshots/QQQ/QQQ_Monthly_20260429_043826.png
 create mode 100644 charts/screenshots/QQQ/QQQ_Monthly_20260430_043955.png
 delete mode 100644 charts/screenshots/QQQ/QQQ_Weekly_20260429_043826.png
 create mode 100644 charts/screenshots/QQQ/QQQ_Weekly_20260430_043955.png
 create mode 100644 charts/screenshots/RCL/RCL_1H_20260430_051016.png
 create mode 100644 charts/screenshots/RCL/RCL_4H_20260430_051016.png
 create mode 100644 charts/screenshots/RCL/RCL_Daily_20260430_051016.png
 create mode 100644 charts/screenshots/RCL/RCL_Monthly_20260430_051016.png
 create mode 100644 charts/screenshots/RCL/RCL_Weekly_20260430_051016.png
 delete mode 100644 charts/screenshots/SBUX/SBUX_1H_20260429_045303.png
 create mode 100644 charts/screenshots/SBUX/SBUX_1H_20260430_045242.png
 delete mode 100644 charts/screenshots/SBUX/SBUX_4H_20260429_045303.png
 create mode 100644 charts/screenshots/SBUX/SBUX_4H_20260430_045242.png
 delete mode 100644 charts/screenshots/SBUX/SBUX_Daily_20260429_045303.png
 create mode 100644 charts/screenshots/SBUX/SBUX_Daily_20260430_045242.png
 delete mode 100644 charts/screenshots/SBUX/SBUX_Monthly_20260429_045303.png
 create mode 100644 charts/screenshots/SBUX/SBUX_Monthly_20260430_045242.png
 delete mode 100644 charts/screenshots/SBUX/SBUX_Weekly_20260429_045303.png
 create mode 100644 charts/screenshots/SBUX/SBUX_Weekly_20260430_045242.png
 delete mode 100644 charts/screenshots/SLB/SLB_1H_20260429_044026.png
 create mode 100644 charts/screenshots/SLB/SLB_1H_20260430_044516.png
 delete mode 100644 charts/screenshots/SLB/SLB_4H_20260429_044026.png
 create mode 100644 charts/screenshots/SLB/SLB_4H_20260430_044516.png
 delete mode 100644 charts/screenshots/SLB/SLB_Daily_20260429_044026.png
 create mode 100644 charts/screenshots/SLB/SLB_Daily_20260430_044516.png
 delete mode 100644 charts/screenshots/SLB/SLB_Monthly_20260429_044026.png
 create mode 100644 charts/screenshots/SLB/SLB_Monthly_20260430_044516.png
 delete mode 100644 charts/screenshots/SLB/SLB_Weekly_20260429_044026.png
 create mode 100644 charts/screenshots/SLB/SLB_Weekly_20260430_044516.png
 delete mode 100644 charts/screenshots/SPY/SPY_1H_20260429_045912.png
 create mode 100644 charts/screenshots/SPY/SPY_1H_20260430_045734.png
 delete mode 100644 charts/screenshots/SPY/SPY_4H_20260429_045912.png
 create mode 100644 charts/screenshots/SPY/SPY_4H_20260430_045734.png
 delete mode 100644 charts/screenshots/SPY/SPY_Daily_20260429_045912.png
 create mode 100644 charts/screenshots/SPY/SPY_Daily_20260430_045734.png
 delete mode 100644 charts/screenshots/SPY/SPY_Monthly_20260429_045912.png
 create mode 100644 charts/screenshots/SPY/SPY_Monthly_20260430_045734.png
 delete mode 100644 charts/screenshots/SPY/SPY_Weekly_20260429_045912.png
 create mode 100644 charts/screenshots/SPY/SPY_Weekly_20260430_045734.png
 delete mode 100644 charts/screenshots/STX/STX_1H_20260429_043651.png
 create mode 100644 charts/screenshots/STX/STX_1H_20260430_045113.png
 delete mode 100644 charts/screenshots/STX/STX_4H_20260429_043651.png
 create mode 100644 charts/screenshots/STX/STX_4H_20260430_045113.png
 delete mode 100644 charts/screenshots/STX/STX_Daily_20260429_043651.png
 create mode 100644 charts/screenshots/STX/STX_Daily_20260430_045113.png
 delete mode 100644 charts/screenshots/STX/STX_Monthly_20260429_043651.png
 create mode 100644 charts/screenshots/STX/STX_Monthly_20260430_045113.png
 delete mode 100644 charts/screenshots/STX/STX_Weekly_20260429_043651.png
 create mode 100644 charts/screenshots/STX/STX_Weekly_20260430_045113.png
 delete mode 100644 charts/screenshots/T/T_1H_20260429_050416.png
 create mode 100644 charts/screenshots/T/T_1H_20260430_050553.png
 delete mode 100644 charts/screenshots/T/T_4H_20260429_050416.png
 create mode 100644 charts/screenshots/T/T_4H_20260430_050553.png
 delete mode 100644 charts/screenshots/T/T_Daily_20260429_050416.png
 create mode 100644 charts/screenshots/T/T_Daily_20260430_050553.png
 delete mode 100644 charts/screenshots/T/T_Monthly_20260429_050416.png
 create mode 100644 charts/screenshots/T/T_Monthly_20260430_050553.png
 delete mode 100644 charts/screenshots/T/T_Weekly_20260429_050416.png
 create mode 100644 charts/screenshots/T/T_Weekly_20260430_050553.png
 delete mode 100644 charts/screenshots/TER/TER_1H_20260429_043723.png
 create mode 100644 charts/screenshots/TER/TER_1H_20260430_044351.png
 delete mode 100644 charts/screenshots/TER/TER_4H_20260429_043723.png
 create mode 100644 charts/screenshots/TER/TER_4H_20260430_044351.png
 delete mode 100644 charts/screenshots/TER/TER_Daily_20260429_043723.png
 create mode 100644 charts/screenshots/TER/TER_Daily_20260430_044351.png
 delete mode 100644 charts/screenshots/TER/TER_Monthly_20260429_043723.png
 create mode 100644 charts/screenshots/TER/TER_Monthly_20260430_044351.png
 delete mode 100644 charts/screenshots/TER/TER_Weekly_20260429_043723.png
 create mode 100644 charts/screenshots/TER/TER_Weekly_20260430_044351.png
 delete mode 100644 charts/screenshots/TJX/TJX_1H_20260429_050656.png
 create mode 100644 charts/screenshots/TJX/TJX_1H_20260430_045902.png
 delete mode 100644 charts/screenshots/TJX/TJX_4H_20260429_050656.png
 create mode 100644 charts/screenshots/TJX/TJX_4H_20260430_045902.png
 delete mode 100644 charts/screenshots/TJX/TJX_Daily_20260429_050656.png
 create mode 100644 charts/screenshots/TJX/TJX_Daily_20260430_045902.png
 delete mode 100644 charts/screenshots/TJX/TJX_Monthly_20260429_050656.png
 create mode 100644 charts/screenshots/TJX/TJX_Monthly_20260430_045902.png
 delete mode 100644 charts/screenshots/TJX/TJX_Weekly_20260429_050656.png
 create mode 100644 charts/screenshots/TJX/TJX_Weekly_20260430_045902.png
 delete mode 100644 charts/screenshots/TMO/TMO_1H_20260429_050547.png
 delete mode 100644 charts/screenshots/TMO/TMO_4H_20260429_050547.png
 delete mode 100644 charts/screenshots/TMO/TMO_Daily_20260429_050547.png
 delete mode 100644 charts/screenshots/TMO/TMO_Monthly_20260429_050547.png
 delete mode 100644 charts/screenshots/TMO/TMO_Weekly_20260429_050547.png
 delete mode 100644 charts/screenshots/TMUS/TMUS_1H_20260429_050855.png
 delete mode 100644 charts/screenshots/TMUS/TMUS_4H_20260429_050855.png
 delete mode 100644 charts/screenshots/TMUS/TMUS_Daily_20260429_050855.png
 delete mode 100644 charts/screenshots/TMUS/TMUS_Monthly_20260429_050855.png
 delete mode 100644 charts/screenshots/TMUS/TMUS_Weekly_20260429_050855.png
 delete mode 100644 charts/screenshots/TXN/TXN_1H_20260429_043857.png
 create mode 100644 charts/screenshots/TXN/TXN_1H_20260430_044054.png
 delete mode 100644 charts/screenshots/TXN/TXN_4H_20260429_043857.png
 create mode 100644 charts/screenshots/TXN/TXN_4H_20260430_044054.png
 delete mode 100644 charts/screenshots/TXN/TXN_Daily_20260429_043857.png
 create mode 100644 charts/screenshots/TXN/TXN_Daily_20260430_044054.png
 delete mode 100644 charts/screenshots/TXN/TXN_Monthly_20260429_043857.png
 create mode 100644 charts/screenshots/TXN/TXN_Monthly_20260430_044054.png
 delete mode 100644 charts/screenshots/TXN/TXN_Weekly_20260429_043857.png
 create mode 100644 charts/screenshots/TXN/TXN_Weekly_20260430_044054.png
 delete mode 100644 charts/screenshots/UAL/UAL_1H_20260429_050517.png
 create mode 100644 charts/screenshots/UAL/UAL_1H_20260430_050622.png
 delete mode 100644 charts/screenshots/UAL/UAL_4H_20260429_050517.png
 create mode 100644 charts/screenshots/UAL/UAL_4H_20260430_050622.png
 delete mode 100644 charts/screenshots/UAL/UAL_Daily_20260429_050517.png
 create mode 100644 charts/screenshots/UAL/UAL_Daily_20260430_050622.png
 delete mode 100644 charts/screenshots/UAL/UAL_Monthly_20260429_050517.png
 create mode 100644 charts/screenshots/UAL/UAL_Monthly_20260430_050622.png
 delete mode 100644 charts/screenshots/UAL/UAL_Weekly_20260429_050517.png
 create mode 100644 charts/screenshots/UAL/UAL_Weekly_20260430_050622.png
 delete mode 100644 charts/screenshots/UNH/UNH_1H_20260429_045332.png
 create mode 100644 charts/screenshots/UNH/UNH_1H_20260430_045044.png
 delete mode 100644 charts/screenshots/UNH/UNH_4H_20260429_045332.png
 create mode 100644 charts/screenshots/UNH/UNH_4H_20260430_045044.png
 delete mode 100644 charts/screenshots/UNH/UNH_Daily_20260429_045332.png
 create mode 100644 charts/screenshots/UNH/UNH_Daily_20260430_045044.png
 delete mode 100644 charts/screenshots/UNH/UNH_Monthly_20260429_045332.png
 create mode 100644 charts/screenshots/UNH/UNH_Monthly_20260430_045044.png
 delete mode 100644 charts/screenshots/UNH/UNH_Weekly_20260429_045332.png
 create mode 100644 charts/screenshots/UNH/UNH_Weekly_20260430_045044.png
 delete mode 100644 charts/screenshots/UNP/UNP_1H_20260429_044155.png
 create mode 100644 charts/screenshots/UNP/UNP_1H_20260430_044646.png
 delete mode 100644 charts/screenshots/UNP/UNP_4H_20260429_044155.png
 create mode 100644 charts/screenshots/UNP/UNP_4H_20260430_044646.png
 delete mode 100644 charts/screenshots/UNP/UNP_Daily_20260429_044155.png
 create mode 100644 charts/screenshots/UNP/UNP_Daily_20260430_044646.png
 delete mode 100644 charts/screenshots/UNP/UNP_Monthly_20260429_044155.png
 create mode 100644 charts/screenshots/UNP/UNP_Monthly_20260430_044646.png
 delete mode 100644 charts/screenshots/UNP/UNP_Weekly_20260429_044155.png
 create mode 100644 charts/screenshots/UNP/UNP_Weekly_20260430_044646.png
 delete mode 100644 charts/screenshots/VLO/VLO_1H_20260429_045737.png
 create mode 100644 charts/screenshots/VLO/VLO_1H_20260430_045511.png
 delete mode 100644 charts/screenshots/VLO/VLO_4H_20260429_045737.png
 create mode 100644 charts/screenshots/VLO/VLO_4H_20260430_045511.png
 delete mode 100644 charts/screenshots/VLO/VLO_Daily_20260429_045737.png
 create mode 100644 charts/screenshots/VLO/VLO_Daily_20260430_045511.png
 delete mode 100644 charts/screenshots/VLO/VLO_Monthly_20260429_045737.png
 create mode 100644 charts/screenshots/VLO/VLO_Monthly_20260430_045511.png
 delete mode 100644 charts/screenshots/VLO/VLO_Weekly_20260429_045737.png
 create mode 100644 charts/screenshots/VLO/VLO_Weekly_20260430_045511.png
 delete mode 100644 charts/screenshots/VZ/VZ_1H_20260429_050346.png
 create mode 100644 charts/screenshots/VZ/VZ_1H_20260430_050454.png
 delete mode 100644 charts/screenshots/VZ/VZ_4H_20260429_050346.png
 create mode 100644 charts/screenshots/VZ/VZ_4H_20260430_050454.png
 delete mode 100644 charts/screenshots/VZ/VZ_Daily_20260429_050346.png
 create mode 100644 charts/screenshots/VZ/VZ_Daily_20260430_050454.png
 delete mode 100644 charts/screenshots/VZ/VZ_Monthly_20260429_050346.png
 create mode 100644 charts/screenshots/VZ/VZ_Monthly_20260430_050454.png
 delete mode 100644 charts/screenshots/VZ/VZ_Weekly_20260429_050346.png
 create mode 100644 charts/screenshots/VZ/VZ_Weekly_20260430_050454.png
 delete mode 100644 charts/screenshots/WDC/WDC_1H_20260429_044531.png
 create mode 100644 charts/screenshots/WDC/WDC_1H_20260430_043726.png
 delete mode 100644 charts/screenshots/WDC/WDC_4H_20260429_044531.png
 create mode 100644 charts/screenshots/WDC/WDC_4H_20260430_043726.png
 delete mode 100644 charts/screenshots/WDC/WDC_Daily_20260429_044531.png
 create mode 100644 charts/screenshots/WDC/WDC_Daily_20260430_043726.png
 delete mode 100644 charts/screenshots/WDC/WDC_Monthly_20260429_044531.png
 create mode 100644 charts/screenshots/WDC/WDC_Monthly_20260430_043726.png
 delete mode 100644 charts/screenshots/WDC/WDC_Weekly_20260429_044531.png
 create mode 100644 charts/screenshots/WDC/WDC_Weekly_20260430_043726.png
 delete mode 100644 charts/screenshots/WMT/WMT_1H_20260429_045706.png
 create mode 100644 charts/screenshots/WMT/WMT_1H_20260430_045541.png
 delete mode 100644 charts/screenshots/WMT/WMT_4H_20260429_045706.png
 create mode 100644 charts/screenshots/WMT/WMT_4H_20260430_045541.png
 delete mode 100644 charts/screenshots/WMT/WMT_Daily_20260429_045706.png
 create mode 100644 charts/screenshots/WMT/WMT_Daily_20260430_045541.png
 delete mode 100644 charts/screenshots/WMT/WMT_Monthly_20260429_045706.png
 create mode 100644 charts/screenshots/WMT/WMT_Monthly_20260430_045541.png
 delete mode 100644 charts/screenshots/WMT/WMT_Weekly_20260429_045706.png
 create mode 100644 charts/screenshots/WMT/WMT_Weekly_20260430_045541.png
[[SP500 차트분석]] GitHub 푸시 완료
[[SP500 차트분석]] Google Sheets 업데이트 완료
[Paper Trading] SP500 ranked_df 스냅샷 저장 완료 (130개 종목)

[요약] 파이프라인 완료 – 총 2825.3초 (47.09분) 소요
